C51 COMPILER V9.60.7.0   BLUETOOTH_IC_HANDLE                                               03/28/2026 15:57:27 PAGE 1   


C51 COMPILER V9.60.7.0, COMPILATION OF MODULE BLUETOOTH_IC_HANDLE
OBJECT MODULE PLACED IN .\Release\Objects\bluetooth_ic_handle.obj
COMPILER INVOKED BY: C:\Keil_v5\C51\BIN\C51.EXE ..\..\User\bluetooth_ic_handle.c LARGE OPTIMIZE(9,SIZE) BROWSE ORDER INT
                    -VECTOR(0X000C) INCDIR(..\..\Libraries\Include;..\..\User;..\..\driver_on_chip) INTERVAL(3) DEBUG OBJECTEXTEND PRINT(.\Re
                    -lease\Listings\bluetooth_ic_handle.lst) OBJECT(.\Release\Objects\bluetooth_ic_handle.obj)

line level    source

   1          #include "bluetooth_ic_handle.h"
   2          #include "user_config.h"
   3          #include "uart0.h"
   4          
   5          volatile bluetooth_ic_t ble_ic;
   6          
   7          void bluetooth_ic_handle_init(void)
   8          {
   9   1          // 连接到蓝牙ic的 power key，蓝牙开机时输出低电平，蓝牙关机之后输出高电平
  10   1          P2_MD0 &= ~GPIO_P23_MODE_SEL(0x03);
  11   1          P2_MD0 |= GPIO_P23_MODE_SEL(0x01);
  12   1          FOUT_S23 = GPIO_FOUT_AF_FUNC;
  13   1          P23 = 1; // 默认高电平，不打开蓝牙
  14   1      
  15   1          ble_ic.music_status = BLUETOOTH_IC_STATUS_PAUSE_MUSIC;
  16   1          // ble_ic.connect_status = BLUETOOTH_IC_STATUS_DISCONNECT;
  17   1          // ble_ic.is_amp_off = 0;
  18   1          ble_ic.is_working = 0;
  19   1      }


MODULE INFORMATION:   STATIC OVERLAYABLE
   CODE SIZE        =     26    ----
   CONSTANT SIZE    =   ----    ----
   XDATA SIZE       =      2    ----
   PDATA SIZE       =   ----    ----
   DATA SIZE        =   ----    ----
   IDATA SIZE       =   ----    ----
   BIT SIZE         =   ----    ----
END OF MODULE INFORMATION.


C51 COMPILATION COMPLETE.  0 WARNING(S),  0 ERROR(S)
