BL51 BANKED LINKER/LOCATER V6.22.4.0                                                    04/03/2026  18:03:18  PAGE 1


BL51 BANKED LINKER/LOCATER V6.22.4.0, INVOKED BY:
C:\KEIL_V5\C51\BIN\BL51.EXE .\Release\Objects\STARTUP.obj, .\Release\Objects\system.obj, .\Release\Objects\adc.obj, .\Re
>> lease\Objects\pwm.obj, .\Release\Objects\timer0.obj, .\Release\Objects\timer1.obj, .\Release\Objects\uart0.obj, .\Rel
>> ease\Objects\main.obj, .\Release\Objects\uart_data_handle.obj, .\Release\Objects\key_driver.obj, .\Release\Objects\ad
>> _key.obj, .\Release\Objects\user_test.obj, .\Release\Objects\led.obj, .\Release\Objects\battery_monitor.obj, .\Releas
>> e\Objects\bluetooth_ic_handle.obj, .\Release\Objects\charge_det.obj, .\Release\Objects\low_power.obj TO .\Release\Obj
>> ects\Demo PRINT (.\Release\Listings\Demo.m51) RAMSIZE (256) CODE (0X0000-0X3EEF) XDATA (0X6000-0X66FF)


MEMORY MODEL: LARGE


INPUT MODULES INCLUDED:
  .\Release\Objects\STARTUP.obj (?C_STARTUP)
  .\Release\Objects\system.obj (SYSTEM)
  .\Release\Objects\adc.obj (ADC)
  .\Release\Objects\pwm.obj (PWM)
  .\Release\Objects\timer0.obj (TIMER0)
  .\Release\Objects\timer1.obj (TIMER1)
  .\Release\Objects\uart0.obj (UART0)
  .\Release\Objects\main.obj (MAIN)
  .\Release\Objects\uart_data_handle.obj (UART_DATA_HANDLE)
  .\Release\Objects\key_driver.obj (KEY_DRIVER)
  .\Release\Objects\ad_key.obj (AD_KEY)
  .\Release\Objects\user_test.obj (USER_TEST)
  .\Release\Objects\led.obj (LED)
  .\Release\Objects\battery_monitor.obj (BATTERY_MONITOR)
  .\Release\Objects\bluetooth_ic_handle.obj (BLUETOOTH_IC_HANDLE)
  .\Release\Objects\charge_det.obj (CHARGE_DET)
  .\Release\Objects\low_power.obj (LOW_POWER)
  C:\KEIL_V5\C51\LIB\C51L.LIB (?C_INIT)
  C:\KEIL_V5\C51\LIB\C51L.LIB (?C?COPY)
  C:\KEIL_V5\C51\LIB\C51L.LIB (?C?CLDPTR)
  C:\KEIL_V5\C51\LIB\C51L.LIB (?C?CLDOPTR)
  C:\KEIL_V5\C51\LIB\C51L.LIB (?C?CILDOPTR)
  C:\KEIL_V5\C51\LIB\C51L.LIB (?C?CSTOPTR)
  C:\KEIL_V5\C51\LIB\C51L.LIB (?C?UIDIV)
  C:\KEIL_V5\C51\LIB\C51L.LIB (?C?IILDX)
  C:\KEIL_V5\C51\LIB\C51L.LIB (?C?LADD)
  C:\KEIL_V5\C51\LIB\C51L.LIB (?C?ULDIV)
  C:\KEIL_V5\C51\LIB\C51L.LIB (?C?SLCMP)
  C:\KEIL_V5\C51\LIB\C51L.LIB (?C?ULCMP)
  C:\KEIL_V5\C51\LIB\C51L.LIB (?C?LLDXDATA)
  C:\KEIL_V5\C51\LIB\C51L.LIB (?C?LLDXDATA0)
  C:\KEIL_V5\C51\LIB\C51L.LIB (?C?LSTXDATA)
  C:\KEIL_V5\C51\LIB\C51L.LIB (?C?LSTKXDATA)
  C:\KEIL_V5\C51\LIB\C51L.LIB (?C?PLDXDATA)
  C:\KEIL_V5\C51\LIB\C51L.LIB (?C?PSTXDATA)
  C:\KEIL_V5\C51\LIB\C51L.LIB (?C?PLDOPTR)
  C:\KEIL_V5\C51\LIB\C51L.LIB (?C?CCASE)
  C:\KEIL_V5\C51\LIB\C51L.LIB (?C?ICALL)
  C:\KEIL_V5\C51\LIB\C51L.LIB (?C?LIMUL)
  C:\KEIL_V5\C51\LIB\C51L.LIB (?C?MEMSET)
  C:\KEIL_V5\C51\LIB\C51L.LIB (?C?PLDIDATA)
  C:\KEIL_V5\C51\LIB\C51L.LIB (?C?PLDPDATA)
  C:\KEIL_V5\C51\LIB\C51L.LIB (?C?PLDCODE)


BL51 BANKED LINKER/LOCATER V6.22.4.0                                                  04/03/2026  18:03:18  PAGE 2


LINK MAP OF MODULE:  .\Release\Objects\Demo (?C_STARTUP)


            TYPE    BASE      LENGTH    RELOCATION   SEGMENT NAME
            -----------------------------------------------------

            * * * * * * *   D A T A   M E M O R Y   * * * * * * *
            REG     0000H     0008H     ABSOLUTE     "REG BANK 0"
                    0008H     0018H                  *** GAP ***
            BIT     0020H.0   0000H.3   UNIT         ?BI?ADC
                    0020H.3   0000H.5                *** GAP ***
            IDATA   0021H     0001H     UNIT         ?STACK

            * * * * * * *  X D A T A   M E M O R Y  * * * * * * *
                    0000H     6000H                  *** GAP ***
            XDATA   6000H     0083H     UNIT         ?XD?UART0
            XDATA   6083H     0039H     UNIT         ?XD?AD_KEY
            XDATA   60BCH     0030H     UNIT         ?XD?BATTERY_MONITOR
            XDATA   60ECH     0016H     UNIT         _XDATA_GROUP_
            XDATA   6102H     0015H     UNIT         ?XD?CHARGE_DET
            XDATA   6117H     0011H     UNIT         ?XD?UART_DATA_HANDLE
            XDATA   6128H     0011H     UNIT         ?XD?LED
            XDATA   6139H     0007H     UNIT         ?XD?ADC
            XDATA   6140H     0004H     UNIT         ?XD?KEY_DRIVER
            XDATA   6144H     0004H     UNIT         ?XD?LOW_POWER
            XDATA   6148H     0002H     UNIT         ?XD?BLUETOOTH_IC_HANDLE

            * * * * * * *   C O D E   M E M O R Y   * * * * * * *
            CODE    0000H     0003H     ABSOLUTE     
            CODE    0003H     000CH     ABSOLUTE     
            CODE    000FH     000FH     UNIT         ?PR?UART_RECEIVER_TIMEOUT_ADD?UART_DATA_HANDLE
            CODE    001EH     0003H     ABSOLUTE     
            CODE    0021H     0003H     ABSOLUTE     
            CODE    0024H     001BH     UNIT         ?PR?TIMER0_INIT?TIMER0
            CODE    003FH     0003H     ABSOLUTE     
            CODE    0042H     0003H     ABSOLUTE     
            CODE    0045H     0006H     UNIT         ?PR?UART0_RXBUFFER_GET_COUNT?UART0
            CODE    004BH     0003H     ABSOLUTE     
            CODE    004EH     0438H     UNIT         ?C?LIB_CODE
            CODE    0486H     01E3H     UNIT         ?PR?BATTERY_MONITOR_HANDLE?BATTERY_MONITOR
            CODE    0669H     01A6H     UNIT         ?C_INITSEG
            CODE    080FH     01A1H     UNIT         ?PR?DETECT_1KHZ_SIGNAL_100US?CHARGE_DET
            CODE    09B0H     0193H     UNIT         ?PR?_KEY_DRIVER_SCAN?KEY_DRIVER
            CODE    0B43H     018DH     UNIT         ?PR?LED_BAT_INSTRUCTION_TIMER_CALLBACK?LED
            CODE    0CD0H     00F7H     UNIT         ?PR?LOW_POWER_IN?LOW_POWER
            CODE    0DC7H     00F0H     UNIT         ?PR?LED_RED_BLUE_FLASH_1MS_ISR?LED
            CODE    0EB7H     00CFH     UNIT         ?PR?SYSTEM_INIT?SYSTEM
            CODE    0F86H     00C5H     UNIT         ?PR?LOW_POWER_HANDLE?LOW_POWER
            CODE    104BH     00A5H     UNIT         ?PR?_UART_RECEIVER_PROCESS_BYTE?UART_DATA_HANDLE
            CODE    10F0H     00A5H     UNIT         ?PR?CHARGE_DET?CHARGE_DET
            CODE    1195H     008CH     UNIT         ?C_C51STARTUP
            CODE    1221H     008CH     UNIT         ?PR?LED
            CODE    12ADH     008BH     UNIT         ?PR?PWM_INIT?PWM
            CODE    1338H     0089H     UNIT         ?PR?AD_KEY_HANDLE?AD_KEY
            CODE    13C1H     007CH     UNIT         ?PR?LED_SLOW_ADJUST_ISR?LED
            CODE    143DH     0074H     UNIT         ?PR?UART_DATA_HANDLE?UART_DATA_HANDLE
            CODE    14B1H     0073H     UNIT         ?PR?ADC_IRQHANDLER?ADC
BL51 BANKED LINKER/LOCATER V6.22.4.0                                                  04/03/2026  18:03:18  PAGE 3


            CODE    1524H     0070H     UNIT         ?PR?_LED_STATUS_SET?LED
            CODE    1594H     0066H     UNIT         ?PR?TIMR0_IRQHANDLER?TIMER0
            CODE    15FAH     005DH     UNIT         ?PR?ADC_SCAN?ADC
            CODE    1657H     0054H     UNIT         ?PR?BATTERY_MONITOR
            CODE    16ABH     004EH     UNIT         ?PR?LED_INIT?LED
            CODE    16F9H     004DH     UNIT         ?PR?MAIN?MAIN
            CODE    1746H     004CH     UNIT         ?PR?_AD_KEY_VAL_TO_AD_KEY_INDEX?AD_KEY
            CODE    1792H     004AH     UNIT         ?PR?_AD_KEY_GET_EVENT?AD_KEY
            CODE    17DCH     0048H     UNIT         ?PR?_GET_BATTERY_PERCENTAGE_BY_VOLTAGE?BATTERY_MONITOR
            CODE    1824H     0046H     UNIT         ?PR?BAT_VOL_HISTORY_BUFF_GET_AVG?BATTERY_MONITOR
            CODE    186AH     0045H     UNIT         ?PR?TIMR1_IRQHANDLER?TIMER1
            CODE    18AFH     0045H     UNIT         ?PR?_UART_DATA_SEND_CMD?UART_DATA_HANDLE
            CODE    18F4H     0045H     UNIT         ?PR?LOW_POWER_OUT?LOW_POWER
            CODE    1939H     0041H     UNIT         ?PR?_GET_BATTERY_VOLTAGE_BY_ADC?BATTERY_MONITOR
            CODE    197AH     003CH     UNIT         ?PR?_ADC_CHANNEL_SEL?ADC
            CODE    19B6H     0039H     UNIT         ?PR?BAT_VOL_UPDATE_TIMER_CALLBACK?BATTERY_MONITOR
            CODE    19EFH     0035H     UNIT         ?PR?LOW_POWER_ENTER_TIMER_CALLBACK?LOW_POWER
            CODE    1A24H     0033H     UNIT         ?PR?AD_KEY_GET_KEY_VAL?AD_KEY
            CODE    1A57H     0031H     UNIT         ?PR?SEND_LOW_BAT_TIMER_CALLBACK?BATTERY_MONITOR
            CODE    1A88H     0031H     UNIT         ?PR?BAT_VOL_BUFF_GET_AVG_TIMER_CALLBACK?BATTERY_MONITOR
            CODE    1AB9H     0030H     UNIT         ?PR?BAT_VOL_BUFF_ADD_TIMER_CALLBACK?BATTERY_MONITOR
            CODE    1AE9H     002FH     UNIT         ?PR?_ADC_UPDATE_VAL?ADC
            CODE    1B18H     002FH     UNIT         ?PR?_BATTERY_MONITOR_REFRESH_BY_ADC_VAL?BATTERY_MONITOR
            CODE    1B47H     002AH     UNIT         ?PR?UART0_INIT?UART0
            CODE    1B71H     002AH     UNIT         ?PR?LED_STATUS_SWITCH?LED
            CODE    1B9BH     0026H     UNIT         ?PR?_ADC_GET_VAL?ADC
            CODE    1BC1H     0026H     UNIT         ?PR?UART0_IRQHANDLER?UART0
            CODE    1BE7H     0023H     UNIT         ?PR?_UART0_SENDBUF?UART0
            CODE    1C0AH     0022H     UNIT         ?PR?UART_RECEIVER_PROCESS_CHECKSUM?UART_DATA_HANDLE
            CODE    1C2CH     0022H     UNIT         ?PR?_BAT_VOL_HISTORY_BUFF_ADD?BATTERY_MONITOR
            CODE    1C4EH     0022H     UNIT         ?PR?CHARGE_DET
            CODE    1C70H     0021H     UNIT         ?PR?ADC
            CODE    1C91H     0021H     UNIT         ?PR?KEY_DRIVER
            CODE    1CB2H     001EH     UNIT         ?PR?_ADC_GET_UPDATE_FLAG?ADC
            CODE    1CD0H     001EH     UNIT         ?PR?USER_INIT?MAIN
            CODE    1CEEH     001DH     UNIT         ?PR?ADC_INIT?ADC
            CODE    1D0BH     001BH     UNIT         ?PR?TIMER1_INIT?TIMER1
            CODE    1D26H     001AH     UNIT         ?PR?ADC_GET_VAL_ONCE?ADC
            CODE    1D40H     001AH     UNIT         ?PR?BLUETOOTH_IC_HANDLE_INIT?BLUETOOTH_IC_HANDLE
            CODE    1D5AH     0019H     UNIT         ?PR?CHARGE_DET_INIT?CHARGE_DET
            CODE    1D73H     0018H     UNIT         ?PR?_DELAY_MS?SYSTEM
            CODE    1D8BH     0018H     UNIT         ?PR?_UART0_RXBUFFER_PUT_BYTE?UART0
            CODE    1DA3H     0018H     UNIT         ?PR?IS_LOW_POWER_CONDITION_ESTABLISH?LOW_POWER
            CODE    1DBBH     0018H     UNIT         ?PR?WUT_IRQHANDLER?LOW_POWER
            CODE    1DD3H     0017H     UNIT         ?PR?UART0_RXBUFFER_GET_BYTE?UART0
            CODE    1DEAH     0017H     UNIT         ?PR?UART_DATA_HANDLE
            CODE    1E01H     0016H     UNIT         ?PR?PWM
            CODE    1E17H     0016H     UNIT         ?PR?_BAT_VOL_HISTORY_BUFF_INIT?BATTERY_MONITOR
            CODE    1E2DH     0015H     UNIT         ?PR?_ADC_CLEAR_UPDATE_FLAG?ADC
            CODE    1E42H     0015H     UNIT         ?PR?UART_RECEIVER_RESET?UART_DATA_HANDLE
            CODE    1E57H     0015H     UNIT         ?PR?BLE_IC_ENABLE?BLUETOOTH_IC_HANDLE
            CODE    1E6CH     0013H     UNIT         ?PR?UART_RECEIVER_TIMEOUT_HANDLER?UART_DATA_HANDLE
            CODE    1E7FH     0012H     UNIT         ?PR?ADC_INIT_WHEN_LOW_PWR_OUT?ADC
            CODE    1E91H     0010H     UNIT         ?PR?UART0
            CODE    1EA1H     000FH     UNIT         ?PR?AD_KEY
            CODE    1EB0H     000FH     UNIT         ?PR?LED_CTL_INIT?LED
            CODE    1EBFH     000EH     UNIT         ?PR?LED_YELLOW_ON?LED
BL51 BANKED LINKER/LOCATER V6.22.4.0                                                  04/03/2026  18:03:18  PAGE 4


            CODE    1ECDH     000EH     UNIT         ?PR?LED_WHITE_ON?LED
            CODE    1EDBH     000DH     UNIT         ?PR?ADC_PIN_INIT?ADC
            CODE    1EE8H     000DH     UNIT         ?PR?_UART0_SENDBYTE?UART0
            CODE    1EF5H     000BH     UNIT         ?PR?_DELAY?SYSTEM
            CODE    1F00H     0009H     UNIT         ?PR?_PWM_SET_CHANNEL_0_DUTY?PWM
            CODE    1F09H     0009H     UNIT         ?PR?_PWM_SET_CHANNEL_1_DUTY?PWM
            CODE    1F12H     0008H     UNIT         ?CO?UART_DATA_HANDLE
            CODE    1F1AH     0008H     UNIT         ?PR?LED_YELLOW_OFF?LED
            CODE    1F22H     0008H     UNIT         ?PR?LED_WHITE_OFF?LED
            CODE    1F2AH     0008H     UNIT         ?PR?BLE_IC_DISABLE_POST?BLUETOOTH_IC_HANDLE
            CODE    1F32H     0005H     UNIT         ?PR?BLE_IC_DISABLE_PRE?BLUETOOTH_IC_HANDLE



OVERLAY MAP OF MODULE:   .\Release\Objects\Demo (?C_STARTUP)


SEGMENT                                            XDATA_GROUP
  +--> CALLED SEGMENT                            START    LENGTH
----------------------------------------------------------------
?C_C51STARTUP                                    -----    -----
  +--> ?PR?MAIN?MAIN
  +--> ?C_INITSEG

?PR?MAIN?MAIN                                    -----    -----
  +--> ?PR?SYSTEM_INIT?SYSTEM
  +--> ?PR?USER_INIT?MAIN
  +--> ?PR?_DELAY_MS?SYSTEM
  +--> ?PR?_KEY_DRIVER_SCAN?KEY_DRIVER
  +--> ?PR?AD_KEY_HANDLE?AD_KEY
  +--> ?PR?UART_DATA_HANDLE?UART_DATA_HANDLE
  +--> ?PR?BATTERY_MONITOR_HANDLE?BATTERY_MO...
  +--> ?PR?CHARGE_DET?CHARGE_DET
  +--> ?PR?LOW_POWER_HANDLE?LOW_POWER

?PR?SYSTEM_INIT?SYSTEM                           -----    -----
  +--> ?PR?_DELAY?SYSTEM
  +--> ?PR?_DELAY_MS?SYSTEM

?PR?_DELAY_MS?SYSTEM                             -----    -----
  +--> ?PR?_DELAY?SYSTEM

?PR?USER_INIT?MAIN                               -----    -----
  +--> ?PR?ADC_PIN_INIT?ADC
  +--> ?PR?ADC_INIT?ADC
  +--> ?PR?LED_INIT?LED
  +--> ?PR?UART0_INIT?UART0
  +--> ?PR?PWM_INIT?PWM
  +--> ?PR?BLUETOOTH_IC_HANDLE_INIT?BLUETOOT...
  +--> ?PR?LED_CTL_INIT?LED
  +--> ?PR?CHARGE_DET_INIT?CHARGE_DET
  +--> ?PR?TIMER0_INIT?TIMER0
  +--> ?PR?TIMER1_INIT?TIMER1

?PR?ADC_INIT?ADC                                 -----    -----
  +--> ?PR?_DELAY_MS?SYSTEM

BL51 BANKED LINKER/LOCATER V6.22.4.0                                                  04/03/2026  18:03:18  PAGE 5


?PR?LED_INIT?LED                                 -----    -----
  +--> ?PR?LED

?PR?PWM_INIT?PWM                                 -----    -----
  +--> ?PR?PWM

?PR?_KEY_DRIVER_SCAN?KEY_DRIVER                  60ECH    0002H
  +--> ?PR?KEY_DRIVER

?PR?AD_KEY_HANDLE?AD_KEY                         -----    -----
  +--> ?PR?_AD_KEY_GET_EVENT?AD_KEY
  +--> ?PR?LED_STATUS_SWITCH?LED
  +--> ?PR?_UART_DATA_SEND_CMD?UART_DATA_HANDLE
  +--> ?PR?BLE_IC_DISABLE_PRE?BLUETOOTH_IC_H...
  +--> ?PR?BLE_IC_ENABLE?BLUETOOTH_IC_HANDLE

?PR?_AD_KEY_GET_EVENT?AD_KEY                     -----    -----
  +--> ?PR?AD_KEY

?PR?LED_STATUS_SWITCH?LED                        -----    -----
  +--> ?PR?_LED_STATUS_SET?LED

?PR?_LED_STATUS_SET?LED                          60F0H    0001H
  +--> ?PR?LED_YELLOW_OFF?LED
  +--> ?PR?LED_WHITE_OFF?LED
  +--> ?PR?LED_WHITE_ON?LED
  +--> ?PR?LED_YELLOW_ON?LED

?PR?LED_WHITE_ON?LED                             -----    -----
  +--> ?PR?_PWM_SET_CHANNEL_1_DUTY?PWM

?PR?_PWM_SET_CHANNEL_1_DUTY?PWM                  -----    -----
  +--> ?PR?PWM

?PR?LED_YELLOW_ON?LED                            -----    -----
  +--> ?PR?_PWM_SET_CHANNEL_0_DUTY?PWM

?PR?_PWM_SET_CHANNEL_0_DUTY?PWM                  -----    -----
  +--> ?PR?PWM

?PR?_UART_DATA_SEND_CMD?UART_DATA_HANDLE         60F0H    0009H
  +--> ?CO?UART_DATA_HANDLE
  +--> ?PR?_UART0_SENDBUF?UART0

?PR?_UART0_SENDBUF?UART0                         60F9H    0003H
  +--> ?PR?_UART0_SENDBYTE?UART0

?PR?BLE_IC_DISABLE_PRE?BLUETOOTH_IC_H...         -----    -----
  +--> ?PR?_UART_DATA_SEND_CMD?UART_DATA_HANDLE

?PR?BLE_IC_ENABLE?BLUETOOTH_IC_HANDLE            -----    -----
  +--> ?PR?_DELAY_MS?SYSTEM
  +--> ?PR?_UART_DATA_SEND_CMD?UART_DATA_HANDLE

?PR?UART_DATA_HANDLE?UART_DATA_HANDLE            -----    -----
  +--> ?PR?UART_RECEIVER_RESET?UART_DATA_HANDLE
  +--> ?PR?UART_RECEIVER_TIMEOUT_HANDLER?UAR...
BL51 BANKED LINKER/LOCATER V6.22.4.0                                                  04/03/2026  18:03:18  PAGE 6


  +--> ?PR?UART0_RXBUFFER_GET_COUNT?UART0
  +--> ?PR?UART0_RXBUFFER_GET_BYTE?UART0
  +--> ?PR?_UART_RECEIVER_PROCESS_BYTE?UART_...
  +--> ?PR?BLE_IC_DISABLE_POST?BLUETOOTH_IC_...

?PR?UART_RECEIVER_TIMEOUT_HANDLER?UAR...         -----    -----
  +--> ?PR?UART_RECEIVER_RESET?UART_DATA_HANDLE

?PR?UART0_RXBUFFER_GET_BYTE?UART0                -----    -----
  +--> ?PR?UART0

?PR?_UART_RECEIVER_PROCESS_BYTE?UART_...         -----    -----
  +--> ?PR?UART_DATA_HANDLE
  +--> ?PR?UART_RECEIVER_PROCESS_CHECKSUM?UA...

?PR?BATTERY_MONITOR_HANDLE?BATTERY_MO...         60ECH    0004H
  +--> ?PR?_ADC_GET_UPDATE_FLAG?ADC
  +--> ?PR?_ADC_CLEAR_UPDATE_FLAG?ADC
  +--> ?PR?_ADC_GET_VAL?ADC
  +--> ?PR?_GET_BATTERY_VOLTAGE_BY_ADC?BATTE...
  +--> ?PR?BATTERY_MONITOR
  +--> ?PR?_BAT_VOL_HISTORY_BUFF_INIT?BATTER...
  +--> ?PR?_GET_BATTERY_PERCENTAGE_BY_VOLTAG...
  +--> ?PR?_BAT_VOL_HISTORY_BUFF_ADD?BATTERY...
  +--> ?PR?_LED_STATUS_SET?LED
  +--> ?PR?_UART_DATA_SEND_CMD?UART_DATA_HANDLE
  +--> ?PR?_DELAY_MS?SYSTEM
  +--> ?PR?BLE_IC_DISABLE_PRE?BLUETOOTH_IC_H...
  +--> ?PR?BLE_IC_ENABLE?BLUETOOTH_IC_HANDLE
  +--> ?PR?BAT_VOL_HISTORY_BUFF_GET_AVG?BATT...

?PR?_BAT_VOL_HISTORY_BUFF_INIT?BATTER...         -----    -----
  +--> ?PR?BATTERY_MONITOR

?PR?_GET_BATTERY_PERCENTAGE_BY_VOLTAG...         60F0H    0004H

?PR?_BAT_VOL_HISTORY_BUFF_ADD?BATTERY...         -----    -----
  +--> ?PR?BATTERY_MONITOR

?PR?BAT_VOL_HISTORY_BUFF_GET_AVG?BATT...         60F0H    0005H
  +--> ?PR?BATTERY_MONITOR

?PR?CHARGE_DET?CHARGE_DET                        60ECH    0002H
  +--> ?PR?_ADC_GET_UPDATE_FLAG?ADC
  +--> ?PR?_ADC_CLEAR_UPDATE_FLAG?ADC
  +--> ?PR?_ADC_GET_VAL?ADC
  +--> ?PR?_LED_STATUS_SET?LED
  +--> ?PR?BLE_IC_DISABLE_PRE?BLUETOOTH_IC_H...
  +--> ?PR?_DELAY_MS?SYSTEM

?PR?LOW_POWER_HANDLE?LOW_POWER                   60ECH    0003H
  +--> ?PR?LOW_POWER_IN?LOW_POWER
  +--> ?PR?LOW_POWER_OUT?LOW_POWER
  +--> ?PR?ADC_PIN_INIT?ADC
  +--> ?PR?ADC_INIT_WHEN_LOW_PWR_OUT?ADC
  +--> ?PR?_ADC_CHANNEL_SEL?ADC
  +--> ?PR?_DELAY_MS?SYSTEM
BL51 BANKED LINKER/LOCATER V6.22.4.0                                                  04/03/2026  18:03:18  PAGE 7


  +--> ?PR?ADC_GET_VAL_ONCE?ADC
  +--> ?PR?_BATTERY_MONITOR_REFRESH_BY_ADC_V...
  +--> ?PR?USER_INIT?MAIN

?PR?LOW_POWER_IN?LOW_POWER                       -----    -----
  +--> ?PR?_DELAY_MS?SYSTEM

?PR?ADC_GET_VAL_ONCE?ADC                         -----    -----
  +--> ?PR?ADC

?PR?ADC                                          -----    -----
  +--> ?PR?_ADC_CHANNEL_SEL?ADC

?PR?_BATTERY_MONITOR_REFRESH_BY_ADC_V...         -----    -----
  +--> ?PR?_GET_BATTERY_VOLTAGE_BY_ADC?BATTE...
  +--> ?PR?BATTERY_MONITOR
  +--> ?PR?_BAT_VOL_HISTORY_BUFF_INIT?BATTER...
  +--> ?PR?_GET_BATTERY_PERCENTAGE_BY_VOLTAG...

?C_INITSEG                                       -----    -----
  +--> ?PR?AD_KEY_GET_KEY_VAL?AD_KEY

?PR?AD_KEY_GET_KEY_VAL?AD_KEY                    60ECH    0001H
  +--> ?PR?_ADC_GET_UPDATE_FLAG?ADC
  +--> ?PR?_ADC_CLEAR_UPDATE_FLAG?ADC
  +--> ?PR?_ADC_GET_VAL?ADC
  +--> ?PR?_AD_KEY_VAL_TO_AD_KEY_INDEX?AD_KEY

?PR?_AD_KEY_VAL_TO_AD_KEY_INDEX?AD_KEY           60EDH    0002H

*** NEW ROOT ***************************************************

?PR?ADC_IRQHANDLER?ADC                           60FCH    0002H
  +--> ?PR?ADC
  +--> ?PR?_ADC_UPDATE_VAL?ADC

*** NEW ROOT ***************************************************

?PR?TIMR0_IRQHANDLER?TIMER0                      -----    -----
  +--> ?PR?ADC_SCAN?ADC
  +--> ?PR?UART_RECEIVER_TIMEOUT_ADD?UART_DA...
  +--> ?PR?BAT_VOL_UPDATE_TIMER_CALLBACK?BAT...
  +--> ?PR?BAT_VOL_BUFF_ADD_TIMER_CALLBACK?B...
  +--> ?PR?BAT_VOL_BUFF_GET_AVG_TIMER_CALLBA...
  +--> ?PR?LED_SLOW_ADJUST_ISR?LED
  +--> ?PR?LED_RED_BLUE_FLASH_1MS_ISR?LED
  +--> ?PR?LED_BAT_INSTRUCTION_TIMER_CALLBAC...
  +--> ?PR?LOW_POWER_ENTER_TIMER_CALLBACK?LO...
  +--> ?PR?SEND_LOW_BAT_TIMER_CALLBACK?BATTE...

?PR?ADC_SCAN?ADC                                 -----    -----
  +--> ?PR?ADC

?PR?BAT_VOL_BUFF_ADD_TIMER_CALLBACK?B...         -----    -----
  +--> ?PR?BATTERY_MONITOR

?PR?BAT_VOL_BUFF_GET_AVG_TIMER_CALLBA...         -----    -----
BL51 BANKED LINKER/LOCATER V6.22.4.0                                                  04/03/2026  18:03:18  PAGE 8


  +--> ?PR?BATTERY_MONITOR

?PR?LED_SLOW_ADJUST_ISR?LED                      -----    -----
  +--> ?PR?LED
  +--> ?PR?_PWM_SET_CHANNEL_0_DUTY?PWM
  +--> ?PR?_PWM_SET_CHANNEL_1_DUTY?PWM

?PR?LED_RED_BLUE_FLASH_1MS_ISR?LED               60FEH    0002H
  +--> ?PR?LED

?PR?LED_BAT_INSTRUCTION_TIMER_CALLBAC...         -----    -----
  +--> ?PR?LED

?PR?LOW_POWER_ENTER_TIMER_CALLBACK?LO...         -----    -----
  +--> ?PR?IS_LOW_POWER_CONDITION_ESTABLISH?...

*** NEW ROOT ***************************************************

?PR?TIMR1_IRQHANDLER?TIMER1                      -----    -----
  +--> ?PR?DETECT_1KHZ_SIGNAL_100US?CHARGE_DET

?PR?DETECT_1KHZ_SIGNAL_100US?CHARGE_DET          6100H    0002H
  +--> ?PR?CHARGE_DET

*** NEW ROOT ***************************************************

?PR?UART0_IRQHANDLER?UART0                       -----    -----
  +--> ?PR?_UART0_RXBUFFER_PUT_BYTE?UART0

?PR?_UART0_RXBUFFER_PUT_BYTE?UART0               -----    -----
  +--> ?PR?UART0



SYMBOL TABLE OF MODULE:  .\Release\Objects\Demo (?C_STARTUP)

  VALUE           TYPE          NAME
  ----------------------------------

  -------         MODULE        ?C_STARTUP
  C:1195H         SEGMENT       ?C_C51STARTUP
  I:0021H         SEGMENT       ?STACK
  C:0000H         PUBLIC        ?C_STARTUP
  D:00E0H         SYMBOL        ACC
  D:00F0H         SYMBOL        B
  D:0083H         SYMBOL        DPH
  D:0082H         SYMBOL        DPL
  N:0000H         SYMBOL        IBPSTACK
  N:0100H         SYMBOL        IBPSTACKTOP
  N:0080H         SYMBOL        IDATALEN
  C:1198H         SYMBOL        IDATALOOP
  N:0000H         SYMBOL        PBPSTACK
  N:0100H         SYMBOL        PBPSTACKTOP
  N:0000H         SYMBOL        PDATALEN
  N:0000H         SYMBOL        PDATASTART
  N:0000H         SYMBOL        PPAGE
  N:0000H         SYMBOL        PPAGEENABLE
BL51 BANKED LINKER/LOCATER V6.22.4.0                                                  04/03/2026  18:03:18  PAGE 9


  D:00A0H         SYMBOL        PPAGE_SFR
  D:0081H         SYMBOL        SP
  C:1195H         SYMBOL        STARTUP1
  N:0000H         SYMBOL        XBPSTACK
  N:0000H         SYMBOL        XBPSTACKTOP
  N:0000H         SYMBOL        XDATALEN
  N:0000H         SYMBOL        XDATASTART
  C:0000H         LINE#         126
  C:1195H         LINE#         133
  C:1197H         LINE#         134
  C:1198H         LINE#         135
  C:1199H         LINE#         136
  C:119BH         LINE#         185
  C:119EH         LINE#         196
  -------         ENDMOD        ?C_STARTUP

  -------         MODULE        SYSTEM
  C:0000H         SYMBOL        _ICE_DUMMY_
  D:00A7H         PUBLIC        FLASH_TIMEREG0
  D:00ACH         PUBLIC        FLASH_TIMEREG1
  C:1EF5H         PUBLIC        _delay
  C:1D73H         PUBLIC        _delay_ms
  C:0EB7H         PUBLIC        system_init
  -------         PROC          _DELAY
  D:0006H         SYMBOL        cnt
  C:1EF5H         LINE#         37
  C:1EF5H         LINE#         38
  C:1EF5H         LINE#         39
  C:1EFFH         LINE#         40
  C:1EFFH         LINE#         41
  C:1EFFH         LINE#         42
  -------         ENDPROC       _DELAY
  -------         PROC          _DELAY_MS
  D:0002H         SYMBOL        ms
  C:1D73H         LINE#         49
  C:1D77H         LINE#         50
  C:1D77H         LINE#         51
  C:1D81H         LINE#         52
  C:1D81H         LINE#         53
  C:1D88H         LINE#         54
  C:1D8AH         LINE#         55
  -------         ENDPROC       _DELAY_MS
  -------         PROC          SYSTEM_INIT
  -------         DO            
  D:0007H         SYMBOL        i
  -------         ENDDO         
  C:0EB7H         LINE#         62
  C:0EB7H         LINE#         63
  C:0EB7H         LINE#         66
  C:0EBEH         LINE#         67
  C:0ECBH         LINE#         68
  C:0ECEH         LINE#         69
  C:0ED1H         LINE#         70
  C:0ED7H         LINE#         71
  C:0EDDH         LINE#         72
  C:0EE3H         LINE#         76
  C:0EE5H         LINE#         77
BL51 BANKED LINKER/LOCATER V6.22.4.0                                                  04/03/2026  18:03:18  PAGE 10


  C:0EE5H         LINE#         78
  C:0EF2H         LINE#         79
  C:0EF7H         LINE#         81
  C:0F85H         LINE#         82
  -------         ENDPROC       SYSTEM_INIT
  -------         ENDMOD        SYSTEM

  -------         MODULE        ADC
  C:0000H         SYMBOL        _ICE_DUMMY_
  D:00A8H         PUBLIC        IE0
  D:00A9H         PUBLIC        IE1
  D:00AAH         PUBLIC        IE2
  D:00ABH         PUBLIC        IE3
  B:00A8H.7       PUBLIC        IE_EA
  D:00B8H         PUBLIC        IP0
  D:00B1H         PUBLIC        IP1
  D:00B2H         PUBLIC        IP2
  D:00B3H         PUBLIC        IP3
  D:00B4H         PUBLIC        IP4
  D:00B5H         PUBLIC        IP5
  D:00B6H         PUBLIC        IP6
  D:00B7H         PUBLIC        IP7
  D:0093H         PUBLIC        ADC_DATAH0
  D:0094H         PUBLIC        ADC_DATAL0
  D:0099H         PUBLIC        ADC_CHS0
  X:6139H         PUBLIC        cur_adc_status
  C:1EDBH         PUBLIC        adc_pin_init
  C:1CEEH         PUBLIC        adc_init
  C:15FAH         PUBLIC        adc_scan
  C:1E7FH         PUBLIC        adc_init_when_low_pwr_out
  C:1AE9H         PUBLIC        _adc_update_val
  C:1B9BH         PUBLIC        _adc_get_val
  C:1CB2H         PUBLIC        _adc_get_update_flag
  C:1E2DH         PUBLIC        _adc_clear_update_flag
  C:197AH         PUBLIC        _adc_channel_sel
  C:1D26H         PUBLIC        adc_get_val_once
  X:613AH         SYMBOL        adc_adkey_val
  B:0020H.0       SYMBOL        flag_is_adkey_val_update
  X:613CH         SYMBOL        adc_bat_det_val
  B:0020H.1       SYMBOL        flag_is_adc_bat_det_val_update
  X:613EH         SYMBOL        adc_solar_det_val
  B:0020H.2       SYMBOL        flag_is_adc_solar_det_val_update
  C:14B1H         PUBLIC        ADC_IRQHandler
  C:1C70H         SYMBOL        Com0060
  C:1C70H         SYMBOL        L?0097
  C:1C70H         SYMBOL        L?0098
  C:1C79H         SYMBOL        L?0099
  C:1C79H         SYMBOL        L?0100
  C:1C80H         SYMBOL        L?0101
  C:1C8AH         SYMBOL        L?0102
  C:1C8AH         SYMBOL        L?0103
  -------         PROC          COM0060
  -------         ENDPROC       COM0060
  -------         PROC          ADC_PIN_INIT
  C:1EDBH         LINE#         17
  C:1EDBH         LINE#         18
  C:1EDBH         LINE#         20
BL51 BANKED LINKER/LOCATER V6.22.4.0                                                  04/03/2026  18:03:18  PAGE 11


  C:1EE1H         LINE#         23
  C:1EE7H         LINE#         24
  -------         ENDPROC       ADC_PIN_INIT
  -------         PROC          ADC_INIT
  C:1CEEH         LINE#         26
  C:1CEEH         LINE#         27
  C:1CEEH         LINE#         28
  C:1CF4H         LINE#         32
  C:1CF7H         LINE#         33
  C:1CF9H         LINE#         35
  C:1CFFH         LINE#         37
  C:1D04H         LINE#         40
  -------         ENDPROC       ADC_INIT
  -------         PROC          _ADC_UPDATE_VAL
  D:0007H         SYMBOL        adc_channel
  D:0004H         SYMBOL        adc_val
  C:1AE9H         LINE#         49
  C:1AE9H         LINE#         50
  C:1AE9H         LINE#         51
  C:1AF5H         LINE#         52
  C:1AF5H         LINE#         53
  C:1AF5H         LINE#         54
  C:1AFDH         LINE#         55
  C:1AFFH         LINE#         56
  C:1B00H         LINE#         57
  C:1B00H         LINE#         58
  C:1B08H         LINE#         59
  C:1B0AH         LINE#         60
  C:1B0BH         LINE#         61
  C:1B0BH         LINE#         62
  C:1B15H         LINE#         63
  C:1B17H         LINE#         64
  C:1B17H         LINE#         65
  C:1B17H         LINE#         66
  -------         ENDPROC       _ADC_UPDATE_VAL
  -------         PROC          _ADC_GET_VAL
  D:0007H         SYMBOL        adc_channel
  -------         DO            
  D:0004H         SYMBOL        ret
  -------         ENDDO         
  C:1B9BH         LINE#         68
  C:1B9BH         LINE#         69
  C:1B9BH         LINE#         70
  C:1B9EH         LINE#         71
  C:1BAAH         LINE#         72
  C:1BAAH         LINE#         73
  C:1BAAH         LINE#         74
  C:1BADH         LINE#         75
  C:1BAFH         LINE#         76
  C:1BAFH         LINE#         77
  C:1BB2H         LINE#         78
  C:1BB4H         LINE#         79
  C:1BB4H         LINE#         80
  C:1BBCH         LINE#         81
  C:1BBCH         LINE#         83
  C:1BBCH         LINE#         84
  C:1BBCH         LINE#         85
BL51 BANKED LINKER/LOCATER V6.22.4.0                                                  04/03/2026  18:03:18  PAGE 12


  C:1BBCH         LINE#         87
  C:1BC0H         LINE#         88
  -------         ENDPROC       _ADC_GET_VAL
  -------         PROC          _ADC_GET_UPDATE_FLAG
  D:0007H         SYMBOL        adc_channel
  -------         DO            
  D:0006H         SYMBOL        ret
  -------         ENDDO         
  C:1CB2H         LINE#         91
  C:1CB2H         LINE#         92
  C:1CB2H         LINE#         93
  C:1CB4H         LINE#         94
  C:1CC0H         LINE#         95
  C:1CC0H         LINE#         96
  C:1CC0H         LINE#         97
  C:1CC2H         LINE#         98
  C:1CC4H         LINE#         99
  C:1CC4H         LINE#         100
  C:1CC6H         LINE#         101
  C:1CC8H         LINE#         102
  C:1CC8H         LINE#         103
  C:1CCDH         LINE#         104
  C:1CCDH         LINE#         106
  C:1CCDH         LINE#         107
  C:1CCDH         LINE#         108
  C:1CCDH         LINE#         110
  C:1CCFH         LINE#         111
  -------         ENDPROC       _ADC_GET_UPDATE_FLAG
  -------         PROC          _ADC_CLEAR_UPDATE_FLAG
  D:0007H         SYMBOL        adc_channel
  C:1E2DH         LINE#         114
  C:1E2DH         LINE#         115
  C:1E2DH         LINE#         116
  C:1E39H         LINE#         117
  C:1E39H         LINE#         118
  C:1E39H         LINE#         119
  C:1E3BH         LINE#         120
  C:1E3CH         LINE#         121
  C:1E3CH         LINE#         122
  C:1E3EH         LINE#         123
  C:1E3FH         LINE#         124
  C:1E3FH         LINE#         125
  C:1E41H         LINE#         126
  C:1E41H         LINE#         128
  C:1E41H         LINE#         129
  C:1E41H         LINE#         130
  C:1E41H         LINE#         131
  -------         ENDPROC       _ADC_CLEAR_UPDATE_FLAG
  -------         PROC          _ADC_CHANNEL_SEL
  D:0007H         SYMBOL        adc_channel
  C:197AH         LINE#         133
  C:197AH         LINE#         134
  C:197AH         LINE#         135
  C:1981H         LINE#         139
  C:198DH         LINE#         140
  C:198DH         LINE#         141
  C:198DH         LINE#         143
BL51 BANKED LINKER/LOCATER V6.22.4.0                                                  04/03/2026  18:03:18  PAGE 13


  C:1994H         LINE#         145
  C:1997H         LINE#         146
  C:1999H         LINE#         147
  C:1999H         LINE#         148
  C:19A0H         LINE#         151
  C:19A3H         LINE#         153
  C:19A5H         LINE#         154
  C:19A5H         LINE#         158
  C:19ACH         LINE#         161
  C:19AFH         LINE#         162
  C:19AFH         LINE#         164
  C:19AFH         LINE#         165
  C:19AFH         LINE#         166
  C:19AFH         LINE#         168
  C:19B5H         LINE#         170
  -------         ENDPROC       _ADC_CHANNEL_SEL
  -------         PROC          ADC_INIT_WHEN_LOW_PWR_OUT
  C:1E7FH         LINE#         173
  C:1E7FH         LINE#         174
  C:1E7FH         LINE#         175
  C:1E85H         LINE#         178
  C:1E8BH         LINE#         179
  C:1E90H         LINE#         181
  -------         ENDPROC       ADC_INIT_WHEN_LOW_PWR_OUT
  -------         PROC          ADC_GET_VAL_ONCE
  C:1D26H         LINE#         183
  C:1D26H         LINE#         184
  C:1D26H         LINE#         185
  C:1D29H         LINE#         186
  C:1D2FH         LINE#         188
  C:1D32H         LINE#         189
  C:1D3FH         LINE#         190
  -------         ENDPROC       ADC_GET_VAL_ONCE
  -------         PROC          ADC_SCAN
  C:15FAH         LINE#         193
  C:15FAH         LINE#         194
  C:15FAH         LINE#         195
  C:1604H         LINE#         197
  C:1604H         LINE#         198
  C:1606H         LINE#         199
  C:160CH         LINE#         200
  C:160DH         LINE#         201
  C:1614H         LINE#         202
  C:1614H         LINE#         204
  C:1617H         LINE#         205
  C:161AH         LINE#         206
  C:161BH         LINE#         207
  C:1622H         LINE#         208
  C:1622H         LINE#         209
  C:1624H         LINE#         210
  C:162AH         LINE#         211
  C:162BH         LINE#         212
  C:1632H         LINE#         213
  C:1632H         LINE#         215
  C:1635H         LINE#         216
  C:1638H         LINE#         217
  C:1639H         LINE#         218
BL51 BANKED LINKER/LOCATER V6.22.4.0                                                  04/03/2026  18:03:18  PAGE 14


  C:1640H         LINE#         219
  C:1640H         LINE#         220
  C:1642H         LINE#         221
  C:1648H         LINE#         222
  C:1649H         LINE#         223
  C:1650H         LINE#         224
  C:1650H         LINE#         226
  C:1653H         LINE#         227
  C:1656H         LINE#         228
  C:1656H         LINE#         229
  -------         ENDPROC       ADC_SCAN
  -------         PROC          ADC_IRQHANDLER
  -------         DO            
  X:60FCH         SYMBOL        adc_val
  -------         ENDDO         
  C:14B1H         LINE#         231
  C:14C6H         LINE#         236
  C:14C6H         LINE#         240
  C:14CCH         LINE#         241
  C:14CCH         LINE#         242
  C:14E0H         LINE#         243
  C:14E7H         LINE#         244
  C:14E7H         LINE#         245
  C:14ECH         LINE#         246
  C:14EEH         LINE#         247
  C:14F5H         LINE#         248
  C:14F5H         LINE#         249
  C:14FAH         LINE#         250
  C:14FCH         LINE#         251
  C:1503H         LINE#         252
  C:1503H         LINE#         253
  C:150BH         LINE#         254
  C:150BH         LINE#         256
  C:1511H         LINE#         257
  C:1511H         LINE#         260
  C:1511H         LINE#         261
  -------         ENDPROC       ADC_IRQHANDLER
  -------         ENDMOD        ADC

  -------         MODULE        PWM
  C:0000H         SYMBOL        _ICE_DUMMY_
  B:00A0H.7       PUBLIC        P27
  B:00B0H.0       PUBLIC        P30
  C:12ADH         PUBLIC        pwm_init
  C:1F00H         PUBLIC        _pwm_set_channel_0_duty
  C:1F09H         PUBLIC        _pwm_set_channel_1_duty
  C:1E01H         SYMBOL        Com0004
  C:1E01H         SYMBOL        L?0005
  C:1E0CH         SYMBOL        L?0006
  -------         PROC          COM0004
  -------         ENDPROC       COM0004
  -------         PROC          PWM_INIT
  C:12ADH         LINE#         3
  C:12ADH         LINE#         4
  C:12ADH         LINE#         6
  C:12B3H         LINE#         7
  C:12B7H         LINE#         9
BL51 BANKED LINKER/LOCATER V6.22.4.0                                                  04/03/2026  18:03:18  PAGE 15


  C:12B9H         LINE#         10
  C:12BEH         LINE#         13
  C:12C4H         LINE#         14
  C:12C8H         LINE#         16
  C:12CAH         LINE#         17
  C:12CFH         LINE#         21
  C:12D5H         LINE#         22
  C:12DAH         LINE#         23
  C:12DFH         LINE#         24
  C:12E3H         LINE#         25
  C:12E5H         LINE#         26
  C:12E5H         LINE#         27
  C:12E5H         LINE#         29
  C:12EBH         LINE#         30
  C:12F1H         LINE#         31
  C:12F7H         LINE#         32
  C:12FDH         LINE#         33
  C:1303H         LINE#         37
  C:1309H         LINE#         38
  C:130EH         LINE#         39
  C:1313H         LINE#         40
  C:1317H         LINE#         41
  C:1319H         LINE#         42
  C:1319H         LINE#         43
  C:1319H         LINE#         45
  C:131FH         LINE#         46
  C:1325H         LINE#         47
  C:132BH         LINE#         48
  C:1331H         LINE#         49
  C:1337H         LINE#         50
  -------         ENDPROC       PWM_INIT
  -------         PROC          _PWM_SET_CHANNEL_0_DUTY
  D:0004H         SYMBOL        channel_duty
  C:1F00H         LINE#         53
  C:1F00H         LINE#         54
  C:1F00H         LINE#         55
  C:1F02H         LINE#         56
  C:1F02H         LINE#         57
  C:1F08H         LINE#         58
  -------         ENDPROC       _PWM_SET_CHANNEL_0_DUTY
  -------         PROC          _PWM_SET_CHANNEL_1_DUTY
  D:0004H         SYMBOL        channel_duty
  C:1F09H         LINE#         61
  C:1F09H         LINE#         62
  C:1F09H         LINE#         63
  C:1F0BH         LINE#         64
  C:1F0BH         LINE#         65
  C:1F11H         LINE#         66
  -------         ENDPROC       _PWM_SET_CHANNEL_1_DUTY
  -------         ENDMOD        PWM

  -------         MODULE        TIMER0
  C:0000H         SYMBOL        _ICE_DUMMY_
  D:00A8H         PUBLIC        IE0
  D:00A9H         PUBLIC        IE1
  D:00AAH         PUBLIC        IE2
  D:00ABH         PUBLIC        IE3
BL51 BANKED LINKER/LOCATER V6.22.4.0                                                  04/03/2026  18:03:18  PAGE 16


  B:00A8H.7       PUBLIC        IE_EA
  D:00B8H         PUBLIC        IP0
  D:00B1H         PUBLIC        IP1
  D:00B2H         PUBLIC        IP2
  D:00B3H         PUBLIC        IP3
  D:00B4H         PUBLIC        IP4
  D:00B5H         PUBLIC        IP5
  D:00B6H         PUBLIC        IP6
  D:00B7H         PUBLIC        IP7
  D:00D1H         PUBLIC        TMR_ALLCON
  C:0024H         PUBLIC        timer0_init
  C:1594H         PUBLIC        TIMR0_IRQHandler
  -------         PROC          TIMER0_INIT
  C:0024H         LINE#         10
  C:0024H         LINE#         11
  C:0024H         LINE#         12
  C:0027H         LINE#         13
  C:0029H         LINE#         15
  C:002CH         LINE#         16
  C:0031H         LINE#         17
  C:0035H         LINE#         18
  C:003AH         LINE#         19
  C:003EH         LINE#         20
  -------         ENDPROC       TIMER0_INIT
  -------         PROC          TIMR0_IRQHANDLER
  C:1594H         LINE#         24
  C:15B1H         LINE#         27
  C:15B1H         LINE#         32
  C:15B7H         LINE#         33
  C:15B7H         LINE#         34
  C:15BBH         LINE#         40
  C:15C1H         LINE#         41
  C:15C4H         LINE#         43
  C:15C7H         LINE#         45
  C:15CAH         LINE#         46
  C:15CDH         LINE#         47
  C:15D0H         LINE#         49
  C:15D3H         LINE#         50
  C:15D6H         LINE#         51
  C:15D9H         LINE#         53
  C:15DCH         LINE#         54
  C:15DFH         LINE#         60
  C:15DFH         LINE#         63
  C:15DFH         LINE#         64
  -------         ENDPROC       TIMR0_IRQHANDLER
  -------         ENDMOD        TIMER0

  -------         MODULE        TIMER1
  C:0000H         SYMBOL        _ICE_DUMMY_
  D:00A8H         PUBLIC        IE0
  D:00A9H         PUBLIC        IE1
  D:00AAH         PUBLIC        IE2
  D:00ABH         PUBLIC        IE3
  B:00A8H.7       PUBLIC        IE_EA
  D:00B8H         PUBLIC        IP0
  D:00B1H         PUBLIC        IP1
  D:00B2H         PUBLIC        IP2
BL51 BANKED LINKER/LOCATER V6.22.4.0                                                  04/03/2026  18:03:18  PAGE 17


  D:00B3H         PUBLIC        IP3
  D:00B4H         PUBLIC        IP4
  D:00B5H         PUBLIC        IP5
  D:00B6H         PUBLIC        IP6
  D:00B7H         PUBLIC        IP7
  D:00D1H         PUBLIC        TMR_ALLCON
  C:1D0BH         PUBLIC        timer1_init
  C:186AH         PUBLIC        TIMR1_IRQHandler
  -------         PROC          TIMER1_INIT
  C:1D0BH         LINE#         9
  C:1D0BH         LINE#         10
  C:1D0BH         LINE#         11
  C:1D0EH         LINE#         12
  C:1D10H         LINE#         14
  C:1D13H         LINE#         15
  C:1D18H         LINE#         16
  C:1D1CH         LINE#         17
  C:1D21H         LINE#         18
  C:1D25H         LINE#         21
  -------         ENDPROC       TIMER1_INIT
  -------         PROC          TIMR1_IRQHANDLER
  C:186AH         LINE#         25
  C:1887H         LINE#         28
  C:1887H         LINE#         32
  C:188DH         LINE#         33
  C:188DH         LINE#         34
  C:1891H         LINE#         37
  C:1894H         LINE#         38
  C:1894H         LINE#         41
  C:1894H         LINE#         42
  -------         ENDPROC       TIMR1_IRQHANDLER
  -------         ENDMOD        TIMER1

  -------         MODULE        UART0
  C:0000H         SYMBOL        _ICE_DUMMY_
  D:00A8H         PUBLIC        IE0
  D:00A9H         PUBLIC        IE1
  D:00AAH         PUBLIC        IE2
  D:00ABH         PUBLIC        IE3
  B:00A8H.7       PUBLIC        IE_EA
  D:00B8H         PUBLIC        IP0
  D:00B1H         PUBLIC        IP1
  D:00B2H         PUBLIC        IP2
  D:00B3H         PUBLIC        IP3
  D:00B4H         PUBLIC        IP4
  D:00B5H         PUBLIC        IP5
  D:00B6H         PUBLIC        IP6
  D:00B7H         PUBLIC        IP7
  D:00D2H         PUBLIC        UART0_CON0
  D:00D4H         PUBLIC        UART0_STA
  D:00D5H         PUBLIC        UART0_BAUD0
  D:00D6H         PUBLIC        UART0_BAUD1
  D:00D7H         PUBLIC        UART0_DATA
  C:1B47H         PUBLIC        uart0_init
  C:1EE8H         PUBLIC        _uart0_sendbyte
  C:1BE7H         PUBLIC        _uart0_sendbuf
  C:0045H         PUBLIC        uart0_rxbuffer_get_count
BL51 BANKED LINKER/LOCATER V6.22.4.0                                                  04/03/2026  18:03:18  PAGE 18


  C:1DD3H         PUBLIC        uart0_rxbuffer_get_byte
  X:6000H         PUBLIC        uart0_rx_buffer
  C:1D8BH         SYMBOL        _uart0_rxbuffer_put_byte
  C:1BC1H         PUBLIC        UART0_IRQHandler
  C:1E91H         SYMBOL        Com0034
  C:1E91H         SYMBOL        L?0053
  -------         PROC          COM0034
  -------         ENDPROC       COM0034
  -------         PROC          UART0_INIT
  C:1B47H         LINE#         17
  C:1B47H         LINE#         18
  C:1B47H         LINE#         19
  C:1B4DH         LINE#         20
  C:1B51H         LINE#         21
  C:1B58H         LINE#         23
  C:1B5CH         LINE#         24
  C:1B62H         LINE#         26
  C:1B65H         LINE#         27
  C:1B68H         LINE#         28
  C:1B6BH         LINE#         32
  C:1B6EH         LINE#         33
  C:1B70H         LINE#         34
  -------         ENDPROC       UART0_INIT
  -------         PROC          _UART0_SENDBYTE
  D:0007H         SYMBOL        byte
  C:1EE8H         LINE#         37
  C:1EE8H         LINE#         38
  C:1EE8H         LINE#         39
  C:1EEDH         LINE#         42
  C:1EEFH         LINE#         44
  C:1EF4H         LINE#         46
  -------         ENDPROC       _UART0_SENDBYTE
  -------         PROC          _UART0_SENDBUF
  X:60F9H         SYMBOL        buf
  D:0005H         SYMBOL        len
  -------         DO            
  D:0006H         SYMBOL        i
  -------         ENDDO         
  C:1BE7H         LINE#         48
  C:1BEDH         LINE#         49
  C:1BEDH         LINE#         50
  C:1BEFH         LINE#         51
  C:1BF4H         LINE#         52
  C:1BF4H         LINE#         53
  C:1C06H         LINE#         54
  C:1C09H         LINE#         55
  -------         ENDPROC       _UART0_SENDBUF
  -------         PROC          UART0_RXBUFFER_GET_COUNT
  C:0045H         LINE#         58
  C:0045H         LINE#         59
  C:0045H         LINE#         60
  C:004AH         LINE#         61
  -------         ENDPROC       UART0_RXBUFFER_GET_COUNT
  -------         PROC          UART0_RXBUFFER_GET_BYTE
  -------         DO            
  D:0007H         SYMBOL        rxbyte
  -------         ENDDO         
BL51 BANKED LINKER/LOCATER V6.22.4.0                                                  04/03/2026  18:03:18  PAGE 19


  C:1DD3H         LINE#         64
  C:1DD3H         LINE#         65
  C:1DD3H         LINE#         68
  C:1DD9H         LINE#         69
  C:1DD9H         LINE#         71
  C:1DDBH         LINE#         72
  C:1DDBH         LINE#         75
  C:1DDEH         LINE#         76
  C:1DE3H         LINE#         78
  C:1DE9H         LINE#         80
  C:1DE9H         LINE#         81
  -------         ENDPROC       UART0_RXBUFFER_GET_BYTE
  -------         PROC          _UART0_RXBUFFER_PUT_BYTE
  D:0005H         SYMBOL        byte
  C:1D8BH         LINE#         83
  C:1D8BH         LINE#         84
  C:1D8BH         LINE#         88
  C:1D8EH         LINE#         89
  C:1D93H         LINE#         91
  C:1D99H         LINE#         93
  C:1D9FH         LINE#         94
  C:1D9FH         LINE#         95
  C:1DA2H         LINE#         96
  C:1DA2H         LINE#         97
  -------         ENDPROC       _UART0_RXBUFFER_PUT_BYTE
  -------         PROC          UART0_IRQHANDLER
  C:1BC1H         LINE#         100
  C:1BD0H         LINE#         103
  C:1BD0H         LINE#         106
  C:1BD5H         LINE#         107
  C:1BD5H         LINE#         108
  C:1BDAH         LINE#         109
  C:1BDAH         LINE#         111
  C:1BDAH         LINE#         112
  -------         ENDPROC       UART0_IRQHANDLER
  -------         ENDMOD        UART0

  -------         MODULE        MAIN
  C:0000H         SYMBOL        _ICE_DUMMY_
  D:00D9H         PUBLIC        WDT_KEY
  C:1CD0H         PUBLIC        user_init
  C:16F9H         PUBLIC        main
  -------         PROC          USER_INIT
  C:1CD0H         LINE#         103
  C:1CD0H         LINE#         104
  C:1CD0H         LINE#         105
  C:1CD3H         LINE#         106
  C:1CD6H         LINE#         107
  C:1CD9H         LINE#         108
  C:1CDCH         LINE#         109
  C:1CDFH         LINE#         110
  C:1CE2H         LINE#         112
  C:1CE5H         LINE#         113
  C:1CE8H         LINE#         116
  C:1CEBH         LINE#         117
  -------         ENDPROC       USER_INIT
  -------         PROC          MAIN
BL51 BANKED LINKER/LOCATER V6.22.4.0                                                  04/03/2026  18:03:18  PAGE 20


  C:16F9H         LINE#         126
  C:16F9H         LINE#         127
  C:16F9H         LINE#         129
  C:16FCH         LINE#         130
  C:16FFH         LINE#         133
  C:1702H         LINE#         134
  C:1709H         LINE#         135
  C:170CH         LINE#         137
  C:1711H         LINE#         138
  C:1713H         LINE#         139
  C:1716H         LINE#         140
  C:1718H         LINE#         141
  C:171BH         LINE#         142
  C:171DH         LINE#         143
  C:1720H         LINE#         144
  C:1722H         LINE#         146
  C:1725H         LINE#         147
  C:172CH         LINE#         149
  C:172CH         LINE#         150
  C:172CH         LINE#         151
  C:1735H         LINE#         152
  C:1738H         LINE#         154
  C:173BH         LINE#         156
  C:173EH         LINE#         158
  C:1741H         LINE#         160
  C:1744H         LINE#         165
  -------         ENDPROC       MAIN
  -------         ENDMOD        MAIN

  -------         MODULE        UART_DATA_HANDLE
  C:0000H         SYMBOL        _ICE_DUMMY_
  C:1E42H         PUBLIC        uart_receiver_reset
  C:000FH         PUBLIC        uart_receiver_timeout_add
  C:1C0AH         PUBLIC        uart_receiver_process_checksum
  C:104BH         PUBLIC        _uart_receiver_process_byte
  C:1E6CH         PUBLIC        uart_receiver_timeout_handler
  C:143DH         PUBLIC        uart_data_handle
  C:18AFH         PUBLIC        _uart_data_send_cmd
  X:6118H         SYMBOL        uart_receiver
  C:1F12H         SYMBOL        _?ix1000
  C:1DEAH         SYMBOL        Com0039
  C:1DEAH         SYMBOL        L?0058
  C:1DEAH         SYMBOL        L?0059
  -------         PROC          COM0039
  -------         ENDPROC       COM0039
  -------         PROC          UART_RECEIVER_RESET
  C:1E42H         LINE#         13
  C:1E42H         LINE#         14
  C:1E42H         LINE#         15
  C:1E51H         LINE#         16
  C:1E56H         LINE#         17
  -------         ENDPROC       UART_RECEIVER_RESET
  -------         PROC          UART_RECEIVER_TIMEOUT_ADD
  C:000FH         LINE#         23
  C:000FH         LINE#         24
  C:000FH         LINE#         25
  C:0015H         LINE#         26
BL51 BANKED LINKER/LOCATER V6.22.4.0                                                  04/03/2026  18:03:18  PAGE 21


  C:0015H         LINE#         27
  C:001DH         LINE#         28
  C:001DH         LINE#         29
  -------         ENDPROC       UART_RECEIVER_TIMEOUT_ADD
  -------         PROC          UART_RECEIVER_PROCESS_CHECKSUM
  -------         DO            
  D:0006H         SYMBOL        i
  D:0007H         SYMBOL        check_sum
  -------         ENDDO         
  C:1C0AH         LINE#         36
  C:1C0AH         LINE#         37
  C:1C0AH         LINE#         39
  C:1C0CH         LINE#         40
  C:1C0DH         LINE#         41
  C:1C0DH         LINE#         42
  C:1C1AH         LINE#         43
  C:1C1FH         LINE#         45
  C:1C26H         LINE#         46
  C:1C26H         LINE#         47
  C:1C29H         LINE#         48
  C:1C29H         LINE#         50
  C:1C29H         LINE#         57
  C:1C2BH         LINE#         58
  C:1C2BH         LINE#         59
  -------         ENDPROC       UART_RECEIVER_PROCESS_CHECKSUM
  -------         PROC          _UART_RECEIVER_PROCESS_BYTE
  D:0005H         SYMBOL        byte
  C:104BH         LINE#         68
  C:104DH         LINE#         69
  C:104DH         LINE#         70
  C:1070H         LINE#         71
  C:1070H         LINE#         72
  C:1070H         LINE#         73
  C:1074H         LINE#         74
  C:1074H         LINE#         75
  C:1074H         LINE#         76
  C:1079H         LINE#         77
  C:107CH         LINE#         78
  C:107CH         LINE#         80
  C:107CH         LINE#         81
  C:107FH         LINE#         82
  C:107FH         LINE#         84
  C:107FH         LINE#         86
  C:107FH         LINE#         87
  C:1083H         LINE#         88
  C:1083H         LINE#         89
  C:1083H         LINE#         90
  C:1088H         LINE#         91
  C:108BH         LINE#         92
  C:108BH         LINE#         94
  C:108BH         LINE#         96
  C:108EH         LINE#         97
  C:108EH         LINE#         98
  C:108EH         LINE#         100
  C:108EH         LINE#         101
  C:1091H         LINE#         102
  C:1091H         LINE#         103
BL51 BANKED LINKER/LOCATER V6.22.4.0                                                  04/03/2026  18:03:18  PAGE 22


  C:1091H         LINE#         104
  C:1096H         LINE#         105
  C:1099H         LINE#         106
  C:1099H         LINE#         108
  C:1099H         LINE#         109
  C:109CH         LINE#         110
  C:109CH         LINE#         111
  C:109CH         LINE#         113
  C:109CH         LINE#         115
  C:109CH         LINE#         116
  C:10A1H         LINE#         117
  C:10A3H         LINE#         118
  C:10A3H         LINE#         120
  C:10A3H         LINE#         122
  C:10A3H         LINE#         123
  C:10A8H         LINE#         124
  C:10AAH         LINE#         125
  C:10AAH         LINE#         127
  C:10AAH         LINE#         128
  C:10ADH         LINE#         129
  C:10ADH         LINE#         130
  C:10ADH         LINE#         131
  C:10B2H         LINE#         132
  C:10B4H         LINE#         133
  C:10B4H         LINE#         135
  C:10B4H         LINE#         136
  C:10B7H         LINE#         137
  C:10B7H         LINE#         139
  C:10B7H         LINE#         141
  C:10B7H         LINE#         142
  C:10BDH         LINE#         143
  C:10C3H         LINE#         144
  C:10C3H         LINE#         146
  C:10C6H         LINE#         147
  C:10C6H         LINE#         149
  C:10C6H         LINE#         150
  C:10C9H         LINE#         151
  C:10C9H         LINE#         152
  C:10C9H         LINE#         154
  C:10C9H         LINE#         155
  C:10CDH         LINE#         156
  C:10CDH         LINE#         157
  C:10E1H         LINE#         158
  C:10E7H         LINE#         159
  C:10EAH         LINE#         160
  C:10EAH         LINE#         162
  C:10EAH         LINE#         163
  C:10EDH         LINE#         164
  C:10EDH         LINE#         165
  C:10EDH         LINE#         167
  C:10EDH         LINE#         168
  C:10EDH         LINE#         169
  C:10EDH         LINE#         171
  C:10EFH         LINE#         172
  -------         ENDPROC       _UART_RECEIVER_PROCESS_BYTE
  -------         PROC          UART_RECEIVER_TIMEOUT_HANDLER
  C:1E6CH         LINE#         175
BL51 BANKED LINKER/LOCATER V6.22.4.0                                                  04/03/2026  18:03:18  PAGE 23


  C:1E6CH         LINE#         176
  C:1E6CH         LINE#         181
  C:1E7BH         LINE#         182
  C:1E7BH         LINE#         196
  C:1E7EH         LINE#         197
  C:1E7EH         LINE#         198
  -------         ENDPROC       UART_RECEIVER_TIMEOUT_HANDLER
  -------         PROC          UART_DATA_HANDLE
  -------         DO            
  D:0004H         SYMBOL        recv_byte
  X:6117H         SYMBOL        initialized
  -------         ENDDO         
  C:143DH         LINE#         199
  C:143DH         LINE#         200
  C:143DH         LINE#         208
  C:1443H         LINE#         209
  C:1443H         LINE#         210
  C:1446H         LINE#         211
  C:144CH         LINE#         212
  C:144CH         LINE#         217
  C:1452H         LINE#         218
  C:1452H         LINE#         219
  C:1455H         LINE#         220
  C:1455H         LINE#         222
  C:145BH         LINE#         223
  C:145BH         LINE#         225
  C:145BH         LINE#         228
  C:145BH         LINE#         229
  C:145BH         LINE#         230
  C:1469H         LINE#         232
  C:1469H         LINE#         246
  C:1469H         LINE#         247
  C:1469H         LINE#         249
  C:146EH         LINE#         252
  C:1474H         LINE#         253
  C:1479H         LINE#         256
  C:147FH         LINE#         257
  C:147FH         LINE#         265
  C:1482H         LINE#         266
  C:1482H         LINE#         267
  C:1484H         LINE#         269
  C:148BH         LINE#         270
  C:148BH         LINE#         272
  C:148BH         LINE#         292
  C:149BH         LINE#         293
  C:149BH         LINE#         294
  C:149BH         LINE#         296
  C:14A0H         LINE#         297
  C:14A2H         LINE#         298
  C:14A2H         LINE#         300
  C:14A8H         LINE#         301
  C:14AAH         LINE#         302
  C:14AAH         LINE#         308
  C:14ADH         LINE#         309
  C:14ADH         LINE#         311
  C:14ADH         LINE#         313
  C:14ADH         LINE#         314
BL51 BANKED LINKER/LOCATER V6.22.4.0                                                  04/03/2026  18:03:18  PAGE 24


  C:14ADH         LINE#         317
  C:14B0H         LINE#         318
  -------         ENDPROC       UART_DATA_HANDLE
  -------         PROC          _UART_DATA_SEND_CMD
  X:60F0H         SYMBOL        cmd
  -------         DO            
  X:60F1H         SYMBOL        buf
  -------         ENDDO         
  C:18AFH         LINE#         322
  C:18B4H         LINE#         323
  C:18B4H         LINE#         324
  C:18C7H         LINE#         335
  C:18D0H         LINE#         336
  C:18E9H         LINE#         338
  -------         ENDPROC       _UART_DATA_SEND_CMD
  -------         ENDMOD        UART_DATA_HANDLE

  -------         MODULE        KEY_DRIVER
  C:0000H         SYMBOL        _ICE_DUMMY_
  C:09B0H         PUBLIC        _key_driver_scan
  X:6140H         SYMBOL        is_key_active
  X:6141H         PUBLIC        scan_para
  C:1C91H         SYMBOL        Com0021
  C:1C91H         SYMBOL        L?0034
  C:1C94H         SYMBOL        L?0035
  C:1C95H         SYMBOL        L?0036
  C:1C9BH         SYMBOL        L?0037
  C:1C9EH         SYMBOL        L?0038
  C:1CA2H         SYMBOL        L?0039
  C:1CA8H         SYMBOL        L?0040
  C:1CABH         SYMBOL        L?0041
  -------         PROC          COM0021
  -------         ENDPROC       COM0021
  -------         PROC          _KEY_DRIVER_SCAN
  D:0001H         SYMBOL        _scan_para
  -------         DO            
  X:60ECH         SYMBOL        key_event
  D:0007H         SYMBOL        cur_key_value
  X:60EDH         SYMBOL        key_value
  C:0B18H         SYMBOL        _notify
  C:0B38H         SYMBOL        _scan_end
  -------         ENDDO         
  C:09B0H         LINE#         17
  C:09B0H         LINE#         19
  C:09B0H         LINE#         24
  C:09B5H         LINE#         25
  C:09B7H         LINE#         26
  C:09BBH         LINE#         30
  C:09C1H         LINE#         33
  C:09D4H         LINE#         34
  C:09D4H         LINE#         36
  C:09D4H         LINE#         38
  C:09DEH         LINE#         40
  C:09E7H         LINE#         46
  C:09EBH         LINE#         47
  C:09EBH         LINE#         48
  C:09F1H         LINE#         49
BL51 BANKED LINKER/LOCATER V6.22.4.0                                                  04/03/2026  18:03:18  PAGE 25


  C:09F3H         LINE#         50
  C:09F9H         LINE#         51
  C:09F9H         LINE#         52
  C:09FCH         LINE#         53
  C:09FCH         LINE#         56
  C:0A10H         LINE#         57
  C:0A10H         LINE#         59
  C:0A17H         LINE#         60
  C:0A1DH         LINE#         62
  C:0A1DH         LINE#         65
  C:0A2EH         LINE#         66
  C:0A2EH         LINE#         67
  C:0A39H         LINE#         69
  C:0A39H         LINE#         72
  C:0A45H         LINE#         73
  C:0A45H         LINE#         80
  C:0A49H         LINE#         81
  C:0A49H         LINE#         82
  C:0A50H         LINE#         83
  C:0A50H         LINE#         84
  C:0A52H         LINE#         85
  C:0A58H         LINE#         86
  C:0A5AH         LINE#         88
  C:0A5AH         LINE#         91
  C:0A5AH         LINE#         92
  C:0A62H         LINE#         93
  C:0A62H         LINE#         94
  C:0A65H         LINE#         96
  C:0A65H         LINE#         101
  C:0A6DH         LINE#         102
  C:0A79H         LINE#         103
  C:0A79H         LINE#         104
  C:0A7EH         LINE#         105
  C:0A82H         LINE#         106
  C:0A85H         LINE#         108
  C:0A85H         LINE#         109
  C:0A8BH         LINE#         110
  C:0A8BH         LINE#         111
  C:0A8BH         LINE#         113
  C:0A8DH         LINE#         118
  C:0A8DH         LINE#         120
  C:0A8DH         LINE#         125
  C:0A91H         LINE#         126
  C:0A91H         LINE#         128
  C:0AA2H         LINE#         129
  C:0AA2H         LINE#         133
  C:0AB3H         LINE#         134
  C:0AB3H         LINE#         154
  C:0AB3H         LINE#         155
  C:0AB5H         LINE#         157
  C:0AB5H         LINE#         158
  C:0AC2H         LINE#         160
  C:0AC4H         LINE#         162
  C:0AC4H         LINE#         164
  C:0AC4H         LINE#         165
  C:0ACFH         LINE#         166
  C:0AD2H         LINE#         168
BL51 BANKED LINKER/LOCATER V6.22.4.0                                                  04/03/2026  18:03:18  PAGE 26


  C:0AD2H         LINE#         169
  C:0AD2H         LINE#         171
  C:0AD2H         LINE#         172
  C:0AD2H         LINE#         174
  C:0AD2H         LINE#         175
  C:0AD2H         LINE#         177
  C:0AD2H         LINE#         179
  C:0ADDH         LINE#         180
  C:0ADDH         LINE#         181
  C:0AE5H         LINE#         182
  C:0AE5H         LINE#         186
  C:0AEBH         LINE#         187
  C:0AEBH         LINE#         188
  C:0AF1H         LINE#         193
  C:0AF3H         LINE#         194
  C:0AFFH         LINE#         195
  C:0AFFH         LINE#         196
  C:0B04H         LINE#         197
  C:0B13H         LINE#         199
  C:0B13H         LINE#         201
  C:0B13H         LINE#         202
  C:0B13H         LINE#         204
  C:0B13H         LINE#         207
  C:0B18H         LINE#         208
  C:0B18H         LINE#         210
  C:0B18H         LINE#         211
  C:0B18H         LINE#         213
  C:0B18H         LINE#         216
  C:0B18H         LINE#         218
  C:0B18H         LINE#         219
  C:0B1CH         LINE#         220
  C:0B24H         LINE#         222
  C:0B2EH         LINE#         223
  C:0B38H         LINE#         226
  C:0B38H         LINE#         235
  C:0B38H         LINE#         237
  C:0B38H         LINE#         238
  C:0B42H         LINE#         241
  -------         ENDPROC       _KEY_DRIVER_SCAN
  -------         ENDMOD        KEY_DRIVER

  -------         MODULE        AD_KEY
  C:0000H         SYMBOL        _ICE_DUMMY_
  X:6085H         PUBLIC        ad_key_para
  C:1338H         PUBLIC        ad_key_handle
  X:6098H         SYMBOL        ad_key_scan_table
  X:60A8H         SYMBOL        ad_key_event_table
  C:1A24H         PUBLIC        ad_key_get_key_val
  C:1746H         SYMBOL        _ad_key_val_to_ad_key_index
  C:1792H         SYMBOL        _ad_key_get_event
  C:1EA1H         SYMBOL        Com0037
  C:1EA1H         SYMBOL        L?0056
  -------         PROC          COM0037
  -------         ENDPROC       COM0037
  -------         PROC          _AD_KEY_VAL_TO_AD_KEY_INDEX
  D:0006H         SYMBOL        ad_key_val
  -------         DO            
BL51 BANKED LINKER/LOCATER V6.22.4.0                                                  04/03/2026  18:03:18  PAGE 27


  D:0005H         SYMBOL        i
  X:60EDH         SYMBOL        ad_key_index
  -------         ENDDO         
  C:1746H         LINE#         53
  C:1746H         LINE#         54
  C:1746H         LINE#         55
  C:1748H         LINE#         56
  C:1750H         LINE#         59
  C:1750H         LINE#         60
  C:1750H         LINE#         61
  C:1768H         LINE#         62
  C:1768H         LINE#         63
  C:1782H         LINE#         64
  C:1784H         LINE#         65
  C:1784H         LINE#         66
  C:1789H         LINE#         68
  C:1791H         LINE#         69
  -------         ENDPROC       _AD_KEY_VAL_TO_AD_KEY_INDEX
  -------         PROC          _AD_KEY_GET_EVENT
  D:0007H         SYMBOL        key_val
  D:0005H         SYMBOL        key_event
  -------         DO            
  D:0006H         SYMBOL        ret_key_event
  D:0004H         SYMBOL        key_event_index
  D:0003H         SYMBOL        i
  -------         ENDDO         
  C:1792H         LINE#         79
  C:1792H         LINE#         80
  C:1792H         LINE#         81
  C:1794H         LINE#         82
  C:1795H         LINE#         83
  C:1796H         LINE#         86
  C:179AH         LINE#         87
  C:179AH         LINE#         88
  C:179BH         LINE#         89
  C:179DH         LINE#         90
  C:17A1H         LINE#         91
  C:17A1H         LINE#         92
  C:17A3H         LINE#         93
  C:17A5H         LINE#         94
  C:17A9H         LINE#         95
  C:17A9H         LINE#         96
  C:17ABH         LINE#         97
  C:17ADH         LINE#         98
  C:17B1H         LINE#         99
  C:17B1H         LINE#         100
  C:17B3H         LINE#         101
  C:17B5H         LINE#         103
  C:17B5H         LINE#         104
  C:17B8H         LINE#         105
  C:17B8H         LINE#         107
  C:17BEH         LINE#         108
  C:17BEH         LINE#         109
  C:17C5H         LINE#         110
  C:17C5H         LINE#         111
  C:17D4H         LINE#         112
  C:17D6H         LINE#         113
BL51 BANKED LINKER/LOCATER V6.22.4.0                                                  04/03/2026  18:03:18  PAGE 28


  C:17D6H         LINE#         114
  C:17D9H         LINE#         116
  C:17DBH         LINE#         117
  -------         ENDPROC       _AD_KEY_GET_EVENT
  -------         PROC          AD_KEY_GET_KEY_VAL
  -------         DO            
  X:6083H         SYMBOL        val
  X:60ECH         SYMBOL        ret
  -------         ENDDO         
  C:1A24H         LINE#         130
  C:1A24H         LINE#         131
  C:1A24H         LINE#         133
  C:1A2AH         LINE#         136
  C:1A32H         LINE#         137
  C:1A32H         LINE#         138
  C:1A37H         LINE#         139
  C:1A44H         LINE#         142
  C:1A44H         LINE#         144
  C:1A54H         LINE#         145
  C:1A56H         LINE#         146
  -------         ENDPROC       AD_KEY_GET_KEY_VAL
  -------         PROC          AD_KEY_HANDLE
  -------         DO            
  D:0007H         SYMBOL        ad_key_event
  -------         ENDDO         
  C:1338H         LINE#         148
  C:1338H         LINE#         149
  C:1338H         LINE#         150
  C:1338H         LINE#         152
  C:1341H         LINE#         153
  C:1341H         LINE#         155
  C:1341H         LINE#         157
  C:1349H         LINE#         158
  C:134EH         LINE#         159
  C:1350H         LINE#         163
  C:135FH         LINE#         164
  C:135FH         LINE#         169
  C:1360H         LINE#         171
  C:1360H         LINE#         173
  C:1383H         LINE#         174
  C:1383H         LINE#         177
  C:1383H         LINE#         181
  C:1386H         LINE#         182
  C:1386H         LINE#         184
  C:1386H         LINE#         188
  C:1386H         LINE#         190
  C:1386H         LINE#         195
  C:1386H         LINE#         197
  C:1386H         LINE#         201
  C:1386H         LINE#         205
  C:1386H         LINE#         209
  C:1388H         LINE#         210
  C:138AH         LINE#         212
  C:138AH         LINE#         217
  C:138CH         LINE#         218
  C:138EH         LINE#         220
  C:138EH         LINE#         225
BL51 BANKED LINKER/LOCATER V6.22.4.0                                                  04/03/2026  18:03:18  PAGE 29


  C:1390H         LINE#         226
  C:1392H         LINE#         228
  C:1392H         LINE#         232
  C:1392H         LINE#         237
  C:1392H         LINE#         242
  C:1394H         LINE#         243
  C:1396H         LINE#         245
  C:1396H         LINE#         251
  C:1398H         LINE#         252
  C:139AH         LINE#         254
  C:139AH         LINE#         260
  C:139CH         LINE#         261
  C:139EH         LINE#         263
  C:139EH         LINE#         267
  C:139EH         LINE#         271
  C:139EH         LINE#         277
  C:13A4H         LINE#         278
  C:13A4H         LINE#         279
  C:13A6H         LINE#         280
  C:13A8H         LINE#         281
  C:13AFH         LINE#         282
  C:13AFH         LINE#         283
  C:13B4H         LINE#         284
  C:13B4H         LINE#         285
  C:13B4H         LINE#         287
  C:13B4H         LINE#         293
  C:13BAH         LINE#         294
  C:13BAH         LINE#         297
  C:13BDH         LINE#         298
  C:13BDH         LINE#         300
  C:13BDH         LINE#         305
  C:13C0H         LINE#         306
  C:13C0H         LINE#         307
  C:13C0H         LINE#         309
  C:13C0H         LINE#         313
  C:13C0H         LINE#         315
  C:13C0H         LINE#         319
  C:13C0H         LINE#         321
  C:13C0H         LINE#         322
  C:13C0H         LINE#         323
  C:13C0H         LINE#         324
  -------         ENDPROC       AD_KEY_HANDLE
  -------         ENDMOD        AD_KEY

  -------         MODULE        USER_TEST
  C:0000H         SYMBOL        _ICE_DUMMY_
  -------         ENDMOD        USER_TEST

  -------         MODULE        LED
  C:0000H         SYMBOL        _ICE_DUMMY_
  B:0080H.0       PUBLIC        P00
  B:0080H.1       PUBLIC        P01
  B:0080H.2       PUBLIC        P02
  B:0080H.5       PUBLIC        P05
  B:0080H.6       PUBLIC        P06
  B:0090H.3       PUBLIC        P13
  B:00A0H.7       PUBLIC        P27
BL51 BANKED LINKER/LOCATER V6.22.4.0                                                  04/03/2026  18:03:18  PAGE 30


  B:00B0H.0       PUBLIC        P30
  X:6128H         PUBLIC        led_ctl
  X:6135H         PUBLIC        led_bat_level_sta
  C:16ABH         PUBLIC        led_init
  C:1EB0H         PUBLIC        led_ctl_init
  C:1B71H         PUBLIC        led_status_switch
  C:1524H         PUBLIC        _led_status_set
  C:0DC7H         PUBLIC        led_red_blue_flash_1ms_isr
  C:13C1H         PUBLIC        led_slow_adjust_isr
  C:0B43H         PUBLIC        led_bat_instruction_timer_callback
  C:1EBFH         PUBLIC        led_yellow_on
  C:1F1AH         PUBLIC        led_yellow_off
  C:1ECDH         PUBLIC        led_white_on
  C:1F22H         PUBLIC        led_white_off
  X:6136H         PUBLIC        led_charge_anim_phase
  X:6137H         PUBLIC        led_charge_anim_cnt
  C:1221H         SYMBOL        Com0069
  C:1221H         SYMBOL        L?0106
  C:122DH         SYMBOL        L?0107
  C:123BH         SYMBOL        L?0108
  C:123CH         SYMBOL        L?0109
  C:1241H         SYMBOL        L?0110
  C:1248H         SYMBOL        L?0111
  C:1259H         SYMBOL        L?0112
  C:1268H         SYMBOL        L?0113
  C:1268H         SYMBOL        L?0114
  C:1271H         SYMBOL        L?0115
  C:127FH         SYMBOL        L?0116
  C:128CH         SYMBOL        L?0117
  C:128CH         SYMBOL        L?0118
  C:1294H         SYMBOL        L?0119
  C:1294H         SYMBOL        L?0120
  C:129CH         SYMBOL        L?0121
  C:12A7H         SYMBOL        L?0122
  C:12A7H         SYMBOL        L?0123
  -------         PROC          COM0069
  -------         ENDPROC       COM0069
  -------         PROC          LED_INIT
  C:16ABH         LINE#         9
  C:16ABH         LINE#         10
  C:16ABH         LINE#         12
  C:16B1H         LINE#         13
  C:16B5H         LINE#         14
  C:16B7H         LINE#         15
  C:16BCH         LINE#         18
  C:16C2H         LINE#         19
  C:16C6H         LINE#         20
  C:16C8H         LINE#         21
  C:16CBH         LINE#         24
  C:16CBH         LINE#         25
  C:16CEH         LINE#         26
  C:16D0H         LINE#         27
  C:16D5H         LINE#         30
  C:16DAH         LINE#         31
  C:16DEH         LINE#         32
  C:16E0H         LINE#         33
  C:16E3H         LINE#         36
BL51 BANKED LINKER/LOCATER V6.22.4.0                                                  04/03/2026  18:03:18  PAGE 31


  C:16E3H         LINE#         37
  C:16E6H         LINE#         38
  C:16E8H         LINE#         39
  C:16EBH         LINE#         42
  C:16EFH         LINE#         43
  C:16F3H         LINE#         44
  C:16F5H         LINE#         45
  C:16F8H         LINE#         46
  -------         ENDPROC       LED_INIT
  -------         PROC          LED_CTL_INIT
  C:1EB0H         LINE#         48
  C:1EB0H         LINE#         49
  C:1EB0H         LINE#         58
  -------         ENDPROC       LED_CTL_INIT
  -------         PROC          LED_YELLOW_ON
  C:1EBFH         LINE#         61
  C:1EBFH         LINE#         62
  C:1EBFH         LINE#         63
  C:1EC6H         LINE#         64
  C:1ECCH         LINE#         65
  -------         ENDPROC       LED_YELLOW_ON
  -------         PROC          LED_YELLOW_OFF
  C:1F1AH         LINE#         67
  C:1F1AH         LINE#         68
  C:1F1AH         LINE#         69
  C:1F1CH         LINE#         70
  C:1F21H         LINE#         71
  -------         ENDPROC       LED_YELLOW_OFF
  -------         PROC          LED_WHITE_ON
  C:1ECDH         LINE#         73
  C:1ECDH         LINE#         74
  C:1ECDH         LINE#         75
  C:1ED4H         LINE#         76
  C:1EDAH         LINE#         77
  -------         ENDPROC       LED_WHITE_ON
  -------         PROC          LED_WHITE_OFF
  C:1F22H         LINE#         79
  C:1F22H         LINE#         80
  C:1F22H         LINE#         81
  C:1F24H         LINE#         82
  C:1F29H         LINE#         83
  -------         ENDPROC       LED_WHITE_OFF
  -------         PROC          LED_STATUS_SWITCH
  C:1B71H         LINE#         85
  C:1B71H         LINE#         86
  C:1B71H         LINE#         88
  C:1B85H         LINE#         89
  C:1B85H         LINE#         90
  C:1B85H         LINE#         94
  C:1B87H         LINE#         95
  C:1B89H         LINE#         96
  C:1B89H         LINE#         101
  C:1B8BH         LINE#         102
  C:1B8DH         LINE#         103
  C:1B8DH         LINE#         107
  C:1B8FH         LINE#         108
  C:1B91H         LINE#         109
BL51 BANKED LINKER/LOCATER V6.22.4.0                                                  04/03/2026  18:03:18  PAGE 32


  C:1B91H         LINE#         115
  C:1B93H         LINE#         116
  C:1B95H         LINE#         117
  C:1B95H         LINE#         128
  C:1B9AH         LINE#         129
  C:1B9AH         LINE#         130
  C:1B9AH         LINE#         131
  -------         ENDPROC       LED_STATUS_SWITCH
  -------         PROC          _LED_STATUS_SET
  X:60F0H         SYMBOL        status
  C:1524H         LINE#         134
  C:1529H         LINE#         135
  C:1529H         LINE#         137
  C:1539H         LINE#         138
  C:1539H         LINE#         139
  C:1539H         LINE#         140
  C:153CH         LINE#         141
  C:153FH         LINE#         142
  C:1541H         LINE#         143
  C:1543H         LINE#         145
  C:154DH         LINE#         146
  C:1554H         LINE#         147
  C:1558H         LINE#         148
  C:155AH         LINE#         149
  C:155AH         LINE#         150
  C:155DH         LINE#         151
  C:155FH         LINE#         152
  C:1561H         LINE#         154
  C:1561H         LINE#         155
  C:1563H         LINE#         156
  C:1563H         LINE#         157
  C:1566H         LINE#         158
  C:1568H         LINE#         159
  C:156AH         LINE#         161
  C:156DH         LINE#         162
  C:156FH         LINE#         164
  C:156FH         LINE#         165
  C:1571H         LINE#         166
  C:1573H         LINE#         169
  C:1576H         LINE#         170
  C:1579H         LINE#         171
  C:157BH         LINE#         173
  C:157BH         LINE#         174
  C:157EH         LINE#         175
  C:1581H         LINE#         177
  C:158BH         LINE#         178
  C:158BH         LINE#         179
  C:158BH         LINE#         181
  C:1593H         LINE#         182
  -------         ENDPROC       _LED_STATUS_SET
  -------         PROC          LED_RED_BLUE_FLASH_1MS_ISR
  -------         DO            
  X:60FEH         SYMBOL        time_in_cycle
  -------         ENDDO         
  C:0DC7H         LINE#         190
  C:0DC7H         LINE#         191
  C:0DC7H         LINE#         194
BL51 BANKED LINKER/LOCATER V6.22.4.0                                                  04/03/2026  18:03:18  PAGE 33


  C:0DD2H         LINE#         195
  C:0DD2H         LINE#         197
  C:0DD2H         LINE#         199
  C:0DDEH         LINE#         202
  C:0DE7H         LINE#         203
  C:0DE7H         LINE#         204
  C:0DF4H         LINE#         207
  C:0DFFH         LINE#         208
  C:0DFFH         LINE#         209
  C:0E01H         LINE#         210
  C:0E03H         LINE#         211
  C:0E04H         LINE#         212
  C:0E0DH         LINE#         213
  C:0E0DH         LINE#         214
  C:0E0DH         LINE#         215
  C:0E0DH         LINE#         216
  C:0E0FH         LINE#         217
  C:0E18H         LINE#         218
  C:0E18H         LINE#         219
  C:0E1AH         LINE#         220
  C:0E1CH         LINE#         221
  C:0E1DH         LINE#         223
  C:0E1DH         LINE#         224
  C:0E1FH         LINE#         225
  C:0E21H         LINE#         226
  C:0E21H         LINE#         227
  C:0E22H         LINE#         229
  C:0E2BH         LINE#         230
  C:0E2BH         LINE#         231
  C:0E3CH         LINE#         233
  C:0E48H         LINE#         234
  C:0E48H         LINE#         235
  C:0E4AH         LINE#         236
  C:0E4CH         LINE#         237
  C:0E4DH         LINE#         246
  C:0E57H         LINE#         247
  C:0E57H         LINE#         249
  C:0E6AH         LINE#         250
  C:0E6AH         LINE#         251
  C:0E6CH         LINE#         252
  C:0E6FH         LINE#         254
  C:0E6FH         LINE#         257
  C:0E80H         LINE#         259
  C:0E8BH         LINE#         260
  C:0E8BH         LINE#         261
  C:0E8DH         LINE#         262
  C:0E92H         LINE#         263
  C:0E92H         LINE#         264
  C:0E94H         LINE#         265
  C:0E95H         LINE#         267
  C:0E95H         LINE#         268
  C:0E97H         LINE#         269
  C:0E97H         LINE#         270
  C:0E98H         LINE#         273
  C:0E98H         LINE#         274
  C:0E9AH         LINE#         275
  C:0EA2H         LINE#         276
BL51 BANKED LINKER/LOCATER V6.22.4.0                                                  04/03/2026  18:03:18  PAGE 34


  C:0EA2H         LINE#         277
  C:0EA4H         LINE#         278
  C:0EA5H         LINE#         280
  C:0EA5H         LINE#         281
  C:0EA7H         LINE#         282
  C:0EA7H         LINE#         283
  C:0EA7H         LINE#         284
  C:0EA8H         LINE#         286
  C:0EA8H         LINE#         287
  C:0EAAH         LINE#         288
  C:0EACH         LINE#         289
  C:0EB6H         LINE#         290
  C:0EB6H         LINE#         291
  -------         ENDPROC       LED_RED_BLUE_FLASH_1MS_ISR
  -------         PROC          LED_SLOW_ADJUST_ISR
  C:13C1H         LINE#         294
  C:13C1H         LINE#         295
  C:13C1H         LINE#         296
  C:13CDH         LINE#         297
  C:13CDH         LINE#         299
  C:13D9H         LINE#         300
  C:13D9H         LINE#         302
  C:13D9H         LINE#         304
  C:13D9H         LINE#         313
  C:13E9H         LINE#         314
  C:13E9H         LINE#         317
  C:13E9H         LINE#         320
  C:13EFH         LINE#         321
  C:13F4H         LINE#         322
  C:13F4H         LINE#         323
  C:13F6H         LINE#         324
  C:13FBH         LINE#         325
  C:13FBH         LINE#         326
  C:1402H         LINE#         327
  C:140EH         LINE#         329
  C:140EH         LINE#         330
  C:1419H         LINE#         331
[...]
  C:1E6BH         LINE#         19
  -------         ENDPROC       BLE_IC_ENABLE
  -------         PROC          BLE_IC_DISABLE_PRE
  C:1F32H         LINE#         22
  C:1F32H         LINE#         23
  C:1F32H         LINE#         24
  -------         ENDPROC       BLE_IC_DISABLE_PRE
  -------         PROC          BLE_IC_DISABLE_POST
  C:1F2AH         LINE#         33
  C:1F2AH         LINE#         34
  C:1F2AH         LINE#         36
  C:1F2CH         LINE#         37
  C:1F31H         LINE#         42
  -------         ENDPROC       BLE_IC_DISABLE_POST
BL51 BANKED LINKER/LOCATER V6.22.4.0                                                  04/03/2026  18:03:18  PAGE 43


  -------         PROC          BLUETOOTH_IC_HANDLE_INIT
  C:1D40H         LINE#         44
  C:1D40H         LINE#         45
  C:1D40H         LINE#         47
  C:1D46H         LINE#         48
  C:1D4AH         LINE#         49
  C:1D4FH         LINE#         50
  C:1D51H         LINE#         52
  C:1D56H         LINE#         55
  C:1D59H         LINE#         56
  -------         ENDPROC       BLUETOOTH_IC_HANDLE_INIT
  -------         ENDMOD        BLUETOOTH_IC_HANDLE

  -------         MODULE        CHARGE_DET
  C:0000H         SYMBOL        _ICE_DUMMY_
  B:00A0H.1       PUBLIC        P21
  X:6113H         PUBLIC        is_in_charging
  X:6114H         PUBLIC        is_charging_ic_stop
  C:1D5AH         PUBLIC        charge_det_init
  C:10F0H         PUBLIC        charge_det
  C:080FH         PUBLIC        detect_1khz_signal_100us
  X:6115H         SYMBOL        is_in_charging_by_solar_panel
  X:6116H         SYMBOL        is_in_charging_by_charger
  C:1C4EH         SYMBOL        Com002C
  C:1C4EH         SYMBOL        L?0045
  C:1C51H         SYMBOL        L?0046
  C:1C52H         SYMBOL        L?0047
  C:1C58H         SYMBOL        L?0048
  C:1C64H         SYMBOL        L?0049
  -------         PROC          COM002C
  -------         ENDPROC       COM002C
  -------         PROC          CHARGE_DET_INIT
  C:1D5AH         LINE#         11
  C:1D5AH         LINE#         12
  C:1D5AH         LINE#         15
  C:1D60H         LINE#         16
  C:1D66H         LINE#         18
  C:1D6CH         LINE#         19
  C:1D72H         LINE#         20
  -------         ENDPROC       CHARGE_DET_INIT
  -------         PROC          DETECT_1KHZ_SIGNAL_100US
  -------         DO            
  X:6102H         SYMBOL        signal_high_duration
  X:6104H         SYMBOL        signal_low_duration
  X:6106H         SYMBOL        detection_state
  X:6107H         SYMBOL        toggle_count_in_period
  X:6109H         SYMBOL        measurement_period_counter
  X:610BH         SYMBOL        is_detected_signal
  X:610CH         SYMBOL        last_pin_state
  X:6100H         SYMBOL        current_pin_state
  X:6101H         SYMBOL        pin_changed
  X:610DH         SYMBOL        consecutive_detection_count
  X:610FH         SYMBOL        undetected_charging_count
  -------         ENDDO         
  C:080FH         LINE#         24
  C:080FH         LINE#         25
  C:080FH         LINE#         37
BL51 BANKED LINKER/LOCATER V6.22.4.0                                                  04/03/2026  18:03:18  PAGE 44


  C:0817H         LINE#         38
  C:082FH         LINE#         48
  C:0835H         LINE#         51
  C:0842H         LINE#         52
  C:0842H         LINE#         53
  C:0848H         LINE#         54
  C:0857H         LINE#         55
  C:0857H         LINE#         56
  C:085BH         LINE#         57
  C:085FH         LINE#         58
  C:0863H         LINE#         59
  C:0863H         LINE#         60
  C:0865H         LINE#         62
  C:0865H         LINE#         63
  C:086CH         LINE#         64
  C:086CH         LINE#         66
  C:0880H         LINE#         67
  C:0880H         LINE#         68
  C:0880H         LINE#         69
  C:088AH         LINE#         70
  C:088AH         LINE#         71
  C:088AH         LINE#         72
  C:088DH         LINE#         73
  C:088FH         LINE#         74
  C:0892H         LINE#         76
  C:0892H         LINE#         77
  C:0895H         LINE#         78
  C:089CH         LINE#         79
  C:08A1H         LINE#         80
  C:08A1H         LINE#         81
  C:08A4H         LINE#         83
  C:08A4H         LINE#         84
  C:08ABH         LINE#         85
  C:08ABH         LINE#         86
  C:08C2H         LINE#         87
  C:08C2H         LINE#         88
  C:08C8H         LINE#         89
  C:08C8H         LINE#         91
  C:08CCH         LINE#         92
  C:08CFH         LINE#         94
  C:08CFH         LINE#         95
  C:08D5H         LINE#         96
  C:08DDH         LINE#         101
  C:08EEH         LINE#         102
  C:08EEH         LINE#         103
  C:08F1H         LINE#         104
  C:08F1H         LINE#         105
  C:08F5H         LINE#         106
  C:08F5H         LINE#         107
  C:08F7H         LINE#         109
  C:08F7H         LINE#         110
  C:08FDH         LINE#         111
  C:08FDH         LINE#         112
  C:0903H         LINE#         113
  C:0907H         LINE#         114
  C:0909H         LINE#         116
  C:0909H         LINE#         117
BL51 BANKED LINKER/LOCATER V6.22.4.0                                                  04/03/2026  18:03:18  PAGE 45


  C:090CH         LINE#         118
  C:090FH         LINE#         123
  C:091EH         LINE#         124
  C:091EH         LINE#         125
  C:0921H         LINE#         126
  C:0921H         LINE#         128
  C:0928H         LINE#         129
  C:0928H         LINE#         130
  C:0928H         LINE#         131
  C:0928H         LINE#         133
  C:0937H         LINE#         134
  C:0937H         LINE#         135
  C:093BH         LINE#         141
  C:0949H         LINE#         142
  C:0949H         LINE#         143
  C:094FH         LINE#         144
  C:0951H         LINE#         146
  C:0951H         LINE#         147
  C:0956H         LINE#         148
  C:0956H         LINE#         149
  C:095DH         LINE#         150
  C:095DH         LINE#         152
  C:0963H         LINE#         153
  C:0963H         LINE#         163
  C:0969H         LINE#         164
  C:0979H         LINE#         165
  C:0979H         LINE#         166
  C:097FH         LINE#         167
  C:097FH         LINE#         170
  C:098EH         LINE#         171
  C:098EH         LINE#         172
  C:0994H         LINE#         174
  C:099EH         LINE#         175
  C:099EH         LINE#         176
  C:09A0H         LINE#         178
  C:09A0H         LINE#         179
  C:09A7H         LINE#         180
  C:09A7H         LINE#         182
  C:09AFH         LINE#         183
  -------         ENDPROC       DETECT_1KHZ_SIGNAL_100US
  -------         PROC          CHARGE_DET
  -------         DO            
  X:6111H         SYMBOL        adc_val
  X:60ECH         SYMBOL        voltage_mv
  -------         ENDDO         
  C:10F0H         LINE#         186
  C:10F0H         LINE#         187
  C:10F0H         LINE#         189
  C:10F7H         LINE#         191
  C:10FFH         LINE#         192
  C:10FFH         LINE#         193
  C:1104H         LINE#         194
  C:1111H         LINE#         195
  C:1111H         LINE#         202
  C:1131H         LINE#         204
  C:1139H         LINE#         205
  C:1139H         LINE#         206
BL51 BANKED LINKER/LOCATER V6.22.4.0                                                  04/03/2026  18:03:18  PAGE 46


  C:113FH         LINE#         207
  C:1141H         LINE#         209
  C:1141H         LINE#         210
  C:1146H         LINE#         211
  C:1146H         LINE#         213
  C:1152H         LINE#         214
  C:1152H         LINE#         215
  C:1158H         LINE#         218
  C:115DH         LINE#         219
  C:1161H         LINE#         220
  C:1163H         LINE#         221
  C:116FH         LINE#         222
  C:116FH         LINE#         223
  C:1173H         LINE#         224
  C:1173H         LINE#         227
  C:1179H         LINE#         228
  C:1179H         LINE#         229
  C:117FH         LINE#         230
  C:117FH         LINE#         231
  C:1184H         LINE#         232
  C:1184H         LINE#         234
  C:118AH         LINE#         235
  C:118AH         LINE#         236
  C:118DH         LINE#         237
  C:1194H         LINE#         238
  C:1194H         LINE#         239
  C:1194H         LINE#         240
  -------         ENDPROC       CHARGE_DET
  -------         ENDMOD        CHARGE_DET

  -------         MODULE        LOW_POWER
  C:0000H         SYMBOL        _ICE_DUMMY_
  D:00BAH         PUBLIC        LP_CON
  D:008DH         PUBLIC        LP_WKCON
  D:008EH         PUBLIC        LP_WKPND
  D:00A8H         PUBLIC        IE0
  D:00A9H         PUBLIC        IE1
  D:00AAH         PUBLIC        IE2
  D:00ABH         PUBLIC        IE3
  B:00A8H.7       PUBLIC        IE_EA
  D:00B8H         PUBLIC        IP0
  D:00B1H         PUBLIC        IP1
  D:00B2H         PUBLIC        IP2
  D:00B3H         PUBLIC        IP3
  D:00B4H         PUBLIC        IP4
  D:00B5H         PUBLIC        IP5
  D:00B6H         PUBLIC        IP6
  D:00B7H         PUBLIC        IP7
  D:00D2H         PUBLIC        UART0_CON0
  D:00D1H         PUBLIC        TMR_ALLCON
  D:00ACH         PUBLIC        FLASH_TIMEREG1
  D:0099H         PUBLIC        ADC_CHS0
  C:0F86H         PUBLIC        low_power_handle
  C:19EFH         PUBLIC        low_power_enter_timer_callback
  X:6146H         SYMBOL        is_low_power_enter_enable
  C:1DA3H         PUBLIC        is_low_power_condition_establish
  C:0CD0H         PUBLIC        low_power_in
BL51 BANKED LINKER/LOCATER V6.22.4.0                                                  04/03/2026  18:03:18  PAGE 47


  C:18F4H         PUBLIC        low_power_out
  C:1DBBH         PUBLIC        WUT_IRQHandler
  -------         PROC          IS_LOW_POWER_CONDITION_ESTABLISH
  C:1DA3H         LINE#         8
  C:1DA3H         LINE#         9
  C:1DA3H         LINE#         11
  C:1DBAH         LINE#         12
  -------         ENDPROC       IS_LOW_POWER_CONDITION_ESTABLISH
  -------         PROC          LOW_POWER_ENTER_TIMER_CALLBACK
  -------         DO            
  X:6144H         SYMBOL        cnt
  -------         ENDDO         
  C:19EFH         LINE#         15
  C:19EFH         LINE#         16
  C:19EFH         LINE#         18
  C:19F5H         LINE#         19
  C:19F5H         LINE#         20
  C:19FFH         LINE#         21
  C:1A0EH         LINE#         22
  C:1A0EH         LINE#         23
  C:1A12H         LINE#         24
  C:1A17H         LINE#         25
  C:1A17H         LINE#         26
  C:1A18H         LINE#         28
  C:1A18H         LINE#         29
  C:1A1FH         LINE#         30
  C:1A23H         LINE#         31
  C:1A23H         LINE#         32
  -------         ENDPROC       LOW_POWER_ENTER_TIMER_CALLBACK
  -------         PROC          LOW_POWER_IN
  C:0CD0H         LINE#         34
  C:0CD0H         LINE#         35
  C:0CD0H         LINE#         40
  C:0CD3H         LINE#         41
  C:0CD6H         LINE#         42
  C:0CD9H         LINE#         43
  C:0CDCH         LINE#         45
  C:0CE2H         LINE#         46
  C:0CE8H         LINE#         48
  C:0CEFH         LINE#         50
  C:0CF2H         LINE#         51
  C:0CF8H         LINE#         53
  C:0CFDH         LINE#         54
  C:0D00H         LINE#         63
  C:0D06H         LINE#         64
  C:0D0CH         LINE#         66
  C:0D12H         LINE#         67
  C:0D18H         LINE#         70
  C:0D1EH         LINE#         71
  C:0D22H         LINE#         72
  C:0D28H         LINE#         75
  C:0D2EH         LINE#         76
  C:0D32H         LINE#         77
  C:0D37H         LINE#         95
  C:0D3BH         LINE#         96
  C:0D41H         LINE#         100
  C:0D46H         LINE#         101
BL51 BANKED LINKER/LOCATER V6.22.4.0                                                  04/03/2026  18:03:18  PAGE 48


  C:0D4AH         LINE#         103
  C:0D51H         LINE#         109
  C:0D54H         LINE#         117
  C:0D5AH         LINE#         118
  C:0D60H         LINE#         119
  C:0D66H         LINE#         120
  C:0D6CH         LINE#         122
  C:0D6FH         LINE#         123
  C:0D72H         LINE#         124
  C:0D75H         LINE#         127
  C:0D78H         LINE#         128
  C:0D7BH         LINE#         130
  C:0D7EH         LINE#         131
  C:0D81H         LINE#         134
  C:0D84H         LINE#         135
  C:0D86H         LINE#         138
  C:0D8DH         LINE#         139
  C:0D91H         LINE#         143
  C:0D96H         LINE#         144
  C:0D9DH         LINE#         146
  C:0DA4H         LINE#         148
  C:0DABH         LINE#         149
  C:0DB2H         LINE#         150
  C:0DB5H         LINE#         152
  C:0DBCH         LINE#         153
  C:0DC3H         LINE#         158
  C:0DC6H         LINE#         166
  -------         ENDPROC       LOW_POWER_IN
  -------         PROC          LOW_POWER_OUT
  C:18F4H         LINE#         168
  C:18F4H         LINE#         169
  C:18F4H         LINE#         171
  C:18F7H         LINE#         172
  C:18FEH         LINE#         173
  C:1905H         LINE#         175
  C:190AH         LINE#         181
  C:1911H         LINE#         182
  C:1916H         LINE#         183
  C:191DH         LINE#         185
  C:1924H         LINE#         186
  C:192BH         LINE#         188
  C:192EH         LINE#         189
  C:1931H         LINE#         190
  C:1938H         LINE#         196
  -------         ENDPROC       LOW_POWER_OUT
  C:1035H         SYMBOL        L?0106
  -------         PROC          LOW_POWER_HANDLE
  -------         DO            
  X:60ECH         SYMBOL        is_back_to_low_power
  X:60EDH         SYMBOL        adc_val
  C:0FA0H         SYMBOL        label_low_power_in
  -------         ENDDO         
  C:0F86H         LINE#         198
  C:0F86H         LINE#         199
  C:0F86H         LINE#         200
  C:0F8CH         LINE#         203
  C:0F99H         LINE#         204
BL51 BANKED LINKER/LOCATER V6.22.4.0                                                  04/03/2026  18:03:18  PAGE 49


  C:0F99H         LINE#         205
  C:0FA0H         LINE#         206
  C:0FA0H         LINE#         208
  C:0FA0H         LINE#         210
  C:0FA0H         LINE#         211
  C:0FA0H         LINE#         213
  C:0FA3H         LINE#         214
  C:0FA6H         LINE#         215
  C:0FABH         LINE#         219
  C:0FABH         LINE#         220
  C:0FABH         LINE#         221
  C:0FAEH         LINE#         222
  C:0FB1H         LINE#         228
  C:0FB3H         LINE#         229
  C:0FB3H         LINE#         230
  C:0FB6H         LINE#         232
  C:0FBEH         LINE#         233
  C:0FBEH         LINE#         235
  C:0FC3H         LINE#         239
  C:0FC3H         LINE#         241
  C:0FC5H         LINE#         242
  C:0FC5H         LINE#         243
  C:0FC8H         LINE#         245
  C:0FF7H         LINE#         246
  C:0FF7H         LINE#         247
  C:0FFCH         LINE#         251
  C:0FFCH         LINE#         253
  C:1001H         LINE#         254
  C:1008H         LINE#         255
  C:1013H         LINE#         257
  C:1016H         LINE#         267
  C:101BH         LINE#         268
  C:101BH         LINE#         269
  C:1020H         LINE#         270
  C:1020H         LINE#         272
  C:1029H         LINE#         273
  C:1029H         LINE#         277
  C:1029H         LINE#         278
  C:1029H         LINE#         280
  C:102DH         LINE#         281
  C:1031H         LINE#         282
  C:1031H         LINE#         284
  C:1034H         LINE#         285
  -------         ENDPROC       LOW_POWER_HANDLE
  -------         PROC          WUT_IRQHANDLER
  C:1DBBH         LINE#         288
  C:1DC1H         LINE#         291
  C:1DC1H         LINE#         296
  C:1DC8H         LINE#         297
  C:1DC8H         LINE#         298
  C:1DCCH         LINE#         299
  C:1DCCH         LINE#         302
  C:1DCCH         LINE#         303
  -------         ENDPROC       WUT_IRQHANDLER
  -------         ENDMOD        LOW_POWER

  -------         MODULE        ?C?COPY
BL51 BANKED LINKER/LOCATER V6.22.4.0                                                  04/03/2026  18:03:18  PAGE 50


  C:011EH         PUBLIC        ?C?COPY
  -------         ENDMOD        ?C?COPY

  -------         MODULE        ?C?CLDPTR
  C:0144H         PUBLIC        ?C?CLDPTR
  -------         ENDMOD        ?C?CLDPTR

  -------         MODULE        ?C?CLDOPTR
  C:015DH         PUBLIC        ?C?CLDOPTR
  -------         ENDMOD        ?C?CLDOPTR

  -------         MODULE        ?C?CILDOPTR
  C:018AH         PUBLIC        ?C?CILDOPTR
  -------         ENDMOD        ?C?CILDOPTR

  -------         MODULE        ?C?CSTOPTR
  C:01BDH         PUBLIC        ?C?CSTOPTR
  -------         ENDMOD        ?C?CSTOPTR

  -------         MODULE        ?C?UIDIV
  C:01DFH         PUBLIC        ?C?UIDIV
  -------         ENDMOD        ?C?UIDIV

  -------         MODULE        ?C?IILDX
  C:0234H         PUBLIC        ?C?IILDX
  -------         ENDMOD        ?C?IILDX

  -------         MODULE        ?C?LADD
  C:024AH         PUBLIC        ?C?LADD
  -------         ENDMOD        ?C?LADD

  -------         MODULE        ?C?ULDIV
  C:0293H         PUBLIC        ?C?ULDIV
  -------         ENDMOD        ?C?ULDIV

  -------         MODULE        ?C?SLCMP
  C:0325H         PUBLIC        ?C?SLCMP
  -------         ENDMOD        ?C?SLCMP

  -------         MODULE        ?C?ULCMP
  C:033BH         PUBLIC        ?C?ULCMP
  -------         ENDMOD        ?C?ULCMP

  -------         MODULE        ?C?LLDXDATA
  C:034CH         PUBLIC        ?C?LLDXDATA
  -------         ENDMOD        ?C?LLDXDATA

  -------         MODULE        ?C?LLDXDATA0
  C:0358H         PUBLIC        ?C?LLDXDATA0
  -------         ENDMOD        ?C?LLDXDATA0

  -------         MODULE        ?C?LSTXDATA
  C:0364H         PUBLIC        ?C?LSTXDATA
  -------         ENDMOD        ?C?LSTXDATA

  -------         MODULE        ?C?LSTKXDATA
  C:0370H         PUBLIC        ?C?LSTKXDATA
BL51 BANKED LINKER/LOCATER V6.22.4.0                                                  04/03/2026  18:03:18  PAGE 51


  -------         ENDMOD        ?C?LSTKXDATA

  -------         MODULE        ?C?PLDXDATA
  C:03A1H         PUBLIC        ?C?PLDXDATA
  -------         ENDMOD        ?C?PLDXDATA

  -------         MODULE        ?C?PSTXDATA
  C:03AAH         PUBLIC        ?C?PSTXDATA
  -------         ENDMOD        ?C?PSTXDATA

  -------         MODULE        ?C?PLDOPTR
  C:03B3H         PUBLIC        ?C?PLDOPTR
  -------         ENDMOD        ?C?PLDOPTR

  -------         MODULE        ?C?CCASE
  C:03E3H         PUBLIC        ?C?CCASE
  -------         ENDMOD        ?C?CCASE

  -------         MODULE        ?C?ICALL
  C:0409H         PUBLIC        ?C?ICALL
  C:040DH         PUBLIC        ?C?ICALL2
  -------         ENDMOD        ?C?ICALL

  -------         MODULE        ?C?LIMUL
  C:040FH         PUBLIC        ?C?LIMUL
  -------         ENDMOD        ?C?LIMUL

  -------         MODULE        ?C?MEMSET
  C:043CH         PUBLIC        ?C?MEMSET
  -------         ENDMOD        ?C?MEMSET

  -------         MODULE        ?C?PLDIDATA
  C:0468H         PUBLIC        ?C?PLDIDATA
  -------         ENDMOD        ?C?PLDIDATA

  -------         MODULE        ?C?PLDPDATA
  C:0471H         PUBLIC        ?C?PLDPDATA
  -------         ENDMOD        ?C?PLDPDATA

  -------         MODULE        ?C?PLDCODE
  C:047AH         PUBLIC        ?C?PLDCODE
  -------         ENDMOD        ?C?PLDCODE

Program Size: data=9.3 xdata=330 code=7991
LINK/LOCATE RUN COMPLETE.  0 WARNING(S),  0 ERROR(S)
