BL51 BANKED LINKER/LOCATER V6.22.4.0                                                    07/21/2026  18:51:08  PAGE 1


BL51 BANKED LINKER/LOCATER V6.22.4.0, INVOKED BY:
C:\KEIL_V5\C51\BIN\BL51.EXE .\Release\Objects\STARTUP.obj, .\Release\Objects\system.obj, .\Release\Objects\adc.obj, .\Re
>> lease\Objects\pwm.obj, .\Release\Objects\timer0.obj, .\Release\Objects\timer1.obj, .\Release\Objects\uart0.obj, .\Rel
>> ease\Objects\main.obj, .\Release\Objects\uart_data_handle.obj, .\Release\Objects\key_driver.obj, .\Release\Objects\ad
>> _key.obj, .\Release\Objects\user_test.obj, .\Release\Objects\led.obj, .\Release\Objects\battery_monitor.obj, .\Releas
>> e\Objects\bluetooth_ic_handle.obj, .\Release\Objects\charge_det.obj, .\Release\Objects\low_power.obj, .\Release\Objec
>> ts\bat_scan.obj, .\Release\Objects\led_bat_lev.obj TO .\Release\Objects\Demo PRINT (.\Release\Listings\Demo.m51) RAMS
>> IZE (256) CODE (0X0000-0X3EEF) XDATA (0X6000-0X66FF)


MEMORY MODEL: LARGE


INPUT MODULES INCLUDED:
  .\Release\Objects\STARTUP.obj (?C_STARTUP)
  .\Release\Objects\system.obj (SYSTEM)
  .\Release\Objects\adc.obj (ADC)
  .\Release\Objects\pwm.obj (PWM)
  .\Release\Objects\timer0.obj (TIMER0)
  .\Release\Objects\timer1.obj (TIMER1)
  .\Release\Objects\uart0.obj (UART0)
  .\Release\Objects\main.obj (MAIN)
  .\Release\Objects\uart_data_handle.obj (UART_DATA_HANDLE)
  .\Release\Objects\key_driver.obj (KEY_DRIVER)
  .\Release\Objects\ad_key.obj (AD_KEY)
  .\Release\Objects\user_test.obj (USER_TEST)
  .\Release\Objects\led.obj (LED)
  .\Release\Objects\battery_monitor.obj (BATTERY_MONITOR)
  .\Release\Objects\bluetooth_ic_handle.obj (BLUETOOTH_IC_HANDLE)
  .\Release\Objects\charge_det.obj (CHARGE_DET)
  .\Release\Objects\low_power.obj (LOW_POWER)
  .\Release\Objects\bat_scan.obj (BAT_SCAN)
  .\Release\Objects\led_bat_lev.obj (LED_BAT_LEV)
  C:\KEIL_V5\C51\LIB\C51L.LIB (?C_INIT)
  C:\KEIL_V5\C51\LIB\C51L.LIB (?C?COPY)
  C:\KEIL_V5\C51\LIB\C51L.LIB (?C?CLDPTR)
  C:\KEIL_V5\C51\LIB\C51L.LIB (?C?CLDOPTR)
  C:\KEIL_V5\C51\LIB\C51L.LIB (?C?CILDOPTR)
  C:\KEIL_V5\C51\LIB\C51L.LIB (?C?CSTOPTR)
  C:\KEIL_V5\C51\LIB\C51L.LIB (?C?UIDIV)
  C:\KEIL_V5\C51\LIB\C51L.LIB (?C?IILDX)
  C:\KEIL_V5\C51\LIB\C51L.LIB (?C?LADD)
  C:\KEIL_V5\C51\LIB\C51L.LIB (?C?ULDIV)
  C:\KEIL_V5\C51\LIB\C51L.LIB (?C?SLCMP)
  C:\KEIL_V5\C51\LIB\C51L.LIB (?C?ULCMP)
  C:\KEIL_V5\C51\LIB\C51L.LIB (?C?LLDXDATA)
  C:\KEIL_V5\C51\LIB\C51L.LIB (?C?LLDXDATA0)
  C:\KEIL_V5\C51\LIB\C51L.LIB (?C?LSTXDATA)
  C:\KEIL_V5\C51\LIB\C51L.LIB (?C?LSTKXDATA)
  C:\KEIL_V5\C51\LIB\C51L.LIB (?C?PLDXDATA)
  C:\KEIL_V5\C51\LIB\C51L.LIB (?C?PSTXDATA)
  C:\KEIL_V5\C51\LIB\C51L.LIB (?C?PLDOPTR)
  C:\KEIL_V5\C51\LIB\C51L.LIB (?C?CCASE)
  C:\KEIL_V5\C51\LIB\C51L.LIB (?C?ICALL)
  C:\KEIL_V5\C51\LIB\C51L.LIB (?C?LIMUL)
  C:\KEIL_V5\C51\LIB\C51L.LIB (?C?MEMSET)
  C:\KEIL_V5\C51\LIB\C51L.LIB (?C?PLDIDATA)
  C:\KEIL_V5\C51\LIB\C51L.LIB (?C?PLDPDATA)
BL51 BANKED LINKER/LOCATER V6.22.4.0                                                  07/21/2026  18:51:08  PAGE 2


  C:\KEIL_V5\C51\LIB\C51L.LIB (?C?PLDCODE)


LINK MAP OF MODULE:  .\Release\Objects\Demo (?C_STARTUP)


            TYPE    BASE      LENGTH    RELOCATION   SEGMENT NAME
            -----------------------------------------------------

            * * * * * * *   D A T A   M E M O R Y   * * * * * * *
            REG     0000H     0008H     ABSOLUTE     "REG BANK 0"
                    0008H     0018H                  *** GAP ***
            BIT     0020H.0   0000H.4   UNIT         ?BI?ADC
            BIT     0020H.4   0000H.1   UNIT         ?BI?CHARGE_DET
                    0020H.5   0000H.3                *** GAP ***
            IDATA   0021H     0001H     UNIT         ?STACK

            * * * * * * *  X D A T A   M E M O R Y  * * * * * * *
                    0000H     6000H                  *** GAP ***
            XDATA   6000H     00DBH     UNIT         ?XD?BAT_SCAN
            XDATA   60DBH     0086H     UNIT         ?XD?UART0
            XDATA   6161H     0039H     UNIT         ?XD?AD_KEY
            XDATA   619AH     0027H     UNIT         ?XD?CHARGE_DET
            XDATA   61C1H     001AH     UNIT         ?XD?UART_DATA_HANDLE
            XDATA   61DBH     0019H     UNIT         _XDATA_GROUP_
            XDATA   61F4H     0016H     UNIT         ?XD?BATTERY_MONITOR
            XDATA   620AH     000FH     UNIT         ?XD?LED_BAT_LEV
            XDATA   6219H     000EH     UNIT         ?XD?LED
            XDATA   6227H     0009H     UNIT         ?XD?ADC
            XDATA   6230H     0006H     UNIT         ?XD?LOW_POWER
            XDATA   6236H     0004H     UNIT         ?XD?KEY_DRIVER
            XDATA   623AH     0002H     UNIT         ?XD?BLUETOOTH_IC_HANDLE

            * * * * * * *   C O D E   M E M O R Y   * * * * * * *
            CODE    0000H     0003H     ABSOLUTE     
            CODE    0003H     000CH     ABSOLUTE     
            CODE    000FH     000FH     UNIT         ?PR?UART_RECEIVER_TIMEOUT_ADD?UART_DATA_HANDLE
            CODE    001EH     0003H     ABSOLUTE     
            CODE    0021H     0003H     ABSOLUTE     
            CODE    0024H     001BH     UNIT         ?PR?_ADC_CLEAR_UPDATE_FLAG?ADC
            CODE    003FH     0003H     ABSOLUTE     
            CODE    0042H     0003H     ABSOLUTE     
            CODE    0045H     0006H     UNIT         ?PR?LED_BAT_LEV_STA_IDLE_HANDLE?LED_BAT_LEV
            CODE    004BH     0003H     ABSOLUTE     
            CODE    004EH     0438H     UNIT         ?C?LIB_CODE
            CODE    0486H     02C9H     UNIT         ?C_INITSEG
            CODE    074FH     028DH     UNIT         ?PR?LED_BAT_LEV_STA_DISCHARGE_HANDLE?LED_BAT_LEV
            CODE    09DCH     01AAH     UNIT         ?PR?DETECT_1KHZ_SIGNAL_100US?CHARGE_DET
            CODE    0B86H     0193H     UNIT         ?PR?_KEY_DRIVER_SCAN?KEY_DRIVER
            CODE    0D19H     0157H     UNIT         ?PR?DETECT_DISCHARGE_1KHZ_SIGNAL_100US?CHARGE_DET
            CODE    0E70H     0128H     UNIT         ?PR?LOW_POWER_HANDLE?LOW_POWER
            CODE    0F98H     0127H     UNIT         ?PR?CHARGE_DET?CHARGE_DET
            CODE    10BFH     0114H     UNIT         ?PR?LED_BAT_LEV_STA_CHARGING_HANDLE?LED_BAT_LEV
            CODE    11D3H     0111H     UNIT         ?PR?LED_SLOW_ADJUST_ISR?LED
            CODE    12E4H     010BH     UNIT         ?PR?LOW_POWER_IN?LOW_POWER
            CODE    13EFH     00EAH     UNIT         ?PR?LED_RED_BLUE_FLASH_1MS_ISR?LED
            CODE    14D9H     00D1H     UNIT         ?PR?BATTTERY_MONITOR_1MS_ISR?BATTERY_MONITOR
BL51 BANKED LINKER/LOCATER V6.22.4.0                                                  07/21/2026  18:51:08  PAGE 3


            CODE    15AAH     00CFH     UNIT         ?PR?SYSTEM_INIT?SYSTEM
            CODE    1679H     00ADH     UNIT         ?PR?_BAT_DISCHARGE_TIME_CNT_UPDATE?BATTERY_MONITOR
            CODE    1726H     00A5H     UNIT         ?PR?_UART_RECEIVER_PROCESS_BYTE?UART_DATA_HANDLE
            CODE    17CBH     009BH     UNIT         ?PR?AD_KEY_HANDLE?AD_KEY
            CODE    1866H     0096H     UNIT         ?PR?LED_BAT_LEV
            CODE    18FCH     0093H     UNIT         ?PR?LED
            CODE    198FH     008CH     UNIT         ?C_C51STARTUP
            CODE    1A1BH     008BH     UNIT         ?PR?PWM_INIT?PWM
            CODE    1AA6H     0087H     UNIT         ?PR?ADC_IRQHANDLER?ADC
            CODE    1B2DH     0087H     UNIT         ?PR?_BAT_CHARGE_TIME_CNT_UPDATE?BATTERY_MONITOR
            CODE    1BB4H     0083H     UNIT         ?PR?BATTERY_MONITOR_HANDLE?BATTERY_MONITOR
            CODE    1C37H     0079H     UNIT         ?PR?UART_DATA_HANDLE?UART_DATA_HANDLE
            CODE    1CB0H     0076H     UNIT         ?PR?BATTERY_VOLTAGE_UPDATE_BY_ISR?BAT_SCAN
            CODE    1D26H     0074H     UNIT         ?PR?_LED_STATUS_SET?LED
            CODE    1D9AH     006CH     UNIT         ?PR?TIMR0_IRQHANDLER?TIMER0
            CODE    1E06H     0067H     UNIT         ?PR?LED_BAT_LEV_HANDLE?LED_BAT_LEV
            CODE    1E6DH     0066H     UNIT         ?PR?ADC_SCAN?ADC
            CODE    1ED3H     0065H     UNIT         ?PR?LED_BAT_LEV_STA_CHARGE_BEGIN_ANIM_HANDLE?LED_BAT_LEV
            CODE    1F38H     005FH     UNIT         ?PR?SEND_LOW_BAT_TIMER_CALLBACK?BATTERY_MONITOR
            CODE    1F97H     0057H     UNIT         ?PR?LOW_POWER_ENTER_TIMER_CALLBACK?LOW_POWER
            CODE    1FEEH     0053H     UNIT         ?PR?MAIN?MAIN
            CODE    2041H     0053H     UNIT         ?PR?_LED_BAT_LEV_INIT_BY_VOL?LED_BAT_LEV
            CODE    2094H     004EH     UNIT         ?PR?LED_INIT?LED
            CODE    20E2H     004CH     UNIT         ?PR?_AD_KEY_VAL_TO_AD_KEY_INDEX?AD_KEY
            CODE    212EH     004BH     UNIT         ?PR?_ADC_CHANNEL_SEL?ADC
            CODE    2179H     004AH     UNIT         ?PR?_AD_KEY_GET_EVENT?AD_KEY
            CODE    21C3H     004AH     UNIT         ?PR?LOW_POWER_OUT?LOW_POWER
            CODE    220DH     0048H     UNIT         ?PR?TIMR1_IRQHANDLER?TIMER1
            CODE    2255H     0047H     UNIT         ?PR?_UART0_RXBUFFER_PUT_BYTE?UART0
            CODE    229CH     0045H     UNIT         ?PR?_UART_DATA_SEND_CMD?UART_DATA_HANDLE
            CODE    22E1H     0045H     UNIT         ?PR?BAT_VOL_HISTORY_BUFF_GET_AVG?BAT_SCAN
            CODE    2326H     0043H     UNIT         ?PR?BAT_SCAN
            CODE    2369H     0042H     UNIT         ?PR?UART0_RXBUFFER_GET_BYTE?UART0
            CODE    23ABH     003DH     UNIT         ?PR?_ADC_UPDATE_VAL?ADC
            CODE    23E8H     003CH     UNIT         ?PR?BATTERY_MONITOR
            CODE    2424H     003AH     UNIT         ?PR?UART0_INIT?UART0
            CODE    245EH     0039H     UNIT         ?PR?BAT_VOL_UPDATE_TIMER_CALLBACK?BAT_SCAN
            CODE    2497H     0036H     UNIT         ?PR?LED_BAT_LEV_DISLPLAY_1MS_ISR?LED_BAT_LEV
            CODE    24CDH     0034H     UNIT         ?PR?UART0_IRQHANDLER?UART0
            CODE    2501H     0033H     UNIT         ?PR?AD_KEY_GET_KEY_VAL?AD_KEY
            CODE    2534H     002FH     UNIT         ?PR?BAT_SCAN?BAT_SCAN
            CODE    2563H     002EH     UNIT         ?PR?_ADC_GET_VAL?ADC
            CODE    2591H     002EH     UNIT         ?PR?ADC
            CODE    25BFH     002EH     UNIT         ?PR?BAT_VOL_HISTORY_BUFF_ADD_TIMER_CALLBACK?BAT_SCAN
            CODE    25EDH     002BH     UNIT         ?PR?CHARGE_DET
            CODE    2618H     002AH     UNIT         ?PR?LED_STATUS_SWITCH?LED
            CODE    2642H     0026H     UNIT         ?PR?LED_BAT_LEV_STA_ALERT_HANDLE?LED_BAT_LEV
            CODE    2668H     0025H     UNIT         ?PR?_ADC_GET_UPDATE_FLAG?ADC
            CODE    268DH     0024H     UNIT         ?PR?IS_LOW_POWER_CONDITION_ESTABLISH?LOW_POWER
            CODE    26B1H     0023H     UNIT         ?PR?_UART0_SENDBUF?UART0
            CODE    26D4H     0022H     UNIT         ?PR?ADC_INIT?ADC
            CODE    26F6H     0022H     UNIT         ?PR?UART_RECEIVER_PROCESS_CHECKSUM?UART_DATA_HANDLE
            CODE    2718H     0022H     UNIT         ?PR?_GET_BATTERY_VOLTAGE_BY_ADC?BAT_SCAN
            CODE    273AH     0021H     UNIT         ?PR?USER_INIT?MAIN
            CODE    275BH     0021H     UNIT         ?PR?KEY_DRIVER
            CODE    277CH     001BH     UNIT         ?PR?TIMER0_INIT?TIMER0
            CODE    2797H     001BH     UNIT         ?PR?TIMER1_INIT?TIMER1
BL51 BANKED LINKER/LOCATER V6.22.4.0                                                  07/21/2026  18:51:08  PAGE 4


            CODE    27B2H     001AH     UNIT         ?PR?BLUETOOTH_IC_HANDLE_INIT?BLUETOOTH_IC_HANDLE
            CODE    27CCH     001AH     UNIT         ?PR?_BAT_VOL_HISTORY_BUFF_ADD?BAT_SCAN
            CODE    27E6H     0019H     UNIT         ?PR?CHARGE_DET_INIT?CHARGE_DET
            CODE    27FFH     0018H     UNIT         ?PR?_DELAY_MS?SYSTEM
            CODE    2817H     0018H     UNIT         ?PR?WUT_IRQHANDLER?LOW_POWER
            CODE    282FH     0017H     UNIT         ?PR?ADC_GET_VAL_ONCE?ADC
            CODE    2846H     0017H     UNIT         ?PR?UART_DATA_HANDLE
            CODE    285DH     0016H     UNIT         ?PR?PWM
            CODE    2873H     0016H     UNIT         ?PR?BAT_GET_AVG_VOL_PERIOD_ADD?BAT_SCAN
            CODE    2889H     0016H     UNIT         ?PR?_BAT_VOL_HISTORY_BUFF_INIT?BAT_SCAN
            CODE    289FH     0015H     UNIT         ?PR?BLE_IC_ENABLE?BLUETOOTH_IC_HANDLE
            CODE    28B4H     0015H     UNIT         ?PR?LED_BAT_LEV_STA_CHARGE_BEGIN_HANDLE?LED_BAT_LEV
            CODE    28C9H     0013H     UNIT         ?PR?UART_RECEIVER_TIMEOUT_HANDLER?UART_DATA_HANDLE
            CODE    28DCH     0012H     UNIT         ?PR?ADC_INIT_WHEN_LOW_PWR_OUT?ADC
            CODE    28EEH     0012H     UNIT         ?PR?UART_RECEIVER_RESET?UART_DATA_HANDLE
            CODE    2900H     0011H     UNIT         ?PR?ADC_PIN_INIT?ADC
            CODE    2911H     000FH     UNIT         ?PR?AD_KEY
            CODE    2920H     000FH     UNIT         ?PR?LED_CTL_INIT?LED
            CODE    292FH     000DH     UNIT         ?PR?LED_YELLOW_ON?LED
            CODE    293CH     000DH     UNIT         ?PR?LED_WHITE_ON?LED
            CODE    2949H     000BH     UNIT         ?PR?_DELAY?SYSTEM
            CODE    2954H     000AH     UNIT         ?PR?LOW_POWER
            CODE    295EH     0009H     UNIT         ?PR?_PWM_SET_CHANNEL_0_DUTY?PWM
            CODE    2967H     0009H     UNIT         ?PR?_PWM_SET_CHANNEL_1_DUTY?PWM
            CODE    2970H     0009H     UNIT         ?PR?UART0_RXBUFFER_GET_COUNT?UART0
            CODE    2979H     0009H     UNIT         ?PR?LED_BAT_LEV_STA_CHARGE_END_HANDLE?LED_BAT_LEV
            CODE    2982H     0008H     UNIT         ?PR?_UART0_SENDBYTE?UART0
            CODE    298AH     0008H     UNIT         ?CO?UART_DATA_HANDLE
            CODE    2992H     0008H     UNIT         ?PR?LED_YELLOW_OFF?LED
            CODE    299AH     0008H     UNIT         ?PR?LED_WHITE_OFF?LED
            CODE    29A2H     0008H     UNIT         ?PR?BLE_IC_DISABLE_POST?BLUETOOTH_IC_HANDLE
            CODE    29AAH     0007H     UNIT         ?PR?UART0
            CODE    29B1H     0005H     UNIT         ?PR?BLE_IC_DISABLE_PRE?BLUETOOTH_IC_HANDLE
            CODE    29B6H     0003H     UNIT         ?PR?CHARGE_DET_TIME_ADD?CHARGE_DET



OVERLAY MAP OF MODULE:   .\Release\Objects\Demo (?C_STARTUP)


SEGMENT                                            XDATA_GROUP
  +--> CALLED SEGMENT                            START    LENGTH
----------------------------------------------------------------
?C_C51STARTUP                                    -----    -----
  +--> ?PR?MAIN?MAIN
  +--> ?C_INITSEG

?PR?MAIN?MAIN                                    -----    -----
  +--> ?PR?SYSTEM_INIT?SYSTEM
  +--> ?PR?USER_INIT?MAIN
  +--> ?PR?_DELAY_MS?SYSTEM
  +--> ?PR?_KEY_DRIVER_SCAN?KEY_DRIVER
  +--> ?PR?AD_KEY_HANDLE?AD_KEY
  +--> ?PR?UART_DATA_HANDLE?UART_DATA_HANDLE
  +--> ?PR?CHARGE_DET?CHARGE_DET
  +--> ?PR?BAT_SCAN?BAT_SCAN
  +--> ?PR?LED_BAT_LEV_HANDLE?LED_BAT_LEV
BL51 BANKED LINKER/LOCATER V6.22.4.0                                                  07/21/2026  18:51:08  PAGE 5


  +--> ?PR?BATTERY_MONITOR_HANDLE?BATTERY_MO...
  +--> ?PR?LOW_POWER_HANDLE?LOW_POWER

?PR?SYSTEM_INIT?SYSTEM                           -----    -----
  +--> ?PR?_DELAY?SYSTEM
  +--> ?PR?_DELAY_MS?SYSTEM

?PR?_DELAY_MS?SYSTEM                             -----    -----
  +--> ?PR?_DELAY?SYSTEM

?PR?USER_INIT?MAIN                               -----    -----
  +--> ?PR?ADC_PIN_INIT?ADC
  +--> ?PR?ADC_INIT?ADC
  +--> ?PR?LED_INIT?LED
  +--> ?PR?UART0_INIT?UART0
  +--> ?PR?PWM_INIT?PWM
  +--> ?PR?BLUETOOTH_IC_HANDLE_INIT?BLUETOOT...
  +--> ?PR?UART_RECEIVER_RESET?UART_DATA_HANDLE
  +--> ?PR?LED_CTL_INIT?LED
  +--> ?PR?CHARGE_DET_INIT?CHARGE_DET
  +--> ?PR?TIMER0_INIT?TIMER0
  +--> ?PR?TIMER1_INIT?TIMER1

?PR?ADC_INIT?ADC                                 -----    -----
  +--> ?PR?_DELAY_MS?SYSTEM

?PR?LED_INIT?LED                                 -----    -----
  +--> ?PR?LED

?PR?PWM_INIT?PWM                                 -----    -----
  +--> ?PR?PWM

?PR?_KEY_DRIVER_SCAN?KEY_DRIVER                  61DBH    0002H
  +--> ?PR?KEY_DRIVER

?PR?AD_KEY_HANDLE?AD_KEY                         61DBH    0001H
  +--> ?PR?_AD_KEY_GET_EVENT?AD_KEY
  +--> ?PR?LED_STATUS_SWITCH?LED
  +--> ?PR?_UART_DATA_SEND_CMD?UART_DATA_HANDLE
  +--> ?PR?BLE_IC_DISABLE_PRE?BLUETOOTH_IC_H...
  +--> ?PR?BLE_IC_ENABLE?BLUETOOTH_IC_HANDLE

?PR?_AD_KEY_GET_EVENT?AD_KEY                     -----    -----
  +--> ?PR?AD_KEY

?PR?LED_STATUS_SWITCH?LED                        -----    -----
  +--> ?PR?_LED_STATUS_SET?LED

?PR?_LED_STATUS_SET?LED                          61DCH    0001H
  +--> ?PR?LED_YELLOW_OFF?LED
  +--> ?PR?LED_WHITE_OFF?LED
  +--> ?PR?LED_WHITE_ON?LED
  +--> ?PR?LED_YELLOW_ON?LED

?PR?LED_WHITE_ON?LED                             -----    -----
  +--> ?PR?_PWM_SET_CHANNEL_1_DUTY?PWM

BL51 BANKED LINKER/LOCATER V6.22.4.0                                                  07/21/2026  18:51:08  PAGE 6


?PR?_PWM_SET_CHANNEL_1_DUTY?PWM                  -----    -----
  +--> ?PR?PWM

?PR?LED_YELLOW_ON?LED                            -----    -----
  +--> ?PR?_PWM_SET_CHANNEL_0_DUTY?PWM

?PR?_PWM_SET_CHANNEL_0_DUTY?PWM                  -----    -----
  +--> ?PR?PWM

?PR?_UART_DATA_SEND_CMD?UART_DATA_HANDLE         61DCH    0009H
  +--> ?CO?UART_DATA_HANDLE
  +--> ?PR?_UART0_SENDBUF?UART0

?PR?_UART0_SENDBUF?UART0                         61E5H    0003H
  +--> ?PR?_UART0_SENDBYTE?UART0

?PR?BLE_IC_DISABLE_PRE?BLUETOOTH_IC_H...         -----    -----
  +--> ?PR?_UART_DATA_SEND_CMD?UART_DATA_HANDLE

?PR?BLE_IC_ENABLE?BLUETOOTH_IC_HANDLE            -----    -----
  +--> ?PR?_DELAY_MS?SYSTEM
  +--> ?PR?_UART_DATA_SEND_CMD?UART_DATA_HANDLE

?PR?UART_DATA_HANDLE?UART_DATA_HANDLE            -----    -----
  +--> ?PR?UART_RECEIVER_RESET?UART_DATA_HANDLE
  +--> ?PR?UART_RECEIVER_TIMEOUT_HANDLER?UAR...
  +--> ?PR?UART0_RXBUFFER_GET_COUNT?UART0
  +--> ?PR?UART0_RXBUFFER_GET_BYTE?UART0
  +--> ?PR?_UART_RECEIVER_PROCESS_BYTE?UART_...
  +--> ?PR?BLE_IC_DISABLE_POST?BLUETOOTH_IC_...

?PR?UART_RECEIVER_TIMEOUT_HANDLER?UAR...         -----    -----
  +--> ?PR?UART_RECEIVER_RESET?UART_DATA_HANDLE

?PR?UART0_RXBUFFER_GET_BYTE?UART0                -----    -----
  +--> ?PR?UART0

?PR?_UART_RECEIVER_PROCESS_BYTE?UART_...         -----    -----
  +--> ?PR?UART_DATA_HANDLE
  +--> ?PR?UART_RECEIVER_PROCESS_CHECKSUM?UA...

?PR?CHARGE_DET?CHARGE_DET                        61DBH    0002H
  +--> ?PR?_ADC_GET_UPDATE_FLAG?ADC
  +--> ?PR?_ADC_CLEAR_UPDATE_FLAG?ADC
  +--> ?PR?_ADC_GET_VAL?ADC
  +--> ?PR?CHARGE_DET

?PR?BAT_SCAN?BAT_SCAN                            -----    -----
  +--> ?PR?BAT_SCAN
  +--> ?PR?BAT_VOL_HISTORY_BUFF_GET_AVG?BAT_...

?PR?BAT_VOL_HISTORY_BUFF_GET_AVG?BAT_...         61DBH    0005H
  +--> ?PR?BAT_SCAN

?PR?BATTERY_MONITOR_HANDLE?BATTERY_MO...         -----    -----
  +--> ?PR?_LED_STATUS_SET?LED
  +--> ?PR?_UART_DATA_SEND_CMD?UART_DATA_HANDLE
BL51 BANKED LINKER/LOCATER V6.22.4.0                                                  07/21/2026  18:51:08  PAGE 7


  +--> ?PR?_DELAY_MS?SYSTEM
  +--> ?PR?BLE_IC_DISABLE_PRE?BLUETOOTH_IC_H...
  +--> ?PR?BLE_IC_ENABLE?BLUETOOTH_IC_HANDLE

?PR?LOW_POWER_HANDLE?LOW_POWER                   61DBH    0007H
  +--> ?PR?LOW_POWER
  +--> ?PR?LOW_POWER_IN?LOW_POWER
  +--> ?PR?LOW_POWER_OUT?LOW_POWER
  +--> ?PR?ADC_PIN_INIT?ADC
  +--> ?PR?ADC_INIT_WHEN_LOW_PWR_OUT?ADC
  +--> ?PR?_ADC_CHANNEL_SEL?ADC
  +--> ?PR?_DELAY_MS?SYSTEM
  +--> ?PR?ADC_GET_VAL_ONCE?ADC
  +--> ?PR?_GET_BATTERY_VOLTAGE_BY_ADC?BAT_SCAN
  +--> ?PR?USER_INIT?MAIN

?PR?LOW_POWER_IN?LOW_POWER                       -----    -----
  +--> ?PR?_DELAY_MS?SYSTEM

?PR?ADC_GET_VAL_ONCE?ADC                         -----    -----
  +--> ?PR?ADC

?PR?ADC                                          -----    -----
  +--> ?PR?_ADC_CHANNEL_SEL?ADC

?C_INITSEG                                       -----    -----
  +--> ?PR?AD_KEY_GET_KEY_VAL?AD_KEY

?PR?AD_KEY_GET_KEY_VAL?AD_KEY                    61DBH    0001H
  +--> ?PR?_ADC_GET_UPDATE_FLAG?ADC
  +--> ?PR?_ADC_CLEAR_UPDATE_FLAG?ADC
  +--> ?PR?_ADC_GET_VAL?ADC
  +--> ?PR?_AD_KEY_VAL_TO_AD_KEY_INDEX?AD_KEY

?PR?_AD_KEY_VAL_TO_AD_KEY_INDEX?AD_KEY           61DCH    0002H

*** NEW ROOT ***************************************************

?PR?ADC_IRQHANDLER?ADC                           61E8H    0002H
  +--> ?PR?ADC
  +--> ?PR?_ADC_UPDATE_VAL?ADC
  +--> ?PR?BATTERY_VOLTAGE_UPDATE_BY_ISR?BAT...

?PR?BATTERY_VOLTAGE_UPDATE_BY_ISR?BAT...         61EAH    0004H
  +--> ?PR?_ADC_GET_UPDATE_FLAG?ADC
  +--> ?PR?_ADC_CLEAR_UPDATE_FLAG?ADC
  +--> ?PR?_ADC_GET_VAL?ADC
  +--> ?PR?_GET_BATTERY_VOLTAGE_BY_ADC?BAT_SCAN
  +--> ?PR?BAT_SCAN
  +--> ?PR?_BAT_VOL_HISTORY_BUFF_INIT?BAT_SCAN
  +--> ?PR?_LED_BAT_LEV_INIT_BY_VOL?LED_BAT_LEV
  +--> ?PR?_BAT_CHARGE_TIME_CNT_UPDATE?BATTE...
  +--> ?PR?_BAT_DISCHARGE_TIME_CNT_UPDATE?BA...

?PR?_BAT_VOL_HISTORY_BUFF_INIT?BAT_SCAN          -----    -----
  +--> ?PR?BAT_SCAN

BL51 BANKED LINKER/LOCATER V6.22.4.0                                                  07/21/2026  18:51:08  PAGE 8


?PR?_BAT_DISCHARGE_TIME_CNT_UPDATE?BA...         61F0H    0002H
  +--> ?PR?BATTERY_MONITOR

*** NEW ROOT ***************************************************

?PR?TIMR0_IRQHANDLER?TIMER0                      -----    -----
  +--> ?PR?ADC_SCAN?ADC
  +--> ?PR?CHARGE_DET_TIME_ADD?CHARGE_DET
  +--> ?PR?UART_RECEIVER_TIMEOUT_ADD?UART_DA...
  +--> ?PR?BAT_VOL_UPDATE_TIMER_CALLBACK?BAT...
  +--> ?PR?BAT_VOL_HISTORY_BUFF_ADD_TIMER_CA...
  +--> ?PR?BAT_GET_AVG_VOL_PERIOD_ADD?BAT_SCAN
  +--> ?PR?LED_SLOW_ADJUST_ISR?LED
  +--> ?PR?LED_RED_BLUE_FLASH_1MS_ISR?LED
  +--> ?PR?LOW_POWER_ENTER_TIMER_CALLBACK?LO...
  +--> ?PR?SEND_LOW_BAT_TIMER_CALLBACK?BATTE...
  +--> ?PR?LED_BAT_LEV_DISLPLAY_1MS_ISR?LED_...
  +--> ?PR?BATTTERY_MONITOR_1MS_ISR?BATTERY_...

?PR?ADC_SCAN?ADC                                 -----    -----
  +--> ?PR?ADC

?PR?BAT_VOL_HISTORY_BUFF_ADD_TIMER_CA...         -----    -----
  +--> ?PR?BAT_SCAN
  +--> ?PR?_BAT_VOL_HISTORY_BUFF_ADD?BAT_SCAN

?PR?_BAT_VOL_HISTORY_BUFF_ADD?BAT_SCAN           -----    -----
  +--> ?PR?BAT_SCAN

?PR?BAT_GET_AVG_VOL_PERIOD_ADD?BAT_SCAN          -----    -----
  +--> ?PR?BAT_SCAN

?PR?LED_SLOW_ADJUST_ISR?LED                      -----    -----
  +--> ?PR?LED
  +--> ?PR?_PWM_SET_CHANNEL_0_DUTY?PWM
  +--> ?PR?_PWM_SET_CHANNEL_1_DUTY?PWM

?PR?LED_RED_BLUE_FLASH_1MS_ISR?LED               61F0H    0002H
  +--> ?PR?LED

?PR?LOW_POWER_ENTER_TIMER_CALLBACK?LO...         -----    -----
  +--> ?PR?IS_LOW_POWER_CONDITION_ESTABLISH?...

?PR?SEND_LOW_BAT_TIMER_CALLBACK?BATTE...         -----    -----
  +--> ?PR?BATTERY_MONITOR

?PR?LED_BAT_LEV_DISLPLAY_1MS_ISR?LED_...         -----    -----
  +--> ?PR?LED_BAT_LEV_STA_IDLE_HANDLE?LED_B...
  +--> ?PR?LED_BAT_LEV_STA_CHARGE_BEGIN_HAND...
  +--> ?PR?LED_BAT_LEV_STA_CHARGE_BEGIN_ANIM...
  +--> ?PR?LED_BAT_LEV_STA_CHARGING_HANDLE?L...
  +--> ?PR?LED_BAT_LEV_STA_CHARGE_END_HANDLE...
  +--> ?PR?LED_BAT_LEV_STA_ALERT_HANDLE?LED_...
  +--> ?PR?LED_BAT_LEV_STA_DISCHARGE_HANDLE?...

?PR?LED_BAT_LEV_STA_IDLE_HANDLE?LED_B...         -----    -----
  +--> ?PR?LED_BAT_LEV
BL51 BANKED LINKER/LOCATER V6.22.4.0                                                  07/21/2026  18:51:08  PAGE 9



?PR?LED_BAT_LEV_STA_CHARGE_BEGIN_HAND...         -----    -----
  +--> ?PR?LED_BAT_LEV

?PR?LED_BAT_LEV_STA_CHARGE_BEGIN_ANIM...         -----    -----
  +--> ?PR?LED_BAT_LEV

?PR?LED_BAT_LEV_STA_CHARGING_HANDLE?L...         -----    -----
  +--> ?PR?LED_BAT_LEV

?PR?LED_BAT_LEV_STA_ALERT_HANDLE?LED_...         -----    -----
  +--> ?PR?LED_BAT_LEV

?PR?LED_BAT_LEV_STA_DISCHARGE_HANDLE?...         61F0H    0001H
  +--> ?PR?LED_BAT_LEV

?PR?BATTTERY_MONITOR_1MS_ISR?BATTERY_...         -----    -----
  +--> ?PR?BATTERY_MONITOR
  +--> ?PR?_BAT_VOL_HISTORY_BUFF_INIT?BAT_SCAN
  +--> ?PR?_BAT_DISCHARGE_TIME_CNT_UPDATE?BA...
  +--> ?PR?_BAT_CHARGE_TIME_CNT_UPDATE?BATTE...

*** NEW ROOT ***************************************************

?PR?TIMR1_IRQHANDLER?TIMER1                      -----    -----
  +--> ?PR?DETECT_1KHZ_SIGNAL_100US?CHARGE_DET
  +--> ?PR?DETECT_DISCHARGE_1KHZ_SIGNAL_100U...

?PR?DETECT_1KHZ_SIGNAL_100US?CHARGE_DET          61F2H    0001H
  +--> ?PR?CHARGE_DET

?PR?DETECT_DISCHARGE_1KHZ_SIGNAL_100U...         61F2H    0001H
  +--> ?PR?CHARGE_DET

*** NEW ROOT ***************************************************

?PR?UART0_IRQHANDLER?UART0                       61F3H    0001H
  +--> ?PR?_UART0_RXBUFFER_PUT_BYTE?UART0

?PR?_UART0_RXBUFFER_PUT_BYTE?UART0               -----    -----
  +--> ?PR?UART0



SYMBOL TABLE OF MODULE:  .\Release\Objects\Demo (?C_STARTUP)

  VALUE           TYPE          NAME
  ----------------------------------

  -------         MODULE        ?C_STARTUP
  C:198FH         SEGMENT       ?C_C51STARTUP
  I:0021H         SEGMENT       ?STACK
  C:0000H         PUBLIC        ?C_STARTUP
  D:00E0H         SYMBOL        ACC
  D:00F0H         SYMBOL        B
  D:0083H         SYMBOL        DPH
  D:0082H         SYMBOL        DPL
BL51 BANKED LINKER/LOCATER V6.22.4.0                                                  07/21/2026  18:51:08  PAGE 10


  N:0000H         SYMBOL        IBPSTACK
  N:0100H         SYMBOL        IBPSTACKTOP
  N:0080H         SYMBOL        IDATALEN
  C:1992H         SYMBOL        IDATALOOP
  N:0000H         SYMBOL        PBPSTACK
  N:0100H         SYMBOL        PBPSTACKTOP
  N:0000H         SYMBOL        PDATALEN
  N:0000H         SYMBOL        PDATASTART
  N:0000H         SYMBOL        PPAGE
  N:0000H         SYMBOL        PPAGEENABLE
  D:00A0H         SYMBOL        PPAGE_SFR
  D:0081H         SYMBOL        SP
  C:198FH         SYMBOL        STARTUP1
  N:0000H         SYMBOL        XBPSTACK
  N:0000H         SYMBOL        XBPSTACKTOP
  N:0000H         SYMBOL        XDATALEN
  N:0000H         SYMBOL        XDATASTART
  C:0000H         LINE#         126
  C:198FH         LINE#         133
  C:1991H         LINE#         134
  C:1992H         LINE#         135
  C:1993H         LINE#         136
  C:1995H         LINE#         185
  C:1998H         LINE#         196
  -------         ENDMOD        ?C_STARTUP

  -------         MODULE        SYSTEM
  C:0000H         SYMBOL        _ICE_DUMMY_
  D:00A7H         PUBLIC        FLASH_TIMEREG0
  D:00ACH         PUBLIC        FLASH_TIMEREG1
  C:2949H         PUBLIC        _delay
  C:27FFH         PUBLIC        _delay_ms
  C:15AAH         PUBLIC        system_init
  -------         PROC          _DELAY
  D:0006H         SYMBOL        cnt
  C:2949H         LINE#         37
  C:2949H         LINE#         38
  C:2949H         LINE#         39
  C:2953H         LINE#         40
  C:2953H         LINE#         41
  C:2953H         LINE#         42
  -------         ENDPROC       _DELAY
  -------         PROC          _DELAY_MS
  D:0002H         SYMBOL        ms
  C:27FFH         LINE#         49
  C:2803H         LINE#         50
  C:2803H         LINE#         51
  C:280DH         LINE#         52
  C:280DH         LINE#         53
  C:2814H         LINE#         54
  C:2816H         LINE#         55
  -------         ENDPROC       _DELAY_MS
  -------         PROC          SYSTEM_INIT
  -------         DO            
  D:0007H         SYMBOL        i
  -------         ENDDO         
  C:15AAH         LINE#         62
BL51 BANKED LINKER/LOCATER V6.22.4.0                                                  07/21/2026  18:51:08  PAGE 11


  C:15AAH         LINE#         63
  C:15AAH         LINE#         66
  C:15B1H         LINE#         67
  C:15BEH         LINE#         68
  C:15C1H         LINE#         69
  C:15C4H         LINE#         70
  C:15CAH         LINE#         71
  C:15D0H         LINE#         72
  C:15D6H         LINE#         76
  C:15D8H         LINE#         77
  C:15D8H         LINE#         78
  C:15E5H         LINE#         79
  C:15EAH         LINE#         81
  C:1678H         LINE#         82
  -------         ENDPROC       SYSTEM_INIT
  -------         ENDMOD        SYSTEM

  -------         MODULE        ADC
  C:0000H         SYMBOL        _ICE_DUMMY_
  D:00A8H         PUBLIC        IE0
  D:00A9H         PUBLIC        IE1
  D:00AAH         PUBLIC        IE2
  D:00ABH         PUBLIC        IE3
  B:00A8H.7       PUBLIC        IE_EA
  D:00B8H         PUBLIC        IP0
  D:00B1H         PUBLIC        IP1
  D:00B2H         PUBLIC        IP2
  D:00B3H         PUBLIC        IP3
  D:00B4H         PUBLIC        IP4
  D:00B5H         PUBLIC        IP5
  D:00B6H         PUBLIC        IP6
  D:00B7H         PUBLIC        IP7
  D:0093H         PUBLIC        ADC_DATAH0
  D:0094H         PUBLIC        ADC_DATAL0
  D:0099H         PUBLIC        ADC_CHS0
  X:6227H         PUBLIC        cur_adc_status
  C:2900H         PUBLIC        adc_pin_init
  C:26D4H         PUBLIC        adc_init
  C:1E6DH         PUBLIC        adc_scan
  C:28DCH         PUBLIC        adc_init_when_low_pwr_out
  C:23ABH         PUBLIC        _adc_update_val
  C:2563H         PUBLIC        _adc_get_val
  C:2668H         PUBLIC        _adc_get_update_flag
  C:0024H         PUBLIC        _adc_clear_update_flag
  C:212EH         PUBLIC        _adc_channel_sel
  C:282FH         PUBLIC        adc_get_val_once
  X:6228H         SYMBOL        adc_adkey_val
  B:0020H.0       SYMBOL        flag_is_adkey_val_update
  X:622AH         SYMBOL        adc_bat_det_val
  B:0020H.1       SYMBOL        flag_is_adc_bat_det_val_update
  X:622CH         SYMBOL        adc_solar_det_val
  B:0020H.2       SYMBOL        flag_is_adc_solar_det_val_update
  X:622EH         SYMBOL        adc_type_c_det_val
  B:0020H.3       SYMBOL        flag_is_adc_type_c_det_val_update
  C:1AA6H         PUBLIC        ADC_IRQHandler
  C:2591H         SYMBOL        Com0067
  C:2591H         SYMBOL        L?0104
BL51 BANKED LINKER/LOCATER V6.22.4.0                                                  07/21/2026  18:51:08  PAGE 12


  C:2591H         SYMBOL        L?0105
  C:259BH         SYMBOL        L?0106
  C:259BH         SYMBOL        L?0107
  C:25A4H         SYMBOL        L?0108
  C:25A4H         SYMBOL        L?0109
  C:25ABH         SYMBOL        L?0110
  C:25B5H         SYMBOL        L?0111
  -------         PROC          COM0067
  -------         ENDPROC       COM0067
  -------         PROC          ADC_PIN_INIT
  C:2900H         LINE#         26
  C:2900H         LINE#         27
  C:2900H         LINE#         29
  C:2906H         LINE#         32
  C:290CH         LINE#         35
  C:2910H         LINE#         36
  -------         ENDPROC       ADC_PIN_INIT
  -------         PROC          ADC_INIT
  C:26D4H         LINE#         38
  C:26D4H         LINE#         39
  C:26D4H         LINE#         40
  C:26D9H         LINE#         42
  C:26DFH         LINE#         46
  C:26E2H         LINE#         47
  C:26E4H         LINE#         49
  C:26EAH         LINE#         51
  C:26EFH         LINE#         54
  -------         ENDPROC       ADC_INIT
  -------         PROC          _ADC_UPDATE_VAL
  D:0007H         SYMBOL        adc_channel
  D:0004H         SYMBOL        adc_val
  C:23ABH         LINE#         63
  C:23ABH         LINE#         64
  C:23ABH         LINE#         65
  C:23BAH         LINE#         66
  C:23BAH         LINE#         67
  C:23BAH         LINE#         68
  C:23C2H         LINE#         69
  C:23C4H         LINE#         70
  C:23C5H         LINE#         71
  C:23C5H         LINE#         72
  C:23CDH         LINE#         73
  C:23CFH         LINE#         74
  C:23D0H         LINE#         75
  C:23D0H         LINE#         76
  C:23D8H         LINE#         77
  C:23DAH         LINE#         78
  C:23DBH         LINE#         79
  C:23DBH         LINE#         80
  C:23E5H         LINE#         81
  C:23E7H         LINE#         82
  C:23E7H         LINE#         83
  C:23E7H         LINE#         84
  -------         ENDPROC       _ADC_UPDATE_VAL
  -------         PROC          _ADC_GET_VAL
  D:0007H         SYMBOL        adc_channel
  -------         DO            
BL51 BANKED LINKER/LOCATER V6.22.4.0                                                  07/21/2026  18:51:08  PAGE 13


  D:0004H         SYMBOL        ret
  -------         ENDDO         
  C:2563H         LINE#         86
  C:2563H         LINE#         87
  C:2563H         LINE#         88
  C:2566H         LINE#         89
  C:2575H         LINE#         90
  C:2575H         LINE#         91
  C:2575H         LINE#         92
  C:2578H         LINE#         93
  C:257AH         LINE#         94
  C:257AH         LINE#         95
  C:257DH         LINE#         96
  C:257FH         LINE#         97
  C:257FH         LINE#         98
  C:2582H         LINE#         99
  C:2584H         LINE#         100
  C:2584H         LINE#         101
  C:258CH         LINE#         102
  C:258CH         LINE#         104
  C:258CH         LINE#         105
  C:258CH         LINE#         106
  C:258CH         LINE#         108
  C:2590H         LINE#         109
  -------         ENDPROC       _ADC_GET_VAL
  -------         PROC          _ADC_GET_UPDATE_FLAG
  D:0007H         SYMBOL        adc_channel
  -------         DO            
  D:0006H         SYMBOL        ret
  -------         ENDDO         
  C:2668H         LINE#         112
  C:2668H         LINE#         113
  C:2668H         LINE#         114
  C:266AH         LINE#         115
  C:2679H         LINE#         116
  C:2679H         LINE#         117
  C:2679H         LINE#         118
  C:267BH         LINE#         119
  C:267DH         LINE#         120
  C:267DH         LINE#         121
  C:267FH         LINE#         122
  C:2681H         LINE#         123
  C:2681H         LINE#         124
  C:2683H         LINE#         125
  C:2685H         LINE#         126
  C:2685H         LINE#         127
  C:268AH         LINE#         128
  C:268AH         LINE#         130
  C:268AH         LINE#         131
  C:268AH         LINE#         132
  C:268AH         LINE#         134
  C:268CH         LINE#         135
  -------         ENDPROC       _ADC_GET_UPDATE_FLAG
  -------         PROC          _ADC_CLEAR_UPDATE_FLAG
  D:0007H         SYMBOL        adc_channel
  C:0024H         LINE#         138
  C:0024H         LINE#         139
BL51 BANKED LINKER/LOCATER V6.22.4.0                                                  07/21/2026  18:51:08  PAGE 14


  C:0024H         LINE#         140
  C:0033H         LINE#         141
  C:0033H         LINE#         142
  C:0033H         LINE#         143
  C:0035H         LINE#         144
  C:0036H         LINE#         145
  C:0036H         LINE#         146
  C:0038H         LINE#         147
  C:0039H         LINE#         148
  C:0039H         LINE#         149
  C:003BH         LINE#         150
  C:003CH         LINE#         151
  C:003CH         LINE#         152
  C:003EH         LINE#         153
  C:003EH         LINE#         155
  C:003EH         LINE#         156
  C:003EH         LINE#         157
  C:003EH         LINE#         158
  -------         ENDPROC       _ADC_CLEAR_UPDATE_FLAG
  -------         PROC          _ADC_CHANNEL_SEL
  D:0007H         SYMBOL        adc_channel
  C:212EH         LINE#         160
  C:212EH         LINE#         161
  C:212EH         LINE#         162
  C:2135H         LINE#         166
  C:2144H         LINE#         167
  C:2144H         LINE#         168
  C:2144H         LINE#         170
  C:214BH         LINE#         172
  C:214EH         LINE#         173
  C:2150H         LINE#         174
  C:2150H         LINE#         175
  C:2157H         LINE#         178
  C:215AH         LINE#         180
  C:215CH         LINE#         181
  C:215CH         LINE#         185
  C:2163H         LINE#         188
  C:2166H         LINE#         189
  C:2168H         LINE#         191
  C:2168H         LINE#         192
  C:216FH         LINE#         195
  C:2172H         LINE#         196
  C:2172H         LINE#         198
  C:2172H         LINE#         199
  C:2172H         LINE#         200
  C:2172H         LINE#         202
  C:2178H         LINE#         204
  -------         ENDPROC       _ADC_CHANNEL_SEL
  -------         PROC          ADC_INIT_WHEN_LOW_PWR_OUT
  C:28DCH         LINE#         207
  C:28DCH         LINE#         208
  C:28DCH         LINE#         209
  C:28E2H         LINE#         212
  C:28E8H         LINE#         213
  C:28EDH         LINE#         215
  -------         ENDPROC       ADC_INIT_WHEN_LOW_PWR_OUT
  -------         PROC          ADC_GET_VAL_ONCE
BL51 BANKED LINKER/LOCATER V6.22.4.0                                                  07/21/2026  18:51:08  PAGE 15


  C:282FH         LINE#         218
  C:282FH         LINE#         219
  C:282FH         LINE#         220
  C:2835H         LINE#         221
  C:283BH         LINE#         223
  C:283DH         LINE#         224
  C:2845H         LINE#         225
  -------         ENDPROC       ADC_GET_VAL_ONCE
  -------         PROC          ADC_SCAN
  C:1E6DH         LINE#         228
  C:1E6DH         LINE#         229
  C:1E6DH         LINE#         231
  C:1E93H         LINE#         232
  C:1E93H         LINE#         233
  C:1E93H         LINE#         235
  C:1E93H         LINE#         236
  C:1E95H         LINE#         237
  C:1E9BH         LINE#         238
  C:1E9CH         LINE#         239
  C:1E9CH         LINE#         241
  C:1E9CH         LINE#         242
  C:1EA2H         LINE#         243
  C:1EA3H         LINE#         244
  C:1EA3H         LINE#         245
  C:1EA5H         LINE#         246
  C:1EABH         LINE#         247
  C:1EACH         LINE#         248
  C:1EACH         LINE#         253
  C:1EACH         LINE#         254
  C:1EB2H         LINE#         255
  C:1EB3H         LINE#         256
  C:1EB3H         LINE#         257
  C:1EB5H         LINE#         258
  C:1EBBH         LINE#         259
  C:1EBCH         LINE#         260
  C:1EBCH         LINE#         261
  C:1EBCH         LINE#         262
  C:1EC2H         LINE#         263
  C:1EC3H         LINE#         264
  C:1EC3H         LINE#         265
  C:1EC5H         LINE#         266
  C:1ECBH         LINE#         267
  C:1ECCH         LINE#         268
  C:1ECCH         LINE#         269
  C:1ECCH         LINE#         270
  C:1ED2H         LINE#         271
  C:1ED2H         LINE#         273
  C:1ED2H         LINE#         274
  C:1ED2H         LINE#         275
  C:1ED2H         LINE#         276
  -------         ENDPROC       ADC_SCAN
  -------         PROC          ADC_IRQHANDLER
  -------         DO            
  X:61E8H         SYMBOL        adc_val
  -------         ENDDO         
  C:1AA6H         LINE#         278
  C:1AC3H         LINE#         283
BL51 BANKED LINKER/LOCATER V6.22.4.0                                                  07/21/2026  18:51:08  PAGE 16


  C:1AC3H         LINE#         287
  C:1AC9H         LINE#         288
  C:1AC9H         LINE#         289
  C:1ACCH         LINE#         290
  C:1ADBH         LINE#         292
  C:1AEFH         LINE#         293
  C:1AEFH         LINE#         294
  C:1AEFH         LINE#         295
  C:1AF4H         LINE#         296
  C:1AF6H         LINE#         297
  C:1AF6H         LINE#         298
  C:1AFEH         LINE#         299
  C:1B01H         LINE#         300
  C:1B03H         LINE#         301
  C:1B03H         LINE#         302
  C:1B08H         LINE#         303
  C:1B0AH         LINE#         304
  C:1B0AH         LINE#         305
  C:1B12H         LINE#         306
  C:1B12H         LINE#         308
  C:1B12H         LINE#         309
  C:1B12H         LINE#         310
  C:1B12H         LINE#         311
  C:1B12H         LINE#         314
  C:1B12H         LINE#         315
  -------         ENDPROC       ADC_IRQHANDLER
  -------         ENDMOD        ADC

  -------         MODULE        PWM
  C:0000H         SYMBOL        _ICE_DUMMY_
  B:00A0H.7       PUBLIC        P27
  B:00B0H.0       PUBLIC        P30
  C:1A1BH         PUBLIC        pwm_init
  C:295EH         PUBLIC        _pwm_set_channel_0_duty
  C:2967H         PUBLIC        _pwm_set_channel_1_duty
  C:285DH         SYMBOL        Com0004
  C:285DH         SYMBOL        L?0005
  C:2868H         SYMBOL        L?0006
  -------         PROC          COM0004
  -------         ENDPROC       COM0004
  -------         PROC          PWM_INIT
  C:1A1BH         LINE#         3
  C:1A1BH         LINE#         4
  C:1A1BH         LINE#         6
  C:1A21H         LINE#         7
  C:1A25H         LINE#         9
  C:1A27H         LINE#         10
  C:1A2CH         LINE#         13
  C:1A32H         LINE#         14
  C:1A36H         LINE#         16
  C:1A38H         LINE#         17
  C:1A3DH         LINE#         21
  C:1A43H         LINE#         22
  C:1A48H         LINE#         23
  C:1A4DH         LINE#         24
  C:1A51H         LINE#         25
  C:1A53H         LINE#         26
BL51 BANKED LINKER/LOCATER V6.22.4.0                                                  07/21/2026  18:51:08  PAGE 17


  C:1A53H         LINE#         27
  C:1A53H         LINE#         29
  C:1A59H         LINE#         30
  C:1A5FH         LINE#         31
  C:1A65H         LINE#         32
  C:1A6BH         LINE#         33
  C:1A71H         LINE#         37
  C:1A77H         LINE#         38
  C:1A7CH         LINE#         39
  C:1A81H         LINE#         40
  C:1A85H         LINE#         41
  C:1A87H         LINE#         42
  C:1A87H         LINE#         43
  C:1A87H         LINE#         45
  C:1A8DH         LINE#         46
  C:1A93H         LINE#         47
  C:1A99H         LINE#         48
  C:1A9FH         LINE#         49
  C:1AA5H         LINE#         50
  -------         ENDPROC       PWM_INIT
  -------         PROC          _PWM_SET_CHANNEL_0_DUTY
  D:0004H         SYMBOL        channel_duty
  C:295EH         LINE#         53
  C:295EH         LINE#         54
  C:295EH         LINE#         55
  C:2960H         LINE#         56
  C:2960H         LINE#         57
  C:2966H         LINE#         58
  -------         ENDPROC       _PWM_SET_CHANNEL_0_DUTY
  -------         PROC          _PWM_SET_CHANNEL_1_DUTY
  D:0004H         SYMBOL        channel_duty
  C:2967H         LINE#         61
  C:2967H         LINE#         62
  C:2967H         LINE#         63
  C:2969H         LINE#         64
  C:2969H         LINE#         65
  C:296FH         LINE#         66
  -------         ENDPROC       _PWM_SET_CHANNEL_1_DUTY
  -------         ENDMOD        PWM

  -------         MODULE        TIMER0
  C:0000H         SYMBOL        _ICE_DUMMY_
  D:00A8H         PUBLIC        IE0
  D:00A9H         PUBLIC        IE1
  D:00AAH         PUBLIC        IE2
  D:00ABH         PUBLIC        IE3
  B:00A8H.7       PUBLIC        IE_EA
  D:00B8H         PUBLIC        IP0
  D:00B1H         PUBLIC        IP1
  D:00B2H         PUBLIC        IP2
  D:00B3H         PUBLIC        IP3
  D:00B4H         PUBLIC        IP4
  D:00B5H         PUBLIC        IP5
  D:00B6H         PUBLIC        IP6
  D:00B7H         PUBLIC        IP7
  D:00D1H         PUBLIC        TMR_ALLCON
  C:277CH         PUBLIC        timer0_init
BL51 BANKED LINKER/LOCATER V6.22.4.0                                                  07/21/2026  18:51:08  PAGE 18


  C:1D9AH         PUBLIC        TIMR0_IRQHandler
  -------         PROC          TIMER0_INIT
  C:277CH         LINE#         12
  C:277CH         LINE#         13
  C:277CH         LINE#         14
  C:277FH         LINE#         15
  C:2781H         LINE#         17
  C:2784H         LINE#         18
  C:2789H         LINE#         19
  C:278DH         LINE#         20
  C:2792H         LINE#         21
  C:2796H         LINE#         22
  -------         ENDPROC       TIMER0_INIT
  -------         PROC          TIMR0_IRQHANDLER
  C:1D9AH         LINE#         26
  C:1DB7H         LINE#         29
  C:1DB7H         LINE#         34
  C:1DBDH         LINE#         35
  C:1DBDH         LINE#         36
  C:1DC1H         LINE#         42
  C:1DC7H         LINE#         43
  C:1DCAH         LINE#         45
  C:1DCDH         LINE#         46
  C:1DD0H         LINE#         49
  C:1DD3H         LINE#         50
  C:1DD6H         LINE#         51
  C:1DD9H         LINE#         53
  C:1DDCH         LINE#         54
  C:1DDFH         LINE#         57
  C:1DE2H         LINE#         58
  C:1DE5H         LINE#         60
  C:1DE8H         LINE#         62
  C:1DEBH         LINE#         68
  C:1DEBH         LINE#         71
  C:1DEBH         LINE#         72
  -------         ENDPROC       TIMR0_IRQHANDLER
  -------         ENDMOD        TIMER0

  -------         MODULE        TIMER1
  C:0000H         SYMBOL        _ICE_DUMMY_
  D:00A8H         PUBLIC        IE0
  D:00A9H         PUBLIC        IE1
  D:00AAH         PUBLIC        IE2
  D:00ABH         PUBLIC        IE3
  B:00A8H.7       PUBLIC        IE_EA
  D:00B8H         PUBLIC        IP0
  D:00B1H         PUBLIC        IP1
  D:00B2H         PUBLIC        IP2
  D:00B3H         PUBLIC        IP3
  D:00B4H         PUBLIC        IP4
  D:00B5H         PUBLIC        IP5
  D:00B6H         PUBLIC        IP6
  D:00B7H         PUBLIC        IP7
  D:00D1H         PUBLIC        TMR_ALLCON
  C:2797H         PUBLIC        timer1_init
  C:220DH         PUBLIC        TIMR1_IRQHandler
  -------         PROC          TIMER1_INIT
BL51 BANKED LINKER/LOCATER V6.22.4.0                                                  07/21/2026  18:51:08  PAGE 19


  C:2797H         LINE#         9
  C:2797H         LINE#         10
  C:2797H         LINE#         12
  C:279AH         LINE#         13
  C:279CH         LINE#         15
  C:279FH         LINE#         16
  C:27A4H         LINE#         17
  C:27A8H         LINE#         18
  C:27ADH         LINE#         19
  C:27B1H         LINE#         23
  -------         ENDPROC       TIMER1_INIT
  -------         PROC          TIMR1_IRQHANDLER
  C:220DH         LINE#         27
  C:222AH         LINE#         30
  C:222AH         LINE#         34
  C:2230H         LINE#         35
  C:2230H         LINE#         36
  C:2234H         LINE#         39
  C:2237H         LINE#         40
  C:223AH         LINE#         41
  C:223AH         LINE#         44
  C:223AH         LINE#         45
  -------         ENDPROC       TIMR1_IRQHANDLER
  -------         ENDMOD        TIMER1

  -------         MODULE        UART0
  C:0000H         SYMBOL        _ICE_DUMMY_
  D:00A8H         PUBLIC        IE0
  D:00A9H         PUBLIC        IE1
  D:00AAH         PUBLIC        IE2
  D:00ABH         PUBLIC        IE3
  B:00A8H.7       PUBLIC        IE_EA
  D:00B8H         PUBLIC        IP0
  D:00B1H         PUBLIC        IP1
  D:00B2H         PUBLIC        IP2
  D:00B3H         PUBLIC        IP3
  D:00B4H         PUBLIC        IP4
  D:00B5H         PUBLIC        IP5
  D:00B6H         PUBLIC        IP6
  D:00B7H         PUBLIC        IP7
  D:00D2H         PUBLIC        UART0_CON0
  D:00D4H         PUBLIC        UART0_STA
  D:00D5H         PUBLIC        UART0_BAUD0
  D:00D6H         PUBLIC        UART0_BAUD1
  D:00D7H         PUBLIC        UART0_DATA
  C:2424H         PUBLIC        uart0_init
  C:2982H         PUBLIC        _uart0_sendbyte
  C:26B1H         PUBLIC        _uart0_sendbuf
  C:2970H         PUBLIC        uart0_rxbuffer_get_count
  C:2369H         PUBLIC        uart0_rxbuffer_get_byte
  X:60DBH         PUBLIC        uart0_rx_buffer
  C:2255H         SYMBOL        _uart0_rxbuffer_put_byte
  C:24CDH         PUBLIC        UART0_IRQHandler
  C:29AAH         SYMBOL        Com0047
  C:29AAH         SYMBOL        L?0072
  C:29AAH         SYMBOL        L?0073
  -------         PROC          COM0047
BL51 BANKED LINKER/LOCATER V6.22.4.0                                                  07/21/2026  18:51:08  PAGE 20


  -------         ENDPROC       COM0047
  -------         PROC          UART0_INIT
  C:2424H         LINE#         17
  C:2424H         LINE#         18
  C:2424H         LINE#         19
  C:242AH         LINE#         20
  C:242EH         LINE#         21
  C:2435H         LINE#         23
  C:243BH         LINE#         24
  C:2441H         LINE#         25
  C:2447H         LINE#         27
  C:244AH         LINE#         28
  C:244DH         LINE#         29
  C:2450H         LINE#         33
  C:2458H         LINE#         34
  C:245BH         LINE#         35
  C:245DH         LINE#         36
  -------         ENDPROC       UART0_INIT
  -------         PROC          _UART0_SENDBYTE
  D:0007H         SYMBOL        byte
  C:2982H         LINE#         39
  C:2982H         LINE#         40
  C:2982H         LINE#         41
  C:2987H         LINE#         44
  C:2989H         LINE#         48
  -------         ENDPROC       _UART0_SENDBYTE
  -------         PROC          _UART0_SENDBUF
  X:61E5H         SYMBOL        buf
  D:0005H         SYMBOL        len
  -------         DO            
  D:0006H         SYMBOL        i
  -------         ENDDO         
  C:26B1H         LINE#         50
  C:26B7H         LINE#         51
  C:26B7H         LINE#         52
  C:26B9H         LINE#         53
  C:26BEH         LINE#         54
  C:26BEH         LINE#         55
  C:26D0H         LINE#         56
  C:26D3H         LINE#         57
  -------         ENDPROC       _UART0_SENDBUF
  -------         PROC          UART0_RXBUFFER_GET_COUNT
  C:2970H         LINE#         60
  C:2970H         LINE#         61
  C:2970H         LINE#         62
  C:2978H         LINE#         63
  -------         ENDPROC       UART0_RXBUFFER_GET_COUNT
  -------         PROC          UART0_RXBUFFER_GET_BYTE
  -------         DO            
  D:0007H         SYMBOL        rxbyte
  -------         ENDDO         
  C:2369H         LINE#         66
  C:2369H         LINE#         67
  C:2369H         LINE#         70
  C:2373H         LINE#         71
  C:2373H         LINE#         73
  C:2375H         LINE#         74
BL51 BANKED LINKER/LOCATER V6.22.4.0                                                  07/21/2026  18:51:08  PAGE 21


  C:2375H         LINE#         80
  C:237BH         LINE#         81
  C:238AH         LINE#         82
  C:238AH         LINE#         83
  C:238EH         LINE#         84
  C:238EH         LINE#         85
  C:23A0H         LINE#         87
  C:23AAH         LINE#         89
  C:23AAH         LINE#         90
  -------         ENDPROC       UART0_RXBUFFER_GET_BYTE
  -------         PROC          _UART0_RXBUFFER_PUT_BYTE
  D:0007H         SYMBOL        byte
  C:2255H         LINE#         92
  C:2255H         LINE#         93
  C:2255H         LINE#         100
  C:225BH         LINE#         101
  C:226AH         LINE#         102
  C:226AH         LINE#         103
  C:226EH         LINE#         104
  C:226EH         LINE#         105
  C:2280H         LINE#         107
  C:2286H         LINE#         108
  C:2295H         LINE#         109
  C:2295H         LINE#         110
  C:229BH         LINE#         111
  C:229BH         LINE#         112
  -------         ENDPROC       _UART0_RXBUFFER_PUT_BYTE
  -------         PROC          UART0_IRQHANDLER
  -------         DO            
  X:61F3H         SYMBOL        recv_byte
  -------         ENDDO         
  C:24CDH         LINE#         115
  C:24E0H         LINE#         118
  C:24E0H         LINE#         121
  C:24E5H         LINE#         122
  C:24E5H         LINE#         123
  C:24EBH         LINE#         124
  C:24F0H         LINE#         127
  C:24F0H         LINE#         129
  C:24F0H         LINE#         130
  -------         ENDPROC       UART0_IRQHANDLER
  -------         ENDMOD        UART0

  -------         MODULE        MAIN
  C:0000H         SYMBOL        _ICE_DUMMY_
  D:00D9H         PUBLIC        WDT_KEY
  C:273AH         PUBLIC        user_init
  C:1FEEH         PUBLIC        main
  -------         PROC          USER_INIT
  C:273AH         LINE#         37
  C:273AH         LINE#         38
  C:273AH         LINE#         39
  C:273DH         LINE#         40
  C:2740H         LINE#         41
  C:2743H         LINE#         42
  C:2746H         LINE#         43
  C:2749H         LINE#         44
BL51 BANKED LINKER/LOCATER V6.22.4.0                                                  07/21/2026  18:51:08  PAGE 22


  C:274CH         LINE#         46
  C:274FH         LINE#         47
  C:2752H         LINE#         48
  C:2755H         LINE#         51
  C:2758H         LINE#         52
  -------         ENDPROC       USER_INIT
  -------         PROC          MAIN
  C:1FEEH         LINE#         60
  C:1FEEH         LINE#         61
  C:1FEEH         LINE#         63
  C:1FF1H         LINE#         64
  C:1FF4H         LINE#         67
  C:1FF7H         LINE#         68
  C:1FFEH         LINE#         69
  C:2001H         LINE#         72
  C:2006H         LINE#         73
  C:2008H         LINE#         74
  C:200BH         LINE#         75
  C:200DH         LINE#         76
  C:2010H         LINE#         77
  C:2012H         LINE#         78
  C:2015H         LINE#         79
  C:2017H         LINE#         81
  C:201AH         LINE#         82
  C:2021H         LINE#         84
  C:2021H         LINE#         85
  C:2021H         LINE#         86
  C:202AH         LINE#         87
  C:202DH         LINE#         88
  C:2030H         LINE#         90
  C:2033H         LINE#         92
  C:2036H         LINE#         93
  C:2039H         LINE#         94
  C:203CH         LINE#         96
  C:203FH         LINE#         102
  -------         ENDPROC       MAIN
  -------         ENDMOD        MAIN

  -------         MODULE        UART_DATA_HANDLE
  C:0000H         SYMBOL        _ICE_DUMMY_
  C:28EEH         PUBLIC        uart_receiver_reset
  C:000FH         PUBLIC        uart_receiver_timeout_add
  C:26F6H         PUBLIC        uart_receiver_process_checksum
  C:1726H         PUBLIC        _uart_receiver_process_byte
  C:28C9H         PUBLIC        uart_receiver_timeout_handler
  C:1C37H         PUBLIC        uart_data_handle
  C:229CH         PUBLIC        _uart_data_send_cmd
  X:61C2H         SYMBOL        uart_receiver
  C:298AH         SYMBOL        _?ix1000
  C:2846H         SYMBOL        Com0038
  C:2846H         SYMBOL        L?0057
  C:2846H         SYMBOL        L?0058
  -------         PROC          COM0038
  -------         ENDPROC       COM0038
  -------         PROC          UART_RECEIVER_RESET
  C:28EEH         LINE#         13
  C:28EEH         LINE#         14
BL51 BANKED LINKER/LOCATER V6.22.4.0                                                  07/21/2026  18:51:08  PAGE 23


  C:28EEH         LINE#         16
  C:28F3H         LINE#         17
  C:28F7H         LINE#         18
  C:28FBH         LINE#         19
  C:28FFH         LINE#         20
  -------         ENDPROC       UART_RECEIVER_RESET
  -------         PROC          UART_RECEIVER_TIMEOUT_ADD
  C:000FH         LINE#         26
  C:000FH         LINE#         27
  C:000FH         LINE#         28
  C:0015H         LINE#         29
  C:0015H         LINE#         30
  C:001DH         LINE#         31
  C:001DH         LINE#         32
  -------         ENDPROC       UART_RECEIVER_TIMEOUT_ADD
  -------         PROC          UART_RECEIVER_PROCESS_CHECKSUM
  -------         DO            
  D:0006H         SYMBOL        i
  D:0007H         SYMBOL        check_sum
  -------         ENDDO         
  C:26F6H         LINE#         39
  C:26F6H         LINE#         40
  C:26F6H         LINE#         42
  C:26F8H         LINE#         43
  C:26F9H         LINE#         44
  C:26F9H         LINE#         45
  C:2706H         LINE#         46
  C:270BH         LINE#         48
  C:2712H         LINE#         49
  C:2712H         LINE#         50
  C:2715H         LINE#         51
  C:2715H         LINE#         53
  C:2715H         LINE#         60
  C:2717H         LINE#         61
  C:2717H         LINE#         62
  -------         ENDPROC       UART_RECEIVER_PROCESS_CHECKSUM
  -------         PROC          _UART_RECEIVER_PROCESS_BYTE
  D:0005H         SYMBOL        byte
  C:1726H         LINE#         71
  C:1728H         LINE#         72
  C:1728H         LINE#         74
  C:174BH         LINE#         75
  C:174BH         LINE#         76
  C:174BH         LINE#         77
  C:174FH         LINE#         78
  C:174FH         LINE#         79
  C:174FH         LINE#         80
  C:1754H         LINE#         81
  C:1757H         LINE#         82
  C:1757H         LINE#         84
  C:1757H         LINE#         85
  C:175AH         LINE#         86
  C:175AH         LINE#         87
  C:175AH         LINE#         89
  C:175AH         LINE#         90
  C:175EH         LINE#         91
  C:175EH         LINE#         92
BL51 BANKED LINKER/LOCATER V6.22.4.0                                                  07/21/2026  18:51:08  PAGE 24


  C:175EH         LINE#         93
  C:1763H         LINE#         94
  C:1766H         LINE#         95
  C:1766H         LINE#         97
  C:1766H         LINE#         99
  C:1769H         LINE#         100
  C:1769H         LINE#         101
  C:1769H         LINE#         103
  C:1769H         LINE#         104
  C:176CH         LINE#         105
  C:176CH         LINE#         106
  C:176CH         LINE#         107
  C:1771H         LINE#         108
  C:1774H         LINE#         109
  C:1774H         LINE#         111
  C:1774H         LINE#         112
  C:1777H         LINE#         113
  C:1777H         LINE#         114
  C:1777H         LINE#         116
  C:1777H         LINE#         118
  C:1777H         LINE#         119
  C:177CH         LINE#         120
  C:177EH         LINE#         121
  C:177EH         LINE#         123
  C:177EH         LINE#         125
  C:177EH         LINE#         126
  C:1783H         LINE#         127
  C:1785H         LINE#         128
  C:1785H         LINE#         130
  C:1785H         LINE#         131
  C:1788H         LINE#         132
  C:1788H         LINE#         133
  C:1788H         LINE#         134
  C:178DH         LINE#         135
  C:178FH         LINE#         136
  C:178FH         LINE#         138
  C:178FH         LINE#         139
  C:1792H         LINE#         140
  C:1792H         LINE#         141
  C:1792H         LINE#         143
  C:1792H         LINE#         145
  C:1792H         LINE#         146
  C:1798H         LINE#         147
  C:179EH         LINE#         148
  C:179EH         LINE#         150
  C:17A1H         LINE#         151
  C:17A1H         LINE#         153
  C:17A1H         LINE#         154
  C:17A4H         LINE#         155
  C:17A4H         LINE#         156
  C:17A4H         LINE#         158
  C:17A4H         LINE#         159
  C:17A8H         LINE#         160
  C:17A8H         LINE#         161
  C:17BCH         LINE#         162
  C:17C2H         LINE#         163
  C:17C5H         LINE#         164
BL51 BANKED LINKER/LOCATER V6.22.4.0                                                  07/21/2026  18:51:08  PAGE 25


  C:17C5H         LINE#         166
  C:17C5H         LINE#         167
  C:17C8H         LINE#         168
  C:17C8H         LINE#         169
  C:17C8H         LINE#         171
  C:17C8H         LINE#         172
  C:17C8H         LINE#         173
  C:17C8H         LINE#         175
  C:17CAH         LINE#         176
  -------         ENDPROC       _UART_RECEIVER_PROCESS_BYTE
  -------         PROC          UART_RECEIVER_TIMEOUT_HANDLER
  C:28C9H         LINE#         179
  C:28C9H         LINE#         180
  C:28C9H         LINE#         185
  C:28D8H         LINE#         186
  C:28D8H         LINE#         200
  C:28DBH         LINE#         201
  C:28DBH         LINE#         202
  -------         ENDPROC       UART_RECEIVER_TIMEOUT_HANDLER
  -------         PROC          UART_DATA_HANDLE
  -------         DO            
  D:0004H         SYMBOL        recv_byte
  X:61C1H         SYMBOL        initialized
  -------         ENDDO         
  C:1C37H         LINE#         203
  C:1C37H         LINE#         204
  C:1C37H         LINE#         212
  C:1C3DH         LINE#         213
  C:1C3DH         LINE#         214
  C:1C40H         LINE#         215
  C:1C46H         LINE#         216
  C:1C46H         LINE#         221
  C:1C4CH         LINE#         222
  C:1C4CH         LINE#         223
  C:1C4FH         LINE#         224
  C:1C4FH         LINE#         233
  C:1C4FH         LINE#         234
  C:1C4FH         LINE#         235
  C:1C63H         LINE#         238
  C:1C63H         LINE#         252
  C:1C63H         LINE#         253
  C:1C63H         LINE#         255
  C:1C68H         LINE#         258
  C:1C6EH         LINE#         259
  C:1C73H         LINE#         262
  C:1C79H         LINE#         263
  C:1C79H         LINE#         276
  C:1C7CH         LINE#         277
  C:1C7CH         LINE#         278
  C:1C7EH         LINE#         308
  C:1C8AH         LINE#         310
  C:1C8AH         LINE#         312
  C:1C8AH         LINE#         332
  C:1C9AH         LINE#         333
  C:1C9AH         LINE#         334
  C:1C9AH         LINE#         336
  C:1C9FH         LINE#         337
BL51 BANKED LINKER/LOCATER V6.22.4.0                                                  07/21/2026  18:51:08  PAGE 26


  C:1CA1H         LINE#         338
  C:1CA1H         LINE#         340
  C:1CA7H         LINE#         341
  C:1CA9H         LINE#         342
  C:1CA9H         LINE#         350
  C:1CACH         LINE#         351
  C:1CACH         LINE#         353
  C:1CACH         LINE#         357
  C:1CACH         LINE#         358
  C:1CACH         LINE#         361
  C:1CAFH         LINE#         362
  -------         ENDPROC       UART_DATA_HANDLE
  -------         PROC          _UART_DATA_SEND_CMD
  X:61DCH         SYMBOL        cmd
  -------         DO            
  X:61DDH         SYMBOL        buf
  -------         ENDDO         
  C:229CH         LINE#         366
  C:22A1H         LINE#         367
  C:22A1H         LINE#         368
  C:22B4H         LINE#         379
  C:22BDH         LINE#         380
  C:22D6H         LINE#         382
  -------         ENDPROC       _UART_DATA_SEND_CMD
  -------         ENDMOD        UART_DATA_HANDLE

  -------         MODULE        KEY_DRIVER
  C:0000H         SYMBOL        _ICE_DUMMY_
  C:0B86H         PUBLIC        _key_driver_scan
  X:6236H         SYMBOL        is_key_active
  X:6237H         PUBLIC        scan_para
  C:275BH         SYMBOL        Com0021
  C:275BH         SYMBOL        L?0034
  C:275EH         SYMBOL        L?0035
  C:275FH         SYMBOL        L?0036
  C:2765H         SYMBOL        L?0037
  C:2768H         SYMBOL        L?0038
  C:276CH         SYMBOL        L?0039
  C:2772H         SYMBOL        L?0040
  C:2775H         SYMBOL        L?0041
  -------         PROC          COM0021
  -------         ENDPROC       COM0021
  -------         PROC          _KEY_DRIVER_SCAN
  D:0001H         SYMBOL        _scan_para
  -------         DO            
  X:61DBH         SYMBOL        key_event
  D:0007H         SYMBOL        cur_key_value
  X:61DCH         SYMBOL        key_value
  C:0CEEH         SYMBOL        _notify
  C:0D0EH         SYMBOL        _scan_end
  -------         ENDDO         
  C:0B86H         LINE#         17
  C:0B86H         LINE#         19
  C:0B86H         LINE#         24
  C:0B8BH         LINE#         25
  C:0B8DH         LINE#         26
  C:0B91H         LINE#         30
BL51 BANKED LINKER/LOCATER V6.22.4.0                                                  07/21/2026  18:51:08  PAGE 27


  C:0B97H         LINE#         33
  C:0BAAH         LINE#         34
  C:0BAAH         LINE#         36
  C:0BAAH         LINE#         38
  C:0BB4H         LINE#         40
  C:0BBDH         LINE#         46
  C:0BC1H         LINE#         47
  C:0BC1H         LINE#         48
  C:0BC7H         LINE#         49
  C:0BC9H         LINE#         50
  C:0BCFH         LINE#         51
  C:0BCFH         LINE#         52
  C:0BD2H         LINE#         53
  C:0BD2H         LINE#         56
  C:0BE6H         LINE#         57
  C:0BE6H         LINE#         59
  C:0BEDH         LINE#         60
  C:0BF3H         LINE#         62
  C:0BF3H         LINE#         65
  C:0C04H         LINE#         66
  C:0C04H         LINE#         67
  C:0C0FH         LINE#         69
  C:0C0FH         LINE#         72
  C:0C1BH         LINE#         73
  C:0C1BH         LINE#         80
  C:0C1FH         LINE#         81
  C:0C1FH         LINE#         82
  C:0C26H         LINE#         83
  C:0C26H         LINE#         84
  C:0C28H         LINE#         85
  C:0C2EH         LINE#         86
  C:0C30H         LINE#         88
  C:0C30H         LINE#         91
  C:0C30H         LINE#         92
  C:0C38H         LINE#         93
  C:0C38H         LINE#         94
  C:0C3BH         LINE#         96
  C:0C3BH         LINE#         101
  C:0C43H         LINE#         102
  C:0C4FH         LINE#         103
  C:0C4FH         LINE#         104
  C:0C54H         LINE#         105
  C:0C58H         LINE#         106
  C:0C5BH         LINE#         108
  C:0C5BH         LINE#         109
  C:0C61H         LINE#         110
  C:0C61H         LINE#         111
  C:0C61H         LINE#         113
  C:0C63H         LINE#         118
  C:0C63H         LINE#         120
  C:0C63H         LINE#         125
  C:0C67H         LINE#         126
  C:0C67H         LINE#         128
  C:0C78H         LINE#         129
  C:0C78H         LINE#         133
  C:0C89H         LINE#         134
  C:0C89H         LINE#         154
BL51 BANKED LINKER/LOCATER V6.22.4.0                                                  07/21/2026  18:51:08  PAGE 28


  C:0C89H         LINE#         155
  C:0C8BH         LINE#         157
  C:0C8BH         LINE#         158
  C:0C98H         LINE#         160
  C:0C9AH         LINE#         162
  C:0C9AH         LINE#         164
  C:0C9AH         LINE#         165
  C:0CA5H         LINE#         166
  C:0CA8H         LINE#         168
  C:0CA8H         LINE#         169
  C:0CA8H         LINE#         171
  C:0CA8H         LINE#         172
  C:0CA8H         LINE#         174
  C:0CA8H         LINE#         175
  C:0CA8H         LINE#         177
  C:0CA8H         LINE#         179
  C:0CB3H         LINE#         180
  C:0CB3H         LINE#         181
  C:0CBBH         LINE#         182
  C:0CBBH         LINE#         186
  C:0CC1H         LINE#         187
  C:0CC1H         LINE#         188
  C:0CC7H         LINE#         193
  C:0CC9H         LINE#         194
  C:0CD5H         LINE#         195
  C:0CD5H         LINE#         196
  C:0CDAH         LINE#         197
  C:0CE9H         LINE#         199
  C:0CE9H         LINE#         201
  C:0CE9H         LINE#         202
  C:0CE9H         LINE#         204
  C:0CE9H         LINE#         207
  C:0CEEH         LINE#         208
  C:0CEEH         LINE#         210
  C:0CEEH         LINE#         211
  C:0CEEH         LINE#         213
  C:0CEEH         LINE#         216
  C:0CEEH         LINE#         218
  C:0CEEH         LINE#         219
  C:0CF2H         LINE#         220
  C:0CFAH         LINE#         222
  C:0D04H         LINE#         223
  C:0D0EH         LINE#         226
  C:0D0EH         LINE#         235
  C:0D0EH         LINE#         237
  C:0D0EH         LINE#         238
  C:0D18H         LINE#         241
  -------         ENDPROC       _KEY_DRIVER_SCAN
  -------         ENDMOD        KEY_DRIVER

  -------         MODULE        AD_KEY
  C:0000H         SYMBOL        _ICE_DUMMY_
  X:6163H         PUBLIC        ad_key_para
  C:17CBH         PUBLIC        ad_key_handle
  X:6176H         SYMBOL        ad_key_scan_table
  X:6186H         SYMBOL        ad_key_event_table
  C:2501H         PUBLIC        ad_key_get_key_val
BL51 BANKED LINKER/LOCATER V6.22.4.0                                                  07/21/2026  18:51:08  PAGE 29


  C:20E2H         SYMBOL        _ad_key_val_to_ad_key_index
  C:2179H         SYMBOL        _ad_key_get_event
  C:2911H         SYMBOL        Com0036
  C:2911H         SYMBOL        L?0055
  -------         PROC          COM0036
  -------         ENDPROC       COM0036
  -------         PROC          _AD_KEY_VAL_TO_AD_KEY_INDEX
  D:0006H         SYMBOL        ad_key_val
  -------         DO            
  D:0005H         SYMBOL        i
  X:61DCH         SYMBOL        ad_key_index
  -------         ENDDO         
  C:20E2H         LINE#         55
  C:20E2H         LINE#         56
  C:20E2H         LINE#         57
  C:20E4H         LINE#         58
  C:20ECH         LINE#         61
  C:20ECH         LINE#         62
  C:20ECH         LINE#         63
  C:2104H         LINE#         64
  C:2104H         LINE#         65
  C:211EH         LINE#         66
  C:2120H         LINE#         67
  C:2120H         LINE#         68
  C:2125H         LINE#         70
  C:212DH         LINE#         71
  -------         ENDPROC       _AD_KEY_VAL_TO_AD_KEY_INDEX
  -------         PROC          _AD_KEY_GET_EVENT
  D:0007H         SYMBOL        key_val
  D:0005H         SYMBOL        key_event
  -------         DO            
  D:0006H         SYMBOL        ret_key_event
  D:0004H         SYMBOL        key_event_index
  D:0003H         SYMBOL        i
  -------         ENDDO         
  C:2179H         LINE#         81
  C:2179H         LINE#         82
  C:2179H         LINE#         83
  C:217BH         LINE#         84
  C:217CH         LINE#         85
  C:217DH         LINE#         88
  C:2181H         LINE#         89
  C:2181H         LINE#         90
  C:2182H         LINE#         91
  C:2184H         LINE#         92
  C:2188H         LINE#         93
  C:2188H         LINE#         94
  C:218AH         LINE#         95
  C:218CH         LINE#         96
  C:2190H         LINE#         97
  C:2190H         LINE#         98
  C:2192H         LINE#         99
  C:2194H         LINE#         100
  C:2198H         LINE#         101
  C:2198H         LINE#         102
  C:219AH         LINE#         103
  C:219CH         LINE#         105
BL51 BANKED LINKER/LOCATER V6.22.4.0                                                  07/21/2026  18:51:08  PAGE 30


  C:219CH         LINE#         106
  C:219FH         LINE#         107
  C:219FH         LINE#         109
  C:21A5H         LINE#         110
  C:21A5H         LINE#         111
  C:21ACH         LINE#         112
  C:21ACH         LINE#         113
  C:21BBH         LINE#         114
  C:21BDH         LINE#         115
  C:21BDH         LINE#         116
  C:21C0H         LINE#         118
  C:21C2H         LINE#         119
  -------         ENDPROC       _AD_KEY_GET_EVENT
  -------         PROC          AD_KEY_GET_KEY_VAL
  -------         DO            
  X:6161H         SYMBOL        val
  X:61DBH         SYMBOL        ret
  -------         ENDDO         
  C:2501H         LINE#         132
  C:2501H         LINE#         133
  C:2501H         LINE#         135
  C:2507H         LINE#         138
  C:250FH         LINE#         139
  C:250FH         LINE#         140
  C:2514H         LINE#         141
  C:2521H         LINE#         144
  C:2521H         LINE#         146
  C:2531H         LINE#         147
  C:2533H         LINE#         148
  -------         ENDPROC       AD_KEY_GET_KEY_VAL
  -------         PROC          AD_KEY_HANDLE
  -------         DO            
  X:61DBH         SYMBOL        ad_key_event
  -------         ENDDO         
  C:17CBH         LINE#         150
  C:17CBH         LINE#         151
  C:17CBH         LINE#         152
  C:17D0H         LINE#         154
  C:17D9H         LINE#         155
  C:17D9H         LINE#         157
  C:17D9H         LINE#         159
  C:17E6H         LINE#         160
  C:17EBH         LINE#         161
  C:17EDH         LINE#         164
  C:17FCH         LINE#         165
  C:17FCH         LINE#         175
  C:1802H         LINE#         177
  C:1802H         LINE#         179
  C:1828H         LINE#         180
  C:1828H         LINE#         183
  C:1828H         LINE#         187
  C:182BH         LINE#         188
  C:182BH         LINE#         190
  C:182BH         LINE#         194
  C:182BH         LINE#         196
  C:182BH         LINE#         201
  C:182BH         LINE#         203
BL51 BANKED LINKER/LOCATER V6.22.4.0                                                  07/21/2026  18:51:08  PAGE 31


  C:182BH         LINE#         207
  C:182BH         LINE#         211
  C:182BH         LINE#         215
  C:182DH         LINE#         216
  C:182FH         LINE#         218
  C:182FH         LINE#         223
  C:1831H         LINE#         224
  C:1833H         LINE#         226
  C:1833H         LINE#         231
  C:1835H         LINE#         232
  C:1837H         LINE#         234
  C:1837H         LINE#         238
  C:1837H         LINE#         243
  C:1837H         LINE#         248
  C:1839H         LINE#         249
  C:183BH         LINE#         251
  C:183BH         LINE#         257
  C:183DH         LINE#         258
  C:183FH         LINE#         260
  C:183FH         LINE#         266
  C:1841H         LINE#         267
  C:1843H         LINE#         269
  C:1843H         LINE#         273
  C:1843H         LINE#         277
  C:1843H         LINE#         283
  C:1849H         LINE#         284
  C:1849H         LINE#         285
  C:184BH         LINE#         286
  C:184DH         LINE#         287
  C:1854H         LINE#         288
  C:1854H         LINE#         289
  C:1859H         LINE#         290
  C:1859H         LINE#         291
  C:1859H         LINE#         293
  C:1859H         LINE#         299
  C:185FH         LINE#         300
  C:185FH         LINE#         303
  C:1862H         LINE#         304
  C:1862H         LINE#         306
  C:1862H         LINE#         311
  C:1865H         LINE#         312
  C:1865H         LINE#         313
  C:1865H         LINE#         315
  C:1865H         LINE#         319
  C:1865H         LINE#         321
  C:1865H         LINE#         325
  C:1865H         LINE#         327
  C:1865H         LINE#         328
  C:1865H         LINE#         329
  C:1865H         LINE#         330
  -------         ENDPROC       AD_KEY_HANDLE
  -------         ENDMOD        AD_KEY

  -------         MODULE        USER_TEST
  C:0000H         SYMBOL        _ICE_DUMMY_
  -------         ENDMOD        USER_TEST

BL51 BANKED LINKER/LOCATER V6.22.4.0                                                  07/21/2026  18:51:08  PAGE 32


  -------         MODULE        LED
  C:0000H         SYMBOL        _ICE_DUMMY_
  B:0080H.0       PUBLIC        P00
  B:0080H.1       PUBLIC        P01
  B:0080H.2       PUBLIC        P02
  B:0080H.5       PUBLIC        P05
  B:0080H.6       PUBLIC        P06
  B:0090H.3       PUBLIC        P13
  B:00A0H.7       PUBLIC        P27
  B:00B0H.0       PUBLIC        P30
  X:6219H         PUBLIC        led_ctl
  C:2094H         PUBLIC        led_init
  C:292FH         PUBLIC        led_yellow_on
  C:2992H         PUBLIC        led_yellow_off
  C:293CH         PUBLIC        led_white_on
  C:299AH         PUBLIC        led_white_off
  C:2920H         PUBLIC        led_ctl_init
  C:2618H         PUBLIC        led_status_switch
  C:1D26H         PUBLIC        _led_status_set
  C:13EFH         PUBLIC        led_red_blue_flash_1ms_isr
  C:11D3H         PUBLIC        led_slow_adjust_isr
  C:18FCH         SYMBOL        Com0050
  C:18FCH         SYMBOL        L?0081
  C:1908H         SYMBOL        L?0082
  C:1916H         SYMBOL        L?0083
  C:1917H         SYMBOL        L?0084
  C:191CH         SYMBOL        L?0085
  C:1923H         SYMBOL        L?0086
  C:1926H         SYMBOL        L?0087
  C:1929H         SYMBOL        L?0088
  C:1930H         SYMBOL        L?0089
  C:1930H         SYMBOL        L?0090
  C:193DH         SYMBOL        L?0092
  C:194EH         SYMBOL        L?0093
  C:195DH         SYMBOL        L?0094
  C:195DH         SYMBOL        L?0095
  C:1966H         SYMBOL        L?0096
  C:1971H         SYMBOL        L?0097
  C:1972H         SYMBOL        L?0098
  C:1979H         SYMBOL        L?0099
  C:1979H         SYMBOL        L?0100
  C:197FH         SYMBOL        L?0101
  C:1988H         SYMBOL        L?0102
  C:1988H         SYMBOL        L?0103
  -------         PROC          COM0050
  -------         ENDPROC       COM0050
  -------         PROC          LED_INIT
  C:2094H         LINE#         14
  C:2094H         LINE#         15
  C:2094H         LINE#         17
  C:209AH         LINE#         18
  C:209EH         LINE#         19
  C:20A0H         LINE#         20
  C:20A5H         LINE#         23
  C:20ABH         LINE#         24
  C:20AFH         LINE#         25
  C:20B1H         LINE#         26
BL51 BANKED LINKER/LOCATER V6.22.4.0                                                  07/21/2026  18:51:08  PAGE 33


  C:20B4H         LINE#         29
  C:20B4H         LINE#         30
  C:20B7H         LINE#         31
  C:20B9H         LINE#         32
  C:20BEH         LINE#         35
  C:20C3H         LINE#         36
  C:20C7H         LINE#         37
  C:20C9H         LINE#         38
  C:20CCH         LINE#         41
  C:20CCH         LINE#         42
  C:20CFH         LINE#         43
  C:20D1H         LINE#         44
  C:20D4H         LINE#         47
  C:20D8H         LINE#         48
  C:20DCH         LINE#         49
  C:20DEH         LINE#         50
  C:20E1H         LINE#         51
  -------         ENDPROC       LED_INIT
  -------         PROC          LED_CTL_INIT
  C:2920H         LINE#         53
  C:2920H         LINE#         54
  C:2920H         LINE#         63
  -------         ENDPROC       LED_CTL_INIT
  -------         PROC          LED_YELLOW_ON
  C:292FH         LINE#         104
  C:292FH         LINE#         105
  C:292FH         LINE#         107
  C:2935H         LINE#         109
  C:293BH         LINE#         110
  -------         ENDPROC       LED_YELLOW_ON
  -------         PROC          LED_YELLOW_OFF
  C:2992H         LINE#         121
  C:2992H         LINE#         122
  C:2992H         LINE#         123
  C:2994H         LINE#         124
  C:2999H         LINE#         125
  -------         ENDPROC       LED_YELLOW_OFF
  -------         PROC          LED_WHITE_ON
  C:293CH         LINE#         127
  C:293CH         LINE#         128
  C:293CH         LINE#         130
  C:2942H         LINE#         132
  C:2948H         LINE#         133
  -------         ENDPROC       LED_WHITE_ON
  -------         PROC          LED_WHITE_OFF
  C:299AH         LINE#         144
  C:299AH         LINE#         145
  C:299AH         LINE#         146
  C:299CH         LINE#         147
  C:29A1H         LINE#         148
  -------         ENDPROC       LED_WHITE_OFF
  -------         PROC          LED_STATUS_SWITCH
  C:2618H         LINE#         150
  C:2618H         LINE#         151
  C:2618H         LINE#         153
  C:262CH         LINE#         154
  C:262CH         LINE#         155
BL51 BANKED LINKER/LOCATER V6.22.4.0                                                  07/21/2026  18:51:08  PAGE 34


  C:262CH         LINE#         159
  C:262EH         LINE#         160
  C:2630H         LINE#         161
  C:2630H         LINE#         166
  C:2632H         LINE#         167
  C:2634H         LINE#         168
  C:2634H         LINE#         172
  C:2636H         LINE#         173
  C:2638H         LINE#         174
  C:2638H         LINE#         180
  C:263AH         LINE#         181
  C:263CH         LINE#         182
  C:263CH         LINE#         193
  C:2641H         LINE#         194
[...]
  C:1E69H         LINE#         88
  C:1E69H         LINE#         90
  C:1E6CH         LINE#         91
BL51 BANKED LINKER/LOCATER V6.22.4.0                                                  07/21/2026  18:51:08  PAGE 57


  C:1E6CH         LINE#         92
  C:1E6CH         LINE#         93
  -------         ENDPROC       LED_BAT_LEV_HANDLE
  -------         PROC          LED_BAT_LEV_STA_DISCHARGE_HANDLE
  -------         DO            
  X:620AH         SYMBOL        jump_down_cnt_ms
  X:61F0H         SYMBOL        target_bat_lev
  -------         ENDDO         
  C:074FH         LINE#         96
  C:074FH         LINE#         97
  C:074FH         LINE#         100
  C:0755H         LINE#         102
  C:0764H         LINE#         105
  C:0764H         LINE#         107
  C:0769H         LINE#         108
  C:0769H         LINE#         109
  C:0769H         LINE#         110
  C:076BH         LINE#         111
  C:0770H         LINE#         112
  C:0770H         LINE#         113
  C:0770H         LINE#         114
  C:0772H         LINE#         115
  C:077EH         LINE#         116
  C:077EH         LINE#         117
  C:077EH         LINE#         118
  C:0780H         LINE#         119
  C:078CH         LINE#         120
  C:078CH         LINE#         121
  C:078FH         LINE#         122
  C:0791H         LINE#         123
  C:079DH         LINE#         124
  C:079DH         LINE#         125
  C:07A0H         LINE#         126
  C:07A2H         LINE#         128
  C:07A2H         LINE#         131
  C:07A2H         LINE#         132
  C:07A2H         LINE#         133
  C:07A7H         LINE#         134
  C:07A7H         LINE#         136
  C:07ACH         LINE#         137
  C:07ACH         LINE#         138
  C:07B2H         LINE#         139
  C:07B4H         LINE#         140
  C:07C3H         LINE#         141
  C:07C3H         LINE#         142
  C:07C9H         LINE#         143
  C:07CBH         LINE#         144
  C:07D0H         LINE#         145
  C:07D0H         LINE#         146
  C:07D6H         LINE#         147
  C:07D8H         LINE#         148
  C:07E7H         LINE#         149
  C:07E7H         LINE#         150
  C:07EAH         LINE#         151
  C:07ECH         LINE#         153
  C:07ECH         LINE#         154
  C:07EFH         LINE#         155
BL51 BANKED LINKER/LOCATER V6.22.4.0                                                  07/21/2026  18:51:08  PAGE 58


  C:07EFH         LINE#         156
  C:07EFH         LINE#         178
  C:07F9H         LINE#         179
  C:07F9H         LINE#         180
  C:0805H         LINE#         181
  C:0805H         LINE#         186
  C:080FH         LINE#         188
  C:081EH         LINE#         191
  C:081EH         LINE#         193
  C:0831H         LINE#         194
  C:0831H         LINE#         195
  C:0831H         LINE#         196
  C:0839H         LINE#         197
  C:0839H         LINE#         198
  C:0839H         LINE#         199
  C:0839H         LINE#         200
  C:083CH         LINE#         202
  C:083CH         LINE#         203
  C:0847H         LINE#         204
  C:0847H         LINE#         205
  C:0847H         LINE#         206
  C:0847H         LINE#         207
  C:0849H         LINE#         209
  C:0849H         LINE#         210
  C:0858H         LINE#         211
  C:0858H         LINE#         212
  C:0858H         LINE#         213
  C:0858H         LINE#         214
  C:085AH         LINE#         216
  C:085AH         LINE#         217
  C:085AH         LINE#         218
  C:085AH         LINE#         219
  C:085AH         LINE#         220
  C:085AH         LINE#         221
  C:085AH         LINE#         222
  C:085CH         LINE#         224
  C:085CH         LINE#         226
  C:085CH         LINE#         227
  C:085CH         LINE#         228
  C:085CH         LINE#         229
  C:085CH         LINE#         230
  C:0864H         LINE#         231
  C:0864H         LINE#         233
  C:0877H         LINE#         234
  C:0877H         LINE#         235
  C:0877H         LINE#         236
  C:0882H         LINE#         237
  C:0882H         LINE#         238
  C:0882H         LINE#         239
  C:0882H         LINE#         240
  C:0884H         LINE#         242
  C:0884H         LINE#         243
  C:0893H         LINE#         244
  C:0893H         LINE#         245
  C:0893H         LINE#         246
  C:0893H         LINE#         247
  C:0895H         LINE#         249
BL51 BANKED LINKER/LOCATER V6.22.4.0                                                  07/21/2026  18:51:08  PAGE 59


  C:0895H         LINE#         250
  C:08A0H         LINE#         251
  C:08A0H         LINE#         252
  C:08A8H         LINE#         253
  C:08A8H         LINE#         254
  C:08ABH         LINE#         256
  C:08ABH         LINE#         257
  C:08B3H         LINE#         258
  C:08B4H         LINE#         259
  C:08B4H         LINE#         260
  C:08B4H         LINE#         261
  C:08B4H         LINE#         262
  C:08B7H         LINE#         264
  C:08B7H         LINE#         266
  C:08B7H         LINE#         267
  C:08B7H         LINE#         268
  C:08B7H         LINE#         269
  C:08B7H         LINE#         270
  C:08B7H         LINE#         272
  C:08B7H         LINE#         280
  C:08C3H         LINE#         281
  C:08D5H         LINE#         282
  C:08D5H         LINE#         283
  C:08DFH         LINE#         289
  C:08E8H         LINE#         290
  C:08E8H         LINE#         291
  C:08EBH         LINE#         292
  C:08EBH         LINE#         294
  C:08FAH         LINE#         297
  C:08FAH         LINE#         299
  C:090BH         LINE#         300
  C:090BH         LINE#         301
  C:090BH         LINE#         302
  C:0913H         LINE#         303
  C:0913H         LINE#         307
  C:091DH         LINE#         309
  C:091DH         LINE#         310
  C:0920H         LINE#         312
  C:0920H         LINE#         313
  C:0928H         LINE#         314
  C:0928H         LINE#         318
  C:0932H         LINE#         320
  C:0932H         LINE#         321
  C:0935H         LINE#         323
  C:0935H         LINE#         324
  C:0941H         LINE#         325
  C:0941H         LINE#         329
  C:094BH         LINE#         331
  C:094BH         LINE#         332
  C:094DH         LINE#         334
  C:094DH         LINE#         335
  C:094DH         LINE#         336
  C:094DH         LINE#         337
  C:094DH         LINE#         338
  C:0952H         LINE#         339
  C:0952H         LINE#         341
  C:0960H         LINE#         342
BL51 BANKED LINKER/LOCATER V6.22.4.0                                                  07/21/2026  18:51:08  PAGE 60


  C:0960H         LINE#         343
  C:0960H         LINE#         344
  C:0968H         LINE#         345
  C:0968H         LINE#         349
  C:0972H         LINE#         351
  C:0972H         LINE#         352
  C:0974H         LINE#         354
  C:0974H         LINE#         355
  C:0983H         LINE#         356
  C:0983H         LINE#         360
  C:098DH         LINE#         362
  C:098DH         LINE#         363
  C:098FH         LINE#         365
  C:098FH         LINE#         366
  C:0997H         LINE#         367
  C:0997H         LINE#         371
  C:09A1H         LINE#         373
  C:09A1H         LINE#         374
  C:09A1H         LINE#         376
  C:09A1H         LINE#         377
  C:09A1H         LINE#         378
  C:09A1H         LINE#         379
  C:09A1H         LINE#         380
  C:09A1H         LINE#         381
  C:09A1H         LINE#         382
  C:09A1H         LINE#         398
  C:09B5H         LINE#         399
  C:09B5H         LINE#         400
  C:09B5H         LINE#         401
  C:09B5H         LINE#         403
  C:09BBH         LINE#         404
  C:09BBH         LINE#         405
  C:09BBH         LINE#         406
  C:09BEH         LINE#         407
  C:09C0H         LINE#         408
  C:09C1H         LINE#         409
  C:09C1H         LINE#         410
  C:09C1H         LINE#         411
  C:09C1H         LINE#         412
  C:09C4H         LINE#         413
  C:09C6H         LINE#         414
  C:09C7H         LINE#         415
  C:09C7H         LINE#         416
  C:09C9H         LINE#         417
  C:09CBH         LINE#         418
  C:09CBH         LINE#         419
  C:09CBH         LINE#         420
  C:09CDH         LINE#         421
  C:09CDH         LINE#         422
  C:09CFH         LINE#         423
  C:09D1H         LINE#         424
  C:09D1H         LINE#         425
  C:09D1H         LINE#         426
  C:09D3H         LINE#         427
  C:09D3H         LINE#         428
  C:09D5H         LINE#         429
  C:09D7H         LINE#         430
BL51 BANKED LINKER/LOCATER V6.22.4.0                                                  07/21/2026  18:51:08  PAGE 61


  C:09D9H         LINE#         431
  C:09DBH         LINE#         432
  C:09DBH         LINE#         433
  C:09DBH         LINE#         434
  -------         ENDPROC       LED_BAT_LEV_STA_DISCHARGE_HANDLE
  -------         PROC          LED_BAT_LEV_STA_ALERT_HANDLE
  -------         DO            
  X:620EH         SYMBOL        cnt
  -------         ENDDO         
  C:2642H         LINE#         436
  C:2642H         LINE#         437
  C:2642H         LINE#         440
  C:2642H         LINE#         441
  C:2642H         LINE#         442
  C:2645H         LINE#         444
  C:264FH         LINE#         445
  C:265EH         LINE#         446
  C:265EH         LINE#         447
  C:2662H         LINE#         448
  C:2667H         LINE#         449
  C:2667H         LINE#         450
  -------         ENDPROC       LED_BAT_LEV_STA_ALERT_HANDLE
  -------         PROC          LED_BAT_LEV_STA_IDLE_HANDLE
  C:0045H         LINE#         452
  C:0045H         LINE#         453
  C:0045H         LINE#         454
  C:0045H         LINE#         455
  C:0045H         LINE#         456
  C:0048H         LINE#         457
  C:004AH         LINE#         458
  -------         ENDPROC       LED_BAT_LEV_STA_IDLE_HANDLE
  -------         PROC          LED_BAT_LEV_STA_CHARGE_BEGIN_HANDLE
  C:28B4H         LINE#         460
  C:28B4H         LINE#         461
  C:28B4H         LINE#         462
  C:28B4H         LINE#         463
  C:28B4H         LINE#         464
  C:28B7H         LINE#         465
  C:28B9H         LINE#         466
  C:28BEH         LINE#         467
  C:28C2H         LINE#         468
  C:28C8H         LINE#         469
  -------         ENDPROC       LED_BAT_LEV_STA_CHARGE_BEGIN_HANDLE
  -------         PROC          LED_BAT_LEV_STA_CHARGE_BEGIN_ANIM_HANDLE
  C:1ED3H         LINE#         471
  C:1ED3H         LINE#         472
  C:1ED3H         LINE#         473
  C:1ED3H         LINE#         474
  C:1ED8H         LINE#         475
  C:1ED8H         LINE#         476
  C:1EDCH         LINE#         477
  C:1EEDH         LINE#         479
  C:1EEDH         LINE#         480
  C:1EEFH         LINE#         481
  C:1EF5H         LINE#         482
  C:1EF6H         LINE#         483
  C:1F08H         LINE#         485
BL51 BANKED LINKER/LOCATER V6.22.4.0                                                  07/21/2026  18:51:08  PAGE 62


  C:1F08H         LINE#         486
  C:1F0AH         LINE#         487
  C:1F10H         LINE#         488
  C:1F11H         LINE#         489
  C:1F23H         LINE#         491
  C:1F23H         LINE#         492
  C:1F25H         LINE#         493
  C:1F28H         LINE#         494
  C:1F2AH         LINE#         496
  C:1F2AH         LINE#         497
  C:1F31H         LINE#         500
  C:1F37H         LINE#         501
  C:1F37H         LINE#         502
  C:1F37H         LINE#         503
  -------         ENDPROC       LED_BAT_LEV_STA_CHARGE_BEGIN_ANIM_HANDLE
  -------         PROC          LED_BAT_LEV_STA_CHARGING_HANDLE
  -------         DO            
  X:6210H         SYMBOL        led_quick_fill_cnt
  -------         ENDDO         
  C:10BFH         LINE#         505
  C:10BFH         LINE#         506
  C:10BFH         LINE#         509
  C:10BFH         LINE#         512
  C:10CBH         LINE#         513
  C:10CBH         LINE#         514
  C:10D2H         LINE#         517
  C:10E3H         LINE#         518
  C:10E3H         LINE#         519
  C:10E3H         LINE#         520
  C:10E8H         LINE#         521
  C:10EAH         LINE#         522
  C:10EAH         LINE#         523
  C:10EFH         LINE#         524
  C:10F1H         LINE#         525
  C:10F1H         LINE#         526
  C:10F6H         LINE#         527
  C:10F8H         LINE#         528
  C:10F8H         LINE#         529
  C:10FDH         LINE#         530
  C:10FDH         LINE#         531
  C:10FDH         LINE#         532
  C:10FDH         LINE#         534
  C:110FH         LINE#         537
  C:110FH         LINE#         539
  C:1118H         LINE#         540
  C:1118H         LINE#         541
  C:111CH         LINE#         542
  C:111EH         LINE#         544
  C:111EH         LINE#         547
  C:112CH         LINE#         548
  C:112CH         LINE#         549
  C:1138H         LINE#         550
  C:1138H         LINE#         552
  C:1147H         LINE#         553
  C:1147H         LINE#         554
  C:1151H         LINE#         560
  C:1157H         LINE#         561
BL51 BANKED LINKER/LOCATER V6.22.4.0                                                  07/21/2026  18:51:08  PAGE 63


  C:115DH         LINE#         562
  C:115DH         LINE#         563
  C:115DH         LINE#         564
  C:115FH         LINE#         566
  C:115FH         LINE#         567
  C:1169H         LINE#         568
  C:1169H         LINE#         570
  C:1184H         LINE#         573
  C:1184H         LINE#         574
  C:118AH         LINE#         575
  C:118CH         LINE#         577
  C:118CH         LINE#         578
  C:118EH         LINE#         579
  C:11A9H         LINE#         582
  C:11A9H         LINE#         583
  C:11AFH         LINE#         584
  C:11B1H         LINE#         586
  C:11B1H         LINE#         587
  C:11B3H         LINE#         588
  C:11C5H         LINE#         591
  C:11C5H         LINE#         592
  C:11CBH         LINE#         593
  C:11CDH         LINE#         595
  C:11D2H         LINE#         596
  C:11D2H         LINE#         597
  -------         ENDPROC       LED_BAT_LEV_STA_CHARGING_HANDLE
  -------         PROC          LED_BAT_LEV_STA_CHARGE_END_HANDLE
  C:2979H         LINE#         599
  C:2979H         LINE#         600
  C:2979H         LINE#         602
  C:297BH         LINE#         603
  C:297DH         LINE#         604
  C:297FH         LINE#         605
  C:2981H         LINE#         606
  -------         ENDPROC       LED_BAT_LEV_STA_CHARGE_END_HANDLE
  -------         PROC          LED_BAT_LEV_DISLPLAY_1MS_ISR
  C:2497H         LINE#         608
  C:2497H         LINE#         609
  C:2497H         LINE#         610
  C:24B7H         LINE#         611
  C:24B7H         LINE#         612
  C:24B7H         LINE#         613
  C:24BAH         LINE#         614
  C:24BAH         LINE#         615
  C:24BAH         LINE#         616
  C:24BDH         LINE#         617
  C:24BDH         LINE#         619
  C:24BDH         LINE#         620
  C:24C0H         LINE#         621
  C:24C0H         LINE#         623
  C:24C0H         LINE#         624
  C:24C3H         LINE#         625
  C:24C3H         LINE#         627
  C:24C3H         LINE#         628
  C:24C6H         LINE#         629
  C:24C6H         LINE#         631
  C:24C6H         LINE#         632
BL51 BANKED LINKER/LOCATER V6.22.4.0                                                  07/21/2026  18:51:08  PAGE 64


  C:24C9H         LINE#         633
  C:24C9H         LINE#         635
  C:24C9H         LINE#         636
  C:24CCH         LINE#         637
  C:24CCH         LINE#         638
  C:24CCH         LINE#         639
  -------         ENDPROC       LED_BAT_LEV_DISLPLAY_1MS_ISR
  -------         ENDMOD        LED_BAT_LEV

  -------         MODULE        ?C?COPY
  C:011EH         PUBLIC        ?C?COPY
  -------         ENDMOD        ?C?COPY

  -------         MODULE        ?C?CLDPTR
  C:0144H         PUBLIC        ?C?CLDPTR
  -------         ENDMOD        ?C?CLDPTR

  -------         MODULE        ?C?CLDOPTR
  C:015DH         PUBLIC        ?C?CLDOPTR
  -------         ENDMOD        ?C?CLDOPTR

  -------         MODULE        ?C?CILDOPTR
  C:018AH         PUBLIC        ?C?CILDOPTR
  -------         ENDMOD        ?C?CILDOPTR

  -------         MODULE        ?C?CSTOPTR
  C:01BDH         PUBLIC        ?C?CSTOPTR
  -------         ENDMOD        ?C?CSTOPTR

  -------         MODULE        ?C?UIDIV
  C:01DFH         PUBLIC        ?C?UIDIV
  -------         ENDMOD        ?C?UIDIV

  -------         MODULE        ?C?IILDX
  C:0234H         PUBLIC        ?C?IILDX
  -------         ENDMOD        ?C?IILDX

  -------         MODULE        ?C?LADD
  C:024AH         PUBLIC        ?C?LADD
  -------         ENDMOD        ?C?LADD

  -------         MODULE        ?C?ULDIV
  C:0293H         PUBLIC        ?C?ULDIV
  -------         ENDMOD        ?C?ULDIV

  -------         MODULE        ?C?SLCMP
  C:0325H         PUBLIC        ?C?SLCMP
  -------         ENDMOD        ?C?SLCMP

  -------         MODULE        ?C?ULCMP
  C:033BH         PUBLIC        ?C?ULCMP
  -------         ENDMOD        ?C?ULCMP

  -------         MODULE        ?C?LLDXDATA
  C:034CH         PUBLIC        ?C?LLDXDATA
  -------         ENDMOD        ?C?LLDXDATA

BL51 BANKED LINKER/LOCATER V6.22.4.0                                                  07/21/2026  18:51:08  PAGE 65


  -------         MODULE        ?C?LLDXDATA0
  C:0358H         PUBLIC        ?C?LLDXDATA0
  -------         ENDMOD        ?C?LLDXDATA0

  -------         MODULE        ?C?LSTXDATA
  C:0364H         PUBLIC        ?C?LSTXDATA
  -------         ENDMOD        ?C?LSTXDATA

  -------         MODULE        ?C?LSTKXDATA
  C:0370H         PUBLIC        ?C?LSTKXDATA
  -------         ENDMOD        ?C?LSTKXDATA

  -------         MODULE        ?C?PLDXDATA
  C:03A1H         PUBLIC        ?C?PLDXDATA
  -------         ENDMOD        ?C?PLDXDATA

  -------         MODULE        ?C?PSTXDATA
  C:03AAH         PUBLIC        ?C?PSTXDATA
  -------         ENDMOD        ?C?PSTXDATA

  -------         MODULE        ?C?PLDOPTR
  C:03B3H         PUBLIC        ?C?PLDOPTR
  -------         ENDMOD        ?C?PLDOPTR

  -------         MODULE        ?C?CCASE
  C:03E3H         PUBLIC        ?C?CCASE
  -------         ENDMOD        ?C?CCASE

  -------         MODULE        ?C?ICALL
  C:0409H         PUBLIC        ?C?ICALL
  C:040DH         PUBLIC        ?C?ICALL2
  -------         ENDMOD        ?C?ICALL

  -------         MODULE        ?C?LIMUL
  C:040FH         PUBLIC        ?C?LIMUL
  -------         ENDMOD        ?C?LIMUL

  -------         MODULE        ?C?MEMSET
  C:043CH         PUBLIC        ?C?MEMSET
  -------         ENDMOD        ?C?MEMSET

  -------         MODULE        ?C?PLDIDATA
  C:0468H         PUBLIC        ?C?PLDIDATA
  -------         ENDMOD        ?C?PLDIDATA

  -------         MODULE        ?C?PLDPDATA
  C:0471H         PUBLIC        ?C?PLDPDATA
  -------         ENDMOD        ?C?PLDPDATA

  -------         MODULE        ?C?PLDCODE
  C:047AH         PUBLIC        ?C?PLDCODE
  -------         ENDMOD        ?C?PLDCODE

*** WARNING L15: MULTIPLE CALL TO SEGMENT
    SEGMENT: ?PR?_BAT_DISCHARGE_TIME_CNT_UPDATE?BATTERY_MONITOR
    CALLER1: ?PR?ADC_IRQHANDLER?ADC
    CALLER2: ?PR?TIMR0_IRQHANDLER?TIMER0
BL51 BANKED LINKER/LOCATER V6.22.4.0                                                  07/21/2026  18:51:08  PAGE 66



Program Size: data=9.5 xdata=572 code=10681
LINK/LOCATE RUN COMPLETE.  1 WARNING(S),  0 ERROR(S)
