BL51 BANKED LINKER/LOCATER V6.22.4.0                                                    07/07/2026  17:35:16  PAGE 1


BL51 BANKED LINKER/LOCATER V6.22.4.0, INVOKED BY:
C:\KEIL_V5\C51\BIN\BL51.EXE .\Release\Objects\STARTUP.obj, .\Release\Objects\system.obj, .\Release\Objects\adc.obj, .\Re
>> lease\Objects\pwm.obj, .\Release\Objects\timer0.obj, .\Release\Objects\timer1.obj, .\Release\Objects\uart0.obj, .\Rel
>> ease\Objects\main.obj, .\Release\Objects\uart_data_handle.obj, .\Release\Objects\key_driver.obj, .\Release\Objects\ad
>> _key.obj, .\Release\Objects\user_test.obj, .\Release\Objects\led.obj, .\Release\Objects\battery_monitor.obj, .\Releas
>> e\Objects\bluetooth_ic_handle.obj, .\Release\Objects\charge_det.obj, .\Release\Objects\low_power.obj TO .\Release\Obj
>> ects\Demo PRINT (.\Release\Listings\Demo.m51) RAMSIZE (256) CODE (0X0000-0X3EEF) XDATA (0X6000-0X66FF)


MEMORY MODEL: LARGE


INPUT MODULES INCLUDED:
  .\Release\Objects\STARTUP.obj (?C_STARTUP)
  .\Release\Objects\system.obj (SYSTEM)
  .\Release\Objects\adc.obj (ADC)
  .\Release\Objects\pwm.obj (PWM)
  .\Release\Objects\timer0.obj (TIMER0)
  .\Release\Objects\timer1.obj (TIMER1)
  .\Release\Objects\uart0.obj (UART0)
  .\Release\Objects\main.obj (MAIN)
  .\Release\Objects\uart_data_handle.obj (UART_DATA_HANDLE)
  .\Release\Objects\key_driver.obj (KEY_DRIVER)
  .\Release\Objects\ad_key.obj (AD_KEY)
  .\Release\Objects\user_test.obj (USER_TEST)
  .\Release\Objects\led.obj (LED)
  .\Release\Objects\battery_monitor.obj (BATTERY_MONITOR)
  .\Release\Objects\bluetooth_ic_handle.obj (BLUETOOTH_IC_HANDLE)
  .\Release\Objects\charge_det.obj (CHARGE_DET)
  .\Release\Objects\low_power.obj (LOW_POWER)
  C:\KEIL_V5\C51\LIB\C51L.LIB (?C_INIT)
  C:\KEIL_V5\C51\LIB\C51L.LIB (?C?COPY)
  C:\KEIL_V5\C51\LIB\C51L.LIB (?C?CLDPTR)
  C:\KEIL_V5\C51\LIB\C51L.LIB (?C?CLDOPTR)
  C:\KEIL_V5\C51\LIB\C51L.LIB (?C?CILDOPTR)
  C:\KEIL_V5\C51\LIB\C51L.LIB (?C?CSTOPTR)
  C:\KEIL_V5\C51\LIB\C51L.LIB (?C?UIDIV)
  C:\KEIL_V5\C51\LIB\C51L.LIB (?C?IILDX)
  C:\KEIL_V5\C51\LIB\C51L.LIB (?C?LADD)
  C:\KEIL_V5\C51\LIB\C51L.LIB (?C?ULDIV)
  C:\KEIL_V5\C51\LIB\C51L.LIB (?C?SLCMP)
  C:\KEIL_V5\C51\LIB\C51L.LIB (?C?ULCMP)
  C:\KEIL_V5\C51\LIB\C51L.LIB (?C?LLDXDATA)
  C:\KEIL_V5\C51\LIB\C51L.LIB (?C?LLDXDATA0)
  C:\KEIL_V5\C51\LIB\C51L.LIB (?C?LSTXDATA)
  C:\KEIL_V5\C51\LIB\C51L.LIB (?C?LSTKXDATA)
  C:\KEIL_V5\C51\LIB\C51L.LIB (?C?PLDXDATA)
  C:\KEIL_V5\C51\LIB\C51L.LIB (?C?PSTXDATA)
  C:\KEIL_V5\C51\LIB\C51L.LIB (?C?PLDOPTR)
  C:\KEIL_V5\C51\LIB\C51L.LIB (?C?CCASE)
  C:\KEIL_V5\C51\LIB\C51L.LIB (?C?ICALL)
  C:\KEIL_V5\C51\LIB\C51L.LIB (?C?LIMUL)
  C:\KEIL_V5\C51\LIB\C51L.LIB (PRINTF)
  C:\KEIL_V5\C51\LIB\C51L.LIB (?C?MEMSET)
  C:\KEIL_V5\C51\LIB\C51L.LIB (?C?CSTPTR)
  C:\KEIL_V5\C51\LIB\C51L.LIB (?C?PLDIDATA)
  C:\KEIL_V5\C51\LIB\C51L.LIB (?C?PLDIXDATA)
  C:\KEIL_V5\C51\LIB\C51L.LIB (?C?PLDPDATA)
BL51 BANKED LINKER/LOCATER V6.22.4.0                                                  07/07/2026  17:35:16  PAGE 2


  C:\KEIL_V5\C51\LIB\C51L.LIB (?C?PLDCODE)


LINK MAP OF MODULE:  .\Release\Objects\Demo (?C_STARTUP)


            TYPE    BASE      LENGTH    RELOCATION   SEGMENT NAME
            -----------------------------------------------------

            * * * * * * *   D A T A   M E M O R Y   * * * * * * *
            REG     0000H     0008H     ABSOLUTE     "REG BANK 0"
            DATA    0008H     000AH     UNIT         _DATA_GROUP_
                    0012H     000EH                  *** GAP ***
            BIT     0020H.0   0002H.2   UNIT         _BIT_GROUP_
            BIT     0022H.2   0000H.4   UNIT         ?BI?ADC
            BIT     0022H.6   0000H.1   UNIT         ?BI?CHARGE_DET
                    0022H.7   0000H.1                *** GAP ***
            IDATA   0023H     0001H     UNIT         ?STACK

            * * * * * * *  X D A T A   M E M O R Y  * * * * * * *
                    0000H     6000H                  *** GAP ***
            XDATA   6000H     0206H     UNIT         ?XD?UART0
            XDATA   6206H     005FH     UNIT         _XDATA_GROUP_
            XDATA   6265H     0039H     UNIT         ?XD?AD_KEY
            XDATA   629EH     0034H     UNIT         ?XD?BATTERY_MONITOR
            XDATA   62D2H     0027H     UNIT         ?XD?CHARGE_DET
            XDATA   62F9H     001AH     UNIT         ?XD?UART_DATA_HANDLE
            XDATA   6313H     0013H     UNIT         ?XD?LED
            XDATA   6326H     0009H     UNIT         ?XD?ADC
            XDATA   632FH     0006H     UNIT         ?XD?LOW_POWER
            XDATA   6335H     0004H     UNIT         ?XD?KEY_DRIVER
            XDATA   6339H     0003H     UNIT         ?XD?USER_TEST
            XDATA   633CH     0002H     UNIT         ?XD?BLUETOOTH_IC_HANDLE

            * * * * * * *   C O D E   M E M O R Y   * * * * * * *
            CODE    0000H     0003H     ABSOLUTE     
            CODE    0003H     000CH     ABSOLUTE     
            CODE    000FH     000FH     UNIT         ?PR?UART_RECEIVER_TIMEOUT_ADD?UART_DATA_HANDLE
            CODE    001EH     0003H     ABSOLUTE     
            CODE    0021H     0003H     ABSOLUTE     
            CODE    0024H     001BH     UNIT         ?PR?_ADC_CLEAR_UPDATE_FLAG?ADC
            CODE    003FH     0003H     ABSOLUTE     
            CODE    0042H     0003H     ABSOLUTE     
            CODE    0045H     0003H     UNIT         ?PR?CHARGE_DET_TIME_ADD?CHARGE_DET
                    0048H     0003H                  *** GAP ***
            CODE    004BH     0003H     ABSOLUTE     
            CODE    004EH     0461H     UNIT         ?C?LIB_CODE
            CODE    04AFH     0384H     UNIT         ?C_INITSEG
            CODE    0833H     0365H     UNIT         ?PR?PRINTF?PRINTF
            CODE    0B98H     01C2H     UNIT         ?PR?LOW_POWER_HANDLE?LOW_POWER
            CODE    0D5AH     01B2H     UNIT         ?PR?LED_BAT_INSTRUCTION_TIMER_CALLBACK?LED
            CODE    0F0CH     01AAH     UNIT         ?PR?DETECT_1KHZ_SIGNAL_100US?CHARGE_DET
            CODE    10B6H     0193H     UNIT         ?PR?_KEY_DRIVER_SCAN?KEY_DRIVER
            CODE    1249H     018EH     UNIT         ?PR?BATTERY_MONITOR_HANDLE?BATTERY_MONITOR
            CODE    13D7H     0157H     UNIT         ?PR?DETECT_DISCHARGE_1KHZ_SIGNAL_100US?CHARGE_DET
            CODE    152EH     012BH     UNIT         ?PR?CHARGE_DET?CHARGE_DET
            CODE    1659H     011FH     UNIT         ?PR?LED_SLOW_ADJUST_ISR?LED
BL51 BANKED LINKER/LOCATER V6.22.4.0                                                  07/07/2026  17:35:16  PAGE 3


            CODE    1778H     010BH     UNIT         ?PR?LOW_POWER_IN?LOW_POWER
            CODE    1883H     00EAH     UNIT         ?PR?LED_RED_BLUE_FLASH_1MS_ISR?LED
            CODE    196DH     00DAH     UNIT         ?CO?UART_DATA_HANDLE
            CODE    1A47H     00DAH     UNIT         ?PR?BATTERY_VOLTAGE_UPDATE_BY_ISR?BATTERY_MONITOR
            CODE    1B21H     00CFH     UNIT         ?PR?SYSTEM_INIT?SYSTEM
            CODE    1BF0H     00B9H     UNIT         ?PR?LED
            CODE    1CA9H     00B5H     UNIT         ?PR?UART_DATA_HANDLE?UART_DATA_HANDLE
            CODE    1D5EH     00ADH     UNIT         ?PR?AD_KEY_HANDLE?AD_KEY
            CODE    1E0BH     00A9H     UNIT         ?PR?_UART_RECEIVER_PROCESS_BYTE?UART_DATA_HANDLE
            CODE    1EB4H     008FH     UNIT         ?CO?LOW_POWER
            CODE    1F43H     008CH     UNIT         ?C_C51STARTUP
            CODE    1FCFH     008BH     UNIT         ?PR?PWM_INIT?PWM
            CODE    205AH     0087H     UNIT         ?PR?ADC_IRQHANDLER?ADC
            CODE    20E1H     0082H     UNIT         ?PR?_GET_BATTERY_PERCENTAGE_BY_VOLTAGE?BATTERY_MONITOR
            CODE    2163H     0074H     UNIT         ?PR?_LED_STATUS_SET?LED
            CODE    21D7H     0074H     UNIT         ?CO?BATTERY_MONITOR
            CODE    224BH     0072H     UNIT         ?PR?BATTERY_MONITOR
            CODE    22BDH     006FH     UNIT         ?PR?TIMR0_IRQHANDLER?TIMER0
            CODE    232CH     0066H     UNIT         ?PR?ADC_SCAN?ADC
            CODE    2392H     0066H     UNIT         ?PR?SEND_LOW_BAT_TIMER_CALLBACK?BATTERY_MONITOR
            CODE    23F8H     0059H     UNIT         ?PR?UART_RECEIVER_TIMEOUT_HANDLER?UART_DATA_HANDLE
            CODE    2451H     004EH     UNIT         ?PR?LED_INIT?LED
            CODE    249FH     004DH     UNIT         ?PR?MAIN?MAIN
            CODE    24ECH     004CH     UNIT         ?PR?_AD_KEY_VAL_TO_AD_KEY_INDEX?AD_KEY
            CODE    2538H     004CH     UNIT         ?PR?LOW_POWER_OUT?LOW_POWER
            CODE    2584H     004BH     UNIT         ?PR?_ADC_CHANNEL_SEL?ADC
            CODE    25CFH     004AH     UNIT         ?PR?_AD_KEY_GET_EVENT?AD_KEY
            CODE    2619H     0048H     UNIT         ?PR?TIMR1_IRQHANDLER?TIMER1
            CODE    2661H     0046H     UNIT         ?PR?BAT_VOL_HISTORY_BUFF_GET_AVG?BATTERY_MONITOR
            CODE    26A7H     0045H     UNIT         ?PR?_UART_DATA_SEND_CMD?UART_DATA_HANDLE
            CODE    26ECH     0041H     UNIT         ?PR?_UART0_RXBUFFER_PUT_BYTE?UART0
            CODE    272DH     003DH     UNIT         ?PR?_ADC_UPDATE_VAL?ADC
            CODE    276AH     003CH     UNIT         ?PR?UART0_RXBUFFER_GET_BYTE?UART0
            CODE    27A6H     003AH     UNIT         ?PR?UART0_INIT?UART0
            CODE    27E0H     0039H     UNIT         ?PR?BAT_VOL_UPDATE_TIMER_CALLBACK?BATTERY_MONITOR
            CODE    2819H     0037H     UNIT         ?PR?UART_DATA_HANDLE
            CODE    2850H     0036H     UNIT         ?PR?UART_RECEIVER_PROCESS_CHECKSUM?UART_DATA_HANDLE
            CODE    2886H     0034H     UNIT         ?PR?UART0_IRQHANDLER?UART0
            CODE    28BAH     0033H     UNIT         ?PR?AD_KEY_GET_KEY_VAL?AD_KEY
            CODE    28EDH     0033H     UNIT         ?PR?LOW_POWER_ENTER_TIMER_CALLBACK?LOW_POWER
            CODE    2920H     002EH     UNIT         ?PR?_ADC_GET_VAL?ADC
            CODE    294EH     002EH     UNIT         ?PR?ADC
            CODE    297CH     002DH     UNIT         ?PR?USER_INIT?MAIN
            CODE    29A9H     002BH     UNIT         ?PR?BAT_VOL_BUFF_GET_AVG_TIMER_CALLBACK?BATTERY_MONITOR
            CODE    29D4H     002BH     UNIT         ?PR?CHARGE_DET
            CODE    29FFH     002AH     UNIT         ?PR?LED_STATUS_SWITCH?LED
            CODE    2A29H     002AH     UNIT         ?PR?BAT_VOL_BUFF_ADD_TIMER_CALLBACK?BATTERY_MONITOR
            CODE    2A53H     0029H     UNIT         ?CO?BLUETOOTH_IC_HANDLE
            CODE    2A7CH     0025H     UNIT         ?PR?_ADC_GET_UPDATE_FLAG?ADC
            CODE    2AA1H     0024H     UNIT         ?PR?IS_LOW_POWER_CONDITION_ESTABLISH?LOW_POWER
            CODE    2AC5H     0023H     UNIT         ?PR?_UART0_SENDBUF?UART0
            CODE    2AE8H     0022H     UNIT         ?PR?ADC_INIT?ADC
            CODE    2B0AH     0022H     UNIT         ?PR?_BAT_VOL_HISTORY_BUFF_ADD?BATTERY_MONITOR
            CODE    2B2CH     0021H     UNIT         ?PR?KEY_DRIVER
            CODE    2B4DH     0021H     UNIT         ?PR?DEBUG_TIME_ADD?USER_TEST
            CODE    2B6EH     001DH     UNIT         ?CO?AD_KEY
            CODE    2B8BH     001DH     UNIT         ?PR?BLE_IC_ENABLE?BLUETOOTH_IC_HANDLE
BL51 BANKED LINKER/LOCATER V6.22.4.0                                                  07/07/2026  17:35:16  PAGE 4


            CODE    2BA8H     001BH     UNIT         ?PR?TIMER0_INIT?TIMER0
            CODE    2BC3H     001BH     UNIT         ?PR?TIMER1_INIT?TIMER1
            CODE    2BDEH     001AH     UNIT         ?PR?BLUETOOTH_IC_HANDLE_INIT?BLUETOOTH_IC_HANDLE
            CODE    2BF8H     0019H     UNIT         ?PR?CHARGE_DET_INIT?CHARGE_DET
            CODE    2C11H     0018H     UNIT         ?PR?_DELAY_MS?SYSTEM
            CODE    2C29H     0018H     UNIT         ?PR?WUT_IRQHANDLER?LOW_POWER
            CODE    2C41H     0017H     UNIT         ?PR?ADC_GET_VAL_ONCE?ADC
            CODE    2C58H     0017H     UNIT         ?PR?BAT_PERCENT_UPDATE_TIME_ADD?BATTERY_MONITOR
            CODE    2C6FH     0016H     UNIT         ?PR?PWM
            CODE    2C85H     0016H     UNIT         ?PR?_BAT_VOL_HISTORY_BUFF_INIT?BATTERY_MONITOR
            CODE    2C9BH     0015H     UNIT         ?PR?BAT_PERCENT_UPDATE_TIME_IS_COMES?BATTERY_MONITOR
            CODE    2CB0H     0014H     UNIT         ?PR?LOW_POWER
            CODE    2CC4H     0012H     UNIT         ?PR?ADC_INIT_WHEN_LOW_PWR_OUT?ADC
            CODE    2CD6H     0012H     UNIT         ?PR?UART_RECEIVER_RESET?UART_DATA_HANDLE
            CODE    2CE8H     0012H     UNIT         ?PR?USER_DEBUG_PIN_INIT?USER_TEST
            CODE    2CFAH     0011H     UNIT         ?PR?ADC_PIN_INIT?ADC
            CODE    2D0BH     0010H     UNIT         ?PR?_GET_BATTERY_VOLTAGE_BY_ADC?BATTERY_MONITOR
            CODE    2D1BH     0010H     UNIT         ?PR?BLE_IC_DISABLE_POST?BLUETOOTH_IC_HANDLE
            CODE    2D2BH     000FH     UNIT         ?PR?AD_KEY
            CODE    2D3AH     000FH     UNIT         ?PR?LED_CTL_INIT?LED
            CODE    2D49H     000EH     UNIT         ?PR?BLE_IC_DISABLE_PRE?BLUETOOTH_IC_HANDLE
            CODE    2D57H     000DH     UNIT         ?PR?LED_YELLOW_ON?LED
            CODE    2D64H     000DH     UNIT         ?PR?LED_WHITE_ON?LED
            CODE    2D71H     000BH     UNIT         ?PR?_DELAY?SYSTEM
            CODE    2D7CH     000AH     UNIT         ?CO?MAIN
            CODE    2D86H     0009H     UNIT         ?PR?_PWM_SET_CHANNEL_0_DUTY?PWM
            CODE    2D8FH     0009H     UNIT         ?PR?_PWM_SET_CHANNEL_1_DUTY?PWM
            CODE    2D98H     0009H     UNIT         ?PR?UART0_RXBUFFER_GET_COUNT?UART0
            CODE    2DA1H     0008H     UNIT         ?PR?_PUTCHAR?UART0
            CODE    2DA9H     0008H     UNIT         ?PR?_UART0_SENDBYTE?UART0
            CODE    2DB1H     0008H     UNIT         ?PR?LED_YELLOW_OFF?LED
            CODE    2DB9H     0008H     UNIT         ?PR?LED_WHITE_OFF?LED
            CODE    2DC1H     0008H     UNIT         ?PR?BAT_PERCENT_UPDATE_TIME_RESET?BATTERY_MONITOR
            CODE    2DC9H     0007H     UNIT         ?PR?UART0



OVERLAY MAP OF MODULE:   .\Release\Objects\Demo (?C_STARTUP)


SEGMENT                                             BIT_GROUP          DATA_GROUP          XDATA_GROUP
  +--> CALLED SEGMENT                            START    LENGTH     START    LENGTH     START    LENGTH
--------------------------------------------------------------------------------------------------------
?C_C51STARTUP                                    -----    -----      -----    -----      -----    -----
  +--> ?PR?MAIN?MAIN
  +--> ?C_INITSEG

?PR?MAIN?MAIN                                    -----    -----      -----    -----      -----    -----
  +--> ?PR?SYSTEM_INIT?SYSTEM
  +--> ?PR?USER_INIT?MAIN
  +--> ?PR?_DELAY_MS?SYSTEM
  +--> ?PR?_KEY_DRIVER_SCAN?KEY_DRIVER
  +--> ?PR?AD_KEY_HANDLE?AD_KEY
  +--> ?PR?UART_DATA_HANDLE?UART_DATA_HANDLE
  +--> ?PR?BATTERY_MONITOR_HANDLE?BATTERY_MO...
  +--> ?PR?CHARGE_DET?CHARGE_DET
  +--> ?PR?LOW_POWER_HANDLE?LOW_POWER
BL51 BANKED LINKER/LOCATER V6.22.4.0                                                  07/07/2026  17:35:16  PAGE 5



?PR?SYSTEM_INIT?SYSTEM                           -----    -----      -----    -----      -----    -----
  +--> ?PR?_DELAY?SYSTEM
  +--> ?PR?_DELAY_MS?SYSTEM

?PR?_DELAY_MS?SYSTEM                             -----    -----      -----    -----      -----    -----
  +--> ?PR?_DELAY?SYSTEM

?PR?USER_INIT?MAIN                               -----    -----      -----    -----      -----    -----
  +--> ?PR?ADC_PIN_INIT?ADC
  +--> ?PR?ADC_INIT?ADC
  +--> ?PR?LED_INIT?LED
  +--> ?PR?UART0_INIT?UART0
  +--> ?PR?PWM_INIT?PWM
  +--> ?PR?BLUETOOTH_IC_HANDLE_INIT?BLUETOOT...
  +--> ?PR?UART_RECEIVER_RESET?UART_DATA_HANDLE
  +--> ?PR?LED_CTL_INIT?LED
  +--> ?PR?CHARGE_DET_INIT?CHARGE_DET
  +--> ?PR?TIMER0_INIT?TIMER0
  +--> ?PR?TIMER1_INIT?TIMER1
  +--> ?PR?USER_DEBUG_PIN_INIT?USER_TEST
  +--> ?CO?MAIN
  +--> ?PR?PRINTF?PRINTF

?PR?ADC_INIT?ADC                                 -----    -----      -----    -----      -----    -----
  +--> ?PR?_DELAY_MS?SYSTEM

?PR?LED_INIT?LED                                 -----    -----      -----    -----      -----    -----
  +--> ?PR?LED

?PR?PWM_INIT?PWM                                 -----    -----      -----    -----      -----    -----
  +--> ?PR?PWM

?PR?PRINTF?PRINTF                                0021H.1  0001H.1    000DH    0005H      6239H    0028H
  +--> ?PR?_PUTCHAR?UART0

?PR?_KEY_DRIVER_SCAN?KEY_DRIVER                  -----    -----      -----    -----      6206H    0002H
  +--> ?PR?KEY_DRIVER

?PR?AD_KEY_HANDLE?AD_KEY                         -----    -----      -----    -----      6206H    0001H
  +--> ?PR?_AD_KEY_GET_EVENT?AD_KEY
  +--> ?CO?AD_KEY
  +--> ?PR?PRINTF?PRINTF
  +--> ?PR?LED_STATUS_SWITCH?LED
  +--> ?PR?_UART_DATA_SEND_CMD?UART_DATA_HANDLE
  +--> ?PR?BLE_IC_DISABLE_PRE?BLUETOOTH_IC_H...
  +--> ?PR?BLE_IC_ENABLE?BLUETOOTH_IC_HANDLE

?PR?_AD_KEY_GET_EVENT?AD_KEY                     -----    -----      -----    -----      -----    -----
  +--> ?PR?AD_KEY

?PR?LED_STATUS_SWITCH?LED                        -----    -----      -----    -----      -----    -----
  +--> ?PR?_LED_STATUS_SET?LED

?PR?_LED_STATUS_SET?LED                          -----    -----      -----    -----      6207H    0001H
  +--> ?PR?LED_YELLOW_OFF?LED
  +--> ?PR?LED_WHITE_OFF?LED
BL51 BANKED LINKER/LOCATER V6.22.4.0                                                  07/07/2026  17:35:16  PAGE 6


  +--> ?PR?LED_WHITE_ON?LED
  +--> ?PR?LED_YELLOW_ON?LED

?PR?LED_WHITE_ON?LED                             -----    -----      -----    -----      -----    -----
  +--> ?PR?_PWM_SET_CHANNEL_1_DUTY?PWM

?PR?_PWM_SET_CHANNEL_1_DUTY?PWM                  -----    -----      -----    -----      -----    -----
  +--> ?PR?PWM

?PR?LED_YELLOW_ON?LED                            -----    -----      -----    -----      -----    -----
  +--> ?PR?_PWM_SET_CHANNEL_0_DUTY?PWM

?PR?_PWM_SET_CHANNEL_0_DUTY?PWM                  -----    -----      -----    -----      -----    -----
  +--> ?PR?PWM

?PR?_UART_DATA_SEND_CMD?UART_DATA_HANDLE         -----    -----      -----    -----      6207H    0009H
  +--> ?CO?UART_DATA_HANDLE
  +--> ?PR?_UART0_SENDBUF?UART0

?PR?_UART0_SENDBUF?UART0                         -----    -----      -----    -----      6210H    0003H
  +--> ?PR?_UART0_SENDBYTE?UART0

?PR?BLE_IC_DISABLE_PRE?BLUETOOTH_IC_H...         -----    -----      -----    -----      -----    -----
  +--> ?PR?_UART_DATA_SEND_CMD?UART_DATA_HANDLE
  +--> ?CO?BLUETOOTH_IC_HANDLE
  +--> ?PR?PRINTF?PRINTF

?PR?BLE_IC_ENABLE?BLUETOOTH_IC_HANDLE            -----    -----      -----    -----      -----    -----
  +--> ?PR?_DELAY_MS?SYSTEM
  +--> ?PR?_UART_DATA_SEND_CMD?UART_DATA_HANDLE
  +--> ?CO?BLUETOOTH_IC_HANDLE
  +--> ?PR?PRINTF?PRINTF

?PR?UART_DATA_HANDLE?UART_DATA_HANDLE            -----    -----      -----    -----      6206H    0002H
  +--> ?PR?UART_RECEIVER_RESET?UART_DATA_HANDLE
  +--> ?PR?UART_RECEIVER_TIMEOUT_HANDLER?UAR...
  +--> ?PR?UART0_RXBUFFER_GET_COUNT?UART0
  +--> ?PR?UART0_RXBUFFER_GET_BYTE?UART0
  +--> ?PR?_UART_RECEIVER_PROCESS_BYTE?UART_...
  +--> ?CO?UART_DATA_HANDLE
  +--> ?PR?PRINTF?PRINTF
  +--> ?PR?UART_DATA_HANDLE
  +--> ?PR?BLE_IC_DISABLE_POST?BLUETOOTH_IC_...

?PR?UART_RECEIVER_TIMEOUT_HANDLER?UAR...         -----    -----      -----    -----      6208H    0001H
  +--> ?CO?UART_DATA_HANDLE
  +--> ?PR?UART_DATA_HANDLE
  +--> ?PR?PRINTF?PRINTF
  +--> ?PR?UART_RECEIVER_RESET?UART_DATA_HANDLE

?PR?UART0_RXBUFFER_GET_BYTE?UART0                -----    -----      -----    -----      -----    -----
  +--> ?PR?UART0

?PR?_UART_RECEIVER_PROCESS_BYTE?UART_...         -----    -----      -----    -----      6208H    0001H
  +--> ?PR?UART_DATA_HANDLE
  +--> ?PR?UART_RECEIVER_PROCESS_CHECKSUM?UA...

BL51 BANKED LINKER/LOCATER V6.22.4.0                                                  07/07/2026  17:35:16  PAGE 7


?PR?UART_RECEIVER_PROCESS_CHECKSUM?UA...         -----    -----      -----    -----      -----    -----
  +--> ?PR?UART_DATA_HANDLE
  +--> ?CO?UART_DATA_HANDLE
  +--> ?PR?PRINTF?PRINTF

?PR?BLE_IC_DISABLE_POST?BLUETOOTH_IC_...         -----    -----      -----    -----      -----    -----
  +--> ?CO?BLUETOOTH_IC_HANDLE
  +--> ?PR?PRINTF?PRINTF

?PR?BATTERY_MONITOR_HANDLE?BATTERY_MO...         -----    -----      -----    -----      -----    -----
  +--> ?PR?_BAT_VOL_HISTORY_BUFF_ADD?BATTERY...
  +--> ?PR?BAT_VOL_HISTORY_BUFF_GET_AVG?BATT...
  +--> ?PR?BATTERY_MONITOR
  +--> ?PR?PRINTF?PRINTF
  +--> ?PR?_GET_BATTERY_PERCENTAGE_BY_VOLTAG...
  +--> ?PR?BAT_PERCENT_UPDATE_TIME_IS_COMES?...
  +--> ?PR?BAT_PERCENT_UPDATE_TIME_RESET?BAT...
  +--> ?CO?BATTERY_MONITOR
  +--> ?PR?_LED_STATUS_SET?LED
  +--> ?PR?_UART_DATA_SEND_CMD?UART_DATA_HANDLE
  +--> ?PR?_DELAY_MS?SYSTEM
  +--> ?PR?BLE_IC_DISABLE_PRE?BLUETOOTH_IC_H...
  +--> ?PR?BLE_IC_ENABLE?BLUETOOTH_IC_HANDLE

?PR?_BAT_VOL_HISTORY_BUFF_ADD?BATTERY...         -----    -----      -----    -----      -----    -----
  +--> ?PR?BATTERY_MONITOR

?PR?BATTERY_MONITOR                              -----    -----      -----    -----      -----    -----
  +--> ?CO?BATTERY_MONITOR

?PR?BAT_VOL_HISTORY_BUFF_GET_AVG?BATT...         -----    -----      -----    -----      6206H    0005H
  +--> ?PR?BATTERY_MONITOR

?PR?_GET_BATTERY_PERCENTAGE_BY_VOLTAG...         -----    -----      -----    -----      6239H    0006H
  +--> ?PR?BATTERY_MONITOR

?PR?CHARGE_DET?CHARGE_DET                        -----    -----      -----    -----      6206H    0002H
  +--> ?PR?_ADC_GET_UPDATE_FLAG?ADC
  +--> ?PR?_ADC_CLEAR_UPDATE_FLAG?ADC
  +--> ?PR?_ADC_GET_VAL?ADC
  +--> ?PR?CHARGE_DET

?PR?LOW_POWER_HANDLE?LOW_POWER                   -----    -----      -----    -----      6206H    0005H
  +--> ?PR?LOW_POWER
  +--> ?CO?LOW_POWER
  +--> ?PR?LOW_POWER_IN?LOW_POWER
  +--> ?PR?LOW_POWER_OUT?LOW_POWER
  +--> ?PR?UART0_INIT?UART0
  +--> ?PR?PRINTF?PRINTF
  +--> ?PR?ADC_PIN_INIT?ADC
  +--> ?PR?ADC_INIT_WHEN_LOW_PWR_OUT?ADC
  +--> ?PR?_ADC_CHANNEL_SEL?ADC
  +--> ?PR?_DELAY_MS?SYSTEM
  +--> ?PR?ADC_GET_VAL_ONCE?ADC
  +--> ?PR?_GET_BATTERY_VOLTAGE_BY_ADC?BATTE...
  +--> ?PR?_GET_BATTERY_PERCENTAGE_BY_VOLTAG...
  +--> ?PR?_BAT_VOL_HISTORY_BUFF_INIT?BATTER...
BL51 BANKED LINKER/LOCATER V6.22.4.0                                                  07/07/2026  17:35:16  PAGE 8


  +--> ?PR?USER_INIT?MAIN

?PR?LOW_POWER_IN?LOW_POWER                       -----    -----      -----    -----      -----    -----
  +--> ?PR?_DELAY_MS?SYSTEM

?PR?LOW_POWER_OUT?LOW_POWER                      -----    -----      -----    -----      -----    -----
  +--> ?PR?UART0_INIT?UART0

?PR?ADC_GET_VAL_ONCE?ADC                         -----    -----      -----    -----      -----    -----
  +--> ?PR?ADC

?PR?ADC                                          -----    -----      -----    -----      -----    -----
  +--> ?PR?_ADC_CHANNEL_SEL?ADC

?PR?_BAT_VOL_HISTORY_BUFF_INIT?BATTER...         -----    -----      -----    -----      -----    -----
  +--> ?PR?BATTERY_MONITOR

?C_INITSEG                                       -----    -----      -----    -----      -----    -----
  +--> ?PR?AD_KEY_GET_KEY_VAL?AD_KEY

?PR?AD_KEY_GET_KEY_VAL?AD_KEY                    -----    -----      -----    -----      6206H    0001H
  +--> ?PR?_ADC_GET_UPDATE_FLAG?ADC
  +--> ?PR?_ADC_CLEAR_UPDATE_FLAG?ADC
  +--> ?PR?_ADC_GET_VAL?ADC
  +--> ?PR?_AD_KEY_VAL_TO_AD_KEY_INDEX?AD_KEY

?PR?_AD_KEY_VAL_TO_AD_KEY_INDEX?AD_KEY           -----    -----      -----    -----      6207H    0002H

*** NEW ROOT ***************************************************

?PR?ADC_IRQHANDLER?ADC                           -----    -----      -----    -----      6233H    0002H
  +--> ?PR?ADC
  +--> ?PR?_ADC_UPDATE_VAL?ADC
  +--> ?PR?BATTERY_VOLTAGE_UPDATE_BY_ISR?BAT...

?PR?BATTERY_VOLTAGE_UPDATE_BY_ISR?BAT...         -----    -----      -----    -----      6235H    0004H
  +--> ?PR?_ADC_GET_UPDATE_FLAG?ADC
  +--> ?PR?_ADC_CLEAR_UPDATE_FLAG?ADC
  +--> ?PR?_ADC_GET_VAL?ADC
  +--> ?PR?_GET_BATTERY_VOLTAGE_BY_ADC?BATTE...
  +--> ?PR?BATTERY_MONITOR
  +--> ?PR?_BAT_VOL_HISTORY_BUFF_INIT?BATTER...
  +--> ?PR?_GET_BATTERY_PERCENTAGE_BY_VOLTAG...
  +--> ?CO?BATTERY_MONITOR
  +--> ?PR?PRINTF?PRINTF

*** NEW ROOT ***************************************************

?PR?TIMR0_IRQHANDLER?TIMER0                      -----    -----      -----    -----      -----    -----
  +--> ?PR?ADC_SCAN?ADC
  +--> ?PR?CHARGE_DET_TIME_ADD?CHARGE_DET
  +--> ?PR?UART_RECEIVER_TIMEOUT_ADD?UART_DA...
  +--> ?PR?BAT_VOL_UPDATE_TIMER_CALLBACK?BAT...
  +--> ?PR?BAT_VOL_BUFF_ADD_TIMER_CALLBACK?B...
  +--> ?PR?BAT_VOL_BUFF_GET_AVG_TIMER_CALLBA...
  +--> ?PR?LED_SLOW_ADJUST_ISR?LED
  +--> ?PR?LED_RED_BLUE_FLASH_1MS_ISR?LED
BL51 BANKED LINKER/LOCATER V6.22.4.0                                                  07/07/2026  17:35:16  PAGE 9


  +--> ?PR?LED_BAT_INSTRUCTION_TIMER_CALLBAC...
  +--> ?PR?LOW_POWER_ENTER_TIMER_CALLBACK?LO...
  +--> ?PR?SEND_LOW_BAT_TIMER_CALLBACK?BATTE...
  +--> ?PR?BAT_PERCENT_UPDATE_TIME_ADD?BATTE...
  +--> ?PR?DEBUG_TIME_ADD?USER_TEST

?PR?ADC_SCAN?ADC                                 -----    -----      -----    -----      -----    -----
  +--> ?PR?ADC

?PR?BAT_VOL_BUFF_ADD_TIMER_CALLBACK?B...         -----    -----      -----    -----      -----    -----
  +--> ?PR?BATTERY_MONITOR

?PR?BAT_VOL_BUFF_GET_AVG_TIMER_CALLBA...         -----    -----      -----    -----      -----    -----
  +--> ?PR?BATTERY_MONITOR

?PR?LED_SLOW_ADJUST_ISR?LED                      -----    -----      -----    -----      -----    -----
  +--> ?PR?LED
  +--> ?PR?_PWM_SET_CHANNEL_0_DUTY?PWM
  +--> ?PR?_PWM_SET_CHANNEL_1_DUTY?PWM

?PR?LED_RED_BLUE_FLASH_1MS_ISR?LED               -----    -----      -----    -----      6261H    0002H
  +--> ?PR?LED

?PR?LED_BAT_INSTRUCTION_TIMER_CALLBAC...         -----    -----      -----    -----      -----    -----
  +--> ?PR?LED

?PR?LOW_POWER_ENTER_TIMER_CALLBACK?LO...         -----    -----      -----    -----      -----    -----
  +--> ?PR?IS_LOW_POWER_CONDITION_ESTABLISH?...
  +--> ?PR?LOW_POWER

?PR?SEND_LOW_BAT_TIMER_CALLBACK?BATTE...         -----    -----      -----    -----      -----    -----
  +--> ?PR?BATTERY_MONITOR

*** NEW ROOT ***************************************************

?PR?TIMR1_IRQHANDLER?TIMER1                      -----    -----      -----    -----      -----    -----
  +--> ?PR?DETECT_1KHZ_SIGNAL_100US?CHARGE_DET
  +--> ?PR?DETECT_DISCHARGE_1KHZ_SIGNAL_100U...

?PR?DETECT_1KHZ_SIGNAL_100US?CHARGE_DET          -----    -----      -----    -----      6263H    0001H
  +--> ?PR?CHARGE_DET

?PR?DETECT_DISCHARGE_1KHZ_SIGNAL_100U...         -----    -----      -----    -----      6263H    0001H
  +--> ?PR?CHARGE_DET

*** NEW ROOT ***************************************************

?PR?UART0_IRQHANDLER?UART0                       -----    -----      -----    -----      6264H    0001H
  +--> ?PR?_UART0_RXBUFFER_PUT_BYTE?UART0

?PR?_UART0_RXBUFFER_PUT_BYTE?UART0               -----    -----      -----    -----      -----    -----
  +--> ?PR?UART0



SYMBOL TABLE OF MODULE:  .\Release\Objects\Demo (?C_STARTUP)

BL51 BANKED LINKER/LOCATER V6.22.4.0                                                  07/07/2026  17:35:16  PAGE 10


  VALUE           TYPE          NAME
  ----------------------------------

  -------         MODULE        ?C_STARTUP
  C:1F43H         SEGMENT       ?C_C51STARTUP
  I:0023H         SEGMENT       ?STACK
  C:0000H         PUBLIC        ?C_STARTUP
  D:00E0H         SYMBOL        ACC
  D:00F0H         SYMBOL        B
  D:0083H         SYMBOL        DPH
  D:0082H         SYMBOL        DPL
  N:0000H         SYMBOL        IBPSTACK
  N:0100H         SYMBOL        IBPSTACKTOP
  N:0080H         SYMBOL        IDATALEN
  C:1F46H         SYMBOL        IDATALOOP
  N:0000H         SYMBOL        PBPSTACK
  N:0100H         SYMBOL        PBPSTACKTOP
  N:0000H         SYMBOL        PDATALEN
  N:0000H         SYMBOL        PDATASTART
  N:0000H         SYMBOL        PPAGE
  N:0000H         SYMBOL        PPAGEENABLE
  D:00A0H         SYMBOL        PPAGE_SFR
  D:0081H         SYMBOL        SP
  C:1F43H         SYMBOL        STARTUP1
  N:0000H         SYMBOL        XBPSTACK
  N:0000H         SYMBOL        XBPSTACKTOP
  N:0000H         SYMBOL        XDATALEN
  N:0000H         SYMBOL        XDATASTART
  C:0000H         LINE#         126
  C:1F43H         LINE#         133
  C:1F45H         LINE#         134
  C:1F46H         LINE#         135
  C:1F47H         LINE#         136
  C:1F49H         LINE#         185
  C:1F4CH         LINE#         196
  -------         ENDMOD        ?C_STARTUP

  -------         MODULE        SYSTEM
  C:0000H         SYMBOL        _ICE_DUMMY_
  D:00A7H         PUBLIC        FLASH_TIMEREG0
  D:00ACH         PUBLIC        FLASH_TIMEREG1
  C:2D71H         PUBLIC        _delay
  C:2C11H         PUBLIC        _delay_ms
  C:1B21H         PUBLIC        system_init
  -------         PROC          _DELAY
  D:0006H         SYMBOL        cnt
  C:2D71H         LINE#         37
  C:2D71H         LINE#         38
  C:2D71H         LINE#         39
  C:2D7BH         LINE#         40
  C:2D7BH         LINE#         41
  C:2D7BH         LINE#         42
  -------         ENDPROC       _DELAY
  -------         PROC          _DELAY_MS
  D:0002H         SYMBOL        ms
  C:2C11H         LINE#         49
  C:2C15H         LINE#         50
BL51 BANKED LINKER/LOCATER V6.22.4.0                                                  07/07/2026  17:35:16  PAGE 11


  C:2C15H         LINE#         51
  C:2C1FH         LINE#         52
  C:2C1FH         LINE#         53
  C:2C26H         LINE#         54
  C:2C28H         LINE#         55
  -------         ENDPROC       _DELAY_MS
  -------         PROC          SYSTEM_INIT
  -------         DO            
  D:0007H         SYMBOL        i
  -------         ENDDO         
  C:1B21H         LINE#         62
  C:1B21H         LINE#         63
  C:1B21H         LINE#         66
  C:1B28H         LINE#         67
  C:1B35H         LINE#         68
  C:1B38H         LINE#         69
  C:1B3BH         LINE#         70
  C:1B41H         LINE#         71
  C:1B47H         LINE#         72
  C:1B4DH         LINE#         76
  C:1B4FH         LINE#         77
  C:1B4FH         LINE#         78
  C:1B5CH         LINE#         79
  C:1B61H         LINE#         81
  C:1BEFH         LINE#         82
  -------         ENDPROC       SYSTEM_INIT
  -------         ENDMOD        SYSTEM

  -------         MODULE        ADC
  C:0000H         SYMBOL        _ICE_DUMMY_
  D:00A8H         PUBLIC        IE0
  D:00A9H         PUBLIC        IE1
  D:00AAH         PUBLIC        IE2
  D:00ABH         PUBLIC        IE3
  B:00A8H.7       PUBLIC        IE_EA
  D:00B8H         PUBLIC        IP0
  D:00B1H         PUBLIC        IP1
  D:00B2H         PUBLIC        IP2
  D:00B3H         PUBLIC        IP3
  D:00B4H         PUBLIC        IP4
  D:00B5H         PUBLIC        IP5
  D:00B6H         PUBLIC        IP6
  D:00B7H         PUBLIC        IP7
  D:0093H         PUBLIC        ADC_DATAH0
  D:0094H         PUBLIC        ADC_DATAL0
  D:0099H         PUBLIC        ADC_CHS0
  X:6326H         PUBLIC        cur_adc_status
  C:2CFAH         PUBLIC        adc_pin_init
  C:2AE8H         PUBLIC        adc_init
  C:232CH         PUBLIC        adc_scan
  C:2CC4H         PUBLIC        adc_init_when_low_pwr_out
  C:272DH         PUBLIC        _adc_update_val
  C:2920H         PUBLIC        _adc_get_val
  C:2A7CH         PUBLIC        _adc_get_update_flag
  C:0024H         PUBLIC        _adc_clear_update_flag
  C:2584H         PUBLIC        _adc_channel_sel
  C:2C41H         PUBLIC        adc_get_val_once
BL51 BANKED LINKER/LOCATER V6.22.4.0                                                  07/07/2026  17:35:16  PAGE 12


  X:6327H         SYMBOL        adc_adkey_val
  B:0022H.2       SYMBOL        flag_is_adkey_val_update
  X:6329H         SYMBOL        adc_bat_det_val
  B:0022H.3       SYMBOL        flag_is_adc_bat_det_val_update
  X:632BH         SYMBOL        adc_solar_det_val
  B:0022H.4       SYMBOL        flag_is_adc_solar_det_val_update
  X:632DH         SYMBOL        adc_type_c_det_val
  B:0022H.5       SYMBOL        flag_is_adc_type_c_det_val_update
  C:205AH         PUBLIC        ADC_IRQHandler
  C:294EH         SYMBOL        Com0067
  C:294EH         SYMBOL        L?0104
  C:294EH         SYMBOL        L?0105
  C:2958H         SYMBOL        L?0106
  C:2958H         SYMBOL        L?0107
  C:2961H         SYMBOL        L?0108
  C:2961H         SYMBOL        L?0109
  C:2968H         SYMBOL        L?0110
  C:2972H         SYMBOL        L?0111
  -------         PROC          COM0067
  -------         ENDPROC       COM0067
  -------         PROC          ADC_PIN_INIT
  C:2CFAH         LINE#         22
  C:2CFAH         LINE#         23
  C:2CFAH         LINE#         25
  C:2D00H         LINE#         28
  C:2D06H         LINE#         31
  C:2D0AH         LINE#         32
  -------         ENDPROC       ADC_PIN_INIT
  -------         PROC          ADC_INIT
  C:2AE8H         LINE#         34
  C:2AE8H         LINE#         35
  C:2AE8H         LINE#         36
  C:2AEDH         LINE#         38
  C:2AF3H         LINE#         42
  C:2AF6H         LINE#         43
  C:2AF8H         LINE#         45
  C:2AFEH         LINE#         47
  C:2B03H         LINE#         50
  -------         ENDPROC       ADC_INIT
  -------         PROC          _ADC_UPDATE_VAL
  D:0007H         SYMBOL        adc_channel
  D:0004H         SYMBOL        adc_val
  C:272DH         LINE#         59
  C:272DH         LINE#         60
  C:272DH         LINE#         61
  C:273CH         LINE#         62
  C:273CH         LINE#         63
  C:273CH         LINE#         64
  C:2744H         LINE#         65
  C:2746H         LINE#         66
  C:2747H         LINE#         67
  C:2747H         LINE#         68
  C:274FH         LINE#         69
  C:2751H         LINE#         70
  C:2752H         LINE#         71
  C:2752H         LINE#         72
  C:275AH         LINE#         73
BL51 BANKED LINKER/LOCATER V6.22.4.0                                                  07/07/2026  17:35:16  PAGE 13


  C:275CH         LINE#         74
  C:275DH         LINE#         75
  C:275DH         LINE#         76
  C:2767H         LINE#         77
  C:2769H         LINE#         78
  C:2769H         LINE#         79
  C:2769H         LINE#         80
  -------         ENDPROC       _ADC_UPDATE_VAL
  -------         PROC          _ADC_GET_VAL
  D:0007H         SYMBOL        adc_channel
  -------         DO            
  D:0004H         SYMBOL        ret
  -------         ENDDO         
  C:2920H         LINE#         82
  C:2920H         LINE#         83
  C:2920H         LINE#         84
  C:2923H         LINE#         85
  C:2932H         LINE#         86
  C:2932H         LINE#         87
  C:2932H         LINE#         88
  C:2935H         LINE#         89
  C:2937H         LINE#         90
  C:2937H         LINE#         91
  C:293AH         LINE#         92
  C:293CH         LINE#         93
  C:293CH         LINE#         94
  C:293FH         LINE#         95
  C:2941H         LINE#         96
  C:2941H         LINE#         97
  C:2949H         LINE#         98
  C:2949H         LINE#         100
  C:2949H         LINE#         101
  C:2949H         LINE#         102
  C:2949H         LINE#         104
  C:294DH         LINE#         105
  -------         ENDPROC       _ADC_GET_VAL
  -------         PROC          _ADC_GET_UPDATE_FLAG
  D:0007H         SYMBOL        adc_channel
  -------         DO            
  D:0006H         SYMBOL        ret
  -------         ENDDO         
  C:2A7CH         LINE#         108
  C:2A7CH         LINE#         109
  C:2A7CH         LINE#         110
  C:2A7EH         LINE#         111
  C:2A8DH         LINE#         112
  C:2A8DH         LINE#         113
  C:2A8DH         LINE#         114
  C:2A8FH         LINE#         115
  C:2A91H         LINE#         116
  C:2A91H         LINE#         117
  C:2A93H         LINE#         118
  C:2A95H         LINE#         119
  C:2A95H         LINE#         120
  C:2A97H         LINE#         121
  C:2A99H         LINE#         122
  C:2A99H         LINE#         123
BL51 BANKED LINKER/LOCATER V6.22.4.0                                                  07/07/2026  17:35:16  PAGE 14


  C:2A9EH         LINE#         124
  C:2A9EH         LINE#         126
  C:2A9EH         LINE#         127
  C:2A9EH         LINE#         128
  C:2A9EH         LINE#         130
  C:2AA0H         LINE#         131
  -------         ENDPROC       _ADC_GET_UPDATE_FLAG
  -------         PROC          _ADC_CLEAR_UPDATE_FLAG
  D:0007H         SYMBOL        adc_channel
  C:0024H         LINE#         134
  C:0024H         LINE#         135
  C:0024H         LINE#         136
  C:0033H         LINE#         137
  C:0033H         LINE#         138
  C:0033H         LINE#         139
  C:0035H         LINE#         140
  C:0036H         LINE#         141
  C:0036H         LINE#         142
  C:0038H         LINE#         143
  C:0039H         LINE#         144
  C:0039H         LINE#         145
  C:003BH         LINE#         146
  C:003CH         LINE#         147
  C:003CH         LINE#         148
  C:003EH         LINE#         149
  C:003EH         LINE#         151
  C:003EH         LINE#         152
  C:003EH         LINE#         153
  C:003EH         LINE#         154
  -------         ENDPROC       _ADC_CLEAR_UPDATE_FLAG
  -------         PROC          _ADC_CHANNEL_SEL
  D:0007H         SYMBOL        adc_channel
  C:2584H         LINE#         156
  C:2584H         LINE#         157
  C:2584H         LINE#         158
  C:258BH         LINE#         162
  C:259AH         LINE#         163
  C:259AH         LINE#         164
  C:259AH         LINE#         166
  C:25A1H         LINE#         168
  C:25A4H         LINE#         169
  C:25A6H         LINE#         170
  C:25A6H         LINE#         171
  C:25ADH         LINE#         174
  C:25B0H         LINE#         176
  C:25B2H         LINE#         177
  C:25B2H         LINE#         181
  C:25B9H         LINE#         184
  C:25BCH         LINE#         185
  C:25BEH         LINE#         187
  C:25BEH         LINE#         188
  C:25C5H         LINE#         191
  C:25C8H         LINE#         192
  C:25C8H         LINE#         194
  C:25C8H         LINE#         195
  C:25C8H         LINE#         196
  C:25C8H         LINE#         198
BL51 BANKED LINKER/LOCATER V6.22.4.0                                                  07/07/2026  17:35:16  PAGE 15


  C:25CEH         LINE#         200
  -------         ENDPROC       _ADC_CHANNEL_SEL
  -------         PROC          ADC_INIT_WHEN_LOW_PWR_OUT
  C:2CC4H         LINE#         203
  C:2CC4H         LINE#         204
  C:2CC4H         LINE#         205
  C:2CCAH         LINE#         208
  C:2CD0H         LINE#         209
  C:2CD5H         LINE#         211
  -------         ENDPROC       ADC_INIT_WHEN_LOW_PWR_OUT
  -------         PROC          ADC_GET_VAL_ONCE
  C:2C41H         LINE#         214
  C:2C41H         LINE#         215
  C:2C41H         LINE#         216
  C:2C47H         LINE#         217
  C:2C4DH         LINE#         219
  C:2C4FH         LINE#         220
  C:2C57H         LINE#         221
  -------         ENDPROC       ADC_GET_VAL_ONCE
  -------         PROC          ADC_SCAN
  C:232CH         LINE#         224
  C:232CH         LINE#         225
  C:232CH         LINE#         227
  C:2352H         LINE#         228
  C:2352H         LINE#         229
  C:2352H         LINE#         231
  C:2352H         LINE#         232
  C:2354H         LINE#         233
  C:235AH         LINE#         234
  C:235BH         LINE#         235
  C:235BH         LINE#         237
  C:235BH         LINE#         238
  C:2361H         LINE#         239
  C:2362H         LINE#         240
  C:2362H         LINE#         241
  C:2364H         LINE#         242
  C:236AH         LINE#         243
  C:236BH         LINE#         244
  C:236BH         LINE#         249
  C:236BH         LINE#         250
  C:2371H         LINE#         251
  C:2372H         LINE#         252
  C:2372H         LINE#         253
  C:2374H         LINE#         254
  C:237AH         LINE#         255
  C:237BH         LINE#         256
  C:237BH         LINE#         257
  C:237BH         LINE#         258
  C:2381H         LINE#         259
  C:2382H         LINE#         260
  C:2382H         LINE#         261
  C:2384H         LINE#         262
  C:238AH         LINE#         263
  C:238BH         LINE#         264
  C:238BH         LINE#         265
  C:238BH         LINE#         266
  C:2391H         LINE#         267
BL51 BANKED LINKER/LOCATER V6.22.4.0                                                  07/07/2026  17:35:16  PAGE 16


  C:2391H         LINE#         269
  C:2391H         LINE#         270
  C:2391H         LINE#         271
  C:2391H         LINE#         272
  -------         ENDPROC       ADC_SCAN
  -------         PROC          ADC_IRQHANDLER
  -------         DO            
  X:6233H         SYMBOL        adc_val
  -------         ENDDO         
  C:205AH         LINE#         274
  C:2077H         LINE#         279
  C:2077H         LINE#         283
  C:207DH         LINE#         284
  C:207DH         LINE#         285
  C:2080H         LINE#         286
  C:208FH         LINE#         288
  C:20A3H         LINE#         289
  C:20A3H         LINE#         290
  C:20A3H         LINE#         291
  C:20A8H         LINE#         292
  C:20AAH         LINE#         293
  C:20AAH         LINE#         294
  C:20B2H         LINE#         299
  C:20B5H         LINE#         300
  C:20B7H         LINE#         301
  C:20B7H         LINE#         302
  C:20BCH         LINE#         303
  C:20BEH         LINE#         304
  C:20BEH         LINE#         305
  C:20C6H         LINE#         306
  C:20C6H         LINE#         308
  C:20C6H         LINE#         309
  C:20C6H         LINE#         310
  C:20C6H         LINE#         311
  C:20C6H         LINE#         314
  C:20C6H         LINE#         315
  -------         ENDPROC       ADC_IRQHANDLER
  -------         ENDMOD        ADC

  -------         MODULE        PWM
  C:0000H         SYMBOL        _ICE_DUMMY_
  B:00A0H.7       PUBLIC        P27
  B:00B0H.0       PUBLIC        P30
  C:1FCFH         PUBLIC        pwm_init
  C:2D86H         PUBLIC        _pwm_set_channel_0_duty
  C:2D8FH         PUBLIC        _pwm_set_channel_1_duty
  C:2C6FH         SYMBOL        Com0004
  C:2C6FH         SYMBOL        L?0005
  C:2C7AH         SYMBOL        L?0006
  -------         PROC          COM0004
  -------         ENDPROC       COM0004
  -------         PROC          PWM_INIT
  C:1FCFH         LINE#         3
  C:1FCFH         LINE#         4
  C:1FCFH         LINE#         6
  C:1FD5H         LINE#         7
  C:1FD9H         LINE#         9
BL51 BANKED LINKER/LOCATER V6.22.4.0                                                  07/07/2026  17:35:16  PAGE 17


  C:1FDBH         LINE#         10
  C:1FE0H         LINE#         13
  C:1FE6H         LINE#         14
  C:1FEAH         LINE#         16
  C:1FECH         LINE#         17
  C:1FF1H         LINE#         21
  C:1FF7H         LINE#         22
  C:1FFCH         LINE#         23
  C:2001H         LINE#         24
  C:2005H         LINE#         25
  C:2007H         LINE#         26
  C:2007H         LINE#         27
  C:2007H         LINE#         29
  C:200DH         LINE#         30
  C:2013H         LINE#         31
  C:2019H         LINE#         32
  C:201FH         LINE#         33
  C:2025H         LINE#         37
  C:202BH         LINE#         38
  C:2030H         LINE#         39
  C:2035H         LINE#         40
  C:2039H         LINE#         41
  C:203BH         LINE#         42
  C:203BH         LINE#         43
  C:203BH         LINE#         45
  C:2041H         LINE#         46
  C:2047H         LINE#         47
  C:204DH         LINE#         48
  C:2053H         LINE#         49
  C:2059H         LINE#         50
  -------         ENDPROC       PWM_INIT
  -------         PROC          _PWM_SET_CHANNEL_0_DUTY
  D:0004H         SYMBOL        channel_duty
  C:2D86H         LINE#         53
  C:2D86H         LINE#         54
  C:2D86H         LINE#         55
  C:2D88H         LINE#         56
  C:2D88H         LINE#         57
  C:2D8EH         LINE#         58
  -------         ENDPROC       _PWM_SET_CHANNEL_0_DUTY
  -------         PROC          _PWM_SET_CHANNEL_1_DUTY
  D:0004H         SYMBOL        channel_duty
  C:2D8FH         LINE#         61
  C:2D8FH         LINE#         62
  C:2D8FH         LINE#         63
  C:2D91H         LINE#         64
  C:2D91H         LINE#         65
  C:2D97H         LINE#         66
  -------         ENDPROC       _PWM_SET_CHANNEL_1_DUTY
  -------         ENDMOD        PWM

  -------         MODULE        TIMER0
  C:0000H         SYMBOL        _ICE_DUMMY_
  D:00A8H         PUBLIC        IE0
  D:00A9H         PUBLIC        IE1
  D:00AAH         PUBLIC        IE2
  D:00ABH         PUBLIC        IE3
BL51 BANKED LINKER/LOCATER V6.22.4.0                                                  07/07/2026  17:35:16  PAGE 18


  B:00A8H.7       PUBLIC        IE_EA
  D:00B8H         PUBLIC        IP0
  D:00B1H         PUBLIC        IP1
  D:00B2H         PUBLIC        IP2
  D:00B3H         PUBLIC        IP3
  D:00B4H         PUBLIC        IP4
  D:00B5H         PUBLIC        IP5
  D:00B6H         PUBLIC        IP6
  D:00B7H         PUBLIC        IP7
  D:00D1H         PUBLIC        TMR_ALLCON
  C:2BA8H         PUBLIC        timer0_init
  C:22BDH         PUBLIC        TIMR0_IRQHandler
  -------         PROC          TIMER0_INIT
  C:2BA8H         LINE#         10
  C:2BA8H         LINE#         11
  C:2BA8H         LINE#         12
  C:2BABH         LINE#         13
  C:2BADH         LINE#         15
  C:2BB0H         LINE#         16
  C:2BB5H         LINE#         17
  C:2BB9H         LINE#         18
  C:2BBEH         LINE#         19
  C:2BC2H         LINE#         20
  -------         ENDPROC       TIMER0_INIT
  -------         PROC          TIMR0_IRQHANDLER
  C:22BDH         LINE#         24
  C:22DAH         LINE#         27
  C:22DAH         LINE#         32
  C:22E0H         LINE#         33
  C:22E0H         LINE#         34
  C:22E4H         LINE#         40
  C:22EAH         LINE#         41
  C:22EDH         LINE#         43
  C:22F0H         LINE#         44
  C:22F3H         LINE#         46
  C:22F6H         LINE#         47
  C:22F9H         LINE#         48
  C:22FCH         LINE#         50
  C:22FFH         LINE#         51
  C:2302H         LINE#         52
  C:2305H         LINE#         54
  C:2308H         LINE#         55
  C:230BH         LINE#         57
  C:230EH         LINE#         60
  C:2311H         LINE#         63
  C:2311H         LINE#         66
  C:2311H         LINE#         67
  -------         ENDPROC       TIMR0_IRQHANDLER
  -------         ENDMOD        TIMER0

  -------         MODULE        TIMER1
  C:0000H         SYMBOL        _ICE_DUMMY_
  D:00A8H         PUBLIC        IE0
  D:00A9H         PUBLIC        IE1
  D:00AAH         PUBLIC        IE2
  D:00ABH         PUBLIC        IE3
  B:00A8H.7       PUBLIC        IE_EA
BL51 BANKED LINKER/LOCATER V6.22.4.0                                                  07/07/2026  17:35:16  PAGE 19


  D:00B8H         PUBLIC        IP0
  D:00B1H         PUBLIC        IP1
  D:00B2H         PUBLIC        IP2
  D:00B3H         PUBLIC        IP3
  D:00B4H         PUBLIC        IP4
  D:00B5H         PUBLIC        IP5
  D:00B6H         PUBLIC        IP6
  D:00B7H         PUBLIC        IP7
  D:00D1H         PUBLIC        TMR_ALLCON
  C:2BC3H         PUBLIC        timer1_init
  C:2619H         PUBLIC        TIMR1_IRQHandler
  -------         PROC          TIMER1_INIT
  C:2BC3H         LINE#         9
  C:2BC3H         LINE#         10
  C:2BC3H         LINE#         12
  C:2BC6H         LINE#         13
  C:2BC8H         LINE#         15
  C:2BCBH         LINE#         16
  C:2BD0H         LINE#         17
  C:2BD4H         LINE#         18
  C:2BD9H         LINE#         19
  C:2BDDH         LINE#         23
  -------         ENDPROC       TIMER1_INIT
  -------         PROC          TIMR1_IRQHANDLER
  C:2619H         LINE#         27
  C:2636H         LINE#         30
  C:2636H         LINE#         34
  C:263CH         LINE#         35
  C:263CH         LINE#         36
  C:2640H         LINE#         39
  C:2643H         LINE#         40
  C:2646H         LINE#         41
  C:2646H         LINE#         44
  C:2646H         LINE#         45
  -------         ENDPROC       TIMR1_IRQHANDLER
  -------         ENDMOD        TIMER1

  -------         MODULE        UART0
  C:0000H         SYMBOL        _ICE_DUMMY_
  D:00A8H         PUBLIC        IE0
  D:00A9H         PUBLIC        IE1
  D:00AAH         PUBLIC        IE2
  D:00ABH         PUBLIC        IE3
  B:00A8H.7       PUBLIC        IE_EA
  D:00B8H         PUBLIC        IP0
  D:00B1H         PUBLIC        IP1
  D:00B2H         PUBLIC        IP2
  D:00B3H         PUBLIC        IP3
  D:00B4H         PUBLIC        IP4
  D:00B5H         PUBLIC        IP5
  D:00B6H         PUBLIC        IP6
  D:00B7H         PUBLIC        IP7
  D:00D2H         PUBLIC        UART0_CON0
  D:00D4H         PUBLIC        UART0_STA
  D:00D5H         PUBLIC        UART0_BAUD0
  D:00D6H         PUBLIC        UART0_BAUD1
  D:00D7H         PUBLIC        UART0_DATA
BL51 BANKED LINKER/LOCATER V6.22.4.0                                                  07/07/2026  17:35:16  PAGE 20


  C:27A6H         PUBLIC        uart0_init
  C:2DA9H         PUBLIC        _uart0_sendbyte
  C:2AC5H         PUBLIC        _uart0_sendbuf
  C:2D98H         PUBLIC        uart0_rxbuffer_get_count
  C:276AH         PUBLIC        uart0_rxbuffer_get_byte
  C:2DA1H         PUBLIC        _putchar
  X:6000H         PUBLIC        uart0_rx_buffer
  C:26ECH         SYMBOL        _uart0_rxbuffer_put_byte
  C:2886H         PUBLIC        UART0_IRQHandler
  C:2DC9H         SYMBOL        Com004A
  C:2DC9H         SYMBOL        L?0075
  C:2DC9H         SYMBOL        L?0076
  -------         PROC          COM004A
  -------         ENDPROC       COM004A
  -------         PROC          _PUTCHAR
  D:0007H         SYMBOL        c
  C:2DA1H         LINE#         8
  C:2DA1H         LINE#         9
  C:2DA1H         LINE#         10
  C:2DA6H         LINE#         12
  C:2DA8H         LINE#         13
  C:2DA8H         LINE#         14
  -------         ENDPROC       _PUTCHAR
  -------         PROC          UART0_INIT
  C:27A6H         LINE#         17
  C:27A6H         LINE#         18
  C:27A6H         LINE#         19
  C:27ACH         LINE#         20
  C:27B0H         LINE#         21
  C:27B7H         LINE#         23
  C:27BDH         LINE#         24
  C:27C3H         LINE#         25
  C:27C9H         LINE#         27
  C:27CCH         LINE#         28
  C:27CFH         LINE#         29
  C:27D2H         LINE#         33
  C:27DAH         LINE#         34
  C:27DDH         LINE#         35
  C:27DFH         LINE#         36
  -------         ENDPROC       UART0_INIT
  -------         PROC          _UART0_SENDBYTE
  D:0007H         SYMBOL        byte
  C:2DA9H         LINE#         39
  C:2DA9H         LINE#         40
  C:2DA9H         LINE#         41
  C:2DAEH         LINE#         44
  C:2DB0H         LINE#         48
  -------         ENDPROC       _UART0_SENDBYTE
  -------         PROC          _UART0_SENDBUF
  X:6210H         SYMBOL        buf
  D:0005H         SYMBOL        len
  -------         DO            
  D:0006H         SYMBOL        i
  -------         ENDDO         
  C:2AC5H         LINE#         50
  C:2ACBH         LINE#         51
  C:2ACBH         LINE#         52
BL51 BANKED LINKER/LOCATER V6.22.4.0                                                  07/07/2026  17:35:16  PAGE 21


  C:2ACDH         LINE#         53
  C:2AD2H         LINE#         54
  C:2AD2H         LINE#         55
  C:2AE4H         LINE#         56
  C:2AE7H         LINE#         57
  -------         ENDPROC       _UART0_SENDBUF
  -------         PROC          UART0_RXBUFFER_GET_COUNT
  C:2D98H         LINE#         60
  C:2D98H         LINE#         61
  C:2D98H         LINE#         62
  C:2DA0H         LINE#         63
  -------         ENDPROC       UART0_RXBUFFER_GET_COUNT
  -------         PROC          UART0_RXBUFFER_GET_BYTE
  -------         DO            
  D:0007H         SYMBOL        rxbyte
  -------         ENDDO         
  C:276AH         LINE#         66
  C:276AH         LINE#         67
  C:276AH         LINE#         70
  C:2774H         LINE#         71
  C:2774H         LINE#         73
  C:2776H         LINE#         74
  C:2776H         LINE#         80
  C:277CH         LINE#         81
  C:2785H         LINE#         82
  C:2785H         LINE#         83
  C:2789H         LINE#         84
  C:2789H         LINE#         85
  C:279BH         LINE#         87
  C:27A5H         LINE#         89
  C:27A5H         LINE#         90
  -------         ENDPROC       UART0_RXBUFFER_GET_BYTE
  -------         PROC          _UART0_RXBUFFER_PUT_BYTE
  D:0007H         SYMBOL        byte
  C:26ECH         LINE#         92
  C:26ECH         LINE#         93
  C:26ECH         LINE#         100
  C:26F2H         LINE#         101
  C:26FBH         LINE#         102
  C:26FBH         LINE#         103
  C:26FFH         LINE#         104
  C:26FFH         LINE#         105
  C:2711H         LINE#         107
  C:2717H         LINE#         108
  C:2726H         LINE#         109
  C:2726H         LINE#         110
  C:272CH         LINE#         111
  C:272CH         LINE#         112
  -------         ENDPROC       _UART0_RXBUFFER_PUT_BYTE
  -------         PROC          UART0_IRQHANDLER
  -------         DO            
  X:6264H         SYMBOL        recv_byte
  -------         ENDDO         
  C:2886H         LINE#         115
  C:2899H         LINE#         118
  C:2899H         LINE#         121
  C:289EH         LINE#         122
BL51 BANKED LINKER/LOCATER V6.22.4.0                                                  07/07/2026  17:35:16  PAGE 22


  C:289EH         LINE#         123
  C:28A4H         LINE#         124
  C:28A9H         LINE#         127
  C:28A9H         LINE#         129
  C:28A9H         LINE#         130
  -------         ENDPROC       UART0_IRQHANDLER
  -------         ENDMOD        UART0

  -------         MODULE        MAIN
  C:0000H         SYMBOL        _ICE_DUMMY_
  D:00D9H         PUBLIC        WDT_KEY
  C:297CH         PUBLIC        user_init
  C:249FH         PUBLIC        main
  -------         PROC          USER_INIT
  C:297CH         LINE#         103
  C:297CH         LINE#         104
  C:297CH         LINE#         105
  C:297FH         LINE#         106
  C:2982H         LINE#         107
  C:2985H         LINE#         108
  C:2988H         LINE#         109
  C:298BH         LINE#         110
  C:298EH         LINE#         112
  C:2991H         LINE#         113
  C:2994H         LINE#         114
  C:2997H         LINE#         117
  C:299AH         LINE#         118
  C:299DH         LINE#         121
  C:29A0H         LINE#         123
  -------         ENDPROC       USER_INIT
  -------         PROC          MAIN
  C:249FH         LINE#         126
  C:249FH         LINE#         127
  C:249FH         LINE#         129
  C:24A2H         LINE#         130
  C:24A5H         LINE#         133
  C:24A8H         LINE#         134
  C:24AFH         LINE#         135
  C:24B2H         LINE#         138
  C:24B7H         LINE#         139
  C:24B9H         LINE#         140
  C:24BCH         LINE#         141
  C:24BEH         LINE#         142
  C:24C1H         LINE#         143
  C:24C3H         LINE#         144
  C:24C6H         LINE#         145
  C:24C8H         LINE#         147
  C:24CBH         LINE#         148
  C:24D2H         LINE#         150
  C:24D2H         LINE#         151
  C:24D2H         LINE#         152
  C:24DBH         LINE#         153
  C:24DEH         LINE#         155
  C:24E1H         LINE#         157
  C:24E4H         LINE#         159
  C:24E7H         LINE#         166
  C:24EAH         LINE#         171
BL51 BANKED LINKER/LOCATER V6.22.4.0                                                  07/07/2026  17:35:16  PAGE 23


  -------         ENDPROC       MAIN
  -------         ENDMOD        MAIN

  -------         MODULE        UART_DATA_HANDLE
  C:0000H         SYMBOL        _ICE_DUMMY_
  C:2CD6H         PUBLIC        uart_receiver_reset
  C:000FH         PUBLIC        uart_receiver_timeout_add
  C:2850H         PUBLIC        uart_receiver_process_checksum
  C:1E0BH         PUBLIC        _uart_receiver_process_byte
  C:23F8H         PUBLIC        uart_receiver_timeout_handler
  C:1CA9H         PUBLIC        uart_data_handle
  C:26A7H         PUBLIC        _uart_data_send_cmd
  X:62FAH         SYMBOL        uart_receiver
  C:1A3FH         SYMBOL        _?ix1000
  C:2819H         SYMBOL        Com003C
  C:2819H         SYMBOL        L?0061
  C:2819H         SYMBOL        L?0062
  C:281EH         SYMBOL        L?0063
  C:2835H         SYMBOL        L?0064
  C:283AH         SYMBOL        L?0065
  C:283EH         SYMBOL        L?0066
  C:2845H         SYMBOL        L?0067
  -------         PROC          COM003C
  -------         ENDPROC       COM003C
  -------         PROC          UART_RECEIVER_RESET
  C:2CD6H         LINE#         13
  C:2CD6H         LINE#         14
  C:2CD6H         LINE#         16
  C:2CDBH         LINE#         17
  C:2CDFH         LINE#         18
  C:2CE3H         LINE#         19
  C:2CE7H         LINE#         20
  -------         ENDPROC       UART_RECEIVER_RESET
  -------         PROC          UART_RECEIVER_TIMEOUT_ADD
  C:000FH         LINE#         26
  C:000FH         LINE#         27
  C:000FH         LINE#         28
  C:0015H         LINE#         29
  C:0015H         LINE#         30
  C:001DH         LINE#         31
  C:001DH         LINE#         32
  -------         ENDPROC       UART_RECEIVER_TIMEOUT_ADD
  -------         PROC          UART_RECEIVER_PROCESS_CHECKSUM
  -------         DO            
  D:0006H         SYMBOL        i
  D:0007H         SYMBOL        check_sum
  -------         ENDDO         
  C:2850H         LINE#         39
  C:2850H         LINE#         40
  C:2850H         LINE#         42
  C:2852H         LINE#         43
  C:2853H         LINE#         44
  C:2853H         LINE#         45
  C:2859H         LINE#         46
  C:285EH         LINE#         48
  C:2865H         LINE#         49
  C:2865H         LINE#         50
BL51 BANKED LINKER/LOCATER V6.22.4.0                                                  07/07/2026  17:35:16  PAGE 24


  C:2868H         LINE#         51
  C:2868H         LINE#         53
  C:2868H         LINE#         57
  C:2883H         LINE#         60
  C:2885H         LINE#         61
  C:2885H         LINE#         62
  -------         ENDPROC       UART_RECEIVER_PROCESS_CHECKSUM
  -------         PROC          _UART_RECEIVER_PROCESS_BYTE
  X:6208H         SYMBOL        byte
  C:1E0BH         LINE#         71
  C:1E10H         LINE#         72
  C:1E10H         LINE#         74
  C:1E33H         LINE#         75
  C:1E33H         LINE#         76
  C:1E33H         LINE#         77
  C:1E3BH         LINE#         78
  C:1E3BH         LINE#         79
  C:1E3BH         LINE#         80
  C:1E40H         LINE#         81
  C:1E43H         LINE#         82
  C:1E43H         LINE#         84
  C:1E43H         LINE#         85
  C:1E46H         LINE#         86
  C:1E46H         LINE#         87
  C:1E46H         LINE#         89
  C:1E46H         LINE#         90
  C:1E4EH         LINE#         91
  C:1E4EH         LINE#         92
  C:1E4EH         LINE#         93
  C:1E53H         LINE#         94
  C:1E56H         LINE#         95
  C:1E56H         LINE#         97
  C:1E56H         LINE#         99
  C:1E59H         LINE#         100
  C:1E59H         LINE#         101
  C:1E59H         LINE#         103
  C:1E59H         LINE#         104
  C:1E60H         LINE#         105
  C:1E60H         LINE#         106
  C:1E60H         LINE#         107
  C:1E65H         LINE#         108
  C:1E68H         LINE#         109
  C:1E68H         LINE#         111
  C:1E68H         LINE#         112
  C:1E6BH         LINE#         113
  C:1E6BH         LINE#         114
  C:1E6BH         LINE#         116
  C:1E6BH         LINE#         118
  C:1E6BH         LINE#         119
  C:1E70H         LINE#         120
  C:1E73H         LINE#         121
  C:1E73H         LINE#         123
  C:1E73H         LINE#         125
  C:1E73H         LINE#         126
  C:1E78H         LINE#         127
  C:1E7AH         LINE#         128
  C:1E7AH         LINE#         130
BL51 BANKED LINKER/LOCATER V6.22.4.0                                                  07/07/2026  17:35:16  PAGE 25


  C:1E7AH         LINE#         131
  C:1E81H         LINE#         132
  C:1E81H         LINE#         133
  C:1E81H         LINE#         134
  C:1E86H         LINE#         135
  C:1E88H         LINE#         136
  C:1E88H         LINE#         138
  C:1E88H         LINE#         139
  C:1E8BH         LINE#         140
  C:1E8BH         LINE#         141
  C:1E8BH         LINE#         143
  C:1E8BH         LINE#         145
  C:1E8BH         LINE#         146
  C:1E91H         LINE#         147
  C:1E97H         LINE#         148
  C:1E97H         LINE#         150
  C:1E9AH         LINE#         151
  C:1E9AH         LINE#         153
  C:1E9AH         LINE#         154
  C:1E9DH         LINE#         155
  C:1E9DH         LINE#         156
  C:1E9DH         LINE#         158
  C:1E9DH         LINE#         159
  C:1EA5H         LINE#         160
  C:1EA5H         LINE#         161
  C:1EA5H         LINE#         162
  C:1EABH         LINE#         163
  C:1EAEH         LINE#         164
  C:1EAEH         LINE#         166
  C:1EAEH         LINE#         167
  C:1EB1H         LINE#         168
  C:1EB1H         LINE#         169
  C:1EB1H         LINE#         171
  C:1EB1H         LINE#         172
  C:1EB1H         LINE#         173
  C:1EB1H         LINE#         175
  C:1EB3H         LINE#         176
  -------         ENDPROC       _UART_RECEIVER_PROCESS_BYTE
  -------         PROC          UART_RECEIVER_TIMEOUT_HANDLER
  -------         DO            
  X:6208H         SYMBOL        i
  -------         ENDDO         
  C:23F8H         LINE#         179
  C:23F8H         LINE#         180
  C:23F8H         LINE#         185
  C:2407H         LINE#         186
  C:2407H         LINE#         188
  C:2411H         LINE#         191
  C:241AH         LINE#         192
  C:242DH         LINE#         193
  C:242DH         LINE#         194
  C:243CH         LINE#         195
  C:2444H         LINE#         196
  C:244DH         LINE#         200
  C:2450H         LINE#         201
  C:2450H         LINE#         202
  -------         ENDPROC       UART_RECEIVER_TIMEOUT_HANDLER
BL51 BANKED LINKER/LOCATER V6.22.4.0                                                  07/07/2026  17:35:16  PAGE 26


  -------         PROC          UART_DATA_HANDLE
  -------         DO            
  X:6206H         SYMBOL        i
  X:6207H         SYMBOL        recv_byte
  X:62F9H         SYMBOL        initialized
  -------         ENDDO         
  C:1CA9H         LINE#         203
  C:1CA9H         LINE#         204
  C:1CA9H         LINE#         212
  C:1CAFH         LINE#         213
  C:1CAFH         LINE#         214
  C:1CB2H         LINE#         215
  C:1CB8H         LINE#         216
  C:1CB8H         LINE#         221
  C:1CBEH         LINE#         222
  C:1CBEH         LINE#         223
  C:1CC1H         LINE#         224
  C:1CC1H         LINE#         233
  C:1CC1H         LINE#         234
  C:1CC1H         LINE#         235
  C:1CD5H         LINE#         238
  C:1CD5H         LINE#         252
  C:1CD5H         LINE#         253
  C:1CD5H         LINE#         255
  C:1CDDH         LINE#         258
  C:1CE3H         LINE#         259
  C:1CE8H         LINE#         262
  C:1CF3H         LINE#         263
  C:1CF3H         LINE#         267
  C:1CF9H         LINE#         268
  C:1CF9H         LINE#         269
  C:1D02H         LINE#         270
  C:1D0CH         LINE#         271
  C:1D0CH         LINE#         276
  C:1D0FH         LINE#         277
  C:1D0FH         LINE#         278
  C:1D11H         LINE#         308
  C:1D1EH         LINE#         310
  C:1D1EH         LINE#         312
  C:1D1EH         LINE#         332
  C:1D2EH         LINE#         333
  C:1D2EH         LINE#         334
  C:1D2EH         LINE#         336
  C:1D33H         LINE#         337
  C:1D35H         LINE#         338
  C:1D35H         LINE#         340
  C:1D3BH         LINE#         341
  C:1D3DH         LINE#         342
  C:1D3DH         LINE#         344
  C:1D46H         LINE#         350
  C:1D49H         LINE#         351
  C:1D4BH         LINE#         353
  C:1D4BH         LINE#         355
  C:1D5AH         LINE#         357
  C:1D5AH         LINE#         358
  C:1D5AH         LINE#         361
  C:1D5DH         LINE#         362
BL51 BANKED LINKER/LOCATER V6.22.4.0                                                  07/07/2026  17:35:16  PAGE 27


  -------         ENDPROC       UART_DATA_HANDLE
  -------         PROC          _UART_DATA_SEND_CMD
  X:6207H         SYMBOL        cmd
  -------         DO            
  X:6208H         SYMBOL        buf
  -------         ENDDO         
  C:26A7H         LINE#         366
  C:26ACH         LINE#         367
  C:26ACH         LINE#         368
  C:26BFH         LINE#         379
  C:26C8H         LINE#         380
  C:26E1H         LINE#         382
  -------         ENDPROC       _UART_DATA_SEND_CMD
  -------         ENDMOD        UART_DATA_HANDLE

  -------         MODULE        KEY_DRIVER
  C:0000H         SYMBOL        _ICE_DUMMY_
  C:10B6H         PUBLIC        _key_driver_scan
  X:6335H         SYMBOL        is_key_active
  X:6336H         PUBLIC        scan_para
  C:2B2CH         SYMBOL        Com0021
  C:2B2CH         SYMBOL        L?0034
  C:2B2FH         SYMBOL        L?0035
  C:2B30H         SYMBOL        L?0036
  C:2B36H         SYMBOL        L?0037
  C:2B39H         SYMBOL        L?0038
  C:2B3DH         SYMBOL        L?0039
  C:2B43H         SYMBOL        L?0040
  C:2B46H         SYMBOL        L?0041
  -------         PROC          COM0021
  -------         ENDPROC       COM0021
  -------         PROC          _KEY_DRIVER_SCAN
  D:0001H         SYMBOL        _scan_para
  -------         DO            
  X:6206H         SYMBOL        key_event
  D:0007H         SYMBOL        cur_key_value
  X:6207H         SYMBOL        key_value
  C:121EH         SYMBOL        _notify
  C:123EH         SYMBOL        _scan_end
  -------         ENDDO         
  C:10B6H         LINE#         17
  C:10B6H         LINE#         19
  C:10B6H         LINE#         24
  C:10BBH         LINE#         25
  C:10BDH         LINE#         26
  C:10C1H         LINE#         30
  C:10C7H         LINE#         33
  C:10DAH         LINE#         34
  C:10DAH         LINE#         36
  C:10DAH         LINE#         38
  C:10E4H         LINE#         40
  C:10EDH         LINE#         46
  C:10F1H         LINE#         47
  C:10F1H         LINE#         48
  C:10F7H         LINE#         49
  C:10F9H         LINE#         50
  C:10FFH         LINE#         51
BL51 BANKED LINKER/LOCATER V6.22.4.0                                                  07/07/2026  17:35:16  PAGE 28


  C:10FFH         LINE#         52
  C:1102H         LINE#         53
  C:1102H         LINE#         56
  C:1116H         LINE#         57
  C:1116H         LINE#         59
  C:111DH         LINE#         60
  C:1123H         LINE#         62
  C:1123H         LINE#         65
  C:1134H         LINE#         66
  C:1134H         LINE#         67
  C:113FH         LINE#         69
  C:113FH         LINE#         72
  C:114BH         LINE#         73
  C:114BH         LINE#         80
  C:114FH         LINE#         81
  C:114FH         LINE#         82
  C:1156H         LINE#         83
  C:1156H         LINE#         84
  C:1158H         LINE#         85
  C:115EH         LINE#         86
  C:1160H         LINE#         88
  C:1160H         LINE#         91
  C:1160H         LINE#         92
  C:1168H         LINE#         93
  C:1168H         LINE#         94
  C:116BH         LINE#         96
  C:116BH         LINE#         101
  C:1173H         LINE#         102
  C:117FH         LINE#         103
  C:117FH         LINE#         104
  C:1184H         LINE#         105
  C:1188H         LINE#         106
  C:118BH         LINE#         108
  C:118BH         LINE#         109
  C:1191H         LINE#         110
  C:1191H         LINE#         111
  C:1191H         LINE#         113
  C:1193H         LINE#         118
  C:1193H         LINE#         120
  C:1193H         LINE#         125
  C:1197H         LINE#         126
  C:1197H         LINE#         128
  C:11A8H         LINE#         129
  C:11A8H         LINE#         133
  C:11B9H         LINE#         134
  C:11B9H         LINE#         154
  C:11B9H         LINE#         155
  C:11BBH         LINE#         157
  C:11BBH         LINE#         158
  C:11C8H         LINE#         160
  C:11CAH         LINE#         162
  C:11CAH         LINE#         164
  C:11CAH         LINE#         165
  C:11D5H         LINE#         166
  C:11D8H         LINE#         168
  C:11D8H         LINE#         169
  C:11D8H         LINE#         171
BL51 BANKED LINKER/LOCATER V6.22.4.0                                                  07/07/2026  17:35:16  PAGE 29


  C:11D8H         LINE#         172
  C:11D8H         LINE#         174
  C:11D8H         LINE#         175
  C:11D8H         LINE#         177
  C:11D8H         LINE#         179
  C:11E3H         LINE#         180
  C:11E3H         LINE#         181
  C:11EBH         LINE#         182
  C:11EBH         LINE#         186
  C:11F1H         LINE#         187
  C:11F1H         LINE#         188
  C:11F7H         LINE#         193
  C:11F9H         LINE#         194
  C:1205H         LINE#         195
  C:1205H         LINE#         196
  C:120AH         LINE#         197
  C:1219H         LINE#         199
  C:1219H         LINE#         201
  C:1219H         LINE#         202
  C:1219H         LINE#         204
  C:1219H         LINE#         207
  C:121EH         LINE#         208
  C:121EH         LINE#         210
  C:121EH         LINE#         211
  C:121EH         LINE#         213
  C:121EH         LINE#         216
  C:121EH         LINE#         218
  C:121EH         LINE#         219
  C:1222H         LINE#         220
  C:122AH         LINE#         222
  C:1234H         LINE#         223
  C:123EH         LINE#         226
  C:123EH         LINE#         235
  C:123EH         LINE#         237
  C:123EH         LINE#         238
  C:1248H         LINE#         241
  -------         ENDPROC       _KEY_DRIVER_SCAN
  -------         ENDMOD        KEY_DRIVER

  -------         MODULE        AD_KEY
  C:0000H         SYMBOL        _ICE_DUMMY_
  X:6267H         PUBLIC        ad_key_para
  C:1D5EH         PUBLIC        ad_key_handle
  X:627AH         SYMBOL        ad_key_scan_table
  X:628AH         SYMBOL        ad_key_event_table
  C:28BAH         PUBLIC        ad_key_get_key_val
  C:24ECH         SYMBOL        _ad_key_val_to_ad_key_index
  C:25CFH         SYMBOL        _ad_key_get_event
  C:2D2BH         SYMBOL        Com0036
  C:2D2BH         SYMBOL        L?0055
  -------         PROC          COM0036
  -------         ENDPROC       COM0036
  -------         PROC          _AD_KEY_VAL_TO_AD_KEY_INDEX
  D:0006H         SYMBOL        ad_key_val
  -------         DO            
  D:0005H         SYMBOL        i
  X:6207H         SYMBOL        ad_key_index
BL51 BANKED LINKER/LOCATER V6.22.4.0                                                  07/07/2026  17:35:16  PAGE 30


  -------         ENDDO         
  C:24ECH         LINE#         53
  C:24ECH         LINE#         54
  C:24ECH         LINE#         55
  C:24EEH         LINE#         56
  C:24F6H         LINE#         59
  C:24F6H         LINE#         60
  C:24F6H         LINE#         61
  C:250EH         LINE#         62
  C:250EH         LINE#         63
  C:2528H         LINE#         64
  C:252AH         LINE#         65
  C:252AH         LINE#         66
  C:252FH         LINE#         68
  C:2537H         LINE#         69
  -------         ENDPROC       _AD_KEY_VAL_TO_AD_KEY_INDEX
  -------         PROC          _AD_KEY_GET_EVENT
  D:0007H         SYMBOL        key_val
  D:0005H         SYMBOL        key_event
  -------         DO            
  D:0006H         SYMBOL        ret_key_event
  D:0004H         SYMBOL        key_event_index
  D:0003H         SYMBOL        i
  -------         ENDDO         
  C:25CFH         LINE#         79
  C:25CFH         LINE#         80
  C:25CFH         LINE#         81
  C:25D1H         LINE#         82
  C:25D2H         LINE#         83
  C:25D3H         LINE#         86
  C:25D7H         LINE#         87
  C:25D7H         LINE#         88
  C:25D8H         LINE#         89
  C:25DAH         LINE#         90
  C:25DEH         LINE#         91
  C:25DEH         LINE#         92
  C:25E0H         LINE#         93
  C:25E2H         LINE#         94
  C:25E6H         LINE#         95
  C:25E6H         LINE#         96
  C:25E8H         LINE#         97
  C:25EAH         LINE#         98
  C:25EEH         LINE#         99
  C:25EEH         LINE#         100
  C:25F0H         LINE#         101
  C:25F2H         LINE#         103
  C:25F2H         LINE#         104
  C:25F5H         LINE#         105
  C:25F5H         LINE#         107
  C:25FBH         LINE#         108
  C:25FBH         LINE#         109
  C:2602H         LINE#         110
  C:2602H         LINE#         111
  C:2611H         LINE#         112
  C:2613H         LINE#         113
  C:2613H         LINE#         114
  C:2616H         LINE#         116
BL51 BANKED LINKER/LOCATER V6.22.4.0                                                  07/07/2026  17:35:16  PAGE 31


  C:2618H         LINE#         117
  -------         ENDPROC       _AD_KEY_GET_EVENT
  -------         PROC          AD_KEY_GET_KEY_VAL
  -------         DO            
  X:6265H         SYMBOL        val
  X:6206H         SYMBOL        ret
  -------         ENDDO         
  C:28BAH         LINE#         130
  C:28BAH         LINE#         131
  C:28BAH         LINE#         133
  C:28C0H         LINE#         136
  C:28C8H         LINE#         137
  C:28C8H         LINE#         138
  C:28CDH         LINE#         139
  C:28DAH         LINE#         142
  C:28DAH         LINE#         144
  C:28EAH         LINE#         145
  C:28ECH         LINE#         146
  -------         ENDPROC       AD_KEY_GET_KEY_VAL
  -------         PROC          AD_KEY_HANDLE
  -------         DO            
  X:6206H         SYMBOL        ad_key_event
  -------         ENDDO         
  C:1D5EH         LINE#         148
  C:1D5EH         LINE#         149
  C:1D5EH         LINE#         150
  C:1D63H         LINE#         152
  C:1D6CH         LINE#         153
  C:1D6CH         LINE#         155
  C:1D6CH         LINE#         157
  C:1D79H         LINE#         158
  C:1D7EH         LINE#         159
  C:1D80H         LINE#         165
  C:1D8FH         LINE#         166
  C:1D8FH         LINE#         168
  C:1D98H         LINE#         169
  C:1DA1H         LINE#         175
  C:1DA7H         LINE#         177
  C:1DA7H         LINE#         179
  C:1DCDH         LINE#         180
  C:1DCDH         LINE#         183
  C:1DCDH         LINE#         187
  C:1DD0H         LINE#         188
  C:1DD0H         LINE#         190
  C:1DD0H         LINE#         194
  C:1DD0H         LINE#         196
  C:1DD0H         LINE#         201
  C:1DD0H         LINE#         203
  C:1DD0H         LINE#         207
  C:1DD0H         LINE#         211
  C:1DD0H         LINE#         215
  C:1DD2H         LINE#         216
  C:1DD4H         LINE#         218
  C:1DD4H         LINE#         223
  C:1DD6H         LINE#         224
  C:1DD8H         LINE#         226
  C:1DD8H         LINE#         231
BL51 BANKED LINKER/LOCATER V6.22.4.0                                                  07/07/2026  17:35:16  PAGE 32


  C:1DDAH         LINE#         232
  C:1DDCH         LINE#         234
  C:1DDCH         LINE#         238
  C:1DDCH         LINE#         243
  C:1DDCH         LINE#         248
  C:1DDEH         LINE#         249
  C:1DE0H         LINE#         251
  C:1DE0H         LINE#         257
  C:1DE2H         LINE#         258
  C:1DE4H         LINE#         260
  C:1DE4H         LINE#         266
  C:1DE6H         LINE#         267
  C:1DE8H         LINE#         269
  C:1DE8H         LINE#         273
  C:1DE8H         LINE#         277
  C:1DE8H         LINE#         283
  C:1DEEH         LINE#         284
  C:1DEEH         LINE#         285
  C:1DF0H         LINE#         286
  C:1DF2H         LINE#         287
  C:1DF9H         LINE#         288
  C:1DF9H         LINE#         289
  C:1DFEH         LINE#         290
  C:1DFEH         LINE#         291
  C:1DFEH         LINE#         293
  C:1DFEH         LINE#         299
  C:1E04H         LINE#         300
  C:1E04H         LINE#         303
  C:1E07H         LINE#         304
  C:1E07H         LINE#         306
  C:1E07H         LINE#         311
  C:1E0AH         LINE#         312
  C:1E0AH         LINE#         313
  C:1E0AH         LINE#         315
  C:1E0AH         LINE#         319
  C:1E0AH         LINE#         321
  C:1E0AH         LINE#         325
  C:1E0AH         LINE#         327
  C:1E0AH         LINE#         328
  C:1E0AH         LINE#         329
  C:1E0AH         LINE#         330
  -------         ENDPROC       AD_KEY_HANDLE
  -------         ENDMOD        AD_KEY

  -------         MODULE        USER_TEST
  C:0000H         SYMBOL        _ICE_DUMMY_
  B:0090H.7       PUBLIC        P17
  X:633BH         PUBLIC        flag_debug
  C:2B4DH         PUBLIC        debug_time_add
  C:2CE8H         PUBLIC        user_debug_pin_init
  -------         PROC          DEBUG_TIME_ADD
  -------         DO            
  X:6339H         SYMBOL        cnt
  -------         ENDDO         
  C:2B4DH         LINE#         12
  C:2B4DH         LINE#         13
  C:2B4DH         LINE#         16
BL51 BANKED LINKER/LOCATER V6.22.4.0                                                  07/07/2026  17:35:16  PAGE 33


  C:2B57H         LINE#         17
  C:2B66H         LINE#         19
  C:2B66H         LINE#         20
  C:2B6AH         LINE#         21
  C:2B6DH         LINE#         22
  C:2B6DH         LINE#         24
  -------         ENDPROC       DEBUG_TIME_ADD
  -------         PROC          USER_DEBUG_PIN_INIT
  C:2CE8H         LINE#         26
  C:2CE8H         LINE#         27
  C:2CE8H         LINE#         28
  C:2CEEH         LINE#         29
  C:2CF2H         LINE#         30
  C:2CF7H         LINE#         31
  C:2CF9H         LINE#         32
  -------         ENDPROC       USER_DEBUG_PIN_INIT
  -------         ENDMOD        USER_TEST

  -------         MODULE        LED
  C:0000H         SYMBOL        _ICE_DUMMY_
  B:0080H.0       PUBLIC        P00
  B:0080H.1       PUBLIC        P01
  B:0080H.2       PUBLIC        P02
[...]
  C:1475H         LINE#         275
  C:1475H         LINE#         276
  C:147BH         LINE#         277
  C:147FH         LINE#         278
  C:1481H         LINE#         280
  C:1481H         LINE#         281
  C:1487H         LINE#         282
  C:148AH         LINE#         287
  C:14A8H         LINE#         288
  C:14A8H         LINE#         289
  C:14AEH         LINE#         290
  C:14AEH         LINE#         292
  C:14B5H         LINE#         293
  C:14B5H         LINE#         294
  C:14B5H         LINE#         295
  C:14B5H         LINE#         297
  C:14C4H         LINE#         298
  C:14C4H         LINE#         299
  C:14C8H         LINE#         305
  C:14D6H         LINE#         306
  C:14D6H         LINE#         307
  C:14DCH         LINE#         308
  C:14DEH         LINE#         309
  C:14EDH         LINE#         310
  C:14EDH         LINE#         311
  C:14F2H         LINE#         312
  C:14F2H         LINE#         315
  C:14F9H         LINE#         317
  C:14FFH         LINE#         318
  C:14FFH         LINE#         319
  C:1504H         LINE#         320
  C:150AH         LINE#         321
  C:1510H         LINE#         322
  C:1510H         LINE#         323
  C:1512H         LINE#         325
  C:1517H         LINE#         326
  C:1517H         LINE#         327
  C:1518H         LINE#         329
  C:1518H         LINE#         330
  C:151DH         LINE#         331
  C:1521H         LINE#         332
  C:1527H         LINE#         333
  C:1527H         LINE#         334
  C:1529H         LINE#         336
  C:152DH         LINE#         337
  C:152DH         LINE#         338
  C:152DH         LINE#         339
  C:152DH         LINE#         340
  -------         ENDPROC       DETECT_DISCHARGE_1KHZ_SIGNAL_100US
  -------         PROC          CHARGE_DET_TIME_ADD
  C:0045H         LINE#         342
  C:0045H         LINE#         343
  C:0045H         LINE#         344
  C:0047H         LINE#         345
  -------         ENDPROC       CHARGE_DET_TIME_ADD
BL51 BANKED LINKER/LOCATER V6.22.4.0                                                  07/07/2026  17:35:16  PAGE 53


  -------         PROC          CHARGE_DET
  -------         DO            
  X:62ECH         SYMBOL        adc_val_of_solar_panel
  X:62EEH         SYMBOL        adc_val_of_type_c
  X:6206H         SYMBOL        voltage_mv
  X:62F0H         SYMBOL        is_discharge_det_time_cnt
  -------         ENDDO         
  C:152EH         LINE#         349
  C:152EH         LINE#         350
  C:152EH         LINE#         353
  C:1535H         LINE#         358
  C:153DH         LINE#         359
  C:153DH         LINE#         360
  C:1542H         LINE#         361
  C:154FH         LINE#         362
  C:154FH         LINE#         364
  C:1557H         LINE#         365
  C:1557H         LINE#         366
  C:155CH         LINE#         367
  C:1569H         LINE#         368
  C:1569H         LINE#         370
  C:156FH         LINE#         371
  C:156FH         LINE#         372
  C:1571H         LINE#         373
  C:1571H         LINE#         375
  C:1571H         LINE#         378
  C:1571H         LINE#         388
  C:1591H         LINE#         390
  C:15A6H         LINE#         391
  C:15A6H         LINE#         392
  C:15ABH         LINE#         393
  C:15B1H         LINE#         394
  C:15B6H         LINE#         395
  C:15B6H         LINE#         396
  C:15B8H         LINE#         398
  C:15BDH         LINE#         403
  C:15BDH         LINE#         404
  C:15BFH         LINE#         406
  C:15BFH         LINE#         407
  C:15C4H         LINE#         408
  C:15C8H         LINE#         409
  C:15CEH         LINE#         410
  C:15CEH         LINE#         411
  C:15D0H         LINE#         413
  C:15D4H         LINE#         418
  C:15D4H         LINE#         419
  C:15D4H         LINE#         436
  C:15FFH         LINE#         438
  C:15FFH         LINE#         441
  C:15FFH         LINE#         443
  C:1602H         LINE#         444
  C:1604H         LINE#         445
  C:1606H         LINE#         446
  C:160FH         LINE#         447
  C:160FH         LINE#         449
  C:1615H         LINE#         450
  C:1615H         LINE#         452
BL51 BANKED LINKER/LOCATER V6.22.4.0                                                  07/07/2026  17:35:16  PAGE 54


  C:161BH         LINE#         453
  C:1620H         LINE#         454
  C:1620H         LINE#         455
  C:1622H         LINE#         457
  C:1627H         LINE#         458
  C:1627H         LINE#         459
  C:1627H         LINE#         460
  C:1629H         LINE#         462
  C:1629H         LINE#         465
  C:1629H         LINE#         467
  C:162CH         LINE#         468
  C:162CH         LINE#         472
  C:1638H         LINE#         473
  C:1638H         LINE#         474
  C:163EH         LINE#         477
  C:1643H         LINE#         478
  C:1647H         LINE#         479
  C:1648H         LINE#         480
  C:1654H         LINE#         481
  C:1654H         LINE#         482
  C:1658H         LINE#         483
  C:1658H         LINE#         500
  -------         ENDPROC       CHARGE_DET
  -------         ENDMOD        CHARGE_DET

  -------         MODULE        LOW_POWER
  C:0000H         SYMBOL        _ICE_DUMMY_
  D:00BAH         PUBLIC        LP_CON
  D:008DH         PUBLIC        LP_WKCON
  D:008EH         PUBLIC        LP_WKPND
  D:00A8H         PUBLIC        IE0
  D:00A9H         PUBLIC        IE1
  D:00AAH         PUBLIC        IE2
  D:00ABH         PUBLIC        IE3
  B:00A8H.7       PUBLIC        IE_EA
  D:00B8H         PUBLIC        IP0
  D:00B1H         PUBLIC        IP1
  D:00B2H         PUBLIC        IP2
  D:00B3H         PUBLIC        IP3
  D:00B4H         PUBLIC        IP4
  D:00B5H         PUBLIC        IP5
  D:00B6H         PUBLIC        IP6
  D:00B7H         PUBLIC        IP7
  D:00D2H         PUBLIC        UART0_CON0
  D:00D1H         PUBLIC        TMR_ALLCON
  D:00ACH         PUBLIC        FLASH_TIMEREG1
  D:0099H         PUBLIC        ADC_CHS0
  C:0B98H         PUBLIC        low_power_handle
  C:28EDH         PUBLIC        low_power_enter_timer_callback
  X:6333H         SYMBOL        is_low_power_enter_enable
  C:2AA1H         PUBLIC        is_low_power_condition_establish
  C:1778H         PUBLIC        low_power_in
  C:2538H         PUBLIC        low_power_out
  C:2C29H         PUBLIC        WUT_IRQHandler
  C:2CB0H         SYMBOL        Com0075
  C:2CB0H         SYMBOL        L?0118
  C:2CBDH         SYMBOL        L?0119
BL51 BANKED LINKER/LOCATER V6.22.4.0                                                  07/07/2026  17:35:16  PAGE 55


  C:2CBDH         SYMBOL        L?0120
  -------         PROC          COM0075
  -------         ENDPROC       COM0075
  -------         PROC          IS_LOW_POWER_CONDITION_ESTABLISH
  C:2AA1H         LINE#         8
  C:2AA1H         LINE#         9
  C:2AA1H         LINE#         15
  C:2AC4H         LINE#         20
  -------         ENDPROC       IS_LOW_POWER_CONDITION_ESTABLISH
  -------         PROC          LOW_POWER_ENTER_TIMER_CALLBACK
  -------         DO            
  X:632FH         SYMBOL        cnt
  -------         ENDDO         
  C:28EDH         LINE#         23
  C:28EDH         LINE#         24
  C:28EDH         LINE#         26
  C:28F3H         LINE#         27
  C:28F3H         LINE#         28
  C:28FDH         LINE#         29
  C:290CH         LINE#         30
  C:290CH         LINE#         31
  C:290DH         LINE#         32
  C:2914H         LINE#         33
  C:2914H         LINE#         34
  C:2915H         LINE#         36
  C:2915H         LINE#         37
  C:2919H         LINE#         38
  C:291FH         LINE#         39
  C:291FH         LINE#         40
  -------         ENDPROC       LOW_POWER_ENTER_TIMER_CALLBACK
  -------         PROC          LOW_POWER_IN
  C:1778H         LINE#         42
  C:1778H         LINE#         43
  C:1778H         LINE#         48
  C:177BH         LINE#         49
  C:177EH         LINE#         50
  C:1781H         LINE#         51
  C:1784H         LINE#         53
  C:178AH         LINE#         54
  C:1790H         LINE#         56
  C:1797H         LINE#         58
  C:179AH         LINE#         59
  C:17A0H         LINE#         61
  C:17A5H         LINE#         62
  C:17A8H         LINE#         71
  C:17AEH         LINE#         72
  C:17B4H         LINE#         74
  C:17BAH         LINE#         75
  C:17C0H         LINE#         78
  C:17C6H         LINE#         79
  C:17CAH         LINE#         80
  C:17D0H         LINE#         83
  C:17D4H         LINE#         84
  C:17DAH         LINE#         85
  C:17DEH         LINE#         86
  C:17E3H         LINE#         104
  C:17E7H         LINE#         105
BL51 BANKED LINKER/LOCATER V6.22.4.0                                                  07/07/2026  17:35:16  PAGE 56


  C:17EDH         LINE#         108
  C:17F2H         LINE#         110
  C:17F6H         LINE#         113
  C:17FAH         LINE#         114
  C:1800H         LINE#         116
  C:1807H         LINE#         122
  C:180AH         LINE#         131
  C:1810H         LINE#         132
  C:1816H         LINE#         133
  C:181CH         LINE#         134
  C:1822H         LINE#         138
  C:1825H         LINE#         139
  C:1828H         LINE#         140
  C:182BH         LINE#         143
  C:182EH         LINE#         144
  C:1831H         LINE#         146
  C:1834H         LINE#         147
  C:1837H         LINE#         150
  C:183AH         LINE#         151
  C:183DH         LINE#         154
  C:1840H         LINE#         155
  C:1842H         LINE#         158
  C:1849H         LINE#         159
  C:184DH         LINE#         163
  C:1852H         LINE#         164
  C:1859H         LINE#         166
  C:1860H         LINE#         168
  C:1867H         LINE#         169
  C:186EH         LINE#         170
  C:1871H         LINE#         172
  C:1878H         LINE#         173
  C:187FH         LINE#         178
  C:1882H         LINE#         184
  -------         ENDPROC       LOW_POWER_IN
  -------         PROC          LOW_POWER_OUT
  C:2538H         LINE#         186
  C:2538H         LINE#         187
  C:2538H         LINE#         189
  C:253BH         LINE#         190
  C:2542H         LINE#         191
  C:2549H         LINE#         194
  C:254CH         LINE#         198
  C:2551H         LINE#         199
  C:2553H         LINE#         205
  C:255AH         LINE#         206
  C:255FH         LINE#         207
  C:2566H         LINE#         209
  C:256DH         LINE#         210
  C:2574H         LINE#         212
  C:2577H         LINE#         213
  C:257AH         LINE#         214
  C:2581H         LINE#         217
  -------         ENDPROC       LOW_POWER_OUT
  C:0D44H         SYMBOL        L?0116
  -------         PROC          LOW_POWER_HANDLE
  -------         DO            
  X:6331H         SYMBOL        update_bat_percent_cnt
BL51 BANKED LINKER/LOCATER V6.22.4.0                                                  07/07/2026  17:35:16  PAGE 57


  D:0007H         SYMBOL        tmp_bat_percent
  X:6206H         SYMBOL        is_charge_sig_wkup
  X:6207H         SYMBOL        is_discharge_sig_wkup
  X:6208H         SYMBOL        is_key_sig_wkup
  X:6209H         SYMBOL        adc_val
  C:0BBBH         SYMBOL        label_low_power_in
  -------         ENDDO         
  C:0B98H         LINE#         222
  C:0B98H         LINE#         223
  C:0B98H         LINE#         226
  C:0B9DH         LINE#         227
  C:0B9EH         LINE#         228
  C:0B9EH         LINE#         231
  C:0BABH         LINE#         232
  C:0BABH         LINE#         233
  C:0BB2H         LINE#         234
  C:0BB2H         LINE#         236
  C:0BB2H         LINE#         238
  C:0BB2H         LINE#         241
  C:0BB8H         LINE#         243
  C:0BBBH         LINE#         245
  C:0BC0H         LINE#         246
  C:0BC2H         LINE#         247
  C:0BC4H         LINE#         249
  C:0BC7H         LINE#         250
  C:0BCAH         LINE#         253
  C:0BCDH         LINE#         254
  C:0BD6H         LINE#         258
  C:0BD9H         LINE#         259
  C:0BDCH         LINE#         261
  C:0BDEH         LINE#         262
  C:0BDEH         LINE#         263
  C:0BE1H         LINE#         265
  C:0BE9H         LINE#         266
  C:0BE9H         LINE#         268
  C:0BEFH         LINE#         272
  C:0BEFH         LINE#         274
  C:0BF1H         LINE#         275
  C:0BF1H         LINE#         276
  C:0BF4H         LINE#         278
  C:0C19H         LINE#         279
  C:0C19H         LINE#         280
  C:0C1FH         LINE#         284
  C:0C1FH         LINE#         299
  C:0C24H         LINE#         300
  C:0C24H         LINE#         302
  C:0C2DH         LINE#         304
  C:0C30H         LINE#         305
  C:0C36H         LINE#         306
  C:0C36H         LINE#         308
  C:0C3BH         LINE#         309
  C:0C3BH         LINE#         311
  C:0C3EH         LINE#         313
  C:0C44H         LINE#         316
  C:0C4DH         LINE#         318
  C:0C4DH         LINE#         320
  C:0C52H         LINE#         321
BL51 BANKED LINKER/LOCATER V6.22.4.0                                                  07/07/2026  17:35:16  PAGE 58


  C:0C59H         LINE#         322
  C:0C64H         LINE#         323
  C:0C6FH         LINE#         325
  C:0C79H         LINE#         326
  C:0C88H         LINE#         327
  C:0C88H         LINE#         333
  C:0C8CH         LINE#         334
  C:0C97H         LINE#         335
  C:0C9FH         LINE#         336
  C:0C9FH         LINE#         337
  C:0CA5H         LINE#         338
  C:0CA5H         LINE#         339
  C:0CA8H         LINE#         340
  C:0CA8H         LINE#         341
  C:0CAAH         LINE#         342
  C:0CB2H         LINE#         343
  C:0CB2H         LINE#         344
  C:0CB8H         LINE#         345
  C:0CB8H         LINE#         346
  C:0CBBH         LINE#         347
  C:0CBBH         LINE#         348
  C:0CBBH         LINE#         351
  C:0CC4H         LINE#         352
  C:0CDAH         LINE#         354
  C:0CDAH         LINE#         361
  C:0CFEH         LINE#         367
  C:0CFEH         LINE#         370
  C:0D20H         LINE#         373
  C:0D20H         LINE#         374
  C:0D29H         LINE#         375
  C:0D29H         LINE#         380
  C:0D2CH         LINE#         381
  C:0D2CH         LINE#         389
  C:0D31H         LINE#         390
  C:0D35H         LINE#         391
  C:0D40H         LINE#         392
  C:0D43H         LINE#         393
  -------         ENDPROC       LOW_POWER_HANDLE
  -------         PROC          WUT_IRQHANDLER
  C:2C29H         LINE#         396
  C:2C2FH         LINE#         399
  C:2C2FH         LINE#         404
  C:2C36H         LINE#         405
  C:2C36H         LINE#         406
  C:2C3AH         LINE#         407
  C:2C3AH         LINE#         410
  C:2C3AH         LINE#         411
  -------         ENDPROC       WUT_IRQHANDLER
  -------         ENDMOD        LOW_POWER

  -------         MODULE        ?C?COPY
  C:011EH         PUBLIC        ?C?COPY
  -------         ENDMOD        ?C?COPY

  -------         MODULE        ?C?CLDPTR
  C:0144H         PUBLIC        ?C?CLDPTR
  -------         ENDMOD        ?C?CLDPTR
BL51 BANKED LINKER/LOCATER V6.22.4.0                                                  07/07/2026  17:35:16  PAGE 59



  -------         MODULE        ?C?CLDOPTR
  C:015DH         PUBLIC        ?C?CLDOPTR
  -------         ENDMOD        ?C?CLDOPTR

  -------         MODULE        ?C?CILDOPTR
  C:018AH         PUBLIC        ?C?CILDOPTR
  -------         ENDMOD        ?C?CILDOPTR

  -------         MODULE        ?C?CSTOPTR
  C:01BDH         PUBLIC        ?C?CSTOPTR
  -------         ENDMOD        ?C?CSTOPTR

  -------         MODULE        ?C?UIDIV
  C:01DFH         PUBLIC        ?C?UIDIV
  -------         ENDMOD        ?C?UIDIV

  -------         MODULE        ?C?IILDX
  C:0234H         PUBLIC        ?C?IILDX
  -------         ENDMOD        ?C?IILDX

  -------         MODULE        ?C?LADD
  C:024AH         PUBLIC        ?C?LADD
  -------         ENDMOD        ?C?LADD

  -------         MODULE        ?C?ULDIV
  C:0293H         PUBLIC        ?C?ULDIV
  -------         ENDMOD        ?C?ULDIV

  -------         MODULE        ?C?SLCMP
  C:0325H         PUBLIC        ?C?SLCMP
  -------         ENDMOD        ?C?SLCMP

  -------         MODULE        ?C?ULCMP
  C:033BH         PUBLIC        ?C?ULCMP
  -------         ENDMOD        ?C?ULCMP

  -------         MODULE        ?C?LLDXDATA
  C:034CH         PUBLIC        ?C?LLDXDATA
  -------         ENDMOD        ?C?LLDXDATA

  -------         MODULE        ?C?LLDXDATA0
  C:0358H         PUBLIC        ?C?LLDXDATA0
  -------         ENDMOD        ?C?LLDXDATA0

  -------         MODULE        ?C?LSTXDATA
  C:0364H         PUBLIC        ?C?LSTXDATA
  -------         ENDMOD        ?C?LSTXDATA

  -------         MODULE        ?C?LSTKXDATA
  C:0370H         PUBLIC        ?C?LSTKXDATA
  -------         ENDMOD        ?C?LSTKXDATA

  -------         MODULE        ?C?PLDXDATA
  C:03A1H         PUBLIC        ?C?PLDXDATA
  -------         ENDMOD        ?C?PLDXDATA

BL51 BANKED LINKER/LOCATER V6.22.4.0                                                  07/07/2026  17:35:16  PAGE 60


  -------         MODULE        ?C?PSTXDATA
  C:03AAH         PUBLIC        ?C?PSTXDATA
  -------         ENDMOD        ?C?PSTXDATA

  -------         MODULE        ?C?PLDOPTR
  C:03B3H         PUBLIC        ?C?PLDOPTR
  -------         ENDMOD        ?C?PLDOPTR

  -------         MODULE        ?C?CCASE
  C:03E3H         PUBLIC        ?C?CCASE
  -------         ENDMOD        ?C?CCASE

  -------         MODULE        ?C?ICALL
  C:0409H         PUBLIC        ?C?ICALL
  C:040DH         PUBLIC        ?C?ICALL2
  -------         ENDMOD        ?C?ICALL

  -------         MODULE        ?C?LIMUL
  C:040FH         PUBLIC        ?C?LIMUL
  -------         ENDMOD        ?C?LIMUL

  -------         MODULE        PRINTF
  X:6239H         PUBLIC        ?_PRINTF517?BYTE
  X:6239H         PUBLIC        ?_PRINTF?BYTE
  X:6239H         PUBLIC        ?_SPRINTF517?BYTE
  X:6239H         PUBLIC        ?_SPRINTF?BYTE
  C:089EH         PUBLIC        _PRINTF
  C:089EH         PUBLIC        _PRINTF517
  C:0898H         PUBLIC        _SPRINTF
  C:0898H         PUBLIC        _SPRINTF517
  -------         ENDMOD        PRINTF

  -------         MODULE        ?C?MEMSET
  C:043CH         PUBLIC        ?C?MEMSET
  -------         ENDMOD        ?C?MEMSET

  -------         MODULE        ?C?CSTPTR
  C:0468H         PUBLIC        ?C?CSTPTR
  -------         ENDMOD        ?C?CSTPTR

  -------         MODULE        ?C?PLDIDATA
  C:047AH         PUBLIC        ?C?PLDIDATA
  -------         ENDMOD        ?C?PLDIDATA

  -------         MODULE        ?C?PLDIXDATA
  C:0483H         PUBLIC        ?C?PLDIXDATA
  -------         ENDMOD        ?C?PLDIXDATA

  -------         MODULE        ?C?PLDPDATA
  C:049AH         PUBLIC        ?C?PLDPDATA
  -------         ENDMOD        ?C?PLDPDATA

  -------         MODULE        ?C?PLDCODE
  C:04A3H         PUBLIC        ?C?PLDCODE
  -------         ENDMOD        ?C?PLDCODE

*** WARNING L15: MULTIPLE CALL TO SEGMENT
BL51 BANKED LINKER/LOCATER V6.22.4.0                                                  07/07/2026  17:35:16  PAGE 61


    SEGMENT: ?PR?_GET_BATTERY_PERCENTAGE_BY_VOLTAGE?BATTERY_MONITOR
    CALLER1: ?C_C51STARTUP
    CALLER2: ?PR?ADC_IRQHANDLER?ADC

*** WARNING L15: MULTIPLE CALL TO SEGMENT
    SEGMENT: ?PR?PRINTF?PRINTF
    CALLER1: ?C_C51STARTUP
    CALLER2: ?PR?ADC_IRQHANDLER?ADC

Program Size: data=21.7 xdata=830 code=11725
LINK/LOCATE RUN COMPLETE.  2 WARNING(S),  0 ERROR(S)
