BL51 BANKED LINKER/LOCATER V6.22.4.0                                                    07/31/2026  17:59:09  PAGE 1


BL51 BANKED LINKER/LOCATER V6.22.4.0, INVOKED BY:
C:\KEIL_V5\C51\BIN\BL51.EXE .\Release\Objects\STARTUP.obj, .\Release\Objects\system.obj, .\Release\Objects\adc.obj, .\Re
>> lease\Objects\pwm.obj, .\Release\Objects\timer0.obj, .\Release\Objects\timer1.obj, .\Release\Objects\uart0.obj, .\Rel
>> ease\Objects\main.obj, .\Release\Objects\uart_data_handle.obj, .\Release\Objects\key_driver.obj, .\Release\Objects\ad
>> _key.obj, .\Release\Objects\user_test.obj, .\Release\Objects\led.obj, .\Release\Objects\battery_monitor.obj, .\Releas
>> e\Objects\bluetooth_ic_handle.obj, .\Release\Objects\charge_det.obj, .\Release\Objects\low_power.obj, .\Release\Objec
>> ts\bat_scan.obj, .\Release\Objects\led_bat_lev.obj TO .\Release\Objects\Demo PRINT (.\Release\Listings\Demo.m51) RAMS
>> IZE (256) CODE (0X0000-0X3EEF) XDATA (0X6000-0X66FF)


MEMORY MODEL: LARGE


INPUT MODULES INCLUDED:
  .\Release\Objects\STARTUP.obj (?C_STARTUP)
  .\Release\Objects\system.obj (SYSTEM)
  .\Release\Objects\adc.obj (ADC)
  .\Release\Objects\pwm.obj (PWM)
  .\Release\Objects\timer0.obj (TIMER0)
  .\Release\Objects\timer1.obj (TIMER1)
  .\Release\Objects\uart0.obj (UART0)
  .\Release\Objects\main.obj (MAIN)
  .\Release\Objects\uart_data_handle.obj (UART_DATA_HANDLE)
  .\Release\Objects\key_driver.obj (KEY_DRIVER)
  .\Release\Objects\ad_key.obj (AD_KEY)
  .\Release\Objects\user_test.obj (USER_TEST)
  .\Release\Objects\led.obj (LED)
  .\Release\Objects\battery_monitor.obj (BATTERY_MONITOR)
  .\Release\Objects\bluetooth_ic_handle.obj (BLUETOOTH_IC_HANDLE)
  .\Release\Objects\charge_det.obj (CHARGE_DET)
  .\Release\Objects\low_power.obj (LOW_POWER)
  .\Release\Objects\bat_scan.obj (BAT_SCAN)
  .\Release\Objects\led_bat_lev.obj (LED_BAT_LEV)
  C:\KEIL_V5\C51\LIB\C51L.LIB (?C_INIT)
  C:\KEIL_V5\C51\LIB\C51L.LIB (?C?COPY)
  C:\KEIL_V5\C51\LIB\C51L.LIB (?C?CLDPTR)
  C:\KEIL_V5\C51\LIB\C51L.LIB (?C?CLDOPTR)
  C:\KEIL_V5\C51\LIB\C51L.LIB (?C?CILDOPTR)
  C:\KEIL_V5\C51\LIB\C51L.LIB (?C?CSTOPTR)
  C:\KEIL_V5\C51\LIB\C51L.LIB (?C?UIDIV)
  C:\KEIL_V5\C51\LIB\C51L.LIB (?C?IILDX)
  C:\KEIL_V5\C51\LIB\C51L.LIB (?C?LADD)
  C:\KEIL_V5\C51\LIB\C51L.LIB (?C?ULDIV)
  C:\KEIL_V5\C51\LIB\C51L.LIB (?C?SLCMP)
  C:\KEIL_V5\C51\LIB\C51L.LIB (?C?ULCMP)
  C:\KEIL_V5\C51\LIB\C51L.LIB (?C?LLDXDATA)
  C:\KEIL_V5\C51\LIB\C51L.LIB (?C?LLDXDATA0)
  C:\KEIL_V5\C51\LIB\C51L.LIB (?C?LSTXDATA)
  C:\KEIL_V5\C51\LIB\C51L.LIB (?C?LSTKXDATA)
  C:\KEIL_V5\C51\LIB\C51L.LIB (?C?PLDXDATA)
  C:\KEIL_V5\C51\LIB\C51L.LIB (?C?PSTXDATA)
  C:\KEIL_V5\C51\LIB\C51L.LIB (?C?PLDOPTR)
  C:\KEIL_V5\C51\LIB\C51L.LIB (?C?CCASE)
  C:\KEIL_V5\C51\LIB\C51L.LIB (?C?ICALL)
  C:\KEIL_V5\C51\LIB\C51L.LIB (?C?LIMUL)
  C:\KEIL_V5\C51\LIB\C51L.LIB (?C?MEMSET)
  C:\KEIL_V5\C51\LIB\C51L.LIB (?C?PLDIDATA)
  C:\KEIL_V5\C51\LIB\C51L.LIB (?C?PLDPDATA)
BL51 BANKED LINKER/LOCATER V6.22.4.0                                                  07/31/2026  17:59:09  PAGE 2


  C:\KEIL_V5\C51\LIB\C51L.LIB (?C?PLDCODE)


LINK MAP OF MODULE:  .\Release\Objects\Demo (?C_STARTUP)


            TYPE    BASE      LENGTH    RELOCATION   SEGMENT NAME
            -----------------------------------------------------

            * * * * * * *   D A T A   M E M O R Y   * * * * * * *
            REG     0000H     0008H     ABSOLUTE     "REG BANK 0"
                    0008H     0018H                  *** GAP ***
            BIT     0020H.0   0000H.4   UNIT         ?BI?ADC
            BIT     0020H.4   0000H.1   UNIT         ?BI?CHARGE_DET
                    0020H.5   0000H.3                *** GAP ***
            IDATA   0021H     0001H     UNIT         ?STACK

            * * * * * * *  X D A T A   M E M O R Y  * * * * * * *
                    0000H     6000H                  *** GAP ***
            XDATA   6000H     00DBH     UNIT         ?XD?BAT_SCAN
            XDATA   60DBH     0086H     UNIT         ?XD?UART0
            XDATA   6161H     0039H     UNIT         ?XD?AD_KEY
            XDATA   619AH     0027H     UNIT         ?XD?CHARGE_DET
            XDATA   61C1H     001AH     UNIT         ?XD?UART_DATA_HANDLE
            XDATA   61DBH     0019H     UNIT         _XDATA_GROUP_
            XDATA   61F4H     0017H     UNIT         ?XD?BATTERY_MONITOR
            XDATA   620BH     000FH     UNIT         ?XD?LED
            XDATA   621AH     000FH     UNIT         ?XD?LED_BAT_LEV
            XDATA   6229H     0009H     UNIT         ?XD?ADC
            XDATA   6232H     0006H     UNIT         ?XD?LOW_POWER
            XDATA   6238H     0004H     UNIT         ?XD?KEY_DRIVER
            XDATA   623CH     0002H     UNIT         ?XD?BLUETOOTH_IC_HANDLE

            * * * * * * *   C O D E   M E M O R Y   * * * * * * *
            CODE    0000H     0003H     ABSOLUTE     
            CODE    0003H     000CH     ABSOLUTE     
            CODE    000FH     000FH     UNIT         ?PR?UART_RECEIVER_TIMEOUT_ADD?UART_DATA_HANDLE
            CODE    001EH     0003H     ABSOLUTE     
            CODE    0021H     0003H     ABSOLUTE     
            CODE    0024H     001BH     UNIT         ?PR?_ADC_CLEAR_UPDATE_FLAG?ADC
            CODE    003FH     0003H     ABSOLUTE     
            CODE    0042H     0003H     ABSOLUTE     
            CODE    0045H     0006H     UNIT         ?PR?LED_BAT_LEV_STA_IDLE_HANDLE?LED_BAT_LEV
            CODE    004BH     0003H     ABSOLUTE     
            CODE    004EH     0438H     UNIT         ?C?LIB_CODE
            CODE    0486H     02FCH     UNIT         ?PR?LED_BAT_LEV_STA_DISCHARGE_HANDLE?LED_BAT_LEV
            CODE    0782H     02CDH     UNIT         ?C_INITSEG
            CODE    0A4FH     01AAH     UNIT         ?PR?DETECT_1KHZ_SIGNAL_100US?CHARGE_DET
            CODE    0BF9H     0193H     UNIT         ?PR?_KEY_DRIVER_SCAN?KEY_DRIVER
            CODE    0D8CH     0157H     UNIT         ?PR?DETECT_DISCHARGE_1KHZ_SIGNAL_100US?CHARGE_DET
            CODE    0EE3H     0147H     UNIT         ?PR?LOW_POWER_HANDLE?LOW_POWER
            CODE    102AH     0131H     UNIT         ?PR?CHARGE_DET?CHARGE_DET
            CODE    115BH     0114H     UNIT         ?PR?LED_BAT_LEV_STA_CHARGING_HANDLE?LED_BAT_LEV
            CODE    126FH     010BH     UNIT         ?PR?LOW_POWER_IN?LOW_POWER
            CODE    137AH     0101H     UNIT         ?PR?LED_SLOW_ADJUST_ISR?LED
            CODE    147BH     00EAH     UNIT         ?PR?LED_RED_BLUE_FLASH_1MS_ISR?LED
            CODE    1565H     00D1H     UNIT         ?PR?BATTTERY_MONITOR_1MS_ISR?BATTERY_MONITOR
BL51 BANKED LINKER/LOCATER V6.22.4.0                                                  07/31/2026  17:59:09  PAGE 3


            CODE    1636H     00CFH     UNIT         ?PR?SYSTEM_INIT?SYSTEM
            CODE    1705H     00ADH     UNIT         ?PR?_BAT_DISCHARGE_TIME_CNT_UPDATE?BATTERY_MONITOR
            CODE    17B2H     00ABH     UNIT         ?PR?LED_BAT_LEV
            CODE    185DH     00A5H     UNIT         ?PR?_UART_RECEIVER_PROCESS_BYTE?UART_DATA_HANDLE
            CODE    1902H     009CH     UNIT         ?PR?LED
            CODE    199EH     009BH     UNIT         ?PR?AD_KEY_HANDLE?AD_KEY
            CODE    1A39H     0099H     UNIT         ?PR?BATTERY_MONITOR_HANDLE?BATTERY_MONITOR
            CODE    1AD2H     008DH     UNIT         ?PR?_LED_STATUS_SET?LED
            CODE    1B5FH     008CH     UNIT         ?C_C51STARTUP
            CODE    1BEBH     008BH     UNIT         ?PR?PWM_INIT?PWM
            CODE    1C76H     0087H     UNIT         ?PR?ADC_IRQHANDLER?ADC
            CODE    1CFDH     0087H     UNIT         ?PR?_BAT_CHARGE_TIME_CNT_UPDATE?BATTERY_MONITOR
            CODE    1D84H     0079H     UNIT         ?PR?UART_DATA_HANDLE?UART_DATA_HANDLE
            CODE    1DFDH     0076H     UNIT         ?PR?BATTERY_VOLTAGE_UPDATE_BY_ISR?BAT_SCAN
            CODE    1E73H     006CH     UNIT         ?PR?TIMR0_IRQHANDLER?TIMER0
            CODE    1EDFH     006BH     UNIT         ?PR?LED_BAT_LEV_HANDLE?LED_BAT_LEV
            CODE    1F4AH     0066H     UNIT         ?PR?ADC_SCAN?ADC
            CODE    1FB0H     0065H     UNIT         ?PR?LED_BAT_LEV_STA_CHARGE_BEGIN_ANIM_HANDLE?LED_BAT_LEV
            CODE    2015H     005FH     UNIT         ?PR?SEND_LOW_BAT_TIMER_CALLBACK?BATTERY_MONITOR
            CODE    2074H     0057H     UNIT         ?PR?LOW_POWER_ENTER_TIMER_CALLBACK?LOW_POWER
            CODE    20CBH     0053H     UNIT         ?PR?MAIN?MAIN
            CODE    211EH     0053H     UNIT         ?PR?_LED_BAT_LEV_INIT_BY_VOL?LED_BAT_LEV
            CODE    2171H     004EH     UNIT         ?PR?LED_INIT?LED
            CODE    21BFH     004DH     UNIT         ?PR?CHARGE_DET
            CODE    220CH     004CH     UNIT         ?PR?_AD_KEY_VAL_TO_AD_KEY_INDEX?AD_KEY
            CODE    2258H     004BH     UNIT         ?PR?_ADC_CHANNEL_SEL?ADC
            CODE    22A3H     004AH     UNIT         ?PR?_AD_KEY_GET_EVENT?AD_KEY
            CODE    22EDH     004AH     UNIT         ?PR?LOW_POWER_OUT?LOW_POWER
            CODE    2337H     0048H     UNIT         ?PR?TIMR1_IRQHANDLER?TIMER1
            CODE    237FH     0047H     UNIT         ?PR?_UART0_RXBUFFER_PUT_BYTE?UART0
            CODE    23C6H     0045H     UNIT         ?PR?_UART_DATA_SEND_CMD?UART_DATA_HANDLE
            CODE    240BH     0045H     UNIT         ?PR?BAT_VOL_HISTORY_BUFF_GET_AVG?BAT_SCAN
            CODE    2450H     0043H     UNIT         ?PR?BAT_SCAN
            CODE    2493H     0042H     UNIT         ?PR?UART0_RXBUFFER_GET_BYTE?UART0
            CODE    24D5H     0040H     UNIT         ?PR?LED_STATUS_SWITCH?LED
            CODE    2515H     003DH     UNIT         ?PR?_ADC_UPDATE_VAL?ADC
            CODE    2552H     003CH     UNIT         ?PR?BATTERY_MONITOR
            CODE    258EH     003AH     UNIT         ?PR?UART0_INIT?UART0
            CODE    25C8H     0039H     UNIT         ?PR?BAT_VOL_UPDATE_TIMER_CALLBACK?BAT_SCAN
            CODE    2601H     0036H     UNIT         ?PR?LED_BAT_LEV_DISLPLAY_1MS_ISR?LED_BAT_LEV
            CODE    2637H     0034H     UNIT         ?PR?UART0_IRQHANDLER?UART0
            CODE    266BH     0033H     UNIT         ?PR?AD_KEY_GET_KEY_VAL?AD_KEY
            CODE    269EH     002FH     UNIT         ?PR?BAT_SCAN?BAT_SCAN
            CODE    26CDH     002EH     UNIT         ?PR?_ADC_GET_VAL?ADC
            CODE    26FBH     002EH     UNIT         ?PR?ADC
            CODE    2729H     002EH     UNIT         ?PR?BAT_VOL_HISTORY_BUFF_ADD_TIMER_CALLBACK?BAT_SCAN
            CODE    2757H     0026H     UNIT         ?PR?LED_BAT_LEV_STA_ALERT_HANDLE?LED_BAT_LEV
            CODE    277DH     0025H     UNIT         ?PR?_ADC_GET_UPDATE_FLAG?ADC
            CODE    27A2H     0024H     UNIT         ?PR?IS_LOW_POWER_CONDITION_ESTABLISH?LOW_POWER
            CODE    27C6H     0023H     UNIT         ?PR?_UART0_SENDBUF?UART0
            CODE    27E9H     0022H     UNIT         ?PR?ADC_INIT?ADC
            CODE    280BH     0022H     UNIT         ?PR?UART_RECEIVER_PROCESS_CHECKSUM?UART_DATA_HANDLE
            CODE    282DH     0022H     UNIT         ?PR?_GET_BATTERY_VOLTAGE_BY_ADC?BAT_SCAN
            CODE    284FH     0021H     UNIT         ?PR?USER_INIT?MAIN
            CODE    2870H     0021H     UNIT         ?PR?KEY_DRIVER
            CODE    2891H     001BH     UNIT         ?PR?TIMER0_INIT?TIMER0
            CODE    28ACH     001BH     UNIT         ?PR?TIMER1_INIT?TIMER1
BL51 BANKED LINKER/LOCATER V6.22.4.0                                                  07/31/2026  17:59:09  PAGE 4


            CODE    28C7H     001AH     UNIT         ?PR?BLUETOOTH_IC_HANDLE_INIT?BLUETOOTH_IC_HANDLE
            CODE    28E1H     001AH     UNIT         ?PR?_BAT_VOL_HISTORY_BUFF_ADD?BAT_SCAN
            CODE    28FBH     0019H     UNIT         ?PR?CHARGE_DET_INIT?CHARGE_DET
            CODE    2914H     0018H     UNIT         ?PR?_DELAY_MS?SYSTEM
            CODE    292CH     0018H     UNIT         ?PR?WUT_IRQHANDLER?LOW_POWER
            CODE    2944H     0017H     UNIT         ?PR?ADC_GET_VAL_ONCE?ADC
            CODE    295BH     0017H     UNIT         ?PR?UART_DATA_HANDLE
            CODE    2972H     0016H     UNIT         ?PR?PWM
            CODE    2988H     0016H     UNIT         ?PR?BAT_GET_AVG_VOL_PERIOD_ADD?BAT_SCAN
            CODE    299EH     0016H     UNIT         ?PR?_BAT_VOL_HISTORY_BUFF_INIT?BAT_SCAN
            CODE    29B4H     0015H     UNIT         ?PR?BLE_IC_ENABLE?BLUETOOTH_IC_HANDLE
            CODE    29C9H     0015H     UNIT         ?PR?LED_BAT_LEV_STA_CHARGE_BEGIN_HANDLE?LED_BAT_LEV
            CODE    29DEH     0013H     UNIT         ?PR?UART_RECEIVER_TIMEOUT_HANDLER?UART_DATA_HANDLE
            CODE    29F1H     0012H     UNIT         ?PR?ADC_INIT_WHEN_LOW_PWR_OUT?ADC
            CODE    2A03H     0012H     UNIT         ?PR?UART_RECEIVER_RESET?UART_DATA_HANDLE
            CODE    2A15H     0011H     UNIT         ?PR?ADC_PIN_INIT?ADC
            CODE    2A26H     000FH     UNIT         ?PR?AD_KEY
            CODE    2A35H     000FH     UNIT         ?PR?LED_CTL_INIT?LED
            CODE    2A44H     000DH     UNIT         ?PR?LED_YELLOW_ON?LED
            CODE    2A51H     000DH     UNIT         ?PR?LED_WHITE_ON?LED
            CODE    2A5EH     000BH     UNIT         ?PR?_DELAY?SYSTEM
            CODE    2A69H     000AH     UNIT         ?PR?LOW_POWER
            CODE    2A73H     0009H     UNIT         ?PR?_PWM_SET_CHANNEL_0_DUTY?PWM
            CODE    2A7CH     0009H     UNIT         ?PR?_PWM_SET_CHANNEL_1_DUTY?PWM
            CODE    2A85H     0009H     UNIT         ?PR?UART0_RXBUFFER_GET_COUNT?UART0
            CODE    2A8EH     0009H     UNIT         ?PR?LED_BAT_LEV_STA_CHARGE_END_HANDLE?LED_BAT_LEV
            CODE    2A97H     0008H     UNIT         ?PR?_UART0_SENDBYTE?UART0
            CODE    2A9FH     0008H     UNIT         ?CO?UART_DATA_HANDLE
            CODE    2AA7H     0008H     UNIT         ?PR?LED_YELLOW_OFF?LED
            CODE    2AAFH     0008H     UNIT         ?PR?LED_WHITE_OFF?LED
            CODE    2AB7H     0008H     UNIT         ?PR?BLE_IC_DISABLE_POST?BLUETOOTH_IC_HANDLE
            CODE    2ABFH     0007H     UNIT         ?PR?UART0
            CODE    2AC6H     0005H     UNIT         ?PR?BLE_IC_DISABLE_PRE?BLUETOOTH_IC_HANDLE
            CODE    2ACBH     0003H     UNIT         ?PR?CHARGE_DET_TIME_ADD?CHARGE_DET



OVERLAY MAP OF MODULE:   .\Release\Objects\Demo (?C_STARTUP)


SEGMENT                                            XDATA_GROUP
  +--> CALLED SEGMENT                            START    LENGTH
----------------------------------------------------------------
?C_C51STARTUP                                    -----    -----
  +--> ?PR?MAIN?MAIN
  +--> ?C_INITSEG

?PR?MAIN?MAIN                                    -----    -----
  +--> ?PR?SYSTEM_INIT?SYSTEM
  +--> ?PR?USER_INIT?MAIN
  +--> ?PR?_DELAY_MS?SYSTEM
  +--> ?PR?_KEY_DRIVER_SCAN?KEY_DRIVER
  +--> ?PR?AD_KEY_HANDLE?AD_KEY
  +--> ?PR?UART_DATA_HANDLE?UART_DATA_HANDLE
  +--> ?PR?CHARGE_DET?CHARGE_DET
  +--> ?PR?BAT_SCAN?BAT_SCAN
  +--> ?PR?LED_BAT_LEV_HANDLE?LED_BAT_LEV
BL51 BANKED LINKER/LOCATER V6.22.4.0                                                  07/31/2026  17:59:09  PAGE 5


  +--> ?PR?BATTERY_MONITOR_HANDLE?BATTERY_MO...
  +--> ?PR?LOW_POWER_HANDLE?LOW_POWER

?PR?SYSTEM_INIT?SYSTEM                           -----    -----
  +--> ?PR?_DELAY?SYSTEM
  +--> ?PR?_DELAY_MS?SYSTEM

?PR?_DELAY_MS?SYSTEM                             -----    -----
  +--> ?PR?_DELAY?SYSTEM

?PR?USER_INIT?MAIN                               -----    -----
  +--> ?PR?ADC_PIN_INIT?ADC
  +--> ?PR?ADC_INIT?ADC
  +--> ?PR?LED_INIT?LED
  +--> ?PR?UART0_INIT?UART0
  +--> ?PR?PWM_INIT?PWM
  +--> ?PR?BLUETOOTH_IC_HANDLE_INIT?BLUETOOT...
  +--> ?PR?UART_RECEIVER_RESET?UART_DATA_HANDLE
  +--> ?PR?LED_CTL_INIT?LED
  +--> ?PR?CHARGE_DET_INIT?CHARGE_DET
  +--> ?PR?TIMER0_INIT?TIMER0
  +--> ?PR?TIMER1_INIT?TIMER1

?PR?ADC_INIT?ADC                                 -----    -----
  +--> ?PR?_DELAY_MS?SYSTEM

?PR?LED_INIT?LED                                 -----    -----
  +--> ?PR?LED

?PR?PWM_INIT?PWM                                 -----    -----
  +--> ?PR?PWM

?PR?_KEY_DRIVER_SCAN?KEY_DRIVER                  61DBH    0002H
  +--> ?PR?KEY_DRIVER

?PR?AD_KEY_HANDLE?AD_KEY                         61DBH    0001H
  +--> ?PR?_AD_KEY_GET_EVENT?AD_KEY
  +--> ?PR?LED_STATUS_SWITCH?LED
  +--> ?PR?_UART_DATA_SEND_CMD?UART_DATA_HANDLE
  +--> ?PR?BLE_IC_DISABLE_PRE?BLUETOOTH_IC_H...
  +--> ?PR?BLE_IC_ENABLE?BLUETOOTH_IC_HANDLE

?PR?_AD_KEY_GET_EVENT?AD_KEY                     -----    -----
  +--> ?PR?AD_KEY

?PR?LED_STATUS_SWITCH?LED                        -----    -----
  +--> ?PR?_LED_STATUS_SET?LED

?PR?_LED_STATUS_SET?LED                          61DCH    0001H
  +--> ?PR?LED_YELLOW_OFF?LED
  +--> ?PR?LED_WHITE_OFF?LED
  +--> ?PR?LED_WHITE_ON?LED
  +--> ?PR?LED_YELLOW_ON?LED

?PR?LED_WHITE_ON?LED                             -----    -----
  +--> ?PR?LED
  +--> ?PR?_PWM_SET_CHANNEL_1_DUTY?PWM
BL51 BANKED LINKER/LOCATER V6.22.4.0                                                  07/31/2026  17:59:09  PAGE 6



?PR?_PWM_SET_CHANNEL_1_DUTY?PWM                  -----    -----
  +--> ?PR?PWM

?PR?LED_YELLOW_ON?LED                            -----    -----
  +--> ?PR?LED
  +--> ?PR?_PWM_SET_CHANNEL_0_DUTY?PWM

?PR?_PWM_SET_CHANNEL_0_DUTY?PWM                  -----    -----
  +--> ?PR?PWM

?PR?_UART_DATA_SEND_CMD?UART_DATA_HANDLE         61DCH    0009H
  +--> ?CO?UART_DATA_HANDLE
  +--> ?PR?_UART0_SENDBUF?UART0

?PR?_UART0_SENDBUF?UART0                         61E5H    0003H
  +--> ?PR?_UART0_SENDBYTE?UART0

?PR?BLE_IC_DISABLE_PRE?BLUETOOTH_IC_H...         -----    -----
  +--> ?PR?_UART_DATA_SEND_CMD?UART_DATA_HANDLE

?PR?BLE_IC_ENABLE?BLUETOOTH_IC_HANDLE            -----    -----
  +--> ?PR?_DELAY_MS?SYSTEM
  +--> ?PR?_UART_DATA_SEND_CMD?UART_DATA_HANDLE

?PR?UART_DATA_HANDLE?UART_DATA_HANDLE            -----    -----
  +--> ?PR?UART_RECEIVER_RESET?UART_DATA_HANDLE
  +--> ?PR?UART_RECEIVER_TIMEOUT_HANDLER?UAR...
  +--> ?PR?UART0_RXBUFFER_GET_COUNT?UART0
  +--> ?PR?UART0_RXBUFFER_GET_BYTE?UART0
  +--> ?PR?_UART_RECEIVER_PROCESS_BYTE?UART_...
  +--> ?PR?BLE_IC_DISABLE_POST?BLUETOOTH_IC_...

?PR?UART_RECEIVER_TIMEOUT_HANDLER?UAR...         -----    -----
  +--> ?PR?UART_RECEIVER_RESET?UART_DATA_HANDLE

?PR?UART0_RXBUFFER_GET_BYTE?UART0                -----    -----
  +--> ?PR?UART0

?PR?_UART_RECEIVER_PROCESS_BYTE?UART_...         -----    -----
  +--> ?PR?UART_DATA_HANDLE
  +--> ?PR?UART_RECEIVER_PROCESS_CHECKSUM?UA...

?PR?CHARGE_DET?CHARGE_DET                        61DBH    0004H
  +--> ?PR?_ADC_GET_UPDATE_FLAG?ADC
  +--> ?PR?_ADC_CLEAR_UPDATE_FLAG?ADC
  +--> ?PR?_ADC_GET_VAL?ADC
  +--> ?PR?CHARGE_DET

?PR?BAT_SCAN?BAT_SCAN                            -----    -----
  +--> ?PR?BAT_SCAN
  +--> ?PR?BAT_VOL_HISTORY_BUFF_GET_AVG?BAT_...

?PR?BAT_VOL_HISTORY_BUFF_GET_AVG?BAT_...         61DBH    0005H
  +--> ?PR?BAT_SCAN

?PR?BATTERY_MONITOR_HANDLE?BATTERY_MO...         -----    -----
BL51 BANKED LINKER/LOCATER V6.22.4.0                                                  07/31/2026  17:59:09  PAGE 7


  +--> ?PR?_LED_STATUS_SET?LED
  +--> ?PR?_UART_DATA_SEND_CMD?UART_DATA_HANDLE
  +--> ?PR?_DELAY_MS?SYSTEM
  +--> ?PR?BLE_IC_DISABLE_PRE?BLUETOOTH_IC_H...
  +--> ?PR?BLE_IC_ENABLE?BLUETOOTH_IC_HANDLE

?PR?LOW_POWER_HANDLE?LOW_POWER                   61DBH    0007H
  +--> ?PR?LOW_POWER
  +--> ?PR?LOW_POWER_IN?LOW_POWER
  +--> ?PR?LOW_POWER_OUT?LOW_POWER
  +--> ?PR?ADC_PIN_INIT?ADC
  +--> ?PR?ADC_INIT_WHEN_LOW_PWR_OUT?ADC
  +--> ?PR?_ADC_CHANNEL_SEL?ADC
  +--> ?PR?_DELAY_MS?SYSTEM
  +--> ?PR?ADC_GET_VAL_ONCE?ADC
  +--> ?PR?_GET_BATTERY_VOLTAGE_BY_ADC?BAT_SCAN
  +--> ?PR?USER_INIT?MAIN

?PR?LOW_POWER_IN?LOW_POWER                       -----    -----
  +--> ?PR?_DELAY_MS?SYSTEM

?PR?ADC_GET_VAL_ONCE?ADC                         -----    -----
  +--> ?PR?ADC

?PR?ADC                                          -----    -----
  +--> ?PR?_ADC_CHANNEL_SEL?ADC

?C_INITSEG                                       -----    -----
  +--> ?PR?AD_KEY_GET_KEY_VAL?AD_KEY

?PR?AD_KEY_GET_KEY_VAL?AD_KEY                    61DBH    0001H
  +--> ?PR?_ADC_GET_UPDATE_FLAG?ADC
  +--> ?PR?_ADC_CLEAR_UPDATE_FLAG?ADC
  +--> ?PR?_ADC_GET_VAL?ADC
  +--> ?PR?_AD_KEY_VAL_TO_AD_KEY_INDEX?AD_KEY

?PR?_AD_KEY_VAL_TO_AD_KEY_INDEX?AD_KEY           61DCH    0002H

*** NEW ROOT ***************************************************

?PR?ADC_IRQHANDLER?ADC                           61E8H    0002H
  +--> ?PR?ADC
  +--> ?PR?_ADC_UPDATE_VAL?ADC
  +--> ?PR?BATTERY_VOLTAGE_UPDATE_BY_ISR?BAT...

?PR?BATTERY_VOLTAGE_UPDATE_BY_ISR?BAT...         61EAH    0004H
  +--> ?PR?_ADC_GET_UPDATE_FLAG?ADC
  +--> ?PR?_ADC_CLEAR_UPDATE_FLAG?ADC
  +--> ?PR?_ADC_GET_VAL?ADC
  +--> ?PR?_GET_BATTERY_VOLTAGE_BY_ADC?BAT_SCAN
  +--> ?PR?BAT_SCAN
  +--> ?PR?_BAT_VOL_HISTORY_BUFF_INIT?BAT_SCAN
  +--> ?PR?_LED_BAT_LEV_INIT_BY_VOL?LED_BAT_LEV
  +--> ?PR?_BAT_CHARGE_TIME_CNT_UPDATE?BATTE...
  +--> ?PR?_BAT_DISCHARGE_TIME_CNT_UPDATE?BA...

?PR?_BAT_VOL_HISTORY_BUFF_INIT?BAT_SCAN          -----    -----
BL51 BANKED LINKER/LOCATER V6.22.4.0                                                  07/31/2026  17:59:09  PAGE 8


  +--> ?PR?BAT_SCAN

?PR?_BAT_DISCHARGE_TIME_CNT_UPDATE?BA...         61F0H    0002H
  +--> ?PR?BATTERY_MONITOR

*** NEW ROOT ***************************************************

?PR?TIMR0_IRQHANDLER?TIMER0                      -----    -----
  +--> ?PR?ADC_SCAN?ADC
  +--> ?PR?CHARGE_DET_TIME_ADD?CHARGE_DET
  +--> ?PR?UART_RECEIVER_TIMEOUT_ADD?UART_DA...
  +--> ?PR?BAT_VOL_UPDATE_TIMER_CALLBACK?BAT...
  +--> ?PR?BAT_VOL_HISTORY_BUFF_ADD_TIMER_CA...
  +--> ?PR?BAT_GET_AVG_VOL_PERIOD_ADD?BAT_SCAN
  +--> ?PR?LED_SLOW_ADJUST_ISR?LED
  +--> ?PR?LED_RED_BLUE_FLASH_1MS_ISR?LED
  +--> ?PR?LOW_POWER_ENTER_TIMER_CALLBACK?LO...
  +--> ?PR?SEND_LOW_BAT_TIMER_CALLBACK?BATTE...
  +--> ?PR?LED_BAT_LEV_DISLPLAY_1MS_ISR?LED_...
  +--> ?PR?BATTTERY_MONITOR_1MS_ISR?BATTERY_...

?PR?ADC_SCAN?ADC                                 -----    -----
  +--> ?PR?ADC

?PR?BAT_VOL_HISTORY_BUFF_ADD_TIMER_CA...         -----    -----
  +--> ?PR?BAT_SCAN
  +--> ?PR?_BAT_VOL_HISTORY_BUFF_ADD?BAT_SCAN

?PR?_BAT_VOL_HISTORY_BUFF_ADD?BAT_SCAN           -----    -----
  +--> ?PR?BAT_SCAN

?PR?BAT_GET_AVG_VOL_PERIOD_ADD?BAT_SCAN          -----    -----
  +--> ?PR?BAT_SCAN

?PR?LED_SLOW_ADJUST_ISR?LED                      -----    -----
  +--> ?PR?LED
  +--> ?PR?_PWM_SET_CHANNEL_0_DUTY?PWM
  +--> ?PR?_PWM_SET_CHANNEL_1_DUTY?PWM

?PR?LED_RED_BLUE_FLASH_1MS_ISR?LED               61F0H    0002H
  +--> ?PR?LED

?PR?LOW_POWER_ENTER_TIMER_CALLBACK?LO...         -----    -----
  +--> ?PR?IS_LOW_POWER_CONDITION_ESTABLISH?...

?PR?SEND_LOW_BAT_TIMER_CALLBACK?BATTE...         -----    -----
  +--> ?PR?BATTERY_MONITOR

?PR?LED_BAT_LEV_DISLPLAY_1MS_ISR?LED_...         -----    -----
  +--> ?PR?LED_BAT_LEV_STA_IDLE_HANDLE?LED_B...
  +--> ?PR?LED_BAT_LEV_STA_CHARGE_BEGIN_HAND...
  +--> ?PR?LED_BAT_LEV_STA_CHARGE_BEGIN_ANIM...
  +--> ?PR?LED_BAT_LEV_STA_CHARGING_HANDLE?L...
  +--> ?PR?LED_BAT_LEV_STA_CHARGE_END_HANDLE...
  +--> ?PR?LED_BAT_LEV_STA_ALERT_HANDLE?LED_...
  +--> ?PR?LED_BAT_LEV_STA_DISCHARGE_HANDLE?...

BL51 BANKED LINKER/LOCATER V6.22.4.0                                                  07/31/2026  17:59:09  PAGE 9


?PR?LED_BAT_LEV_STA_IDLE_HANDLE?LED_B...         -----    -----
  +--> ?PR?LED_BAT_LEV

?PR?LED_BAT_LEV_STA_CHARGE_BEGIN_HAND...         -----    -----
  +--> ?PR?LED_BAT_LEV

?PR?LED_BAT_LEV_STA_CHARGE_BEGIN_ANIM...         -----    -----
  +--> ?PR?LED_BAT_LEV

?PR?LED_BAT_LEV_STA_CHARGING_HANDLE?L...         -----    -----
  +--> ?PR?LED_BAT_LEV

?PR?LED_BAT_LEV_STA_ALERT_HANDLE?LED_...         -----    -----
  +--> ?PR?LED_BAT_LEV

?PR?LED_BAT_LEV_STA_DISCHARGE_HANDLE?...         61F0H    0001H
  +--> ?PR?LED_BAT_LEV

?PR?BATTTERY_MONITOR_1MS_ISR?BATTERY_...         -----    -----
  +--> ?PR?BATTERY_MONITOR
  +--> ?PR?_BAT_VOL_HISTORY_BUFF_INIT?BAT_SCAN
  +--> ?PR?_BAT_DISCHARGE_TIME_CNT_UPDATE?BA...
  +--> ?PR?_BAT_CHARGE_TIME_CNT_UPDATE?BATTE...

*** NEW ROOT ***************************************************

?PR?TIMR1_IRQHANDLER?TIMER1                      -----    -----
  +--> ?PR?DETECT_1KHZ_SIGNAL_100US?CHARGE_DET
  +--> ?PR?DETECT_DISCHARGE_1KHZ_SIGNAL_100U...

?PR?DETECT_1KHZ_SIGNAL_100US?CHARGE_DET          61F2H    0001H
  +--> ?PR?CHARGE_DET

?PR?DETECT_DISCHARGE_1KHZ_SIGNAL_100U...         61F2H    0001H
  +--> ?PR?CHARGE_DET

*** NEW ROOT ***************************************************

?PR?UART0_IRQHANDLER?UART0                       61F3H    0001H
  +--> ?PR?_UART0_RXBUFFER_PUT_BYTE?UART0

?PR?_UART0_RXBUFFER_PUT_BYTE?UART0               -----    -----
  +--> ?PR?UART0



SYMBOL TABLE OF MODULE:  .\Release\Objects\Demo (?C_STARTUP)

  VALUE           TYPE          NAME
  ----------------------------------

  -------         MODULE        ?C_STARTUP
  C:1B5FH         SEGMENT       ?C_C51STARTUP
  I:0021H         SEGMENT       ?STACK
  C:0000H         PUBLIC        ?C_STARTUP
  D:00E0H         SYMBOL        ACC
  D:00F0H         SYMBOL        B
BL51 BANKED LINKER/LOCATER V6.22.4.0                                                  07/31/2026  17:59:09  PAGE 10


  D:0083H         SYMBOL        DPH
  D:0082H         SYMBOL        DPL
  N:0000H         SYMBOL        IBPSTACK
  N:0100H         SYMBOL        IBPSTACKTOP
  N:0080H         SYMBOL        IDATALEN
  C:1B62H         SYMBOL        IDATALOOP
  N:0000H         SYMBOL        PBPSTACK
  N:0100H         SYMBOL        PBPSTACKTOP
  N:0000H         SYMBOL        PDATALEN
  N:0000H         SYMBOL        PDATASTART
  N:0000H         SYMBOL        PPAGE
  N:0000H         SYMBOL        PPAGEENABLE
  D:00A0H         SYMBOL        PPAGE_SFR
  D:0081H         SYMBOL        SP
  C:1B5FH         SYMBOL        STARTUP1
  N:0000H         SYMBOL        XBPSTACK
  N:0000H         SYMBOL        XBPSTACKTOP
  N:0000H         SYMBOL        XDATALEN
  N:0000H         SYMBOL        XDATASTART
  C:0000H         LINE#         126
  C:1B5FH         LINE#         133
  C:1B61H         LINE#         134
  C:1B62H         LINE#         135
  C:1B63H         LINE#         136
  C:1B65H         LINE#         185
  C:1B68H         LINE#         196
  -------         ENDMOD        ?C_STARTUP

  -------         MODULE        SYSTEM
  C:0000H         SYMBOL        _ICE_DUMMY_
  D:00A7H         PUBLIC        FLASH_TIMEREG0
  D:00ACH         PUBLIC        FLASH_TIMEREG1
  C:2A5EH         PUBLIC        _delay
  C:2914H         PUBLIC        _delay_ms
  C:1636H         PUBLIC        system_init
  -------         PROC          _DELAY
  D:0006H         SYMBOL        cnt
  C:2A5EH         LINE#         37
  C:2A5EH         LINE#         38
  C:2A5EH         LINE#         39
  C:2A68H         LINE#         40
  C:2A68H         LINE#         41
  C:2A68H         LINE#         42
  -------         ENDPROC       _DELAY
  -------         PROC          _DELAY_MS
  D:0002H         SYMBOL        ms
  C:2914H         LINE#         49
  C:2918H         LINE#         50
  C:2918H         LINE#         51
  C:2922H         LINE#         52
  C:2922H         LINE#         53
  C:2929H         LINE#         54
  C:292BH         LINE#         55
  -------         ENDPROC       _DELAY_MS
  -------         PROC          SYSTEM_INIT
  -------         DO            
  D:0007H         SYMBOL        i
BL51 BANKED LINKER/LOCATER V6.22.4.0                                                  07/31/2026  17:59:09  PAGE 11


  -------         ENDDO         
  C:1636H         LINE#         62
  C:1636H         LINE#         63
  C:1636H         LINE#         66
  C:163DH         LINE#         67
  C:164AH         LINE#         68
  C:164DH         LINE#         69
  C:1650H         LINE#         70
  C:1656H         LINE#         71
  C:165CH         LINE#         72
  C:1662H         LINE#         76
  C:1664H         LINE#         77
  C:1664H         LINE#         78
  C:1671H         LINE#         79
  C:1676H         LINE#         81
  C:1704H         LINE#         82
  -------         ENDPROC       SYSTEM_INIT
  -------         ENDMOD        SYSTEM

  -------         MODULE        ADC
  C:0000H         SYMBOL        _ICE_DUMMY_
  D:00A8H         PUBLIC        IE0
  D:00A9H         PUBLIC        IE1
  D:00AAH         PUBLIC        IE2
  D:00ABH         PUBLIC        IE3
  B:00A8H.7       PUBLIC        IE_EA
  D:00B8H         PUBLIC        IP0
  D:00B1H         PUBLIC        IP1
  D:00B2H         PUBLIC        IP2
  D:00B3H         PUBLIC        IP3
  D:00B4H         PUBLIC        IP4
  D:00B5H         PUBLIC        IP5
  D:00B6H         PUBLIC        IP6
  D:00B7H         PUBLIC        IP7
  D:0093H         PUBLIC        ADC_DATAH0
  D:0094H         PUBLIC        ADC_DATAL0
  D:0099H         PUBLIC        ADC_CHS0
  X:6229H         PUBLIC        cur_adc_status
  C:2A15H         PUBLIC        adc_pin_init
  C:27E9H         PUBLIC        adc_init
  C:1F4AH         PUBLIC        adc_scan
  C:29F1H         PUBLIC        adc_init_when_low_pwr_out
  C:2515H         PUBLIC        _adc_update_val
  C:26CDH         PUBLIC        _adc_get_val
  C:277DH         PUBLIC        _adc_get_update_flag
  C:0024H         PUBLIC        _adc_clear_update_flag
  C:2258H         PUBLIC        _adc_channel_sel
  C:2944H         PUBLIC        adc_get_val_once
  X:622AH         SYMBOL        adc_adkey_val
  B:0020H.0       SYMBOL        flag_is_adkey_val_update
  X:622CH         SYMBOL        adc_bat_det_val
  B:0020H.1       SYMBOL        flag_is_adc_bat_det_val_update
  X:622EH         SYMBOL        adc_solar_det_val
  B:0020H.2       SYMBOL        flag_is_adc_solar_det_val_update
  X:6230H         SYMBOL        adc_type_c_det_val
  B:0020H.3       SYMBOL        flag_is_adc_type_c_det_val_update
  C:1C76H         PUBLIC        ADC_IRQHandler
BL51 BANKED LINKER/LOCATER V6.22.4.0                                                  07/31/2026  17:59:09  PAGE 12


  C:26FBH         SYMBOL        Com0067
  C:26FBH         SYMBOL        L?0104
  C:26FBH         SYMBOL        L?0105
  C:2705H         SYMBOL        L?0106
  C:2705H         SYMBOL        L?0107
  C:270EH         SYMBOL        L?0108
  C:270EH         SYMBOL        L?0109
  C:2715H         SYMBOL        L?0110
  C:271FH         SYMBOL        L?0111
  -------         PROC          COM0067
  -------         ENDPROC       COM0067
  -------         PROC          ADC_PIN_INIT
  C:2A15H         LINE#         24
  C:2A15H         LINE#         25
  C:2A15H         LINE#         27
  C:2A1BH         LINE#         30
  C:2A21H         LINE#         33
  C:2A25H         LINE#         34
  -------         ENDPROC       ADC_PIN_INIT
  -------         PROC          ADC_INIT
  C:27E9H         LINE#         36
  C:27E9H         LINE#         37
  C:27E9H         LINE#         38
  C:27EEH         LINE#         40
  C:27F4H         LINE#         44
  C:27F7H         LINE#         45
  C:27F9H         LINE#         47
  C:27FFH         LINE#         49
  C:2804H         LINE#         52
  -------         ENDPROC       ADC_INIT
  -------         PROC          _ADC_UPDATE_VAL
  D:0007H         SYMBOL        adc_channel
  D:0004H         SYMBOL        adc_val
  C:2515H         LINE#         61
  C:2515H         LINE#         62
  C:2515H         LINE#         63
  C:2524H         LINE#         64
  C:2524H         LINE#         65
  C:2524H         LINE#         66
  C:252CH         LINE#         67
  C:252EH         LINE#         68
  C:252FH         LINE#         69
  C:252FH         LINE#         70
  C:2537H         LINE#         71
  C:2539H         LINE#         72
  C:253AH         LINE#         73
  C:253AH         LINE#         74
  C:2542H         LINE#         75
  C:2544H         LINE#         76
  C:2545H         LINE#         77
  C:2545H         LINE#         78
  C:254FH         LINE#         79
  C:2551H         LINE#         80
  C:2551H         LINE#         81
  C:2551H         LINE#         82
  -------         ENDPROC       _ADC_UPDATE_VAL
  -------         PROC          _ADC_GET_VAL
BL51 BANKED LINKER/LOCATER V6.22.4.0                                                  07/31/2026  17:59:09  PAGE 13


  D:0007H         SYMBOL        adc_channel
  -------         DO            
  D:0004H         SYMBOL        ret
  -------         ENDDO         
  C:26CDH         LINE#         84
  C:26CDH         LINE#         85
  C:26CDH         LINE#         86
  C:26D0H         LINE#         87
  C:26DFH         LINE#         88
  C:26DFH         LINE#         89
  C:26DFH         LINE#         90
  C:26E2H         LINE#         91
  C:26E4H         LINE#         92
  C:26E4H         LINE#         93
  C:26E7H         LINE#         94
  C:26E9H         LINE#         95
  C:26E9H         LINE#         96
  C:26ECH         LINE#         97
  C:26EEH         LINE#         98
  C:26EEH         LINE#         99
  C:26F6H         LINE#         100
  C:26F6H         LINE#         102
  C:26F6H         LINE#         103
  C:26F6H         LINE#         104
  C:26F6H         LINE#         106
  C:26FAH         LINE#         107
  -------         ENDPROC       _ADC_GET_VAL
  -------         PROC          _ADC_GET_UPDATE_FLAG
  D:0007H         SYMBOL        adc_channel
  -------         DO            
  D:0006H         SYMBOL        ret
  -------         ENDDO         
  C:277DH         LINE#         110
  C:277DH         LINE#         111
  C:277DH         LINE#         112
  C:277FH         LINE#         113
  C:278EH         LINE#         114
  C:278EH         LINE#         115
  C:278EH         LINE#         116
  C:2790H         LINE#         117
  C:2792H         LINE#         118
  C:2792H         LINE#         119
  C:2794H         LINE#         120
  C:2796H         LINE#         121
  C:2796H         LINE#         122
  C:2798H         LINE#         123
  C:279AH         LINE#         124
  C:279AH         LINE#         125
  C:279FH         LINE#         126
  C:279FH         LINE#         128
  C:279FH         LINE#         129
  C:279FH         LINE#         130
  C:279FH         LINE#         132
  C:27A1H         LINE#         133
  -------         ENDPROC       _ADC_GET_UPDATE_FLAG
  -------         PROC          _ADC_CLEAR_UPDATE_FLAG
  D:0007H         SYMBOL        adc_channel
BL51 BANKED LINKER/LOCATER V6.22.4.0                                                  07/31/2026  17:59:09  PAGE 14


  C:0024H         LINE#         136
  C:0024H         LINE#         137
  C:0024H         LINE#         138
  C:0033H         LINE#         139
  C:0033H         LINE#         140
  C:0033H         LINE#         141
  C:0035H         LINE#         142
  C:0036H         LINE#         143
  C:0036H         LINE#         144
  C:0038H         LINE#         145
  C:0039H         LINE#         146
  C:0039H         LINE#         147
  C:003BH         LINE#         148
  C:003CH         LINE#         149
  C:003CH         LINE#         150
  C:003EH         LINE#         151
  C:003EH         LINE#         153
  C:003EH         LINE#         154
  C:003EH         LINE#         155
  C:003EH         LINE#         156
  -------         ENDPROC       _ADC_CLEAR_UPDATE_FLAG
  -------         PROC          _ADC_CHANNEL_SEL
  D:0007H         SYMBOL        adc_channel
  C:2258H         LINE#         158
  C:2258H         LINE#         159
  C:2258H         LINE#         160
  C:225FH         LINE#         164
  C:226EH         LINE#         165
  C:226EH         LINE#         166
  C:226EH         LINE#         168
  C:2275H         LINE#         170
  C:2278H         LINE#         171
  C:227AH         LINE#         172
  C:227AH         LINE#         173
  C:2281H         LINE#         176
  C:2284H         LINE#         178
  C:2286H         LINE#         179
  C:2286H         LINE#         183
  C:228DH         LINE#         186
  C:2290H         LINE#         187
  C:2292H         LINE#         189
  C:2292H         LINE#         190
  C:2299H         LINE#         193
  C:229CH         LINE#         194
  C:229CH         LINE#         196
  C:229CH         LINE#         197
  C:229CH         LINE#         198
  C:229CH         LINE#         200
  C:22A2H         LINE#         202
  -------         ENDPROC       _ADC_CHANNEL_SEL
  -------         PROC          ADC_INIT_WHEN_LOW_PWR_OUT
  C:29F1H         LINE#         205
  C:29F1H         LINE#         206
  C:29F1H         LINE#         207
  C:29F7H         LINE#         210
  C:29FDH         LINE#         211
  C:2A02H         LINE#         213
BL51 BANKED LINKER/LOCATER V6.22.4.0                                                  07/31/2026  17:59:09  PAGE 15


  -------         ENDPROC       ADC_INIT_WHEN_LOW_PWR_OUT
  -------         PROC          ADC_GET_VAL_ONCE
  C:2944H         LINE#         216
  C:2944H         LINE#         217
  C:2944H         LINE#         218
  C:294AH         LINE#         219
  C:2950H         LINE#         221
  C:2952H         LINE#         222
  C:295AH         LINE#         223
  -------         ENDPROC       ADC_GET_VAL_ONCE
  -------         PROC          ADC_SCAN
  C:1F4AH         LINE#         226
  C:1F4AH         LINE#         227
  C:1F4AH         LINE#         229
  C:1F70H         LINE#         230
  C:1F70H         LINE#         231
  C:1F70H         LINE#         233
  C:1F70H         LINE#         234
  C:1F72H         LINE#         235
  C:1F78H         LINE#         236
  C:1F79H         LINE#         237
  C:1F79H         LINE#         239
  C:1F79H         LINE#         240
  C:1F7FH         LINE#         241
  C:1F80H         LINE#         242
  C:1F80H         LINE#         243
  C:1F82H         LINE#         244
  C:1F88H         LINE#         245
  C:1F89H         LINE#         246
  C:1F89H         LINE#         248
  C:1F89H         LINE#         249
  C:1F8FH         LINE#         250
  C:1F90H         LINE#         251
  C:1F90H         LINE#         252
  C:1F92H         LINE#         253
  C:1F98H         LINE#         254
  C:1F99H         LINE#         255
  C:1F99H         LINE#         256
  C:1F99H         LINE#         257
  C:1F9FH         LINE#         258
  C:1FA0H         LINE#         259
  C:1FA0H         LINE#         260
  C:1FA2H         LINE#         261
  C:1FA8H         LINE#         262
  C:1FA9H         LINE#         263
  C:1FA9H         LINE#         264
  C:1FA9H         LINE#         265
  C:1FAFH         LINE#         266
  C:1FAFH         LINE#         268
  C:1FAFH         LINE#         269
  C:1FAFH         LINE#         270
  C:1FAFH         LINE#         271
  -------         ENDPROC       ADC_SCAN
  -------         PROC          ADC_IRQHANDLER
  -------         DO            
  X:61E8H         SYMBOL        adc_val
  -------         ENDDO         
BL51 BANKED LINKER/LOCATER V6.22.4.0                                                  07/31/2026  17:59:09  PAGE 16


  C:1C76H         LINE#         273
  C:1C93H         LINE#         278
  C:1C93H         LINE#         282
  C:1C99H         LINE#         283
  C:1C99H         LINE#         284
  C:1C9CH         LINE#         285
  C:1CABH         LINE#         287
  C:1CBFH         LINE#         288
  C:1CBFH         LINE#         289
  C:1CBFH         LINE#         290
  C:1CC4H         LINE#         291
  C:1CC6H         LINE#         292
  C:1CC6H         LINE#         293
  C:1CCEH         LINE#         294
  C:1CD1H         LINE#         295
  C:1CD3H         LINE#         296
  C:1CD3H         LINE#         297
  C:1CD8H         LINE#         298
  C:1CDAH         LINE#         299
  C:1CDAH         LINE#         300
  C:1CE2H         LINE#         301
  C:1CE2H         LINE#         303
  C:1CE2H         LINE#         304
  C:1CE2H         LINE#         305
  C:1CE2H         LINE#         306
  C:1CE2H         LINE#         309
  C:1CE2H         LINE#         310
  -------         ENDPROC       ADC_IRQHANDLER
  -------         ENDMOD        ADC

  -------         MODULE        PWM
  C:0000H         SYMBOL        _ICE_DUMMY_
  B:00A0H.7       PUBLIC        P27
  B:00B0H.0       PUBLIC        P30
  C:1BEBH         PUBLIC        pwm_init
  C:2A73H         PUBLIC        _pwm_set_channel_0_duty
  C:2A7CH         PUBLIC        _pwm_set_channel_1_duty
  C:2972H         SYMBOL        Com0004
  C:2972H         SYMBOL        L?0005
  C:297DH         SYMBOL        L?0006
  -------         PROC          COM0004
  -------         ENDPROC       COM0004
  -------         PROC          PWM_INIT
  C:1BEBH         LINE#         3
  C:1BEBH         LINE#         4
  C:1BEBH         LINE#         6
  C:1BF1H         LINE#         7
  C:1BF5H         LINE#         9
  C:1BF7H         LINE#         10
  C:1BFCH         LINE#         13
  C:1C02H         LINE#         14
  C:1C06H         LINE#         16
  C:1C08H         LINE#         17
  C:1C0DH         LINE#         21
  C:1C13H         LINE#         22
  C:1C18H         LINE#         23
  C:1C1DH         LINE#         24
BL51 BANKED LINKER/LOCATER V6.22.4.0                                                  07/31/2026  17:59:09  PAGE 17


  C:1C21H         LINE#         25
  C:1C23H         LINE#         26
  C:1C23H         LINE#         27
  C:1C23H         LINE#         29
  C:1C29H         LINE#         30
  C:1C2FH         LINE#         31
  C:1C35H         LINE#         32
  C:1C3BH         LINE#         33
  C:1C41H         LINE#         37
  C:1C47H         LINE#         38
  C:1C4CH         LINE#         39
  C:1C51H         LINE#         40
  C:1C55H         LINE#         41
  C:1C57H         LINE#         42
  C:1C57H         LINE#         43
  C:1C57H         LINE#         45
  C:1C5DH         LINE#         46
  C:1C63H         LINE#         47
  C:1C69H         LINE#         48
  C:1C6FH         LINE#         49
  C:1C75H         LINE#         50
  -------         ENDPROC       PWM_INIT
  -------         PROC          _PWM_SET_CHANNEL_0_DUTY
  D:0004H         SYMBOL        channel_duty
  C:2A73H         LINE#         53
  C:2A73H         LINE#         54
  C:2A73H         LINE#         55
  C:2A75H         LINE#         56
  C:2A75H         LINE#         57
  C:2A7BH         LINE#         58
  -------         ENDPROC       _PWM_SET_CHANNEL_0_DUTY
  -------         PROC          _PWM_SET_CHANNEL_1_DUTY
  D:0004H         SYMBOL        channel_duty
  C:2A7CH         LINE#         61
  C:2A7CH         LINE#         62
  C:2A7CH         LINE#         63
  C:2A7EH         LINE#         64
  C:2A7EH         LINE#         65
  C:2A84H         LINE#         66
  -------         ENDPROC       _PWM_SET_CHANNEL_1_DUTY
  -------         ENDMOD        PWM

  -------         MODULE        TIMER0
  C:0000H         SYMBOL        _ICE_DUMMY_
  D:00A8H         PUBLIC        IE0
  D:00A9H         PUBLIC        IE1
  D:00AAH         PUBLIC        IE2
  D:00ABH         PUBLIC        IE3
  B:00A8H.7       PUBLIC        IE_EA
  D:00B8H         PUBLIC        IP0
  D:00B1H         PUBLIC        IP1
  D:00B2H         PUBLIC        IP2
  D:00B3H         PUBLIC        IP3
  D:00B4H         PUBLIC        IP4
  D:00B5H         PUBLIC        IP5
  D:00B6H         PUBLIC        IP6
  D:00B7H         PUBLIC        IP7
BL51 BANKED LINKER/LOCATER V6.22.4.0                                                  07/31/2026  17:59:09  PAGE 18


  D:00D1H         PUBLIC        TMR_ALLCON
  C:2891H         PUBLIC        timer0_init
  C:1E73H         PUBLIC        TIMR0_IRQHandler
  -------         PROC          TIMER0_INIT
  C:2891H         LINE#         12
  C:2891H         LINE#         13
  C:2891H         LINE#         14
  C:2894H         LINE#         15
  C:2896H         LINE#         17
  C:2899H         LINE#         18
  C:289EH         LINE#         19
  C:28A2H         LINE#         20
  C:28A7H         LINE#         21
  C:28ABH         LINE#         22
  -------         ENDPROC       TIMER0_INIT
  -------         PROC          TIMR0_IRQHANDLER
  C:1E73H         LINE#         26
  C:1E90H         LINE#         29
  C:1E90H         LINE#         34
  C:1E96H         LINE#         35
  C:1E96H         LINE#         36
  C:1E9AH         LINE#         42
  C:1EA0H         LINE#         43
  C:1EA3H         LINE#         45
  C:1EA6H         LINE#         46
  C:1EA9H         LINE#         49
  C:1EACH         LINE#         50
  C:1EAFH         LINE#         51
  C:1EB2H         LINE#         53
  C:1EB5H         LINE#         54
  C:1EB8H         LINE#         57
  C:1EBBH         LINE#         58
  C:1EBEH         LINE#         60
  C:1EC1H         LINE#         62
  C:1EC4H         LINE#         68
  C:1EC4H         LINE#         71
  C:1EC4H         LINE#         72
  -------         ENDPROC       TIMR0_IRQHANDLER
  -------         ENDMOD        TIMER0

  -------         MODULE        TIMER1
  C:0000H         SYMBOL        _ICE_DUMMY_
  D:00A8H         PUBLIC        IE0
  D:00A9H         PUBLIC        IE1
  D:00AAH         PUBLIC        IE2
  D:00ABH         PUBLIC        IE3
  B:00A8H.7       PUBLIC        IE_EA
  D:00B8H         PUBLIC        IP0
  D:00B1H         PUBLIC        IP1
  D:00B2H         PUBLIC        IP2
  D:00B3H         PUBLIC        IP3
  D:00B4H         PUBLIC        IP4
  D:00B5H         PUBLIC        IP5
  D:00B6H         PUBLIC        IP6
  D:00B7H         PUBLIC        IP7
  D:00D1H         PUBLIC        TMR_ALLCON
  C:28ACH         PUBLIC        timer1_init
BL51 BANKED LINKER/LOCATER V6.22.4.0                                                  07/31/2026  17:59:09  PAGE 19


  C:2337H         PUBLIC        TIMR1_IRQHandler
  -------         PROC          TIMER1_INIT
  C:28ACH         LINE#         9
  C:28ACH         LINE#         10
  C:28ACH         LINE#         12
  C:28AFH         LINE#         13
  C:28B1H         LINE#         15
  C:28B4H         LINE#         16
  C:28B9H         LINE#         17
  C:28BDH         LINE#         18
  C:28C2H         LINE#         19
  C:28C6H         LINE#         23
  -------         ENDPROC       TIMER1_INIT
  -------         PROC          TIMR1_IRQHANDLER
  C:2337H         LINE#         27
  C:2354H         LINE#         30
  C:2354H         LINE#         34
  C:235AH         LINE#         35
  C:235AH         LINE#         36
  C:235EH         LINE#         39
  C:2361H         LINE#         40
  C:2364H         LINE#         41
  C:2364H         LINE#         44
  C:2364H         LINE#         45
  -------         ENDPROC       TIMR1_IRQHANDLER
  -------         ENDMOD        TIMER1

  -------         MODULE        UART0
  C:0000H         SYMBOL        _ICE_DUMMY_
  D:00A8H         PUBLIC        IE0
  D:00A9H         PUBLIC        IE1
  D:00AAH         PUBLIC        IE2
  D:00ABH         PUBLIC        IE3
  B:00A8H.7       PUBLIC        IE_EA
  D:00B8H         PUBLIC        IP0
  D:00B1H         PUBLIC        IP1
  D:00B2H         PUBLIC        IP2
  D:00B3H         PUBLIC        IP3
  D:00B4H         PUBLIC        IP4
  D:00B5H         PUBLIC        IP5
  D:00B6H         PUBLIC        IP6
  D:00B7H         PUBLIC        IP7
  D:00D2H         PUBLIC        UART0_CON0
  D:00D4H         PUBLIC        UART0_STA
  D:00D5H         PUBLIC        UART0_BAUD0
  D:00D6H         PUBLIC        UART0_BAUD1
  D:00D7H         PUBLIC        UART0_DATA
  C:258EH         PUBLIC        uart0_init
  C:2A97H         PUBLIC        _uart0_sendbyte
  C:27C6H         PUBLIC        _uart0_sendbuf
  C:2A85H         PUBLIC        uart0_rxbuffer_get_count
  C:2493H         PUBLIC        uart0_rxbuffer_get_byte
  X:60DBH         PUBLIC        uart0_rx_buffer
  C:237FH         SYMBOL        _uart0_rxbuffer_put_byte
  C:2637H         PUBLIC        UART0_IRQHandler
  C:2ABFH         SYMBOL        Com0047
  C:2ABFH         SYMBOL        L?0072
BL51 BANKED LINKER/LOCATER V6.22.4.0                                                  07/31/2026  17:59:09  PAGE 20


  C:2ABFH         SYMBOL        L?0073
  -------         PROC          COM0047
  -------         ENDPROC       COM0047
  -------         PROC          UART0_INIT
  C:258EH         LINE#         17
  C:258EH         LINE#         18
  C:258EH         LINE#         19
  C:2594H         LINE#         20
  C:2598H         LINE#         21
  C:259FH         LINE#         23
  C:25A5H         LINE#         24
  C:25ABH         LINE#         25
  C:25B1H         LINE#         27
  C:25B4H         LINE#         28
  C:25B7H         LINE#         29
  C:25BAH         LINE#         33
  C:25C2H         LINE#         34
  C:25C5H         LINE#         35
  C:25C7H         LINE#         36
  -------         ENDPROC       UART0_INIT
  -------         PROC          _UART0_SENDBYTE
  D:0007H         SYMBOL        byte
  C:2A97H         LINE#         39
  C:2A97H         LINE#         40
  C:2A97H         LINE#         41
  C:2A9CH         LINE#         44
  C:2A9EH         LINE#         48
  -------         ENDPROC       _UART0_SENDBYTE
  -------         PROC          _UART0_SENDBUF
  X:61E5H         SYMBOL        buf
  D:0005H         SYMBOL        len
  -------         DO            
  D:0006H         SYMBOL        i
  -------         ENDDO         
  C:27C6H         LINE#         50
  C:27CCH         LINE#         51
  C:27CCH         LINE#         52
  C:27CEH         LINE#         53
  C:27D3H         LINE#         54
  C:27D3H         LINE#         55
  C:27E5H         LINE#         56
  C:27E8H         LINE#         57
  -------         ENDPROC       _UART0_SENDBUF
  -------         PROC          UART0_RXBUFFER_GET_COUNT
  C:2A85H         LINE#         60
  C:2A85H         LINE#         61
  C:2A85H         LINE#         62
  C:2A8DH         LINE#         63
  -------         ENDPROC       UART0_RXBUFFER_GET_COUNT
  -------         PROC          UART0_RXBUFFER_GET_BYTE
  -------         DO            
  D:0007H         SYMBOL        rxbyte
  -------         ENDDO         
  C:2493H         LINE#         66
  C:2493H         LINE#         67
  C:2493H         LINE#         70
  C:249DH         LINE#         71
BL51 BANKED LINKER/LOCATER V6.22.4.0                                                  07/31/2026  17:59:09  PAGE 21


  C:249DH         LINE#         73
  C:249FH         LINE#         74
  C:249FH         LINE#         80
  C:24A5H         LINE#         81
  C:24B4H         LINE#         82
  C:24B4H         LINE#         83
  C:24B8H         LINE#         84
  C:24B8H         LINE#         85
  C:24CAH         LINE#         87
  C:24D4H         LINE#         89
  C:24D4H         LINE#         90
  -------         ENDPROC       UART0_RXBUFFER_GET_BYTE
  -------         PROC          _UART0_RXBUFFER_PUT_BYTE
  D:0007H         SYMBOL        byte
  C:237FH         LINE#         92
  C:237FH         LINE#         93
  C:237FH         LINE#         100
  C:2385H         LINE#         101
  C:2394H         LINE#         102
  C:2394H         LINE#         103
  C:2398H         LINE#         104
  C:2398H         LINE#         105
  C:23AAH         LINE#         107
  C:23B0H         LINE#         108
  C:23BFH         LINE#         109
  C:23BFH         LINE#         110
  C:23C5H         LINE#         111
  C:23C5H         LINE#         112
  -------         ENDPROC       _UART0_RXBUFFER_PUT_BYTE
  -------         PROC          UART0_IRQHANDLER
  -------         DO            
  X:61F3H         SYMBOL        recv_byte
  -------         ENDDO         
  C:2637H         LINE#         115
  C:264AH         LINE#         118
  C:264AH         LINE#         121
  C:264FH         LINE#         122
  C:264FH         LINE#         123
  C:2655H         LINE#         124
  C:265AH         LINE#         127
  C:265AH         LINE#         129
  C:265AH         LINE#         130
  -------         ENDPROC       UART0_IRQHANDLER
  -------         ENDMOD        UART0

  -------         MODULE        MAIN
  C:0000H         SYMBOL        _ICE_DUMMY_
  D:00D9H         PUBLIC        WDT_KEY
  C:284FH         PUBLIC        user_init
  C:20CBH         PUBLIC        main
  -------         PROC          USER_INIT
  C:284FH         LINE#         37
  C:284FH         LINE#         38
  C:284FH         LINE#         39
  C:2852H         LINE#         40
  C:2855H         LINE#         41
  C:2858H         LINE#         42
BL51 BANKED LINKER/LOCATER V6.22.4.0                                                  07/31/2026  17:59:09  PAGE 22


  C:285BH         LINE#         43
  C:285EH         LINE#         44
  C:2861H         LINE#         46
  C:2864H         LINE#         47
  C:2867H         LINE#         48
  C:286AH         LINE#         51
  C:286DH         LINE#         52
  -------         ENDPROC       USER_INIT
  -------         PROC          MAIN
  C:20CBH         LINE#         60
  C:20CBH         LINE#         61
  C:20CBH         LINE#         63
  C:20CEH         LINE#         64
  C:20D1H         LINE#         67
  C:20D4H         LINE#         68
  C:20DBH         LINE#         69
  C:20DEH         LINE#         72
  C:20E3H         LINE#         73
  C:20E5H         LINE#         74
  C:20E8H         LINE#         75
  C:20EAH         LINE#         76
  C:20EDH         LINE#         77
  C:20EFH         LINE#         78
  C:20F2H         LINE#         79
  C:20F4H         LINE#         81
  C:20F7H         LINE#         82
  C:20FEH         LINE#         84
  C:20FEH         LINE#         85
  C:20FEH         LINE#         86
  C:2107H         LINE#         87
  C:210AH         LINE#         88
  C:210DH         LINE#         90
  C:2110H         LINE#         92
  C:2113H         LINE#         93
  C:2116H         LINE#         94
  C:2119H         LINE#         96
  C:211CH         LINE#         102
  -------         ENDPROC       MAIN
  -------         ENDMOD        MAIN

  -------         MODULE        UART_DATA_HANDLE
  C:0000H         SYMBOL        _ICE_DUMMY_
  C:2A03H         PUBLIC        uart_receiver_reset
  C:000FH         PUBLIC        uart_receiver_timeout_add
  C:280BH         PUBLIC        uart_receiver_process_checksum
  C:185DH         PUBLIC        _uart_receiver_process_byte
  C:29DEH         PUBLIC        uart_receiver_timeout_handler
  C:1D84H         PUBLIC        uart_data_handle
  C:23C6H         PUBLIC        _uart_data_send_cmd
  X:61C2H         SYMBOL        uart_receiver
  C:2A9FH         SYMBOL        _?ix1000
  C:295BH         SYMBOL        Com0038
  C:295BH         SYMBOL        L?0057
  C:295BH         SYMBOL        L?0058
  -------         PROC          COM0038
  -------         ENDPROC       COM0038
  -------         PROC          UART_RECEIVER_RESET
BL51 BANKED LINKER/LOCATER V6.22.4.0                                                  07/31/2026  17:59:09  PAGE 23


  C:2A03H         LINE#         13
  C:2A03H         LINE#         14
  C:2A03H         LINE#         16
  C:2A08H         LINE#         17
  C:2A0CH         LINE#         18
  C:2A10H         LINE#         19
  C:2A14H         LINE#         20
  -------         ENDPROC       UART_RECEIVER_RESET
  -------         PROC          UART_RECEIVER_TIMEOUT_ADD
  C:000FH         LINE#         26
  C:000FH         LINE#         27
  C:000FH         LINE#         28
  C:0015H         LINE#         29
  C:0015H         LINE#         30
  C:001DH         LINE#         31
  C:001DH         LINE#         32
  -------         ENDPROC       UART_RECEIVER_TIMEOUT_ADD
  -------         PROC          UART_RECEIVER_PROCESS_CHECKSUM
  -------         DO            
  D:0006H         SYMBOL        i
  D:0007H         SYMBOL        check_sum
  -------         ENDDO         
  C:280BH         LINE#         39
  C:280BH         LINE#         40
  C:280BH         LINE#         42
  C:280DH         LINE#         43
  C:280EH         LINE#         44
  C:280EH         LINE#         45
  C:281BH         LINE#         46
  C:2820H         LINE#         48
  C:2827H         LINE#         49
  C:2827H         LINE#         50
  C:282AH         LINE#         51
  C:282AH         LINE#         53
  C:282AH         LINE#         60
  C:282CH         LINE#         61
  C:282CH         LINE#         62
  -------         ENDPROC       UART_RECEIVER_PROCESS_CHECKSUM
  -------         PROC          _UART_RECEIVER_PROCESS_BYTE
  D:0005H         SYMBOL        byte
  C:185DH         LINE#         71
  C:185FH         LINE#         72
  C:185FH         LINE#         74
  C:1882H         LINE#         75
  C:1882H         LINE#         76
  C:1882H         LINE#         77
  C:1886H         LINE#         78
  C:1886H         LINE#         79
  C:1886H         LINE#         80
  C:188BH         LINE#         81
  C:188EH         LINE#         82
  C:188EH         LINE#         84
  C:188EH         LINE#         85
  C:1891H         LINE#         86
  C:1891H         LINE#         87
  C:1891H         LINE#         89
  C:1891H         LINE#         90
BL51 BANKED LINKER/LOCATER V6.22.4.0                                                  07/31/2026  17:59:09  PAGE 24


  C:1895H         LINE#         91
  C:1895H         LINE#         92
  C:1895H         LINE#         93
  C:189AH         LINE#         94
  C:189DH         LINE#         95
  C:189DH         LINE#         97
  C:189DH         LINE#         99
  C:18A0H         LINE#         100
  C:18A0H         LINE#         101
  C:18A0H         LINE#         103
  C:18A0H         LINE#         104
  C:18A3H         LINE#         105
  C:18A3H         LINE#         106
  C:18A3H         LINE#         107
  C:18A8H         LINE#         108
  C:18ABH         LINE#         109
  C:18ABH         LINE#         111
  C:18ABH         LINE#         112
  C:18AEH         LINE#         113
  C:18AEH         LINE#         114
  C:18AEH         LINE#         116
  C:18AEH         LINE#         118
  C:18AEH         LINE#         119
  C:18B3H         LINE#         120
  C:18B5H         LINE#         121
  C:18B5H         LINE#         123
  C:18B5H         LINE#         125
  C:18B5H         LINE#         126
  C:18BAH         LINE#         127
  C:18BCH         LINE#         128
  C:18BCH         LINE#         130
  C:18BCH         LINE#         131
  C:18BFH         LINE#         132
  C:18BFH         LINE#         133
  C:18BFH         LINE#         134
  C:18C4H         LINE#         135
  C:18C6H         LINE#         136
  C:18C6H         LINE#         138
  C:18C6H         LINE#         139
  C:18C9H         LINE#         140
  C:18C9H         LINE#         141
  C:18C9H         LINE#         143
  C:18C9H         LINE#         145
  C:18C9H         LINE#         146
  C:18CFH         LINE#         147
  C:18D5H         LINE#         148
  C:18D5H         LINE#         150
  C:18D8H         LINE#         151
  C:18D8H         LINE#         153
  C:18D8H         LINE#         154
  C:18DBH         LINE#         155
  C:18DBH         LINE#         156
  C:18DBH         LINE#         158
  C:18DBH         LINE#         159
  C:18DFH         LINE#         160
  C:18DFH         LINE#         161
  C:18F3H         LINE#         162
BL51 BANKED LINKER/LOCATER V6.22.4.0                                                  07/31/2026  17:59:09  PAGE 25


  C:18F9H         LINE#         163
  C:18FCH         LINE#         164
  C:18FCH         LINE#         166
  C:18FCH         LINE#         167
  C:18FFH         LINE#         168
  C:18FFH         LINE#         169
  C:18FFH         LINE#         171
  C:18FFH         LINE#         172
  C:18FFH         LINE#         173
  C:18FFH         LINE#         175
  C:1901H         LINE#         176
  -------         ENDPROC       _UART_RECEIVER_PROCESS_BYTE
  -------         PROC          UART_RECEIVER_TIMEOUT_HANDLER
  C:29DEH         LINE#         179
  C:29DEH         LINE#         180
  C:29DEH         LINE#         185
  C:29EDH         LINE#         186
  C:29EDH         LINE#         200
  C:29F0H         LINE#         201
  C:29F0H         LINE#         202
  -------         ENDPROC       UART_RECEIVER_TIMEOUT_HANDLER
  -------         PROC          UART_DATA_HANDLE
  -------         DO            
  D:0004H         SYMBOL        recv_byte
  X:61C1H         SYMBOL        initialized
  -------         ENDDO         
  C:1D84H         LINE#         203
  C:1D84H         LINE#         204
  C:1D84H         LINE#         212
  C:1D8AH         LINE#         213
  C:1D8AH         LINE#         214
  C:1D8DH         LINE#         215
  C:1D93H         LINE#         216
  C:1D93H         LINE#         221
  C:1D99H         LINE#         222
  C:1D99H         LINE#         223
  C:1D9CH         LINE#         224
  C:1D9CH         LINE#         233
  C:1D9CH         LINE#         234
  C:1D9CH         LINE#         235
  C:1DB0H         LINE#         238
  C:1DB0H         LINE#         252
  C:1DB0H         LINE#         253
  C:1DB0H         LINE#         255
  C:1DB5H         LINE#         258
  C:1DBBH         LINE#         259
  C:1DC0H         LINE#         262
  C:1DC6H         LINE#         263
  C:1DC6H         LINE#         276
  C:1DC9H         LINE#         277
  C:1DC9H         LINE#         278
  C:1DCBH         LINE#         308
  C:1DD7H         LINE#         310
  C:1DD7H         LINE#         312
  C:1DD7H         LINE#         332
  C:1DE7H         LINE#         333
  C:1DE7H         LINE#         334
BL51 BANKED LINKER/LOCATER V6.22.4.0                                                  07/31/2026  17:59:09  PAGE 26


  C:1DE7H         LINE#         336
  C:1DECH         LINE#         337
  C:1DEEH         LINE#         338
  C:1DEEH         LINE#         340
  C:1DF4H         LINE#         341
  C:1DF6H         LINE#         342
  C:1DF6H         LINE#         350
  C:1DF9H         LINE#         351
  C:1DF9H         LINE#         353
  C:1DF9H         LINE#         357
  C:1DF9H         LINE#         358
  C:1DF9H         LINE#         361
  C:1DFCH         LINE#         362
  -------         ENDPROC       UART_DATA_HANDLE
  -------         PROC          _UART_DATA_SEND_CMD
  X:61DCH         SYMBOL        cmd
  -------         DO            
  X:61DDH         SYMBOL        buf
  -------         ENDDO         
  C:23C6H         LINE#         366
  C:23CBH         LINE#         367
  C:23CBH         LINE#         368
  C:23DEH         LINE#         379
  C:23E7H         LINE#         380
  C:2400H         LINE#         382
  -------         ENDPROC       _UART_DATA_SEND_CMD
  -------         ENDMOD        UART_DATA_HANDLE

  -------         MODULE        KEY_DRIVER
  C:0000H         SYMBOL        _ICE_DUMMY_
  C:0BF9H         PUBLIC        _key_driver_scan
  X:6238H         SYMBOL        is_key_active
  X:6239H         PUBLIC        scan_para
  C:2870H         SYMBOL        Com0021
  C:2870H         SYMBOL        L?0034
  C:2873H         SYMBOL        L?0035
  C:2874H         SYMBOL        L?0036
  C:287AH         SYMBOL        L?0037
  C:287DH         SYMBOL        L?0038
  C:2881H         SYMBOL        L?0039
  C:2887H         SYMBOL        L?0040
  C:288AH         SYMBOL        L?0041
  -------         PROC          COM0021
  -------         ENDPROC       COM0021
  -------         PROC          _KEY_DRIVER_SCAN
  D:0001H         SYMBOL        _scan_para
  -------         DO            
  X:61DBH         SYMBOL        key_event
  D:0007H         SYMBOL        cur_key_value
  X:61DCH         SYMBOL        key_value
  C:0D61H         SYMBOL        _notify
  C:0D81H         SYMBOL        _scan_end
  -------         ENDDO         
  C:0BF9H         LINE#         17
  C:0BF9H         LINE#         19
  C:0BF9H         LINE#         24
  C:0BFEH         LINE#         25
BL51 BANKED LINKER/LOCATER V6.22.4.0                                                  07/31/2026  17:59:09  PAGE 27


  C:0C00H         LINE#         26
  C:0C04H         LINE#         30
  C:0C0AH         LINE#         33
  C:0C1DH         LINE#         34
  C:0C1DH         LINE#         36
  C:0C1DH         LINE#         38
  C:0C27H         LINE#         40
  C:0C30H         LINE#         46
  C:0C34H         LINE#         47
  C:0C34H         LINE#         48
  C:0C3AH         LINE#         49
  C:0C3CH         LINE#         50
  C:0C42H         LINE#         51
  C:0C42H         LINE#         52
  C:0C45H         LINE#         53
  C:0C45H         LINE#         56
  C:0C59H         LINE#         57
  C:0C59H         LINE#         59
  C:0C60H         LINE#         60
  C:0C66H         LINE#         62
  C:0C66H         LINE#         65
  C:0C77H         LINE#         66
  C:0C77H         LINE#         67
  C:0C82H         LINE#         69
  C:0C82H         LINE#         72
  C:0C8EH         LINE#         73
  C:0C8EH         LINE#         80
  C:0C92H         LINE#         81
  C:0C92H         LINE#         82
  C:0C99H         LINE#         83
  C:0C99H         LINE#         84
  C:0C9BH         LINE#         85
  C:0CA1H         LINE#         86
  C:0CA3H         LINE#         88
  C:0CA3H         LINE#         91
  C:0CA3H         LINE#         92
  C:0CABH         LINE#         93
  C:0CABH         LINE#         94
  C:0CAEH         LINE#         96
  C:0CAEH         LINE#         101
  C:0CB6H         LINE#         102
  C:0CC2H         LINE#         103
  C:0CC2H         LINE#         104
  C:0CC7H         LINE#         105
  C:0CCBH         LINE#         106
  C:0CCEH         LINE#         108
  C:0CCEH         LINE#         109
  C:0CD4H         LINE#         110
  C:0CD4H         LINE#         111
  C:0CD4H         LINE#         113
  C:0CD6H         LINE#         118
  C:0CD6H         LINE#         120
  C:0CD6H         LINE#         125
  C:0CDAH         LINE#         126
  C:0CDAH         LINE#         128
  C:0CEBH         LINE#         129
  C:0CEBH         LINE#         133
BL51 BANKED LINKER/LOCATER V6.22.4.0                                                  07/31/2026  17:59:09  PAGE 28


  C:0CFCH         LINE#         134
  C:0CFCH         LINE#         154
  C:0CFCH         LINE#         155
  C:0CFEH         LINE#         157
  C:0CFEH         LINE#         158
  C:0D0BH         LINE#         160
  C:0D0DH         LINE#         162
  C:0D0DH         LINE#         164
  C:0D0DH         LINE#         165
  C:0D18H         LINE#         166
  C:0D1BH         LINE#         168
  C:0D1BH         LINE#         169
  C:0D1BH         LINE#         171
  C:0D1BH         LINE#         172
  C:0D1BH         LINE#         174
  C:0D1BH         LINE#         175
  C:0D1BH         LINE#         177
  C:0D1BH         LINE#         179
  C:0D26H         LINE#         180
  C:0D26H         LINE#         181
  C:0D2EH         LINE#         182
  C:0D2EH         LINE#         186
  C:0D34H         LINE#         187
  C:0D34H         LINE#         188
  C:0D3AH         LINE#         193
  C:0D3CH         LINE#         194
  C:0D48H         LINE#         195
  C:0D48H         LINE#         196
  C:0D4DH         LINE#         197
  C:0D5CH         LINE#         199
  C:0D5CH         LINE#         201
  C:0D5CH         LINE#         202
  C:0D5CH         LINE#         204
  C:0D5CH         LINE#         207
  C:0D61H         LINE#         208
  C:0D61H         LINE#         210
  C:0D61H         LINE#         211
  C:0D61H         LINE#         213
  C:0D61H         LINE#         216
  C:0D61H         LINE#         218
  C:0D61H         LINE#         219
  C:0D65H         LINE#         220
  C:0D6DH         LINE#         222
  C:0D77H         LINE#         223
  C:0D81H         LINE#         226
  C:0D81H         LINE#         235
  C:0D81H         LINE#         237
  C:0D81H         LINE#         238
  C:0D8BH         LINE#         241
  -------         ENDPROC       _KEY_DRIVER_SCAN
  -------         ENDMOD        KEY_DRIVER

  -------         MODULE        AD_KEY
  C:0000H         SYMBOL        _ICE_DUMMY_
  X:6163H         PUBLIC        ad_key_para
  C:199EH         PUBLIC        ad_key_handle
  X:6176H         SYMBOL        ad_key_scan_table
BL51 BANKED LINKER/LOCATER V6.22.4.0                                                  07/31/2026  17:59:09  PAGE 29


  X:6186H         SYMBOL        ad_key_event_table
  C:266BH         PUBLIC        ad_key_get_key_val
  C:220CH         SYMBOL        _ad_key_val_to_ad_key_index
  C:22A3H         SYMBOL        _ad_key_get_event
  C:2A26H         SYMBOL        Com0036
  C:2A26H         SYMBOL        L?0055
  -------         PROC          COM0036
  -------         ENDPROC       COM0036
  -------         PROC          _AD_KEY_VAL_TO_AD_KEY_INDEX
  D:0006H         SYMBOL        ad_key_val
  -------         DO            
  D:0005H         SYMBOL        i
  X:61DCH         SYMBOL        ad_key_index
  -------         ENDDO         
  C:220CH         LINE#         55
  C:220CH         LINE#         56
  C:220CH         LINE#         57
  C:220EH         LINE#         58
  C:2216H         LINE#         61
  C:2216H         LINE#         62
  C:2216H         LINE#         63
  C:222EH         LINE#         64
  C:222EH         LINE#         65
  C:2248H         LINE#         66
  C:224AH         LINE#         67
  C:224AH         LINE#         68
  C:224FH         LINE#         70
  C:2257H         LINE#         71
  -------         ENDPROC       _AD_KEY_VAL_TO_AD_KEY_INDEX
  -------         PROC          _AD_KEY_GET_EVENT
  D:0007H         SYMBOL        key_val
  D:0005H         SYMBOL        key_event
  -------         DO            
  D:0006H         SYMBOL        ret_key_event
  D:0004H         SYMBOL        key_event_index
  D:0003H         SYMBOL        i
  -------         ENDDO         
  C:22A3H         LINE#         81
  C:22A3H         LINE#         82
  C:22A3H         LINE#         83
  C:22A5H         LINE#         84
  C:22A6H         LINE#         85
  C:22A7H         LINE#         88
  C:22ABH         LINE#         89
  C:22ABH         LINE#         90
  C:22ACH         LINE#         91
  C:22AEH         LINE#         92
  C:22B2H         LINE#         93
  C:22B2H         LINE#         94
  C:22B4H         LINE#         95
  C:22B6H         LINE#         96
  C:22BAH         LINE#         97
  C:22BAH         LINE#         98
  C:22BCH         LINE#         99
  C:22BEH         LINE#         100
  C:22C2H         LINE#         101
  C:22C2H         LINE#         102
BL51 BANKED LINKER/LOCATER V6.22.4.0                                                  07/31/2026  17:59:09  PAGE 30


  C:22C4H         LINE#         103
  C:22C6H         LINE#         105
  C:22C6H         LINE#         106
  C:22C9H         LINE#         107
  C:22C9H         LINE#         109
  C:22CFH         LINE#         110
  C:22CFH         LINE#         111
  C:22D6H         LINE#         112
  C:22D6H         LINE#         113
  C:22E5H         LINE#         114
  C:22E7H         LINE#         115
  C:22E7H         LINE#         116
  C:22EAH         LINE#         118
  C:22ECH         LINE#         119
  -------         ENDPROC       _AD_KEY_GET_EVENT
  -------         PROC          AD_KEY_GET_KEY_VAL
  -------         DO            
  X:6161H         SYMBOL        val
  X:61DBH         SYMBOL        ret
  -------         ENDDO         
  C:266BH         LINE#         132
  C:266BH         LINE#         133
  C:266BH         LINE#         135
  C:2671H         LINE#         138
  C:2679H         LINE#         139
  C:2679H         LINE#         140
  C:267EH         LINE#         141
  C:268BH         LINE#         144
  C:268BH         LINE#         146
  C:269BH         LINE#         147
  C:269DH         LINE#         148
  -------         ENDPROC       AD_KEY_GET_KEY_VAL
  -------         PROC          AD_KEY_HANDLE
  -------         DO            
  X:61DBH         SYMBOL        ad_key_event
  -------         ENDDO         
  C:199EH         LINE#         150
  C:199EH         LINE#         151
  C:199EH         LINE#         152
  C:19A3H         LINE#         154
  C:19ACH         LINE#         155
  C:19ACH         LINE#         157
  C:19ACH         LINE#         159
  C:19B9H         LINE#         160
  C:19BEH         LINE#         161
  C:19C0H         LINE#         165
  C:19CFH         LINE#         166
  C:19CFH         LINE#         176
  C:19D5H         LINE#         178
  C:19D5H         LINE#         180
  C:19FBH         LINE#         181
  C:19FBH         LINE#         184
  C:19FBH         LINE#         188
  C:19FEH         LINE#         189
  C:19FEH         LINE#         191
  C:19FEH         LINE#         195
  C:19FEH         LINE#         197
BL51 BANKED LINKER/LOCATER V6.22.4.0                                                  07/31/2026  17:59:09  PAGE 31


  C:19FEH         LINE#         202
  C:19FEH         LINE#         204
  C:19FEH         LINE#         208
  C:19FEH         LINE#         212
  C:19FEH         LINE#         216
  C:1A00H         LINE#         217
  C:1A02H         LINE#         219
  C:1A02H         LINE#         224
  C:1A04H         LINE#         225
  C:1A06H         LINE#         227
  C:1A06H         LINE#         232
  C:1A08H         LINE#         233
  C:1A0AH         LINE#         235
  C:1A0AH         LINE#         239
  C:1A0AH         LINE#         244
  C:1A0AH         LINE#         249
  C:1A0CH         LINE#         250
  C:1A0EH         LINE#         252
  C:1A0EH         LINE#         258
  C:1A10H         LINE#         259
  C:1A12H         LINE#         261
  C:1A12H         LINE#         267
  C:1A14H         LINE#         268
  C:1A16H         LINE#         270
  C:1A16H         LINE#         274
  C:1A16H         LINE#         278
  C:1A16H         LINE#         284
  C:1A1CH         LINE#         285
  C:1A1CH         LINE#         286
  C:1A1EH         LINE#         287
  C:1A20H         LINE#         288
  C:1A27H         LINE#         289
  C:1A27H         LINE#         290
  C:1A2CH         LINE#         291
  C:1A2CH         LINE#         292
  C:1A2CH         LINE#         294
  C:1A2CH         LINE#         300
  C:1A32H         LINE#         301
  C:1A32H         LINE#         304
  C:1A35H         LINE#         305
  C:1A35H         LINE#         307
  C:1A35H         LINE#         312
  C:1A38H         LINE#         313
  C:1A38H         LINE#         314
  C:1A38H         LINE#         316
  C:1A38H         LINE#         320
  C:1A38H         LINE#         322
  C:1A38H         LINE#         326
  C:1A38H         LINE#         328
  C:1A38H         LINE#         329
  C:1A38H         LINE#         330
  C:1A38H         LINE#         331
  -------         ENDPROC       AD_KEY_HANDLE
  -------         ENDMOD        AD_KEY

  -------         MODULE        USER_TEST
  C:0000H         SYMBOL        _ICE_DUMMY_
BL51 BANKED LINKER/LOCATER V6.22.4.0                                                  07/31/2026  17:59:09  PAGE 32


  -------         ENDMOD        USER_TEST

  -------         MODULE        LED
  C:0000H         SYMBOL        _ICE_DUMMY_
  B:0080H.0       PUBLIC        P00
  B:0080H.1       PUBLIC        P01
  B:0080H.2       PUBLIC        P02
  B:0080H.5       PUBLIC        P05
  B:0080H.6       PUBLIC        P06
  B:0090H.3       PUBLIC        P13
  B:00A0H.7       PUBLIC        P27
  B:00B0H.0       PUBLIC        P30
  X:620BH         PUBLIC        led_ctl
  C:2171H         PUBLIC        led_init
  C:2A44H         PUBLIC        led_yellow_on
  C:2AA7H         PUBLIC        led_yellow_off
  C:2A51H         PUBLIC        led_white_on
  C:2AAFH         PUBLIC        led_white_off
  C:2A35H         PUBLIC        led_ctl_init
  C:24D5H         PUBLIC        led_status_switch
  C:1AD2H         PUBLIC        _led_status_set
  C:147BH         PUBLIC        led_red_blue_flash_1ms_isr
  C:137AH         PUBLIC        led_slow_adjust_isr
  C:1902H         SYMBOL        Com0053
  C:1902H         SYMBOL        L?0084
  C:190EH         SYMBOL        L?0085
  C:191CH         SYMBOL        L?0086
  C:191CH         SYMBOL        L?0087
  C:1925H         SYMBOL        L?0088
  C:1926H         SYMBOL        L?0089
  C:192BH         SYMBOL        L?0090
  C:1932H         SYMBOL        L?0091
  C:1935H         SYMBOL        L?0092
  C:1938H         SYMBOL        L?0093
  C:193FH         SYMBOL        L?0094
  C:193FH         SYMBOL        L?0095
  C:194CH         SYMBOL        L?0096
  C:195DH         SYMBOL        L?0097
  C:196CH         SYMBOL        L?0098
  C:196CH         SYMBOL        L?0099
  C:1975H         SYMBOL        L?0100
  C:1980H         SYMBOL        L?0101
  C:1981H         SYMBOL        L?0102
  C:1988H         SYMBOL        L?0103
  C:1988H         SYMBOL        L?0104
  C:198EH         SYMBOL        L?0105
  C:1997H         SYMBOL        L?0106
  C:1997H         SYMBOL        L?0107
  -------         PROC          COM0053
  -------         ENDPROC       COM0053
  -------         PROC          LED_INIT
  C:2171H         LINE#         14
  C:2171H         LINE#         15
  C:2171H         LINE#         17
  C:2177H         LINE#         18
  C:217BH         LINE#         19
  C:217DH         LINE#         20
BL51 BANKED LINKER/LOCATER V6.22.4.0                                                  07/31/2026  17:59:09  PAGE 33


  C:2182H         LINE#         23
  C:2188H         LINE#         24
  C:218CH         LINE#         25
  C:218EH         LINE#         26
  C:2191H         LINE#         29
  C:2191H         LINE#         30
  C:2194H         LINE#         31
  C:2196H         LINE#         32
  C:219BH         LINE#         35
  C:21A0H         LINE#         36
  C:21A4H         LINE#         37
  C:21A6H         LINE#         38
  C:21A9H         LINE#         41
  C:21A9H         LINE#         42
  C:21ACH         LINE#         43
  C:21AEH         LINE#         44
  C:21B1H         LINE#         47
  C:21B5H         LINE#         48
  C:21B9H         LINE#         49
  C:21BBH         LINE#         50
  C:21BEH         LINE#         51
  -------         ENDPROC       LED_INIT
  -------         PROC          LED_CTL_INIT
  C:2A35H         LINE#         53
  C:2A35H         LINE#         54
  C:2A35H         LINE#         63
  -------         ENDPROC       LED_CTL_INIT
  -------         PROC          LED_YELLOW_ON
  C:2A44H         LINE#         66
  C:2A44H         LINE#         67
  C:2A44H         LINE#         68
  C:2A4AH         LINE#         69
  C:2A50H         LINE#         70
  -------         ENDPROC       LED_YELLOW_ON
  -------         PROC          LED_YELLOW_OFF
  C:2AA7H         LINE#         72
  C:2AA7H         LINE#         73
  C:2AA7H         LINE#         74
  C:2AA9H         LINE#         75
  C:2AAEH         LINE#         76
  -------         ENDPROC       LED_YELLOW_OFF
  -------         PROC          LED_WHITE_ON
  C:2A51H         LINE#         78
  C:2A51H         LINE#         79
  C:2A51H         LINE#         80
  C:2A57H         LINE#         81
  C:2A5DH         LINE#         82
  -------         ENDPROC       LED_WHITE_ON
  -------         PROC          LED_WHITE_OFF
  C:2AAFH         LINE#         84
  C:2AAFH         LINE#         85
  C:2AAFH         LINE#         86
  C:2AB1H         LINE#         87
  C:2AB6H         LINE#         88
  -------         ENDPROC       LED_WHITE_OFF
  -------         PROC          LED_STATUS_SWITCH
  C:24D5H         LINE#         90
BL51 BANKED LINKER/LOCATER V6.22.4.0                                                  07/31/2026  17:59:09  PAGE 34


  C:24D5H         LINE#         91
  C:24D5H         LINE#         102
  C:24DBH         LINE#         103
  C:24DBH         LINE#         104
  C:24E5H         LINE#         105
  C:24EBH         LINE#         106
  C:24EBH         LINE#         109
  C:24FFH         LINE#         110
  C:24FFH         LINE#         111
  C:24FFH         LINE#         113
  C:2501H         LINE#         114
  C:2503H         LINE#         115
  C:2503H         LINE#         117
  C:2505H         LINE#         118
  C:2507H         LINE#         119
  C:2507H         LINE#         121
[...]
  C:0532H         LINE#         547
BL51 BANKED LINKER/LOCATER V6.22.4.0                                                  07/31/2026  17:59:09  PAGE 59


  C:053CH         LINE#         548
  C:053CH         LINE#         549
  C:0548H         LINE#         550
  C:0548H         LINE#         555
  C:0552H         LINE#         557
  C:055CH         LINE#         559
  C:055CH         LINE#         561
  C:056FH         LINE#         562
  C:056FH         LINE#         563
  C:056FH         LINE#         564
  C:057EH         LINE#         565
  C:057EH         LINE#         566
  C:057EH         LINE#         567
  C:057EH         LINE#         568
  C:0581H         LINE#         570
  C:0581H         LINE#         571
  C:0590H         LINE#         572
  C:0590H         LINE#         573
  C:0590H         LINE#         574
  C:0590H         LINE#         575
  C:0593H         LINE#         577
  C:0593H         LINE#         578
  C:059EH         LINE#         579
  C:059EH         LINE#         580
  C:059EH         LINE#         581
  C:059EH         LINE#         582
  C:05A1H         LINE#         584
  C:05A1H         LINE#         585
  C:05A1H         LINE#         586
  C:05A1H         LINE#         587
  C:05A1H         LINE#         588
  C:05A1H         LINE#         589
  C:05A1H         LINE#         590
  C:05A4H         LINE#         592
  C:05A4H         LINE#         594
  C:05A4H         LINE#         595
  C:05A4H         LINE#         596
  C:05A4H         LINE#         597
  C:05A4H         LINE#         598
  C:05A9H         LINE#         599
  C:05A9H         LINE#         601
  C:05BCH         LINE#         602
  C:05BCH         LINE#         603
  C:05BCH         LINE#         604
  C:05C7H         LINE#         605
  C:05C7H         LINE#         606
  C:05C7H         LINE#         607
  C:05C7H         LINE#         608
  C:05CAH         LINE#         610
  C:05CAH         LINE#         611
  C:05D5H         LINE#         612
  C:05D5H         LINE#         613
  C:05D5H         LINE#         614
  C:05D5H         LINE#         615
  C:05D7H         LINE#         617
  C:05D7H         LINE#         618
  C:05DFH         LINE#         619
BL51 BANKED LINKER/LOCATER V6.22.4.0                                                  07/31/2026  17:59:09  PAGE 60


  C:05DFH         LINE#         620
  C:05DFH         LINE#         621
  C:05DFH         LINE#         622
  C:05E1H         LINE#         624
  C:05E1H         LINE#         625
  C:05E1H         LINE#         626
  C:05E1H         LINE#         627
  C:05E1H         LINE#         628
  C:05E1H         LINE#         629
  C:05E1H         LINE#         630
  C:05E3H         LINE#         632
  C:05E3H         LINE#         634
  C:05E3H         LINE#         635
  C:05E3H         LINE#         636
  C:05E3H         LINE#         637
  C:05E3H         LINE#         639
  C:05E3H         LINE#         641
  C:05F6H         LINE#         642
  C:05F6H         LINE#         643
  C:05F6H         LINE#         644
  C:0601H         LINE#         645
  C:0601H         LINE#         646
  C:0601H         LINE#         647
  C:0601H         LINE#         648
  C:0603H         LINE#         650
  C:0603H         LINE#         651
  C:060EH         LINE#         652
  C:060EH         LINE#         653
  C:060EH         LINE#         654
  C:060EH         LINE#         655
  C:0610H         LINE#         657
  C:0610H         LINE#         658
  C:0618H         LINE#         659
  C:0618H         LINE#         660
  C:0620H         LINE#         661
  C:0620H         LINE#         662
  C:0623H         LINE#         664
  C:0623H         LINE#         665
  C:062BH         LINE#         666
  C:062CH         LINE#         667
  C:062CH         LINE#         668
  C:062CH         LINE#         669
  C:062CH         LINE#         670
  C:062FH         LINE#         672
  C:062FH         LINE#         674
  C:062FH         LINE#         675
  C:062FH         LINE#         676
  C:062FH         LINE#         677
  C:062FH         LINE#         678
  C:062FH         LINE#         680
  C:062FH         LINE#         688
  C:063BH         LINE#         689
  C:064DH         LINE#         690
  C:064DH         LINE#         691
  C:0657H         LINE#         697
  C:0660H         LINE#         698
  C:0660H         LINE#         699
BL51 BANKED LINKER/LOCATER V6.22.4.0                                                  07/31/2026  17:59:09  PAGE 61


  C:0663H         LINE#         700
  C:0663H         LINE#         702
  C:066DH         LINE#         704
  C:066DH         LINE#         706
  C:067BH         LINE#         707
  C:067BH         LINE#         708
  C:067BH         LINE#         709
  C:068AH         LINE#         710
  C:068AH         LINE#         714
  C:0694H         LINE#         716
  C:0694H         LINE#         717
  C:0697H         LINE#         719
  C:0697H         LINE#         720
  C:06A9H         LINE#         721
  C:06A9H         LINE#         725
  C:06B3H         LINE#         727
  C:06B3H         LINE#         728
  C:06B6H         LINE#         730
  C:06B6H         LINE#         731
  C:06C1H         LINE#         732
  C:06C1H         LINE#         736
  C:06CBH         LINE#         738
  C:06CBH         LINE#         739
  C:06CEH         LINE#         741
  C:06CEH         LINE#         742
  C:06CEH         LINE#         743
  C:06CEH         LINE#         744
  C:06CEH         LINE#         745
  C:06D3H         LINE#         746
  C:06D3H         LINE#         748
  C:06DEH         LINE#         749
  C:06DEH         LINE#         750
  C:06DEH         LINE#         751
  C:06E6H         LINE#         752
  C:06E6H         LINE#         756
  C:06E6H         LINE#         758
  C:06E6H         LINE#         759
  C:06E8H         LINE#         761
  C:06E8H         LINE#         762
  C:06F0H         LINE#         763
  C:06F0H         LINE#         767
  C:06F0H         LINE#         769
  C:06F0H         LINE#         770
  C:06F2H         LINE#         772
  C:06F2H         LINE#         773
  C:06F7H         LINE#         774
  C:06F7H         LINE#         778
  C:06F7H         LINE#         780
  C:06F7H         LINE#         781
  C:06F9H         LINE#         783
  C:06F9H         LINE#         784
  C:06F9H         LINE#         785
  C:06F9H         LINE#         786
  C:06F9H         LINE#         788
  C:06F9H         LINE#         790
  C:0704H         LINE#         791
  C:0704H         LINE#         792
BL51 BANKED LINKER/LOCATER V6.22.4.0                                                  07/31/2026  17:59:09  PAGE 62


  C:0704H         LINE#         793
  C:070CH         LINE#         794
  C:070CH         LINE#         798
  C:0716H         LINE#         800
  C:0716H         LINE#         801
  C:0718H         LINE#         803
  C:0718H         LINE#         804
  C:0720H         LINE#         805
  C:0720H         LINE#         809
  C:072AH         LINE#         811
  C:072AH         LINE#         812
  C:072CH         LINE#         814
  C:072CH         LINE#         815
  C:0731H         LINE#         816
  C:0731H         LINE#         820
  C:073BH         LINE#         822
  C:073BH         LINE#         823
  C:073DH         LINE#         825
  C:073DH         LINE#         826
  C:073DH         LINE#         827
  C:073DH         LINE#         828
  C:073DH         LINE#         829
  C:073DH         LINE#         830
  C:073DH         LINE#         831
  C:073DH         LINE#         833
  C:073DH         LINE#         835
  C:0747H         LINE#         836
  C:0747H         LINE#         853
  C:075BH         LINE#         854
  C:075BH         LINE#         855
  C:075BH         LINE#         856
  C:075BH         LINE#         858
  C:0761H         LINE#         859
  C:0761H         LINE#         860
  C:0761H         LINE#         861
  C:0764H         LINE#         862
  C:0766H         LINE#         863
  C:0767H         LINE#         864
  C:0767H         LINE#         865
  C:0767H         LINE#         866
  C:0767H         LINE#         867
  C:076AH         LINE#         868
  C:076CH         LINE#         869
  C:076DH         LINE#         870
  C:076DH         LINE#         871
  C:076FH         LINE#         872
  C:0771H         LINE#         873
  C:0771H         LINE#         874
  C:0771H         LINE#         875
  C:0773H         LINE#         876
  C:0773H         LINE#         877
  C:0775H         LINE#         878
  C:0777H         LINE#         879
  C:0777H         LINE#         880
  C:0777H         LINE#         881
  C:0779H         LINE#         882
  C:0779H         LINE#         883
BL51 BANKED LINKER/LOCATER V6.22.4.0                                                  07/31/2026  17:59:09  PAGE 63


  C:077BH         LINE#         884
  C:077DH         LINE#         885
  C:077FH         LINE#         886
  C:0781H         LINE#         887
  C:0781H         LINE#         888
  C:0781H         LINE#         889
  -------         ENDPROC       LED_BAT_LEV_STA_DISCHARGE_HANDLE
  -------         PROC          LED_BAT_LEV_STA_ALERT_HANDLE
  -------         DO            
  X:621EH         SYMBOL        cnt
  -------         ENDDO         
  C:2757H         LINE#         894
  C:2757H         LINE#         895
  C:2757H         LINE#         898
  C:2757H         LINE#         899
  C:2757H         LINE#         900
  C:275AH         LINE#         902
  C:2764H         LINE#         903
  C:2773H         LINE#         904
  C:2773H         LINE#         905
  C:2777H         LINE#         906
  C:277CH         LINE#         907
  C:277CH         LINE#         908
  -------         ENDPROC       LED_BAT_LEV_STA_ALERT_HANDLE
  -------         PROC          LED_BAT_LEV_STA_IDLE_HANDLE
  C:0045H         LINE#         910
  C:0045H         LINE#         911
  C:0045H         LINE#         912
  C:0045H         LINE#         913
  C:0045H         LINE#         914
  C:0048H         LINE#         915
  C:004AH         LINE#         916
  -------         ENDPROC       LED_BAT_LEV_STA_IDLE_HANDLE
  -------         PROC          LED_BAT_LEV_STA_CHARGE_BEGIN_HANDLE
  C:29C9H         LINE#         918
  C:29C9H         LINE#         919
  C:29C9H         LINE#         920
  C:29C9H         LINE#         921
  C:29C9H         LINE#         922
  C:29CCH         LINE#         923
  C:29CEH         LINE#         924
  C:29D3H         LINE#         925
  C:29D7H         LINE#         926
  C:29DDH         LINE#         927
  -------         ENDPROC       LED_BAT_LEV_STA_CHARGE_BEGIN_HANDLE
  -------         PROC          LED_BAT_LEV_STA_CHARGE_BEGIN_ANIM_HANDLE
  C:1FB0H         LINE#         929
  C:1FB0H         LINE#         930
  C:1FB0H         LINE#         931
  C:1FB0H         LINE#         932
  C:1FB5H         LINE#         933
  C:1FB5H         LINE#         934
  C:1FB9H         LINE#         935
  C:1FCAH         LINE#         937
  C:1FCAH         LINE#         938
  C:1FCCH         LINE#         939
  C:1FD2H         LINE#         940
BL51 BANKED LINKER/LOCATER V6.22.4.0                                                  07/31/2026  17:59:09  PAGE 64


  C:1FD3H         LINE#         941
  C:1FE5H         LINE#         943
  C:1FE5H         LINE#         944
  C:1FE7H         LINE#         945
  C:1FEDH         LINE#         946
  C:1FEEH         LINE#         947
  C:2000H         LINE#         949
  C:2000H         LINE#         950
  C:2002H         LINE#         951
  C:2005H         LINE#         952
  C:2007H         LINE#         954
  C:2007H         LINE#         955
  C:200EH         LINE#         958
  C:2014H         LINE#         959
  C:2014H         LINE#         960
  C:2014H         LINE#         961
  -------         ENDPROC       LED_BAT_LEV_STA_CHARGE_BEGIN_ANIM_HANDLE
  -------         PROC          LED_BAT_LEV_STA_CHARGING_HANDLE
  -------         DO            
  X:6220H         SYMBOL        led_quick_fill_cnt
  -------         ENDDO         
  C:115BH         LINE#         963
  C:115BH         LINE#         964
  C:115BH         LINE#         967
  C:115BH         LINE#         970
  C:1167H         LINE#         971
  C:1167H         LINE#         972
  C:116EH         LINE#         975
  C:117FH         LINE#         976
  C:117FH         LINE#         977
  C:117FH         LINE#         978
  C:1184H         LINE#         979
  C:1186H         LINE#         980
  C:1186H         LINE#         981
  C:118BH         LINE#         982
  C:118DH         LINE#         983
  C:118DH         LINE#         984
  C:1192H         LINE#         985
  C:1194H         LINE#         986
  C:1194H         LINE#         987
  C:1199H         LINE#         988
  C:1199H         LINE#         989
  C:1199H         LINE#         990
  C:1199H         LINE#         992
  C:11ABH         LINE#         995
  C:11ABH         LINE#         997
  C:11B4H         LINE#         998
  C:11B4H         LINE#         999
  C:11B8H         LINE#         1000
  C:11BAH         LINE#         1002
  C:11BAH         LINE#         1005
  C:11C8H         LINE#         1006
  C:11C8H         LINE#         1007
  C:11D4H         LINE#         1008
  C:11D4H         LINE#         1010
  C:11E3H         LINE#         1011
  C:11E3H         LINE#         1012
BL51 BANKED LINKER/LOCATER V6.22.4.0                                                  07/31/2026  17:59:09  PAGE 65


  C:11EDH         LINE#         1018
  C:11F3H         LINE#         1019
  C:11F9H         LINE#         1020
  C:11F9H         LINE#         1021
  C:11F9H         LINE#         1022
  C:11FBH         LINE#         1024
  C:11FBH         LINE#         1025
  C:1205H         LINE#         1026
  C:1205H         LINE#         1028
  C:1220H         LINE#         1031
  C:1220H         LINE#         1032
  C:1226H         LINE#         1033
  C:1228H         LINE#         1035
  C:1228H         LINE#         1036
  C:122AH         LINE#         1037
  C:123EH         LINE#         1040
  C:123EH         LINE#         1041
  C:1244H         LINE#         1042
  C:1246H         LINE#         1044
  C:1246H         LINE#         1045
  C:1248H         LINE#         1046
  C:1261H         LINE#         1049
  C:1261H         LINE#         1050
  C:1267H         LINE#         1051
  C:1269H         LINE#         1053
  C:126EH         LINE#         1054
  C:126EH         LINE#         1055
  -------         ENDPROC       LED_BAT_LEV_STA_CHARGING_HANDLE
  -------         PROC          LED_BAT_LEV_STA_CHARGE_END_HANDLE
  C:2A8EH         LINE#         1057
  C:2A8EH         LINE#         1058
  C:2A8EH         LINE#         1060
  C:2A90H         LINE#         1061
  C:2A92H         LINE#         1062
  C:2A94H         LINE#         1063
  C:2A96H         LINE#         1064
  -------         ENDPROC       LED_BAT_LEV_STA_CHARGE_END_HANDLE
  -------         PROC          LED_BAT_LEV_DISLPLAY_1MS_ISR
  C:2601H         LINE#         1066
  C:2601H         LINE#         1067
  C:2601H         LINE#         1068
  C:2621H         LINE#         1069
  C:2621H         LINE#         1070
  C:2621H         LINE#         1071
  C:2624H         LINE#         1072
  C:2624H         LINE#         1073
  C:2624H         LINE#         1074
  C:2627H         LINE#         1075
  C:2627H         LINE#         1077
  C:2627H         LINE#         1078
  C:262AH         LINE#         1079
  C:262AH         LINE#         1081
  C:262AH         LINE#         1082
  C:262DH         LINE#         1083
  C:262DH         LINE#         1085
  C:262DH         LINE#         1086
  C:2630H         LINE#         1087
BL51 BANKED LINKER/LOCATER V6.22.4.0                                                  07/31/2026  17:59:09  PAGE 66


  C:2630H         LINE#         1089
  C:2630H         LINE#         1090
  C:2633H         LINE#         1091
  C:2633H         LINE#         1093
  C:2633H         LINE#         1094
  C:2636H         LINE#         1095
  C:2636H         LINE#         1096
  C:2636H         LINE#         1097
  -------         ENDPROC       LED_BAT_LEV_DISLPLAY_1MS_ISR
  -------         ENDMOD        LED_BAT_LEV

  -------         MODULE        ?C?COPY
  C:011EH         PUBLIC        ?C?COPY
  -------         ENDMOD        ?C?COPY

  -------         MODULE        ?C?CLDPTR
  C:0144H         PUBLIC        ?C?CLDPTR
  -------         ENDMOD        ?C?CLDPTR

  -------         MODULE        ?C?CLDOPTR
  C:015DH         PUBLIC        ?C?CLDOPTR
  -------         ENDMOD        ?C?CLDOPTR

  -------         MODULE        ?C?CILDOPTR
  C:018AH         PUBLIC        ?C?CILDOPTR
  -------         ENDMOD        ?C?CILDOPTR

  -------         MODULE        ?C?CSTOPTR
  C:01BDH         PUBLIC        ?C?CSTOPTR
  -------         ENDMOD        ?C?CSTOPTR

  -------         MODULE        ?C?UIDIV
  C:01DFH         PUBLIC        ?C?UIDIV
  -------         ENDMOD        ?C?UIDIV

  -------         MODULE        ?C?IILDX
  C:0234H         PUBLIC        ?C?IILDX
  -------         ENDMOD        ?C?IILDX

  -------         MODULE        ?C?LADD
  C:024AH         PUBLIC        ?C?LADD
  -------         ENDMOD        ?C?LADD

  -------         MODULE        ?C?ULDIV
  C:0293H         PUBLIC        ?C?ULDIV
  -------         ENDMOD        ?C?ULDIV

  -------         MODULE        ?C?SLCMP
  C:0325H         PUBLIC        ?C?SLCMP
  -------         ENDMOD        ?C?SLCMP

  -------         MODULE        ?C?ULCMP
  C:033BH         PUBLIC        ?C?ULCMP
  -------         ENDMOD        ?C?ULCMP

  -------         MODULE        ?C?LLDXDATA
  C:034CH         PUBLIC        ?C?LLDXDATA
BL51 BANKED LINKER/LOCATER V6.22.4.0                                                  07/31/2026  17:59:09  PAGE 67


  -------         ENDMOD        ?C?LLDXDATA

  -------         MODULE        ?C?LLDXDATA0
  C:0358H         PUBLIC        ?C?LLDXDATA0
  -------         ENDMOD        ?C?LLDXDATA0

  -------         MODULE        ?C?LSTXDATA
  C:0364H         PUBLIC        ?C?LSTXDATA
  -------         ENDMOD        ?C?LSTXDATA

  -------         MODULE        ?C?LSTKXDATA
  C:0370H         PUBLIC        ?C?LSTKXDATA
  -------         ENDMOD        ?C?LSTKXDATA

  -------         MODULE        ?C?PLDXDATA
  C:03A1H         PUBLIC        ?C?PLDXDATA
  -------         ENDMOD        ?C?PLDXDATA

  -------         MODULE        ?C?PSTXDATA
  C:03AAH         PUBLIC        ?C?PSTXDATA
  -------         ENDMOD        ?C?PSTXDATA

  -------         MODULE        ?C?PLDOPTR
  C:03B3H         PUBLIC        ?C?PLDOPTR
  -------         ENDMOD        ?C?PLDOPTR

  -------         MODULE        ?C?CCASE
  C:03E3H         PUBLIC        ?C?CCASE
  -------         ENDMOD        ?C?CCASE

  -------         MODULE        ?C?ICALL
  C:0409H         PUBLIC        ?C?ICALL
  C:040DH         PUBLIC        ?C?ICALL2
  -------         ENDMOD        ?C?ICALL

  -------         MODULE        ?C?LIMUL
  C:040FH         PUBLIC        ?C?LIMUL
  -------         ENDMOD        ?C?LIMUL

  -------         MODULE        ?C?MEMSET
  C:043CH         PUBLIC        ?C?MEMSET
  -------         ENDMOD        ?C?MEMSET

  -------         MODULE        ?C?PLDIDATA
  C:0468H         PUBLIC        ?C?PLDIDATA
  -------         ENDMOD        ?C?PLDIDATA

  -------         MODULE        ?C?PLDPDATA
  C:0471H         PUBLIC        ?C?PLDPDATA
  -------         ENDMOD        ?C?PLDPDATA

  -------         MODULE        ?C?PLDCODE
  C:047AH         PUBLIC        ?C?PLDCODE
  -------         ENDMOD        ?C?PLDCODE

*** WARNING L15: MULTIPLE CALL TO SEGMENT
    SEGMENT: ?PR?_BAT_DISCHARGE_TIME_CNT_UPDATE?BATTERY_MONITOR
BL51 BANKED LINKER/LOCATER V6.22.4.0                                                  07/31/2026  17:59:09  PAGE 68


    CALLER1: ?PR?ADC_IRQHANDLER?ADC
    CALLER2: ?PR?TIMR0_IRQHANDLER?TIMER0

Program Size: data=9.5 xdata=574 code=10958
LINK/LOCATE RUN COMPLETE.  1 WARNING(S),  0 ERROR(S)
