BL51 BANKED LINKER/LOCATER V6.22.4.0                                                    07/16/2026  18:47:25  PAGE 1


BL51 BANKED LINKER/LOCATER V6.22.4.0, INVOKED BY:
C:\KEIL_V5\C51\BIN\BL51.EXE .\Release\Objects\STARTUP.obj, .\Release\Objects\system.obj, .\Release\Objects\adc.obj, .\Re
>> lease\Objects\pwm.obj, .\Release\Objects\timer0.obj, .\Release\Objects\timer1.obj, .\Release\Objects\uart0.obj, .\Rel
>> ease\Objects\main.obj, .\Release\Objects\uart_data_handle.obj, .\Release\Objects\key_driver.obj, .\Release\Objects\ad
>> _key.obj, .\Release\Objects\user_test.obj, .\Release\Objects\led.obj, .\Release\Objects\battery_monitor.obj, .\Releas
>> e\Objects\bluetooth_ic_handle.obj, .\Release\Objects\charge_det.obj, .\Release\Objects\low_power.obj, .\Release\Objec
>> ts\bat_scan.obj, .\Release\Objects\led_bat_lev.obj TO .\Release\Objects\Demo PRINT (.\Release\Listings\Demo.m51) RAMS
>> IZE (256) CODE (0X0000-0X3EEF) XDATA (0X6000-0X66FF)


MEMORY MODEL: LARGE


INPUT MODULES INCLUDED:
  .\Release\Objects\STARTUP.obj (?C_STARTUP)
  .\Release\Objects\system.obj (SYSTEM)
  .\Release\Objects\adc.obj (ADC)
  .\Release\Objects\pwm.obj (PWM)
  .\Release\Objects\timer0.obj (TIMER0)
  .\Release\Objects\timer1.obj (TIMER1)
  .\Release\Objects\uart0.obj (UART0)
  .\Release\Objects\main.obj (MAIN)
  .\Release\Objects\uart_data_handle.obj (UART_DATA_HANDLE)
  .\Release\Objects\key_driver.obj (KEY_DRIVER)
  .\Release\Objects\ad_key.obj (AD_KEY)
  .\Release\Objects\user_test.obj (USER_TEST)
  .\Release\Objects\led.obj (LED)
  .\Release\Objects\battery_monitor.obj (BATTERY_MONITOR)
  .\Release\Objects\bluetooth_ic_handle.obj (BLUETOOTH_IC_HANDLE)
  .\Release\Objects\charge_det.obj (CHARGE_DET)
  .\Release\Objects\low_power.obj (LOW_POWER)
  .\Release\Objects\bat_scan.obj (BAT_SCAN)
  .\Release\Objects\led_bat_lev.obj (LED_BAT_LEV)
  C:\KEIL_V5\C51\LIB\C51L.LIB (?C_INIT)
  C:\KEIL_V5\C51\LIB\C51L.LIB (?C?COPY)
  C:\KEIL_V5\C51\LIB\C51L.LIB (?C?CLDPTR)
  C:\KEIL_V5\C51\LIB\C51L.LIB (?C?CLDOPTR)
  C:\KEIL_V5\C51\LIB\C51L.LIB (?C?CILDOPTR)
  C:\KEIL_V5\C51\LIB\C51L.LIB (?C?CSTOPTR)
  C:\KEIL_V5\C51\LIB\C51L.LIB (?C?UIDIV)
  C:\KEIL_V5\C51\LIB\C51L.LIB (?C?IILDX)
  C:\KEIL_V5\C51\LIB\C51L.LIB (?C?LADD)
  C:\KEIL_V5\C51\LIB\C51L.LIB (?C?ULDIV)
  C:\KEIL_V5\C51\LIB\C51L.LIB (?C?SLCMP)
  C:\KEIL_V5\C51\LIB\C51L.LIB (?C?ULCMP)
  C:\KEIL_V5\C51\LIB\C51L.LIB (?C?LLDXDATA)
  C:\KEIL_V5\C51\LIB\C51L.LIB (?C?LLDXDATA0)
  C:\KEIL_V5\C51\LIB\C51L.LIB (?C?LSTXDATA)
  C:\KEIL_V5\C51\LIB\C51L.LIB (?C?LSTKXDATA)
  C:\KEIL_V5\C51\LIB\C51L.LIB (?C?PLDXDATA)
  C:\KEIL_V5\C51\LIB\C51L.LIB (?C?PSTXDATA)
  C:\KEIL_V5\C51\LIB\C51L.LIB (?C?PLDOPTR)
  C:\KEIL_V5\C51\LIB\C51L.LIB (?C?CCASE)
  C:\KEIL_V5\C51\LIB\C51L.LIB (?C?ICALL)
  C:\KEIL_V5\C51\LIB\C51L.LIB (?C?LIMUL)
  C:\KEIL_V5\C51\LIB\C51L.LIB (PRINTF)
  C:\KEIL_V5\C51\LIB\C51L.LIB (?C?MEMSET)
  C:\KEIL_V5\C51\LIB\C51L.LIB (?C?CSTPTR)
BL51 BANKED LINKER/LOCATER V6.22.4.0                                                  07/16/2026  18:47:25  PAGE 2


  C:\KEIL_V5\C51\LIB\C51L.LIB (?C?PLDIDATA)
  C:\KEIL_V5\C51\LIB\C51L.LIB (?C?PLDIXDATA)
  C:\KEIL_V5\C51\LIB\C51L.LIB (?C?PLDPDATA)
  C:\KEIL_V5\C51\LIB\C51L.LIB (?C?PLDCODE)


LINK MAP OF MODULE:  .\Release\Objects\Demo (?C_STARTUP)


            TYPE    BASE      LENGTH    RELOCATION   SEGMENT NAME
            -----------------------------------------------------

            * * * * * * *   D A T A   M E M O R Y   * * * * * * *
            REG     0000H     0008H     ABSOLUTE     "REG BANK 0"
            DATA    0008H     000AH     UNIT         _DATA_GROUP_
                    0012H     000EH                  *** GAP ***
            BIT     0020H.0   0002H.2   UNIT         _BIT_GROUP_
            BIT     0022H.2   0000H.4   UNIT         ?BI?ADC
            BIT     0022H.6   0000H.1   UNIT         ?BI?CHARGE_DET
                    0022H.7   0000H.1                *** GAP ***
            IDATA   0023H     0001H     UNIT         ?STACK

            * * * * * * *  X D A T A   M E M O R Y  * * * * * * *
                    0000H     6000H                  *** GAP ***
            XDATA   6000H     0086H     UNIT         ?XD?UART0
            XDATA   6086H     005DH     UNIT         _XDATA_GROUP_
            XDATA   60E3H     0039H     UNIT         ?XD?AD_KEY
            XDATA   611CH     0027H     UNIT         ?XD?CHARGE_DET
            XDATA   6143H     0027H     UNIT         ?XD?BAT_SCAN
            XDATA   616AH     001AH     UNIT         ?XD?UART_DATA_HANDLE
            XDATA   6184H     0016H     UNIT         ?XD?LED
            XDATA   619AH     0012H     UNIT         ?XD?BATTERY_MONITOR
            XDATA   61ACH     0009H     UNIT         ?XD?ADC
            XDATA   61B5H     0006H     UNIT         ?XD?LED_BAT_LEV
            XDATA   61BBH     0005H     UNIT         ?XD?LOW_POWER_HANDLE?LOW_POWER
            XDATA   61C0H     0004H     UNIT         ?XD?KEY_DRIVER
            XDATA   61C4H     0004H     UNIT         ?XD?LOW_POWER
            XDATA   61C8H     0003H     UNIT         ?XD?USER_TEST
            XDATA   61CBH     0002H     UNIT         ?XD?BLUETOOTH_IC_HANDLE
            XDATA   61CDH     0002H     UNIT         ?XD?_LED_BAT_LEV_INIT_BY_VOL?LED_BAT_LEV
            XDATA   61CFH     0001H     UNIT         ?XD?_LED_BAT_LEV_INIT?LED_BAT_LEV

            * * * * * * *   C O D E   M E M O R Y   * * * * * * *
            CODE    0000H     0003H     ABSOLUTE     
            CODE    0003H     000CH     ABSOLUTE     
            CODE    000FH     000FH     UNIT         ?PR?UART_RECEIVER_TIMEOUT_ADD?UART_DATA_HANDLE
            CODE    001EH     0003H     ABSOLUTE     
            CODE    0021H     0003H     ABSOLUTE     
            CODE    0024H     001BH     UNIT         ?PR?_ADC_CLEAR_UPDATE_FLAG?ADC
            CODE    003FH     0003H     ABSOLUTE     
            CODE    0042H     0003H     ABSOLUTE     
            CODE    0045H     0006H     UNIT         ?PR?_LED_BAT_LEV_INIT?LED_BAT_LEV
            CODE    004BH     0003H     ABSOLUTE     
            CODE    004EH     0461H     UNIT         ?C?LIB_CODE
            CODE    04AFH     0365H     UNIT         ?PR?PRINTF?PRINTF
            CODE    0814H     0217H     UNIT         ?PR?LED_BAT_LEV_STA_DISCHARGE_HANDLE?LED_BAT_LEV
            CODE    0A2BH     0213H     UNIT         ?C_INITSEG
BL51 BANKED LINKER/LOCATER V6.22.4.0                                                  07/16/2026  18:47:25  PAGE 3


            CODE    0C3EH     01AAH     UNIT         ?PR?DETECT_1KHZ_SIGNAL_100US?CHARGE_DET
            CODE    0DE8H     0193H     UNIT         ?PR?_KEY_DRIVER_SCAN?KEY_DRIVER
            CODE    0F7BH     0157H     UNIT         ?PR?DETECT_DISCHARGE_1KHZ_SIGNAL_100US?CHARGE_DET
            CODE    10D2H     014EH     UNIT         ?PR?LOW_POWER_HANDLE?LOW_POWER
            CODE    1220H     012BH     UNIT         ?PR?CHARGE_DET?CHARGE_DET
            CODE    134BH     0111H     UNIT         ?PR?LED_SLOW_ADJUST_ISR?LED
            CODE    145CH     010BH     UNIT         ?PR?LOW_POWER_IN?LOW_POWER
            CODE    1567H     00EAH     UNIT         ?PR?LED_RED_BLUE_FLASH_1MS_ISR?LED
            CODE    1651H     00DAH     UNIT         ?CO?UART_DATA_HANDLE
            CODE    172BH     00CFH     UNIT         ?PR?SYSTEM_INIT?SYSTEM
            CODE    17FAH     00B9H     UNIT         ?PR?BATTERY_VOLTAGE_UPDATE_BY_ISR?BAT_SCAN
            CODE    18B3H     00B5H     UNIT         ?PR?UART_DATA_HANDLE?UART_DATA_HANDLE
            CODE    1968H     00ADH     UNIT         ?PR?AD_KEY_HANDLE?AD_KEY
            CODE    1A15H     00A9H     UNIT         ?PR?_UART_RECEIVER_PROCESS_BYTE?UART_DATA_HANDLE
            CODE    1ABEH     0096H     UNIT         ?PR?BATTERY_MONITOR_HANDLE?BATTERY_MONITOR
            CODE    1B54H     0093H     UNIT         ?PR?LED
            CODE    1BE7H     008CH     UNIT         ?C_C51STARTUP
            CODE    1C73H     008BH     UNIT         ?PR?PWM_INIT?PWM
            CODE    1CFEH     0087H     UNIT         ?PR?ADC_IRQHANDLER?ADC
            CODE    1D85H     0075H     UNIT         ?PR?BATTTERY_MONITOR_1MS_ISR?BATTERY_MONITOR
            CODE    1DFAH     0074H     UNIT         ?PR?_LED_STATUS_SET?LED
            CODE    1E6EH     006FH     UNIT         ?PR?TIMR0_IRQHANDLER?TIMER0
            CODE    1EDDH     006AH     UNIT         ?CO?LOW_POWER
            CODE    1F47H     0066H     UNIT         ?PR?ADC_SCAN?ADC
            CODE    1FADH     005FH     UNIT         ?PR?SEND_LOW_BAT_TIMER_CALLBACK?BATTERY_MONITOR
            CODE    200CH     005DH     UNIT         ?PR?LED_BAT_LEV_HANDLE?LED_BAT_LEV
            CODE    2069H     0059H     UNIT         ?PR?UART_RECEIVER_TIMEOUT_HANDLER?UART_DATA_HANDLE
            CODE    20C2H     004EH     UNIT         ?PR?LED_INIT?LED
            CODE    2110H     004DH     UNIT         ?PR?MAIN?MAIN
            CODE    215DH     004CH     UNIT         ?PR?_AD_KEY_VAL_TO_AD_KEY_INDEX?AD_KEY
            CODE    21A9H     004BH     UNIT         ?PR?_ADC_CHANNEL_SEL?ADC
            CODE    21F4H     004AH     UNIT         ?PR?_AD_KEY_GET_EVENT?AD_KEY
            CODE    223EH     004AH     UNIT         ?PR?LOW_POWER_OUT?LOW_POWER
            CODE    2288H     0048H     UNIT         ?PR?TIMR1_IRQHANDLER?TIMER1
            CODE    22D0H     0047H     UNIT         ?PR?_UART0_RXBUFFER_PUT_BYTE?UART0
            CODE    2317H     0046H     UNIT         ?PR?BAT_VOL_HISTORY_BUFF_GET_AVG?BAT_SCAN
            CODE    235DH     0045H     UNIT         ?PR?_UART_DATA_SEND_CMD?UART_DATA_HANDLE
            CODE    23A2H     0042H     UNIT         ?PR?UART0_RXBUFFER_GET_BYTE?UART0
            CODE    23E4H     003DH     UNIT         ?PR?_ADC_UPDATE_VAL?ADC
            CODE    2421H     003BH     UNIT         ?PR?BAT_VOL_HISTORY_BUFF_ADD_TIMER_CALLBACK?BAT_SCAN
            CODE    245CH     003BH     UNIT         ?PR?BAT_SCAN
            CODE    2497H     003AH     UNIT         ?PR?UART0_INIT?UART0
            CODE    24D1H     0039H     UNIT         ?CO?BATTERY_MONITOR
            CODE    250AH     0039H     UNIT         ?PR?BAT_VOL_UPDATE_TIMER_CALLBACK?BAT_SCAN
            CODE    2543H     0037H     UNIT         ?PR?UART_DATA_HANDLE
            CODE    257AH     0036H     UNIT         ?PR?UART_RECEIVER_PROCESS_CHECKSUM?UART_DATA_HANDLE
            CODE    25B0H     0034H     UNIT         ?PR?UART0_IRQHANDLER?UART0
            CODE    25E4H     0033H     UNIT         ?PR?AD_KEY_GET_KEY_VAL?AD_KEY
            CODE    2617H     0030H     UNIT         ?PR?BAT_SCAN?BAT_SCAN
            CODE    2647H     002FH     UNIT         ?PR?LOW_POWER_ENTER_TIMER_CALLBACK?LOW_POWER
            CODE    2676H     002EH     UNIT         ?PR?_ADC_GET_VAL?ADC
            CODE    26A4H     002EH     UNIT         ?PR?ADC
            CODE    26D2H     002EH     UNIT         ?PR?LED_BAT_LEV
            CODE    2700H     002DH     UNIT         ?PR?USER_INIT?MAIN
            CODE    272DH     002CH     UNIT         ?PR?BATTERY_MONITOR
            CODE    2759H     002BH     UNIT         ?PR?CHARGE_DET
            CODE    2784H     002AH     UNIT         ?PR?LED_STATUS_SWITCH?LED
BL51 BANKED LINKER/LOCATER V6.22.4.0                                                  07/16/2026  18:47:25  PAGE 4


            CODE    27AEH     0029H     UNIT         ?CO?BLUETOOTH_IC_HANDLE
            CODE    27D7H     0028H     UNIT         ?CO?BAT_SCAN
            CODE    27FFH     0025H     UNIT         ?PR?_ADC_GET_UPDATE_FLAG?ADC
            CODE    2824H     0024H     UNIT         ?PR?IS_LOW_POWER_CONDITION_ESTABLISH?LOW_POWER
            CODE    2848H     0023H     UNIT         ?PR?_UART0_SENDBUF?UART0
            CODE    286BH     0023H     UNIT         ?PR?BAT_GET_AVG_VOL_PERIOD_ADD?BAT_SCAN
            CODE    288EH     0022H     UNIT         ?PR?ADC_INIT?ADC
            CODE    28B0H     0022H     UNIT         ?PR?_GET_BATTERY_VOLTAGE_BY_ADC?BAT_SCAN
            CODE    28D2H     0022H     UNIT         ?PR?_BAT_VOL_HISTORY_BUFF_ADD?BAT_SCAN
            CODE    28F4H     0021H     UNIT         ?PR?KEY_DRIVER
            CODE    2915H     0021H     UNIT         ?PR?DEBUG_TIME_ADD?USER_TEST
            CODE    2936H     001DH     UNIT         ?CO?AD_KEY
            CODE    2953H     001DH     UNIT         ?PR?BLE_IC_ENABLE?BLUETOOTH_IC_HANDLE
            CODE    2970H     001BH     UNIT         ?PR?TIMER0_INIT?TIMER0
            CODE    298BH     001BH     UNIT         ?PR?TIMER1_INIT?TIMER1
            CODE    29A6H     001AH     UNIT         ?PR?BLUETOOTH_IC_HANDLE_INIT?BLUETOOTH_IC_HANDLE
            CODE    29C0H     0019H     UNIT         ?PR?CHARGE_DET_INIT?CHARGE_DET
            CODE    29D9H     0018H     UNIT         ?PR?_DELAY_MS?SYSTEM
            CODE    29F1H     0018H     UNIT         ?PR?WUT_IRQHANDLER?LOW_POWER
            CODE    2A09H     0017H     UNIT         ?PR?ADC_GET_VAL_ONCE?ADC
            CODE    2A20H     0017H     UNIT         ?PR?LOW_POWER
            CODE    2A37H     0016H     UNIT         ?PR?PWM
            CODE    2A4DH     0016H     UNIT         ?PR?_BAT_VOL_HISTORY_BUFF_INIT?BAT_SCAN
            CODE    2A63H     0015H     UNIT         ?PR?LED_BAT_LEV_DISLPLAY_1MS_ISR?LED_BAT_LEV
            CODE    2A78H     0012H     UNIT         ?PR?ADC_INIT_WHEN_LOW_PWR_OUT?ADC
            CODE    2A8AH     0012H     UNIT         ?PR?UART_RECEIVER_RESET?UART_DATA_HANDLE
            CODE    2A9CH     0012H     UNIT         ?PR?USER_DEBUG_PIN_INIT?USER_TEST
            CODE    2AAEH     0011H     UNIT         ?PR?ADC_PIN_INIT?ADC
            CODE    2ABFH     0010H     UNIT         ?PR?BLE_IC_DISABLE_POST?BLUETOOTH_IC_HANDLE
            CODE    2ACFH     000FH     UNIT         ?PR?AD_KEY
            CODE    2ADEH     000FH     UNIT         ?PR?LED_CTL_INIT?LED
            CODE    2AEDH     000EH     UNIT         ?PR?BLE_IC_DISABLE_PRE?BLUETOOTH_IC_HANDLE
            CODE    2AFBH     000DH     UNIT         ?PR?LED_YELLOW_ON?LED
            CODE    2B08H     000DH     UNIT         ?PR?LED_WHITE_ON?LED
            CODE    2B15H     000BH     UNIT         ?PR?_DELAY?SYSTEM
            CODE    2B20H     000AH     UNIT         ?CO?MAIN
            CODE    2B2AH     0009H     UNIT         ?PR?_PWM_SET_CHANNEL_0_DUTY?PWM
            CODE    2B33H     0009H     UNIT         ?PR?_PWM_SET_CHANNEL_1_DUTY?PWM
            CODE    2B3CH     0009H     UNIT         ?PR?UART0_RXBUFFER_GET_COUNT?UART0
            CODE    2B45H     0009H     UNIT         ?PR?_LED_BAT_LEV_INIT_BY_VOL?LED_BAT_LEV
            CODE    2B4EH     0008H     UNIT         ?PR?_PUTCHAR?UART0
            CODE    2B56H     0008H     UNIT         ?PR?_UART0_SENDBYTE?UART0
            CODE    2B5EH     0008H     UNIT         ?PR?LED_YELLOW_OFF?LED
            CODE    2B66H     0008H     UNIT         ?PR?LED_WHITE_OFF?LED
            CODE    2B6EH     0007H     UNIT         ?PR?UART0
            CODE    2B75H     0003H     UNIT         ?PR?CHARGE_DET_TIME_ADD?CHARGE_DET
            CODE    2B78H     0001H     UNIT         ?PR?LED_BAT_INSTRUCTION_TIMER_CALLBACK?LED
            CODE    2B79H     0001H     UNIT         ?PR?LED_BAT_LEV_STA_CHARGE_BEGIN_ANIM_HANDLE?LED_BAT_LEV
            CODE    2B7AH     0001H     UNIT         ?PR?LED_BAT_LEV_STA_CHARGING_HANDLE?LED_BAT_LEV



OVERLAY MAP OF MODULE:   .\Release\Objects\Demo (?C_STARTUP)


SEGMENT                                             BIT_GROUP          DATA_GROUP          XDATA_GROUP
  +--> CALLED SEGMENT                            START    LENGTH     START    LENGTH     START    LENGTH
BL51 BANKED LINKER/LOCATER V6.22.4.0                                                  07/16/2026  18:47:25  PAGE 5


--------------------------------------------------------------------------------------------------------
?C_C51STARTUP                                    -----    -----      -----    -----      -----    -----
  +--> ?PR?MAIN?MAIN
  +--> ?C_INITSEG

?PR?MAIN?MAIN                                    -----    -----      -----    -----      -----    -----
  +--> ?PR?SYSTEM_INIT?SYSTEM
  +--> ?PR?USER_INIT?MAIN
  +--> ?PR?_DELAY_MS?SYSTEM
  +--> ?PR?_KEY_DRIVER_SCAN?KEY_DRIVER
  +--> ?PR?AD_KEY_HANDLE?AD_KEY
  +--> ?PR?UART_DATA_HANDLE?UART_DATA_HANDLE
  +--> ?PR?CHARGE_DET?CHARGE_DET
  +--> ?PR?BAT_SCAN?BAT_SCAN
  +--> ?PR?LED_BAT_LEV_HANDLE?LED_BAT_LEV

?PR?SYSTEM_INIT?SYSTEM                           -----    -----      -----    -----      -----    -----
  +--> ?PR?_DELAY?SYSTEM
  +--> ?PR?_DELAY_MS?SYSTEM

?PR?_DELAY_MS?SYSTEM                             -----    -----      -----    -----      -----    -----
  +--> ?PR?_DELAY?SYSTEM

?PR?USER_INIT?MAIN                               -----    -----      -----    -----      -----    -----
  +--> ?PR?ADC_PIN_INIT?ADC
  +--> ?PR?ADC_INIT?ADC
  +--> ?PR?LED_INIT?LED
  +--> ?PR?UART0_INIT?UART0
  +--> ?PR?PWM_INIT?PWM
  +--> ?PR?BLUETOOTH_IC_HANDLE_INIT?BLUETOOT...
  +--> ?PR?UART_RECEIVER_RESET?UART_DATA_HANDLE
  +--> ?PR?LED_CTL_INIT?LED
  +--> ?PR?CHARGE_DET_INIT?CHARGE_DET
  +--> ?PR?TIMER0_INIT?TIMER0
  +--> ?PR?TIMER1_INIT?TIMER1
  +--> ?PR?USER_DEBUG_PIN_INIT?USER_TEST
  +--> ?CO?MAIN
  +--> ?PR?PRINTF?PRINTF

?PR?ADC_INIT?ADC                                 -----    -----      -----    -----      -----    -----
  +--> ?PR?_DELAY_MS?SYSTEM

?PR?LED_INIT?LED                                 -----    -----      -----    -----      -----    -----
  +--> ?PR?LED

?PR?PWM_INIT?PWM                                 -----    -----      -----    -----      -----    -----
  +--> ?PR?PWM

?PR?PRINTF?PRINTF                                0021H.1  0001H.1    000DH    0005H      60B7H    0028H
  +--> ?PR?_PUTCHAR?UART0

?PR?_KEY_DRIVER_SCAN?KEY_DRIVER                  -----    -----      -----    -----      6086H    0002H
  +--> ?PR?KEY_DRIVER

?PR?AD_KEY_HANDLE?AD_KEY                         -----    -----      -----    -----      6086H    0001H
  +--> ?PR?_AD_KEY_GET_EVENT?AD_KEY
  +--> ?CO?AD_KEY
BL51 BANKED LINKER/LOCATER V6.22.4.0                                                  07/16/2026  18:47:25  PAGE 6


  +--> ?PR?PRINTF?PRINTF
  +--> ?PR?LED_STATUS_SWITCH?LED
  +--> ?PR?_UART_DATA_SEND_CMD?UART_DATA_HANDLE
  +--> ?PR?BLE_IC_DISABLE_PRE?BLUETOOTH_IC_H...
  +--> ?PR?BLE_IC_ENABLE?BLUETOOTH_IC_HANDLE

?PR?_AD_KEY_GET_EVENT?AD_KEY                     -----    -----      -----    -----      -----    -----
  +--> ?PR?AD_KEY

?PR?LED_STATUS_SWITCH?LED                        -----    -----      -----    -----      -----    -----
  +--> ?PR?_LED_STATUS_SET?LED

?PR?_LED_STATUS_SET?LED                          -----    -----      -----    -----      6087H    0001H
  +--> ?PR?LED_YELLOW_OFF?LED
  +--> ?PR?LED_WHITE_OFF?LED
  +--> ?PR?LED_WHITE_ON?LED
  +--> ?PR?LED_YELLOW_ON?LED

?PR?LED_WHITE_ON?LED                             -----    -----      -----    -----      -----    -----
  +--> ?PR?_PWM_SET_CHANNEL_1_DUTY?PWM

?PR?_PWM_SET_CHANNEL_1_DUTY?PWM                  -----    -----      -----    -----      -----    -----
  +--> ?PR?PWM

?PR?LED_YELLOW_ON?LED                            -----    -----      -----    -----      -----    -----
  +--> ?PR?_PWM_SET_CHANNEL_0_DUTY?PWM

?PR?_PWM_SET_CHANNEL_0_DUTY?PWM                  -----    -----      -----    -----      -----    -----
  +--> ?PR?PWM

?PR?_UART_DATA_SEND_CMD?UART_DATA_HANDLE         -----    -----      -----    -----      6087H    0009H
  +--> ?CO?UART_DATA_HANDLE
  +--> ?PR?_UART0_SENDBUF?UART0

?PR?_UART0_SENDBUF?UART0                         -----    -----      -----    -----      6090H    0003H
  +--> ?PR?_UART0_SENDBYTE?UART0

?PR?BLE_IC_DISABLE_PRE?BLUETOOTH_IC_H...         -----    -----      -----    -----      -----    -----
  +--> ?PR?_UART_DATA_SEND_CMD?UART_DATA_HANDLE
  +--> ?CO?BLUETOOTH_IC_HANDLE
  +--> ?PR?PRINTF?PRINTF

?PR?BLE_IC_ENABLE?BLUETOOTH_IC_HANDLE            -----    -----      -----    -----      -----    -----
  +--> ?PR?_DELAY_MS?SYSTEM
  +--> ?PR?_UART_DATA_SEND_CMD?UART_DATA_HANDLE
  +--> ?CO?BLUETOOTH_IC_HANDLE
  +--> ?PR?PRINTF?PRINTF

?PR?UART_DATA_HANDLE?UART_DATA_HANDLE            -----    -----      -----    -----      6086H    0002H
  +--> ?PR?UART_RECEIVER_RESET?UART_DATA_HANDLE
  +--> ?PR?UART_RECEIVER_TIMEOUT_HANDLER?UAR...
  +--> ?PR?UART0_RXBUFFER_GET_COUNT?UART0
  +--> ?PR?UART0_RXBUFFER_GET_BYTE?UART0
  +--> ?PR?_UART_RECEIVER_PROCESS_BYTE?UART_...
  +--> ?CO?UART_DATA_HANDLE
  +--> ?PR?PRINTF?PRINTF
  +--> ?PR?UART_DATA_HANDLE
BL51 BANKED LINKER/LOCATER V6.22.4.0                                                  07/16/2026  18:47:25  PAGE 7


  +--> ?PR?BLE_IC_DISABLE_POST?BLUETOOTH_IC_...

?PR?UART_RECEIVER_TIMEOUT_HANDLER?UAR...         -----    -----      -----    -----      6088H    0001H
  +--> ?CO?UART_DATA_HANDLE
  +--> ?PR?UART_DATA_HANDLE
  +--> ?PR?PRINTF?PRINTF
  +--> ?PR?UART_RECEIVER_RESET?UART_DATA_HANDLE

?PR?UART0_RXBUFFER_GET_BYTE?UART0                -----    -----      -----    -----      -----    -----
  +--> ?PR?UART0

?PR?_UART_RECEIVER_PROCESS_BYTE?UART_...         -----    -----      -----    -----      6088H    0001H
  +--> ?PR?UART_DATA_HANDLE
  +--> ?PR?UART_RECEIVER_PROCESS_CHECKSUM?UA...

?PR?UART_RECEIVER_PROCESS_CHECKSUM?UA...         -----    -----      -----    -----      -----    -----
  +--> ?PR?UART_DATA_HANDLE
  +--> ?CO?UART_DATA_HANDLE
  +--> ?PR?PRINTF?PRINTF

?PR?BLE_IC_DISABLE_POST?BLUETOOTH_IC_...         -----    -----      -----    -----      -----    -----
  +--> ?CO?BLUETOOTH_IC_HANDLE
  +--> ?PR?PRINTF?PRINTF

?PR?CHARGE_DET?CHARGE_DET                        -----    -----      -----    -----      6086H    0002H
  +--> ?PR?_ADC_GET_UPDATE_FLAG?ADC
  +--> ?PR?_ADC_CLEAR_UPDATE_FLAG?ADC
  +--> ?PR?_ADC_GET_VAL?ADC
  +--> ?PR?CHARGE_DET

?PR?BAT_SCAN?BAT_SCAN                            -----    -----      -----    -----      -----    -----
  +--> ?PR?BAT_SCAN
  +--> ?PR?BAT_VOL_HISTORY_BUFF_GET_AVG?BAT_...
  +--> ?PR?PRINTF?PRINTF

?PR?BAT_SCAN                                     -----    -----      -----    -----      -----    -----
  +--> ?CO?BAT_SCAN

?PR?BAT_VOL_HISTORY_BUFF_GET_AVG?BAT_...         -----    -----      -----    -----      6086H    0005H
  +--> ?PR?BAT_SCAN

?C_INITSEG                                       -----    -----      -----    -----      -----    -----
  +--> ?PR?AD_KEY_GET_KEY_VAL?AD_KEY

?PR?AD_KEY_GET_KEY_VAL?AD_KEY                    -----    -----      -----    -----      6086H    0001H
  +--> ?PR?_ADC_GET_UPDATE_FLAG?ADC
  +--> ?PR?_ADC_CLEAR_UPDATE_FLAG?ADC
  +--> ?PR?_ADC_GET_VAL?ADC
  +--> ?PR?_AD_KEY_VAL_TO_AD_KEY_INDEX?AD_KEY

?PR?_AD_KEY_VAL_TO_AD_KEY_INDEX?AD_KEY           -----    -----      -----    -----      6087H    0002H

*** NEW ROOT ***************************************************

?PR?ADC_IRQHANDLER?ADC                           -----    -----      -----    -----      60B1H    0002H
  +--> ?PR?ADC
  +--> ?PR?_ADC_UPDATE_VAL?ADC
BL51 BANKED LINKER/LOCATER V6.22.4.0                                                  07/16/2026  18:47:25  PAGE 8


  +--> ?PR?BATTERY_VOLTAGE_UPDATE_BY_ISR?BAT...

?PR?ADC                                          -----    -----      -----    -----      -----    -----
  +--> ?PR?_ADC_CHANNEL_SEL?ADC

?PR?BATTERY_VOLTAGE_UPDATE_BY_ISR?BAT...         -----    -----      -----    -----      60B3H    0004H
  +--> ?PR?_ADC_GET_UPDATE_FLAG?ADC
  +--> ?PR?_ADC_CLEAR_UPDATE_FLAG?ADC
  +--> ?PR?_ADC_GET_VAL?ADC
  +--> ?PR?_GET_BATTERY_VOLTAGE_BY_ADC?BAT_SCAN
  +--> ?PR?BAT_SCAN
  +--> ?PR?_BAT_VOL_HISTORY_BUFF_INIT?BAT_SCAN
  +--> ?CO?BAT_SCAN
  +--> ?PR?PRINTF?PRINTF

?PR?_BAT_VOL_HISTORY_BUFF_INIT?BAT_SCAN          -----    -----      -----    -----      -----    -----
  +--> ?PR?BAT_SCAN

*** NEW ROOT ***************************************************

?PR?TIMR0_IRQHANDLER?TIMER0                      -----    -----      -----    -----      -----    -----
  +--> ?PR?ADC_SCAN?ADC
  +--> ?PR?CHARGE_DET_TIME_ADD?CHARGE_DET
  +--> ?PR?UART_RECEIVER_TIMEOUT_ADD?UART_DA...
  +--> ?PR?BAT_VOL_UPDATE_TIMER_CALLBACK?BAT...
  +--> ?PR?BAT_VOL_HISTORY_BUFF_ADD_TIMER_CA...
  +--> ?PR?BAT_GET_AVG_VOL_PERIOD_ADD?BAT_SCAN
  +--> ?PR?LED_SLOW_ADJUST_ISR?LED
  +--> ?PR?LED_RED_BLUE_FLASH_1MS_ISR?LED
  +--> ?PR?LED_BAT_INSTRUCTION_TIMER_CALLBAC...
  +--> ?PR?LOW_POWER_ENTER_TIMER_CALLBACK?LO...
  +--> ?PR?SEND_LOW_BAT_TIMER_CALLBACK?BATTE...
  +--> ?PR?LED_BAT_LEV_DISLPLAY_1MS_ISR?LED_...
  +--> ?PR?DEBUG_TIME_ADD?USER_TEST

?PR?ADC_SCAN?ADC                                 -----    -----      -----    -----      -----    -----
  +--> ?PR?ADC

?PR?BAT_VOL_HISTORY_BUFF_ADD_TIMER_CA...         -----    -----      -----    -----      -----    -----
  +--> ?PR?BAT_SCAN
  +--> ?PR?_BAT_VOL_HISTORY_BUFF_ADD?BAT_SCAN

?PR?_BAT_VOL_HISTORY_BUFF_ADD?BAT_SCAN           -----    -----      -----    -----      -----    -----
  +--> ?PR?BAT_SCAN

?PR?BAT_GET_AVG_VOL_PERIOD_ADD?BAT_SCAN          -----    -----      -----    -----      -----    -----
  +--> ?PR?BAT_SCAN

?PR?LED_SLOW_ADJUST_ISR?LED                      -----    -----      -----    -----      -----    -----
  +--> ?PR?LED
  +--> ?PR?_PWM_SET_CHANNEL_0_DUTY?PWM
  +--> ?PR?_PWM_SET_CHANNEL_1_DUTY?PWM

?PR?LED_RED_BLUE_FLASH_1MS_ISR?LED               -----    -----      -----    -----      60DFH    0002H
  +--> ?PR?LED

?PR?LOW_POWER_ENTER_TIMER_CALLBACK?LO...         -----    -----      -----    -----      -----    -----
BL51 BANKED LINKER/LOCATER V6.22.4.0                                                  07/16/2026  18:47:25  PAGE 9


  +--> ?PR?IS_LOW_POWER_CONDITION_ESTABLISH?...
  +--> ?PR?LOW_POWER

?PR?SEND_LOW_BAT_TIMER_CALLBACK?BATTE...         -----    -----      -----    -----      -----    -----
  +--> ?PR?BATTERY_MONITOR

?PR?LED_BAT_LEV_DISLPLAY_1MS_ISR?LED_...         -----    -----      -----    -----      -----    -----
  +--> ?PR?LED_BAT_LEV_STA_CHARGING_HANDLE?L...
  +--> ?PR?LED_BAT_LEV_STA_DISCHARGE_HANDLE?...

?PR?LED_BAT_LEV_STA_DISCHARGE_HANDLE?...         -----    -----      -----    -----      60DFH    0001H
  +--> ?PR?LED_BAT_LEV

*** NEW ROOT ***************************************************

?PR?TIMR1_IRQHANDLER?TIMER1                      -----    -----      -----    -----      -----    -----
  +--> ?PR?DETECT_1KHZ_SIGNAL_100US?CHARGE_DET
  +--> ?PR?DETECT_DISCHARGE_1KHZ_SIGNAL_100U...

?PR?DETECT_1KHZ_SIGNAL_100US?CHARGE_DET          -----    -----      -----    -----      60E1H    0001H
  +--> ?PR?CHARGE_DET

?PR?DETECT_DISCHARGE_1KHZ_SIGNAL_100U...         -----    -----      -----    -----      60E1H    0001H
  +--> ?PR?CHARGE_DET

*** NEW ROOT ***************************************************

?PR?UART0_IRQHANDLER?UART0                       -----    -----      -----    -----      60E2H    0001H
  +--> ?PR?_UART0_RXBUFFER_PUT_BYTE?UART0

?PR?_UART0_RXBUFFER_PUT_BYTE?UART0               -----    -----      -----    -----      -----    -----
  +--> ?PR?UART0



SYMBOL TABLE OF MODULE:  .\Release\Objects\Demo (?C_STARTUP)

  VALUE           TYPE          NAME
  ----------------------------------

  -------         MODULE        ?C_STARTUP
  C:1BE7H         SEGMENT       ?C_C51STARTUP
  I:0023H         SEGMENT       ?STACK
  C:0000H         PUBLIC        ?C_STARTUP
  D:00E0H         SYMBOL        ACC
  D:00F0H         SYMBOL        B
  D:0083H         SYMBOL        DPH
  D:0082H         SYMBOL        DPL
  N:0000H         SYMBOL        IBPSTACK
  N:0100H         SYMBOL        IBPSTACKTOP
  N:0080H         SYMBOL        IDATALEN
  C:1BEAH         SYMBOL        IDATALOOP
  N:0000H         SYMBOL        PBPSTACK
  N:0100H         SYMBOL        PBPSTACKTOP
  N:0000H         SYMBOL        PDATALEN
  N:0000H         SYMBOL        PDATASTART
  N:0000H         SYMBOL        PPAGE
BL51 BANKED LINKER/LOCATER V6.22.4.0                                                  07/16/2026  18:47:25  PAGE 10


  N:0000H         SYMBOL        PPAGEENABLE
  D:00A0H         SYMBOL        PPAGE_SFR
  D:0081H         SYMBOL        SP
  C:1BE7H         SYMBOL        STARTUP1
  N:0000H         SYMBOL        XBPSTACK
  N:0000H         SYMBOL        XBPSTACKTOP
  N:0000H         SYMBOL        XDATALEN
  N:0000H         SYMBOL        XDATASTART
  C:0000H         LINE#         126
  C:1BE7H         LINE#         133
  C:1BE9H         LINE#         134
  C:1BEAH         LINE#         135
  C:1BEBH         LINE#         136
  C:1BEDH         LINE#         185
  C:1BF0H         LINE#         196
  -------         ENDMOD        ?C_STARTUP

  -------         MODULE        SYSTEM
  C:0000H         SYMBOL        _ICE_DUMMY_
  D:00A7H         PUBLIC        FLASH_TIMEREG0
  D:00ACH         PUBLIC        FLASH_TIMEREG1
  C:2B15H         PUBLIC        _delay
  C:29D9H         PUBLIC        _delay_ms
  C:172BH         PUBLIC        system_init
  -------         PROC          _DELAY
  D:0006H         SYMBOL        cnt
  C:2B15H         LINE#         37
  C:2B15H         LINE#         38
  C:2B15H         LINE#         39
  C:2B1FH         LINE#         40
  C:2B1FH         LINE#         41
  C:2B1FH         LINE#         42
  -------         ENDPROC       _DELAY
  -------         PROC          _DELAY_MS
  D:0002H         SYMBOL        ms
  C:29D9H         LINE#         49
  C:29DDH         LINE#         50
  C:29DDH         LINE#         51
  C:29E7H         LINE#         52
  C:29E7H         LINE#         53
  C:29EEH         LINE#         54
  C:29F0H         LINE#         55
  -------         ENDPROC       _DELAY_MS
  -------         PROC          SYSTEM_INIT
  -------         DO            
  D:0007H         SYMBOL        i
  -------         ENDDO         
  C:172BH         LINE#         62
  C:172BH         LINE#         63
  C:172BH         LINE#         66
  C:1732H         LINE#         67
  C:173FH         LINE#         68
  C:1742H         LINE#         69
  C:1745H         LINE#         70
  C:174BH         LINE#         71
  C:1751H         LINE#         72
  C:1757H         LINE#         76
BL51 BANKED LINKER/LOCATER V6.22.4.0                                                  07/16/2026  18:47:25  PAGE 11


  C:1759H         LINE#         77
  C:1759H         LINE#         78
  C:1766H         LINE#         79
  C:176BH         LINE#         81
  C:17F9H         LINE#         82
  -------         ENDPROC       SYSTEM_INIT
  -------         ENDMOD        SYSTEM

  -------         MODULE        ADC
  C:0000H         SYMBOL        _ICE_DUMMY_
  D:00A8H         PUBLIC        IE0
  D:00A9H         PUBLIC        IE1
  D:00AAH         PUBLIC        IE2
  D:00ABH         PUBLIC        IE3
  B:00A8H.7       PUBLIC        IE_EA
  D:00B8H         PUBLIC        IP0
  D:00B1H         PUBLIC        IP1
  D:00B2H         PUBLIC        IP2
  D:00B3H         PUBLIC        IP3
  D:00B4H         PUBLIC        IP4
  D:00B5H         PUBLIC        IP5
  D:00B6H         PUBLIC        IP6
  D:00B7H         PUBLIC        IP7
  D:0093H         PUBLIC        ADC_DATAH0
  D:0094H         PUBLIC        ADC_DATAL0
  D:0099H         PUBLIC        ADC_CHS0
  X:61ACH         PUBLIC        cur_adc_status
  C:2AAEH         PUBLIC        adc_pin_init
  C:288EH         PUBLIC        adc_init
  C:1F47H         PUBLIC        adc_scan
  C:2A78H         PUBLIC        adc_init_when_low_pwr_out
  C:23E4H         PUBLIC        _adc_update_val
  C:2676H         PUBLIC        _adc_get_val
  C:27FFH         PUBLIC        _adc_get_update_flag
  C:0024H         PUBLIC        _adc_clear_update_flag
  C:21A9H         PUBLIC        _adc_channel_sel
  C:2A09H         PUBLIC        adc_get_val_once
  X:61ADH         SYMBOL        adc_adkey_val
  B:0022H.2       SYMBOL        flag_is_adkey_val_update
  X:61AFH         SYMBOL        adc_bat_det_val
  B:0022H.3       SYMBOL        flag_is_adc_bat_det_val_update
  X:61B1H         SYMBOL        adc_solar_det_val
  B:0022H.4       SYMBOL        flag_is_adc_solar_det_val_update
  X:61B3H         SYMBOL        adc_type_c_det_val
  B:0022H.5       SYMBOL        flag_is_adc_type_c_det_val_update
  C:1CFEH         PUBLIC        ADC_IRQHandler
  C:26A4H         SYMBOL        Com0067
  C:26A4H         SYMBOL        L?0104
  C:26A4H         SYMBOL        L?0105
  C:26AEH         SYMBOL        L?0106
  C:26AEH         SYMBOL        L?0107
  C:26B7H         SYMBOL        L?0108
  C:26B7H         SYMBOL        L?0109
  C:26BEH         SYMBOL        L?0110
  C:26C8H         SYMBOL        L?0111
  -------         PROC          COM0067
  -------         ENDPROC       COM0067
BL51 BANKED LINKER/LOCATER V6.22.4.0                                                  07/16/2026  18:47:25  PAGE 12


  -------         PROC          ADC_PIN_INIT
  C:2AAEH         LINE#         26
  C:2AAEH         LINE#         27
  C:2AAEH         LINE#         29
  C:2AB4H         LINE#         32
  C:2ABAH         LINE#         35
  C:2ABEH         LINE#         36
  -------         ENDPROC       ADC_PIN_INIT
  -------         PROC          ADC_INIT
  C:288EH         LINE#         38
  C:288EH         LINE#         39
  C:288EH         LINE#         40
  C:2893H         LINE#         42
  C:2899H         LINE#         46
  C:289CH         LINE#         47
  C:289EH         LINE#         49
  C:28A4H         LINE#         51
  C:28A9H         LINE#         54
  -------         ENDPROC       ADC_INIT
  -------         PROC          _ADC_UPDATE_VAL
  D:0007H         SYMBOL        adc_channel
  D:0004H         SYMBOL        adc_val
  C:23E4H         LINE#         63
  C:23E4H         LINE#         64
  C:23E4H         LINE#         65
  C:23F3H         LINE#         66
  C:23F3H         LINE#         67
  C:23F3H         LINE#         68
  C:23FBH         LINE#         69
  C:23FDH         LINE#         70
  C:23FEH         LINE#         71
  C:23FEH         LINE#         72
  C:2406H         LINE#         73
  C:2408H         LINE#         74
  C:2409H         LINE#         75
  C:2409H         LINE#         76
  C:2411H         LINE#         77
  C:2413H         LINE#         78
  C:2414H         LINE#         79
  C:2414H         LINE#         80
  C:241EH         LINE#         81
  C:2420H         LINE#         82
  C:2420H         LINE#         83
  C:2420H         LINE#         84
  -------         ENDPROC       _ADC_UPDATE_VAL
  -------         PROC          _ADC_GET_VAL
  D:0007H         SYMBOL        adc_channel
  -------         DO            
  D:0004H         SYMBOL        ret
  -------         ENDDO         
  C:2676H         LINE#         86
  C:2676H         LINE#         87
  C:2676H         LINE#         88
  C:2679H         LINE#         89
  C:2688H         LINE#         90
  C:2688H         LINE#         91
  C:2688H         LINE#         92
BL51 BANKED LINKER/LOCATER V6.22.4.0                                                  07/16/2026  18:47:25  PAGE 13


  C:268BH         LINE#         93
  C:268DH         LINE#         94
  C:268DH         LINE#         95
  C:2690H         LINE#         96
  C:2692H         LINE#         97
  C:2692H         LINE#         98
  C:2695H         LINE#         99
  C:2697H         LINE#         100
  C:2697H         LINE#         101
  C:269FH         LINE#         102
  C:269FH         LINE#         104
  C:269FH         LINE#         105
  C:269FH         LINE#         106
  C:269FH         LINE#         108
  C:26A3H         LINE#         109
  -------         ENDPROC       _ADC_GET_VAL
  -------         PROC          _ADC_GET_UPDATE_FLAG
  D:0007H         SYMBOL        adc_channel
  -------         DO            
  D:0006H         SYMBOL        ret
  -------         ENDDO         
  C:27FFH         LINE#         112
  C:27FFH         LINE#         113
  C:27FFH         LINE#         114
  C:2801H         LINE#         115
  C:2810H         LINE#         116
  C:2810H         LINE#         117
  C:2810H         LINE#         118
  C:2812H         LINE#         119
  C:2814H         LINE#         120
  C:2814H         LINE#         121
  C:2816H         LINE#         122
  C:2818H         LINE#         123
  C:2818H         LINE#         124
  C:281AH         LINE#         125
  C:281CH         LINE#         126
  C:281CH         LINE#         127
  C:2821H         LINE#         128
  C:2821H         LINE#         130
  C:2821H         LINE#         131
  C:2821H         LINE#         132
  C:2821H         LINE#         134
  C:2823H         LINE#         135
  -------         ENDPROC       _ADC_GET_UPDATE_FLAG
  -------         PROC          _ADC_CLEAR_UPDATE_FLAG
  D:0007H         SYMBOL        adc_channel
  C:0024H         LINE#         138
  C:0024H         LINE#         139
  C:0024H         LINE#         140
  C:0033H         LINE#         141
  C:0033H         LINE#         142
  C:0033H         LINE#         143
  C:0035H         LINE#         144
  C:0036H         LINE#         145
  C:0036H         LINE#         146
  C:0038H         LINE#         147
  C:0039H         LINE#         148
BL51 BANKED LINKER/LOCATER V6.22.4.0                                                  07/16/2026  18:47:25  PAGE 14


  C:0039H         LINE#         149
  C:003BH         LINE#         150
  C:003CH         LINE#         151
  C:003CH         LINE#         152
  C:003EH         LINE#         153
  C:003EH         LINE#         155
  C:003EH         LINE#         156
  C:003EH         LINE#         157
  C:003EH         LINE#         158
  -------         ENDPROC       _ADC_CLEAR_UPDATE_FLAG
  -------         PROC          _ADC_CHANNEL_SEL
  D:0007H         SYMBOL        adc_channel
  C:21A9H         LINE#         160
  C:21A9H         LINE#         161
  C:21A9H         LINE#         162
  C:21B0H         LINE#         166
  C:21BFH         LINE#         167
  C:21BFH         LINE#         168
  C:21BFH         LINE#         170
  C:21C6H         LINE#         172
  C:21C9H         LINE#         173
  C:21CBH         LINE#         174
  C:21CBH         LINE#         175
  C:21D2H         LINE#         178
  C:21D5H         LINE#         180
  C:21D7H         LINE#         181
  C:21D7H         LINE#         185
  C:21DEH         LINE#         188
  C:21E1H         LINE#         189
  C:21E3H         LINE#         191
  C:21E3H         LINE#         192
  C:21EAH         LINE#         195
  C:21EDH         LINE#         196
  C:21EDH         LINE#         198
  C:21EDH         LINE#         199
  C:21EDH         LINE#         200
  C:21EDH         LINE#         202
  C:21F3H         LINE#         204
  -------         ENDPROC       _ADC_CHANNEL_SEL
  -------         PROC          ADC_INIT_WHEN_LOW_PWR_OUT
  C:2A78H         LINE#         207
  C:2A78H         LINE#         208
  C:2A78H         LINE#         209
  C:2A7EH         LINE#         212
  C:2A84H         LINE#         213
  C:2A89H         LINE#         215
  -------         ENDPROC       ADC_INIT_WHEN_LOW_PWR_OUT
  -------         PROC          ADC_GET_VAL_ONCE
  C:2A09H         LINE#         218
  C:2A09H         LINE#         219
  C:2A09H         LINE#         220
  C:2A0FH         LINE#         221
  C:2A15H         LINE#         223
  C:2A17H         LINE#         224
  C:2A1FH         LINE#         225
  -------         ENDPROC       ADC_GET_VAL_ONCE
  -------         PROC          ADC_SCAN
BL51 BANKED LINKER/LOCATER V6.22.4.0                                                  07/16/2026  18:47:25  PAGE 15


  C:1F47H         LINE#         228
  C:1F47H         LINE#         229
  C:1F47H         LINE#         231
  C:1F6DH         LINE#         232
  C:1F6DH         LINE#         233
  C:1F6DH         LINE#         235
  C:1F6DH         LINE#         236
  C:1F6FH         LINE#         237
  C:1F75H         LINE#         238
  C:1F76H         LINE#         239
  C:1F76H         LINE#         241
  C:1F76H         LINE#         242
  C:1F7CH         LINE#         243
  C:1F7DH         LINE#         244
  C:1F7DH         LINE#         245
  C:1F7FH         LINE#         246
  C:1F85H         LINE#         247
  C:1F86H         LINE#         248
  C:1F86H         LINE#         253
  C:1F86H         LINE#         254
  C:1F8CH         LINE#         255
  C:1F8DH         LINE#         256
  C:1F8DH         LINE#         257
  C:1F8FH         LINE#         258
  C:1F95H         LINE#         259
  C:1F96H         LINE#         260
  C:1F96H         LINE#         261
  C:1F96H         LINE#         262
  C:1F9CH         LINE#         263
  C:1F9DH         LINE#         264
  C:1F9DH         LINE#         265
  C:1F9FH         LINE#         266
  C:1FA5H         LINE#         267
  C:1FA6H         LINE#         268
  C:1FA6H         LINE#         269
  C:1FA6H         LINE#         270
  C:1FACH         LINE#         271
  C:1FACH         LINE#         273
  C:1FACH         LINE#         274
  C:1FACH         LINE#         275
  C:1FACH         LINE#         276
  -------         ENDPROC       ADC_SCAN
  -------         PROC          ADC_IRQHANDLER
  -------         DO            
  X:60B1H         SYMBOL        adc_val
  -------         ENDDO         
  C:1CFEH         LINE#         278
  C:1D1BH         LINE#         283
  C:1D1BH         LINE#         287
  C:1D21H         LINE#         288
  C:1D21H         LINE#         289
  C:1D24H         LINE#         290
  C:1D33H         LINE#         292
  C:1D47H         LINE#         293
  C:1D47H         LINE#         294
  C:1D47H         LINE#         295
  C:1D4CH         LINE#         296
BL51 BANKED LINKER/LOCATER V6.22.4.0                                                  07/16/2026  18:47:25  PAGE 16


  C:1D4EH         LINE#         297
  C:1D4EH         LINE#         298
  C:1D56H         LINE#         299
  C:1D59H         LINE#         300
  C:1D5BH         LINE#         301
  C:1D5BH         LINE#         302
  C:1D60H         LINE#         303
  C:1D62H         LINE#         304
  C:1D62H         LINE#         305
  C:1D6AH         LINE#         306
  C:1D6AH         LINE#         308
  C:1D6AH         LINE#         309
  C:1D6AH         LINE#         310
  C:1D6AH         LINE#         311
  C:1D6AH         LINE#         314
  C:1D6AH         LINE#         315
  -------         ENDPROC       ADC_IRQHANDLER
  -------         ENDMOD        ADC

  -------         MODULE        PWM
  C:0000H         SYMBOL        _ICE_DUMMY_
  B:00A0H.7       PUBLIC        P27
  B:00B0H.0       PUBLIC        P30
  C:1C73H         PUBLIC        pwm_init
  C:2B2AH         PUBLIC        _pwm_set_channel_0_duty
  C:2B33H         PUBLIC        _pwm_set_channel_1_duty
  C:2A37H         SYMBOL        Com0004
  C:2A37H         SYMBOL        L?0005
  C:2A42H         SYMBOL        L?0006
  -------         PROC          COM0004
  -------         ENDPROC       COM0004
  -------         PROC          PWM_INIT
  C:1C73H         LINE#         3
  C:1C73H         LINE#         4
  C:1C73H         LINE#         6
  C:1C79H         LINE#         7
  C:1C7DH         LINE#         9
  C:1C7FH         LINE#         10
  C:1C84H         LINE#         13
  C:1C8AH         LINE#         14
  C:1C8EH         LINE#         16
  C:1C90H         LINE#         17
  C:1C95H         LINE#         21
  C:1C9BH         LINE#         22
  C:1CA0H         LINE#         23
  C:1CA5H         LINE#         24
  C:1CA9H         LINE#         25
  C:1CABH         LINE#         26
  C:1CABH         LINE#         27
  C:1CABH         LINE#         29
  C:1CB1H         LINE#         30
  C:1CB7H         LINE#         31
  C:1CBDH         LINE#         32
  C:1CC3H         LINE#         33
  C:1CC9H         LINE#         37
  C:1CCFH         LINE#         38
  C:1CD4H         LINE#         39
BL51 BANKED LINKER/LOCATER V6.22.4.0                                                  07/16/2026  18:47:25  PAGE 17


  C:1CD9H         LINE#         40
  C:1CDDH         LINE#         41
  C:1CDFH         LINE#         42
  C:1CDFH         LINE#         43
  C:1CDFH         LINE#         45
  C:1CE5H         LINE#         46
  C:1CEBH         LINE#         47
  C:1CF1H         LINE#         48
  C:1CF7H         LINE#         49
  C:1CFDH         LINE#         50
  -------         ENDPROC       PWM_INIT
  -------         PROC          _PWM_SET_CHANNEL_0_DUTY
  D:0004H         SYMBOL        channel_duty
  C:2B2AH         LINE#         53
  C:2B2AH         LINE#         54
  C:2B2AH         LINE#         55
  C:2B2CH         LINE#         56
  C:2B2CH         LINE#         57
  C:2B32H         LINE#         58
  -------         ENDPROC       _PWM_SET_CHANNEL_0_DUTY
  -------         PROC          _PWM_SET_CHANNEL_1_DUTY
  D:0004H         SYMBOL        channel_duty
  C:2B33H         LINE#         61
  C:2B33H         LINE#         62
  C:2B33H         LINE#         63
  C:2B35H         LINE#         64
  C:2B35H         LINE#         65
  C:2B3BH         LINE#         66
  -------         ENDPROC       _PWM_SET_CHANNEL_1_DUTY
  -------         ENDMOD        PWM

  -------         MODULE        TIMER0
  C:0000H         SYMBOL        _ICE_DUMMY_
  D:00A8H         PUBLIC        IE0
  D:00A9H         PUBLIC        IE1
  D:00AAH         PUBLIC        IE2
  D:00ABH         PUBLIC        IE3
  B:00A8H.7       PUBLIC        IE_EA
  D:00B8H         PUBLIC        IP0
  D:00B1H         PUBLIC        IP1
  D:00B2H         PUBLIC        IP2
  D:00B3H         PUBLIC        IP3
  D:00B4H         PUBLIC        IP4
  D:00B5H         PUBLIC        IP5
  D:00B6H         PUBLIC        IP6
  D:00B7H         PUBLIC        IP7
  D:00D1H         PUBLIC        TMR_ALLCON
  C:2970H         PUBLIC        timer0_init
  C:1E6EH         PUBLIC        TIMR0_IRQHandler
  -------         PROC          TIMER0_INIT
  C:2970H         LINE#         11
  C:2970H         LINE#         12
  C:2970H         LINE#         13
  C:2973H         LINE#         14
  C:2975H         LINE#         16
  C:2978H         LINE#         17
  C:297DH         LINE#         18
BL51 BANKED LINKER/LOCATER V6.22.4.0                                                  07/16/2026  18:47:25  PAGE 18


  C:2981H         LINE#         19
  C:2986H         LINE#         20
  C:298AH         LINE#         21
  -------         ENDPROC       TIMER0_INIT
  -------         PROC          TIMR0_IRQHANDLER
  C:1E6EH         LINE#         25
  C:1E8BH         LINE#         28
  C:1E8BH         LINE#         33
  C:1E91H         LINE#         34
  C:1E91H         LINE#         35
  C:1E95H         LINE#         41
  C:1E9BH         LINE#         42
  C:1E9EH         LINE#         44
  C:1EA1H         LINE#         45
  C:1EA4H         LINE#         48
  C:1EA7H         LINE#         49
  C:1EAAH         LINE#         50
  C:1EADH         LINE#         52
  C:1EB0H         LINE#         53
  C:1EB3H         LINE#         54
  C:1EB6H         LINE#         56
  C:1EB9H         LINE#         57
  C:1EBCH         LINE#         59
  C:1EBFH         LINE#         62
  C:1EC2H         LINE#         65
  C:1EC2H         LINE#         68
  C:1EC2H         LINE#         69
  -------         ENDPROC       TIMR0_IRQHANDLER
  -------         ENDMOD        TIMER0

  -------         MODULE        TIMER1
  C:0000H         SYMBOL        _ICE_DUMMY_
  D:00A8H         PUBLIC        IE0
  D:00A9H         PUBLIC        IE1
  D:00AAH         PUBLIC        IE2
  D:00ABH         PUBLIC        IE3
  B:00A8H.7       PUBLIC        IE_EA
  D:00B8H         PUBLIC        IP0
  D:00B1H         PUBLIC        IP1
  D:00B2H         PUBLIC        IP2
  D:00B3H         PUBLIC        IP3
  D:00B4H         PUBLIC        IP4
  D:00B5H         PUBLIC        IP5
  D:00B6H         PUBLIC        IP6
  D:00B7H         PUBLIC        IP7
  D:00D1H         PUBLIC        TMR_ALLCON
  C:298BH         PUBLIC        timer1_init
  C:2288H         PUBLIC        TIMR1_IRQHandler
  -------         PROC          TIMER1_INIT
  C:298BH         LINE#         9
  C:298BH         LINE#         10
  C:298BH         LINE#         12
  C:298EH         LINE#         13
  C:2990H         LINE#         15
  C:2993H         LINE#         16
  C:2998H         LINE#         17
  C:299CH         LINE#         18
BL51 BANKED LINKER/LOCATER V6.22.4.0                                                  07/16/2026  18:47:25  PAGE 19


  C:29A1H         LINE#         19
  C:29A5H         LINE#         23
  -------         ENDPROC       TIMER1_INIT
  -------         PROC          TIMR1_IRQHANDLER
  C:2288H         LINE#         27
  C:22A5H         LINE#         30
  C:22A5H         LINE#         34
  C:22ABH         LINE#         35
  C:22ABH         LINE#         36
  C:22AFH         LINE#         39
  C:22B2H         LINE#         40
  C:22B5H         LINE#         41
  C:22B5H         LINE#         44
  C:22B5H         LINE#         45
  -------         ENDPROC       TIMR1_IRQHANDLER
  -------         ENDMOD        TIMER1

  -------         MODULE        UART0
  C:0000H         SYMBOL        _ICE_DUMMY_
  D:00A8H         PUBLIC        IE0
  D:00A9H         PUBLIC        IE1
  D:00AAH         PUBLIC        IE2
  D:00ABH         PUBLIC        IE3
  B:00A8H.7       PUBLIC        IE_EA
  D:00B8H         PUBLIC        IP0
  D:00B1H         PUBLIC        IP1
  D:00B2H         PUBLIC        IP2
  D:00B3H         PUBLIC        IP3
  D:00B4H         PUBLIC        IP4
  D:00B5H         PUBLIC        IP5
  D:00B6H         PUBLIC        IP6
  D:00B7H         PUBLIC        IP7
  D:00D2H         PUBLIC        UART0_CON0
  D:00D4H         PUBLIC        UART0_STA
  D:00D5H         PUBLIC        UART0_BAUD0
  D:00D6H         PUBLIC        UART0_BAUD1
  D:00D7H         PUBLIC        UART0_DATA
  C:2497H         PUBLIC        uart0_init
  C:2B56H         PUBLIC        _uart0_sendbyte
  C:2848H         PUBLIC        _uart0_sendbuf
  C:2B3CH         PUBLIC        uart0_rxbuffer_get_count
  C:23A2H         PUBLIC        uart0_rxbuffer_get_byte
  C:2B4EH         PUBLIC        _putchar
  X:6000H         PUBLIC        uart0_rx_buffer
  C:22D0H         SYMBOL        _uart0_rxbuffer_put_byte
  C:25B0H         PUBLIC        UART0_IRQHandler
  C:2B6EH         SYMBOL        Com004A
  C:2B6EH         SYMBOL        L?0075
  C:2B6EH         SYMBOL        L?0076
  -------         PROC          COM004A
  -------         ENDPROC       COM004A
  -------         PROC          _PUTCHAR
  D:0007H         SYMBOL        c
  C:2B4EH         LINE#         8
  C:2B4EH         LINE#         9
  C:2B4EH         LINE#         10
  C:2B53H         LINE#         12
BL51 BANKED LINKER/LOCATER V6.22.4.0                                                  07/16/2026  18:47:25  PAGE 20


  C:2B55H         LINE#         13
  C:2B55H         LINE#         14
  -------         ENDPROC       _PUTCHAR
  -------         PROC          UART0_INIT
  C:2497H         LINE#         17
  C:2497H         LINE#         18
  C:2497H         LINE#         19
  C:249DH         LINE#         20
  C:24A1H         LINE#         21
  C:24A8H         LINE#         23
  C:24AEH         LINE#         24
  C:24B4H         LINE#         25
  C:24BAH         LINE#         27
  C:24BDH         LINE#         28
  C:24C0H         LINE#         29
  C:24C3H         LINE#         33
  C:24CBH         LINE#         34
  C:24CEH         LINE#         35
  C:24D0H         LINE#         36
  -------         ENDPROC       UART0_INIT
  -------         PROC          _UART0_SENDBYTE
  D:0007H         SYMBOL        byte
  C:2B56H         LINE#         39
  C:2B56H         LINE#         40
  C:2B56H         LINE#         41
  C:2B5BH         LINE#         44
  C:2B5DH         LINE#         48
  -------         ENDPROC       _UART0_SENDBYTE
  -------         PROC          _UART0_SENDBUF
  X:6090H         SYMBOL        buf
  D:0005H         SYMBOL        len
  -------         DO            
  D:0006H         SYMBOL        i
  -------         ENDDO         
  C:2848H         LINE#         50
  C:284EH         LINE#         51
  C:284EH         LINE#         52
  C:2850H         LINE#         53
  C:2855H         LINE#         54
  C:2855H         LINE#         55
  C:2867H         LINE#         56
  C:286AH         LINE#         57
  -------         ENDPROC       _UART0_SENDBUF
  -------         PROC          UART0_RXBUFFER_GET_COUNT
  C:2B3CH         LINE#         60
  C:2B3CH         LINE#         61
  C:2B3CH         LINE#         62
  C:2B44H         LINE#         63
  -------         ENDPROC       UART0_RXBUFFER_GET_COUNT
  -------         PROC          UART0_RXBUFFER_GET_BYTE
  -------         DO            
  D:0007H         SYMBOL        rxbyte
  -------         ENDDO         
  C:23A2H         LINE#         66
  C:23A2H         LINE#         67
  C:23A2H         LINE#         70
  C:23ACH         LINE#         71
BL51 BANKED LINKER/LOCATER V6.22.4.0                                                  07/16/2026  18:47:25  PAGE 21


  C:23ACH         LINE#         73
  C:23AEH         LINE#         74
  C:23AEH         LINE#         80
  C:23B4H         LINE#         81
  C:23C3H         LINE#         82
  C:23C3H         LINE#         83
  C:23C7H         LINE#         84
  C:23C7H         LINE#         85
  C:23D9H         LINE#         87
  C:23E3H         LINE#         89
  C:23E3H         LINE#         90
  -------         ENDPROC       UART0_RXBUFFER_GET_BYTE
  -------         PROC          _UART0_RXBUFFER_PUT_BYTE
  D:0007H         SYMBOL        byte
  C:22D0H         LINE#         92
  C:22D0H         LINE#         93
  C:22D0H         LINE#         100
  C:22D6H         LINE#         101
  C:22E5H         LINE#         102
  C:22E5H         LINE#         103
  C:22E9H         LINE#         104
  C:22E9H         LINE#         105
  C:22FBH         LINE#         107
  C:2301H         LINE#         108
  C:2310H         LINE#         109
  C:2310H         LINE#         110
  C:2316H         LINE#         111
  C:2316H         LINE#         112
  -------         ENDPROC       _UART0_RXBUFFER_PUT_BYTE
  -------         PROC          UART0_IRQHANDLER
  -------         DO            
  X:60E2H         SYMBOL        recv_byte
  -------         ENDDO         
  C:25B0H         LINE#         115
  C:25C3H         LINE#         118
  C:25C3H         LINE#         121
  C:25C8H         LINE#         122
  C:25C8H         LINE#         123
  C:25CEH         LINE#         124
  C:25D3H         LINE#         127
  C:25D3H         LINE#         129
  C:25D3H         LINE#         130
  -------         ENDPROC       UART0_IRQHANDLER
  -------         ENDMOD        UART0

  -------         MODULE        MAIN
  C:0000H         SYMBOL        _ICE_DUMMY_
  D:00D9H         PUBLIC        WDT_KEY
  C:2700H         PUBLIC        user_init
  C:2110H         PUBLIC        main
  -------         PROC          USER_INIT
  C:2700H         LINE#         37
  C:2700H         LINE#         38
  C:2700H         LINE#         39
  C:2703H         LINE#         40
  C:2706H         LINE#         41
  C:2709H         LINE#         42
BL51 BANKED LINKER/LOCATER V6.22.4.0                                                  07/16/2026  18:47:25  PAGE 22


  C:270CH         LINE#         43
  C:270FH         LINE#         44
  C:2712H         LINE#         46
  C:2715H         LINE#         47
  C:2718H         LINE#         48
  C:271BH         LINE#         51
  C:271EH         LINE#         52
  C:2721H         LINE#         55
  C:2724H         LINE#         57
  -------         ENDPROC       USER_INIT
  -------         PROC          MAIN
  C:2110H         LINE#         60
  C:2110H         LINE#         61
  C:2110H         LINE#         63
  C:2113H         LINE#         64
  C:2116H         LINE#         67
  C:2119H         LINE#         68
  C:2120H         LINE#         69
  C:2123H         LINE#         72
  C:2128H         LINE#         73
  C:212AH         LINE#         74
  C:212DH         LINE#         75
  C:212FH         LINE#         76
  C:2132H         LINE#         77
  C:2134H         LINE#         78
  C:2137H         LINE#         79
  C:2139H         LINE#         81
  C:213CH         LINE#         82
  C:2143H         LINE#         84
  C:2143H         LINE#         85
  C:2143H         LINE#         86
  C:214CH         LINE#         87
  C:214FH         LINE#         88
  C:2152H         LINE#         90
  C:2155H         LINE#         92
  C:2158H         LINE#         93
  C:215BH         LINE#         101
  -------         ENDPROC       MAIN
  -------         ENDMOD        MAIN

  -------         MODULE        UART_DATA_HANDLE
  C:0000H         SYMBOL        _ICE_DUMMY_
  C:2A8AH         PUBLIC        uart_receiver_reset
  C:000FH         PUBLIC        uart_receiver_timeout_add
  C:257AH         PUBLIC        uart_receiver_process_checksum
  C:1A15H         PUBLIC        _uart_receiver_process_byte
  C:2069H         PUBLIC        uart_receiver_timeout_handler
  C:18B3H         PUBLIC        uart_data_handle
  C:235DH         PUBLIC        _uart_data_send_cmd
  X:616BH         SYMBOL        uart_receiver
  C:1723H         SYMBOL        _?ix1000
  C:2543H         SYMBOL        Com003C
  C:2543H         SYMBOL        L?0061
  C:2543H         SYMBOL        L?0062
  C:2548H         SYMBOL        L?0063
  C:255FH         SYMBOL        L?0064
  C:2564H         SYMBOL        L?0065
BL51 BANKED LINKER/LOCATER V6.22.4.0                                                  07/16/2026  18:47:25  PAGE 23


  C:2568H         SYMBOL        L?0066
  C:256FH         SYMBOL        L?0067
  -------         PROC          COM003C
  -------         ENDPROC       COM003C
  -------         PROC          UART_RECEIVER_RESET
  C:2A8AH         LINE#         13
  C:2A8AH         LINE#         14
  C:2A8AH         LINE#         16
  C:2A8FH         LINE#         17
  C:2A93H         LINE#         18
  C:2A97H         LINE#         19
  C:2A9BH         LINE#         20
  -------         ENDPROC       UART_RECEIVER_RESET
  -------         PROC          UART_RECEIVER_TIMEOUT_ADD
  C:000FH         LINE#         26
  C:000FH         LINE#         27
  C:000FH         LINE#         28
  C:0015H         LINE#         29
  C:0015H         LINE#         30
  C:001DH         LINE#         31
  C:001DH         LINE#         32
  -------         ENDPROC       UART_RECEIVER_TIMEOUT_ADD
  -------         PROC          UART_RECEIVER_PROCESS_CHECKSUM
  -------         DO            
  D:0006H         SYMBOL        i
  D:0007H         SYMBOL        check_sum
  -------         ENDDO         
  C:257AH         LINE#         39
  C:257AH         LINE#         40
  C:257AH         LINE#         42
  C:257CH         LINE#         43
  C:257DH         LINE#         44
  C:257DH         LINE#         45
  C:2583H         LINE#         46
  C:2588H         LINE#         48
  C:258FH         LINE#         49
  C:258FH         LINE#         50
  C:2592H         LINE#         51
  C:2592H         LINE#         53
  C:2592H         LINE#         57
  C:25ADH         LINE#         60
  C:25AFH         LINE#         61
  C:25AFH         LINE#         62
  -------         ENDPROC       UART_RECEIVER_PROCESS_CHECKSUM
  -------         PROC          _UART_RECEIVER_PROCESS_BYTE
  X:6088H         SYMBOL        byte
  C:1A15H         LINE#         71
  C:1A1AH         LINE#         72
  C:1A1AH         LINE#         74
  C:1A3DH         LINE#         75
  C:1A3DH         LINE#         76
  C:1A3DH         LINE#         77
  C:1A45H         LINE#         78
  C:1A45H         LINE#         79
  C:1A45H         LINE#         80
  C:1A4AH         LINE#         81
  C:1A4DH         LINE#         82
BL51 BANKED LINKER/LOCATER V6.22.4.0                                                  07/16/2026  18:47:25  PAGE 24


  C:1A4DH         LINE#         84
  C:1A4DH         LINE#         85
  C:1A50H         LINE#         86
  C:1A50H         LINE#         87
  C:1A50H         LINE#         89
  C:1A50H         LINE#         90
  C:1A58H         LINE#         91
  C:1A58H         LINE#         92
  C:1A58H         LINE#         93
  C:1A5DH         LINE#         94
  C:1A60H         LINE#         95
  C:1A60H         LINE#         97
  C:1A60H         LINE#         99
  C:1A63H         LINE#         100
  C:1A63H         LINE#         101
  C:1A63H         LINE#         103
  C:1A63H         LINE#         104
  C:1A6AH         LINE#         105
  C:1A6AH         LINE#         106
  C:1A6AH         LINE#         107
  C:1A6FH         LINE#         108
  C:1A72H         LINE#         109
  C:1A72H         LINE#         111
  C:1A72H         LINE#         112
  C:1A75H         LINE#         113
  C:1A75H         LINE#         114
  C:1A75H         LINE#         116
  C:1A75H         LINE#         118
  C:1A75H         LINE#         119
  C:1A7AH         LINE#         120
  C:1A7DH         LINE#         121
  C:1A7DH         LINE#         123
  C:1A7DH         LINE#         125
  C:1A7DH         LINE#         126
  C:1A82H         LINE#         127
  C:1A84H         LINE#         128
  C:1A84H         LINE#         130
  C:1A84H         LINE#         131
  C:1A8BH         LINE#         132
  C:1A8BH         LINE#         133
  C:1A8BH         LINE#         134
  C:1A90H         LINE#         135
  C:1A92H         LINE#         136
  C:1A92H         LINE#         138
  C:1A92H         LINE#         139
  C:1A95H         LINE#         140
  C:1A95H         LINE#         141
  C:1A95H         LINE#         143
  C:1A95H         LINE#         145
  C:1A95H         LINE#         146
  C:1A9BH         LINE#         147
  C:1AA1H         LINE#         148
  C:1AA1H         LINE#         150
  C:1AA4H         LINE#         151
  C:1AA4H         LINE#         153
  C:1AA4H         LINE#         154
  C:1AA7H         LINE#         155
BL51 BANKED LINKER/LOCATER V6.22.4.0                                                  07/16/2026  18:47:25  PAGE 25


  C:1AA7H         LINE#         156
  C:1AA7H         LINE#         158
  C:1AA7H         LINE#         159
  C:1AAFH         LINE#         160
  C:1AAFH         LINE#         161
  C:1AAFH         LINE#         162
  C:1AB5H         LINE#         163
  C:1AB8H         LINE#         164
  C:1AB8H         LINE#         166
  C:1AB8H         LINE#         167
  C:1ABBH         LINE#         168
  C:1ABBH         LINE#         169
  C:1ABBH         LINE#         171
  C:1ABBH         LINE#         172
  C:1ABBH         LINE#         173
  C:1ABBH         LINE#         175
  C:1ABDH         LINE#         176
  -------         ENDPROC       _UART_RECEIVER_PROCESS_BYTE
  -------         PROC          UART_RECEIVER_TIMEOUT_HANDLER
  -------         DO            
  X:6088H         SYMBOL        i
  -------         ENDDO         
  C:2069H         LINE#         179
  C:2069H         LINE#         180
  C:2069H         LINE#         185
  C:2078H         LINE#         186
  C:2078H         LINE#         188
  C:2082H         LINE#         191
  C:208BH         LINE#         192
  C:209EH         LINE#         193
  C:209EH         LINE#         194
  C:20ADH         LINE#         195
  C:20B5H         LINE#         196
  C:20BEH         LINE#         200
  C:20C1H         LINE#         201
  C:20C1H         LINE#         202
  -------         ENDPROC       UART_RECEIVER_TIMEOUT_HANDLER
  -------         PROC          UART_DATA_HANDLE
  -------         DO            
  X:6086H         SYMBOL        i
  X:6087H         SYMBOL        recv_byte
  X:616AH         SYMBOL        initialized
  -------         ENDDO         
  C:18B3H         LINE#         203
  C:18B3H         LINE#         204
  C:18B3H         LINE#         212
  C:18B9H         LINE#         213
  C:18B9H         LINE#         214
  C:18BCH         LINE#         215
  C:18C2H         LINE#         216
  C:18C2H         LINE#         221
  C:18C8H         LINE#         222
  C:18C8H         LINE#         223
  C:18CBH         LINE#         224
  C:18CBH         LINE#         233
  C:18CBH         LINE#         234
  C:18CBH         LINE#         235
BL51 BANKED LINKER/LOCATER V6.22.4.0                                                  07/16/2026  18:47:25  PAGE 26


  C:18DFH         LINE#         238
  C:18DFH         LINE#         252
  C:18DFH         LINE#         253
  C:18DFH         LINE#         255
  C:18E7H         LINE#         258
  C:18EDH         LINE#         259
  C:18F2H         LINE#         262
  C:18FDH         LINE#         263
  C:18FDH         LINE#         267
  C:1903H         LINE#         268
  C:1903H         LINE#         269
  C:190CH         LINE#         270
  C:1916H         LINE#         271
  C:1916H         LINE#         276
  C:1919H         LINE#         277
  C:1919H         LINE#         278
  C:191BH         LINE#         308
  C:1928H         LINE#         310
  C:1928H         LINE#         312
  C:1928H         LINE#         332
  C:1938H         LINE#         333
  C:1938H         LINE#         334
  C:1938H         LINE#         336
  C:193DH         LINE#         337
  C:193FH         LINE#         338
  C:193FH         LINE#         340
  C:1945H         LINE#         341
  C:1947H         LINE#         342
  C:1947H         LINE#         344
  C:1950H         LINE#         350
  C:1953H         LINE#         351
  C:1955H         LINE#         353
  C:1955H         LINE#         355
  C:1964H         LINE#         357
  C:1964H         LINE#         358
  C:1964H         LINE#         361
  C:1967H         LINE#         362
  -------         ENDPROC       UART_DATA_HANDLE
  -------         PROC          _UART_DATA_SEND_CMD
  X:6087H         SYMBOL        cmd
  -------         DO            
  X:6088H         SYMBOL        buf
  -------         ENDDO         
  C:235DH         LINE#         366
  C:2362H         LINE#         367
  C:2362H         LINE#         368
  C:2375H         LINE#         379
  C:237EH         LINE#         380
  C:2397H         LINE#         382
  -------         ENDPROC       _UART_DATA_SEND_CMD
  -------         ENDMOD        UART_DATA_HANDLE

  -------         MODULE        KEY_DRIVER
  C:0000H         SYMBOL        _ICE_DUMMY_
  C:0DE8H         PUBLIC        _key_driver_scan
  X:61C0H         SYMBOL        is_key_active
  X:61C1H         PUBLIC        scan_para
BL51 BANKED LINKER/LOCATER V6.22.4.0                                                  07/16/2026  18:47:25  PAGE 27


  C:28F4H         SYMBOL        Com0021
  C:28F4H         SYMBOL        L?0034
  C:28F7H         SYMBOL        L?0035
  C:28F8H         SYMBOL        L?0036
  C:28FEH         SYMBOL        L?0037
  C:2901H         SYMBOL        L?0038
  C:2905H         SYMBOL        L?0039
  C:290BH         SYMBOL        L?0040
  C:290EH         SYMBOL        L?0041
  -------         PROC          COM0021
  -------         ENDPROC       COM0021
  -------         PROC          _KEY_DRIVER_SCAN
  D:0001H         SYMBOL        _scan_para
  -------         DO            
  X:6086H         SYMBOL        key_event
  D:0007H         SYMBOL        cur_key_value
  X:6087H         SYMBOL        key_value
  C:0F50H         SYMBOL        _notify
  C:0F70H         SYMBOL        _scan_end
  -------         ENDDO         
  C:0DE8H         LINE#         17
  C:0DE8H         LINE#         19
  C:0DE8H         LINE#         24
  C:0DEDH         LINE#         25
  C:0DEFH         LINE#         26
  C:0DF3H         LINE#         30
  C:0DF9H         LINE#         33
  C:0E0CH         LINE#         34
  C:0E0CH         LINE#         36
  C:0E0CH         LINE#         38
  C:0E16H         LINE#         40
  C:0E1FH         LINE#         46
  C:0E23H         LINE#         47
  C:0E23H         LINE#         48
  C:0E29H         LINE#         49
  C:0E2BH         LINE#         50
  C:0E31H         LINE#         51
  C:0E31H         LINE#         52
  C:0E34H         LINE#         53
  C:0E34H         LINE#         56
  C:0E48H         LINE#         57
  C:0E48H         LINE#         59
  C:0E4FH         LINE#         60
  C:0E55H         LINE#         62
  C:0E55H         LINE#         65
  C:0E66H         LINE#         66
  C:0E66H         LINE#         67
  C:0E71H         LINE#         69
  C:0E71H         LINE#         72
  C:0E7DH         LINE#         73
  C:0E7DH         LINE#         80
  C:0E81H         LINE#         81
  C:0E81H         LINE#         82
  C:0E88H         LINE#         83
  C:0E88H         LINE#         84
  C:0E8AH         LINE#         85
  C:0E90H         LINE#         86
BL51 BANKED LINKER/LOCATER V6.22.4.0                                                  07/16/2026  18:47:25  PAGE 28


  C:0E92H         LINE#         88
  C:0E92H         LINE#         91
  C:0E92H         LINE#         92
  C:0E9AH         LINE#         93
  C:0E9AH         LINE#         94
  C:0E9DH         LINE#         96
  C:0E9DH         LINE#         101
  C:0EA5H         LINE#         102
  C:0EB1H         LINE#         103
  C:0EB1H         LINE#         104
  C:0EB6H         LINE#         105
  C:0EBAH         LINE#         106
  C:0EBDH         LINE#         108
  C:0EBDH         LINE#         109
  C:0EC3H         LINE#         110
  C:0EC3H         LINE#         111
  C:0EC3H         LINE#         113
  C:0EC5H         LINE#         118
  C:0EC5H         LINE#         120
  C:0EC5H         LINE#         125
  C:0EC9H         LINE#         126
  C:0EC9H         LINE#         128
  C:0EDAH         LINE#         129
  C:0EDAH         LINE#         133
  C:0EEBH         LINE#         134
  C:0EEBH         LINE#         154
  C:0EEBH         LINE#         155
  C:0EEDH         LINE#         157
  C:0EEDH         LINE#         158
  C:0EFAH         LINE#         160
  C:0EFCH         LINE#         162
  C:0EFCH         LINE#         164
  C:0EFCH         LINE#         165
  C:0F07H         LINE#         166
  C:0F0AH         LINE#         168
  C:0F0AH         LINE#         169
  C:0F0AH         LINE#         171
  C:0F0AH         LINE#         172
  C:0F0AH         LINE#         174
  C:0F0AH         LINE#         175
  C:0F0AH         LINE#         177
  C:0F0AH         LINE#         179
  C:0F15H         LINE#         180
  C:0F15H         LINE#         181
  C:0F1DH         LINE#         182
  C:0F1DH         LINE#         186
  C:0F23H         LINE#         187
  C:0F23H         LINE#         188
  C:0F29H         LINE#         193
  C:0F2BH         LINE#         194
  C:0F37H         LINE#         195
  C:0F37H         LINE#         196
  C:0F3CH         LINE#         197
  C:0F4BH         LINE#         199
  C:0F4BH         LINE#         201
  C:0F4BH         LINE#         202
  C:0F4BH         LINE#         204
BL51 BANKED LINKER/LOCATER V6.22.4.0                                                  07/16/2026  18:47:25  PAGE 29


  C:0F4BH         LINE#         207
  C:0F50H         LINE#         208
  C:0F50H         LINE#         210
  C:0F50H         LINE#         211
  C:0F50H         LINE#         213
  C:0F50H         LINE#         216
  C:0F50H         LINE#         218
  C:0F50H         LINE#         219
  C:0F54H         LINE#         220
  C:0F5CH         LINE#         222
  C:0F66H         LINE#         223
  C:0F70H         LINE#         226
  C:0F70H         LINE#         235
  C:0F70H         LINE#         237
  C:0F70H         LINE#         238
  C:0F7AH         LINE#         241
  -------         ENDPROC       _KEY_DRIVER_SCAN
  -------         ENDMOD        KEY_DRIVER

  -------         MODULE        AD_KEY
  C:0000H         SYMBOL        _ICE_DUMMY_
  X:60E5H         PUBLIC        ad_key_para
  C:1968H         PUBLIC        ad_key_handle
  X:60F8H         SYMBOL        ad_key_scan_table
  X:6108H         SYMBOL        ad_key_event_table
  C:25E4H         PUBLIC        ad_key_get_key_val
  C:215DH         SYMBOL        _ad_key_val_to_ad_key_index
  C:21F4H         SYMBOL        _ad_key_get_event
  C:2ACFH         SYMBOL        Com0036
  C:2ACFH         SYMBOL        L?0055
  -------         PROC          COM0036
  -------         ENDPROC       COM0036
  -------         PROC          _AD_KEY_VAL_TO_AD_KEY_INDEX
  D:0006H         SYMBOL        ad_key_val
  -------         DO            
  D:0005H         SYMBOL        i
  X:6087H         SYMBOL        ad_key_index
  -------         ENDDO         
  C:215DH         LINE#         55
  C:215DH         LINE#         56
  C:215DH         LINE#         57
  C:215FH         LINE#         58
  C:2167H         LINE#         61
  C:2167H         LINE#         62
  C:2167H         LINE#         63
  C:217FH         LINE#         64
  C:217FH         LINE#         65
  C:2199H         LINE#         66
  C:219BH         LINE#         67
  C:219BH         LINE#         68
  C:21A0H         LINE#         70
  C:21A8H         LINE#         71
  -------         ENDPROC       _AD_KEY_VAL_TO_AD_KEY_INDEX
  -------         PROC          _AD_KEY_GET_EVENT
  D:0007H         SYMBOL        key_val
  D:0005H         SYMBOL        key_event
  -------         DO            
BL51 BANKED LINKER/LOCATER V6.22.4.0                                                  07/16/2026  18:47:25  PAGE 30


  D:0006H         SYMBOL        ret_key_event
  D:0004H         SYMBOL        key_event_index
  D:0003H         SYMBOL        i
  -------         ENDDO         
  C:21F4H         LINE#         81
  C:21F4H         LINE#         82
  C:21F4H         LINE#         83
  C:21F6H         LINE#         84
  C:21F7H         LINE#         85
  C:21F8H         LINE#         88
  C:21FCH         LINE#         89
  C:21FCH         LINE#         90
  C:21FDH         LINE#         91
  C:21FFH         LINE#         92
  C:2203H         LINE#         93
  C:2203H         LINE#         94
  C:2205H         LINE#         95
  C:2207H         LINE#         96
  C:220BH         LINE#         97
  C:220BH         LINE#         98
  C:220DH         LINE#         99
  C:220FH         LINE#         100
  C:2213H         LINE#         101
  C:2213H         LINE#         102
  C:2215H         LINE#         103
  C:2217H         LINE#         105
  C:2217H         LINE#         106
  C:221AH         LINE#         107
  C:221AH         LINE#         109
  C:2220H         LINE#         110
  C:2220H         LINE#         111
  C:2227H         LINE#         112
  C:2227H         LINE#         113
  C:2236H         LINE#         114
  C:2238H         LINE#         115
  C:2238H         LINE#         116
  C:223BH         LINE#         118
  C:223DH         LINE#         119
  -------         ENDPROC       _AD_KEY_GET_EVENT
  -------         PROC          AD_KEY_GET_KEY_VAL
  -------         DO            
  X:60E3H         SYMBOL        val
  X:6086H         SYMBOL        ret
  -------         ENDDO         
  C:25E4H         LINE#         132
  C:25E4H         LINE#         133
  C:25E4H         LINE#         135
  C:25EAH         LINE#         138
  C:25F2H         LINE#         139
  C:25F2H         LINE#         140
  C:25F7H         LINE#         141
  C:2604H         LINE#         144
  C:2604H         LINE#         146
  C:2614H         LINE#         147
  C:2616H         LINE#         148
  -------         ENDPROC       AD_KEY_GET_KEY_VAL
  -------         PROC          AD_KEY_HANDLE
BL51 BANKED LINKER/LOCATER V6.22.4.0                                                  07/16/2026  18:47:25  PAGE 31


  -------         DO            
  X:6086H         SYMBOL        ad_key_event
  -------         ENDDO         
  C:1968H         LINE#         150
  C:1968H         LINE#         151
  C:1968H         LINE#         152
  C:196DH         LINE#         154
  C:1976H         LINE#         155
  C:1976H         LINE#         157
  C:1976H         LINE#         159
  C:1983H         LINE#         160
  C:1988H         LINE#         161
  C:198AH         LINE#         164
  C:1999H         LINE#         165
  C:1999H         LINE#         168
  C:19A2H         LINE#         169
  C:19ABH         LINE#         175
  C:19B1H         LINE#         177
  C:19B1H         LINE#         179
  C:19D7H         LINE#         180
  C:19D7H         LINE#         183
  C:19D7H         LINE#         187
  C:19DAH         LINE#         188
  C:19DAH         LINE#         190
  C:19DAH         LINE#         194
  C:19DAH         LINE#         196
  C:19DAH         LINE#         201
  C:19DAH         LINE#         203
  C:19DAH         LINE#         207
  C:19DAH         LINE#         211
  C:19DAH         LINE#         215
  C:19DCH         LINE#         216
  C:19DEH         LINE#         218
  C:19DEH         LINE#         223
  C:19E0H         LINE#         224
  C:19E2H         LINE#         226
  C:19E2H         LINE#         231
  C:19E4H         LINE#         232
  C:19E6H         LINE#         234
  C:19E6H         LINE#         238
  C:19E6H         LINE#         243
  C:19E6H         LINE#         248
  C:19E8H         LINE#         249
  C:19EAH         LINE#         251
  C:19EAH         LINE#         257
  C:19ECH         LINE#         258
  C:19EEH         LINE#         260
  C:19EEH         LINE#         266
  C:19F0H         LINE#         267
  C:19F2H         LINE#         269
  C:19F2H         LINE#         273
  C:19F2H         LINE#         277
  C:19F2H         LINE#         283
  C:19F8H         LINE#         284
  C:19F8H         LINE#         285
  C:19FAH         LINE#         286
  C:19FCH         LINE#         287
BL51 BANKED LINKER/LOCATER V6.22.4.0                                                  07/16/2026  18:47:25  PAGE 32


  C:1A03H         LINE#         288
  C:1A03H         LINE#         289
  C:1A08H         LINE#         290
  C:1A08H         LINE#         291
  C:1A08H         LINE#         293
  C:1A08H         LINE#         299
  C:1A0EH         LINE#         300
  C:1A0EH         LINE#         303
  C:1A11H         LINE#         304
  C:1A11H         LINE#         306
  C:1A11H         LINE#         311
  C:1A14H         LINE#         312
  C:1A14H         LINE#         313
  C:1A14H         LINE#         315
  C:1A14H         LINE#         319
  C:1A14H         LINE#         321
  C:1A14H         LINE#         325
  C:1A14H         LINE#         327
  C:1A14H         LINE#         328
  C:1A14H         LINE#         329
  C:1A14H         LINE#         330
  -------         ENDPROC       AD_KEY_HANDLE
  -------         ENDMOD        AD_KEY

  -------         MODULE        USER_TEST
  C:0000H         SYMBOL        _ICE_DUMMY_
  B:0090H.7       PUBLIC        P17
  X:61CAH         PUBLIC        flag_debug
  C:2915H         PUBLIC        debug_time_add
  C:2A9CH         PUBLIC        user_debug_pin_init
  -------         PROC          DEBUG_TIME_ADD
  -------         DO            
  X:61C8H         SYMBOL        cnt
  -------         ENDDO         
  C:2915H         LINE#         12
  C:2915H         LINE#         13
  C:2915H         LINE#         16
  C:291FH         LINE#         17
  C:292EH         LINE#         19
  C:292EH         LINE#         20
  C:2932H         LINE#         21
  C:2935H         LINE#         22
  C:2935H         LINE#         24
  -------         ENDPROC       DEBUG_TIME_ADD
  -------         PROC          USER_DEBUG_PIN_INIT
  C:2A9CH         LINE#         26
  C:2A9CH         LINE#         27
  C:2A9CH         LINE#         28
  C:2AA2H         LINE#         29
  C:2AA6H         LINE#         30
  C:2AABH         LINE#         31
  C:2AADH         LINE#         32
  -------         ENDPROC       USER_DEBUG_PIN_INIT
  -------         ENDMOD        USER_TEST

  -------         MODULE        LED
  C:0000H         SYMBOL        _ICE_DUMMY_
BL51 BANKED LINKER/LOCATER V6.22.4.0                                                  07/16/2026  18:47:25  PAGE 33


  B:0080H.0       PUBLIC        P00
  B:0080H.1       PUBLIC        P01
  B:0080H.2       PUBLIC        P02
  B:0080H.5       PUBLIC        P05
  B:0080H.6       PUBLIC        P06
  B:0090H.3       PUBLIC        P13
  B:00A0H.7       PUBLIC        P27
  B:00B0H.0       PUBLIC        P30
  X:6184H         PUBLIC        led_ctl
  X:6192H         PUBLIC        led_bat_level_sta
  C:20C2H         PUBLIC        led_init
  C:2AFBH         PUBLIC        led_yellow_on
[...]


  C:28D1H         LINE#         74
  C:28D1H         LINE#         89
  C:28D1H         LINE#         90
  -------         ENDPROC       _GET_BATTERY_VOLTAGE_BY_ADC
  -------         PROC          _BAT_VOL_HISTORY_BUFF_INIT
  D:0006H         SYMBOL        voltage_mv
  -------         DO            
  D:0005H         SYMBOL        i
  -------         ENDDO         
  C:2A4DH         LINE#         92
  C:2A4DH         LINE#         93
  C:2A4DH         LINE#         95
  C:2A4FH         LINE#         96
  C:2A4FH         LINE#         97
  C:2A58H         LINE#         98
  C:2A5DH         LINE#         99
  C:2A62H         LINE#         100
  -------         ENDPROC       _BAT_VOL_HISTORY_BUFF_INIT
  -------         PROC          _BAT_VOL_HISTORY_BUFF_ADD
  D:0006H         SYMBOL        voltage_mv
  C:28D2H         LINE#         102
  C:28D2H         LINE#         103
  C:28D2H         LINE#         104
  C:28DEH         LINE#         105
  C:28F3H         LINE#         111
  -------         ENDPROC       _BAT_VOL_HISTORY_BUFF_ADD
  -------         PROC          BAT_VOL_HISTORY_BUFF_GET_AVG
  -------         DO            
  X:6086H         SYMBOL        i
  X:6087H         SYMBOL        ret
  -------         ENDDO         
  C:2317H         LINE#         114
  C:2317H         LINE#         115
  C:2317H         LINE#         117
  C:2321H         LINE#         118
  C:2326H         LINE#         119
  C:2326H         LINE#         120
  C:2344H         LINE#         121
  C:234EH         LINE#         122
  -------         ENDPROC       BAT_VOL_HISTORY_BUFF_GET_AVG
  -------         PROC          BATTERY_VOLTAGE_UPDATE_BY_ISR
  -------         DO            
  X:6143H         SYMBOL        is_initialized
  X:60B3H         SYMBOL        adc_val
  X:60B5H         SYMBOL        cur_voltage_mv
  -------         ENDDO         
  C:17FAH         LINE#         131
  C:17FAH         LINE#         132
  C:17FAH         LINE#         134
  C:1801H         LINE#         135
  C:1807H         LINE#         138
  C:1812H         LINE#         139
  C:1812H         LINE#         140
  C:1817H         LINE#         141
  C:1824H         LINE#         143
  C:1837H         LINE#         146
  C:183DH         LINE#         147
BL51 BANKED LINKER/LOCATER V6.22.4.0                                                  07/16/2026  18:47:25  PAGE 54


  C:183DH         LINE#         148
  C:183FH         LINE#         150
  C:1845H         LINE#         151
  C:1854H         LINE#         153
  C:185FH         LINE#         162
  C:1868H         LINE#         163
  C:186EH         LINE#         165
  C:186EH         LINE#         179
  C:1875H         LINE#         180
  C:1875H         LINE#         182
  C:187BH         LINE#         184
  C:1882H         LINE#         185
  C:1886H         LINE#         189
  C:1887H         LINE#         190
  C:188EH         LINE#         191
  C:188EH         LINE#         193
  C:18A3H         LINE#         194
  C:18A3H         LINE#         195
  C:18B2H         LINE#         196
  C:18B2H         LINE#         197
  C:18B2H         LINE#         198
  C:18B2H         LINE#         199
  -------         ENDPROC       BATTERY_VOLTAGE_UPDATE_BY_ISR
  -------         PROC          BAT_VOL_HISTORY_BUFF_ADD_TIMER_CALLBACK
  -------         DO            
  X:6144H         SYMBOL        cnt
  -------         ENDDO         
  C:2421H         LINE#         206
  C:2421H         LINE#         207
  C:2421H         LINE#         210
  C:243AH         LINE#         211
  C:2446H         LINE#         212
  C:2446H         LINE#         213
  C:2450H         LINE#         215
  C:245BH         LINE#         216
  C:245BH         LINE#         217
  -------         ENDPROC       BAT_VOL_HISTORY_BUFF_ADD_TIMER_CALLBACK
  -------         PROC          BAT_SCAN
  C:2617H         LINE#         219
  C:2617H         LINE#         220
  C:2617H         LINE#         221
  C:2621H         LINE#         222
  C:2621H         LINE#         224
  C:2621H         LINE#         227
  C:262BH         LINE#         228
  C:262BH         LINE#         229
  C:2635H         LINE#         230
  C:2640H         LINE#         232
  C:2646H         LINE#         234
  C:2646H         LINE#         235
  -------         ENDPROC       BAT_SCAN
  -------         ENDMOD        BAT_SCAN

  -------         MODULE        LED_BAT_LEV
  C:0000H         SYMBOL        _ICE_DUMMY_
  X:61B9H         PUBLIC        led_bat_lev
  X:61BAH         PUBLIC        led_bat_lev_sta
BL51 BANKED LINKER/LOCATER V6.22.4.0                                                  07/16/2026  18:47:25  PAGE 55


  C:0045H         PUBLIC        _led_bat_lev_init
  C:200CH         PUBLIC        led_bat_lev_handle
  C:2A63H         PUBLIC        led_bat_lev_dislplay_1ms_isr
  B:0080H.0       PUBLIC        P00
  B:0080H.5       PUBLIC        P05
  B:0080H.6       PUBLIC        P06
  B:0090H.3       PUBLIC        P13
  C:2B45H         PUBLIC        _led_bat_lev_init_by_vol
  C:2B79H         SYMBOL        led_bat_lev_sta_charge_begin_anim_handle
  C:2B7AH         SYMBOL        led_bat_lev_sta_charging_handle
  C:0814H         SYMBOL        led_bat_lev_sta_discharge_handle
  C:26D2H         SYMBOL        Com0057
  C:26D2H         SYMBOL        L?0088
  C:26D4H         SYMBOL        L?0089
  C:26D5H         SYMBOL        L?0090
  C:26D9H         SYMBOL        L?0091
  C:26E2H         SYMBOL        L?0092
  C:26E8H         SYMBOL        L?0093
  C:26EFH         SYMBOL        L?0094
  C:26EFH         SYMBOL        L?0095
  C:26F6H         SYMBOL        L?0096
  -------         PROC          COM0057
  -------         ENDPROC       COM0057
  -------         PROC          _LED_BAT_LEV_INIT
  X:61CFH         SYMBOL        dest_bat_lev
  C:0045H         LINE#         21
  C:004AH         LINE#         22
  C:004AH         LINE#         23
  -------         ENDPROC       _LED_BAT_LEV_INIT
  -------         PROC          _LED_BAT_LEV_INIT_BY_VOL
  X:61CDH         SYMBOL        voltage_mv
  C:2B45H         LINE#         25
  C:2B4DH         LINE#         26
  C:2B4DH         LINE#         27
  -------         ENDPROC       _LED_BAT_LEV_INIT_BY_VOL
  -------         PROC          LED_BAT_LEV_HANDLE
  C:200CH         LINE#         29
  C:200CH         LINE#         30
  C:200CH         LINE#         31
  C:2029H         LINE#         36
  C:2029H         LINE#         38
  C:202CH         LINE#         39
  C:202DH         LINE#         40
  C:2045H         LINE#         44
  C:2045H         LINE#         52
  C:2049H         LINE#         53
  C:204AH         LINE#         54
  C:2062H         LINE#         58
  C:2062H         LINE#         59
  C:2068H         LINE#         60
  C:2068H         LINE#         61
  -------         ENDPROC       LED_BAT_LEV_HANDLE
  -------         PROC          LED_BAT_LEV_STA_CHARGE_BEGIN_ANIM_HANDLE
  C:2B79H         LINE#         63
  C:2B79H         LINE#         64
  C:2B79H         LINE#         65
  -------         ENDPROC       LED_BAT_LEV_STA_CHARGE_BEGIN_ANIM_HANDLE
BL51 BANKED LINKER/LOCATER V6.22.4.0                                                  07/16/2026  18:47:25  PAGE 56


  -------         PROC          LED_BAT_LEV_STA_CHARGING_HANDLE
  C:2B7AH         LINE#         67
  C:2B7AH         LINE#         68
  C:2B7AH         LINE#         69
  -------         ENDPROC       LED_BAT_LEV_STA_CHARGING_HANDLE
  -------         PROC          LED_BAT_LEV_STA_DISCHARGE_HANDLE
  -------         DO            
  X:61B5H         SYMBOL        jump_down_cnt_ms
  X:60DFH         SYMBOL        target_bat_lev
  -------         ENDDO         
  C:0814H         LINE#         72
  C:0814H         LINE#         73
  C:0814H         LINE#         76
  C:081AH         LINE#         78
  C:0829H         LINE#         81
  C:0829H         LINE#         83
  C:0838H         LINE#         84
  C:0838H         LINE#         89
  C:083EH         LINE#         90
  C:0841H         LINE#         91
  C:084DH         LINE#         92
  C:084DH         LINE#         93
  C:084DH         LINE#         94
  C:0850H         LINE#         95
  C:085CH         LINE#         96
  C:085CH         LINE#         97
  C:085CH         LINE#         98
  C:085FH         LINE#         99
  C:0865H         LINE#         100
  C:0865H         LINE#         101
  C:0865H         LINE#         102
  C:0868H         LINE#         103
  C:0871H         LINE#         104
  C:0871H         LINE#         105
  C:0871H         LINE#         106
  C:0874H         LINE#         108
  C:0874H         LINE#         110
  C:0874H         LINE#         111
  C:0874H         LINE#         112
  C:087CH         LINE#         113
  C:087CH         LINE#         118
  C:0891H         LINE#         119
  C:0891H         LINE#         120
  C:0897H         LINE#         121
  C:0897H         LINE#         122
  C:0899H         LINE#         126
  C:08AEH         LINE#         127
  C:08AEH         LINE#         128
  C:08B4H         LINE#         129
  C:08B6H         LINE#         133
  C:08CCH         LINE#         134
  C:08CCH         LINE#         135
  C:08D2H         LINE#         136
  C:08D4H         LINE#         140
  C:08E7H         LINE#         141
  C:08E7H         LINE#         142
  C:08EDH         LINE#         143
BL51 BANKED LINKER/LOCATER V6.22.4.0                                                  07/16/2026  18:47:25  PAGE 57


  C:08EFH         LINE#         145
  C:08EFH         LINE#         146
  C:08F5H         LINE#         147
  C:08F5H         LINE#         148
  C:08F5H         LINE#         157
  C:08FFH         LINE#         158
  C:08FFH         LINE#         159
  C:0908H         LINE#         160
  C:0908H         LINE#         165
  C:0912H         LINE#         167
  C:0921H         LINE#         170
  C:0921H         LINE#         172
  C:0934H         LINE#         173
  C:0934H         LINE#         174
  C:0934H         LINE#         175
  C:093CH         LINE#         176
  C:093CH         LINE#         177
  C:093CH         LINE#         178
  C:093CH         LINE#         179
  C:093EH         LINE#         181
  C:093EH         LINE#         182
  C:0949H         LINE#         183
  C:0949H         LINE#         184
  C:0949H         LINE#         185
  C:0949H         LINE#         186
  C:094BH         LINE#         188
  C:094BH         LINE#         189
  C:0956H         LINE#         190
  C:0956H         LINE#         191
  C:095EH         LINE#         192
  C:095EH         LINE#         193
  C:0961H         LINE#         195
  C:0961H         LINE#         196
  C:0969H         LINE#         197
  C:096DH         LINE#         198
  C:096FH         LINE#         199
  C:0971H         LINE#         200
  C:0973H         LINE#         201
  C:0976H         LINE#         203
  C:0976H         LINE#         205
  C:0976H         LINE#         206
  C:0976H         LINE#         207
  C:0976H         LINE#         208
  C:0976H         LINE#         209
  C:097CH         LINE#         210
  C:097CH         LINE#         212
  C:097CH         LINE#         213
  C:097FH         LINE#         215
  C:097FH         LINE#         221
  C:0998H         LINE#         222
  C:09A5H         LINE#         223
  C:09A5H         LINE#         224
  C:09AFH         LINE#         226
  C:09B8H         LINE#         227
  C:09B8H         LINE#         228
  C:09BBH         LINE#         229
  C:09BBH         LINE#         231
BL51 BANKED LINKER/LOCATER V6.22.4.0                                                  07/16/2026  18:47:25  PAGE 58


  C:09CAH         LINE#         234
  C:09CAH         LINE#         236
  C:09D5H         LINE#         237
  C:09D5H         LINE#         238
  C:09D5H         LINE#         239
  C:09DAH         LINE#         240
  C:09DAH         LINE#         244
  C:09E4H         LINE#         246
  C:09E4H         LINE#         247
  C:09E6H         LINE#         249
  C:09E6H         LINE#         250
  C:09EEH         LINE#         251
  C:09EEH         LINE#         255
  C:09F8H         LINE#         257
  C:09F8H         LINE#         258
  C:09FAH         LINE#         260
  C:09FAH         LINE#         262
  C:09FAH         LINE#         264
  C:09FAH         LINE#         265
  C:09FAH         LINE#         266
  C:09FAH         LINE#         267
  C:09FAH         LINE#         268
  C:09FEH         LINE#         269
  C:09FEH         LINE#         271
  C:09FEH         LINE#         272
  C:09FEH         LINE#         273
  C:09FEH         LINE#         274
  C:09FEH         LINE#         277
  C:0A0DH         LINE#         278
  C:0A0DH         LINE#         279
  C:0A0DH         LINE#         280
  C:0A0FH         LINE#         281
  C:0A11H         LINE#         282
  C:0A13H         LINE#         283
  C:0A15H         LINE#         284
  C:0A16H         LINE#         285
  C:0A16H         LINE#         286
  C:0A18H         LINE#         287
  C:0A1AH         LINE#         288
  C:0A1AH         LINE#         289
  C:0A1AH         LINE#         290
  C:0A1CH         LINE#         291
  C:0A1CH         LINE#         292
  C:0A1EH         LINE#         293
  C:0A20H         LINE#         294
  C:0A20H         LINE#         295
  C:0A20H         LINE#         296
  C:0A22H         LINE#         297
  C:0A22H         LINE#         298
  C:0A24H         LINE#         299
  C:0A26H         LINE#         300
  C:0A28H         LINE#         301
  C:0A2AH         LINE#         302
  C:0A2AH         LINE#         303
  C:0A2AH         LINE#         304
  -------         ENDPROC       LED_BAT_LEV_STA_DISCHARGE_HANDLE
  -------         PROC          LED_BAT_LEV_DISLPLAY_1MS_ISR
BL51 BANKED LINKER/LOCATER V6.22.4.0                                                  07/16/2026  18:47:25  PAGE 59


  C:2A63H         LINE#         306
  C:2A63H         LINE#         307
  C:2A63H         LINE#         308
  C:2A71H         LINE#         309
  C:2A71H         LINE#         310
  C:2A71H         LINE#         312
  C:2A71H         LINE#         313
  C:2A71H         LINE#         315
  C:2A71H         LINE#         317
  C:2A71H         LINE#         318
  C:2A71H         LINE#         320
  C:2A71H         LINE#         321
  C:2A74H         LINE#         322
  C:2A74H         LINE#         324
  C:2A74H         LINE#         325
  C:2A74H         LINE#         327
  C:2A74H         LINE#         328
  C:2A74H         LINE#         330
  C:2A74H         LINE#         331
  C:2A77H         LINE#         332
  C:2A77H         LINE#         333
  C:2A77H         LINE#         334
  -------         ENDPROC       LED_BAT_LEV_DISLPLAY_1MS_ISR
  -------         ENDMOD        LED_BAT_LEV

  -------         MODULE        ?C?COPY
  C:011EH         PUBLIC        ?C?COPY
  -------         ENDMOD        ?C?COPY

  -------         MODULE        ?C?CLDPTR
  C:0144H         PUBLIC        ?C?CLDPTR
  -------         ENDMOD        ?C?CLDPTR

  -------         MODULE        ?C?CLDOPTR
  C:015DH         PUBLIC        ?C?CLDOPTR
  -------         ENDMOD        ?C?CLDOPTR

  -------         MODULE        ?C?CILDOPTR
  C:018AH         PUBLIC        ?C?CILDOPTR
  -------         ENDMOD        ?C?CILDOPTR

  -------         MODULE        ?C?CSTOPTR
  C:01BDH         PUBLIC        ?C?CSTOPTR
  -------         ENDMOD        ?C?CSTOPTR

  -------         MODULE        ?C?UIDIV
  C:01DFH         PUBLIC        ?C?UIDIV
  -------         ENDMOD        ?C?UIDIV

  -------         MODULE        ?C?IILDX
  C:0234H         PUBLIC        ?C?IILDX
  -------         ENDMOD        ?C?IILDX

  -------         MODULE        ?C?LADD
  C:024AH         PUBLIC        ?C?LADD
  -------         ENDMOD        ?C?LADD

BL51 BANKED LINKER/LOCATER V6.22.4.0                                                  07/16/2026  18:47:25  PAGE 60


  -------         MODULE        ?C?ULDIV
  C:0293H         PUBLIC        ?C?ULDIV
  -------         ENDMOD        ?C?ULDIV

  -------         MODULE        ?C?SLCMP
  C:0325H         PUBLIC        ?C?SLCMP
  -------         ENDMOD        ?C?SLCMP

  -------         MODULE        ?C?ULCMP
  C:033BH         PUBLIC        ?C?ULCMP
  -------         ENDMOD        ?C?ULCMP

  -------         MODULE        ?C?LLDXDATA
  C:034CH         PUBLIC        ?C?LLDXDATA
  -------         ENDMOD        ?C?LLDXDATA

  -------         MODULE        ?C?LLDXDATA0
  C:0358H         PUBLIC        ?C?LLDXDATA0
  -------         ENDMOD        ?C?LLDXDATA0

  -------         MODULE        ?C?LSTXDATA
  C:0364H         PUBLIC        ?C?LSTXDATA
  -------         ENDMOD        ?C?LSTXDATA

  -------         MODULE        ?C?LSTKXDATA
  C:0370H         PUBLIC        ?C?LSTKXDATA
  -------         ENDMOD        ?C?LSTKXDATA

  -------         MODULE        ?C?PLDXDATA
  C:03A1H         PUBLIC        ?C?PLDXDATA
  -------         ENDMOD        ?C?PLDXDATA

  -------         MODULE        ?C?PSTXDATA
  C:03AAH         PUBLIC        ?C?PSTXDATA
  -------         ENDMOD        ?C?PSTXDATA

  -------         MODULE        ?C?PLDOPTR
  C:03B3H         PUBLIC        ?C?PLDOPTR
  -------         ENDMOD        ?C?PLDOPTR

  -------         MODULE        ?C?CCASE
  C:03E3H         PUBLIC        ?C?CCASE
  -------         ENDMOD        ?C?CCASE

  -------         MODULE        ?C?ICALL
  C:0409H         PUBLIC        ?C?ICALL
  C:040DH         PUBLIC        ?C?ICALL2
  -------         ENDMOD        ?C?ICALL

  -------         MODULE        ?C?LIMUL
  C:040FH         PUBLIC        ?C?LIMUL
  -------         ENDMOD        ?C?LIMUL

  -------         MODULE        PRINTF
  X:60B7H         PUBLIC        ?_PRINTF517?BYTE
  X:60B7H         PUBLIC        ?_PRINTF?BYTE
  X:60B7H         PUBLIC        ?_SPRINTF517?BYTE
BL51 BANKED LINKER/LOCATER V6.22.4.0                                                  07/16/2026  18:47:25  PAGE 61


  X:60B7H         PUBLIC        ?_SPRINTF?BYTE
  C:051AH         PUBLIC        _PRINTF
  C:051AH         PUBLIC        _PRINTF517
  C:0514H         PUBLIC        _SPRINTF
  C:0514H         PUBLIC        _SPRINTF517
  -------         ENDMOD        PRINTF

  -------         MODULE        ?C?MEMSET
  C:043CH         PUBLIC        ?C?MEMSET
  -------         ENDMOD        ?C?MEMSET

  -------         MODULE        ?C?CSTPTR
  C:0468H         PUBLIC        ?C?CSTPTR
  -------         ENDMOD        ?C?CSTPTR

  -------         MODULE        ?C?PLDIDATA
  C:047AH         PUBLIC        ?C?PLDIDATA
  -------         ENDMOD        ?C?PLDIDATA

  -------         MODULE        ?C?PLDIXDATA
  C:0483H         PUBLIC        ?C?PLDIXDATA
  -------         ENDMOD        ?C?PLDIXDATA

  -------         MODULE        ?C?PLDPDATA
  C:049AH         PUBLIC        ?C?PLDPDATA
  -------         ENDMOD        ?C?PLDPDATA

  -------         MODULE        ?C?PLDCODE
  C:04A3H         PUBLIC        ?C?PLDCODE
  -------         ENDMOD        ?C?PLDCODE

*** WARNING L16: UNCALLED SEGMENT, IGNORED FOR OVERLAY PROCESS
    SEGMENT: ?PR?BATTTERY_MONITOR_1MS_ISR?BATTERY_MONITOR

*** WARNING L16: UNCALLED SEGMENT, IGNORED FOR OVERLAY PROCESS
    SEGMENT: ?PR?BATTERY_MONITOR_HANDLE?BATTERY_MONITOR

*** WARNING L16: UNCALLED SEGMENT, IGNORED FOR OVERLAY PROCESS
    SEGMENT: ?PR?LOW_POWER_HANDLE?LOW_POWER

*** WARNING L16: UNCALLED SEGMENT, IGNORED FOR OVERLAY PROCESS
    SEGMENT: ?PR?_LED_BAT_LEV_INIT?LED_BAT_LEV

*** WARNING L16: UNCALLED SEGMENT, IGNORED FOR OVERLAY PROCESS
    SEGMENT: ?PR?_LED_BAT_LEV_INIT_BY_VOL?LED_BAT_LEV

*** WARNING L16: UNCALLED SEGMENT, IGNORED FOR OVERLAY PROCESS
    SEGMENT: ?PR?LED_BAT_LEV_STA_CHARGE_BEGIN_ANIM_HANDLE?LED_BAT_LEV

*** WARNING L15: MULTIPLE CALL TO SEGMENT
    SEGMENT: ?PR?PRINTF?PRINTF
    CALLER1: ?C_C51STARTUP
    CALLER2: ?PR?ADC_IRQHANDLER?ADC

Program Size: data=21.7 xdata=464 code=11131
LINK/LOCATE RUN COMPLETE.  7 WARNING(S),  0 ERROR(S)
