BL51 BANKED LINKER/LOCATER V6.22.4.0                                                    05/11/2026  17:40:25  PAGE 1


BL51 BANKED LINKER/LOCATER V6.22.4.0, INVOKED BY:
C:\KEIL_V5\C51\BIN\BL51.EXE .\Release\Objects\STARTUP.obj, .\Release\Objects\system.obj, .\Release\Objects\adc.obj, .\Re
>> lease\Objects\pwm.obj, .\Release\Objects\timer0.obj, .\Release\Objects\timer1.obj, .\Release\Objects\uart0.obj, .\Rel
>> ease\Objects\main.obj, .\Release\Objects\uart_data_handle.obj, .\Release\Objects\key_driver.obj, .\Release\Objects\ad
>> _key.obj, .\Release\Objects\user_test.obj, .\Release\Objects\led.obj, .\Release\Objects\battery_monitor.obj, .\Releas
>> e\Objects\bluetooth_ic_handle.obj, .\Release\Objects\charge_det.obj, .\Release\Objects\low_power.obj TO .\Release\Obj
>> ects\Demo PRINT (.\Release\Listings\Demo.m51) RAMSIZE (256) CODE (0X0000-0X3EEF) XDATA (0X6000-0X66FF)


MEMORY MODEL: LARGE


INPUT MODULES INCLUDED:
  .\Release\Objects\STARTUP.obj (?C_STARTUP)
  .\Release\Objects\system.obj (SYSTEM)
  .\Release\Objects\adc.obj (ADC)
  .\Release\Objects\pwm.obj (PWM)
  .\Release\Objects\timer0.obj (TIMER0)
  .\Release\Objects\timer1.obj (TIMER1)
  .\Release\Objects\uart0.obj (UART0)
  .\Release\Objects\main.obj (MAIN)
  .\Release\Objects\uart_data_handle.obj (UART_DATA_HANDLE)
  .\Release\Objects\key_driver.obj (KEY_DRIVER)
  .\Release\Objects\ad_key.obj (AD_KEY)
  .\Release\Objects\user_test.obj (USER_TEST)
  .\Release\Objects\led.obj (LED)
  .\Release\Objects\battery_monitor.obj (BATTERY_MONITOR)
  .\Release\Objects\bluetooth_ic_handle.obj (BLUETOOTH_IC_HANDLE)
  .\Release\Objects\charge_det.obj (CHARGE_DET)
  .\Release\Objects\low_power.obj (LOW_POWER)
  C:\KEIL_V5\C51\LIB\C51L.LIB (?C_INIT)
  C:\KEIL_V5\C51\LIB\C51L.LIB (?C?COPY)
  C:\KEIL_V5\C51\LIB\C51L.LIB (?C?CLDPTR)
  C:\KEIL_V5\C51\LIB\C51L.LIB (?C?CLDOPTR)
  C:\KEIL_V5\C51\LIB\C51L.LIB (?C?CILDOPTR)
  C:\KEIL_V5\C51\LIB\C51L.LIB (?C?CSTOPTR)
  C:\KEIL_V5\C51\LIB\C51L.LIB (?C?UIDIV)
  C:\KEIL_V5\C51\LIB\C51L.LIB (?C?IILDX)
  C:\KEIL_V5\C51\LIB\C51L.LIB (?C?LADD)
  C:\KEIL_V5\C51\LIB\C51L.LIB (?C?ULDIV)
  C:\KEIL_V5\C51\LIB\C51L.LIB (?C?SLCMP)
  C:\KEIL_V5\C51\LIB\C51L.LIB (?C?ULCMP)
  C:\KEIL_V5\C51\LIB\C51L.LIB (?C?LLDXDATA)
  C:\KEIL_V5\C51\LIB\C51L.LIB (?C?LLDXDATA0)
  C:\KEIL_V5\C51\LIB\C51L.LIB (?C?LSTXDATA)
  C:\KEIL_V5\C51\LIB\C51L.LIB (?C?LSTKXDATA)
  C:\KEIL_V5\C51\LIB\C51L.LIB (?C?PLDXDATA)
  C:\KEIL_V5\C51\LIB\C51L.LIB (?C?PSTXDATA)
  C:\KEIL_V5\C51\LIB\C51L.LIB (?C?PLDOPTR)
  C:\KEIL_V5\C51\LIB\C51L.LIB (?C?CCASE)
  C:\KEIL_V5\C51\LIB\C51L.LIB (?C?ICALL)
  C:\KEIL_V5\C51\LIB\C51L.LIB (?C?LIMUL)
  C:\KEIL_V5\C51\LIB\C51L.LIB (?C?MEMSET)
  C:\KEIL_V5\C51\LIB\C51L.LIB (?C?PLDIDATA)
  C:\KEIL_V5\C51\LIB\C51L.LIB (?C?PLDPDATA)
  C:\KEIL_V5\C51\LIB\C51L.LIB (?C?PLDCODE)


BL51 BANKED LINKER/LOCATER V6.22.4.0                                                  05/11/2026  17:40:25  PAGE 2


LINK MAP OF MODULE:  .\Release\Objects\Demo (?C_STARTUP)


            TYPE    BASE      LENGTH    RELOCATION   SEGMENT NAME
            -----------------------------------------------------

            * * * * * * *   D A T A   M E M O R Y   * * * * * * *
            REG     0000H     0008H     ABSOLUTE     "REG BANK 0"
                    0008H     0018H                  *** GAP ***
            BIT     0020H.0   0000H.4   UNIT         ?BI?ADC
            BIT     0020H.4   0000H.1   UNIT         ?BI?CHARGE_DET
                    0020H.5   0000H.3                *** GAP ***
            IDATA   0021H     0001H     UNIT         ?STACK

            * * * * * * *  X D A T A   M E M O R Y  * * * * * * *
                    0000H     6000H                  *** GAP ***
            XDATA   6000H     0206H     UNIT         ?XD?UART0
            XDATA   6206H     0039H     UNIT         ?XD?AD_KEY
            XDATA   623FH     0030H     UNIT         ?XD?BATTERY_MONITOR
            XDATA   626FH     001CH     UNIT         _XDATA_GROUP_
            XDATA   628BH     001AH     UNIT         ?XD?UART_DATA_HANDLE
            XDATA   62A5H     001AH     UNIT         ?XD?CHARGE_DET
            XDATA   62BFH     0011H     UNIT         ?XD?LED
            XDATA   62D0H     0009H     UNIT         ?XD?ADC
            XDATA   62D9H     0004H     UNIT         ?XD?KEY_DRIVER
            XDATA   62DDH     0004H     UNIT         ?XD?LOW_POWER
            XDATA   62E1H     0002H     UNIT         ?XD?BLUETOOTH_IC_HANDLE

            * * * * * * *   C O D E   M E M O R Y   * * * * * * *
            CODE    0000H     0003H     ABSOLUTE     
            CODE    0003H     000CH     ABSOLUTE     
            CODE    000FH     000FH     UNIT         ?PR?UART_RECEIVER_TIMEOUT_ADD?UART_DATA_HANDLE
            CODE    001EH     0003H     ABSOLUTE     
            CODE    0021H     0003H     ABSOLUTE     
            CODE    0024H     001BH     UNIT         ?PR?_ADC_CLEAR_UPDATE_FLAG?ADC
            CODE    003FH     0003H     ABSOLUTE     
            CODE    0042H     0003H     ABSOLUTE     
            CODE    0045H     0005H     UNIT         ?PR?BLE_IC_DISABLE_PRE?BLUETOOTH_IC_HANDLE
                    004AH     0001H                  *** GAP ***
            CODE    004BH     0003H     ABSOLUTE     
            CODE    004EH     0438H     UNIT         ?C?LIB_CODE
            CODE    0486H     0343H     UNIT         ?C_INITSEG
            CODE    07C9H     01BDH     UNIT         ?PR?LED_BAT_INSTRUCTION_TIMER_CALLBACK?LED
            CODE    0986H     01AFH     UNIT         ?PR?DETECT_1KHZ_SIGNAL_100US?CHARGE_DET
            CODE    0B35H     0193H     UNIT         ?PR?_KEY_DRIVER_SCAN?KEY_DRIVER
            CODE    0CC8H     0138H     UNIT         ?PR?BATTERY_MONITOR_HANDLE?BATTERY_MONITOR
            CODE    0E00H     0113H     UNIT         ?PR?CHARGE_DET?CHARGE_DET
            CODE    0F13H     0101H     UNIT         ?PR?LOW_POWER_IN?LOW_POWER
            CODE    1014H     00EAH     UNIT         ?PR?LED_RED_BLUE_FLASH_1MS_ISR?LED
            CODE    10FEH     00CFH     UNIT         ?PR?SYSTEM_INIT?SYSTEM
            CODE    11CDH     00C3H     UNIT         ?PR?LOW_POWER_HANDLE?LOW_POWER
            CODE    1290H     00B2H     UNIT         ?PR?BATTERY_VOLTAGE_UPDATE_BY_ISR?BATTERY_MONITOR
            CODE    1342H     00A9H     UNIT         ?PR?LED
            CODE    13EBH     00A5H     UNIT         ?PR?_UART_RECEIVER_PROCESS_BYTE?UART_DATA_HANDLE
            CODE    1490H     009BH     UNIT         ?PR?AD_KEY_HANDLE?AD_KEY
            CODE    152BH     008CH     UNIT         ?C_C51STARTUP
            CODE    15B7H     008CH     UNIT         ?PR?LED_SLOW_ADJUST_ISR?LED
BL51 BANKED LINKER/LOCATER V6.22.4.0                                                  05/11/2026  17:40:25  PAGE 3


            CODE    1643H     008BH     UNIT         ?PR?PWM_INIT?PWM
            CODE    16CEH     008AH     UNIT         ?PR?ADC_IRQHANDLER?ADC
            CODE    1758H     0079H     UNIT         ?PR?UART_DATA_HANDLE?UART_DATA_HANDLE
            CODE    17D1H     0069H     UNIT         ?PR?ADC_SCAN?ADC
            CODE    183AH     0069H     UNIT         ?PR?TIMR0_IRQHANDLER?TIMER0
            CODE    18A3H     0069H     UNIT         ?PR?_LED_STATUS_SET?LED
            CODE    190CH     0069H     UNIT         ?PR?BATTERY_MONITOR
            CODE    1975H     004EH     UNIT         ?PR?LED_INIT?LED
            CODE    19C3H     004DH     UNIT         ?PR?MAIN?MAIN
            CODE    1A10H     004CH     UNIT         ?PR?_AD_KEY_VAL_TO_AD_KEY_INDEX?AD_KEY
            CODE    1A5CH     004BH     UNIT         ?PR?_ADC_CHANNEL_SEL?ADC
            CODE    1AA7H     004AH     UNIT         ?PR?_AD_KEY_GET_EVENT?AD_KEY
            CODE    1AF1H     004AH     UNIT         ?PR?LOW_POWER_OUT?LOW_POWER
            CODE    1B3BH     0048H     UNIT         ?PR?_GET_BATTERY_PERCENTAGE_BY_VOLTAGE?BATTERY_MONITOR
            CODE    1B83H     0046H     UNIT         ?PR?BAT_VOL_HISTORY_BUFF_GET_AVG?BATTERY_MONITOR
            CODE    1BC9H     0045H     UNIT         ?PR?TIMR1_IRQHANDLER?TIMER1
            CODE    1C0EH     0045H     UNIT         ?PR?_UART_DATA_SEND_CMD?UART_DATA_HANDLE
            CODE    1C53H     0041H     UNIT         ?PR?_UART0_RXBUFFER_PUT_BYTE?UART0
            CODE    1C94H     0041H     UNIT         ?PR?_GET_BATTERY_VOLTAGE_BY_ADC?BATTERY_MONITOR
            CODE    1CD5H     003DH     UNIT         ?PR?_ADC_UPDATE_VAL?ADC
            CODE    1D12H     003CH     UNIT         ?PR?UART0_RXBUFFER_GET_BYTE?UART0
            CODE    1D4EH     003AH     UNIT         ?PR?UART0_INIT?UART0
            CODE    1D88H     0039H     UNIT         ?PR?BAT_VOL_UPDATE_TIMER_CALLBACK?BATTERY_MONITOR
            CODE    1DC1H     0038H     UNIT         ?PR?LED_RESUME?LED
            CODE    1DF9H     0035H     UNIT         ?PR?LOW_POWER_ENTER_TIMER_CALLBACK?LOW_POWER
            CODE    1E2EH     0034H     UNIT         ?PR?UART0_IRQHANDLER?UART0
            CODE    1E62H     0033H     UNIT         ?PR?AD_KEY_GET_KEY_VAL?AD_KEY
            CODE    1E95H     0031H     UNIT         ?PR?SEND_LOW_BAT_TIMER_CALLBACK?BATTERY_MONITOR
            CODE    1EC6H     002FH     UNIT         ?PR?_BATTERY_MONITOR_REFRESH_BY_ADC_VAL?BATTERY_MONITOR
            CODE    1EF5H     002EH     UNIT         ?PR?_ADC_GET_VAL?ADC
            CODE    1F23H     002EH     UNIT         ?PR?ADC
            CODE    1F51H     002AH     UNIT         ?PR?LED_STATUS_SWITCH?LED
            CODE    1F7BH     0029H     UNIT         ?PR?BAT_VOL_BUFF_GET_AVG_TIMER_CALLBACK?BATTERY_MONITOR
            CODE    1FA4H     0028H     UNIT         ?PR?BAT_VOL_BUFF_ADD_TIMER_CALLBACK?BATTERY_MONITOR
            CODE    1FCCH     0025H     UNIT         ?PR?_ADC_GET_UPDATE_FLAG?ADC
            CODE    1FF1H     0023H     UNIT         ?PR?_UART0_SENDBUF?UART0
            CODE    2014H     0022H     UNIT         ?PR?ADC_INIT?ADC
            CODE    2036H     0022H     UNIT         ?PR?UART_RECEIVER_PROCESS_CHECKSUM?UART_DATA_HANDLE
            CODE    2058H     0022H     UNIT         ?PR?_BAT_VOL_HISTORY_BUFF_ADD?BATTERY_MONITOR
            CODE    207AH     0022H     UNIT         ?PR?CHARGE_DET
            CODE    209CH     0021H     UNIT         ?PR?USER_INIT?MAIN
            CODE    20BDH     0021H     UNIT         ?PR?KEY_DRIVER
            CODE    20DEH     001BH     UNIT         ?PR?TIMER0_INIT?TIMER0
            CODE    20F9H     001BH     UNIT         ?PR?TIMER1_INIT?TIMER1
            CODE    2114H     001AH     UNIT         ?PR?BLUETOOTH_IC_HANDLE_INIT?BLUETOOTH_IC_HANDLE
            CODE    212EH     0019H     UNIT         ?PR?CHARGE_DET_INIT?CHARGE_DET
            CODE    2147H     0018H     UNIT         ?PR?_DELAY_MS?SYSTEM
            CODE    215FH     0018H     UNIT         ?PR?IS_LOW_POWER_CONDITION_ESTABLISH?LOW_POWER
            CODE    2177H     0018H     UNIT         ?PR?WUT_IRQHANDLER?LOW_POWER
            CODE    218FH     0017H     UNIT         ?PR?ADC_GET_VAL_ONCE?ADC
            CODE    21A6H     0017H     UNIT         ?PR?UART_DATA_HANDLE
            CODE    21BDH     0016H     UNIT         ?PR?PWM
            CODE    21D3H     0016H     UNIT         ?PR?_BAT_VOL_HISTORY_BUFF_INIT?BATTERY_MONITOR
            CODE    21E9H     0015H     UNIT         ?PR?BLE_IC_ENABLE?BLUETOOTH_IC_HANDLE
            CODE    21FEH     0013H     UNIT         ?PR?UART_RECEIVER_TIMEOUT_HANDLER?UART_DATA_HANDLE
            CODE    2211H     0012H     UNIT         ?PR?ADC_INIT_WHEN_LOW_PWR_OUT?ADC
            CODE    2223H     0012H     UNIT         ?PR?UART_RECEIVER_RESET?UART_DATA_HANDLE
BL51 BANKED LINKER/LOCATER V6.22.4.0                                                  05/11/2026  17:40:25  PAGE 4


            CODE    2235H     0011H     UNIT         ?PR?ADC_PIN_INIT?ADC
            CODE    2246H     000FH     UNIT         ?PR?AD_KEY
            CODE    2255H     000FH     UNIT         ?PR?LED_CTL_INIT?LED
            CODE    2264H     000DH     UNIT         ?PR?LED_YELLOW_ON?LED
            CODE    2271H     000DH     UNIT         ?PR?__LED_YELLOW_RESUME__?LED
            CODE    227EH     000DH     UNIT         ?PR?LED_WHITE_ON?LED
            CODE    228BH     000DH     UNIT         ?PR?__LED_WHITE_RESUME__?LED
            CODE    2298H     000BH     UNIT         ?PR?_DELAY?SYSTEM
            CODE    22A3H     0009H     UNIT         ?PR?_PWM_SET_CHANNEL_0_DUTY?PWM
            CODE    22ACH     0009H     UNIT         ?PR?_PWM_SET_CHANNEL_1_DUTY?PWM
            CODE    22B5H     0009H     UNIT         ?PR?UART0_RXBUFFER_GET_COUNT?UART0
            CODE    22BEH     0008H     UNIT         ?PR?_UART0_SENDBYTE?UART0
            CODE    22C6H     0008H     UNIT         ?CO?UART_DATA_HANDLE
            CODE    22CEH     0008H     UNIT         ?PR?LED_YELLOW_OFF?LED
            CODE    22D6H     0008H     UNIT         ?PR?LED_WHITE_OFF?LED
            CODE    22DEH     0008H     UNIT         ?PR?BLE_IC_DISABLE_POST?BLUETOOTH_IC_HANDLE
            CODE    22E6H     0007H     UNIT         ?PR?UART0
            CODE    22EDH     0004H     UNIT         ?PR?LED_SUSPEND?LED
            CODE    22F1H     0003H     UNIT         ?PR?CHARGE_DET_TIME_ADD?CHARGE_DET



OVERLAY MAP OF MODULE:   .\Release\Objects\Demo (?C_STARTUP)


SEGMENT                                            XDATA_GROUP
  +--> CALLED SEGMENT                            START    LENGTH
----------------------------------------------------------------
?C_C51STARTUP                                    -----    -----
  +--> ?PR?MAIN?MAIN
  +--> ?C_INITSEG

?PR?MAIN?MAIN                                    -----    -----
  +--> ?PR?SYSTEM_INIT?SYSTEM
  +--> ?PR?USER_INIT?MAIN
  +--> ?PR?_DELAY_MS?SYSTEM
  +--> ?PR?_KEY_DRIVER_SCAN?KEY_DRIVER
  +--> ?PR?AD_KEY_HANDLE?AD_KEY
  +--> ?PR?UART_DATA_HANDLE?UART_DATA_HANDLE
  +--> ?PR?BATTERY_MONITOR_HANDLE?BATTERY_MO...
  +--> ?PR?CHARGE_DET?CHARGE_DET
  +--> ?PR?LOW_POWER_HANDLE?LOW_POWER

?PR?SYSTEM_INIT?SYSTEM                           -----    -----
  +--> ?PR?_DELAY?SYSTEM
  +--> ?PR?_DELAY_MS?SYSTEM

?PR?_DELAY_MS?SYSTEM                             -----    -----
  +--> ?PR?_DELAY?SYSTEM

?PR?USER_INIT?MAIN                               -----    -----
  +--> ?PR?ADC_PIN_INIT?ADC
  +--> ?PR?ADC_INIT?ADC
  +--> ?PR?LED_INIT?LED
  +--> ?PR?UART0_INIT?UART0
  +--> ?PR?PWM_INIT?PWM
  +--> ?PR?BLUETOOTH_IC_HANDLE_INIT?BLUETOOT...
BL51 BANKED LINKER/LOCATER V6.22.4.0                                                  05/11/2026  17:40:25  PAGE 5


  +--> ?PR?UART_RECEIVER_RESET?UART_DATA_HANDLE
  +--> ?PR?LED_CTL_INIT?LED
  +--> ?PR?CHARGE_DET_INIT?CHARGE_DET
  +--> ?PR?TIMER0_INIT?TIMER0
  +--> ?PR?TIMER1_INIT?TIMER1

?PR?ADC_INIT?ADC                                 -----    -----
  +--> ?PR?_DELAY_MS?SYSTEM

?PR?LED_INIT?LED                                 -----    -----
  +--> ?PR?LED

?PR?LED                                          -----    -----
  +--> ?PR?LED_YELLOW_OFF?LED
  +--> ?PR?LED_WHITE_OFF?LED

?PR?PWM_INIT?PWM                                 -----    -----
  +--> ?PR?PWM

?PR?_KEY_DRIVER_SCAN?KEY_DRIVER                  626FH    0002H
  +--> ?PR?KEY_DRIVER

?PR?AD_KEY_HANDLE?AD_KEY                         626FH    0001H
  +--> ?PR?_AD_KEY_GET_EVENT?AD_KEY
  +--> ?PR?LED_STATUS_SWITCH?LED
  +--> ?PR?_UART_DATA_SEND_CMD?UART_DATA_HANDLE
  +--> ?PR?BLE_IC_DISABLE_PRE?BLUETOOTH_IC_H...
  +--> ?PR?BLE_IC_ENABLE?BLUETOOTH_IC_HANDLE

?PR?_AD_KEY_GET_EVENT?AD_KEY                     -----    -----
  +--> ?PR?AD_KEY

?PR?LED_STATUS_SWITCH?LED                        -----    -----
  +--> ?PR?_LED_STATUS_SET?LED

?PR?_LED_STATUS_SET?LED                          6271H    0001H
  +--> ?PR?LED
  +--> ?PR?LED_YELLOW_OFF?LED
  +--> ?PR?LED_WHITE_ON?LED
  +--> ?PR?LED_YELLOW_ON?LED
  +--> ?PR?LED_WHITE_OFF?LED

?PR?LED_WHITE_ON?LED                             -----    -----
  +--> ?PR?_PWM_SET_CHANNEL_1_DUTY?PWM

?PR?_PWM_SET_CHANNEL_1_DUTY?PWM                  -----    -----
  +--> ?PR?PWM

?PR?LED_YELLOW_ON?LED                            -----    -----
  +--> ?PR?_PWM_SET_CHANNEL_0_DUTY?PWM

?PR?_PWM_SET_CHANNEL_0_DUTY?PWM                  -----    -----
  +--> ?PR?PWM

?PR?_UART_DATA_SEND_CMD?UART_DATA_HANDLE         6271H    0009H
  +--> ?CO?UART_DATA_HANDLE
  +--> ?PR?_UART0_SENDBUF?UART0
BL51 BANKED LINKER/LOCATER V6.22.4.0                                                  05/11/2026  17:40:25  PAGE 6



?PR?_UART0_SENDBUF?UART0                         627AH    0003H
  +--> ?PR?_UART0_SENDBYTE?UART0

?PR?BLE_IC_DISABLE_PRE?BLUETOOTH_IC_H...         -----    -----
  +--> ?PR?_UART_DATA_SEND_CMD?UART_DATA_HANDLE

?PR?BLE_IC_ENABLE?BLUETOOTH_IC_HANDLE            -----    -----
  +--> ?PR?_DELAY_MS?SYSTEM
  +--> ?PR?_UART_DATA_SEND_CMD?UART_DATA_HANDLE

?PR?UART_DATA_HANDLE?UART_DATA_HANDLE            -----    -----
  +--> ?PR?UART_RECEIVER_RESET?UART_DATA_HANDLE
  +--> ?PR?UART_RECEIVER_TIMEOUT_HANDLER?UAR...
  +--> ?PR?UART0_RXBUFFER_GET_COUNT?UART0
  +--> ?PR?UART0_RXBUFFER_GET_BYTE?UART0
  +--> ?PR?_UART_RECEIVER_PROCESS_BYTE?UART_...
  +--> ?PR?BLE_IC_DISABLE_POST?BLUETOOTH_IC_...

?PR?UART_RECEIVER_TIMEOUT_HANDLER?UAR...         -----    -----
  +--> ?PR?UART_RECEIVER_RESET?UART_DATA_HANDLE

?PR?UART0_RXBUFFER_GET_BYTE?UART0                -----    -----
  +--> ?PR?UART0

?PR?_UART_RECEIVER_PROCESS_BYTE?UART_...         -----    -----
  +--> ?PR?UART_DATA_HANDLE
  +--> ?PR?UART_RECEIVER_PROCESS_CHECKSUM?UA...

?PR?BATTERY_MONITOR_HANDLE?BATTERY_MO...         -----    -----
  +--> ?PR?BATTERY_MONITOR
  +--> ?PR?_BAT_VOL_HISTORY_BUFF_ADD?BATTERY...
  +--> ?PR?BAT_VOL_HISTORY_BUFF_GET_AVG?BATT...
  +--> ?PR?_GET_BATTERY_PERCENTAGE_BY_VOLTAG...
  +--> ?PR?_LED_STATUS_SET?LED
  +--> ?PR?_UART_DATA_SEND_CMD?UART_DATA_HANDLE
  +--> ?PR?_DELAY_MS?SYSTEM
  +--> ?PR?BLE_IC_DISABLE_PRE?BLUETOOTH_IC_H...
  +--> ?PR?BLE_IC_ENABLE?BLUETOOTH_IC_HANDLE

?PR?_BAT_VOL_HISTORY_BUFF_ADD?BATTERY...         -----    -----
  +--> ?PR?BATTERY_MONITOR

?PR?BAT_VOL_HISTORY_BUFF_GET_AVG?BATT...         626FH    0005H
  +--> ?PR?BATTERY_MONITOR

?PR?_GET_BATTERY_PERCENTAGE_BY_VOLTAG...         6283H    0004H

?PR?CHARGE_DET?CHARGE_DET                        626FH    0002H
  +--> ?PR?_ADC_GET_UPDATE_FLAG?ADC
  +--> ?PR?_ADC_CLEAR_UPDATE_FLAG?ADC
  +--> ?PR?_ADC_GET_VAL?ADC
  +--> ?PR?_LED_STATUS_SET?LED
  +--> ?PR?BLE_IC_DISABLE_PRE?BLUETOOTH_IC_H...

?PR?LOW_POWER_HANDLE?LOW_POWER                   626FH    0003H
  +--> ?PR?LOW_POWER_IN?LOW_POWER
BL51 BANKED LINKER/LOCATER V6.22.4.0                                                  05/11/2026  17:40:25  PAGE 7


  +--> ?PR?LOW_POWER_OUT?LOW_POWER
  +--> ?PR?ADC_PIN_INIT?ADC
  +--> ?PR?ADC_INIT_WHEN_LOW_PWR_OUT?ADC
  +--> ?PR?_ADC_CHANNEL_SEL?ADC
  +--> ?PR?_DELAY_MS?SYSTEM
  +--> ?PR?ADC_GET_VAL_ONCE?ADC
  +--> ?PR?_BATTERY_MONITOR_REFRESH_BY_ADC_V...
  +--> ?PR?USER_INIT?MAIN

?PR?LOW_POWER_IN?LOW_POWER                       -----    -----
  +--> ?PR?_DELAY_MS?SYSTEM

?PR?ADC_GET_VAL_ONCE?ADC                         -----    -----
  +--> ?PR?ADC

?PR?ADC                                          -----    -----
  +--> ?PR?_ADC_CHANNEL_SEL?ADC

?PR?_BATTERY_MONITOR_REFRESH_BY_ADC_V...         -----    -----
  +--> ?PR?_GET_BATTERY_VOLTAGE_BY_ADC?BATTE...
  +--> ?PR?BATTERY_MONITOR
  +--> ?PR?_BAT_VOL_HISTORY_BUFF_INIT?BATTER...
  +--> ?PR?_GET_BATTERY_PERCENTAGE_BY_VOLTAG...

?PR?_BAT_VOL_HISTORY_BUFF_INIT?BATTER...         -----    -----
  +--> ?PR?BATTERY_MONITOR

?C_INITSEG                                       -----    -----
  +--> ?PR?AD_KEY_GET_KEY_VAL?AD_KEY

?PR?AD_KEY_GET_KEY_VAL?AD_KEY                    626FH    0001H
  +--> ?PR?_ADC_GET_UPDATE_FLAG?ADC
  +--> ?PR?_ADC_CLEAR_UPDATE_FLAG?ADC
  +--> ?PR?_ADC_GET_VAL?ADC
  +--> ?PR?_AD_KEY_VAL_TO_AD_KEY_INDEX?AD_KEY

?PR?_AD_KEY_VAL_TO_AD_KEY_INDEX?AD_KEY           6270H    0002H

*** NEW ROOT ***************************************************

?PR?ADC_IRQHANDLER?ADC                           627DH    0002H
  +--> ?PR?ADC
  +--> ?PR?_ADC_UPDATE_VAL?ADC
  +--> ?PR?LED_RESUME?LED
  +--> ?PR?BATTERY_VOLTAGE_UPDATE_BY_ISR?BAT...

?PR?LED_RESUME?LED                               -----    -----
  +--> ?PR?LED
  +--> ?PR?__LED_YELLOW_RESUME__?LED
  +--> ?PR?LED_YELLOW_OFF?LED
  +--> ?PR?__LED_WHITE_RESUME__?LED
  +--> ?PR?LED_WHITE_OFF?LED

?PR?__LED_YELLOW_RESUME__?LED                    -----    -----
  +--> ?PR?LED
  +--> ?PR?_PWM_SET_CHANNEL_0_DUTY?PWM

BL51 BANKED LINKER/LOCATER V6.22.4.0                                                  05/11/2026  17:40:25  PAGE 8


?PR?__LED_WHITE_RESUME__?LED                     -----    -----
  +--> ?PR?LED
  +--> ?PR?_PWM_SET_CHANNEL_1_DUTY?PWM

?PR?BATTERY_VOLTAGE_UPDATE_BY_ISR?BAT...         627FH    0004H
  +--> ?PR?_ADC_GET_UPDATE_FLAG?ADC
  +--> ?PR?_ADC_CLEAR_UPDATE_FLAG?ADC
  +--> ?PR?_ADC_GET_VAL?ADC
  +--> ?PR?_GET_BATTERY_VOLTAGE_BY_ADC?BATTE...
  +--> ?PR?BATTERY_MONITOR
  +--> ?PR?_BAT_VOL_HISTORY_BUFF_INIT?BATTER...
  +--> ?PR?_GET_BATTERY_PERCENTAGE_BY_VOLTAG...

*** NEW ROOT ***************************************************

?PR?TIMR0_IRQHANDLER?TIMER0                      -----    -----
  +--> ?PR?ADC_SCAN?ADC
  +--> ?PR?CHARGE_DET_TIME_ADD?CHARGE_DET
  +--> ?PR?UART_RECEIVER_TIMEOUT_ADD?UART_DA...
  +--> ?PR?BAT_VOL_UPDATE_TIMER_CALLBACK?BAT...
  +--> ?PR?BAT_VOL_BUFF_ADD_TIMER_CALLBACK?B...
  +--> ?PR?BAT_VOL_BUFF_GET_AVG_TIMER_CALLBA...
  +--> ?PR?LED_SLOW_ADJUST_ISR?LED
  +--> ?PR?LED_RED_BLUE_FLASH_1MS_ISR?LED
  +--> ?PR?LED_BAT_INSTRUCTION_TIMER_CALLBAC...
  +--> ?PR?LOW_POWER_ENTER_TIMER_CALLBACK?LO...
  +--> ?PR?SEND_LOW_BAT_TIMER_CALLBACK?BATTE...

?PR?ADC_SCAN?ADC                                 -----    -----
  +--> ?PR?ADC
  +--> ?PR?LED_SUSPEND?LED

?PR?LED_SUSPEND?LED                              -----    -----
  +--> ?PR?LED

?PR?BAT_VOL_BUFF_ADD_TIMER_CALLBACK?B...         -----    -----
  +--> ?PR?BATTERY_MONITOR

?PR?BAT_VOL_BUFF_GET_AVG_TIMER_CALLBA...         -----    -----
  +--> ?PR?BATTERY_MONITOR

?PR?LED_SLOW_ADJUST_ISR?LED                      -----    -----
  +--> ?PR?LED
  +--> ?PR?_PWM_SET_CHANNEL_0_DUTY?PWM
  +--> ?PR?_PWM_SET_CHANNEL_1_DUTY?PWM

?PR?LED_RED_BLUE_FLASH_1MS_ISR?LED               6287H    0002H
  +--> ?PR?LED

?PR?LED_BAT_INSTRUCTION_TIMER_CALLBAC...         -----    -----
  +--> ?PR?LED

?PR?LOW_POWER_ENTER_TIMER_CALLBACK?LO...         -----    -----
  +--> ?PR?IS_LOW_POWER_CONDITION_ESTABLISH?...

*** NEW ROOT ***************************************************

BL51 BANKED LINKER/LOCATER V6.22.4.0                                                  05/11/2026  17:40:25  PAGE 9


?PR?TIMR1_IRQHANDLER?TIMER1                      -----    -----
  +--> ?PR?DETECT_1KHZ_SIGNAL_100US?CHARGE_DET

?PR?DETECT_1KHZ_SIGNAL_100US?CHARGE_DET          6289H    0001H
  +--> ?PR?CHARGE_DET

*** NEW ROOT ***************************************************

?PR?UART0_IRQHANDLER?UART0                       628AH    0001H
  +--> ?PR?_UART0_RXBUFFER_PUT_BYTE?UART0

?PR?_UART0_RXBUFFER_PUT_BYTE?UART0               -----    -----
  +--> ?PR?UART0



SYMBOL TABLE OF MODULE:  .\Release\Objects\Demo (?C_STARTUP)

  VALUE           TYPE          NAME
  ----------------------------------

  -------         MODULE        ?C_STARTUP
  C:152BH         SEGMENT       ?C_C51STARTUP
  I:0021H         SEGMENT       ?STACK
  C:0000H         PUBLIC        ?C_STARTUP
  D:00E0H         SYMBOL        ACC
  D:00F0H         SYMBOL        B
  D:0083H         SYMBOL        DPH
  D:0082H         SYMBOL        DPL
  N:0000H         SYMBOL        IBPSTACK
  N:0100H         SYMBOL        IBPSTACKTOP
  N:0080H         SYMBOL        IDATALEN
  C:152EH         SYMBOL        IDATALOOP
  N:0000H         SYMBOL        PBPSTACK
  N:0100H         SYMBOL        PBPSTACKTOP
  N:0000H         SYMBOL        PDATALEN
  N:0000H         SYMBOL        PDATASTART
  N:0000H         SYMBOL        PPAGE
  N:0000H         SYMBOL        PPAGEENABLE
  D:00A0H         SYMBOL        PPAGE_SFR
  D:0081H         SYMBOL        SP
  C:152BH         SYMBOL        STARTUP1
  N:0000H         SYMBOL        XBPSTACK
  N:0000H         SYMBOL        XBPSTACKTOP
  N:0000H         SYMBOL        XDATALEN
  N:0000H         SYMBOL        XDATASTART
  C:0000H         LINE#         126
  C:152BH         LINE#         133
  C:152DH         LINE#         134
  C:152EH         LINE#         135
  C:152FH         LINE#         136
  C:1531H         LINE#         185
  C:1534H         LINE#         196
  -------         ENDMOD        ?C_STARTUP

  -------         MODULE        SYSTEM
  C:0000H         SYMBOL        _ICE_DUMMY_
BL51 BANKED LINKER/LOCATER V6.22.4.0                                                  05/11/2026  17:40:25  PAGE 10


  D:00A7H         PUBLIC        FLASH_TIMEREG0
  D:00ACH         PUBLIC        FLASH_TIMEREG1
  C:2298H         PUBLIC        _delay
  C:2147H         PUBLIC        _delay_ms
  C:10FEH         PUBLIC        system_init
  -------         PROC          _DELAY
  D:0006H         SYMBOL        cnt
  C:2298H         LINE#         37
  C:2298H         LINE#         38
  C:2298H         LINE#         39
  C:22A2H         LINE#         40
  C:22A2H         LINE#         41
  C:22A2H         LINE#         42
  -------         ENDPROC       _DELAY
  -------         PROC          _DELAY_MS
  D:0002H         SYMBOL        ms
  C:2147H         LINE#         49
  C:214BH         LINE#         50
  C:214BH         LINE#         51
  C:2155H         LINE#         52
  C:2155H         LINE#         53
  C:215CH         LINE#         54
  C:215EH         LINE#         55
  -------         ENDPROC       _DELAY_MS
  -------         PROC          SYSTEM_INIT
  -------         DO            
  D:0007H         SYMBOL        i
  -------         ENDDO         
  C:10FEH         LINE#         62
  C:10FEH         LINE#         63
  C:10FEH         LINE#         66
  C:1105H         LINE#         67
  C:1112H         LINE#         68
  C:1115H         LINE#         69
  C:1118H         LINE#         70
  C:111EH         LINE#         71
  C:1124H         LINE#         72
  C:112AH         LINE#         76
  C:112CH         LINE#         77
  C:112CH         LINE#         78
  C:1139H         LINE#         79
  C:113EH         LINE#         81
  C:11CCH         LINE#         82
  -------         ENDPROC       SYSTEM_INIT
  -------         ENDMOD        SYSTEM

  -------         MODULE        ADC
  C:0000H         SYMBOL        _ICE_DUMMY_
  D:00A8H         PUBLIC        IE0
  D:00A9H         PUBLIC        IE1
  D:00AAH         PUBLIC        IE2
  D:00ABH         PUBLIC        IE3
  B:00A8H.7       PUBLIC        IE_EA
  D:00B8H         PUBLIC        IP0
  D:00B1H         PUBLIC        IP1
  D:00B2H         PUBLIC        IP2
  D:00B3H         PUBLIC        IP3
BL51 BANKED LINKER/LOCATER V6.22.4.0                                                  05/11/2026  17:40:25  PAGE 11


  D:00B4H         PUBLIC        IP4
  D:00B5H         PUBLIC        IP5
  D:00B6H         PUBLIC        IP6
  D:00B7H         PUBLIC        IP7
  D:0093H         PUBLIC        ADC_DATAH0
  D:0094H         PUBLIC        ADC_DATAL0
  D:0099H         PUBLIC        ADC_CHS0
  X:62D0H         PUBLIC        cur_adc_status
  C:2235H         PUBLIC        adc_pin_init
  C:2014H         PUBLIC        adc_init
  C:17D1H         PUBLIC        adc_scan
  C:2211H         PUBLIC        adc_init_when_low_pwr_out
  C:1CD5H         PUBLIC        _adc_update_val
  C:1EF5H         PUBLIC        _adc_get_val
  C:1FCCH         PUBLIC        _adc_get_update_flag
  C:0024H         PUBLIC        _adc_clear_update_flag
  C:1A5CH         PUBLIC        _adc_channel_sel
  C:218FH         PUBLIC        adc_get_val_once
  X:62D1H         SYMBOL        adc_adkey_val
  B:0020H.0       SYMBOL        flag_is_adkey_val_update
  X:62D3H         SYMBOL        adc_bat_det_val
  B:0020H.1       SYMBOL        flag_is_adc_bat_det_val_update
  X:62D5H         SYMBOL        adc_solar_det_val
  B:0020H.2       SYMBOL        flag_is_adc_solar_det_val_update
  X:62D7H         SYMBOL        adc_type_c_det_val
  B:0020H.3       SYMBOL        flag_is_adc_type_c_det_val_update
  C:16CEH         PUBLIC        ADC_IRQHandler
  C:1F23H         SYMBOL        Com0067
  C:1F23H         SYMBOL        L?0104
  C:1F23H         SYMBOL        L?0105
  C:1F2DH         SYMBOL        L?0106
  C:1F2DH         SYMBOL        L?0107
  C:1F36H         SYMBOL        L?0108
  C:1F36H         SYMBOL        L?0109
  C:1F3DH         SYMBOL        L?0110
  C:1F47H         SYMBOL        L?0111
  -------         PROC          COM0067
  -------         ENDPROC       COM0067
  -------         PROC          ADC_PIN_INIT
  C:2235H         LINE#         22
  C:2235H         LINE#         23
  C:2235H         LINE#         25
  C:223BH         LINE#         28
  C:2241H         LINE#         31
  C:2245H         LINE#         32
  -------         ENDPROC       ADC_PIN_INIT
  -------         PROC          ADC_INIT
  C:2014H         LINE#         34
  C:2014H         LINE#         35
  C:2014H         LINE#         36
  C:2019H         LINE#         38
  C:201FH         LINE#         42
  C:2022H         LINE#         43
  C:2024H         LINE#         45
  C:202AH         LINE#         47
  C:202FH         LINE#         50
  -------         ENDPROC       ADC_INIT
BL51 BANKED LINKER/LOCATER V6.22.4.0                                                  05/11/2026  17:40:25  PAGE 12


  -------         PROC          _ADC_UPDATE_VAL
  D:0007H         SYMBOL        adc_channel
  D:0004H         SYMBOL        adc_val
  C:1CD5H         LINE#         59
  C:1CD5H         LINE#         60
  C:1CD5H         LINE#         61
  C:1CE4H         LINE#         62
  C:1CE4H         LINE#         63
  C:1CE4H         LINE#         64
  C:1CECH         LINE#         65
  C:1CEEH         LINE#         66
  C:1CEFH         LINE#         67
  C:1CEFH         LINE#         68
  C:1CF7H         LINE#         69
  C:1CF9H         LINE#         70
  C:1CFAH         LINE#         71
  C:1CFAH         LINE#         72
  C:1D02H         LINE#         73
  C:1D04H         LINE#         74
  C:1D05H         LINE#         75
  C:1D05H         LINE#         76
  C:1D0FH         LINE#         77
  C:1D11H         LINE#         78
  C:1D11H         LINE#         79
  C:1D11H         LINE#         80
  -------         ENDPROC       _ADC_UPDATE_VAL
  -------         PROC          _ADC_GET_VAL
  D:0007H         SYMBOL        adc_channel
  -------         DO            
  D:0004H         SYMBOL        ret
  -------         ENDDO         
  C:1EF5H         LINE#         82
  C:1EF5H         LINE#         83
  C:1EF5H         LINE#         84
  C:1EF8H         LINE#         85
  C:1F07H         LINE#         86
  C:1F07H         LINE#         87
  C:1F07H         LINE#         88
  C:1F0AH         LINE#         89
  C:1F0CH         LINE#         90
  C:1F0CH         LINE#         91
  C:1F0FH         LINE#         92
  C:1F11H         LINE#         93
  C:1F11H         LINE#         94
  C:1F14H         LINE#         95
  C:1F16H         LINE#         96
  C:1F16H         LINE#         97
  C:1F1EH         LINE#         98
  C:1F1EH         LINE#         100
  C:1F1EH         LINE#         101
  C:1F1EH         LINE#         102
  C:1F1EH         LINE#         104
  C:1F22H         LINE#         105
  -------         ENDPROC       _ADC_GET_VAL
  -------         PROC          _ADC_GET_UPDATE_FLAG
  D:0007H         SYMBOL        adc_channel
  -------         DO            
BL51 BANKED LINKER/LOCATER V6.22.4.0                                                  05/11/2026  17:40:25  PAGE 13


  D:0006H         SYMBOL        ret
  -------         ENDDO         
  C:1FCCH         LINE#         108
  C:1FCCH         LINE#         109
  C:1FCCH         LINE#         110
  C:1FCEH         LINE#         111
  C:1FDDH         LINE#         112
  C:1FDDH         LINE#         113
  C:1FDDH         LINE#         114
  C:1FDFH         LINE#         115
  C:1FE1H         LINE#         116
  C:1FE1H         LINE#         117
  C:1FE3H         LINE#         118
  C:1FE5H         LINE#         119
  C:1FE5H         LINE#         120
  C:1FE7H         LINE#         121
  C:1FE9H         LINE#         122
  C:1FE9H         LINE#         123
  C:1FEEH         LINE#         124
  C:1FEEH         LINE#         126
  C:1FEEH         LINE#         127
  C:1FEEH         LINE#         128
  C:1FEEH         LINE#         130
  C:1FF0H         LINE#         131
  -------         ENDPROC       _ADC_GET_UPDATE_FLAG
  -------         PROC          _ADC_CLEAR_UPDATE_FLAG
  D:0007H         SYMBOL        adc_channel
  C:0024H         LINE#         134
  C:0024H         LINE#         135
  C:0024H         LINE#         136
  C:0033H         LINE#         137
  C:0033H         LINE#         138
  C:0033H         LINE#         139
  C:0035H         LINE#         140
  C:0036H         LINE#         141
  C:0036H         LINE#         142
  C:0038H         LINE#         143
  C:0039H         LINE#         144
  C:0039H         LINE#         145
  C:003BH         LINE#         146
  C:003CH         LINE#         147
  C:003CH         LINE#         148
  C:003EH         LINE#         149
  C:003EH         LINE#         151
  C:003EH         LINE#         152
  C:003EH         LINE#         153
  C:003EH         LINE#         154
  -------         ENDPROC       _ADC_CLEAR_UPDATE_FLAG
  -------         PROC          _ADC_CHANNEL_SEL
  D:0007H         SYMBOL        adc_channel
  C:1A5CH         LINE#         156
  C:1A5CH         LINE#         157
  C:1A5CH         LINE#         158
  C:1A63H         LINE#         162
  C:1A72H         LINE#         163
  C:1A72H         LINE#         164
  C:1A72H         LINE#         166
BL51 BANKED LINKER/LOCATER V6.22.4.0                                                  05/11/2026  17:40:25  PAGE 14


  C:1A79H         LINE#         168
  C:1A7CH         LINE#         169
  C:1A7EH         LINE#         170
  C:1A7EH         LINE#         171
  C:1A85H         LINE#         174
  C:1A88H         LINE#         176
  C:1A8AH         LINE#         177
  C:1A8AH         LINE#         181
  C:1A91H         LINE#         184
  C:1A94H         LINE#         185
  C:1A96H         LINE#         187
  C:1A96H         LINE#         188
  C:1A9DH         LINE#         191
  C:1AA0H         LINE#         192
  C:1AA0H         LINE#         194
  C:1AA0H         LINE#         195
  C:1AA0H         LINE#         196
  C:1AA0H         LINE#         198
  C:1AA6H         LINE#         200
  -------         ENDPROC       _ADC_CHANNEL_SEL
  -------         PROC          ADC_INIT_WHEN_LOW_PWR_OUT
  C:2211H         LINE#         203
  C:2211H         LINE#         204
  C:2211H         LINE#         205
  C:2217H         LINE#         208
  C:221DH         LINE#         209
  C:2222H         LINE#         211
  -------         ENDPROC       ADC_INIT_WHEN_LOW_PWR_OUT
  -------         PROC          ADC_GET_VAL_ONCE
  C:218FH         LINE#         214
  C:218FH         LINE#         215
  C:218FH         LINE#         216
  C:2195H         LINE#         217
  C:219BH         LINE#         219
  C:219DH         LINE#         220
  C:21A5H         LINE#         221
  -------         ENDPROC       ADC_GET_VAL_ONCE
  -------         PROC          ADC_SCAN
  C:17D1H         LINE#         224
  C:17D1H         LINE#         225
  C:17D1H         LINE#         227
  C:17F7H         LINE#         228
  C:17F7H         LINE#         229
  C:17F7H         LINE#         231
  C:17F7H         LINE#         232
  C:17F9H         LINE#         233
  C:17FFH         LINE#         234
  C:1800H         LINE#         235
  C:1800H         LINE#         237
  C:1800H         LINE#         238
  C:1806H         LINE#         239
  C:1807H         LINE#         240
  C:1807H         LINE#         241
  C:1809H         LINE#         242
  C:180FH         LINE#         243
  C:1810H         LINE#         244
  C:1810H         LINE#         246
BL51 BANKED LINKER/LOCATER V6.22.4.0                                                  05/11/2026  17:40:25  PAGE 15


  C:1813H         LINE#         249
  C:1813H         LINE#         250
  C:1819H         LINE#         251
  C:181AH         LINE#         252
  C:181AH         LINE#         253
  C:181CH         LINE#         254
  C:1822H         LINE#         255
  C:1823H         LINE#         256
  C:1823H         LINE#         257
  C:1823H         LINE#         258
  C:1829H         LINE#         259
  C:182AH         LINE#         260
  C:182AH         LINE#         261
  C:182CH         LINE#         262
  C:1832H         LINE#         263
  C:1833H         LINE#         264
  C:1833H         LINE#         265
  C:1833H         LINE#         266
  C:1839H         LINE#         267
  C:1839H         LINE#         269
  C:1839H         LINE#         270
  C:1839H         LINE#         271
  C:1839H         LINE#         272
  -------         ENDPROC       ADC_SCAN
  -------         PROC          ADC_IRQHANDLER
  -------         DO            
  X:627DH         SYMBOL        adc_val
  -------         ENDDO         
  C:16CEH         LINE#         274
  C:16EBH         LINE#         279
  C:16EBH         LINE#         283
  C:16F1H         LINE#         284
  C:16F1H         LINE#         285
  C:16F4H         LINE#         286
  C:1703H         LINE#         288
  C:1717H         LINE#         289
  C:1717H         LINE#         290
  C:1717H         LINE#         291
  C:171CH         LINE#         292
  C:171EH         LINE#         293
  C:171EH         LINE#         294
  C:1726H         LINE#         297
  C:1729H         LINE#         299
  C:172CH         LINE#         300
  C:172EH         LINE#         301
  C:172EH         LINE#         302
  C:1733H         LINE#         303
  C:1735H         LINE#         304
  C:1735H         LINE#         305
  C:173DH         LINE#         306
  C:173DH         LINE#         308
  C:173DH         LINE#         309
  C:173DH         LINE#         310
  C:173DH         LINE#         311
  C:173DH         LINE#         314
  C:173DH         LINE#         315
  -------         ENDPROC       ADC_IRQHANDLER
BL51 BANKED LINKER/LOCATER V6.22.4.0                                                  05/11/2026  17:40:25  PAGE 16


  -------         ENDMOD        ADC

  -------         MODULE        PWM
  C:0000H         SYMBOL        _ICE_DUMMY_
  B:00A0H.7       PUBLIC        P27
  B:00B0H.0       PUBLIC        P30
  C:1643H         PUBLIC        pwm_init
  C:22A3H         PUBLIC        _pwm_set_channel_0_duty
  C:22ACH         PUBLIC        _pwm_set_channel_1_duty
  C:21BDH         SYMBOL        Com0004
  C:21BDH         SYMBOL        L?0005
  C:21C8H         SYMBOL        L?0006
  -------         PROC          COM0004
  -------         ENDPROC       COM0004
  -------         PROC          PWM_INIT
  C:1643H         LINE#         3
  C:1643H         LINE#         4
  C:1643H         LINE#         6
  C:1649H         LINE#         7
  C:164DH         LINE#         9
  C:164FH         LINE#         10
  C:1654H         LINE#         13
  C:165AH         LINE#         14
  C:165EH         LINE#         16
  C:1660H         LINE#         17
  C:1665H         LINE#         21
  C:166BH         LINE#         22
  C:1670H         LINE#         23
  C:1675H         LINE#         24
  C:1679H         LINE#         25
  C:167BH         LINE#         26
  C:167BH         LINE#         27
  C:167BH         LINE#         29
  C:1681H         LINE#         30
  C:1687H         LINE#         31
  C:168DH         LINE#         32
  C:1693H         LINE#         33
  C:1699H         LINE#         37
  C:169FH         LINE#         38
  C:16A4H         LINE#         39
  C:16A9H         LINE#         40
  C:16ADH         LINE#         41
  C:16AFH         LINE#         42
  C:16AFH         LINE#         43
  C:16AFH         LINE#         45
  C:16B5H         LINE#         46
  C:16BBH         LINE#         47
  C:16C1H         LINE#         48
  C:16C7H         LINE#         49
  C:16CDH         LINE#         50
  -------         ENDPROC       PWM_INIT
  -------         PROC          _PWM_SET_CHANNEL_0_DUTY
  D:0004H         SYMBOL        channel_duty
  C:22A3H         LINE#         53
  C:22A3H         LINE#         54
  C:22A3H         LINE#         55
  C:22A5H         LINE#         56
BL51 BANKED LINKER/LOCATER V6.22.4.0                                                  05/11/2026  17:40:25  PAGE 17


  C:22A5H         LINE#         57
  C:22ABH         LINE#         58
  -------         ENDPROC       _PWM_SET_CHANNEL_0_DUTY
  -------         PROC          _PWM_SET_CHANNEL_1_DUTY
  D:0004H         SYMBOL        channel_duty
  C:22ACH         LINE#         61
  C:22ACH         LINE#         62
  C:22ACH         LINE#         63
  C:22AEH         LINE#         64
  C:22AEH         LINE#         65
  C:22B4H         LINE#         66
  -------         ENDPROC       _PWM_SET_CHANNEL_1_DUTY
  -------         ENDMOD        PWM

  -------         MODULE        TIMER0
  C:0000H         SYMBOL        _ICE_DUMMY_
  D:00A8H         PUBLIC        IE0
  D:00A9H         PUBLIC        IE1
  D:00AAH         PUBLIC        IE2
  D:00ABH         PUBLIC        IE3
  B:00A8H.7       PUBLIC        IE_EA
  D:00B8H         PUBLIC        IP0
  D:00B1H         PUBLIC        IP1
  D:00B2H         PUBLIC        IP2
  D:00B3H         PUBLIC        IP3
  D:00B4H         PUBLIC        IP4
  D:00B5H         PUBLIC        IP5
  D:00B6H         PUBLIC        IP6
  D:00B7H         PUBLIC        IP7
  D:00D1H         PUBLIC        TMR_ALLCON
  C:20DEH         PUBLIC        timer0_init
  C:183AH         PUBLIC        TIMR0_IRQHandler
  -------         PROC          TIMER0_INIT
  C:20DEH         LINE#         10
  C:20DEH         LINE#         11
  C:20DEH         LINE#         12
  C:20E1H         LINE#         13
  C:20E3H         LINE#         15
  C:20E6H         LINE#         16
  C:20EBH         LINE#         17
  C:20EFH         LINE#         18
  C:20F4H         LINE#         19
  C:20F8H         LINE#         20
  -------         ENDPROC       TIMER0_INIT
  -------         PROC          TIMR0_IRQHANDLER
  C:183AH         LINE#         24
  C:1857H         LINE#         27
  C:1857H         LINE#         32
  C:185DH         LINE#         33
  C:185DH         LINE#         34
  C:1861H         LINE#         40
  C:1867H         LINE#         41
  C:186AH         LINE#         43
  C:186DH         LINE#         44
  C:1870H         LINE#         46
  C:1873H         LINE#         47
  C:1876H         LINE#         48
BL51 BANKED LINKER/LOCATER V6.22.4.0                                                  05/11/2026  17:40:25  PAGE 18


  C:1879H         LINE#         50
  C:187CH         LINE#         51
  C:187FH         LINE#         52
  C:1882H         LINE#         54
  C:1885H         LINE#         55
  C:1888H         LINE#         61
  C:1888H         LINE#         64
  C:1888H         LINE#         65
  -------         ENDPROC       TIMR0_IRQHANDLER
  -------         ENDMOD        TIMER0

  -------         MODULE        TIMER1
  C:0000H         SYMBOL        _ICE_DUMMY_
  D:00A8H         PUBLIC        IE0
  D:00A9H         PUBLIC        IE1
  D:00AAH         PUBLIC        IE2
  D:00ABH         PUBLIC        IE3
  B:00A8H.7       PUBLIC        IE_EA
  D:00B8H         PUBLIC        IP0
  D:00B1H         PUBLIC        IP1
  D:00B2H         PUBLIC        IP2
  D:00B3H         PUBLIC        IP3
  D:00B4H         PUBLIC        IP4
  D:00B5H         PUBLIC        IP5
  D:00B6H         PUBLIC        IP6
  D:00B7H         PUBLIC        IP7
  D:00D1H         PUBLIC        TMR_ALLCON
  C:20F9H         PUBLIC        timer1_init
  C:1BC9H         PUBLIC        TIMR1_IRQHandler
  -------         PROC          TIMER1_INIT
  C:20F9H         LINE#         9
  C:20F9H         LINE#         10
  C:20F9H         LINE#         12
  C:20FCH         LINE#         13
  C:20FEH         LINE#         15
  C:2101H         LINE#         16
  C:2106H         LINE#         17
  C:210AH         LINE#         18
  C:210FH         LINE#         19
  C:2113H         LINE#         23
  -------         ENDPROC       TIMER1_INIT
  -------         PROC          TIMR1_IRQHANDLER
  C:1BC9H         LINE#         27
  C:1BE6H         LINE#         30
  C:1BE6H         LINE#         34
  C:1BECH         LINE#         35
  C:1BECH         LINE#         36
  C:1BF0H         LINE#         39
  C:1BF3H         LINE#         40
  C:1BF3H         LINE#         43
  C:1BF3H         LINE#         44
  -------         ENDPROC       TIMR1_IRQHANDLER
  -------         ENDMOD        TIMER1

  -------         MODULE        UART0
  C:0000H         SYMBOL        _ICE_DUMMY_
  D:00A8H         PUBLIC        IE0
BL51 BANKED LINKER/LOCATER V6.22.4.0                                                  05/11/2026  17:40:25  PAGE 19


  D:00A9H         PUBLIC        IE1
  D:00AAH         PUBLIC        IE2
  D:00ABH         PUBLIC        IE3
  B:00A8H.7       PUBLIC        IE_EA
  D:00B8H         PUBLIC        IP0
  D:00B1H         PUBLIC        IP1
  D:00B2H         PUBLIC        IP2
  D:00B3H         PUBLIC        IP3
  D:00B4H         PUBLIC        IP4
  D:00B5H         PUBLIC        IP5
  D:00B6H         PUBLIC        IP6
  D:00B7H         PUBLIC        IP7
  D:00D2H         PUBLIC        UART0_CON0
  D:00D4H         PUBLIC        UART0_STA
  D:00D5H         PUBLIC        UART0_BAUD0
  D:00D6H         PUBLIC        UART0_BAUD1
  D:00D7H         PUBLIC        UART0_DATA
  C:1D4EH         PUBLIC        uart0_init
  C:22BEH         PUBLIC        _uart0_sendbyte
  C:1FF1H         PUBLIC        _uart0_sendbuf
  C:22B5H         PUBLIC        uart0_rxbuffer_get_count
  C:1D12H         PUBLIC        uart0_rxbuffer_get_byte
  X:6000H         PUBLIC        uart0_rx_buffer
  C:1C53H         SYMBOL        _uart0_rxbuffer_put_byte
  C:1E2EH         PUBLIC        UART0_IRQHandler
  C:22E6H         SYMBOL        Com0047
  C:22E6H         SYMBOL        L?0072
  C:22E6H         SYMBOL        L?0073
  -------         PROC          COM0047
  -------         ENDPROC       COM0047
  -------         PROC          UART0_INIT
  C:1D4EH         LINE#         17
  C:1D4EH         LINE#         18
  C:1D4EH         LINE#         19
  C:1D54H         LINE#         20
  C:1D58H         LINE#         21
  C:1D5FH         LINE#         23
  C:1D65H         LINE#         24
  C:1D6BH         LINE#         25
  C:1D71H         LINE#         27
  C:1D74H         LINE#         28
  C:1D77H         LINE#         29
  C:1D7AH         LINE#         33
  C:1D82H         LINE#         34
  C:1D85H         LINE#         35
  C:1D87H         LINE#         36
  -------         ENDPROC       UART0_INIT
  -------         PROC          _UART0_SENDBYTE
  D:0007H         SYMBOL        byte
  C:22BEH         LINE#         39
  C:22BEH         LINE#         40
  C:22BEH         LINE#         41
  C:22C3H         LINE#         44
  C:22C5H         LINE#         48
  -------         ENDPROC       _UART0_SENDBYTE
  -------         PROC          _UART0_SENDBUF
  X:627AH         SYMBOL        buf
BL51 BANKED LINKER/LOCATER V6.22.4.0                                                  05/11/2026  17:40:25  PAGE 20


  D:0005H         SYMBOL        len
  -------         DO            
  D:0006H         SYMBOL        i
  -------         ENDDO         
  C:1FF1H         LINE#         50
  C:1FF7H         LINE#         51
  C:1FF7H         LINE#         52
  C:1FF9H         LINE#         53
  C:1FFEH         LINE#         54
  C:1FFEH         LINE#         55
  C:2010H         LINE#         56
  C:2013H         LINE#         57
  -------         ENDPROC       _UART0_SENDBUF
  -------         PROC          UART0_RXBUFFER_GET_COUNT
  C:22B5H         LINE#         60
  C:22B5H         LINE#         61
  C:22B5H         LINE#         62
  C:22BDH         LINE#         63
  -------         ENDPROC       UART0_RXBUFFER_GET_COUNT
  -------         PROC          UART0_RXBUFFER_GET_BYTE
  -------         DO            
  D:0007H         SYMBOL        rxbyte
  -------         ENDDO         
  C:1D12H         LINE#         66
  C:1D12H         LINE#         67
  C:1D12H         LINE#         70
  C:1D1CH         LINE#         71
  C:1D1CH         LINE#         73
  C:1D1EH         LINE#         74
  C:1D1EH         LINE#         80
  C:1D24H         LINE#         81
  C:1D2DH         LINE#         82
  C:1D2DH         LINE#         83
  C:1D31H         LINE#         84
  C:1D31H         LINE#         85
  C:1D43H         LINE#         87
  C:1D4DH         LINE#         89
  C:1D4DH         LINE#         90
  -------         ENDPROC       UART0_RXBUFFER_GET_BYTE
  -------         PROC          _UART0_RXBUFFER_PUT_BYTE
  D:0007H         SYMBOL        byte
  C:1C53H         LINE#         92
  C:1C53H         LINE#         93
  C:1C53H         LINE#         100
  C:1C59H         LINE#         101
  C:1C62H         LINE#         102
  C:1C62H         LINE#         103
  C:1C66H         LINE#         104
  C:1C66H         LINE#         105
  C:1C78H         LINE#         107
  C:1C7EH         LINE#         108
  C:1C8DH         LINE#         109
  C:1C8DH         LINE#         110
  C:1C93H         LINE#         111
  C:1C93H         LINE#         112
  -------         ENDPROC       _UART0_RXBUFFER_PUT_BYTE
  -------         PROC          UART0_IRQHANDLER
BL51 BANKED LINKER/LOCATER V6.22.4.0                                                  05/11/2026  17:40:25  PAGE 21


  -------         DO            
  X:628AH         SYMBOL        recv_byte
  -------         ENDDO         
  C:1E2EH         LINE#         115
  C:1E41H         LINE#         118
  C:1E41H         LINE#         121
  C:1E46H         LINE#         122
  C:1E46H         LINE#         123
  C:1E4CH         LINE#         124
  C:1E51H         LINE#         127
  C:1E51H         LINE#         129
  C:1E51H         LINE#         130
  -------         ENDPROC       UART0_IRQHANDLER
  -------         ENDMOD        UART0

  -------         MODULE        MAIN
  C:0000H         SYMBOL        _ICE_DUMMY_
  D:00D9H         PUBLIC        WDT_KEY
  C:209CH         PUBLIC        user_init
  C:19C3H         PUBLIC        main
  -------         PROC          USER_INIT
  C:209CH         LINE#         103
  C:209CH         LINE#         104
  C:209CH         LINE#         105
  C:209FH         LINE#         106
  C:20A2H         LINE#         107
  C:20A5H         LINE#         108
  C:20A8H         LINE#         109
  C:20ABH         LINE#         110
  C:20AEH         LINE#         112
  C:20B1H         LINE#         113
  C:20B4H         LINE#         114
  C:20B7H         LINE#         117
  C:20BAH         LINE#         118
  -------         ENDPROC       USER_INIT
  -------         PROC          MAIN
  C:19C3H         LINE#         126
  C:19C3H         LINE#         127
  C:19C3H         LINE#         129
  C:19C6H         LINE#         130
  C:19C9H         LINE#         133
  C:19CCH         LINE#         134
  C:19D3H         LINE#         135
  C:19D6H         LINE#         138
  C:19DBH         LINE#         139
  C:19DDH         LINE#         140
  C:19E0H         LINE#         141
  C:19E2H         LINE#         142
  C:19E5H         LINE#         143
  C:19E7H         LINE#         144
  C:19EAH         LINE#         145
  C:19ECH         LINE#         147
  C:19EFH         LINE#         148
  C:19F6H         LINE#         157
  C:19F6H         LINE#         158
  C:19F6H         LINE#         159
  C:19FFH         LINE#         160
BL51 BANKED LINKER/LOCATER V6.22.4.0                                                  05/11/2026  17:40:25  PAGE 22


  C:1A02H         LINE#         162
  C:1A05H         LINE#         164
  C:1A08H         LINE#         166
  C:1A0BH         LINE#         169
  C:1A0EH         LINE#         174
  -------         ENDPROC       MAIN
  -------         ENDMOD        MAIN

  -------         MODULE        UART_DATA_HANDLE
  C:0000H         SYMBOL        _ICE_DUMMY_
  C:2223H         PUBLIC        uart_receiver_reset
  C:000FH         PUBLIC        uart_receiver_timeout_add
  C:2036H         PUBLIC        uart_receiver_process_checksum
  C:13EBH         PUBLIC        _uart_receiver_process_byte
  C:21FEH         PUBLIC        uart_receiver_timeout_handler
  C:1758H         PUBLIC        uart_data_handle
  C:1C0EH         PUBLIC        _uart_data_send_cmd
  X:628CH         SYMBOL        uart_receiver
  C:22C6H         SYMBOL        _?ix1000
  C:21A6H         SYMBOL        Com0038
  C:21A6H         SYMBOL        L?0057
  C:21A6H         SYMBOL        L?0058
  -------         PROC          COM0038
  -------         ENDPROC       COM0038
  -------         PROC          UART_RECEIVER_RESET
  C:2223H         LINE#         13
  C:2223H         LINE#         14
  C:2223H         LINE#         16
  C:2228H         LINE#         17
  C:222CH         LINE#         18
  C:2230H         LINE#         19
  C:2234H         LINE#         20
  -------         ENDPROC       UART_RECEIVER_RESET
  -------         PROC          UART_RECEIVER_TIMEOUT_ADD
  C:000FH         LINE#         26
  C:000FH         LINE#         27
  C:000FH         LINE#         28
  C:0015H         LINE#         29
  C:0015H         LINE#         30
  C:001DH         LINE#         31
  C:001DH         LINE#         32
  -------         ENDPROC       UART_RECEIVER_TIMEOUT_ADD
  -------         PROC          UART_RECEIVER_PROCESS_CHECKSUM
  -------         DO            
  D:0006H         SYMBOL        i
  D:0007H         SYMBOL        check_sum
  -------         ENDDO         
  C:2036H         LINE#         39
  C:2036H         LINE#         40
  C:2036H         LINE#         42
  C:2038H         LINE#         43
  C:2039H         LINE#         44
  C:2039H         LINE#         45
  C:2046H         LINE#         46
  C:204BH         LINE#         48
  C:2052H         LINE#         49
  C:2052H         LINE#         50
BL51 BANKED LINKER/LOCATER V6.22.4.0                                                  05/11/2026  17:40:25  PAGE 23


  C:2055H         LINE#         51
  C:2055H         LINE#         53
  C:2055H         LINE#         60
  C:2057H         LINE#         61
  C:2057H         LINE#         62
  -------         ENDPROC       UART_RECEIVER_PROCESS_CHECKSUM
  -------         PROC          _UART_RECEIVER_PROCESS_BYTE
  D:0005H         SYMBOL        byte
  C:13EBH         LINE#         71
  C:13EDH         LINE#         72
  C:13EDH         LINE#         74
  C:1410H         LINE#         75
  C:1410H         LINE#         76
  C:1410H         LINE#         77
  C:1414H         LINE#         78
  C:1414H         LINE#         79
  C:1414H         LINE#         80
  C:1419H         LINE#         81
  C:141CH         LINE#         82
  C:141CH         LINE#         84
  C:141CH         LINE#         85
  C:141FH         LINE#         86
  C:141FH         LINE#         87
  C:141FH         LINE#         89
  C:141FH         LINE#         90
  C:1423H         LINE#         91
  C:1423H         LINE#         92
  C:1423H         LINE#         93
  C:1428H         LINE#         94
  C:142BH         LINE#         95
  C:142BH         LINE#         97
  C:142BH         LINE#         99
  C:142EH         LINE#         100
  C:142EH         LINE#         101
  C:142EH         LINE#         103
  C:142EH         LINE#         104
  C:1431H         LINE#         105
  C:1431H         LINE#         106
  C:1431H         LINE#         107
  C:1436H         LINE#         108
  C:1439H         LINE#         109
  C:1439H         LINE#         111
  C:1439H         LINE#         112
  C:143CH         LINE#         113
  C:143CH         LINE#         114
  C:143CH         LINE#         116
  C:143CH         LINE#         118
  C:143CH         LINE#         119
  C:1441H         LINE#         120
  C:1443H         LINE#         121
  C:1443H         LINE#         123
  C:1443H         LINE#         125
  C:1443H         LINE#         126
  C:1448H         LINE#         127
  C:144AH         LINE#         128
  C:144AH         LINE#         130
  C:144AH         LINE#         131
BL51 BANKED LINKER/LOCATER V6.22.4.0                                                  05/11/2026  17:40:25  PAGE 24


  C:144DH         LINE#         132
  C:144DH         LINE#         133
  C:144DH         LINE#         134
  C:1452H         LINE#         135
  C:1454H         LINE#         136
  C:1454H         LINE#         138
  C:1454H         LINE#         139
  C:1457H         LINE#         140
  C:1457H         LINE#         141
  C:1457H         LINE#         143
  C:1457H         LINE#         145
  C:1457H         LINE#         146
  C:145DH         LINE#         147
  C:1463H         LINE#         148
  C:1463H         LINE#         150
  C:1466H         LINE#         151
  C:1466H         LINE#         153
  C:1466H         LINE#         154
  C:1469H         LINE#         155
  C:1469H         LINE#         156
  C:1469H         LINE#         158
  C:1469H         LINE#         159
  C:146DH         LINE#         160
  C:146DH         LINE#         161
  C:1481H         LINE#         162
  C:1487H         LINE#         163
  C:148AH         LINE#         164
  C:148AH         LINE#         166
  C:148AH         LINE#         167
  C:148DH         LINE#         168
  C:148DH         LINE#         169
  C:148DH         LINE#         171
  C:148DH         LINE#         172
  C:148DH         LINE#         173
  C:148DH         LINE#         175
  C:148FH         LINE#         176
  -------         ENDPROC       _UART_RECEIVER_PROCESS_BYTE
  -------         PROC          UART_RECEIVER_TIMEOUT_HANDLER
  C:21FEH         LINE#         179
  C:21FEH         LINE#         180
  C:21FEH         LINE#         185
  C:220DH         LINE#         186
  C:220DH         LINE#         200
  C:2210H         LINE#         201
  C:2210H         LINE#         202
  -------         ENDPROC       UART_RECEIVER_TIMEOUT_HANDLER
  -------         PROC          UART_DATA_HANDLE
  -------         DO            
  D:0004H         SYMBOL        recv_byte
  X:628BH         SYMBOL        initialized
  -------         ENDDO         
  C:1758H         LINE#         203
  C:1758H         LINE#         204
  C:1758H         LINE#         212
  C:175EH         LINE#         213
  C:175EH         LINE#         214
  C:1761H         LINE#         215
BL51 BANKED LINKER/LOCATER V6.22.4.0                                                  05/11/2026  17:40:25  PAGE 25


  C:1767H         LINE#         216
  C:1767H         LINE#         221
  C:176DH         LINE#         222
  C:176DH         LINE#         223
  C:1770H         LINE#         224
  C:1770H         LINE#         233
  C:1770H         LINE#         234
  C:1770H         LINE#         235
  C:1784H         LINE#         238
  C:1784H         LINE#         252
  C:1784H         LINE#         253
  C:1784H         LINE#         255
  C:1789H         LINE#         258
  C:178FH         LINE#         259
  C:1794H         LINE#         262
  C:179AH         LINE#         263
  C:179AH         LINE#         276
  C:179DH         LINE#         277
  C:179DH         LINE#         278
  C:179FH         LINE#         308
  C:17ABH         LINE#         310
  C:17ABH         LINE#         312
  C:17ABH         LINE#         332
  C:17BBH         LINE#         333
  C:17BBH         LINE#         334
  C:17BBH         LINE#         336
  C:17C0H         LINE#         337
  C:17C2H         LINE#         338
  C:17C2H         LINE#         340
  C:17C8H         LINE#         341
  C:17CAH         LINE#         342
  C:17CAH         LINE#         350
  C:17CDH         LINE#         351
  C:17CDH         LINE#         353
  C:17CDH         LINE#         357
  C:17CDH         LINE#         358
  C:17CDH         LINE#         361
  C:17D0H         LINE#         362
  -------         ENDPROC       UART_DATA_HANDLE
  -------         PROC          _UART_DATA_SEND_CMD
  X:6271H         SYMBOL        cmd
  -------         DO            
  X:6272H         SYMBOL        buf
  -------         ENDDO         
  C:1C0EH         LINE#         366
  C:1C13H         LINE#         367
  C:1C13H         LINE#         368
  C:1C26H         LINE#         379
  C:1C2FH         LINE#         380
  C:1C48H         LINE#         382
  -------         ENDPROC       _UART_DATA_SEND_CMD
  -------         ENDMOD        UART_DATA_HANDLE

  -------         MODULE        KEY_DRIVER
  C:0000H         SYMBOL        _ICE_DUMMY_
  C:0B35H         PUBLIC        _key_driver_scan
  X:62D9H         SYMBOL        is_key_active
BL51 BANKED LINKER/LOCATER V6.22.4.0                                                  05/11/2026  17:40:25  PAGE 26


  X:62DAH         PUBLIC        scan_para
  C:20BDH         SYMBOL        Com0021
  C:20BDH         SYMBOL        L?0034
  C:20C0H         SYMBOL        L?0035
  C:20C1H         SYMBOL        L?0036
  C:20C7H         SYMBOL        L?0037
  C:20CAH         SYMBOL        L?0038
  C:20CEH         SYMBOL        L?0039
  C:20D4H         SYMBOL        L?0040
  C:20D7H         SYMBOL        L?0041
  -------         PROC          COM0021
  -------         ENDPROC       COM0021
  -------         PROC          _KEY_DRIVER_SCAN
  D:0001H         SYMBOL        _scan_para
  -------         DO            
  X:626FH         SYMBOL        key_event
  D:0007H         SYMBOL        cur_key_value
  X:6270H         SYMBOL        key_value
  C:0C9DH         SYMBOL        _notify
  C:0CBDH         SYMBOL        _scan_end
  -------         ENDDO         
  C:0B35H         LINE#         17
  C:0B35H         LINE#         19
  C:0B35H         LINE#         24
  C:0B3AH         LINE#         25
  C:0B3CH         LINE#         26
  C:0B40H         LINE#         30
  C:0B46H         LINE#         33
  C:0B59H         LINE#         34
  C:0B59H         LINE#         36
  C:0B59H         LINE#         38
  C:0B63H         LINE#         40
  C:0B6CH         LINE#         46
  C:0B70H         LINE#         47
  C:0B70H         LINE#         48
  C:0B76H         LINE#         49
  C:0B78H         LINE#         50
  C:0B7EH         LINE#         51
  C:0B7EH         LINE#         52
  C:0B81H         LINE#         53
  C:0B81H         LINE#         56
  C:0B95H         LINE#         57
  C:0B95H         LINE#         59
  C:0B9CH         LINE#         60
  C:0BA2H         LINE#         62
  C:0BA2H         LINE#         65
  C:0BB3H         LINE#         66
  C:0BB3H         LINE#         67
  C:0BBEH         LINE#         69
  C:0BBEH         LINE#         72
  C:0BCAH         LINE#         73
  C:0BCAH         LINE#         80
  C:0BCEH         LINE#         81
  C:0BCEH         LINE#         82
  C:0BD5H         LINE#         83
  C:0BD5H         LINE#         84
  C:0BD7H         LINE#         85
BL51 BANKED LINKER/LOCATER V6.22.4.0                                                  05/11/2026  17:40:25  PAGE 27


  C:0BDDH         LINE#         86
  C:0BDFH         LINE#         88
  C:0BDFH         LINE#         91
  C:0BDFH         LINE#         92
  C:0BE7H         LINE#         93
  C:0BE7H         LINE#         94
  C:0BEAH         LINE#         96
  C:0BEAH         LINE#         101
  C:0BF2H         LINE#         102
  C:0BFEH         LINE#         103
  C:0BFEH         LINE#         104
  C:0C03H         LINE#         105
  C:0C07H         LINE#         106
  C:0C0AH         LINE#         108
  C:0C0AH         LINE#         109
  C:0C10H         LINE#         110
  C:0C10H         LINE#         111
  C:0C10H         LINE#         113
  C:0C12H         LINE#         118
  C:0C12H         LINE#         120
  C:0C12H         LINE#         125
  C:0C16H         LINE#         126
  C:0C16H         LINE#         128
  C:0C27H         LINE#         129
  C:0C27H         LINE#         133
  C:0C38H         LINE#         134
  C:0C38H         LINE#         154
  C:0C38H         LINE#         155
  C:0C3AH         LINE#         157
  C:0C3AH         LINE#         158
  C:0C47H         LINE#         160
  C:0C49H         LINE#         162
  C:0C49H         LINE#         164
  C:0C49H         LINE#         165
  C:0C54H         LINE#         166
  C:0C57H         LINE#         168
  C:0C57H         LINE#         169
  C:0C57H         LINE#         171
  C:0C57H         LINE#         172
  C:0C57H         LINE#         174
  C:0C57H         LINE#         175
  C:0C57H         LINE#         177
  C:0C57H         LINE#         179
  C:0C62H         LINE#         180
  C:0C62H         LINE#         181
  C:0C6AH         LINE#         182
  C:0C6AH         LINE#         186
  C:0C70H         LINE#         187
  C:0C70H         LINE#         188
  C:0C76H         LINE#         193
  C:0C78H         LINE#         194
  C:0C84H         LINE#         195
  C:0C84H         LINE#         196
  C:0C89H         LINE#         197
  C:0C98H         LINE#         199
  C:0C98H         LINE#         201
  C:0C98H         LINE#         202
BL51 BANKED LINKER/LOCATER V6.22.4.0                                                  05/11/2026  17:40:25  PAGE 28


  C:0C98H         LINE#         204
  C:0C98H         LINE#         207
  C:0C9DH         LINE#         208
  C:0C9DH         LINE#         210
  C:0C9DH         LINE#         211
  C:0C9DH         LINE#         213
  C:0C9DH         LINE#         216
  C:0C9DH         LINE#         218
  C:0C9DH         LINE#         219
  C:0CA1H         LINE#         220
  C:0CA9H         LINE#         222
  C:0CB3H         LINE#         223
  C:0CBDH         LINE#         226
  C:0CBDH         LINE#         235
  C:0CBDH         LINE#         237
  C:0CBDH         LINE#         238
  C:0CC7H         LINE#         241
  -------         ENDPROC       _KEY_DRIVER_SCAN
  -------         ENDMOD        KEY_DRIVER

  -------         MODULE        AD_KEY
  C:0000H         SYMBOL        _ICE_DUMMY_
  X:6208H         PUBLIC        ad_key_para
  C:1490H         PUBLIC        ad_key_handle
  X:621BH         SYMBOL        ad_key_scan_table
  X:622BH         SYMBOL        ad_key_event_table
  C:1E62H         PUBLIC        ad_key_get_key_val
  C:1A10H         SYMBOL        _ad_key_val_to_ad_key_index
  C:1AA7H         SYMBOL        _ad_key_get_event
  C:2246H         SYMBOL        Com0037
  C:2246H         SYMBOL        L?0056
  -------         PROC          COM0037
  -------         ENDPROC       COM0037
  -------         PROC          _AD_KEY_VAL_TO_AD_KEY_INDEX
  D:0006H         SYMBOL        ad_key_val
  -------         DO            
  D:0005H         SYMBOL        i
  X:6270H         SYMBOL        ad_key_index
  -------         ENDDO         
  C:1A10H         LINE#         53
  C:1A10H         LINE#         54
  C:1A10H         LINE#         55
  C:1A12H         LINE#         56
  C:1A1AH         LINE#         59
  C:1A1AH         LINE#         60
  C:1A1AH         LINE#         61
  C:1A32H         LINE#         62
  C:1A32H         LINE#         63
  C:1A4CH         LINE#         64
  C:1A4EH         LINE#         65
  C:1A4EH         LINE#         66
  C:1A53H         LINE#         68
  C:1A5BH         LINE#         69
  -------         ENDPROC       _AD_KEY_VAL_TO_AD_KEY_INDEX
  -------         PROC          _AD_KEY_GET_EVENT
  D:0007H         SYMBOL        key_val
  D:0005H         SYMBOL        key_event
BL51 BANKED LINKER/LOCATER V6.22.4.0                                                  05/11/2026  17:40:25  PAGE 29


  -------         DO            
  D:0006H         SYMBOL        ret_key_event
  D:0004H         SYMBOL        key_event_index
  D:0003H         SYMBOL        i
  -------         ENDDO         
  C:1AA7H         LINE#         79
  C:1AA7H         LINE#         80
  C:1AA7H         LINE#         81
  C:1AA9H         LINE#         82
  C:1AAAH         LINE#         83
  C:1AABH         LINE#         86
  C:1AAFH         LINE#         87
  C:1AAFH         LINE#         88
  C:1AB0H         LINE#         89
  C:1AB2H         LINE#         90
  C:1AB6H         LINE#         91
  C:1AB6H         LINE#         92
  C:1AB8H         LINE#         93
  C:1ABAH         LINE#         94
  C:1ABEH         LINE#         95
  C:1ABEH         LINE#         96
  C:1AC0H         LINE#         97
  C:1AC2H         LINE#         98
  C:1AC6H         LINE#         99
  C:1AC6H         LINE#         100
  C:1AC8H         LINE#         101
  C:1ACAH         LINE#         103
  C:1ACAH         LINE#         104
  C:1ACDH         LINE#         105
  C:1ACDH         LINE#         107
  C:1AD3H         LINE#         108
  C:1AD3H         LINE#         109
  C:1ADAH         LINE#         110
  C:1ADAH         LINE#         111
  C:1AE9H         LINE#         112
  C:1AEBH         LINE#         113
  C:1AEBH         LINE#         114
  C:1AEEH         LINE#         116
  C:1AF0H         LINE#         117
  -------         ENDPROC       _AD_KEY_GET_EVENT
  -------         PROC          AD_KEY_GET_KEY_VAL
  -------         DO            
  X:6206H         SYMBOL        val
  X:626FH         SYMBOL        ret
  -------         ENDDO         
  C:1E62H         LINE#         130
  C:1E62H         LINE#         131
  C:1E62H         LINE#         133
  C:1E68H         LINE#         136
  C:1E70H         LINE#         137
  C:1E70H         LINE#         138
  C:1E75H         LINE#         139
  C:1E82H         LINE#         142
  C:1E82H         LINE#         144
  C:1E92H         LINE#         145
  C:1E94H         LINE#         146
  -------         ENDPROC       AD_KEY_GET_KEY_VAL
BL51 BANKED LINKER/LOCATER V6.22.4.0                                                  05/11/2026  17:40:25  PAGE 30


  -------         PROC          AD_KEY_HANDLE
  -------         DO            
  X:626FH         SYMBOL        ad_key_event
  -------         ENDDO         
  C:1490H         LINE#         148
  C:1490H         LINE#         149
  C:1490H         LINE#         150
  C:1495H         LINE#         152
  C:149EH         LINE#         153
  C:149EH         LINE#         155
  C:149EH         LINE#         157
  C:14ABH         LINE#         158
  C:14B0H         LINE#         159
  C:14B2H         LINE#         163
  C:14C1H         LINE#         164
  C:14C1H         LINE#         169
  C:14C7H         LINE#         171
  C:14C7H         LINE#         173
  C:14EDH         LINE#         174
  C:14EDH         LINE#         177
  C:14EDH         LINE#         181
  C:14F0H         LINE#         182
  C:14F0H         LINE#         184
  C:14F0H         LINE#         188
  C:14F0H         LINE#         190
  C:14F0H         LINE#         195
  C:14F0H         LINE#         197
  C:14F0H         LINE#         201
  C:14F0H         LINE#         205
  C:14F0H         LINE#         209
  C:14F2H         LINE#         210
  C:14F4H         LINE#         212
  C:14F4H         LINE#         217
  C:14F6H         LINE#         218
  C:14F8H         LINE#         220
  C:14F8H         LINE#         225
  C:14FAH         LINE#         226
  C:14FCH         LINE#         228
  C:14FCH         LINE#         232
  C:14FCH         LINE#         237
  C:14FCH         LINE#         242
  C:14FEH         LINE#         243
  C:1500H         LINE#         245
  C:1500H         LINE#         251
  C:1502H         LINE#         252
  C:1504H         LINE#         254
  C:1504H         LINE#         260
  C:1506H         LINE#         261
  C:1508H         LINE#         263
  C:1508H         LINE#         267
  C:1508H         LINE#         271
  C:1508H         LINE#         277
  C:150EH         LINE#         278
  C:150EH         LINE#         279
  C:1510H         LINE#         280
  C:1512H         LINE#         281
  C:1519H         LINE#         282
BL51 BANKED LINKER/LOCATER V6.22.4.0                                                  05/11/2026  17:40:25  PAGE 31


  C:1519H         LINE#         283
  C:151EH         LINE#         284
  C:151EH         LINE#         285
  C:151EH         LINE#         287
  C:151EH         LINE#         293
  C:1524H         LINE#         294
  C:1524H         LINE#         297
  C:1527H         LINE#         298
  C:1527H         LINE#         300
  C:1527H         LINE#         305
  C:152AH         LINE#         306
  C:152AH         LINE#         307
  C:152AH         LINE#         309
  C:152AH         LINE#         313
  C:152AH         LINE#         315
  C:152AH         LINE#         319
  C:152AH         LINE#         321
  C:152AH         LINE#         322
  C:152AH         LINE#         323
  C:152AH         LINE#         324
  -------         ENDPROC       AD_KEY_HANDLE
  -------         ENDMOD        AD_KEY

  -------         MODULE        USER_TEST
  C:0000H         SYMBOL        _ICE_DUMMY_
  -------         ENDMOD        USER_TEST

  -------         MODULE        LED
  C:0000H         SYMBOL        _ICE_DUMMY_
  B:0080H.0       PUBLIC        P00
  B:0080H.1       PUBLIC        P01
  B:0080H.2       PUBLIC        P02
  B:0080H.5       PUBLIC        P05
  B:0080H.6       PUBLIC        P06
  B:0090H.3       PUBLIC        P13
  B:00A0H.7       PUBLIC        P27
  B:00B0H.0       PUBLIC        P30
  X:62BFH         PUBLIC        led_ctl
  X:62CCH         PUBLIC        led_bat_level_sta
  C:1975H         PUBLIC        led_init
  C:2264H         PUBLIC        led_yellow_on
  C:22CEH         PUBLIC        led_yellow_off
  C:227EH         PUBLIC        led_white_on
  C:22D6H         PUBLIC        led_white_off
  C:22EDH         PUBLIC        led_suspend
  C:1DC1H         PUBLIC        led_resume
  C:2255H         PUBLIC        led_ctl_init
  C:1F51H         PUBLIC        led_status_switch
  C:18A3H         PUBLIC        _led_status_set
  C:1014H         PUBLIC        led_red_blue_flash_1ms_isr
  C:15B7H         PUBLIC        led_slow_adjust_isr
  C:07C9H         PUBLIC        led_bat_instruction_timer_callback
  X:62CDH         PUBLIC        led_charge_anim_phase
  X:62CEH         PUBLIC        led_charge_anim_cnt
  C:2271H         PUBLIC        __led_yellow_resume__
  C:228BH         PUBLIC        __led_white_resume__
  C:1342H         SYMBOL        Com007B
BL51 BANKED LINKER/LOCATER V6.22.4.0                                                  05/11/2026  17:40:25  PAGE 32


  C:1342H         SYMBOL        L?0124
  C:134EH         SYMBOL        L?0125
  C:135CH         SYMBOL        L?0126
  C:135DH         SYMBOL        L?0127
  C:1362H         SYMBOL        L?0128
  C:1369H         SYMBOL        L?0129
  C:1369H         SYMBOL        L?0130
  C:136CH         SYMBOL        L?0131
  C:1374H         SYMBOL        L?0132
  C:1374H         SYMBOL        L?0133
  C:137DH         SYMBOL        L?0134
  C:138EH         SYMBOL        L?0135
  C:139DH         SYMBOL        L?0136
  C:139DH         SYMBOL        L?0137
  C:13A6H         SYMBOL        L?0138
  C:13B4H         SYMBOL        L?0139
  C:13C1H         SYMBOL        L?0140
  C:13C1H         SYMBOL        L?0141
  C:13C9H         SYMBOL        L?0142
  C:13C9H         SYMBOL        L?0143
  C:13D1H         SYMBOL        L?0144
  C:13DCH         SYMBOL        L?0145
  C:13DCH         SYMBOL        L?0146
  C:13E2H         SYMBOL        L?0147
  -------         PROC          COM007B
  -------         ENDPROC       COM007B
  -------         PROC          LED_INIT
  C:1975H         LINE#         14
  C:1975H         LINE#         15
  C:1975H         LINE#         17
  C:197BH         LINE#         18
  C:197FH         LINE#         19
  C:1981H         LINE#         20
  C:1986H         LINE#         23
  C:198CH         LINE#         24
  C:1990H         LINE#         25
  C:1992H         LINE#         26
  C:1995H         LINE#         29
  C:1995H         LINE#         30
  C:1998H         LINE#         31
  C:199AH         LINE#         32
  C:199FH         LINE#         35
  C:19A4H         LINE#         36
  C:19A8H         LINE#         37
  C:19AAH         LINE#         38
  C:19ADH         LINE#         41
  C:19ADH         LINE#         42
  C:19B0H         LINE#         43
  C:19B2H         LINE#         44
  C:19B5H         LINE#         47
  C:19B9H         LINE#         48
  C:19BDH         LINE#         49
  C:19BFH         LINE#         50
  C:19C2H         LINE#         51
  -------         ENDPROC       LED_INIT
  -------         PROC          LED_CTL_INIT
  C:2255H         LINE#         53
BL51 BANKED LINKER/LOCATER V6.22.4.0                                                  05/11/2026  17:40:25  PAGE 33


  C:2255H         LINE#         54
  C:2255H         LINE#         63
  -------         ENDPROC       LED_CTL_INIT
  -------         PROC          LED_YELLOW_ON
  C:2264H         LINE#         66
  C:2264H         LINE#         67
  C:2264H         LINE#         69
  C:226AH         LINE#         71
  C:2270H         LINE#         72
  -------         ENDPROC       LED_YELLOW_ON
  -------         PROC          __LED_YELLOW_RESUME__
  C:2271H         LINE#         75
  C:2271H         LINE#         76
  C:2271H         LINE#         77
  C:2277H         LINE#         78
  C:227DH         LINE#         79
  -------         ENDPROC       __LED_YELLOW_RESUME__
  -------         PROC          LED_YELLOW_OFF
  C:22CEH         LINE#         81
  C:22CEH         LINE#         82
  C:22CEH         LINE#         83
  C:22D0H         LINE#         84
  C:22D5H         LINE#         85
  -------         ENDPROC       LED_YELLOW_OFF
  -------         PROC          LED_WHITE_ON
  C:227EH         LINE#         87
  C:227EH         LINE#         88
  C:227EH         LINE#         90
  C:2284H         LINE#         92
  C:228AH         LINE#         93
  -------         ENDPROC       LED_WHITE_ON
  -------         PROC          __LED_WHITE_RESUME__
  C:228BH         LINE#         96
  C:228BH         LINE#         97
  C:228BH         LINE#         98
  C:2291H         LINE#         99
  C:2297H         LINE#         100
  -------         ENDPROC       __LED_WHITE_RESUME__
  -------         PROC          LED_WHITE_OFF
  C:22D6H         LINE#         102
  C:22D6H         LINE#         103
  C:22D6H         LINE#         104
  C:22D8H         LINE#         105
  C:22DDH         LINE#         106
  -------         ENDPROC       LED_WHITE_OFF
  -------         PROC          LED_STATUS_SWITCH
  C:1F51H         LINE#         108
  C:1F51H         LINE#         109
  C:1F51H         LINE#         111
  C:1F65H         LINE#         112
  C:1F65H         LINE#         113
  C:1F65H         LINE#         117
  C:1F67H         LINE#         118
  C:1F69H         LINE#         119
  C:1F69H         LINE#         124
  C:1F6BH         LINE#         125
  C:1F6DH         LINE#         126
BL51 BANKED LINKER/LOCATER V6.22.4.0                                                  05/11/2026  17:40:25  PAGE 34


  C:1F6DH         LINE#         130
  C:1F6FH         LINE#         131
  C:1F71H         LINE#         132
  C:1F71H         LINE#         138
  C:1F73H         LINE#         139
  C:1F75H         LINE#         140
  C:1F75H         LINE#         151
  C:1F7AH         LINE#         152
  C:1F7AH         LINE#         153
  C:1F7AH         LINE#         154
  -------         ENDPROC       LED_STATUS_SWITCH
  -------         PROC          _LED_STATUS_SET
  X:6271H         SYMBOL        status
  C:18A3H         LINE#         157
  C:18A8H         LINE#         158
  C:18A8H         LINE#         160
  C:18B2H         LINE#         161
  C:18B9H         LINE#         162
  C:18BDH         LINE#         164
  C:18D1H         LINE#         165
  C:18D1H         LINE#         166
  C:18D1H         LINE#         167
  C:18D1H         LINE#         168
  C:18D1H         LINE#         169
  C:18D1H         LINE#         170
  C:18D4H         LINE#         171
  C:18D6H         LINE#         172
  C:18D6H         LINE#         173
[...]
  C:212EH         LINE#         19
  C:212EH         LINE#         20
  C:212EH         LINE#         23
  C:2134H         LINE#         24
  C:213AH         LINE#         26
  C:2140H         LINE#         27
  C:2146H         LINE#         28
  -------         ENDPROC       CHARGE_DET_INIT
  -------         PROC          DETECT_1KHZ_SIGNAL_100US
  -------         DO            
  X:62A5H         SYMBOL        signal_high_duration
BL51 BANKED LINKER/LOCATER V6.22.4.0                                                  05/11/2026  17:40:25  PAGE 47


  X:62A7H         SYMBOL        signal_low_duration
  X:62A9H         SYMBOL        detection_state
  X:62AAH         SYMBOL        toggle_count_in_period
  X:62ACH         SYMBOL        measurement_period_counter
  X:62AEH         SYMBOL        is_detected_signal
  X:62AFH         SYMBOL        last_pin_state
  X:6289H         SYMBOL        current_pin_state
  X:62B0H         SYMBOL        consecutive_detection_count
  X:62B2H         SYMBOL        undetected_charging_count
  -------         ENDDO         
  C:0986H         LINE#         32
  C:0986H         LINE#         33
  C:0986H         LINE#         45
  C:098EH         LINE#         53
  C:0994H         LINE#         56
  C:09A5H         LINE#         57
  C:09A5H         LINE#         58
  C:09ABH         LINE#         59
  C:09BAH         LINE#         60
  C:09BAH         LINE#         62
  C:09BEH         LINE#         63
  C:09C2H         LINE#         64
  C:09C6H         LINE#         65
  C:09C9H         LINE#         66
  C:09C9H         LINE#         67
  C:09CBH         LINE#         69
  C:09CBH         LINE#         70
  C:09D2H         LINE#         71
  C:09D2H         LINE#         73
  C:09E3H         LINE#         74
  C:09E3H         LINE#         75
  C:09E3H         LINE#         76
  C:09EAH         LINE#         77
  C:09EAH         LINE#         78
  C:09EAH         LINE#         79
  C:09EDH         LINE#         80
  C:09EDH         LINE#         81
  C:09F0H         LINE#         83
  C:09F0H         LINE#         84
  C:09F3H         LINE#         85
  C:09FAH         LINE#         86
  C:0A01H         LINE#         87
  C:0A01H         LINE#         88
  C:0A04H         LINE#         90
  C:0A04H         LINE#         91
  C:0A0BH         LINE#         92
  C:0A0BH         LINE#         93
  C:0A1AH         LINE#         94
  C:0A1AH         LINE#         95
  C:0A20H         LINE#         96
  C:0A20H         LINE#         98
  C:0A20H         LINE#         99
  C:0A23H         LINE#         101
  C:0A23H         LINE#         102
  C:0A29H         LINE#         103
  C:0A31H         LINE#         108
  C:0A4DH         LINE#         109
BL51 BANKED LINKER/LOCATER V6.22.4.0                                                  05/11/2026  17:40:25  PAGE 48


  C:0A4DH         LINE#         110
  C:0A50H         LINE#         111
  C:0A50H         LINE#         112
  C:0A50H         LINE#         113
  C:0A50H         LINE#         114
  C:0A52H         LINE#         116
  C:0A52H         LINE#         117
  C:0A58H         LINE#         118
  C:0A58H         LINE#         119
  C:0A5EH         LINE#         120
  C:0A62H         LINE#         121
  C:0A64H         LINE#         123
  C:0A64H         LINE#         124
  C:0A67H         LINE#         125
  C:0A6AH         LINE#         130
  C:0A86H         LINE#         131
  C:0A86H         LINE#         132
  C:0A89H         LINE#         133
  C:0A89H         LINE#         135
  C:0A90H         LINE#         136
  C:0A90H         LINE#         137
  C:0A90H         LINE#         138
  C:0A90H         LINE#         140
  C:0A9FH         LINE#         141
  C:0A9FH         LINE#         142
  C:0AA3H         LINE#         148
  C:0AB1H         LINE#         149
  C:0AB1H         LINE#         150
  C:0AB7H         LINE#         151
  C:0AB9H         LINE#         152
  C:0AC8H         LINE#         153
  C:0AC8H         LINE#         155
  C:0ACDH         LINE#         156
  C:0ACDH         LINE#         157
  C:0AD4H         LINE#         158
  C:0AD4H         LINE#         160
  C:0ADAH         LINE#         161
  C:0ADAH         LINE#         162
  C:0AE0H         LINE#         163
  C:0AEFH         LINE#         164
  C:0AEFH         LINE#         165
  C:0AF5H         LINE#         166
  C:0AF5H         LINE#         169
  C:0B04H         LINE#         170
  C:0B04H         LINE#         171
  C:0B0AH         LINE#         173
  C:0B14H         LINE#         174
  C:0B14H         LINE#         175
  C:0B16H         LINE#         177
  C:0B16H         LINE#         178
  C:0B25H         LINE#         179
  C:0B25H         LINE#         180
  C:0B2CH         LINE#         181
  C:0B2CH         LINE#         182
  C:0B2CH         LINE#         184
  C:0B34H         LINE#         185
  -------         ENDPROC       DETECT_1KHZ_SIGNAL_100US
BL51 BANKED LINKER/LOCATER V6.22.4.0                                                  05/11/2026  17:40:25  PAGE 49


  -------         PROC          CHARGE_DET_TIME_ADD
  C:22F1H         LINE#         187
  C:22F1H         LINE#         188
  C:22F1H         LINE#         189
  C:22F3H         LINE#         190
  -------         ENDPROC       CHARGE_DET_TIME_ADD
  -------         PROC          CHARGE_DET
  -------         DO            
  X:62B4H         SYMBOL        adc_val_of_solar_panel
  X:62B6H         SYMBOL        adc_val_of_type_c
  X:626FH         SYMBOL        voltage_mv
  -------         ENDDO         
  C:0E00H         LINE#         194
  C:0E00H         LINE#         195
  C:0E00H         LINE#         198
  C:0E07H         LINE#         200
  C:0E0FH         LINE#         201
  C:0E0FH         LINE#         202
  C:0E14H         LINE#         203
  C:0E21H         LINE#         204
  C:0E21H         LINE#         206
  C:0E29H         LINE#         207
  C:0E29H         LINE#         208
  C:0E2EH         LINE#         209
  C:0E3BH         LINE#         210
  C:0E3BH         LINE#         212
  C:0E41H         LINE#         213
  C:0E41H         LINE#         214
  C:0E43H         LINE#         215
  C:0E43H         LINE#         217
  C:0E43H         LINE#         220
  C:0E43H         LINE#         227
  C:0E63H         LINE#         229
  C:0E6BH         LINE#         230
  C:0E6BH         LINE#         231
  C:0E70H         LINE#         232
  C:0E76H         LINE#         233
  C:0E7BH         LINE#         234
  C:0E7BH         LINE#         235
  C:0E7DH         LINE#         237
  C:0E82H         LINE#         242
  C:0E82H         LINE#         243
  C:0E84H         LINE#         245
  C:0E84H         LINE#         246
  C:0E89H         LINE#         247
  C:0E8DH         LINE#         248
  C:0E93H         LINE#         249
  C:0E93H         LINE#         250
  C:0E95H         LINE#         252
  C:0E99H         LINE#         257
  C:0E99H         LINE#         258
  C:0E99H         LINE#         267
  C:0EA9H         LINE#         268
  C:0EA9H         LINE#         269
  C:0EAFH         LINE#         270
  C:0EB5H         LINE#         271
  C:0EB5H         LINE#         272
BL51 BANKED LINKER/LOCATER V6.22.4.0                                                  05/11/2026  17:40:25  PAGE 50


  C:0EB7H         LINE#         273
  C:0EBBH         LINE#         274
  C:0EBBH         LINE#         275
  C:0EBDH         LINE#         276
  C:0EC6H         LINE#         277
  C:0EC6H         LINE#         278
  C:0ECBH         LINE#         279
  C:0ECBH         LINE#         283
  C:0ED7H         LINE#         284
  C:0ED7H         LINE#         285
  C:0EDDH         LINE#         288
  C:0EE2H         LINE#         289
  C:0EE6H         LINE#         290
  C:0EE8H         LINE#         291
  C:0EF4H         LINE#         292
  C:0EF4H         LINE#         293
  C:0EF8H         LINE#         294
  C:0EF8H         LINE#         297
  C:0EFEH         LINE#         298
  C:0EFEH         LINE#         299
  C:0F04H         LINE#         300
  C:0F04H         LINE#         301
  C:0F09H         LINE#         302
  C:0F09H         LINE#         304
  C:0F0FH         LINE#         305
  C:0F0FH         LINE#         306
  C:0F12H         LINE#         308
  C:0F12H         LINE#         309
  C:0F12H         LINE#         310
  -------         ENDPROC       CHARGE_DET
  -------         ENDMOD        CHARGE_DET

  -------         MODULE        LOW_POWER
  C:0000H         SYMBOL        _ICE_DUMMY_
  D:00BAH         PUBLIC        LP_CON
  D:008DH         PUBLIC        LP_WKCON
  D:008EH         PUBLIC        LP_WKPND
  D:00A8H         PUBLIC        IE0
  D:00A9H         PUBLIC        IE1
  D:00AAH         PUBLIC        IE2
  D:00ABH         PUBLIC        IE3
  B:00A8H.7       PUBLIC        IE_EA
  D:00B8H         PUBLIC        IP0
  D:00B1H         PUBLIC        IP1
  D:00B2H         PUBLIC        IP2
  D:00B3H         PUBLIC        IP3
  D:00B4H         PUBLIC        IP4
  D:00B5H         PUBLIC        IP5
  D:00B6H         PUBLIC        IP6
  D:00B7H         PUBLIC        IP7
  D:00D2H         PUBLIC        UART0_CON0
  D:00D1H         PUBLIC        TMR_ALLCON
  D:00ACH         PUBLIC        FLASH_TIMEREG1
  D:0099H         PUBLIC        ADC_CHS0
  C:11CDH         PUBLIC        low_power_handle
  C:1DF9H         PUBLIC        low_power_enter_timer_callback
  X:62DFH         SYMBOL        is_low_power_enter_enable
BL51 BANKED LINKER/LOCATER V6.22.4.0                                                  05/11/2026  17:40:25  PAGE 51


  C:215FH         PUBLIC        is_low_power_condition_establish
  C:0F13H         PUBLIC        low_power_in
  C:1AF1H         PUBLIC        low_power_out
  C:2177H         PUBLIC        WUT_IRQHandler
  -------         PROC          IS_LOW_POWER_CONDITION_ESTABLISH
  C:215FH         LINE#         8
  C:215FH         LINE#         9
  C:215FH         LINE#         11
  C:2176H         LINE#         12
  -------         ENDPROC       IS_LOW_POWER_CONDITION_ESTABLISH
  -------         PROC          LOW_POWER_ENTER_TIMER_CALLBACK
  -------         DO            
  X:62DDH         SYMBOL        cnt
  -------         ENDDO         
  C:1DF9H         LINE#         15
  C:1DF9H         LINE#         16
  C:1DF9H         LINE#         18
  C:1DFFH         LINE#         19
  C:1DFFH         LINE#         20
  C:1E09H         LINE#         21
  C:1E18H         LINE#         22
  C:1E18H         LINE#         23
  C:1E1CH         LINE#         24
  C:1E21H         LINE#         25
  C:1E21H         LINE#         26
  C:1E22H         LINE#         28
  C:1E22H         LINE#         29
  C:1E29H         LINE#         30
  C:1E2DH         LINE#         31
  C:1E2DH         LINE#         32
  -------         ENDPROC       LOW_POWER_ENTER_TIMER_CALLBACK
  -------         PROC          LOW_POWER_IN
  C:0F13H         LINE#         34
  C:0F13H         LINE#         35
  C:0F13H         LINE#         40
  C:0F16H         LINE#         41
  C:0F19H         LINE#         42
  C:0F1CH         LINE#         43
  C:0F1FH         LINE#         45
  C:0F25H         LINE#         46
  C:0F2BH         LINE#         48
  C:0F32H         LINE#         50
  C:0F35H         LINE#         51
  C:0F3BH         LINE#         53
  C:0F40H         LINE#         54
  C:0F43H         LINE#         63
  C:0F49H         LINE#         64
  C:0F4FH         LINE#         66
  C:0F55H         LINE#         67
  C:0F5BH         LINE#         70
  C:0F61H         LINE#         71
  C:0F65H         LINE#         72
  C:0F6BH         LINE#         75
  C:0F6FH         LINE#         76
  C:0F75H         LINE#         77
  C:0F79H         LINE#         78
  C:0F7EH         LINE#         96
BL51 BANKED LINKER/LOCATER V6.22.4.0                                                  05/11/2026  17:40:25  PAGE 52


  C:0F82H         LINE#         97
  C:0F88H         LINE#         101
  C:0F8DH         LINE#         102
  C:0F93H         LINE#         103
  C:0F97H         LINE#         105
  C:0F9EH         LINE#         111
  C:0FA1H         LINE#         119
  C:0FA7H         LINE#         120
  C:0FADH         LINE#         121
  C:0FB3H         LINE#         122
  C:0FB9H         LINE#         124
  C:0FBCH         LINE#         125
  C:0FBFH         LINE#         126
  C:0FC2H         LINE#         129
  C:0FC5H         LINE#         131
  C:0FC8H         LINE#         133
  C:0FCBH         LINE#         134
  C:0FCEH         LINE#         137
  C:0FD1H         LINE#         138
  C:0FD3H         LINE#         141
  C:0FDAH         LINE#         142
  C:0FDEH         LINE#         146
  C:0FE3H         LINE#         147
  C:0FEAH         LINE#         149
  C:0FF1H         LINE#         151
  C:0FF8H         LINE#         152
  C:0FFFH         LINE#         153
  C:1002H         LINE#         155
  C:1009H         LINE#         156
  C:1010H         LINE#         161
  C:1013H         LINE#         167
  -------         ENDPROC       LOW_POWER_IN
  -------         PROC          LOW_POWER_OUT
  C:1AF1H         LINE#         169
  C:1AF1H         LINE#         170
  C:1AF1H         LINE#         172
  C:1AF4H         LINE#         173
  C:1AFBH         LINE#         174
  C:1B02H         LINE#         177
  C:1B05H         LINE#         181
  C:1B0AH         LINE#         182
  C:1B0CH         LINE#         188
  C:1B13H         LINE#         189
  C:1B18H         LINE#         190
  C:1B1FH         LINE#         192
  C:1B26H         LINE#         193
  C:1B2DH         LINE#         195
  C:1B30H         LINE#         196
  C:1B33H         LINE#         197
  C:1B3AH         LINE#         203
  -------         ENDPROC       LOW_POWER_OUT
  C:127AH         SYMBOL        L?0105
  -------         PROC          LOW_POWER_HANDLE
  -------         DO            
  X:626FH         SYMBOL        is_back_to_low_power
  X:6270H         SYMBOL        adc_val
  C:11E7H         SYMBOL        label_low_power_in
BL51 BANKED LINKER/LOCATER V6.22.4.0                                                  05/11/2026  17:40:25  PAGE 53


  -------         ENDDO         
  C:11CDH         LINE#         205
  C:11CDH         LINE#         206
  C:11CDH         LINE#         207
  C:11D3H         LINE#         210
  C:11E0H         LINE#         211
  C:11E0H         LINE#         212
  C:11E7H         LINE#         213
  C:11E7H         LINE#         215
  C:11E7H         LINE#         217
  C:11E7H         LINE#         218
  C:11E7H         LINE#         220
  C:11EAH         LINE#         221
  C:11EDH         LINE#         224
  C:11F0H         LINE#         225
  C:11F3H         LINE#         227
  C:11F5H         LINE#         228
  C:11F5H         LINE#         229
  C:11F8H         LINE#         231
  C:1200H         LINE#         232
  C:1200H         LINE#         234
  C:1205H         LINE#         238
  C:1205H         LINE#         240
  C:1207H         LINE#         241
  C:1207H         LINE#         242
  C:120AH         LINE#         244
  C:1239H         LINE#         245
  C:1239H         LINE#         246
  C:123EH         LINE#         250
  C:123EH         LINE#         252
  C:1243H         LINE#         253
  C:124AH         LINE#         254
  C:1255H         LINE#         256
  C:1258H         LINE#         267
  C:125DH         LINE#         268
  C:125DH         LINE#         269
  C:1262H         LINE#         273
  C:1265H         LINE#         274
  C:1265H         LINE#         276
  C:126EH         LINE#         277
  C:126EH         LINE#         281
  C:126EH         LINE#         282
  C:126EH         LINE#         285
  C:1272H         LINE#         286
  C:1276H         LINE#         287
  C:1279H         LINE#         288
  -------         ENDPROC       LOW_POWER_HANDLE
  -------         PROC          WUT_IRQHANDLER
  C:2177H         LINE#         291
  C:217DH         LINE#         294
  C:217DH         LINE#         299
  C:2184H         LINE#         300
  C:2184H         LINE#         301
  C:2188H         LINE#         302
  C:2188H         LINE#         305
  C:2188H         LINE#         306
  -------         ENDPROC       WUT_IRQHANDLER
BL51 BANKED LINKER/LOCATER V6.22.4.0                                                  05/11/2026  17:40:25  PAGE 54


  -------         ENDMOD        LOW_POWER

  -------         MODULE        ?C?COPY
  C:011EH         PUBLIC        ?C?COPY
  -------         ENDMOD        ?C?COPY

  -------         MODULE        ?C?CLDPTR
  C:0144H         PUBLIC        ?C?CLDPTR
  -------         ENDMOD        ?C?CLDPTR

  -------         MODULE        ?C?CLDOPTR
  C:015DH         PUBLIC        ?C?CLDOPTR
  -------         ENDMOD        ?C?CLDOPTR

  -------         MODULE        ?C?CILDOPTR
  C:018AH         PUBLIC        ?C?CILDOPTR
  -------         ENDMOD        ?C?CILDOPTR

  -------         MODULE        ?C?CSTOPTR
  C:01BDH         PUBLIC        ?C?CSTOPTR
  -------         ENDMOD        ?C?CSTOPTR

  -------         MODULE        ?C?UIDIV
  C:01DFH         PUBLIC        ?C?UIDIV
  -------         ENDMOD        ?C?UIDIV

  -------         MODULE        ?C?IILDX
  C:0234H         PUBLIC        ?C?IILDX
  -------         ENDMOD        ?C?IILDX

  -------         MODULE        ?C?LADD
  C:024AH         PUBLIC        ?C?LADD
  -------         ENDMOD        ?C?LADD

  -------         MODULE        ?C?ULDIV
  C:0293H         PUBLIC        ?C?ULDIV
  -------         ENDMOD        ?C?ULDIV

  -------         MODULE        ?C?SLCMP
  C:0325H         PUBLIC        ?C?SLCMP
  -------         ENDMOD        ?C?SLCMP

  -------         MODULE        ?C?ULCMP
  C:033BH         PUBLIC        ?C?ULCMP
  -------         ENDMOD        ?C?ULCMP

  -------         MODULE        ?C?LLDXDATA
  C:034CH         PUBLIC        ?C?LLDXDATA
  -------         ENDMOD        ?C?LLDXDATA

  -------         MODULE        ?C?LLDXDATA0
  C:0358H         PUBLIC        ?C?LLDXDATA0
  -------         ENDMOD        ?C?LLDXDATA0

  -------         MODULE        ?C?LSTXDATA
  C:0364H         PUBLIC        ?C?LSTXDATA
  -------         ENDMOD        ?C?LSTXDATA
BL51 BANKED LINKER/LOCATER V6.22.4.0                                                  05/11/2026  17:40:25  PAGE 55



  -------         MODULE        ?C?LSTKXDATA
  C:0370H         PUBLIC        ?C?LSTKXDATA
  -------         ENDMOD        ?C?LSTKXDATA

  -------         MODULE        ?C?PLDXDATA
  C:03A1H         PUBLIC        ?C?PLDXDATA
  -------         ENDMOD        ?C?PLDXDATA

  -------         MODULE        ?C?PSTXDATA
  C:03AAH         PUBLIC        ?C?PSTXDATA
  -------         ENDMOD        ?C?PSTXDATA

  -------         MODULE        ?C?PLDOPTR
  C:03B3H         PUBLIC        ?C?PLDOPTR
  -------         ENDMOD        ?C?PLDOPTR

  -------         MODULE        ?C?CCASE
  C:03E3H         PUBLIC        ?C?CCASE
  -------         ENDMOD        ?C?CCASE

  -------         MODULE        ?C?ICALL
  C:0409H         PUBLIC        ?C?ICALL
  C:040DH         PUBLIC        ?C?ICALL2
  -------         ENDMOD        ?C?ICALL

  -------         MODULE        ?C?LIMUL
  C:040FH         PUBLIC        ?C?LIMUL
  -------         ENDMOD        ?C?LIMUL

  -------         MODULE        ?C?MEMSET
  C:043CH         PUBLIC        ?C?MEMSET
  -------         ENDMOD        ?C?MEMSET

  -------         MODULE        ?C?PLDIDATA
  C:0468H         PUBLIC        ?C?PLDIDATA
  -------         ENDMOD        ?C?PLDIDATA

  -------         MODULE        ?C?PLDPDATA
  C:0471H         PUBLIC        ?C?PLDPDATA
  -------         ENDMOD        ?C?PLDPDATA

  -------         MODULE        ?C?PLDCODE
  C:047AH         PUBLIC        ?C?PLDCODE
  -------         ENDMOD        ?C?PLDCODE

*** WARNING L15: MULTIPLE CALL TO SEGMENT
    SEGMENT: ?PR?_GET_BATTERY_PERCENTAGE_BY_VOLTAGE?BATTERY_MONITOR
    CALLER1: ?C_C51STARTUP
    CALLER2: ?PR?ADC_IRQHANDLER?ADC

Program Size: data=9.5 xdata=739 code=8947
LINK/LOCATE RUN COMPLETE.  1 WARNING(S),  0 ERROR(S)
