BL51 BANKED LINKER/LOCATER V6.22.4.0                                                    07/02/2026  15:06:52  PAGE 1


BL51 BANKED LINKER/LOCATER V6.22.4.0, INVOKED BY:
C:\KEIL_V5\C51\BIN\BL51.EXE .\Release\Objects\STARTUP.obj, .\Release\Objects\system.obj, .\Release\Objects\adc.obj, .\Re
>> lease\Objects\pwm.obj, .\Release\Objects\timer0.obj, .\Release\Objects\timer1.obj, .\Release\Objects\uart0.obj, .\Rel
>> ease\Objects\main.obj, .\Release\Objects\uart_data_handle.obj, .\Release\Objects\key_driver.obj, .\Release\Objects\ad
>> _key.obj, .\Release\Objects\user_test.obj, .\Release\Objects\led.obj, .\Release\Objects\battery_monitor.obj, .\Releas
>> e\Objects\bluetooth_ic_handle.obj, .\Release\Objects\charge_det.obj, .\Release\Objects\low_power.obj TO .\Release\Obj
>> ects\Demo PRINT (.\Release\Listings\Demo.m51) RAMSIZE (256) CODE (0X0000-0X3EEF) XDATA (0X6000-0X66FF)


MEMORY MODEL: LARGE


INPUT MODULES INCLUDED:
  .\Release\Objects\STARTUP.obj (?C_STARTUP)
  .\Release\Objects\system.obj (SYSTEM)
  .\Release\Objects\adc.obj (ADC)
  .\Release\Objects\pwm.obj (PWM)
  .\Release\Objects\timer0.obj (TIMER0)
  .\Release\Objects\timer1.obj (TIMER1)
  .\Release\Objects\uart0.obj (UART0)
  .\Release\Objects\main.obj (MAIN)
  .\Release\Objects\uart_data_handle.obj (UART_DATA_HANDLE)
  .\Release\Objects\key_driver.obj (KEY_DRIVER)
  .\Release\Objects\ad_key.obj (AD_KEY)
  .\Release\Objects\user_test.obj (USER_TEST)
  .\Release\Objects\led.obj (LED)
  .\Release\Objects\battery_monitor.obj (BATTERY_MONITOR)
  .\Release\Objects\bluetooth_ic_handle.obj (BLUETOOTH_IC_HANDLE)
  .\Release\Objects\charge_det.obj (CHARGE_DET)
  .\Release\Objects\low_power.obj (LOW_POWER)
  C:\KEIL_V5\C51\LIB\C51L.LIB (?C_INIT)
  C:\KEIL_V5\C51\LIB\C51L.LIB (?C?COPY)
  C:\KEIL_V5\C51\LIB\C51L.LIB (?C?CLDPTR)
  C:\KEIL_V5\C51\LIB\C51L.LIB (?C?CLDOPTR)
  C:\KEIL_V5\C51\LIB\C51L.LIB (?C?CILDOPTR)
  C:\KEIL_V5\C51\LIB\C51L.LIB (?C?CSTOPTR)
  C:\KEIL_V5\C51\LIB\C51L.LIB (?C?UIDIV)
  C:\KEIL_V5\C51\LIB\C51L.LIB (?C?IILDX)
  C:\KEIL_V5\C51\LIB\C51L.LIB (?C?LADD)
  C:\KEIL_V5\C51\LIB\C51L.LIB (?C?ULDIV)
  C:\KEIL_V5\C51\LIB\C51L.LIB (?C?SLCMP)
  C:\KEIL_V5\C51\LIB\C51L.LIB (?C?ULCMP)
  C:\KEIL_V5\C51\LIB\C51L.LIB (?C?LLDXDATA)
  C:\KEIL_V5\C51\LIB\C51L.LIB (?C?LLDXDATA0)
  C:\KEIL_V5\C51\LIB\C51L.LIB (?C?LSTXDATA)
  C:\KEIL_V5\C51\LIB\C51L.LIB (?C?LSTKXDATA)
  C:\KEIL_V5\C51\LIB\C51L.LIB (?C?PLDXDATA)
  C:\KEIL_V5\C51\LIB\C51L.LIB (?C?PSTXDATA)
  C:\KEIL_V5\C51\LIB\C51L.LIB (?C?PLDOPTR)
  C:\KEIL_V5\C51\LIB\C51L.LIB (?C?CCASE)
  C:\KEIL_V5\C51\LIB\C51L.LIB (?C?ICALL)
  C:\KEIL_V5\C51\LIB\C51L.LIB (?C?LIMUL)
  C:\KEIL_V5\C51\LIB\C51L.LIB (?C?MEMSET)
  C:\KEIL_V5\C51\LIB\C51L.LIB (?C?PLDIDATA)
  C:\KEIL_V5\C51\LIB\C51L.LIB (?C?PLDPDATA)
  C:\KEIL_V5\C51\LIB\C51L.LIB (?C?PLDCODE)


BL51 BANKED LINKER/LOCATER V6.22.4.0                                                  07/02/2026  15:06:52  PAGE 2


LINK MAP OF MODULE:  .\Release\Objects\Demo (?C_STARTUP)


            TYPE    BASE      LENGTH    RELOCATION   SEGMENT NAME
            -----------------------------------------------------

            * * * * * * *   D A T A   M E M O R Y   * * * * * * *
            REG     0000H     0008H     ABSOLUTE     "REG BANK 0"
                    0008H     0018H                  *** GAP ***
            BIT     0020H.0   0000H.4   UNIT         ?BI?ADC
            BIT     0020H.4   0000H.1   UNIT         ?BI?CHARGE_DET
                    0020H.5   0000H.3                *** GAP ***
            IDATA   0021H     0001H     UNIT         ?STACK

            * * * * * * *  X D A T A   M E M O R Y  * * * * * * *
                    0000H     6000H                  *** GAP ***
            XDATA   6000H     0206H     UNIT         ?XD?UART0
            XDATA   6206H     0039H     UNIT         ?XD?AD_KEY
            XDATA   623FH     0034H     UNIT         ?XD?BATTERY_MONITOR
            XDATA   6273H     0027H     UNIT         ?XD?CHARGE_DET
            XDATA   629AH     001DH     UNIT         _XDATA_GROUP_
            XDATA   62B7H     001AH     UNIT         ?XD?UART_DATA_HANDLE
            XDATA   62D1H     0012H     UNIT         ?XD?LED
            XDATA   62E3H     0009H     UNIT         ?XD?ADC
            XDATA   62ECH     0006H     UNIT         ?XD?LOW_POWER
            XDATA   62F2H     0004H     UNIT         ?XD?KEY_DRIVER
            XDATA   62F6H     0002H     UNIT         ?XD?BLUETOOTH_IC_HANDLE

            * * * * * * *   C O D E   M E M O R Y   * * * * * * *
            CODE    0000H     0003H     ABSOLUTE     
            CODE    0003H     000CH     ABSOLUTE     
            CODE    000FH     000FH     UNIT         ?PR?UART_RECEIVER_TIMEOUT_ADD?UART_DATA_HANDLE
            CODE    001EH     0003H     ABSOLUTE     
            CODE    0021H     0003H     ABSOLUTE     
            CODE    0024H     001BH     UNIT         ?PR?_ADC_CLEAR_UPDATE_FLAG?ADC
            CODE    003FH     0003H     ABSOLUTE     
            CODE    0042H     0003H     ABSOLUTE     
            CODE    0045H     0005H     UNIT         ?PR?BLE_IC_DISABLE_PRE?BLUETOOTH_IC_HANDLE
                    004AH     0001H                  *** GAP ***
            CODE    004BH     0003H     ABSOLUTE     
            CODE    004EH     0438H     UNIT         ?C?LIB_CODE
            CODE    0486H     0377H     UNIT         ?C_INITSEG
            CODE    07FDH     01B2H     UNIT         ?PR?LED_BAT_INSTRUCTION_TIMER_CALLBACK?LED
            CODE    09AFH     01AAH     UNIT         ?PR?DETECT_1KHZ_SIGNAL_100US?CHARGE_DET
            CODE    0B59H     0193H     UNIT         ?PR?_KEY_DRIVER_SCAN?KEY_DRIVER
            CODE    0CECH     0175H     UNIT         ?PR?BATTERY_MONITOR_HANDLE?BATTERY_MONITOR
            CODE    0E61H     015DH     UNIT         ?PR?LOW_POWER_HANDLE?LOW_POWER
            CODE    0FBEH     0157H     UNIT         ?PR?DETECT_DISCHARGE_1KHZ_SIGNAL_100US?CHARGE_DET
            CODE    1115H     012BH     UNIT         ?PR?CHARGE_DET?CHARGE_DET
            CODE    1240H     0111H     UNIT         ?PR?LED_SLOW_ADJUST_ISR?LED
            CODE    1351H     010BH     UNIT         ?PR?LOW_POWER_IN?LOW_POWER
            CODE    145CH     00EAH     UNIT         ?PR?LED_RED_BLUE_FLASH_1MS_ISR?LED
            CODE    1546H     00CFH     UNIT         ?PR?SYSTEM_INIT?SYSTEM
            CODE    1615H     00BAH     UNIT         ?PR?BATTERY_VOLTAGE_UPDATE_BY_ISR?BATTERY_MONITOR
            CODE    16CFH     00B9H     UNIT         ?PR?LED
            CODE    1788H     00A5H     UNIT         ?PR?_UART_RECEIVER_PROCESS_BYTE?UART_DATA_HANDLE
            CODE    182DH     00A5H     UNIT         ?PR?AD_KEY_HANDLE?AD_KEY
BL51 BANKED LINKER/LOCATER V6.22.4.0                                                  07/02/2026  15:06:52  PAGE 3


            CODE    18D2H     008CH     UNIT         ?C_C51STARTUP
            CODE    195EH     008BH     UNIT         ?PR?PWM_INIT?PWM
            CODE    19E9H     0087H     UNIT         ?PR?ADC_IRQHANDLER?ADC
            CODE    1A70H     0082H     UNIT         ?PR?_GET_BATTERY_PERCENTAGE_BY_VOLTAGE?BATTERY_MONITOR
            CODE    1AF2H     0079H     UNIT         ?PR?UART_DATA_HANDLE?UART_DATA_HANDLE
            CODE    1B6BH     0074H     UNIT         ?PR?_LED_STATUS_SET?LED
            CODE    1BDFH     006CH     UNIT         ?PR?TIMR0_IRQHANDLER?TIMER0
            CODE    1C4BH     0069H     UNIT         ?PR?BATTERY_MONITOR
            CODE    1CB4H     0066H     UNIT         ?PR?ADC_SCAN?ADC
            CODE    1D1AH     0066H     UNIT         ?PR?SEND_LOW_BAT_TIMER_CALLBACK?BATTERY_MONITOR
            CODE    1D80H     004EH     UNIT         ?PR?LED_INIT?LED
            CODE    1DCEH     004DH     UNIT         ?PR?MAIN?MAIN
            CODE    1E1BH     004CH     UNIT         ?PR?_AD_KEY_VAL_TO_AD_KEY_INDEX?AD_KEY
            CODE    1E67H     004BH     UNIT         ?PR?_ADC_CHANNEL_SEL?ADC
            CODE    1EB2H     004AH     UNIT         ?PR?_AD_KEY_GET_EVENT?AD_KEY
            CODE    1EFCH     004AH     UNIT         ?PR?LOW_POWER_OUT?LOW_POWER
            CODE    1F46H     0048H     UNIT         ?PR?TIMR1_IRQHANDLER?TIMER1
            CODE    1F8EH     0046H     UNIT         ?PR?BAT_VOL_HISTORY_BUFF_GET_AVG?BATTERY_MONITOR
            CODE    1FD4H     0045H     UNIT         ?PR?_UART_DATA_SEND_CMD?UART_DATA_HANDLE
            CODE    2019H     0041H     UNIT         ?PR?_UART0_RXBUFFER_PUT_BYTE?UART0
            CODE    205AH     003DH     UNIT         ?PR?_ADC_UPDATE_VAL?ADC
            CODE    2097H     003CH     UNIT         ?PR?UART0_RXBUFFER_GET_BYTE?UART0
            CODE    20D3H     003AH     UNIT         ?PR?UART0_INIT?UART0
            CODE    210DH     0039H     UNIT         ?PR?BAT_VOL_UPDATE_TIMER_CALLBACK?BATTERY_MONITOR
            CODE    2146H     0034H     UNIT         ?PR?UART0_IRQHANDLER?UART0
            CODE    217AH     0033H     UNIT         ?PR?AD_KEY_GET_KEY_VAL?AD_KEY
            CODE    21ADH     0033H     UNIT         ?PR?LOW_POWER_ENTER_TIMER_CALLBACK?LOW_POWER
            CODE    21E0H     002EH     UNIT         ?PR?_ADC_GET_VAL?ADC
            CODE    220EH     002EH     UNIT         ?PR?ADC
            CODE    223CH     002BH     UNIT         ?PR?BAT_VOL_BUFF_GET_AVG_TIMER_CALLBACK?BATTERY_MONITOR
            CODE    2267H     002BH     UNIT         ?PR?CHARGE_DET
            CODE    2292H     002AH     UNIT         ?PR?LED_STATUS_SWITCH?LED
            CODE    22BCH     002AH     UNIT         ?PR?BAT_VOL_BUFF_ADD_TIMER_CALLBACK?BATTERY_MONITOR
            CODE    22E6H     0025H     UNIT         ?PR?_ADC_GET_UPDATE_FLAG?ADC
            CODE    230BH     0024H     UNIT         ?PR?IS_LOW_POWER_CONDITION_ESTABLISH?LOW_POWER
            CODE    232FH     0023H     UNIT         ?PR?_UART0_SENDBUF?UART0
            CODE    2352H     0022H     UNIT         ?PR?ADC_INIT?ADC
            CODE    2374H     0022H     UNIT         ?PR?UART_RECEIVER_PROCESS_CHECKSUM?UART_DATA_HANDLE
            CODE    2396H     0022H     UNIT         ?PR?_BAT_VOL_HISTORY_BUFF_ADD?BATTERY_MONITOR
            CODE    23B8H     0021H     UNIT         ?PR?USER_INIT?MAIN
            CODE    23D9H     0021H     UNIT         ?PR?KEY_DRIVER
            CODE    23FAH     001BH     UNIT         ?PR?TIMER0_INIT?TIMER0
            CODE    2415H     001BH     UNIT         ?PR?TIMER1_INIT?TIMER1
            CODE    2430H     001AH     UNIT         ?PR?BLUETOOTH_IC_HANDLE_INIT?BLUETOOTH_IC_HANDLE
            CODE    244AH     0019H     UNIT         ?PR?CHARGE_DET_INIT?CHARGE_DET
            CODE    2463H     0018H     UNIT         ?PR?_DELAY_MS?SYSTEM
            CODE    247BH     0018H     UNIT         ?PR?WUT_IRQHANDLER?LOW_POWER
            CODE    2493H     0017H     UNIT         ?PR?ADC_GET_VAL_ONCE?ADC
            CODE    24AAH     0017H     UNIT         ?PR?UART_DATA_HANDLE
            CODE    24C1H     0017H     UNIT         ?PR?BAT_PERCENT_UPDATE_TIME_ADD?BATTERY_MONITOR
            CODE    24D8H     0016H     UNIT         ?PR?PWM
            CODE    24EEH     0016H     UNIT         ?PR?_BAT_VOL_HISTORY_BUFF_INIT?BATTERY_MONITOR
            CODE    2504H     0015H     UNIT         ?PR?BAT_PERCENT_UPDATE_TIME_IS_COMES?BATTERY_MONITOR
            CODE    2519H     0015H     UNIT         ?PR?BLE_IC_ENABLE?BLUETOOTH_IC_HANDLE
            CODE    252EH     0013H     UNIT         ?PR?UART_RECEIVER_TIMEOUT_HANDLER?UART_DATA_HANDLE
            CODE    2541H     0012H     UNIT         ?PR?ADC_INIT_WHEN_LOW_PWR_OUT?ADC
            CODE    2553H     0012H     UNIT         ?PR?UART_RECEIVER_RESET?UART_DATA_HANDLE
BL51 BANKED LINKER/LOCATER V6.22.4.0                                                  07/02/2026  15:06:52  PAGE 4


            CODE    2565H     0011H     UNIT         ?PR?ADC_PIN_INIT?ADC
            CODE    2576H     0010H     UNIT         ?PR?_GET_BATTERY_VOLTAGE_BY_ADC?BATTERY_MONITOR
            CODE    2586H     000FH     UNIT         ?PR?AD_KEY
            CODE    2595H     000FH     UNIT         ?PR?LED_CTL_INIT?LED
            CODE    25A4H     000DH     UNIT         ?PR?LED_YELLOW_ON?LED
            CODE    25B1H     000DH     UNIT         ?PR?LED_WHITE_ON?LED
            CODE    25BEH     000BH     UNIT         ?PR?_DELAY?SYSTEM
            CODE    25C9H     000BH     UNIT         ?PR?BATTERY_BLUETOOTH_ENABLE_IS_ALLOWED?BATTERY_MONITOR
            CODE    25D4H     0009H     UNIT         ?PR?_PWM_SET_CHANNEL_0_DUTY?PWM
            CODE    25DDH     0009H     UNIT         ?PR?_PWM_SET_CHANNEL_1_DUTY?PWM
            CODE    25E6H     0009H     UNIT         ?PR?UART0_RXBUFFER_GET_COUNT?UART0
            CODE    25EFH     0008H     UNIT         ?PR?_UART0_SENDBYTE?UART0
            CODE    25F7H     0008H     UNIT         ?CO?UART_DATA_HANDLE
            CODE    25FFH     0008H     UNIT         ?PR?LED_YELLOW_OFF?LED
            CODE    2607H     0008H     UNIT         ?PR?LED_WHITE_OFF?LED
            CODE    260FH     0008H     UNIT         ?PR?BAT_PERCENT_UPDATE_TIME_RESET?BATTERY_MONITOR
            CODE    2617H     0008H     UNIT         ?PR?BLE_IC_DISABLE_POST?BLUETOOTH_IC_HANDLE
            CODE    261FH     0007H     UNIT         ?PR?UART0
            CODE    2626H     0007H     UNIT         ?PR?LOW_POWER
            CODE    262DH     0003H     UNIT         ?PR?CHARGE_DET_TIME_ADD?CHARGE_DET



OVERLAY MAP OF MODULE:   .\Release\Objects\Demo (?C_STARTUP)


SEGMENT                                            XDATA_GROUP
  +--> CALLED SEGMENT                            START    LENGTH
----------------------------------------------------------------
?C_C51STARTUP                                    -----    -----
  +--> ?PR?MAIN?MAIN
  +--> ?C_INITSEG

?PR?MAIN?MAIN                                    -----    -----
  +--> ?PR?SYSTEM_INIT?SYSTEM
  +--> ?PR?USER_INIT?MAIN
  +--> ?PR?_DELAY_MS?SYSTEM
  +--> ?PR?_KEY_DRIVER_SCAN?KEY_DRIVER
  +--> ?PR?AD_KEY_HANDLE?AD_KEY
  +--> ?PR?UART_DATA_HANDLE?UART_DATA_HANDLE
  +--> ?PR?BATTERY_MONITOR_HANDLE?BATTERY_MO...
  +--> ?PR?CHARGE_DET?CHARGE_DET
  +--> ?PR?LOW_POWER_HANDLE?LOW_POWER

?PR?SYSTEM_INIT?SYSTEM                           -----    -----
  +--> ?PR?_DELAY?SYSTEM
  +--> ?PR?_DELAY_MS?SYSTEM

?PR?_DELAY_MS?SYSTEM                             -----    -----
  +--> ?PR?_DELAY?SYSTEM

?PR?USER_INIT?MAIN                               -----    -----
  +--> ?PR?ADC_PIN_INIT?ADC
  +--> ?PR?ADC_INIT?ADC
  +--> ?PR?LED_INIT?LED
  +--> ?PR?UART0_INIT?UART0
  +--> ?PR?PWM_INIT?PWM
BL51 BANKED LINKER/LOCATER V6.22.4.0                                                  07/02/2026  15:06:52  PAGE 5


  +--> ?PR?BLUETOOTH_IC_HANDLE_INIT?BLUETOOT...
  +--> ?PR?UART_RECEIVER_RESET?UART_DATA_HANDLE
  +--> ?PR?LED_CTL_INIT?LED
  +--> ?PR?CHARGE_DET_INIT?CHARGE_DET
  +--> ?PR?TIMER0_INIT?TIMER0
  +--> ?PR?TIMER1_INIT?TIMER1

?PR?ADC_INIT?ADC                                 -----    -----
  +--> ?PR?_DELAY_MS?SYSTEM

?PR?LED_INIT?LED                                 -----    -----
  +--> ?PR?LED

?PR?PWM_INIT?PWM                                 -----    -----
  +--> ?PR?PWM

?PR?_KEY_DRIVER_SCAN?KEY_DRIVER                  629AH    0002H
  +--> ?PR?KEY_DRIVER

?PR?AD_KEY_HANDLE?AD_KEY                         629AH    0001H
  +--> ?PR?_AD_KEY_GET_EVENT?AD_KEY
  +--> ?PR?BATTERY_BLUETOOTH_ENABLE_IS_ALLOW...
  +--> ?PR?LED_STATUS_SWITCH?LED
  +--> ?PR?_UART_DATA_SEND_CMD?UART_DATA_HANDLE
  +--> ?PR?BLE_IC_DISABLE_PRE?BLUETOOTH_IC_H...
  +--> ?PR?BLE_IC_ENABLE?BLUETOOTH_IC_HANDLE

?PR?_AD_KEY_GET_EVENT?AD_KEY                     -----    -----
  +--> ?PR?AD_KEY

?PR?BATTERY_BLUETOOTH_ENABLE_IS_ALLOW...         -----    -----
  +--> ?PR?BATTERY_MONITOR

?PR?LED_STATUS_SWITCH?LED                        -----    -----
  +--> ?PR?_LED_STATUS_SET?LED

?PR?_LED_STATUS_SET?LED                          629BH    0001H
  +--> ?PR?LED_YELLOW_OFF?LED
  +--> ?PR?LED_WHITE_OFF?LED
  +--> ?PR?LED_WHITE_ON?LED
  +--> ?PR?LED_YELLOW_ON?LED

?PR?LED_WHITE_ON?LED                             -----    -----
  +--> ?PR?_PWM_SET_CHANNEL_1_DUTY?PWM

?PR?_PWM_SET_CHANNEL_1_DUTY?PWM                  -----    -----
  +--> ?PR?PWM

?PR?LED_YELLOW_ON?LED                            -----    -----
  +--> ?PR?_PWM_SET_CHANNEL_0_DUTY?PWM

?PR?_PWM_SET_CHANNEL_0_DUTY?PWM                  -----    -----
  +--> ?PR?PWM

?PR?_UART_DATA_SEND_CMD?UART_DATA_HANDLE         629BH    0009H
  +--> ?CO?UART_DATA_HANDLE
  +--> ?PR?_UART0_SENDBUF?UART0
BL51 BANKED LINKER/LOCATER V6.22.4.0                                                  07/02/2026  15:06:52  PAGE 6



?PR?_UART0_SENDBUF?UART0                         62A4H    0003H
  +--> ?PR?_UART0_SENDBYTE?UART0

?PR?BLE_IC_DISABLE_PRE?BLUETOOTH_IC_H...         -----    -----
  +--> ?PR?_UART_DATA_SEND_CMD?UART_DATA_HANDLE

?PR?BLE_IC_ENABLE?BLUETOOTH_IC_HANDLE            -----    -----
  +--> ?PR?_DELAY_MS?SYSTEM
  +--> ?PR?_UART_DATA_SEND_CMD?UART_DATA_HANDLE

?PR?UART_DATA_HANDLE?UART_DATA_HANDLE            -----    -----
  +--> ?PR?UART_RECEIVER_RESET?UART_DATA_HANDLE
  +--> ?PR?UART_RECEIVER_TIMEOUT_HANDLER?UAR...
  +--> ?PR?UART0_RXBUFFER_GET_COUNT?UART0
  +--> ?PR?UART0_RXBUFFER_GET_BYTE?UART0
  +--> ?PR?_UART_RECEIVER_PROCESS_BYTE?UART_...
  +--> ?PR?BLE_IC_DISABLE_POST?BLUETOOTH_IC_...

?PR?UART_RECEIVER_TIMEOUT_HANDLER?UAR...         -----    -----
  +--> ?PR?UART_RECEIVER_RESET?UART_DATA_HANDLE

?PR?UART0_RXBUFFER_GET_BYTE?UART0                -----    -----
  +--> ?PR?UART0

?PR?_UART_RECEIVER_PROCESS_BYTE?UART_...         -----    -----
  +--> ?PR?UART_DATA_HANDLE
  +--> ?PR?UART_RECEIVER_PROCESS_CHECKSUM?UA...

?PR?BATTERY_MONITOR_HANDLE?BATTERY_MO...         -----    -----
  +--> ?PR?_BAT_VOL_HISTORY_BUFF_ADD?BATTERY...
  +--> ?PR?BAT_VOL_HISTORY_BUFF_GET_AVG?BATT...
  +--> ?PR?BATTERY_MONITOR
  +--> ?PR?_GET_BATTERY_PERCENTAGE_BY_VOLTAG...
  +--> ?PR?BAT_PERCENT_UPDATE_TIME_IS_COMES?...
  +--> ?PR?BAT_PERCENT_UPDATE_TIME_RESET?BAT...
  +--> ?PR?_LED_STATUS_SET?LED
  +--> ?PR?BATTERY_BLUETOOTH_ENABLE_IS_ALLOW...
  +--> ?PR?BLE_IC_ENABLE?BLUETOOTH_IC_HANDLE
  +--> ?PR?_UART_DATA_SEND_CMD?UART_DATA_HANDLE
  +--> ?PR?_DELAY_MS?SYSTEM
  +--> ?PR?BLE_IC_DISABLE_PRE?BLUETOOTH_IC_H...

?PR?_BAT_VOL_HISTORY_BUFF_ADD?BATTERY...         -----    -----
  +--> ?PR?BATTERY_MONITOR

?PR?BAT_VOL_HISTORY_BUFF_GET_AVG?BATT...         629AH    0005H
  +--> ?PR?BATTERY_MONITOR

?PR?_GET_BATTERY_PERCENTAGE_BY_VOLTAG...         62ADH    0006H
  +--> ?PR?BATTERY_MONITOR

?PR?CHARGE_DET?CHARGE_DET                        629AH    0002H
  +--> ?PR?_ADC_GET_UPDATE_FLAG?ADC
  +--> ?PR?_ADC_CLEAR_UPDATE_FLAG?ADC
  +--> ?PR?_ADC_GET_VAL?ADC
  +--> ?PR?CHARGE_DET
BL51 BANKED LINKER/LOCATER V6.22.4.0                                                  07/02/2026  15:06:52  PAGE 7



?PR?LOW_POWER_HANDLE?LOW_POWER                   629AH    0005H
  +--> ?PR?LOW_POWER
  +--> ?PR?LOW_POWER_IN?LOW_POWER
  +--> ?PR?LOW_POWER_OUT?LOW_POWER
  +--> ?PR?ADC_PIN_INIT?ADC
  +--> ?PR?ADC_INIT_WHEN_LOW_PWR_OUT?ADC
  +--> ?PR?_ADC_CHANNEL_SEL?ADC
  +--> ?PR?_DELAY_MS?SYSTEM
  +--> ?PR?ADC_GET_VAL_ONCE?ADC
  +--> ?PR?_GET_BATTERY_VOLTAGE_BY_ADC?BATTE...
  +--> ?PR?_GET_BATTERY_PERCENTAGE_BY_VOLTAG...
  +--> ?PR?_BAT_VOL_HISTORY_BUFF_INIT?BATTER...
  +--> ?PR?USER_INIT?MAIN

?PR?LOW_POWER_IN?LOW_POWER                       -----    -----
  +--> ?PR?_DELAY_MS?SYSTEM

?PR?ADC_GET_VAL_ONCE?ADC                         -----    -----
  +--> ?PR?ADC

?PR?ADC                                          -----    -----
  +--> ?PR?_ADC_CHANNEL_SEL?ADC

?PR?_BAT_VOL_HISTORY_BUFF_INIT?BATTER...         -----    -----
  +--> ?PR?BATTERY_MONITOR

?C_INITSEG                                       -----    -----
  +--> ?PR?AD_KEY_GET_KEY_VAL?AD_KEY

?PR?AD_KEY_GET_KEY_VAL?AD_KEY                    629AH    0001H
  +--> ?PR?_ADC_GET_UPDATE_FLAG?ADC
  +--> ?PR?_ADC_CLEAR_UPDATE_FLAG?ADC
  +--> ?PR?_ADC_GET_VAL?ADC
  +--> ?PR?_AD_KEY_VAL_TO_AD_KEY_INDEX?AD_KEY

?PR?_AD_KEY_VAL_TO_AD_KEY_INDEX?AD_KEY           629BH    0002H

*** NEW ROOT ***************************************************

?PR?ADC_IRQHANDLER?ADC                           62A7H    0002H
  +--> ?PR?ADC
  +--> ?PR?_ADC_UPDATE_VAL?ADC
  +--> ?PR?BATTERY_VOLTAGE_UPDATE_BY_ISR?BAT...

?PR?BATTERY_VOLTAGE_UPDATE_BY_ISR?BAT...         62A9H    0004H
  +--> ?PR?_ADC_GET_UPDATE_FLAG?ADC
  +--> ?PR?_ADC_CLEAR_UPDATE_FLAG?ADC
  +--> ?PR?_ADC_GET_VAL?ADC
  +--> ?PR?_GET_BATTERY_VOLTAGE_BY_ADC?BATTE...
  +--> ?PR?BATTERY_MONITOR
  +--> ?PR?_BAT_VOL_HISTORY_BUFF_INIT?BATTER...
  +--> ?PR?_GET_BATTERY_PERCENTAGE_BY_VOLTAG...

*** NEW ROOT ***************************************************

?PR?TIMR0_IRQHANDLER?TIMER0                      -----    -----
BL51 BANKED LINKER/LOCATER V6.22.4.0                                                  07/02/2026  15:06:52  PAGE 8


  +--> ?PR?ADC_SCAN?ADC
  +--> ?PR?CHARGE_DET_TIME_ADD?CHARGE_DET
  +--> ?PR?UART_RECEIVER_TIMEOUT_ADD?UART_DA...
  +--> ?PR?BAT_VOL_UPDATE_TIMER_CALLBACK?BAT...
  +--> ?PR?BAT_VOL_BUFF_ADD_TIMER_CALLBACK?B...
  +--> ?PR?BAT_VOL_BUFF_GET_AVG_TIMER_CALLBA...
  +--> ?PR?LED_SLOW_ADJUST_ISR?LED
  +--> ?PR?LED_RED_BLUE_FLASH_1MS_ISR?LED
  +--> ?PR?LED_BAT_INSTRUCTION_TIMER_CALLBAC...
  +--> ?PR?LOW_POWER_ENTER_TIMER_CALLBACK?LO...
  +--> ?PR?SEND_LOW_BAT_TIMER_CALLBACK?BATTE...
  +--> ?PR?BAT_PERCENT_UPDATE_TIME_ADD?BATTE...

?PR?ADC_SCAN?ADC                                 -----    -----
  +--> ?PR?ADC

?PR?BAT_VOL_BUFF_ADD_TIMER_CALLBACK?B...         -----    -----
  +--> ?PR?BATTERY_MONITOR

?PR?BAT_VOL_BUFF_GET_AVG_TIMER_CALLBA...         -----    -----
  +--> ?PR?BATTERY_MONITOR

?PR?LED_SLOW_ADJUST_ISR?LED                      -----    -----
  +--> ?PR?LED
  +--> ?PR?_PWM_SET_CHANNEL_0_DUTY?PWM
  +--> ?PR?_PWM_SET_CHANNEL_1_DUTY?PWM

?PR?LED_RED_BLUE_FLASH_1MS_ISR?LED               62B3H    0002H
  +--> ?PR?LED

?PR?LED_BAT_INSTRUCTION_TIMER_CALLBAC...         -----    -----
  +--> ?PR?LED

?PR?LOW_POWER_ENTER_TIMER_CALLBACK?LO...         -----    -----
  +--> ?PR?IS_LOW_POWER_CONDITION_ESTABLISH?...
  +--> ?PR?LOW_POWER

?PR?SEND_LOW_BAT_TIMER_CALLBACK?BATTE...         -----    -----
  +--> ?PR?BATTERY_MONITOR

*** NEW ROOT ***************************************************

?PR?TIMR1_IRQHANDLER?TIMER1                      -----    -----
  +--> ?PR?DETECT_1KHZ_SIGNAL_100US?CHARGE_DET
  +--> ?PR?DETECT_DISCHARGE_1KHZ_SIGNAL_100U...

?PR?DETECT_1KHZ_SIGNAL_100US?CHARGE_DET          62B5H    0001H
  +--> ?PR?CHARGE_DET

?PR?DETECT_DISCHARGE_1KHZ_SIGNAL_100U...         62B5H    0001H
  +--> ?PR?CHARGE_DET

*** NEW ROOT ***************************************************

?PR?UART0_IRQHANDLER?UART0                       62B6H    0001H
  +--> ?PR?_UART0_RXBUFFER_PUT_BYTE?UART0

BL51 BANKED LINKER/LOCATER V6.22.4.0                                                  07/02/2026  15:06:52  PAGE 9


?PR?_UART0_RXBUFFER_PUT_BYTE?UART0               -----    -----
  +--> ?PR?UART0



SYMBOL TABLE OF MODULE:  .\Release\Objects\Demo (?C_STARTUP)

  VALUE           TYPE          NAME
  ----------------------------------

  -------         MODULE        ?C_STARTUP
  C:18D2H         SEGMENT       ?C_C51STARTUP
  I:0021H         SEGMENT       ?STACK
  C:0000H         PUBLIC        ?C_STARTUP
  D:00E0H         SYMBOL        ACC
  D:00F0H         SYMBOL        B
  D:0083H         SYMBOL        DPH
  D:0082H         SYMBOL        DPL
  N:0000H         SYMBOL        IBPSTACK
  N:0100H         SYMBOL        IBPSTACKTOP
  N:0080H         SYMBOL        IDATALEN
  C:18D5H         SYMBOL        IDATALOOP
  N:0000H         SYMBOL        PBPSTACK
  N:0100H         SYMBOL        PBPSTACKTOP
  N:0000H         SYMBOL        PDATALEN
  N:0000H         SYMBOL        PDATASTART
  N:0000H         SYMBOL        PPAGE
  N:0000H         SYMBOL        PPAGEENABLE
  D:00A0H         SYMBOL        PPAGE_SFR
  D:0081H         SYMBOL        SP
  C:18D2H         SYMBOL        STARTUP1
  N:0000H         SYMBOL        XBPSTACK
  N:0000H         SYMBOL        XBPSTACKTOP
  N:0000H         SYMBOL        XDATALEN
  N:0000H         SYMBOL        XDATASTART
  C:0000H         LINE#         126
  C:18D2H         LINE#         133
  C:18D4H         LINE#         134
  C:18D5H         LINE#         135
  C:18D6H         LINE#         136
  C:18D8H         LINE#         185
  C:18DBH         LINE#         196
  -------         ENDMOD        ?C_STARTUP

  -------         MODULE        SYSTEM
  C:0000H         SYMBOL        _ICE_DUMMY_
  D:00A7H         PUBLIC        FLASH_TIMEREG0
  D:00ACH         PUBLIC        FLASH_TIMEREG1
  C:25BEH         PUBLIC        _delay
  C:2463H         PUBLIC        _delay_ms
  C:1546H         PUBLIC        system_init
  -------         PROC          _DELAY
  D:0006H         SYMBOL        cnt
  C:25BEH         LINE#         37
  C:25BEH         LINE#         38
  C:25BEH         LINE#         39
  C:25C8H         LINE#         40
BL51 BANKED LINKER/LOCATER V6.22.4.0                                                  07/02/2026  15:06:52  PAGE 10


  C:25C8H         LINE#         41
  C:25C8H         LINE#         42
  -------         ENDPROC       _DELAY
  -------         PROC          _DELAY_MS
  D:0002H         SYMBOL        ms
  C:2463H         LINE#         49
  C:2467H         LINE#         50
  C:2467H         LINE#         51
  C:2471H         LINE#         52
  C:2471H         LINE#         53
  C:2478H         LINE#         54
  C:247AH         LINE#         55
  -------         ENDPROC       _DELAY_MS
  -------         PROC          SYSTEM_INIT
  -------         DO            
  D:0007H         SYMBOL        i
  -------         ENDDO         
  C:1546H         LINE#         62
  C:1546H         LINE#         63
  C:1546H         LINE#         66
  C:154DH         LINE#         67
  C:155AH         LINE#         68
  C:155DH         LINE#         69
  C:1560H         LINE#         70
  C:1566H         LINE#         71
  C:156CH         LINE#         72
  C:1572H         LINE#         76
  C:1574H         LINE#         77
  C:1574H         LINE#         78
  C:1581H         LINE#         79
  C:1586H         LINE#         81
  C:1614H         LINE#         82
  -------         ENDPROC       SYSTEM_INIT
  -------         ENDMOD        SYSTEM

  -------         MODULE        ADC
  C:0000H         SYMBOL        _ICE_DUMMY_
  D:00A8H         PUBLIC        IE0
  D:00A9H         PUBLIC        IE1
  D:00AAH         PUBLIC        IE2
  D:00ABH         PUBLIC        IE3
  B:00A8H.7       PUBLIC        IE_EA
  D:00B8H         PUBLIC        IP0
  D:00B1H         PUBLIC        IP1
  D:00B2H         PUBLIC        IP2
  D:00B3H         PUBLIC        IP3
  D:00B4H         PUBLIC        IP4
  D:00B5H         PUBLIC        IP5
  D:00B6H         PUBLIC        IP6
  D:00B7H         PUBLIC        IP7
  D:0093H         PUBLIC        ADC_DATAH0
  D:0094H         PUBLIC        ADC_DATAL0
  D:0099H         PUBLIC        ADC_CHS0
  X:62E3H         PUBLIC        cur_adc_status
  C:2565H         PUBLIC        adc_pin_init
  C:2352H         PUBLIC        adc_init
  C:1CB4H         PUBLIC        adc_scan
BL51 BANKED LINKER/LOCATER V6.22.4.0                                                  07/02/2026  15:06:52  PAGE 11


  C:2541H         PUBLIC        adc_init_when_low_pwr_out
  C:205AH         PUBLIC        _adc_update_val
  C:21E0H         PUBLIC        _adc_get_val
  C:22E6H         PUBLIC        _adc_get_update_flag
  C:0024H         PUBLIC        _adc_clear_update_flag
  C:1E67H         PUBLIC        _adc_channel_sel
  C:2493H         PUBLIC        adc_get_val_once
  X:62E4H         SYMBOL        adc_adkey_val
  B:0020H.0       SYMBOL        flag_is_adkey_val_update
  X:62E6H         SYMBOL        adc_bat_det_val
  B:0020H.1       SYMBOL        flag_is_adc_bat_det_val_update
  X:62E8H         SYMBOL        adc_solar_det_val
  B:0020H.2       SYMBOL        flag_is_adc_solar_det_val_update
  X:62EAH         SYMBOL        adc_type_c_det_val
  B:0020H.3       SYMBOL        flag_is_adc_type_c_det_val_update
  C:19E9H         PUBLIC        ADC_IRQHandler
  C:220EH         SYMBOL        Com0067
  C:220EH         SYMBOL        L?0104
  C:220EH         SYMBOL        L?0105
  C:2218H         SYMBOL        L?0106
  C:2218H         SYMBOL        L?0107
  C:2221H         SYMBOL        L?0108
  C:2221H         SYMBOL        L?0109
  C:2228H         SYMBOL        L?0110
  C:2232H         SYMBOL        L?0111
  -------         PROC          COM0067
  -------         ENDPROC       COM0067
  -------         PROC          ADC_PIN_INIT
  C:2565H         LINE#         22
  C:2565H         LINE#         23
  C:2565H         LINE#         25
  C:256BH         LINE#         28
  C:2571H         LINE#         31
  C:2575H         LINE#         32
  -------         ENDPROC       ADC_PIN_INIT
  -------         PROC          ADC_INIT
  C:2352H         LINE#         34
  C:2352H         LINE#         35
  C:2352H         LINE#         36
  C:2357H         LINE#         38
  C:235DH         LINE#         42
  C:2360H         LINE#         43
  C:2362H         LINE#         45
  C:2368H         LINE#         47
  C:236DH         LINE#         50
  -------         ENDPROC       ADC_INIT
  -------         PROC          _ADC_UPDATE_VAL
  D:0007H         SYMBOL        adc_channel
  D:0004H         SYMBOL        adc_val
  C:205AH         LINE#         59
  C:205AH         LINE#         60
  C:205AH         LINE#         61
  C:2069H         LINE#         62
  C:2069H         LINE#         63
  C:2069H         LINE#         64
  C:2071H         LINE#         65
  C:2073H         LINE#         66
BL51 BANKED LINKER/LOCATER V6.22.4.0                                                  07/02/2026  15:06:52  PAGE 12


  C:2074H         LINE#         67
  C:2074H         LINE#         68
  C:207CH         LINE#         69
  C:207EH         LINE#         70
  C:207FH         LINE#         71
  C:207FH         LINE#         72
  C:2087H         LINE#         73
  C:2089H         LINE#         74
  C:208AH         LINE#         75
  C:208AH         LINE#         76
  C:2094H         LINE#         77
  C:2096H         LINE#         78
  C:2096H         LINE#         79
  C:2096H         LINE#         80
  -------         ENDPROC       _ADC_UPDATE_VAL
  -------         PROC          _ADC_GET_VAL
  D:0007H         SYMBOL        adc_channel
  -------         DO            
  D:0004H         SYMBOL        ret
  -------         ENDDO         
  C:21E0H         LINE#         82
  C:21E0H         LINE#         83
  C:21E0H         LINE#         84
  C:21E3H         LINE#         85
  C:21F2H         LINE#         86
  C:21F2H         LINE#         87
  C:21F2H         LINE#         88
  C:21F5H         LINE#         89
  C:21F7H         LINE#         90
  C:21F7H         LINE#         91
  C:21FAH         LINE#         92
  C:21FCH         LINE#         93
  C:21FCH         LINE#         94
  C:21FFH         LINE#         95
  C:2201H         LINE#         96
  C:2201H         LINE#         97
  C:2209H         LINE#         98
  C:2209H         LINE#         100
  C:2209H         LINE#         101
  C:2209H         LINE#         102
  C:2209H         LINE#         104
  C:220DH         LINE#         105
  -------         ENDPROC       _ADC_GET_VAL
  -------         PROC          _ADC_GET_UPDATE_FLAG
  D:0007H         SYMBOL        adc_channel
  -------         DO            
  D:0006H         SYMBOL        ret
  -------         ENDDO         
  C:22E6H         LINE#         108
  C:22E6H         LINE#         109
  C:22E6H         LINE#         110
  C:22E8H         LINE#         111
  C:22F7H         LINE#         112
  C:22F7H         LINE#         113
  C:22F7H         LINE#         114
  C:22F9H         LINE#         115
  C:22FBH         LINE#         116
BL51 BANKED LINKER/LOCATER V6.22.4.0                                                  07/02/2026  15:06:52  PAGE 13


  C:22FBH         LINE#         117
  C:22FDH         LINE#         118
  C:22FFH         LINE#         119
  C:22FFH         LINE#         120
  C:2301H         LINE#         121
  C:2303H         LINE#         122
  C:2303H         LINE#         123
  C:2308H         LINE#         124
  C:2308H         LINE#         126
  C:2308H         LINE#         127
  C:2308H         LINE#         128
  C:2308H         LINE#         130
  C:230AH         LINE#         131
  -------         ENDPROC       _ADC_GET_UPDATE_FLAG
  -------         PROC          _ADC_CLEAR_UPDATE_FLAG
  D:0007H         SYMBOL        adc_channel
  C:0024H         LINE#         134
  C:0024H         LINE#         135
  C:0024H         LINE#         136
  C:0033H         LINE#         137
  C:0033H         LINE#         138
  C:0033H         LINE#         139
  C:0035H         LINE#         140
  C:0036H         LINE#         141
  C:0036H         LINE#         142
  C:0038H         LINE#         143
  C:0039H         LINE#         144
  C:0039H         LINE#         145
  C:003BH         LINE#         146
  C:003CH         LINE#         147
  C:003CH         LINE#         148
  C:003EH         LINE#         149
  C:003EH         LINE#         151
  C:003EH         LINE#         152
  C:003EH         LINE#         153
  C:003EH         LINE#         154
  -------         ENDPROC       _ADC_CLEAR_UPDATE_FLAG
  -------         PROC          _ADC_CHANNEL_SEL
  D:0007H         SYMBOL        adc_channel
  C:1E67H         LINE#         156
  C:1E67H         LINE#         157
  C:1E67H         LINE#         158
  C:1E6EH         LINE#         162
  C:1E7DH         LINE#         163
  C:1E7DH         LINE#         164
  C:1E7DH         LINE#         166
  C:1E84H         LINE#         168
  C:1E87H         LINE#         169
  C:1E89H         LINE#         170
  C:1E89H         LINE#         171
  C:1E90H         LINE#         174
  C:1E93H         LINE#         176
  C:1E95H         LINE#         177
  C:1E95H         LINE#         181
  C:1E9CH         LINE#         184
  C:1E9FH         LINE#         185
  C:1EA1H         LINE#         187
BL51 BANKED LINKER/LOCATER V6.22.4.0                                                  07/02/2026  15:06:52  PAGE 14


  C:1EA1H         LINE#         188
  C:1EA8H         LINE#         191
  C:1EABH         LINE#         192
  C:1EABH         LINE#         194
  C:1EABH         LINE#         195
  C:1EABH         LINE#         196
  C:1EABH         LINE#         198
  C:1EB1H         LINE#         200
  -------         ENDPROC       _ADC_CHANNEL_SEL
  -------         PROC          ADC_INIT_WHEN_LOW_PWR_OUT
  C:2541H         LINE#         203
  C:2541H         LINE#         204
  C:2541H         LINE#         205
  C:2547H         LINE#         208
  C:254DH         LINE#         209
  C:2552H         LINE#         211
  -------         ENDPROC       ADC_INIT_WHEN_LOW_PWR_OUT
  -------         PROC          ADC_GET_VAL_ONCE
  C:2493H         LINE#         214
  C:2493H         LINE#         215
  C:2493H         LINE#         216
  C:2499H         LINE#         217
  C:249FH         LINE#         219
  C:24A1H         LINE#         220
  C:24A9H         LINE#         221
  -------         ENDPROC       ADC_GET_VAL_ONCE
  -------         PROC          ADC_SCAN
  C:1CB4H         LINE#         224
  C:1CB4H         LINE#         225
  C:1CB4H         LINE#         227
  C:1CDAH         LINE#         228
  C:1CDAH         LINE#         229
  C:1CDAH         LINE#         231
  C:1CDAH         LINE#         232
  C:1CDCH         LINE#         233
  C:1CE2H         LINE#         234
  C:1CE3H         LINE#         235
  C:1CE3H         LINE#         237
  C:1CE3H         LINE#         238
  C:1CE9H         LINE#         239
  C:1CEAH         LINE#         240
  C:1CEAH         LINE#         241
  C:1CECH         LINE#         242
  C:1CF2H         LINE#         243
  C:1CF3H         LINE#         244
  C:1CF3H         LINE#         249
  C:1CF3H         LINE#         250
  C:1CF9H         LINE#         251
  C:1CFAH         LINE#         252
  C:1CFAH         LINE#         253
  C:1CFCH         LINE#         254
  C:1D02H         LINE#         255
  C:1D03H         LINE#         256
  C:1D03H         LINE#         257
  C:1D03H         LINE#         258
  C:1D09H         LINE#         259
  C:1D0AH         LINE#         260
BL51 BANKED LINKER/LOCATER V6.22.4.0                                                  07/02/2026  15:06:52  PAGE 15


  C:1D0AH         LINE#         261
  C:1D0CH         LINE#         262
  C:1D12H         LINE#         263
  C:1D13H         LINE#         264
  C:1D13H         LINE#         265
  C:1D13H         LINE#         266
  C:1D19H         LINE#         267
  C:1D19H         LINE#         269
  C:1D19H         LINE#         270
  C:1D19H         LINE#         271
  C:1D19H         LINE#         272
  -------         ENDPROC       ADC_SCAN
  -------         PROC          ADC_IRQHANDLER
  -------         DO            
  X:62A7H         SYMBOL        adc_val
  -------         ENDDO         
  C:19E9H         LINE#         274
  C:1A06H         LINE#         279
  C:1A06H         LINE#         283
  C:1A0CH         LINE#         284
  C:1A0CH         LINE#         285
  C:1A0FH         LINE#         286
  C:1A1EH         LINE#         288
  C:1A32H         LINE#         289
  C:1A32H         LINE#         290
  C:1A32H         LINE#         291
  C:1A37H         LINE#         292
  C:1A39H         LINE#         293
  C:1A39H         LINE#         294
  C:1A41H         LINE#         299
  C:1A44H         LINE#         300
  C:1A46H         LINE#         301
  C:1A46H         LINE#         302
  C:1A4BH         LINE#         303
  C:1A4DH         LINE#         304
  C:1A4DH         LINE#         305
  C:1A55H         LINE#         306
  C:1A55H         LINE#         308
  C:1A55H         LINE#         309
  C:1A55H         LINE#         310
  C:1A55H         LINE#         311
  C:1A55H         LINE#         314
  C:1A55H         LINE#         315
  -------         ENDPROC       ADC_IRQHANDLER
  -------         ENDMOD        ADC

  -------         MODULE        PWM
  C:0000H         SYMBOL        _ICE_DUMMY_
  B:00A0H.7       PUBLIC        P27
  B:00B0H.0       PUBLIC        P30
  C:195EH         PUBLIC        pwm_init
  C:25D4H         PUBLIC        _pwm_set_channel_0_duty
  C:25DDH         PUBLIC        _pwm_set_channel_1_duty
  C:24D8H         SYMBOL        Com0004
  C:24D8H         SYMBOL        L?0005
  C:24E3H         SYMBOL        L?0006
  -------         PROC          COM0004
BL51 BANKED LINKER/LOCATER V6.22.4.0                                                  07/02/2026  15:06:52  PAGE 16


  -------         ENDPROC       COM0004
  -------         PROC          PWM_INIT
  C:195EH         LINE#         3
  C:195EH         LINE#         4
  C:195EH         LINE#         6
  C:1964H         LINE#         7
  C:1968H         LINE#         9
  C:196AH         LINE#         10
  C:196FH         LINE#         13
  C:1975H         LINE#         14
  C:1979H         LINE#         16
  C:197BH         LINE#         17
  C:1980H         LINE#         21
  C:1986H         LINE#         22
  C:198BH         LINE#         23
  C:1990H         LINE#         24
  C:1994H         LINE#         25
  C:1996H         LINE#         26
  C:1996H         LINE#         27
  C:1996H         LINE#         29
  C:199CH         LINE#         30
  C:19A2H         LINE#         31
  C:19A8H         LINE#         32
  C:19AEH         LINE#         33
  C:19B4H         LINE#         37
  C:19BAH         LINE#         38
  C:19BFH         LINE#         39
  C:19C4H         LINE#         40
  C:19C8H         LINE#         41
  C:19CAH         LINE#         42
  C:19CAH         LINE#         43
  C:19CAH         LINE#         45
  C:19D0H         LINE#         46
  C:19D6H         LINE#         47
  C:19DCH         LINE#         48
  C:19E2H         LINE#         49
  C:19E8H         LINE#         50
  -------         ENDPROC       PWM_INIT
  -------         PROC          _PWM_SET_CHANNEL_0_DUTY
  D:0004H         SYMBOL        channel_duty
  C:25D4H         LINE#         53
  C:25D4H         LINE#         54
  C:25D4H         LINE#         55
  C:25D6H         LINE#         56
  C:25D6H         LINE#         57
  C:25DCH         LINE#         58
  -------         ENDPROC       _PWM_SET_CHANNEL_0_DUTY
  -------         PROC          _PWM_SET_CHANNEL_1_DUTY
  D:0004H         SYMBOL        channel_duty
  C:25DDH         LINE#         61
  C:25DDH         LINE#         62
  C:25DDH         LINE#         63
  C:25DFH         LINE#         64
  C:25DFH         LINE#         65
  C:25E5H         LINE#         66
  -------         ENDPROC       _PWM_SET_CHANNEL_1_DUTY
  -------         ENDMOD        PWM
BL51 BANKED LINKER/LOCATER V6.22.4.0                                                  07/02/2026  15:06:52  PAGE 17



  -------         MODULE        TIMER0
  C:0000H         SYMBOL        _ICE_DUMMY_
  D:00A8H         PUBLIC        IE0
  D:00A9H         PUBLIC        IE1
  D:00AAH         PUBLIC        IE2
  D:00ABH         PUBLIC        IE3
  B:00A8H.7       PUBLIC        IE_EA
  D:00B8H         PUBLIC        IP0
  D:00B1H         PUBLIC        IP1
  D:00B2H         PUBLIC        IP2
  D:00B3H         PUBLIC        IP3
  D:00B4H         PUBLIC        IP4
  D:00B5H         PUBLIC        IP5
  D:00B6H         PUBLIC        IP6
  D:00B7H         PUBLIC        IP7
  D:00D1H         PUBLIC        TMR_ALLCON
  C:23FAH         PUBLIC        timer0_init
  C:1BDFH         PUBLIC        TIMR0_IRQHandler
  -------         PROC          TIMER0_INIT
  C:23FAH         LINE#         10
  C:23FAH         LINE#         11
  C:23FAH         LINE#         12
  C:23FDH         LINE#         13
  C:23FFH         LINE#         15
  C:2402H         LINE#         16
  C:2407H         LINE#         17
  C:240BH         LINE#         18
  C:2410H         LINE#         19
  C:2414H         LINE#         20
  -------         ENDPROC       TIMER0_INIT
  -------         PROC          TIMR0_IRQHANDLER
  C:1BDFH         LINE#         24
  C:1BFCH         LINE#         27
  C:1BFCH         LINE#         32
  C:1C02H         LINE#         33
  C:1C02H         LINE#         34
  C:1C06H         LINE#         40
  C:1C0CH         LINE#         41
  C:1C0FH         LINE#         43
  C:1C12H         LINE#         44
  C:1C15H         LINE#         46
  C:1C18H         LINE#         47
  C:1C1BH         LINE#         48
  C:1C1EH         LINE#         50
  C:1C21H         LINE#         51
  C:1C24H         LINE#         52
  C:1C27H         LINE#         54
  C:1C2AH         LINE#         55
  C:1C2DH         LINE#         57
  C:1C30H         LINE#         63
  C:1C30H         LINE#         66
  C:1C30H         LINE#         67
  -------         ENDPROC       TIMR0_IRQHANDLER
  -------         ENDMOD        TIMER0

  -------         MODULE        TIMER1
BL51 BANKED LINKER/LOCATER V6.22.4.0                                                  07/02/2026  15:06:52  PAGE 18


  C:0000H         SYMBOL        _ICE_DUMMY_
  D:00A8H         PUBLIC        IE0
  D:00A9H         PUBLIC        IE1
  D:00AAH         PUBLIC        IE2
  D:00ABH         PUBLIC        IE3
  B:00A8H.7       PUBLIC        IE_EA
  D:00B8H         PUBLIC        IP0
  D:00B1H         PUBLIC        IP1
  D:00B2H         PUBLIC        IP2
  D:00B3H         PUBLIC        IP3
  D:00B4H         PUBLIC        IP4
  D:00B5H         PUBLIC        IP5
  D:00B6H         PUBLIC        IP6
  D:00B7H         PUBLIC        IP7
  D:00D1H         PUBLIC        TMR_ALLCON
  C:2415H         PUBLIC        timer1_init
  C:1F46H         PUBLIC        TIMR1_IRQHandler
  -------         PROC          TIMER1_INIT
  C:2415H         LINE#         9
  C:2415H         LINE#         10
  C:2415H         LINE#         12
  C:2418H         LINE#         13
  C:241AH         LINE#         15
  C:241DH         LINE#         16
  C:2422H         LINE#         17
  C:2426H         LINE#         18
  C:242BH         LINE#         19
  C:242FH         LINE#         23
  -------         ENDPROC       TIMER1_INIT
  -------         PROC          TIMR1_IRQHANDLER
  C:1F46H         LINE#         27
  C:1F63H         LINE#         30
  C:1F63H         LINE#         34
  C:1F69H         LINE#         35
  C:1F69H         LINE#         36
  C:1F6DH         LINE#         39
  C:1F70H         LINE#         40
  C:1F73H         LINE#         41
  C:1F73H         LINE#         44
  C:1F73H         LINE#         45
  -------         ENDPROC       TIMR1_IRQHANDLER
  -------         ENDMOD        TIMER1

  -------         MODULE        UART0
  C:0000H         SYMBOL        _ICE_DUMMY_
  D:00A8H         PUBLIC        IE0
  D:00A9H         PUBLIC        IE1
  D:00AAH         PUBLIC        IE2
  D:00ABH         PUBLIC        IE3
  B:00A8H.7       PUBLIC        IE_EA
  D:00B8H         PUBLIC        IP0
  D:00B1H         PUBLIC        IP1
  D:00B2H         PUBLIC        IP2
  D:00B3H         PUBLIC        IP3
  D:00B4H         PUBLIC        IP4
  D:00B5H         PUBLIC        IP5
  D:00B6H         PUBLIC        IP6
BL51 BANKED LINKER/LOCATER V6.22.4.0                                                  07/02/2026  15:06:52  PAGE 19


  D:00B7H         PUBLIC        IP7
  D:00D2H         PUBLIC        UART0_CON0
  D:00D4H         PUBLIC        UART0_STA
  D:00D5H         PUBLIC        UART0_BAUD0
  D:00D6H         PUBLIC        UART0_BAUD1
  D:00D7H         PUBLIC        UART0_DATA
  C:20D3H         PUBLIC        uart0_init
  C:25EFH         PUBLIC        _uart0_sendbyte
  C:232FH         PUBLIC        _uart0_sendbuf
  C:25E6H         PUBLIC        uart0_rxbuffer_get_count
  C:2097H         PUBLIC        uart0_rxbuffer_get_byte
  X:6000H         PUBLIC        uart0_rx_buffer
  C:2019H         SYMBOL        _uart0_rxbuffer_put_byte
  C:2146H         PUBLIC        UART0_IRQHandler
  C:261FH         SYMBOL        Com0047
  C:261FH         SYMBOL        L?0072
  C:261FH         SYMBOL        L?0073
  -------         PROC          COM0047
  -------         ENDPROC       COM0047
  -------         PROC          UART0_INIT
  C:20D3H         LINE#         17
  C:20D3H         LINE#         18
  C:20D3H         LINE#         19
  C:20D9H         LINE#         20
  C:20DDH         LINE#         21
  C:20E4H         LINE#         23
  C:20EAH         LINE#         24
  C:20F0H         LINE#         25
  C:20F6H         LINE#         27
  C:20F9H         LINE#         28
  C:20FCH         LINE#         29
  C:20FFH         LINE#         33
  C:2107H         LINE#         34
  C:210AH         LINE#         35
  C:210CH         LINE#         36
  -------         ENDPROC       UART0_INIT
  -------         PROC          _UART0_SENDBYTE
  D:0007H         SYMBOL        byte
  C:25EFH         LINE#         39
  C:25EFH         LINE#         40
  C:25EFH         LINE#         41
  C:25F4H         LINE#         44
  C:25F6H         LINE#         48
  -------         ENDPROC       _UART0_SENDBYTE
  -------         PROC          _UART0_SENDBUF
  X:62A4H         SYMBOL        buf
  D:0005H         SYMBOL        len
  -------         DO            
  D:0006H         SYMBOL        i
  -------         ENDDO         
  C:232FH         LINE#         50
  C:2335H         LINE#         51
  C:2335H         LINE#         52
  C:2337H         LINE#         53
  C:233CH         LINE#         54
  C:233CH         LINE#         55
  C:234EH         LINE#         56
BL51 BANKED LINKER/LOCATER V6.22.4.0                                                  07/02/2026  15:06:52  PAGE 20


  C:2351H         LINE#         57
  -------         ENDPROC       _UART0_SENDBUF
  -------         PROC          UART0_RXBUFFER_GET_COUNT
  C:25E6H         LINE#         60
  C:25E6H         LINE#         61
  C:25E6H         LINE#         62
  C:25EEH         LINE#         63
  -------         ENDPROC       UART0_RXBUFFER_GET_COUNT
  -------         PROC          UART0_RXBUFFER_GET_BYTE
  -------         DO            
  D:0007H         SYMBOL        rxbyte
  -------         ENDDO         
  C:2097H         LINE#         66
  C:2097H         LINE#         67
  C:2097H         LINE#         70
  C:20A1H         LINE#         71
  C:20A1H         LINE#         73
  C:20A3H         LINE#         74
  C:20A3H         LINE#         80
  C:20A9H         LINE#         81
  C:20B2H         LINE#         82
  C:20B2H         LINE#         83
  C:20B6H         LINE#         84
  C:20B6H         LINE#         85
  C:20C8H         LINE#         87
  C:20D2H         LINE#         89
  C:20D2H         LINE#         90
  -------         ENDPROC       UART0_RXBUFFER_GET_BYTE
  -------         PROC          _UART0_RXBUFFER_PUT_BYTE
  D:0007H         SYMBOL        byte
  C:2019H         LINE#         92
  C:2019H         LINE#         93
  C:2019H         LINE#         100
  C:201FH         LINE#         101
  C:2028H         LINE#         102
  C:2028H         LINE#         103
  C:202CH         LINE#         104
  C:202CH         LINE#         105
  C:203EH         LINE#         107
  C:2044H         LINE#         108
  C:2053H         LINE#         109
  C:2053H         LINE#         110
  C:2059H         LINE#         111
  C:2059H         LINE#         112
  -------         ENDPROC       _UART0_RXBUFFER_PUT_BYTE
  -------         PROC          UART0_IRQHANDLER
  -------         DO            
  X:62B6H         SYMBOL        recv_byte
  -------         ENDDO         
  C:2146H         LINE#         115
  C:2159H         LINE#         118
  C:2159H         LINE#         121
  C:215EH         LINE#         122
  C:215EH         LINE#         123
  C:2164H         LINE#         124
  C:2169H         LINE#         127
  C:2169H         LINE#         129
BL51 BANKED LINKER/LOCATER V6.22.4.0                                                  07/02/2026  15:06:52  PAGE 21


  C:2169H         LINE#         130
  -------         ENDPROC       UART0_IRQHANDLER
  -------         ENDMOD        UART0

  -------         MODULE        MAIN
  C:0000H         SYMBOL        _ICE_DUMMY_
  D:00D9H         PUBLIC        WDT_KEY
  C:23B8H         PUBLIC        user_init
  C:1DCEH         PUBLIC        main
  -------         PROC          USER_INIT
  C:23B8H         LINE#         103
  C:23B8H         LINE#         104
  C:23B8H         LINE#         105
  C:23BBH         LINE#         106
  C:23BEH         LINE#         107
  C:23C1H         LINE#         108
  C:23C4H         LINE#         109
  C:23C7H         LINE#         110
  C:23CAH         LINE#         112
  C:23CDH         LINE#         113
  C:23D0H         LINE#         114
  C:23D3H         LINE#         117
  C:23D6H         LINE#         118
  -------         ENDPROC       USER_INIT
  -------         PROC          MAIN
  C:1DCEH         LINE#         126
  C:1DCEH         LINE#         127
  C:1DCEH         LINE#         129
  C:1DD1H         LINE#         130
  C:1DD4H         LINE#         133
  C:1DD7H         LINE#         134
  C:1DDEH         LINE#         135
  C:1DE1H         LINE#         138
  C:1DE6H         LINE#         139
  C:1DE8H         LINE#         140
  C:1DEBH         LINE#         141
  C:1DEDH         LINE#         142
  C:1DF0H         LINE#         143
  C:1DF2H         LINE#         144
  C:1DF5H         LINE#         145
  C:1DF7H         LINE#         147
  C:1DFAH         LINE#         148
  C:1E01H         LINE#         150
  C:1E01H         LINE#         151
  C:1E01H         LINE#         152
  C:1E0AH         LINE#         153
  C:1E0DH         LINE#         155
  C:1E10H         LINE#         157
  C:1E13H         LINE#         159
  C:1E16H         LINE#         166
  C:1E19H         LINE#         171
  -------         ENDPROC       MAIN
  -------         ENDMOD        MAIN

  -------         MODULE        UART_DATA_HANDLE
  C:0000H         SYMBOL        _ICE_DUMMY_
  C:2553H         PUBLIC        uart_receiver_reset
BL51 BANKED LINKER/LOCATER V6.22.4.0                                                  07/02/2026  15:06:52  PAGE 22


  C:000FH         PUBLIC        uart_receiver_timeout_add
  C:2374H         PUBLIC        uart_receiver_process_checksum
  C:1788H         PUBLIC        _uart_receiver_process_byte
  C:252EH         PUBLIC        uart_receiver_timeout_handler
  C:1AF2H         PUBLIC        uart_data_handle
  C:1FD4H         PUBLIC        _uart_data_send_cmd
  X:62B8H         SYMBOL        uart_receiver
  C:25F7H         SYMBOL        _?ix1000
  C:24AAH         SYMBOL        Com0038
  C:24AAH         SYMBOL        L?0057
  C:24AAH         SYMBOL        L?0058
  -------         PROC          COM0038
  -------         ENDPROC       COM0038
  -------         PROC          UART_RECEIVER_RESET
  C:2553H         LINE#         13
  C:2553H         LINE#         14
  C:2553H         LINE#         16
  C:2558H         LINE#         17
  C:255CH         LINE#         18
  C:2560H         LINE#         19
  C:2564H         LINE#         20
  -------         ENDPROC       UART_RECEIVER_RESET
  -------         PROC          UART_RECEIVER_TIMEOUT_ADD
  C:000FH         LINE#         26
  C:000FH         LINE#         27
  C:000FH         LINE#         28
  C:0015H         LINE#         29
  C:0015H         LINE#         30
  C:001DH         LINE#         31
  C:001DH         LINE#         32
  -------         ENDPROC       UART_RECEIVER_TIMEOUT_ADD
  -------         PROC          UART_RECEIVER_PROCESS_CHECKSUM
  -------         DO            
  D:0006H         SYMBOL        i
  D:0007H         SYMBOL        check_sum
  -------         ENDDO         
  C:2374H         LINE#         39
  C:2374H         LINE#         40
  C:2374H         LINE#         42
  C:2376H         LINE#         43
  C:2377H         LINE#         44
  C:2377H         LINE#         45
  C:2384H         LINE#         46
  C:2389H         LINE#         48
  C:2390H         LINE#         49
  C:2390H         LINE#         50
  C:2393H         LINE#         51
  C:2393H         LINE#         53
  C:2393H         LINE#         60
  C:2395H         LINE#         61
  C:2395H         LINE#         62
  -------         ENDPROC       UART_RECEIVER_PROCESS_CHECKSUM
  -------         PROC          _UART_RECEIVER_PROCESS_BYTE
  D:0005H         SYMBOL        byte
  C:1788H         LINE#         71
  C:178AH         LINE#         72
  C:178AH         LINE#         74
BL51 BANKED LINKER/LOCATER V6.22.4.0                                                  07/02/2026  15:06:52  PAGE 23


  C:17ADH         LINE#         75
  C:17ADH         LINE#         76
  C:17ADH         LINE#         77
  C:17B1H         LINE#         78
  C:17B1H         LINE#         79
  C:17B1H         LINE#         80
  C:17B6H         LINE#         81
  C:17B9H         LINE#         82
  C:17B9H         LINE#         84
  C:17B9H         LINE#         85
  C:17BCH         LINE#         86
  C:17BCH         LINE#         87
  C:17BCH         LINE#         89
  C:17BCH         LINE#         90
  C:17C0H         LINE#         91
  C:17C0H         LINE#         92
  C:17C0H         LINE#         93
  C:17C5H         LINE#         94
  C:17C8H         LINE#         95
  C:17C8H         LINE#         97
  C:17C8H         LINE#         99
  C:17CBH         LINE#         100
  C:17CBH         LINE#         101
  C:17CBH         LINE#         103
  C:17CBH         LINE#         104
  C:17CEH         LINE#         105
  C:17CEH         LINE#         106
  C:17CEH         LINE#         107
  C:17D3H         LINE#         108
  C:17D6H         LINE#         109
  C:17D6H         LINE#         111
  C:17D6H         LINE#         112
  C:17D9H         LINE#         113
  C:17D9H         LINE#         114
  C:17D9H         LINE#         116
  C:17D9H         LINE#         118
  C:17D9H         LINE#         119
  C:17DEH         LINE#         120
  C:17E0H         LINE#         121
  C:17E0H         LINE#         123
  C:17E0H         LINE#         125
  C:17E0H         LINE#         126
  C:17E5H         LINE#         127
  C:17E7H         LINE#         128
  C:17E7H         LINE#         130
  C:17E7H         LINE#         131
  C:17EAH         LINE#         132
  C:17EAH         LINE#         133
  C:17EAH         LINE#         134
  C:17EFH         LINE#         135
  C:17F1H         LINE#         136
  C:17F1H         LINE#         138
  C:17F1H         LINE#         139
  C:17F4H         LINE#         140
  C:17F4H         LINE#         141
  C:17F4H         LINE#         143
  C:17F4H         LINE#         145
BL51 BANKED LINKER/LOCATER V6.22.4.0                                                  07/02/2026  15:06:52  PAGE 24


  C:17F4H         LINE#         146
  C:17FAH         LINE#         147
  C:1800H         LINE#         148
  C:1800H         LINE#         150
  C:1803H         LINE#         151
  C:1803H         LINE#         153
  C:1803H         LINE#         154
  C:1806H         LINE#         155
  C:1806H         LINE#         156
  C:1806H         LINE#         158
  C:1806H         LINE#         159
  C:180AH         LINE#         160
  C:180AH         LINE#         161
  C:181EH         LINE#         162
  C:1824H         LINE#         163
  C:1827H         LINE#         164
  C:1827H         LINE#         166
  C:1827H         LINE#         167
  C:182AH         LINE#         168
  C:182AH         LINE#         169
  C:182AH         LINE#         171
  C:182AH         LINE#         172
  C:182AH         LINE#         173
  C:182AH         LINE#         175
  C:182CH         LINE#         176
  -------         ENDPROC       _UART_RECEIVER_PROCESS_BYTE
  -------         PROC          UART_RECEIVER_TIMEOUT_HANDLER
  C:252EH         LINE#         179
  C:252EH         LINE#         180
  C:252EH         LINE#         185
  C:253DH         LINE#         186
  C:253DH         LINE#         200
  C:2540H         LINE#         201
  C:2540H         LINE#         202
  -------         ENDPROC       UART_RECEIVER_TIMEOUT_HANDLER
  -------         PROC          UART_DATA_HANDLE
  -------         DO            
  D:0004H         SYMBOL        recv_byte
  X:62B7H         SYMBOL        initialized
  -------         ENDDO         
  C:1AF2H         LINE#         203
  C:1AF2H         LINE#         204
  C:1AF2H         LINE#         212
  C:1AF8H         LINE#         213
  C:1AF8H         LINE#         214
  C:1AFBH         LINE#         215
  C:1B01H         LINE#         216
  C:1B01H         LINE#         221
  C:1B07H         LINE#         222
  C:1B07H         LINE#         223
  C:1B0AH         LINE#         224
  C:1B0AH         LINE#         233
  C:1B0AH         LINE#         234
  C:1B0AH         LINE#         235
  C:1B1EH         LINE#         238
  C:1B1EH         LINE#         252
  C:1B1EH         LINE#         253
BL51 BANKED LINKER/LOCATER V6.22.4.0                                                  07/02/2026  15:06:52  PAGE 25


  C:1B1EH         LINE#         255
  C:1B23H         LINE#         258
  C:1B29H         LINE#         259
  C:1B2EH         LINE#         262
  C:1B34H         LINE#         263
  C:1B34H         LINE#         276
  C:1B37H         LINE#         277
  C:1B37H         LINE#         278
  C:1B39H         LINE#         308
  C:1B45H         LINE#         310
  C:1B45H         LINE#         312
  C:1B45H         LINE#         332
  C:1B55H         LINE#         333
  C:1B55H         LINE#         334
  C:1B55H         LINE#         336
  C:1B5AH         LINE#         337
  C:1B5CH         LINE#         338
  C:1B5CH         LINE#         340
  C:1B62H         LINE#         341
  C:1B64H         LINE#         342
  C:1B64H         LINE#         350
  C:1B67H         LINE#         351
  C:1B67H         LINE#         353
  C:1B67H         LINE#         357
  C:1B67H         LINE#         358
  C:1B67H         LINE#         361
  C:1B6AH         LINE#         362
  -------         ENDPROC       UART_DATA_HANDLE
  -------         PROC          _UART_DATA_SEND_CMD
  X:629BH         SYMBOL        cmd
  -------         DO            
  X:629CH         SYMBOL        buf
  -------         ENDDO         
  C:1FD4H         LINE#         366
  C:1FD9H         LINE#         367
  C:1FD9H         LINE#         368
  C:1FECH         LINE#         379
  C:1FF5H         LINE#         380
  C:200EH         LINE#         382
  -------         ENDPROC       _UART_DATA_SEND_CMD
  -------         ENDMOD        UART_DATA_HANDLE

  -------         MODULE        KEY_DRIVER
  C:0000H         SYMBOL        _ICE_DUMMY_
  C:0B59H         PUBLIC        _key_driver_scan
  X:62F2H         SYMBOL        is_key_active
  X:62F3H         PUBLIC        scan_para
  C:23D9H         SYMBOL        Com0021
  C:23D9H         SYMBOL        L?0034
  C:23DCH         SYMBOL        L?0035
  C:23DDH         SYMBOL        L?0036
  C:23E3H         SYMBOL        L?0037
  C:23E6H         SYMBOL        L?0038
  C:23EAH         SYMBOL        L?0039
  C:23F0H         SYMBOL        L?0040
  C:23F3H         SYMBOL        L?0041
  -------         PROC          COM0021
BL51 BANKED LINKER/LOCATER V6.22.4.0                                                  07/02/2026  15:06:52  PAGE 26


  -------         ENDPROC       COM0021
  -------         PROC          _KEY_DRIVER_SCAN
  D:0001H         SYMBOL        _scan_para
  -------         DO            
  X:629AH         SYMBOL        key_event
  D:0007H         SYMBOL        cur_key_value
  X:629BH         SYMBOL        key_value
  C:0CC1H         SYMBOL        _notify
  C:0CE1H         SYMBOL        _scan_end
  -------         ENDDO         
  C:0B59H         LINE#         17
  C:0B59H         LINE#         19
  C:0B59H         LINE#         24
  C:0B5EH         LINE#         25
  C:0B60H         LINE#         26
  C:0B64H         LINE#         30
  C:0B6AH         LINE#         33
  C:0B7DH         LINE#         34
  C:0B7DH         LINE#         36
  C:0B7DH         LINE#         38
  C:0B87H         LINE#         40
  C:0B90H         LINE#         46
  C:0B94H         LINE#         47
  C:0B94H         LINE#         48
  C:0B9AH         LINE#         49
  C:0B9CH         LINE#         50
  C:0BA2H         LINE#         51
  C:0BA2H         LINE#         52
  C:0BA5H         LINE#         53
  C:0BA5H         LINE#         56
  C:0BB9H         LINE#         57
  C:0BB9H         LINE#         59
  C:0BC0H         LINE#         60
  C:0BC6H         LINE#         62
  C:0BC6H         LINE#         65
  C:0BD7H         LINE#         66
  C:0BD7H         LINE#         67
  C:0BE2H         LINE#         69
  C:0BE2H         LINE#         72
  C:0BEEH         LINE#         73
  C:0BEEH         LINE#         80
  C:0BF2H         LINE#         81
  C:0BF2H         LINE#         82
  C:0BF9H         LINE#         83
  C:0BF9H         LINE#         84
  C:0BFBH         LINE#         85
  C:0C01H         LINE#         86
  C:0C03H         LINE#         88
  C:0C03H         LINE#         91
  C:0C03H         LINE#         92
  C:0C0BH         LINE#         93
  C:0C0BH         LINE#         94
  C:0C0EH         LINE#         96
  C:0C0EH         LINE#         101
  C:0C16H         LINE#         102
  C:0C22H         LINE#         103
  C:0C22H         LINE#         104
BL51 BANKED LINKER/LOCATER V6.22.4.0                                                  07/02/2026  15:06:52  PAGE 27


  C:0C27H         LINE#         105
  C:0C2BH         LINE#         106
  C:0C2EH         LINE#         108
  C:0C2EH         LINE#         109
  C:0C34H         LINE#         110
  C:0C34H         LINE#         111
  C:0C34H         LINE#         113
  C:0C36H         LINE#         118
  C:0C36H         LINE#         120
  C:0C36H         LINE#         125
  C:0C3AH         LINE#         126
  C:0C3AH         LINE#         128
  C:0C4BH         LINE#         129
  C:0C4BH         LINE#         133
  C:0C5CH         LINE#         134
  C:0C5CH         LINE#         154
  C:0C5CH         LINE#         155
  C:0C5EH         LINE#         157
  C:0C5EH         LINE#         158
  C:0C6BH         LINE#         160
  C:0C6DH         LINE#         162
  C:0C6DH         LINE#         164
  C:0C6DH         LINE#         165
  C:0C78H         LINE#         166
  C:0C7BH         LINE#         168
  C:0C7BH         LINE#         169
  C:0C7BH         LINE#         171
  C:0C7BH         LINE#         172
  C:0C7BH         LINE#         174
  C:0C7BH         LINE#         175
  C:0C7BH         LINE#         177
  C:0C7BH         LINE#         179
  C:0C86H         LINE#         180
  C:0C86H         LINE#         181
  C:0C8EH         LINE#         182
  C:0C8EH         LINE#         186
  C:0C94H         LINE#         187
  C:0C94H         LINE#         188
  C:0C9AH         LINE#         193
  C:0C9CH         LINE#         194
  C:0CA8H         LINE#         195
  C:0CA8H         LINE#         196
  C:0CADH         LINE#         197
  C:0CBCH         LINE#         199
  C:0CBCH         LINE#         201
  C:0CBCH         LINE#         202
  C:0CBCH         LINE#         204
  C:0CBCH         LINE#         207
  C:0CC1H         LINE#         208
  C:0CC1H         LINE#         210
  C:0CC1H         LINE#         211
  C:0CC1H         LINE#         213
  C:0CC1H         LINE#         216
  C:0CC1H         LINE#         218
  C:0CC1H         LINE#         219
  C:0CC5H         LINE#         220
  C:0CCDH         LINE#         222
BL51 BANKED LINKER/LOCATER V6.22.4.0                                                  07/02/2026  15:06:52  PAGE 28


  C:0CD7H         LINE#         223
  C:0CE1H         LINE#         226
  C:0CE1H         LINE#         235
  C:0CE1H         LINE#         237
  C:0CE1H         LINE#         238
  C:0CEBH         LINE#         241
  -------         ENDPROC       _KEY_DRIVER_SCAN
  -------         ENDMOD        KEY_DRIVER

  -------         MODULE        AD_KEY
  C:0000H         SYMBOL        _ICE_DUMMY_
  X:6208H         PUBLIC        ad_key_para
  C:182DH         PUBLIC        ad_key_handle
  X:621BH         SYMBOL        ad_key_scan_table
  X:622BH         SYMBOL        ad_key_event_table
  C:217AH         PUBLIC        ad_key_get_key_val
  C:1E1BH         SYMBOL        _ad_key_val_to_ad_key_index
  C:1EB2H         SYMBOL        _ad_key_get_event
  C:2586H         SYMBOL        Com0034
  C:2586H         SYMBOL        L?0053
  -------         PROC          COM0034
  -------         ENDPROC       COM0034
  -------         PROC          _AD_KEY_VAL_TO_AD_KEY_INDEX
  D:0006H         SYMBOL        ad_key_val
  -------         DO            
  D:0005H         SYMBOL        i
  X:629BH         SYMBOL        ad_key_index
  -------         ENDDO         
  C:1E1BH         LINE#         53
  C:1E1BH         LINE#         54
  C:1E1BH         LINE#         55
  C:1E1DH         LINE#         56
  C:1E25H         LINE#         59
  C:1E25H         LINE#         60
  C:1E25H         LINE#         61
  C:1E3DH         LINE#         62
  C:1E3DH         LINE#         63
  C:1E57H         LINE#         64
  C:1E59H         LINE#         65
  C:1E59H         LINE#         66
  C:1E5EH         LINE#         68
  C:1E66H         LINE#         69
  -------         ENDPROC       _AD_KEY_VAL_TO_AD_KEY_INDEX
  -------         PROC          _AD_KEY_GET_EVENT
  D:0007H         SYMBOL        key_val
  D:0005H         SYMBOL        key_event
  -------         DO            
  D:0006H         SYMBOL        ret_key_event
  D:0004H         SYMBOL        key_event_index
  D:0003H         SYMBOL        i
  -------         ENDDO         
  C:1EB2H         LINE#         79
  C:1EB2H         LINE#         80
  C:1EB2H         LINE#         81
  C:1EB4H         LINE#         82
  C:1EB5H         LINE#         83
  C:1EB6H         LINE#         86
BL51 BANKED LINKER/LOCATER V6.22.4.0                                                  07/02/2026  15:06:52  PAGE 29


  C:1EBAH         LINE#         87
  C:1EBAH         LINE#         88
  C:1EBBH         LINE#         89
  C:1EBDH         LINE#         90
  C:1EC1H         LINE#         91
  C:1EC1H         LINE#         92
  C:1EC3H         LINE#         93
  C:1EC5H         LINE#         94
  C:1EC9H         LINE#         95
  C:1EC9H         LINE#         96
  C:1ECBH         LINE#         97
  C:1ECDH         LINE#         98
  C:1ED1H         LINE#         99
  C:1ED1H         LINE#         100
  C:1ED3H         LINE#         101
  C:1ED5H         LINE#         103
  C:1ED5H         LINE#         104
  C:1ED8H         LINE#         105
  C:1ED8H         LINE#         107
  C:1EDEH         LINE#         108
  C:1EDEH         LINE#         109
  C:1EE5H         LINE#         110
  C:1EE5H         LINE#         111
  C:1EF4H         LINE#         112
  C:1EF6H         LINE#         113
  C:1EF6H         LINE#         114
  C:1EF9H         LINE#         116
  C:1EFBH         LINE#         117
  -------         ENDPROC       _AD_KEY_GET_EVENT
  -------         PROC          AD_KEY_GET_KEY_VAL
  -------         DO            
  X:6206H         SYMBOL        val
  X:629AH         SYMBOL        ret
  -------         ENDDO         
  C:217AH         LINE#         130
  C:217AH         LINE#         131
  C:217AH         LINE#         133
  C:2180H         LINE#         136
  C:2188H         LINE#         137
  C:2188H         LINE#         138
  C:218DH         LINE#         139
  C:219AH         LINE#         142
  C:219AH         LINE#         144
  C:21AAH         LINE#         145
  C:21ACH         LINE#         146
  -------         ENDPROC       AD_KEY_GET_KEY_VAL
  -------         PROC          AD_KEY_HANDLE
  -------         DO            
  X:629AH         SYMBOL        ad_key_event
  -------         ENDDO         
  C:182DH         LINE#         148
  C:182DH         LINE#         149
  C:182DH         LINE#         150
  C:1832H         LINE#         152
  C:183BH         LINE#         153
  C:183BH         LINE#         155
  C:183BH         LINE#         157
BL51 BANKED LINKER/LOCATER V6.22.4.0                                                  07/02/2026  15:06:52  PAGE 30


  C:1848H         LINE#         158
  C:184DH         LINE#         159
  C:184FH         LINE#         161
  C:186CH         LINE#         164
  C:186CH         LINE#         180
  C:1872H         LINE#         182
  C:1872H         LINE#         184
  C:1898H         LINE#         185
  C:1898H         LINE#         188
  C:1898H         LINE#         192
  C:189BH         LINE#         193
  C:189BH         LINE#         217
  C:189BH         LINE#         221
  C:189DH         LINE#         222
  C:189FH         LINE#         224
  C:189FH         LINE#         229
  C:18A1H         LINE#         230
  C:18A3H         LINE#         232
  C:18A3H         LINE#         237
  C:18A5H         LINE#         238
  C:18A7H         LINE#         240
  C:18A7H         LINE#         244
  C:18A7H         LINE#         249
  C:18A7H         LINE#         254
  C:18A9H         LINE#         255
  C:18ABH         LINE#         257
  C:18ABH         LINE#         263
  C:18ADH         LINE#         264
  C:18AFH         LINE#         266
  C:18AFH         LINE#         275
  C:18AFH         LINE#         279
  C:18AFH         LINE#         283
  C:18AFH         LINE#         289
  C:18B5H         LINE#         290
  C:18B5H         LINE#         291
  C:18B7H         LINE#         292
  C:18B9H         LINE#         293
  C:18C0H         LINE#         294
  C:18C0H         LINE#         295
  C:18C5H         LINE#         296
  C:18C5H         LINE#         297
  C:18C5H         LINE#         299
  C:18C5H         LINE#         305
  C:18CBH         LINE#         306
  C:18CBH         LINE#         309
  C:18CEH         LINE#         310
  C:18CEH         LINE#         312
  C:18CEH         LINE#         317
  C:18D1H         LINE#         318
  C:18D1H         LINE#         319
  C:18D1H         LINE#         321
  C:18D1H         LINE#         325
  C:18D1H         LINE#         327
  C:18D1H         LINE#         331
  C:18D1H         LINE#         333
  C:18D1H         LINE#         334
  C:18D1H         LINE#         335
BL51 BANKED LINKER/LOCATER V6.22.4.0                                                  07/02/2026  15:06:52  PAGE 31


  C:18D1H         LINE#         336
  -------         ENDPROC       AD_KEY_HANDLE
  -------         ENDMOD        AD_KEY

  -------         MODULE        USER_TEST
  C:0000H         SYMBOL        _ICE_DUMMY_
  -------         ENDMOD        USER_TEST

  -------         MODULE        LED
  C:0000H         SYMBOL        _ICE_DUMMY_
  B:0080H.0       PUBLIC        P00
  B:0080H.1       PUBLIC        P01
  B:0080H.2       PUBLIC        P02
  B:0080H.5       PUBLIC        P05
  B:0080H.6       PUBLIC        P06
  B:0090H.3       PUBLIC        P13
  B:00A0H.7       PUBLIC        P27
  B:00B0H.0       PUBLIC        P30
  X:62D1H         PUBLIC        led_ctl
  X:62DFH         PUBLIC        led_bat_level_sta
  C:1D80H         PUBLIC        led_init
  C:25A4H         PUBLIC        led_yellow_on
  C:25FFH         PUBLIC        led_yellow_off
  C:25B1H         PUBLIC        led_white_on
  C:2607H         PUBLIC        led_white_off
  C:2595H         PUBLIC        led_ctl_init
  C:2292H         PUBLIC        led_status_switch
  C:1B6BH         PUBLIC        _led_status_set
  C:145CH         PUBLIC        led_red_blue_flash_1ms_isr
  C:1240H         PUBLIC        led_slow_adjust_isr
  C:07FDH         PUBLIC        led_bat_instruction_timer_callback
  X:62E0H         PUBLIC        led_charge_anim_phase
  X:62E1H         PUBLIC        led_charge_anim_cnt
  C:16CFH         SYMBOL        Com0080
  C:16CFH         SYMBOL        L?0129
  C:16DBH         SYMBOL        L?0130
  C:16E9H         SYMBOL        L?0131
  C:16EAH         SYMBOL        L?0132
  C:16EFH         SYMBOL        L?0133
  C:16F6H         SYMBOL        L?0134
  C:16F9H         SYMBOL        L?0135
  C:16FCH         SYMBOL        L?0136
  C:1703H         SYMBOL        L?0137
  C:1703H         SYMBOL        L?0138
  C:1710H         SYMBOL        L?0140
  C:1721H         SYMBOL        L?0141
  C:1730H         SYMBOL        L?0142
  C:1730H         SYMBOL        L?0143
  C:1739H         SYMBOL        L?0144
  C:1747H         SYMBOL        L?0145
  C:1747H         SYMBOL        L?0146
  C:174FH         SYMBOL        L?0147
  C:174FH         SYMBOL        L?0148
  C:1757H         SYMBOL        L?0149
  C:1757H         SYMBOL        L?0150
  C:175FH         SYMBOL        L?0151
  C:176AH         SYMBOL        L?0152
BL51 BANKED LINKER/LOCATER V6.22.4.0                                                  07/02/2026  15:06:52  PAGE 32


  C:176BH         SYMBOL        L?0153
  C:1772H         SYMBOL        L?0154
  C:1772H         SYMBOL        L?0155
  C:1778H         SYMBOL        L?0156
  C:1781H         SYMBOL        L?0157
  C:1781H         SYMBOL        L?0158
  -------         PROC          COM0080
  -------         ENDPROC       COM0080
  -------         PROC          LED_INIT
  C:1D80H         LINE#         14
  C:1D80H         LINE#         15
  C:1D80H         LINE#         17
  C:1D86H         LINE#         18
  C:1D8AH         LINE#         19
  C:1D8CH         LINE#         20
  C:1D91H         LINE#         23
  C:1D97H         LINE#         24
  C:1D9BH         LINE#         25
  C:1D9DH         LINE#         26
  C:1DA0H         LINE#         29
  C:1DA0H         LINE#         30
  C:1DA3H         LINE#         31
  C:1DA5H         LINE#         32
  C:1DAAH         LINE#         35
  C:1DAFH         LINE#         36
  C:1DB3H         LINE#         37
  C:1DB5H         LINE#         38
  C:1DB8H         LINE#         41
  C:1DB8H         LINE#         42
  C:1DBBH         LINE#         43
  C:1DBDH         LINE#         44
  C:1DC0H         LINE#         47
  C:1DC4H         LINE#         48
  C:1DC8H         LINE#         49
  C:1DCAH         LINE#         50
  C:1DCDH         LINE#         51
  -------         ENDPROC       LED_INIT
  -------         PROC          LED_CTL_INIT
  C:2595H         LINE#         53
  C:2595H         LINE#         54
  C:2595H         LINE#         63
  -------         ENDPROC       LED_CTL_INIT
  -------         PROC          LED_YELLOW_ON
  C:25A4H         LINE#         66
  C:25A4H         LINE#         67
  C:25A4H         LINE#         69
  C:25AAH         LINE#         71
  C:25B0H         LINE#         72
  -------         ENDPROC       LED_YELLOW_ON
  -------         PROC          LED_YELLOW_OFF
  C:25FFH         LINE#         83
  C:25FFH         LINE#         84
  C:25FFH         LINE#         85
  C:2601H         LINE#         86
  C:2606H         LINE#         87
  -------         ENDPROC       LED_YELLOW_OFF
  -------         PROC          LED_WHITE_ON
BL51 BANKED LINKER/LOCATER V6.22.4.0                                                  07/02/2026  15:06:52  PAGE 33


  C:25B1H         LINE#         89
  C:25B1H         LINE#         90
  C:25B1H         LINE#         92
  C:25B7H         LINE#         94
  C:25BDH         LINE#         95
  -------         ENDPROC       LED_WHITE_ON
  -------         PROC          LED_WHITE_OFF
  C:2607H         LINE#         106
  C:2607H         LINE#         107
  C:2607H         LINE#         108
  C:2609H         LINE#         109
  C:260EH         LINE#         110
  -------         ENDPROC       LED_WHITE_OFF
  -------         PROC          LED_STATUS_SWITCH
  C:2292H         LINE#         112
  C:2292H         LINE#         113
  C:2292H         LINE#         115
  C:22A6H         LINE#         116
  C:22A6H         LINE#         117
  C:22A6H         LINE#         121
  C:22A8H         LINE#         122
  C:22AAH         LINE#         123
  C:22AAH         LINE#         128
  C:22ACH         LINE#         129
  C:22AEH         LINE#         130
  C:22AEH         LINE#         134
  C:22B0H         LINE#         135
  C:22B2H         LINE#         136
  C:22B2H         LINE#         142
  C:22B4H         LINE#         143
  C:22B6H         LINE#         144
  C:22B6H         LINE#         155
  C:22BBH         LINE#         156
  C:22BBH         LINE#         157
  C:22BBH         LINE#         158
  -------         ENDPROC       LED_STATUS_SWITCH
  -------         PROC          _LED_STATUS_SET
  X:629BH         SYMBOL        status
  C:1B6BH         LINE#         161
  C:1B70H         LINE#         162
  C:1B70H         LINE#         164
  C:1B7AH         LINE#         165
  C:1B81H         LINE#         167
  C:1B85H         LINE#         169
  C:1B99H         LINE#         170
  C:1B99H         LINE#         171
  C:1B99H         LINE#         172
  C:1B9CH         LINE#         173
  C:1B9FH         LINE#         174
  C:1BA1H         LINE#         175
  C:1BA3H         LINE#         176
  C:1BA5H         LINE#         177
  C:1BA5H         LINE#         178
  C:1BA8H         LINE#         179
  C:1BAAH         LINE#         180
  C:1BACH         LINE#         182
  C:1BACH         LINE#         183
BL51 BANKED LINKER/LOCATER V6.22.4.0                                                  07/02/2026  15:06:52  PAGE 34


  C:1BAEH         LINE#         184
  C:1BAEH         LINE#         185
  C:1BB1H         LINE#         186
  C:1BB3H         LINE#         187
  C:1BB5H         LINE#         189
  C:1BB8H         LINE#         190
  C:1BBAH         LINE#         192
  C:1BBAH         LINE#         193
  C:1BBCH         LINE#         194
  C:1BBEH         LINE#         197
  C:1BC1H         LINE#         198
  C:1BC4H         LINE#         199
  C:1BC6H         LINE#         201
  C:1BC6H         LINE#         202
  C:1BC9H         LINE#         203
  C:1BCCH         LINE#         205
  C:1BD6H         LINE#         206
  C:1BD6H         LINE#         207
  C:1BD6H         LINE#         209
  C:1BDEH         LINE#         210
  -------         ENDPROC       _LED_STATUS_SET
  -------         PROC          LED_RED_BLUE_FLASH_1MS_ISR
[...]
  C:0FE0H         LINE#         227
  C:0FE0H         LINE#         228
  C:0FE0H         LINE#         229
  C:0FEAH         LINE#         230
  C:0FEAH         LINE#         235
  C:0FEDH         LINE#         236
  C:0FF5H         LINE#         237
  C:0FF5H         LINE#         238
  C:0FF8H         LINE#         240
  C:0FF8H         LINE#         241
  C:0FFBH         LINE#         242
  C:1002H         LINE#         243
  C:1009H         LINE#         244
  C:1009H         LINE#         245
  C:100CH         LINE#         247
  C:100CH         LINE#         248
  C:1013H         LINE#         249
  C:1013H         LINE#         250
  C:101EH         LINE#         251
  C:101EH         LINE#         252
  C:1024H         LINE#         253
  C:1024H         LINE#         255
  C:1024H         LINE#         256
  C:1027H         LINE#         258
  C:1027H         LINE#         259
  C:102DH         LINE#         260
  C:1030H         LINE#         265
  C:104EH         LINE#         266
  C:104EH         LINE#         267
  C:1054H         LINE#         268
  C:1054H         LINE#         269
  C:1054H         LINE#         270
  C:1054H         LINE#         271
  C:1056H         LINE#         273
  C:1056H         LINE#         274
  C:105CH         LINE#         275
  C:105CH         LINE#         276
  C:1062H         LINE#         277
  C:1066H         LINE#         278
  C:1068H         LINE#         280
  C:1068H         LINE#         281
  C:106EH         LINE#         282
  C:1071H         LINE#         287
BL51 BANKED LINKER/LOCATER V6.22.4.0                                                  07/02/2026  15:06:52  PAGE 50


  C:108FH         LINE#         288
  C:108FH         LINE#         289
  C:1095H         LINE#         290
  C:1095H         LINE#         292
  C:109CH         LINE#         293
  C:109CH         LINE#         294
  C:109CH         LINE#         295
  C:109CH         LINE#         297
  C:10ABH         LINE#         298
  C:10ABH         LINE#         299
  C:10AFH         LINE#         305
  C:10BDH         LINE#         306
  C:10BDH         LINE#         307
  C:10C3H         LINE#         308
  C:10C5H         LINE#         309
  C:10D4H         LINE#         310
  C:10D4H         LINE#         311
  C:10D9H         LINE#         312
  C:10D9H         LINE#         315
  C:10E0H         LINE#         317
  C:10E6H         LINE#         318
  C:10E6H         LINE#         319
  C:10EBH         LINE#         320
  C:10F1H         LINE#         321
  C:10F7H         LINE#         322
  C:10F7H         LINE#         323
  C:10F9H         LINE#         325
  C:10FEH         LINE#         326
  C:10FEH         LINE#         327
  C:10FFH         LINE#         329
  C:10FFH         LINE#         330
  C:1104H         LINE#         331
  C:1108H         LINE#         332
  C:110EH         LINE#         333
  C:110EH         LINE#         334
  C:1110H         LINE#         336
  C:1114H         LINE#         337
  C:1114H         LINE#         338
  C:1114H         LINE#         339
  C:1114H         LINE#         340
  -------         ENDPROC       DETECT_DISCHARGE_1KHZ_SIGNAL_100US
  -------         PROC          CHARGE_DET_TIME_ADD
  C:262DH         LINE#         342
  C:262DH         LINE#         343
  C:262DH         LINE#         344
  C:262FH         LINE#         345
  -------         ENDPROC       CHARGE_DET_TIME_ADD
  -------         PROC          CHARGE_DET
  -------         DO            
  X:628DH         SYMBOL        adc_val_of_solar_panel
  X:628FH         SYMBOL        adc_val_of_type_c
  X:629AH         SYMBOL        voltage_mv
  X:6291H         SYMBOL        is_discharge_det_time_cnt
  -------         ENDDO         
  C:1115H         LINE#         349
  C:1115H         LINE#         350
  C:1115H         LINE#         353
BL51 BANKED LINKER/LOCATER V6.22.4.0                                                  07/02/2026  15:06:52  PAGE 51


  C:111CH         LINE#         358
  C:1124H         LINE#         359
  C:1124H         LINE#         360
  C:1129H         LINE#         361
  C:1136H         LINE#         362
  C:1136H         LINE#         364
  C:113EH         LINE#         365
  C:113EH         LINE#         366
  C:1143H         LINE#         367
  C:1150H         LINE#         368
  C:1150H         LINE#         370
  C:1156H         LINE#         371
  C:1156H         LINE#         372
  C:1158H         LINE#         373
  C:1158H         LINE#         375
  C:1158H         LINE#         378
  C:1158H         LINE#         388
  C:1178H         LINE#         390
  C:118DH         LINE#         391
  C:118DH         LINE#         392
  C:1192H         LINE#         393
  C:1198H         LINE#         394
  C:119DH         LINE#         395
  C:119DH         LINE#         396
  C:119FH         LINE#         398
  C:11A4H         LINE#         403
  C:11A4H         LINE#         404
  C:11A6H         LINE#         406
  C:11A6H         LINE#         407
  C:11ABH         LINE#         408
  C:11AFH         LINE#         409
  C:11B5H         LINE#         410
  C:11B5H         LINE#         411
  C:11B7H         LINE#         413
  C:11BBH         LINE#         418
  C:11BBH         LINE#         419
  C:11BBH         LINE#         436
  C:11E6H         LINE#         438
  C:11E6H         LINE#         441
  C:11E6H         LINE#         443
  C:11E9H         LINE#         444
  C:11EBH         LINE#         445
  C:11EDH         LINE#         446
  C:11F6H         LINE#         447
  C:11F6H         LINE#         449
  C:11FCH         LINE#         450
  C:11FCH         LINE#         452
  C:1202H         LINE#         453
  C:1207H         LINE#         454
  C:1207H         LINE#         455
  C:1209H         LINE#         457
  C:120EH         LINE#         458
  C:120EH         LINE#         459
  C:120EH         LINE#         460
  C:1210H         LINE#         462
  C:1210H         LINE#         465
  C:1210H         LINE#         467
BL51 BANKED LINKER/LOCATER V6.22.4.0                                                  07/02/2026  15:06:52  PAGE 52


  C:1213H         LINE#         468
  C:1213H         LINE#         472
  C:121FH         LINE#         473
  C:121FH         LINE#         474
  C:1225H         LINE#         477
  C:122AH         LINE#         478
  C:122EH         LINE#         479
  C:122FH         LINE#         480
  C:123BH         LINE#         481
  C:123BH         LINE#         482
  C:123FH         LINE#         483
  C:123FH         LINE#         500
  -------         ENDPROC       CHARGE_DET
  -------         ENDMOD        CHARGE_DET

  -------         MODULE        LOW_POWER
  C:0000H         SYMBOL        _ICE_DUMMY_
  D:00BAH         PUBLIC        LP_CON
  D:008DH         PUBLIC        LP_WKCON
  D:008EH         PUBLIC        LP_WKPND
  D:00A8H         PUBLIC        IE0
  D:00A9H         PUBLIC        IE1
  D:00AAH         PUBLIC        IE2
  D:00ABH         PUBLIC        IE3
  B:00A8H.7       PUBLIC        IE_EA
  D:00B8H         PUBLIC        IP0
  D:00B1H         PUBLIC        IP1
  D:00B2H         PUBLIC        IP2
  D:00B3H         PUBLIC        IP3
  D:00B4H         PUBLIC        IP4
  D:00B5H         PUBLIC        IP5
  D:00B6H         PUBLIC        IP6
  D:00B7H         PUBLIC        IP7
  D:00D2H         PUBLIC        UART0_CON0
  D:00D1H         PUBLIC        TMR_ALLCON
  D:00ACH         PUBLIC        FLASH_TIMEREG1
  D:0099H         PUBLIC        ADC_CHS0
  C:0E61H         PUBLIC        low_power_handle
  C:21ADH         PUBLIC        low_power_enter_timer_callback
  X:62F0H         SYMBOL        is_low_power_enter_enable
  C:230BH         PUBLIC        is_low_power_condition_establish
  C:1351H         PUBLIC        low_power_in
  C:1EFCH         PUBLIC        low_power_out
  C:247BH         PUBLIC        WUT_IRQHandler
  C:2626H         SYMBOL        Com0073
  C:2626H         SYMBOL        L?0116
  C:2626H         SYMBOL        L?0117
  -------         PROC          COM0073
  -------         ENDPROC       COM0073
  -------         PROC          IS_LOW_POWER_CONDITION_ESTABLISH
  C:230BH         LINE#         8
  C:230BH         LINE#         9
  C:230BH         LINE#         15
  C:232EH         LINE#         20
  -------         ENDPROC       IS_LOW_POWER_CONDITION_ESTABLISH
  -------         PROC          LOW_POWER_ENTER_TIMER_CALLBACK
  -------         DO            
BL51 BANKED LINKER/LOCATER V6.22.4.0                                                  07/02/2026  15:06:52  PAGE 53


  X:62ECH         SYMBOL        cnt
  -------         ENDDO         
  C:21ADH         LINE#         23
  C:21ADH         LINE#         24
  C:21ADH         LINE#         26
  C:21B3H         LINE#         27
  C:21B3H         LINE#         28
  C:21BDH         LINE#         29
  C:21CCH         LINE#         30
  C:21CCH         LINE#         31
  C:21CDH         LINE#         32
  C:21D4H         LINE#         33
  C:21D4H         LINE#         34
  C:21D5H         LINE#         36
  C:21D5H         LINE#         37
  C:21D9H         LINE#         38
  C:21DFH         LINE#         39
  C:21DFH         LINE#         40
  -------         ENDPROC       LOW_POWER_ENTER_TIMER_CALLBACK
  -------         PROC          LOW_POWER_IN
  C:1351H         LINE#         42
  C:1351H         LINE#         43
  C:1351H         LINE#         48
  C:1354H         LINE#         49
  C:1357H         LINE#         50
  C:135AH         LINE#         51
  C:135DH         LINE#         53
  C:1363H         LINE#         54
  C:1369H         LINE#         56
  C:1370H         LINE#         58
  C:1373H         LINE#         59
  C:1379H         LINE#         61
  C:137EH         LINE#         62
  C:1381H         LINE#         71
  C:1387H         LINE#         72
  C:138DH         LINE#         74
  C:1393H         LINE#         75
  C:1399H         LINE#         78
  C:139FH         LINE#         79
  C:13A3H         LINE#         80
  C:13A9H         LINE#         83
  C:13ADH         LINE#         84
  C:13B3H         LINE#         85
  C:13B7H         LINE#         86
  C:13BCH         LINE#         104
  C:13C0H         LINE#         105
  C:13C6H         LINE#         108
  C:13CBH         LINE#         110
  C:13CFH         LINE#         113
  C:13D3H         LINE#         114
  C:13D9H         LINE#         116
  C:13E0H         LINE#         122
  C:13E3H         LINE#         131
  C:13E9H         LINE#         132
  C:13EFH         LINE#         133
  C:13F5H         LINE#         134
  C:13FBH         LINE#         138
BL51 BANKED LINKER/LOCATER V6.22.4.0                                                  07/02/2026  15:06:52  PAGE 54


  C:13FEH         LINE#         139
  C:1401H         LINE#         140
  C:1404H         LINE#         143
  C:1407H         LINE#         144
  C:140AH         LINE#         146
  C:140DH         LINE#         147
  C:1410H         LINE#         150
  C:1413H         LINE#         151
  C:1416H         LINE#         154
  C:1419H         LINE#         155
  C:141BH         LINE#         158
  C:1422H         LINE#         159
  C:1426H         LINE#         163
  C:142BH         LINE#         164
  C:1432H         LINE#         166
  C:1439H         LINE#         168
  C:1440H         LINE#         169
  C:1447H         LINE#         170
  C:144AH         LINE#         172
  C:1451H         LINE#         173
  C:1458H         LINE#         178
  C:145BH         LINE#         184
  -------         ENDPROC       LOW_POWER_IN
  -------         PROC          LOW_POWER_OUT
  C:1EFCH         LINE#         186
  C:1EFCH         LINE#         187
  C:1EFCH         LINE#         189
  C:1EFFH         LINE#         190
  C:1F06H         LINE#         191
  C:1F0DH         LINE#         194
  C:1F10H         LINE#         198
  C:1F15H         LINE#         199
  C:1F17H         LINE#         205
  C:1F1EH         LINE#         206
  C:1F23H         LINE#         207
  C:1F2AH         LINE#         209
  C:1F31H         LINE#         210
  C:1F38H         LINE#         212
  C:1F3BH         LINE#         213
  C:1F3EH         LINE#         214
  C:1F45H         LINE#         220
  -------         ENDPROC       LOW_POWER_OUT
  C:0FA8H         SYMBOL        L?0114
  -------         PROC          LOW_POWER_HANDLE
  -------         DO            
  X:62EEH         SYMBOL        update_bat_percent_cnt
  D:0007H         SYMBOL        tmp_bat_percent
  X:629AH         SYMBOL        is_charge_sig_wkup
  X:629BH         SYMBOL        is_discharge_sig_wkup
  X:629CH         SYMBOL        is_key_sig_wkup
  X:629DH         SYMBOL        adc_val
  C:0E7BH         SYMBOL        label_low_power_in
  -------         ENDDO         
  C:0E61H         LINE#         222
  C:0E61H         LINE#         223
  C:0E61H         LINE#         226
  C:0E66H         LINE#         227
BL51 BANKED LINKER/LOCATER V6.22.4.0                                                  07/02/2026  15:06:52  PAGE 55


  C:0E67H         LINE#         228
  C:0E67H         LINE#         231
  C:0E74H         LINE#         232
  C:0E74H         LINE#         233
  C:0E7BH         LINE#         234
  C:0E7BH         LINE#         236
  C:0E7BH         LINE#         238
  C:0E7BH         LINE#         243
  C:0E7BH         LINE#         245
  C:0E80H         LINE#         246
  C:0E82H         LINE#         247
  C:0E84H         LINE#         249
  C:0E87H         LINE#         250
  C:0E8AH         LINE#         258
  C:0E8DH         LINE#         259
  C:0E90H         LINE#         261
  C:0E92H         LINE#         262
  C:0E92H         LINE#         263
  C:0E95H         LINE#         265
  C:0E9DH         LINE#         266
  C:0E9DH         LINE#         268
  C:0EA3H         LINE#         272
  C:0EA3H         LINE#         274
  C:0EA5H         LINE#         275
  C:0EA5H         LINE#         276
  C:0EA8H         LINE#         278
  C:0ECDH         LINE#         279
  C:0ECDH         LINE#         280
  C:0ED3H         LINE#         284
  C:0ED3H         LINE#         299
  C:0ED8H         LINE#         300
  C:0ED8H         LINE#         304
  C:0EDBH         LINE#         305
  C:0EE1H         LINE#         306
  C:0EE1H         LINE#         308
  C:0EE6H         LINE#         309
  C:0EE6H         LINE#         311
  C:0EE9H         LINE#         313
  C:0EEFH         LINE#         318
  C:0EEFH         LINE#         320
  C:0EF4H         LINE#         321
  C:0EFBH         LINE#         322
  C:0F06H         LINE#         323
  C:0F11H         LINE#         325
  C:0F1BH         LINE#         326
  C:0F2AH         LINE#         327
  C:0F2AH         LINE#         333
  C:0F2EH         LINE#         334
  C:0F39H         LINE#         335
  C:0F41H         LINE#         336
  C:0F41H         LINE#         337
  C:0F47H         LINE#         338
  C:0F47H         LINE#         339
  C:0F4AH         LINE#         340
  C:0F4AH         LINE#         341
  C:0F4CH         LINE#         342
  C:0F54H         LINE#         343
BL51 BANKED LINKER/LOCATER V6.22.4.0                                                  07/02/2026  15:06:52  PAGE 56


  C:0F54H         LINE#         344
  C:0F5AH         LINE#         345
  C:0F5AH         LINE#         346
  C:0F5DH         LINE#         347
  C:0F5DH         LINE#         348
  C:0F5DH         LINE#         354
  C:0F5DH         LINE#         361
  C:0F90H         LINE#         367
  C:0F90H         LINE#         380
  C:0F90H         LINE#         381
  C:0F90H         LINE#         389
  C:0F95H         LINE#         390
  C:0F99H         LINE#         391
  C:0FA4H         LINE#         392
  C:0FA7H         LINE#         393
  -------         ENDPROC       LOW_POWER_HANDLE
  -------         PROC          WUT_IRQHANDLER
  C:247BH         LINE#         396
  C:2481H         LINE#         399
  C:2481H         LINE#         404
  C:2488H         LINE#         405
  C:2488H         LINE#         406
  C:248CH         LINE#         407
  C:248CH         LINE#         410
  C:248CH         LINE#         411
  -------         ENDPROC       WUT_IRQHANDLER
  -------         ENDMOD        LOW_POWER

  -------         MODULE        ?C?COPY
  C:011EH         PUBLIC        ?C?COPY
  -------         ENDMOD        ?C?COPY

  -------         MODULE        ?C?CLDPTR
  C:0144H         PUBLIC        ?C?CLDPTR
  -------         ENDMOD        ?C?CLDPTR

  -------         MODULE        ?C?CLDOPTR
  C:015DH         PUBLIC        ?C?CLDOPTR
  -------         ENDMOD        ?C?CLDOPTR

  -------         MODULE        ?C?CILDOPTR
  C:018AH         PUBLIC        ?C?CILDOPTR
  -------         ENDMOD        ?C?CILDOPTR

  -------         MODULE        ?C?CSTOPTR
  C:01BDH         PUBLIC        ?C?CSTOPTR
  -------         ENDMOD        ?C?CSTOPTR

  -------         MODULE        ?C?UIDIV
  C:01DFH         PUBLIC        ?C?UIDIV
  -------         ENDMOD        ?C?UIDIV

  -------         MODULE        ?C?IILDX
  C:0234H         PUBLIC        ?C?IILDX
  -------         ENDMOD        ?C?IILDX

  -------         MODULE        ?C?LADD
BL51 BANKED LINKER/LOCATER V6.22.4.0                                                  07/02/2026  15:06:52  PAGE 57


  C:024AH         PUBLIC        ?C?LADD
  -------         ENDMOD        ?C?LADD

  -------         MODULE        ?C?ULDIV
  C:0293H         PUBLIC        ?C?ULDIV
  -------         ENDMOD        ?C?ULDIV

  -------         MODULE        ?C?SLCMP
  C:0325H         PUBLIC        ?C?SLCMP
  -------         ENDMOD        ?C?SLCMP

  -------         MODULE        ?C?ULCMP
  C:033BH         PUBLIC        ?C?ULCMP
  -------         ENDMOD        ?C?ULCMP

  -------         MODULE        ?C?LLDXDATA
  C:034CH         PUBLIC        ?C?LLDXDATA
  -------         ENDMOD        ?C?LLDXDATA

  -------         MODULE        ?C?LLDXDATA0
  C:0358H         PUBLIC        ?C?LLDXDATA0
  -------         ENDMOD        ?C?LLDXDATA0

  -------         MODULE        ?C?LSTXDATA
  C:0364H         PUBLIC        ?C?LSTXDATA
  -------         ENDMOD        ?C?LSTXDATA

  -------         MODULE        ?C?LSTKXDATA
  C:0370H         PUBLIC        ?C?LSTKXDATA
  -------         ENDMOD        ?C?LSTKXDATA

  -------         MODULE        ?C?PLDXDATA
  C:03A1H         PUBLIC        ?C?PLDXDATA
  -------         ENDMOD        ?C?PLDXDATA

  -------         MODULE        ?C?PSTXDATA
  C:03AAH         PUBLIC        ?C?PSTXDATA
  -------         ENDMOD        ?C?PSTXDATA

  -------         MODULE        ?C?PLDOPTR
  C:03B3H         PUBLIC        ?C?PLDOPTR
  -------         ENDMOD        ?C?PLDOPTR

  -------         MODULE        ?C?CCASE
  C:03E3H         PUBLIC        ?C?CCASE
  -------         ENDMOD        ?C?CCASE

  -------         MODULE        ?C?ICALL
  C:0409H         PUBLIC        ?C?ICALL
  C:040DH         PUBLIC        ?C?ICALL2
  -------         ENDMOD        ?C?ICALL

  -------         MODULE        ?C?LIMUL
  C:040FH         PUBLIC        ?C?LIMUL
  -------         ENDMOD        ?C?LIMUL

  -------         MODULE        ?C?MEMSET
BL51 BANKED LINKER/LOCATER V6.22.4.0                                                  07/02/2026  15:06:52  PAGE 58


  C:043CH         PUBLIC        ?C?MEMSET
  -------         ENDMOD        ?C?MEMSET

  -------         MODULE        ?C?PLDIDATA
  C:0468H         PUBLIC        ?C?PLDIDATA
  -------         ENDMOD        ?C?PLDIDATA

  -------         MODULE        ?C?PLDPDATA
  C:0471H         PUBLIC        ?C?PLDPDATA
  -------         ENDMOD        ?C?PLDPDATA

  -------         MODULE        ?C?PLDCODE
  C:047AH         PUBLIC        ?C?PLDCODE
  -------         ENDMOD        ?C?PLDCODE

*** WARNING L15: MULTIPLE CALL TO SEGMENT
    SEGMENT: ?PR?_GET_BATTERY_PERCENTAGE_BY_VOLTAGE?BATTERY_MONITOR
    CALLER1: ?C_C51STARTUP
    CALLER2: ?PR?ADC_IRQHANDLER?ADC

Program Size: data=9.5 xdata=760 code=9775
LINK/LOCATE RUN COMPLETE.  1 WARNING(S),  0 ERROR(S)
