BL51 BANKED LINKER/LOCATER V6.22.4.0                                                    07/13/2026  17:26:45  PAGE 1


BL51 BANKED LINKER/LOCATER V6.22.4.0, INVOKED BY:
C:\KEIL_V5\C51\BIN\BL51.EXE .\Release\Objects\STARTUP.obj, .\Release\Objects\system.obj, .\Release\Objects\adc.obj, .\Re
>> lease\Objects\pwm.obj, .\Release\Objects\timer0.obj, .\Release\Objects\timer1.obj, .\Release\Objects\uart0.obj, .\Rel
>> ease\Objects\main.obj, .\Release\Objects\uart_data_handle.obj, .\Release\Objects\key_driver.obj, .\Release\Objects\ad
>> _key.obj, .\Release\Objects\user_test.obj, .\Release\Objects\led.obj, .\Release\Objects\battery_monitor.obj, .\Releas
>> e\Objects\bluetooth_ic_handle.obj, .\Release\Objects\charge_det.obj, .\Release\Objects\low_power.obj, .\Release\Objec
>> ts\bat_scan.obj TO .\Release\Objects\Demo PRINT (.\Release\Listings\Demo.m51) RAMSIZE (256) CODE (0X0000-0X3EEF) XDAT
>> A (0X6000-0X66FF)


MEMORY MODEL: LARGE


INPUT MODULES INCLUDED:
  .\Release\Objects\STARTUP.obj (?C_STARTUP)
  .\Release\Objects\system.obj (SYSTEM)
  .\Release\Objects\adc.obj (ADC)
  .\Release\Objects\pwm.obj (PWM)
  .\Release\Objects\timer0.obj (TIMER0)
  .\Release\Objects\timer1.obj (TIMER1)
  .\Release\Objects\uart0.obj (UART0)
  .\Release\Objects\main.obj (MAIN)
  .\Release\Objects\uart_data_handle.obj (UART_DATA_HANDLE)
  .\Release\Objects\key_driver.obj (KEY_DRIVER)
  .\Release\Objects\ad_key.obj (AD_KEY)
  .\Release\Objects\user_test.obj (USER_TEST)
  .\Release\Objects\led.obj (LED)
  .\Release\Objects\battery_monitor.obj (BATTERY_MONITOR)
  .\Release\Objects\bluetooth_ic_handle.obj (BLUETOOTH_IC_HANDLE)
  .\Release\Objects\charge_det.obj (CHARGE_DET)
  .\Release\Objects\low_power.obj (LOW_POWER)
  .\Release\Objects\bat_scan.obj (BAT_SCAN)
  C:\KEIL_V5\C51\LIB\C51L.LIB (?C_INIT)
  C:\KEIL_V5\C51\LIB\C51L.LIB (?C?COPY)
  C:\KEIL_V5\C51\LIB\C51L.LIB (?C?CLDPTR)
  C:\KEIL_V5\C51\LIB\C51L.LIB (?C?CLDOPTR)
  C:\KEIL_V5\C51\LIB\C51L.LIB (?C?CILDOPTR)
  C:\KEIL_V5\C51\LIB\C51L.LIB (?C?CSTOPTR)
  C:\KEIL_V5\C51\LIB\C51L.LIB (?C?UIDIV)
  C:\KEIL_V5\C51\LIB\C51L.LIB (?C?IILDX)
  C:\KEIL_V5\C51\LIB\C51L.LIB (?C?LADD)
  C:\KEIL_V5\C51\LIB\C51L.LIB (?C?ULDIV)
  C:\KEIL_V5\C51\LIB\C51L.LIB (?C?SLCMP)
  C:\KEIL_V5\C51\LIB\C51L.LIB (?C?ULCMP)
  C:\KEIL_V5\C51\LIB\C51L.LIB (?C?LLDXDATA)
  C:\KEIL_V5\C51\LIB\C51L.LIB (?C?LLDXDATA0)
  C:\KEIL_V5\C51\LIB\C51L.LIB (?C?LSTXDATA)
  C:\KEIL_V5\C51\LIB\C51L.LIB (?C?LSTKXDATA)
  C:\KEIL_V5\C51\LIB\C51L.LIB (?C?PLDXDATA)
  C:\KEIL_V5\C51\LIB\C51L.LIB (?C?PSTXDATA)
  C:\KEIL_V5\C51\LIB\C51L.LIB (?C?PLDOPTR)
  C:\KEIL_V5\C51\LIB\C51L.LIB (?C?CCASE)
  C:\KEIL_V5\C51\LIB\C51L.LIB (?C?ICALL)
  C:\KEIL_V5\C51\LIB\C51L.LIB (?C?LIMUL)
  C:\KEIL_V5\C51\LIB\C51L.LIB (?C?MEMSET)
  C:\KEIL_V5\C51\LIB\C51L.LIB (?C?PLDIDATA)
  C:\KEIL_V5\C51\LIB\C51L.LIB (?C?PLDPDATA)
  C:\KEIL_V5\C51\LIB\C51L.LIB (?C?PLDCODE)
BL51 BANKED LINKER/LOCATER V6.22.4.0                                                  07/13/2026  17:26:45  PAGE 2




LINK MAP OF MODULE:  .\Release\Objects\Demo (?C_STARTUP)


            TYPE    BASE      LENGTH    RELOCATION   SEGMENT NAME
            -----------------------------------------------------

            * * * * * * *   D A T A   M E M O R Y   * * * * * * *
            REG     0000H     0008H     ABSOLUTE     "REG BANK 0"
                    0008H     0018H                  *** GAP ***
            BIT     0020H.0   0000H.4   UNIT         ?BI?ADC
            BIT     0020H.4   0000H.1   UNIT         ?BI?CHARGE_DET
                    0020H.5   0000H.3                *** GAP ***
            IDATA   0021H     0001H     UNIT         ?STACK

            * * * * * * *  X D A T A   M E M O R Y  * * * * * * *
                    0000H     6000H                  *** GAP ***
            XDATA   6000H     0086H     UNIT         ?XD?UART0
            XDATA   6086H     0039H     UNIT         ?XD?AD_KEY
            XDATA   60BFH     0028H     UNIT         ?XD?BAT_SCAN
            XDATA   60E7H     0027H     UNIT         ?XD?CHARGE_DET
            XDATA   610EH     001DH     UNIT         ?XD?LED
            XDATA   612BH     001AH     UNIT         ?XD?UART_DATA_HANDLE
            XDATA   6145H     0017H     UNIT         _XDATA_GROUP_
            XDATA   615CH     0014H     UNIT         ?XD?BATTERY_MONITOR
            XDATA   6170H     0009H     UNIT         ?XD?ADC
            XDATA   6179H     0004H     UNIT         ?XD?KEY_DRIVER
            XDATA   617DH     0004H     UNIT         ?XD?LOW_POWER
            XDATA   6181H     0002H     UNIT         ?XD?BLUETOOTH_IC_HANDLE

            * * * * * * *   C O D E   M E M O R Y   * * * * * * *
            CODE    0000H     0003H     ABSOLUTE     
            CODE    0003H     000CH     ABSOLUTE     
            CODE    000FH     000FH     UNIT         ?PR?UART_RECEIVER_TIMEOUT_ADD?UART_DATA_HANDLE
            CODE    001EH     0003H     ABSOLUTE     
            CODE    0021H     0003H     ABSOLUTE     
            CODE    0024H     001BH     UNIT         ?PR?_ADC_CLEAR_UPDATE_FLAG?ADC
            CODE    003FH     0003H     ABSOLUTE     
            CODE    0042H     0003H     ABSOLUTE     
            CODE    0045H     0005H     UNIT         ?PR?BLE_IC_DISABLE_PRE?BLUETOOTH_IC_HANDLE
                    004AH     0001H                  *** GAP ***
            CODE    004BH     0003H     ABSOLUTE     
            CODE    004EH     0438H     UNIT         ?C?LIB_CODE
            CODE    0486H     03CDH     UNIT         ?PR?LED_BAT_INSTRUCTION_TIMER_CALLBACK?LED
            CODE    0853H     021AH     UNIT         ?C_INITSEG
            CODE    0A6DH     01AAH     UNIT         ?PR?DETECT_1KHZ_SIGNAL_100US?CHARGE_DET
            CODE    0C17H     0193H     UNIT         ?PR?_KEY_DRIVER_SCAN?KEY_DRIVER
            CODE    0DAAH     0157H     UNIT         ?PR?DETECT_DISCHARGE_1KHZ_SIGNAL_100US?CHARGE_DET
            CODE    0F01H     012BH     UNIT         ?PR?CHARGE_DET?CHARGE_DET
            CODE    102CH     0110H     UNIT         ?PR?LED_SLOW_ADJUST_ISR?LED
            CODE    113CH     010FH     UNIT         ?PR?LOW_POWER_HANDLE?LOW_POWER
            CODE    124BH     010BH     UNIT         ?PR?LOW_POWER_IN?LOW_POWER
            CODE    1356H     00ECH     UNIT         ?PR?LED_RED_BLUE_FLASH_1MS_ISR?LED
            CODE    1442H     00E9H     UNIT         ?PR?LED
            CODE    152BH     00DBH     UNIT         ?PR?BATTERY_MONITOR_HANDLE?BATTERY_MONITOR
            CODE    1606H     00CFH     UNIT         ?PR?SYSTEM_INIT?SYSTEM
BL51 BANKED LINKER/LOCATER V6.22.4.0                                                  07/13/2026  17:26:45  PAGE 3


            CODE    16D5H     00BEH     UNIT         ?PR?BATTERY_VOLTAGE_UPDATE_BY_ISR?BAT_SCAN
            CODE    1793H     00A5H     UNIT         ?PR?_UART_RECEIVER_PROCESS_BYTE?UART_DATA_HANDLE
            CODE    1838H     009BH     UNIT         ?PR?AD_KEY_HANDLE?AD_KEY
            CODE    18D3H     008CH     UNIT         ?C_C51STARTUP
            CODE    195FH     008BH     UNIT         ?PR?PWM_INIT?PWM
            CODE    19EAH     008AH     UNIT         ?PR?_BAT_DISCHARGE_TIME_CNT_UPDATE?BATTERY_MONITOR
            CODE    1A74H     0087H     UNIT         ?PR?ADC_IRQHANDLER?ADC
            CODE    1AFBH     007FH     UNIT         ?PR?_BAT_CHARGE_TIME_CNT_UPDATE?BATTERY_MONITOR
            CODE    1B7AH     0079H     UNIT         ?PR?UART_DATA_HANDLE?UART_DATA_HANDLE
            CODE    1BF3H     0075H     UNIT         ?PR?BATTTERY_MONITOR_1MS_ISR?BATTERY_MONITOR
            CODE    1C68H     0074H     UNIT         ?PR?_LED_STATUS_SET?LED
            CODE    1CDCH     0069H     UNIT         ?PR?TIMR0_IRQHANDLER?TIMER0
            CODE    1D45H     0066H     UNIT         ?PR?ADC_SCAN?ADC
            CODE    1DABH     005FH     UNIT         ?PR?SEND_LOW_BAT_TIMER_CALLBACK?BATTERY_MONITOR
            CODE    1E0AH     0050H     UNIT         ?PR?MAIN?MAIN
            CODE    1E5AH     004EH     UNIT         ?PR?LED_INIT?LED
            CODE    1EA8H     004CH     UNIT         ?PR?_AD_KEY_VAL_TO_AD_KEY_INDEX?AD_KEY
            CODE    1EF4H     004BH     UNIT         ?PR?_ADC_CHANNEL_SEL?ADC
            CODE    1F3FH     004AH     UNIT         ?PR?_AD_KEY_GET_EVENT?AD_KEY
            CODE    1F89H     004AH     UNIT         ?PR?LOW_POWER_OUT?LOW_POWER
            CODE    1FD3H     0048H     UNIT         ?PR?TIMR1_IRQHANDLER?TIMER1
            CODE    201BH     0047H     UNIT         ?PR?_UART0_RXBUFFER_PUT_BYTE?UART0
            CODE    2062H     0046H     UNIT         ?PR?BAT_VOL_HISTORY_BUFF_GET_AVG?BAT_SCAN
            CODE    20A8H     0045H     UNIT         ?PR?_UART_DATA_SEND_CMD?UART_DATA_HANDLE
            CODE    20EDH     0042H     UNIT         ?PR?UART0_RXBUFFER_GET_BYTE?UART0
            CODE    212FH     003DH     UNIT         ?PR?_ADC_UPDATE_VAL?ADC
            CODE    216CH     003DH     UNIT         ?PR?BAT_SCAN
            CODE    21A9H     003CH     UNIT         ?PR?_LED_BAT_LEV_STA_INIT?LED
            CODE    21E5H     003AH     UNIT         ?PR?UART0_INIT?UART0
            CODE    221FH     0039H     UNIT         ?PR?BAT_VOL_UPDATE_TIMER_CALLBACK?BAT_SCAN
            CODE    2258H     0037H     UNIT         ?PR?BAT_SCAN?BAT_SCAN
            CODE    228FH     0036H     UNIT         ?PR?BATTERY_MONITOR
            CODE    22C5H     0034H     UNIT         ?PR?UART0_IRQHANDLER?UART0
            CODE    22F9H     0033H     UNIT         ?PR?AD_KEY_GET_KEY_VAL?AD_KEY
            CODE    232CH     002FH     UNIT         ?PR?LOW_POWER_ENTER_TIMER_CALLBACK?LOW_POWER
            CODE    235BH     002EH     UNIT         ?PR?_ADC_GET_VAL?ADC
            CODE    2389H     002EH     UNIT         ?PR?ADC
            CODE    23B7H     002BH     UNIT         ?PR?CHARGE_DET
            CODE    23E2H     002AH     UNIT         ?PR?LED_STATUS_SWITCH?LED
            CODE    240CH     0029H     UNIT         ?PR?BAT_VOL_BUFF_GET_AVG_TIMER_CALLBACK?BAT_SCAN
            CODE    2435H     0028H     UNIT         ?PR?BAT_VOL_BUFF_ADD_TIMER_CALLBACK?BAT_SCAN
            CODE    245DH     0025H     UNIT         ?PR?_ADC_GET_UPDATE_FLAG?ADC
            CODE    2482H     0024H     UNIT         ?PR?IS_LOW_POWER_CONDITION_ESTABLISH?LOW_POWER
            CODE    24A6H     0023H     UNIT         ?PR?_UART0_SENDBUF?UART0
            CODE    24C9H     0022H     UNIT         ?PR?ADC_INIT?ADC
            CODE    24EBH     0022H     UNIT         ?PR?UART_RECEIVER_PROCESS_CHECKSUM?UART_DATA_HANDLE
            CODE    250DH     0022H     UNIT         ?PR?_BAT_VOL_HISTORY_BUFF_ADD?BAT_SCAN
            CODE    252FH     0021H     UNIT         ?PR?USER_INIT?MAIN
            CODE    2550H     0021H     UNIT         ?PR?KEY_DRIVER
            CODE    2571H     001BH     UNIT         ?PR?TIMER0_INIT?TIMER0
            CODE    258CH     001BH     UNIT         ?PR?TIMER1_INIT?TIMER1
            CODE    25A7H     001AH     UNIT         ?PR?BLUETOOTH_IC_HANDLE_INIT?BLUETOOTH_IC_HANDLE
            CODE    25C1H     0019H     UNIT         ?PR?CHARGE_DET_INIT?CHARGE_DET
            CODE    25DAH     0018H     UNIT         ?PR?_DELAY_MS?SYSTEM
            CODE    25F2H     0018H     UNIT         ?PR?WUT_IRQHANDLER?LOW_POWER
            CODE    260AH     0017H     UNIT         ?PR?ADC_GET_VAL_ONCE?ADC
            CODE    2621H     0017H     UNIT         ?PR?UART_DATA_HANDLE
BL51 BANKED LINKER/LOCATER V6.22.4.0                                                  07/13/2026  17:26:45  PAGE 4


            CODE    2638H     0016H     UNIT         ?PR?PWM
            CODE    264EH     0016H     UNIT         ?PR?_BAT_VOL_HISTORY_BUFF_INIT?BAT_SCAN
            CODE    2664H     0015H     UNIT         ?PR?BLE_IC_ENABLE?BLUETOOTH_IC_HANDLE
            CODE    2679H     0013H     UNIT         ?PR?UART_RECEIVER_TIMEOUT_HANDLER?UART_DATA_HANDLE
            CODE    268CH     0013H     UNIT         ?PR?LOW_POWER
            CODE    269FH     0012H     UNIT         ?PR?ADC_INIT_WHEN_LOW_PWR_OUT?ADC
            CODE    26B1H     0012H     UNIT         ?PR?UART_RECEIVER_RESET?UART_DATA_HANDLE
            CODE    26C3H     0011H     UNIT         ?PR?ADC_PIN_INIT?ADC
            CODE    26D4H     0010H     UNIT         ?PR?_GET_BATTERY_VOLTAGE_BY_ADC?BAT_SCAN
            CODE    26E4H     000FH     UNIT         ?PR?AD_KEY
            CODE    26F3H     000FH     UNIT         ?PR?LED_CTL_INIT?LED
            CODE    2702H     000DH     UNIT         ?PR?LED_YELLOW_ON?LED
            CODE    270FH     000DH     UNIT         ?PR?LED_WHITE_ON?LED
            CODE    271CH     000BH     UNIT         ?PR?_DELAY?SYSTEM
            CODE    2727H     0009H     UNIT         ?PR?_PWM_SET_CHANNEL_0_DUTY?PWM
            CODE    2730H     0009H     UNIT         ?PR?_PWM_SET_CHANNEL_1_DUTY?PWM
            CODE    2739H     0009H     UNIT         ?PR?UART0_RXBUFFER_GET_COUNT?UART0
            CODE    2742H     0008H     UNIT         ?PR?_UART0_SENDBYTE?UART0
            CODE    274AH     0008H     UNIT         ?CO?UART_DATA_HANDLE
            CODE    2752H     0008H     UNIT         ?PR?LED_YELLOW_OFF?LED
            CODE    275AH     0008H     UNIT         ?PR?LED_WHITE_OFF?LED
            CODE    2762H     0008H     UNIT         ?PR?BLE_IC_DISABLE_POST?BLUETOOTH_IC_HANDLE
            CODE    276AH     0007H     UNIT         ?PR?UART0
            CODE    2771H     0003H     UNIT         ?PR?CHARGE_DET_TIME_ADD?CHARGE_DET



OVERLAY MAP OF MODULE:   .\Release\Objects\Demo (?C_STARTUP)


SEGMENT                                            XDATA_GROUP
  +--> CALLED SEGMENT                            START    LENGTH
----------------------------------------------------------------
?C_C51STARTUP                                    -----    -----
  +--> ?PR?MAIN?MAIN
  +--> ?C_INITSEG

?PR?MAIN?MAIN                                    -----    -----
  +--> ?PR?SYSTEM_INIT?SYSTEM
  +--> ?PR?USER_INIT?MAIN
  +--> ?PR?_DELAY_MS?SYSTEM
  +--> ?PR?_KEY_DRIVER_SCAN?KEY_DRIVER
  +--> ?PR?AD_KEY_HANDLE?AD_KEY
  +--> ?PR?UART_DATA_HANDLE?UART_DATA_HANDLE
  +--> ?PR?CHARGE_DET?CHARGE_DET
  +--> ?PR?BAT_SCAN?BAT_SCAN
  +--> ?PR?BATTERY_MONITOR_HANDLE?BATTERY_MO...
  +--> ?PR?LOW_POWER_HANDLE?LOW_POWER

?PR?SYSTEM_INIT?SYSTEM                           -----    -----
  +--> ?PR?_DELAY?SYSTEM
  +--> ?PR?_DELAY_MS?SYSTEM

?PR?_DELAY_MS?SYSTEM                             -----    -----
  +--> ?PR?_DELAY?SYSTEM

?PR?USER_INIT?MAIN                               -----    -----
BL51 BANKED LINKER/LOCATER V6.22.4.0                                                  07/13/2026  17:26:45  PAGE 5


  +--> ?PR?ADC_PIN_INIT?ADC
  +--> ?PR?ADC_INIT?ADC
  +--> ?PR?LED_INIT?LED
  +--> ?PR?UART0_INIT?UART0
  +--> ?PR?PWM_INIT?PWM
  +--> ?PR?BLUETOOTH_IC_HANDLE_INIT?BLUETOOT...
  +--> ?PR?UART_RECEIVER_RESET?UART_DATA_HANDLE
  +--> ?PR?LED_CTL_INIT?LED
  +--> ?PR?CHARGE_DET_INIT?CHARGE_DET
  +--> ?PR?TIMER0_INIT?TIMER0
  +--> ?PR?TIMER1_INIT?TIMER1

?PR?ADC_INIT?ADC                                 -----    -----
  +--> ?PR?_DELAY_MS?SYSTEM

?PR?LED_INIT?LED                                 -----    -----
  +--> ?PR?LED

?PR?PWM_INIT?PWM                                 -----    -----
  +--> ?PR?PWM

?PR?_KEY_DRIVER_SCAN?KEY_DRIVER                  6145H    0002H
  +--> ?PR?KEY_DRIVER

?PR?AD_KEY_HANDLE?AD_KEY                         6145H    0001H
  +--> ?PR?_AD_KEY_GET_EVENT?AD_KEY
  +--> ?PR?LED_STATUS_SWITCH?LED
  +--> ?PR?_UART_DATA_SEND_CMD?UART_DATA_HANDLE
  +--> ?PR?BLE_IC_DISABLE_PRE?BLUETOOTH_IC_H...
  +--> ?PR?BLE_IC_ENABLE?BLUETOOTH_IC_HANDLE

?PR?_AD_KEY_GET_EVENT?AD_KEY                     -----    -----
  +--> ?PR?AD_KEY

?PR?LED_STATUS_SWITCH?LED                        -----    -----
  +--> ?PR?_LED_STATUS_SET?LED

?PR?_LED_STATUS_SET?LED                          6146H    0001H
  +--> ?PR?LED_YELLOW_OFF?LED
  +--> ?PR?LED_WHITE_OFF?LED
  +--> ?PR?LED_WHITE_ON?LED
  +--> ?PR?LED_YELLOW_ON?LED

?PR?LED_WHITE_ON?LED                             -----    -----
  +--> ?PR?_PWM_SET_CHANNEL_1_DUTY?PWM

?PR?_PWM_SET_CHANNEL_1_DUTY?PWM                  -----    -----
  +--> ?PR?PWM

?PR?LED_YELLOW_ON?LED                            -----    -----
  +--> ?PR?_PWM_SET_CHANNEL_0_DUTY?PWM

?PR?_PWM_SET_CHANNEL_0_DUTY?PWM                  -----    -----
  +--> ?PR?PWM

?PR?_UART_DATA_SEND_CMD?UART_DATA_HANDLE         6146H    0009H
  +--> ?CO?UART_DATA_HANDLE
BL51 BANKED LINKER/LOCATER V6.22.4.0                                                  07/13/2026  17:26:45  PAGE 6


  +--> ?PR?_UART0_SENDBUF?UART0

?PR?_UART0_SENDBUF?UART0                         614FH    0003H
  +--> ?PR?_UART0_SENDBYTE?UART0

?PR?BLE_IC_DISABLE_PRE?BLUETOOTH_IC_H...         -----    -----
  +--> ?PR?_UART_DATA_SEND_CMD?UART_DATA_HANDLE

?PR?BLE_IC_ENABLE?BLUETOOTH_IC_HANDLE            -----    -----
  +--> ?PR?_DELAY_MS?SYSTEM
  +--> ?PR?_UART_DATA_SEND_CMD?UART_DATA_HANDLE

?PR?UART_DATA_HANDLE?UART_DATA_HANDLE            -----    -----
  +--> ?PR?UART_RECEIVER_RESET?UART_DATA_HANDLE
  +--> ?PR?UART_RECEIVER_TIMEOUT_HANDLER?UAR...
  +--> ?PR?UART0_RXBUFFER_GET_COUNT?UART0
  +--> ?PR?UART0_RXBUFFER_GET_BYTE?UART0
  +--> ?PR?_UART_RECEIVER_PROCESS_BYTE?UART_...
  +--> ?PR?BLE_IC_DISABLE_POST?BLUETOOTH_IC_...

?PR?UART_RECEIVER_TIMEOUT_HANDLER?UAR...         -----    -----
  +--> ?PR?UART_RECEIVER_RESET?UART_DATA_HANDLE

?PR?UART0_RXBUFFER_GET_BYTE?UART0                -----    -----
  +--> ?PR?UART0

?PR?_UART_RECEIVER_PROCESS_BYTE?UART_...         -----    -----
  +--> ?PR?UART_DATA_HANDLE
  +--> ?PR?UART_RECEIVER_PROCESS_CHECKSUM?UA...

?PR?CHARGE_DET?CHARGE_DET                        6145H    0002H
  +--> ?PR?_ADC_GET_UPDATE_FLAG?ADC
  +--> ?PR?_ADC_CLEAR_UPDATE_FLAG?ADC
  +--> ?PR?_ADC_GET_VAL?ADC
  +--> ?PR?CHARGE_DET

?PR?BAT_SCAN?BAT_SCAN                            -----    -----
  +--> ?PR?_BAT_VOL_HISTORY_BUFF_ADD?BAT_SCAN
  +--> ?PR?BAT_VOL_HISTORY_BUFF_GET_AVG?BAT_...

?PR?_BAT_VOL_HISTORY_BUFF_ADD?BAT_SCAN           -----    -----
  +--> ?PR?BAT_SCAN

?PR?BAT_VOL_HISTORY_BUFF_GET_AVG?BAT_...         6145H    0005H
  +--> ?PR?BAT_SCAN

?PR?BATTERY_MONITOR_HANDLE?BATTERY_MO...         -----    -----
  +--> ?PR?_LED_STATUS_SET?LED
  +--> ?PR?_UART_DATA_SEND_CMD?UART_DATA_HANDLE
  +--> ?PR?_DELAY_MS?SYSTEM
  +--> ?PR?BLE_IC_DISABLE_PRE?BLUETOOTH_IC_H...
  +--> ?PR?BLE_IC_ENABLE?BLUETOOTH_IC_HANDLE

?PR?LOW_POWER_HANDLE?LOW_POWER                   6145H    0005H
  +--> ?PR?LOW_POWER
  +--> ?PR?LOW_POWER_IN?LOW_POWER
  +--> ?PR?LOW_POWER_OUT?LOW_POWER
BL51 BANKED LINKER/LOCATER V6.22.4.0                                                  07/13/2026  17:26:45  PAGE 7


  +--> ?PR?ADC_PIN_INIT?ADC
  +--> ?PR?ADC_INIT_WHEN_LOW_PWR_OUT?ADC
  +--> ?PR?_ADC_CHANNEL_SEL?ADC
  +--> ?PR?_DELAY_MS?SYSTEM
  +--> ?PR?ADC_GET_VAL_ONCE?ADC
  +--> ?PR?_GET_BATTERY_VOLTAGE_BY_ADC?BAT_SCAN
  +--> ?PR?_BAT_CHARGE_TIME_CNT_UPDATE?BATTE...
  +--> ?PR?_BAT_DISCHARGE_TIME_CNT_UPDATE?BA...
  +--> ?PR?_BAT_VOL_HISTORY_BUFF_INIT?BAT_SCAN
  +--> ?PR?USER_INIT?MAIN

?PR?LOW_POWER_IN?LOW_POWER                       -----    -----
  +--> ?PR?_DELAY_MS?SYSTEM

?PR?ADC_GET_VAL_ONCE?ADC                         -----    -----
  +--> ?PR?ADC

?PR?ADC                                          -----    -----
  +--> ?PR?_ADC_CHANNEL_SEL?ADC

?PR?_BAT_CHARGE_TIME_CNT_UPDATE?BATTE...         -----    -----
  +--> ?PR?BATTERY_MONITOR

?PR?_BAT_DISCHARGE_TIME_CNT_UPDATE?BA...         -----    -----
  +--> ?PR?BATTERY_MONITOR

?PR?_BAT_VOL_HISTORY_BUFF_INIT?BAT_SCAN          -----    -----
  +--> ?PR?BAT_SCAN

?C_INITSEG                                       -----    -----
  +--> ?PR?AD_KEY_GET_KEY_VAL?AD_KEY

?PR?AD_KEY_GET_KEY_VAL?AD_KEY                    6145H    0001H
  +--> ?PR?_ADC_GET_UPDATE_FLAG?ADC
  +--> ?PR?_ADC_CLEAR_UPDATE_FLAG?ADC
  +--> ?PR?_ADC_GET_VAL?ADC
  +--> ?PR?_AD_KEY_VAL_TO_AD_KEY_INDEX?AD_KEY

?PR?_AD_KEY_VAL_TO_AD_KEY_INDEX?AD_KEY           6146H    0002H

*** NEW ROOT ***************************************************

?PR?ADC_IRQHANDLER?ADC                           6152H    0002H
  +--> ?PR?ADC
  +--> ?PR?_ADC_UPDATE_VAL?ADC
  +--> ?PR?BATTERY_VOLTAGE_UPDATE_BY_ISR?BAT...

?PR?BATTERY_VOLTAGE_UPDATE_BY_ISR?BAT...         6154H    0004H
  +--> ?PR?_ADC_GET_UPDATE_FLAG?ADC
  +--> ?PR?_ADC_CLEAR_UPDATE_FLAG?ADC
  +--> ?PR?_ADC_GET_VAL?ADC
  +--> ?PR?_GET_BATTERY_VOLTAGE_BY_ADC?BAT_SCAN
  +--> ?PR?BAT_SCAN
  +--> ?PR?_BAT_VOL_HISTORY_BUFF_INIT?BAT_SCAN
  +--> ?PR?_BAT_CHARGE_TIME_CNT_UPDATE?BATTE...
  +--> ?PR?_BAT_DISCHARGE_TIME_CNT_UPDATE?BA...
  +--> ?PR?_LED_BAT_LEV_STA_INIT?LED
BL51 BANKED LINKER/LOCATER V6.22.4.0                                                  07/13/2026  17:26:45  PAGE 8



*** NEW ROOT ***************************************************

?PR?TIMR0_IRQHANDLER?TIMER0                      -----    -----
  +--> ?PR?ADC_SCAN?ADC
  +--> ?PR?CHARGE_DET_TIME_ADD?CHARGE_DET
  +--> ?PR?UART_RECEIVER_TIMEOUT_ADD?UART_DA...
  +--> ?PR?BAT_VOL_UPDATE_TIMER_CALLBACK?BAT...
  +--> ?PR?BAT_VOL_BUFF_ADD_TIMER_CALLBACK?B...
  +--> ?PR?BAT_VOL_BUFF_GET_AVG_TIMER_CALLBA...
  +--> ?PR?LED_SLOW_ADJUST_ISR?LED
  +--> ?PR?LED_RED_BLUE_FLASH_1MS_ISR?LED
  +--> ?PR?LED_BAT_INSTRUCTION_TIMER_CALLBAC...
  +--> ?PR?LOW_POWER_ENTER_TIMER_CALLBACK?LO...
  +--> ?PR?SEND_LOW_BAT_TIMER_CALLBACK?BATTE...

?PR?ADC_SCAN?ADC                                 -----    -----
  +--> ?PR?ADC

?PR?BAT_VOL_BUFF_ADD_TIMER_CALLBACK?B...         -----    -----
  +--> ?PR?BAT_SCAN

?PR?BAT_VOL_BUFF_GET_AVG_TIMER_CALLBA...         -----    -----
  +--> ?PR?BAT_SCAN

?PR?LED_SLOW_ADJUST_ISR?LED                      -----    -----
  +--> ?PR?LED
  +--> ?PR?_PWM_SET_CHANNEL_0_DUTY?PWM
  +--> ?PR?_PWM_SET_CHANNEL_1_DUTY?PWM

?PR?LED_RED_BLUE_FLASH_1MS_ISR?LED               6158H    0002H
  +--> ?PR?LED

?PR?LED_BAT_INSTRUCTION_TIMER_CALLBAC...         6158H    0001H
  +--> ?PR?LED

?PR?LOW_POWER_ENTER_TIMER_CALLBACK?LO...         -----    -----
  +--> ?PR?IS_LOW_POWER_CONDITION_ESTABLISH?...
  +--> ?PR?LOW_POWER

?PR?SEND_LOW_BAT_TIMER_CALLBACK?BATTE...         -----    -----
  +--> ?PR?BATTERY_MONITOR

*** NEW ROOT ***************************************************

?PR?TIMR1_IRQHANDLER?TIMER1                      -----    -----
  +--> ?PR?DETECT_1KHZ_SIGNAL_100US?CHARGE_DET
  +--> ?PR?DETECT_DISCHARGE_1KHZ_SIGNAL_100U...

?PR?DETECT_1KHZ_SIGNAL_100US?CHARGE_DET          615AH    0001H
  +--> ?PR?CHARGE_DET

?PR?DETECT_DISCHARGE_1KHZ_SIGNAL_100U...         615AH    0001H
  +--> ?PR?CHARGE_DET

*** NEW ROOT ***************************************************

BL51 BANKED LINKER/LOCATER V6.22.4.0                                                  07/13/2026  17:26:45  PAGE 9


?PR?UART0_IRQHANDLER?UART0                       615BH    0001H
  +--> ?PR?_UART0_RXBUFFER_PUT_BYTE?UART0

?PR?_UART0_RXBUFFER_PUT_BYTE?UART0               -----    -----
  +--> ?PR?UART0



SYMBOL TABLE OF MODULE:  .\Release\Objects\Demo (?C_STARTUP)

  VALUE           TYPE          NAME
  ----------------------------------

  -------         MODULE        ?C_STARTUP
  C:18D3H         SEGMENT       ?C_C51STARTUP
  I:0021H         SEGMENT       ?STACK
  C:0000H         PUBLIC        ?C_STARTUP
  D:00E0H         SYMBOL        ACC
  D:00F0H         SYMBOL        B
  D:0083H         SYMBOL        DPH
  D:0082H         SYMBOL        DPL
  N:0000H         SYMBOL        IBPSTACK
  N:0100H         SYMBOL        IBPSTACKTOP
  N:0080H         SYMBOL        IDATALEN
  C:18D6H         SYMBOL        IDATALOOP
  N:0000H         SYMBOL        PBPSTACK
  N:0100H         SYMBOL        PBPSTACKTOP
  N:0000H         SYMBOL        PDATALEN
  N:0000H         SYMBOL        PDATASTART
  N:0000H         SYMBOL        PPAGE
  N:0000H         SYMBOL        PPAGEENABLE
  D:00A0H         SYMBOL        PPAGE_SFR
  D:0081H         SYMBOL        SP
  C:18D3H         SYMBOL        STARTUP1
  N:0000H         SYMBOL        XBPSTACK
  N:0000H         SYMBOL        XBPSTACKTOP
  N:0000H         SYMBOL        XDATALEN
  N:0000H         SYMBOL        XDATASTART
  C:0000H         LINE#         126
  C:18D3H         LINE#         133
  C:18D5H         LINE#         134
  C:18D6H         LINE#         135
  C:18D7H         LINE#         136
  C:18D9H         LINE#         185
  C:18DCH         LINE#         196
  -------         ENDMOD        ?C_STARTUP

  -------         MODULE        SYSTEM
  C:0000H         SYMBOL        _ICE_DUMMY_
  D:00A7H         PUBLIC        FLASH_TIMEREG0
  D:00ACH         PUBLIC        FLASH_TIMEREG1
  C:271CH         PUBLIC        _delay
  C:25DAH         PUBLIC        _delay_ms
  C:1606H         PUBLIC        system_init
  -------         PROC          _DELAY
  D:0006H         SYMBOL        cnt
  C:271CH         LINE#         37
BL51 BANKED LINKER/LOCATER V6.22.4.0                                                  07/13/2026  17:26:45  PAGE 10


  C:271CH         LINE#         38
  C:271CH         LINE#         39
  C:2726H         LINE#         40
  C:2726H         LINE#         41
  C:2726H         LINE#         42
  -------         ENDPROC       _DELAY
  -------         PROC          _DELAY_MS
  D:0002H         SYMBOL        ms
  C:25DAH         LINE#         49
  C:25DEH         LINE#         50
  C:25DEH         LINE#         51
  C:25E8H         LINE#         52
  C:25E8H         LINE#         53
  C:25EFH         LINE#         54
  C:25F1H         LINE#         55
  -------         ENDPROC       _DELAY_MS
  -------         PROC          SYSTEM_INIT
  -------         DO            
  D:0007H         SYMBOL        i
  -------         ENDDO         
  C:1606H         LINE#         62
  C:1606H         LINE#         63
  C:1606H         LINE#         66
  C:160DH         LINE#         67
  C:161AH         LINE#         68
  C:161DH         LINE#         69
  C:1620H         LINE#         70
  C:1626H         LINE#         71
  C:162CH         LINE#         72
  C:1632H         LINE#         76
  C:1634H         LINE#         77
  C:1634H         LINE#         78
  C:1641H         LINE#         79
  C:1646H         LINE#         81
  C:16D4H         LINE#         82
  -------         ENDPROC       SYSTEM_INIT
  -------         ENDMOD        SYSTEM

  -------         MODULE        ADC
  C:0000H         SYMBOL        _ICE_DUMMY_
  D:00A8H         PUBLIC        IE0
  D:00A9H         PUBLIC        IE1
  D:00AAH         PUBLIC        IE2
  D:00ABH         PUBLIC        IE3
  B:00A8H.7       PUBLIC        IE_EA
  D:00B8H         PUBLIC        IP0
  D:00B1H         PUBLIC        IP1
  D:00B2H         PUBLIC        IP2
  D:00B3H         PUBLIC        IP3
  D:00B4H         PUBLIC        IP4
  D:00B5H         PUBLIC        IP5
  D:00B6H         PUBLIC        IP6
  D:00B7H         PUBLIC        IP7
  D:0093H         PUBLIC        ADC_DATAH0
  D:0094H         PUBLIC        ADC_DATAL0
  D:0099H         PUBLIC        ADC_CHS0
  X:6170H         PUBLIC        cur_adc_status
BL51 BANKED LINKER/LOCATER V6.22.4.0                                                  07/13/2026  17:26:45  PAGE 11


  C:26C3H         PUBLIC        adc_pin_init
  C:24C9H         PUBLIC        adc_init
  C:1D45H         PUBLIC        adc_scan
  C:269FH         PUBLIC        adc_init_when_low_pwr_out
  C:212FH         PUBLIC        _adc_update_val
  C:235BH         PUBLIC        _adc_get_val
  C:245DH         PUBLIC        _adc_get_update_flag
  C:0024H         PUBLIC        _adc_clear_update_flag
  C:1EF4H         PUBLIC        _adc_channel_sel
  C:260AH         PUBLIC        adc_get_val_once
  X:6171H         SYMBOL        adc_adkey_val
  B:0020H.0       SYMBOL        flag_is_adkey_val_update
  X:6173H         SYMBOL        adc_bat_det_val
  B:0020H.1       SYMBOL        flag_is_adc_bat_det_val_update
  X:6175H         SYMBOL        adc_solar_det_val
  B:0020H.2       SYMBOL        flag_is_adc_solar_det_val_update
  X:6177H         SYMBOL        adc_type_c_det_val
  B:0020H.3       SYMBOL        flag_is_adc_type_c_det_val_update
  C:1A74H         PUBLIC        ADC_IRQHandler
  C:2389H         SYMBOL        Com0067
  C:2389H         SYMBOL        L?0104
  C:2389H         SYMBOL        L?0105
  C:2393H         SYMBOL        L?0106
  C:2393H         SYMBOL        L?0107
  C:239CH         SYMBOL        L?0108
  C:239CH         SYMBOL        L?0109
  C:23A3H         SYMBOL        L?0110
  C:23ADH         SYMBOL        L?0111
  -------         PROC          COM0067
  -------         ENDPROC       COM0067
  -------         PROC          ADC_PIN_INIT
  C:26C3H         LINE#         26
  C:26C3H         LINE#         27
  C:26C3H         LINE#         29
  C:26C9H         LINE#         32
  C:26CFH         LINE#         35
  C:26D3H         LINE#         36
  -------         ENDPROC       ADC_PIN_INIT
  -------         PROC          ADC_INIT
  C:24C9H         LINE#         38
  C:24C9H         LINE#         39
  C:24C9H         LINE#         40
  C:24CEH         LINE#         42
  C:24D4H         LINE#         46
  C:24D7H         LINE#         47
  C:24D9H         LINE#         49
  C:24DFH         LINE#         51
  C:24E4H         LINE#         54
  -------         ENDPROC       ADC_INIT
  -------         PROC          _ADC_UPDATE_VAL
  D:0007H         SYMBOL        adc_channel
  D:0004H         SYMBOL        adc_val
  C:212FH         LINE#         63
  C:212FH         LINE#         64
  C:212FH         LINE#         65
  C:213EH         LINE#         66
  C:213EH         LINE#         67
BL51 BANKED LINKER/LOCATER V6.22.4.0                                                  07/13/2026  17:26:45  PAGE 12


  C:213EH         LINE#         68
  C:2146H         LINE#         69
  C:2148H         LINE#         70
  C:2149H         LINE#         71
  C:2149H         LINE#         72
  C:2151H         LINE#         73
  C:2153H         LINE#         74
  C:2154H         LINE#         75
  C:2154H         LINE#         76
  C:215CH         LINE#         77
  C:215EH         LINE#         78
  C:215FH         LINE#         79
  C:215FH         LINE#         80
  C:2169H         LINE#         81
  C:216BH         LINE#         82
  C:216BH         LINE#         83
  C:216BH         LINE#         84
  -------         ENDPROC       _ADC_UPDATE_VAL
  -------         PROC          _ADC_GET_VAL
  D:0007H         SYMBOL        adc_channel
  -------         DO            
  D:0004H         SYMBOL        ret
  -------         ENDDO         
  C:235BH         LINE#         86
  C:235BH         LINE#         87
  C:235BH         LINE#         88
  C:235EH         LINE#         89
  C:236DH         LINE#         90
  C:236DH         LINE#         91
  C:236DH         LINE#         92
  C:2370H         LINE#         93
  C:2372H         LINE#         94
  C:2372H         LINE#         95
  C:2375H         LINE#         96
  C:2377H         LINE#         97
  C:2377H         LINE#         98
  C:237AH         LINE#         99
  C:237CH         LINE#         100
  C:237CH         LINE#         101
  C:2384H         LINE#         102
  C:2384H         LINE#         104
  C:2384H         LINE#         105
  C:2384H         LINE#         106
  C:2384H         LINE#         108
  C:2388H         LINE#         109
  -------         ENDPROC       _ADC_GET_VAL
  -------         PROC          _ADC_GET_UPDATE_FLAG
  D:0007H         SYMBOL        adc_channel
  -------         DO            
  D:0006H         SYMBOL        ret
  -------         ENDDO         
  C:245DH         LINE#         112
  C:245DH         LINE#         113
  C:245DH         LINE#         114
  C:245FH         LINE#         115
  C:246EH         LINE#         116
  C:246EH         LINE#         117
BL51 BANKED LINKER/LOCATER V6.22.4.0                                                  07/13/2026  17:26:45  PAGE 13


  C:246EH         LINE#         118
  C:2470H         LINE#         119
  C:2472H         LINE#         120
  C:2472H         LINE#         121
  C:2474H         LINE#         122
  C:2476H         LINE#         123
  C:2476H         LINE#         124
  C:2478H         LINE#         125
  C:247AH         LINE#         126
  C:247AH         LINE#         127
  C:247FH         LINE#         128
  C:247FH         LINE#         130
  C:247FH         LINE#         131
  C:247FH         LINE#         132
  C:247FH         LINE#         134
  C:2481H         LINE#         135
  -------         ENDPROC       _ADC_GET_UPDATE_FLAG
  -------         PROC          _ADC_CLEAR_UPDATE_FLAG
  D:0007H         SYMBOL        adc_channel
  C:0024H         LINE#         138
  C:0024H         LINE#         139
  C:0024H         LINE#         140
  C:0033H         LINE#         141
  C:0033H         LINE#         142
  C:0033H         LINE#         143
  C:0035H         LINE#         144
  C:0036H         LINE#         145
  C:0036H         LINE#         146
  C:0038H         LINE#         147
  C:0039H         LINE#         148
  C:0039H         LINE#         149
  C:003BH         LINE#         150
  C:003CH         LINE#         151
  C:003CH         LINE#         152
  C:003EH         LINE#         153
  C:003EH         LINE#         155
  C:003EH         LINE#         156
  C:003EH         LINE#         157
  C:003EH         LINE#         158
  -------         ENDPROC       _ADC_CLEAR_UPDATE_FLAG
  -------         PROC          _ADC_CHANNEL_SEL
  D:0007H         SYMBOL        adc_channel
  C:1EF4H         LINE#         160
  C:1EF4H         LINE#         161
  C:1EF4H         LINE#         162
  C:1EFBH         LINE#         166
  C:1F0AH         LINE#         167
  C:1F0AH         LINE#         168
  C:1F0AH         LINE#         170
  C:1F11H         LINE#         172
  C:1F14H         LINE#         173
  C:1F16H         LINE#         174
  C:1F16H         LINE#         175
  C:1F1DH         LINE#         178
  C:1F20H         LINE#         180
  C:1F22H         LINE#         181
  C:1F22H         LINE#         185
BL51 BANKED LINKER/LOCATER V6.22.4.0                                                  07/13/2026  17:26:45  PAGE 14


  C:1F29H         LINE#         188
  C:1F2CH         LINE#         189
  C:1F2EH         LINE#         191
  C:1F2EH         LINE#         192
  C:1F35H         LINE#         195
  C:1F38H         LINE#         196
  C:1F38H         LINE#         198
  C:1F38H         LINE#         199
  C:1F38H         LINE#         200
  C:1F38H         LINE#         202
  C:1F3EH         LINE#         204
  -------         ENDPROC       _ADC_CHANNEL_SEL
  -------         PROC          ADC_INIT_WHEN_LOW_PWR_OUT
  C:269FH         LINE#         207
  C:269FH         LINE#         208
  C:269FH         LINE#         209
  C:26A5H         LINE#         212
  C:26ABH         LINE#         213
  C:26B0H         LINE#         215
  -------         ENDPROC       ADC_INIT_WHEN_LOW_PWR_OUT
  -------         PROC          ADC_GET_VAL_ONCE
  C:260AH         LINE#         218
  C:260AH         LINE#         219
  C:260AH         LINE#         220
  C:2610H         LINE#         221
  C:2616H         LINE#         223
  C:2618H         LINE#         224
  C:2620H         LINE#         225
  -------         ENDPROC       ADC_GET_VAL_ONCE
  -------         PROC          ADC_SCAN
  C:1D45H         LINE#         228
  C:1D45H         LINE#         229
  C:1D45H         LINE#         231
  C:1D6BH         LINE#         232
  C:1D6BH         LINE#         233
  C:1D6BH         LINE#         235
  C:1D6BH         LINE#         236
  C:1D6DH         LINE#         237
  C:1D73H         LINE#         238
  C:1D74H         LINE#         239
  C:1D74H         LINE#         241
  C:1D74H         LINE#         242
  C:1D7AH         LINE#         243
  C:1D7BH         LINE#         244
  C:1D7BH         LINE#         245
  C:1D7DH         LINE#         246
  C:1D83H         LINE#         247
  C:1D84H         LINE#         248
  C:1D84H         LINE#         253
  C:1D84H         LINE#         254
  C:1D8AH         LINE#         255
  C:1D8BH         LINE#         256
  C:1D8BH         LINE#         257
  C:1D8DH         LINE#         258
  C:1D93H         LINE#         259
  C:1D94H         LINE#         260
  C:1D94H         LINE#         261
BL51 BANKED LINKER/LOCATER V6.22.4.0                                                  07/13/2026  17:26:45  PAGE 15


  C:1D94H         LINE#         262
  C:1D9AH         LINE#         263
  C:1D9BH         LINE#         264
  C:1D9BH         LINE#         265
  C:1D9DH         LINE#         266
  C:1DA3H         LINE#         267
  C:1DA4H         LINE#         268
  C:1DA4H         LINE#         269
  C:1DA4H         LINE#         270
  C:1DAAH         LINE#         271
  C:1DAAH         LINE#         273
  C:1DAAH         LINE#         274
  C:1DAAH         LINE#         275
  C:1DAAH         LINE#         276
  -------         ENDPROC       ADC_SCAN
  -------         PROC          ADC_IRQHANDLER
  -------         DO            
  X:6152H         SYMBOL        adc_val
  -------         ENDDO         
  C:1A74H         LINE#         278
  C:1A91H         LINE#         283
  C:1A91H         LINE#         287
  C:1A97H         LINE#         288
  C:1A97H         LINE#         289
  C:1A9AH         LINE#         290
  C:1AA9H         LINE#         292
  C:1ABDH         LINE#         293
  C:1ABDH         LINE#         294
  C:1ABDH         LINE#         295
  C:1AC2H         LINE#         296
  C:1AC4H         LINE#         297
  C:1AC4H         LINE#         298
  C:1ACCH         LINE#         303
  C:1ACFH         LINE#         304
  C:1AD1H         LINE#         305
  C:1AD1H         LINE#         306
  C:1AD6H         LINE#         307
  C:1AD8H         LINE#         308
  C:1AD8H         LINE#         309
  C:1AE0H         LINE#         310
  C:1AE0H         LINE#         312
  C:1AE0H         LINE#         313
  C:1AE0H         LINE#         314
  C:1AE0H         LINE#         315
  C:1AE0H         LINE#         318
  C:1AE0H         LINE#         319
  -------         ENDPROC       ADC_IRQHANDLER
  -------         ENDMOD        ADC

  -------         MODULE        PWM
  C:0000H         SYMBOL        _ICE_DUMMY_
  B:00A0H.7       PUBLIC        P27
  B:00B0H.0       PUBLIC        P30
  C:195FH         PUBLIC        pwm_init
  C:2727H         PUBLIC        _pwm_set_channel_0_duty
  C:2730H         PUBLIC        _pwm_set_channel_1_duty
  C:2638H         SYMBOL        Com0004
BL51 BANKED LINKER/LOCATER V6.22.4.0                                                  07/13/2026  17:26:45  PAGE 16


  C:2638H         SYMBOL        L?0005
  C:2643H         SYMBOL        L?0006
  -------         PROC          COM0004
  -------         ENDPROC       COM0004
  -------         PROC          PWM_INIT
  C:195FH         LINE#         3
  C:195FH         LINE#         4
  C:195FH         LINE#         6
  C:1965H         LINE#         7
  C:1969H         LINE#         9
  C:196BH         LINE#         10
  C:1970H         LINE#         13
  C:1976H         LINE#         14
  C:197AH         LINE#         16
  C:197CH         LINE#         17
  C:1981H         LINE#         21
  C:1987H         LINE#         22
  C:198CH         LINE#         23
  C:1991H         LINE#         24
  C:1995H         LINE#         25
  C:1997H         LINE#         26
  C:1997H         LINE#         27
  C:1997H         LINE#         29
  C:199DH         LINE#         30
  C:19A3H         LINE#         31
  C:19A9H         LINE#         32
  C:19AFH         LINE#         33
  C:19B5H         LINE#         37
  C:19BBH         LINE#         38
  C:19C0H         LINE#         39
  C:19C5H         LINE#         40
  C:19C9H         LINE#         41
  C:19CBH         LINE#         42
  C:19CBH         LINE#         43
  C:19CBH         LINE#         45
  C:19D1H         LINE#         46
  C:19D7H         LINE#         47
  C:19DDH         LINE#         48
  C:19E3H         LINE#         49
  C:19E9H         LINE#         50
  -------         ENDPROC       PWM_INIT
  -------         PROC          _PWM_SET_CHANNEL_0_DUTY
  D:0004H         SYMBOL        channel_duty
  C:2727H         LINE#         53
  C:2727H         LINE#         54
  C:2727H         LINE#         55
  C:2729H         LINE#         56
  C:2729H         LINE#         57
  C:272FH         LINE#         58
  -------         ENDPROC       _PWM_SET_CHANNEL_0_DUTY
  -------         PROC          _PWM_SET_CHANNEL_1_DUTY
  D:0004H         SYMBOL        channel_duty
  C:2730H         LINE#         61
  C:2730H         LINE#         62
  C:2730H         LINE#         63
  C:2732H         LINE#         64
  C:2732H         LINE#         65
BL51 BANKED LINKER/LOCATER V6.22.4.0                                                  07/13/2026  17:26:45  PAGE 17


  C:2738H         LINE#         66
  -------         ENDPROC       _PWM_SET_CHANNEL_1_DUTY
  -------         ENDMOD        PWM

  -------         MODULE        TIMER0
  C:0000H         SYMBOL        _ICE_DUMMY_
  D:00A8H         PUBLIC        IE0
  D:00A9H         PUBLIC        IE1
  D:00AAH         PUBLIC        IE2
  D:00ABH         PUBLIC        IE3
  B:00A8H.7       PUBLIC        IE_EA
  D:00B8H         PUBLIC        IP0
  D:00B1H         PUBLIC        IP1
  D:00B2H         PUBLIC        IP2
  D:00B3H         PUBLIC        IP3
  D:00B4H         PUBLIC        IP4
  D:00B5H         PUBLIC        IP5
  D:00B6H         PUBLIC        IP6
  D:00B7H         PUBLIC        IP7
  D:00D1H         PUBLIC        TMR_ALLCON
  C:2571H         PUBLIC        timer0_init
  C:1CDCH         PUBLIC        TIMR0_IRQHandler
  -------         PROC          TIMER0_INIT
  C:2571H         LINE#         11
  C:2571H         LINE#         12
  C:2571H         LINE#         13
  C:2574H         LINE#         14
  C:2576H         LINE#         16
  C:2579H         LINE#         17
  C:257EH         LINE#         18
  C:2582H         LINE#         19
  C:2587H         LINE#         20
  C:258BH         LINE#         21
  -------         ENDPROC       TIMER0_INIT
  -------         PROC          TIMR0_IRQHANDLER
  C:1CDCH         LINE#         25
  C:1CF9H         LINE#         28
  C:1CF9H         LINE#         33
  C:1CFFH         LINE#         34
  C:1CFFH         LINE#         35
  C:1D03H         LINE#         41
  C:1D09H         LINE#         42
  C:1D0CH         LINE#         44
  C:1D0FH         LINE#         45
  C:1D12H         LINE#         47
  C:1D15H         LINE#         48
  C:1D18H         LINE#         49
  C:1D1BH         LINE#         51
  C:1D1EH         LINE#         52
  C:1D21H         LINE#         53
  C:1D24H         LINE#         55
  C:1D27H         LINE#         56
  C:1D2AH         LINE#         63
  C:1D2AH         LINE#         66
  C:1D2AH         LINE#         67
  -------         ENDPROC       TIMR0_IRQHANDLER
  -------         ENDMOD        TIMER0
BL51 BANKED LINKER/LOCATER V6.22.4.0                                                  07/13/2026  17:26:45  PAGE 18



  -------         MODULE        TIMER1
  C:0000H         SYMBOL        _ICE_DUMMY_
  D:00A8H         PUBLIC        IE0
  D:00A9H         PUBLIC        IE1
  D:00AAH         PUBLIC        IE2
  D:00ABH         PUBLIC        IE3
  B:00A8H.7       PUBLIC        IE_EA
  D:00B8H         PUBLIC        IP0
  D:00B1H         PUBLIC        IP1
  D:00B2H         PUBLIC        IP2
  D:00B3H         PUBLIC        IP3
  D:00B4H         PUBLIC        IP4
  D:00B5H         PUBLIC        IP5
  D:00B6H         PUBLIC        IP6
  D:00B7H         PUBLIC        IP7
  D:00D1H         PUBLIC        TMR_ALLCON
  C:258CH         PUBLIC        timer1_init
  C:1FD3H         PUBLIC        TIMR1_IRQHandler
  -------         PROC          TIMER1_INIT
  C:258CH         LINE#         9
  C:258CH         LINE#         10
  C:258CH         LINE#         12
  C:258FH         LINE#         13
  C:2591H         LINE#         15
  C:2594H         LINE#         16
  C:2599H         LINE#         17
  C:259DH         LINE#         18
  C:25A2H         LINE#         19
  C:25A6H         LINE#         23
  -------         ENDPROC       TIMER1_INIT
  -------         PROC          TIMR1_IRQHANDLER
  C:1FD3H         LINE#         27
  C:1FF0H         LINE#         30
  C:1FF0H         LINE#         34
  C:1FF6H         LINE#         35
  C:1FF6H         LINE#         36
  C:1FFAH         LINE#         39
  C:1FFDH         LINE#         40
  C:2000H         LINE#         41
  C:2000H         LINE#         44
  C:2000H         LINE#         45
  -------         ENDPROC       TIMR1_IRQHANDLER
  -------         ENDMOD        TIMER1

  -------         MODULE        UART0
  C:0000H         SYMBOL        _ICE_DUMMY_
  D:00A8H         PUBLIC        IE0
  D:00A9H         PUBLIC        IE1
  D:00AAH         PUBLIC        IE2
  D:00ABH         PUBLIC        IE3
  B:00A8H.7       PUBLIC        IE_EA
  D:00B8H         PUBLIC        IP0
  D:00B1H         PUBLIC        IP1
  D:00B2H         PUBLIC        IP2
  D:00B3H         PUBLIC        IP3
  D:00B4H         PUBLIC        IP4
BL51 BANKED LINKER/LOCATER V6.22.4.0                                                  07/13/2026  17:26:45  PAGE 19


  D:00B5H         PUBLIC        IP5
  D:00B6H         PUBLIC        IP6
  D:00B7H         PUBLIC        IP7
  D:00D2H         PUBLIC        UART0_CON0
  D:00D4H         PUBLIC        UART0_STA
  D:00D5H         PUBLIC        UART0_BAUD0
  D:00D6H         PUBLIC        UART0_BAUD1
  D:00D7H         PUBLIC        UART0_DATA
  C:21E5H         PUBLIC        uart0_init
  C:2742H         PUBLIC        _uart0_sendbyte
  C:24A6H         PUBLIC        _uart0_sendbuf
  C:2739H         PUBLIC        uart0_rxbuffer_get_count
  C:20EDH         PUBLIC        uart0_rxbuffer_get_byte
  X:6000H         PUBLIC        uart0_rx_buffer
  C:201BH         SYMBOL        _uart0_rxbuffer_put_byte
  C:22C5H         PUBLIC        UART0_IRQHandler
  C:276AH         SYMBOL        Com0047
  C:276AH         SYMBOL        L?0072
  C:276AH         SYMBOL        L?0073
  -------         PROC          COM0047
  -------         ENDPROC       COM0047
  -------         PROC          UART0_INIT
  C:21E5H         LINE#         17
  C:21E5H         LINE#         18
  C:21E5H         LINE#         19
  C:21EBH         LINE#         20
  C:21EFH         LINE#         21
  C:21F6H         LINE#         23
  C:21FCH         LINE#         24
  C:2202H         LINE#         25
  C:2208H         LINE#         27
  C:220BH         LINE#         28
  C:220EH         LINE#         29
  C:2211H         LINE#         33
  C:2219H         LINE#         34
  C:221CH         LINE#         35
  C:221EH         LINE#         36
  -------         ENDPROC       UART0_INIT
  -------         PROC          _UART0_SENDBYTE
  D:0007H         SYMBOL        byte
  C:2742H         LINE#         39
  C:2742H         LINE#         40
  C:2742H         LINE#         41
  C:2747H         LINE#         44
  C:2749H         LINE#         48
  -------         ENDPROC       _UART0_SENDBYTE
  -------         PROC          _UART0_SENDBUF
  X:614FH         SYMBOL        buf
  D:0005H         SYMBOL        len
  -------         DO            
  D:0006H         SYMBOL        i
  -------         ENDDO         
  C:24A6H         LINE#         50
  C:24ACH         LINE#         51
  C:24ACH         LINE#         52
  C:24AEH         LINE#         53
  C:24B3H         LINE#         54
BL51 BANKED LINKER/LOCATER V6.22.4.0                                                  07/13/2026  17:26:45  PAGE 20


  C:24B3H         LINE#         55
  C:24C5H         LINE#         56
  C:24C8H         LINE#         57
  -------         ENDPROC       _UART0_SENDBUF
  -------         PROC          UART0_RXBUFFER_GET_COUNT
  C:2739H         LINE#         60
  C:2739H         LINE#         61
  C:2739H         LINE#         62
  C:2741H         LINE#         63
  -------         ENDPROC       UART0_RXBUFFER_GET_COUNT
  -------         PROC          UART0_RXBUFFER_GET_BYTE
  -------         DO            
  D:0007H         SYMBOL        rxbyte
  -------         ENDDO         
  C:20EDH         LINE#         66
  C:20EDH         LINE#         67
  C:20EDH         LINE#         70
  C:20F7H         LINE#         71
  C:20F7H         LINE#         73
  C:20F9H         LINE#         74
  C:20F9H         LINE#         80
  C:20FFH         LINE#         81
  C:210EH         LINE#         82
  C:210EH         LINE#         83
  C:2112H         LINE#         84
  C:2112H         LINE#         85
  C:2124H         LINE#         87
  C:212EH         LINE#         89
  C:212EH         LINE#         90
  -------         ENDPROC       UART0_RXBUFFER_GET_BYTE
  -------         PROC          _UART0_RXBUFFER_PUT_BYTE
  D:0007H         SYMBOL        byte
  C:201BH         LINE#         92
  C:201BH         LINE#         93
  C:201BH         LINE#         100
  C:2021H         LINE#         101
  C:2030H         LINE#         102
  C:2030H         LINE#         103
  C:2034H         LINE#         104
  C:2034H         LINE#         105
  C:2046H         LINE#         107
  C:204CH         LINE#         108
  C:205BH         LINE#         109
  C:205BH         LINE#         110
  C:2061H         LINE#         111
  C:2061H         LINE#         112
  -------         ENDPROC       _UART0_RXBUFFER_PUT_BYTE
  -------         PROC          UART0_IRQHANDLER
  -------         DO            
  X:615BH         SYMBOL        recv_byte
  -------         ENDDO         
  C:22C5H         LINE#         115
  C:22D8H         LINE#         118
  C:22D8H         LINE#         121
  C:22DDH         LINE#         122
  C:22DDH         LINE#         123
  C:22E3H         LINE#         124
BL51 BANKED LINKER/LOCATER V6.22.4.0                                                  07/13/2026  17:26:45  PAGE 21


  C:22E8H         LINE#         127
  C:22E8H         LINE#         129
  C:22E8H         LINE#         130
  -------         ENDPROC       UART0_IRQHANDLER
  -------         ENDMOD        UART0

  -------         MODULE        MAIN
  C:0000H         SYMBOL        _ICE_DUMMY_
  D:00D9H         PUBLIC        WDT_KEY
  C:252FH         PUBLIC        user_init
  C:1E0AH         PUBLIC        main
  -------         PROC          USER_INIT
  C:252FH         LINE#         36
  C:252FH         LINE#         37
  C:252FH         LINE#         38
  C:2532H         LINE#         39
  C:2535H         LINE#         40
  C:2538H         LINE#         41
  C:253BH         LINE#         42
  C:253EH         LINE#         43
  C:2541H         LINE#         45
  C:2544H         LINE#         46
  C:2547H         LINE#         47
  C:254AH         LINE#         50
  C:254DH         LINE#         51
  -------         ENDPROC       USER_INIT
  -------         PROC          MAIN
  C:1E0AH         LINE#         59
  C:1E0AH         LINE#         60
  C:1E0AH         LINE#         62
  C:1E0DH         LINE#         63
  C:1E10H         LINE#         66
  C:1E13H         LINE#         67
  C:1E1AH         LINE#         68
  C:1E1DH         LINE#         71
  C:1E22H         LINE#         72
  C:1E24H         LINE#         73
  C:1E27H         LINE#         74
  C:1E29H         LINE#         75
  C:1E2CH         LINE#         76
  C:1E2EH         LINE#         77
  C:1E31H         LINE#         78
  C:1E33H         LINE#         80
  C:1E36H         LINE#         81
  C:1E3DH         LINE#         83
  C:1E3DH         LINE#         84
  C:1E3DH         LINE#         85
  C:1E46H         LINE#         86
  C:1E49H         LINE#         87
  C:1E4CH         LINE#         88
  C:1E4FH         LINE#         90
  C:1E52H         LINE#         91
  C:1E55H         LINE#         93
  C:1E58H         LINE#         98
  -------         ENDPROC       MAIN
  -------         ENDMOD        MAIN

BL51 BANKED LINKER/LOCATER V6.22.4.0                                                  07/13/2026  17:26:45  PAGE 22


  -------         MODULE        UART_DATA_HANDLE
  C:0000H         SYMBOL        _ICE_DUMMY_
  C:26B1H         PUBLIC        uart_receiver_reset
  C:000FH         PUBLIC        uart_receiver_timeout_add
  C:24EBH         PUBLIC        uart_receiver_process_checksum
  C:1793H         PUBLIC        _uart_receiver_process_byte
  C:2679H         PUBLIC        uart_receiver_timeout_handler
  C:1B7AH         PUBLIC        uart_data_handle
  C:20A8H         PUBLIC        _uart_data_send_cmd
  X:612CH         SYMBOL        uart_receiver
  C:274AH         SYMBOL        _?ix1000
  C:2621H         SYMBOL        Com0038
  C:2621H         SYMBOL        L?0057
  C:2621H         SYMBOL        L?0058
  -------         PROC          COM0038
  -------         ENDPROC       COM0038
  -------         PROC          UART_RECEIVER_RESET
  C:26B1H         LINE#         13
  C:26B1H         LINE#         14
  C:26B1H         LINE#         16
  C:26B6H         LINE#         17
  C:26BAH         LINE#         18
  C:26BEH         LINE#         19
  C:26C2H         LINE#         20
  -------         ENDPROC       UART_RECEIVER_RESET
  -------         PROC          UART_RECEIVER_TIMEOUT_ADD
  C:000FH         LINE#         26
  C:000FH         LINE#         27
  C:000FH         LINE#         28
  C:0015H         LINE#         29
  C:0015H         LINE#         30
  C:001DH         LINE#         31
  C:001DH         LINE#         32
  -------         ENDPROC       UART_RECEIVER_TIMEOUT_ADD
  -------         PROC          UART_RECEIVER_PROCESS_CHECKSUM
  -------         DO            
  D:0006H         SYMBOL        i
  D:0007H         SYMBOL        check_sum
  -------         ENDDO         
  C:24EBH         LINE#         39
  C:24EBH         LINE#         40
  C:24EBH         LINE#         42
  C:24EDH         LINE#         43
  C:24EEH         LINE#         44
  C:24EEH         LINE#         45
  C:24FBH         LINE#         46
  C:2500H         LINE#         48
  C:2507H         LINE#         49
  C:2507H         LINE#         50
  C:250AH         LINE#         51
  C:250AH         LINE#         53
  C:250AH         LINE#         60
  C:250CH         LINE#         61
  C:250CH         LINE#         62
  -------         ENDPROC       UART_RECEIVER_PROCESS_CHECKSUM
  -------         PROC          _UART_RECEIVER_PROCESS_BYTE
  D:0005H         SYMBOL        byte
BL51 BANKED LINKER/LOCATER V6.22.4.0                                                  07/13/2026  17:26:45  PAGE 23


  C:1793H         LINE#         71
  C:1795H         LINE#         72
  C:1795H         LINE#         74
  C:17B8H         LINE#         75
  C:17B8H         LINE#         76
  C:17B8H         LINE#         77
  C:17BCH         LINE#         78
  C:17BCH         LINE#         79
  C:17BCH         LINE#         80
  C:17C1H         LINE#         81
  C:17C4H         LINE#         82
  C:17C4H         LINE#         84
  C:17C4H         LINE#         85
  C:17C7H         LINE#         86
  C:17C7H         LINE#         87
  C:17C7H         LINE#         89
  C:17C7H         LINE#         90
  C:17CBH         LINE#         91
  C:17CBH         LINE#         92
  C:17CBH         LINE#         93
  C:17D0H         LINE#         94
  C:17D3H         LINE#         95
  C:17D3H         LINE#         97
  C:17D3H         LINE#         99
  C:17D6H         LINE#         100
  C:17D6H         LINE#         101
  C:17D6H         LINE#         103
  C:17D6H         LINE#         104
  C:17D9H         LINE#         105
  C:17D9H         LINE#         106
  C:17D9H         LINE#         107
  C:17DEH         LINE#         108
  C:17E1H         LINE#         109
  C:17E1H         LINE#         111
  C:17E1H         LINE#         112
  C:17E4H         LINE#         113
  C:17E4H         LINE#         114
  C:17E4H         LINE#         116
  C:17E4H         LINE#         118
  C:17E4H         LINE#         119
  C:17E9H         LINE#         120
  C:17EBH         LINE#         121
  C:17EBH         LINE#         123
  C:17EBH         LINE#         125
  C:17EBH         LINE#         126
  C:17F0H         LINE#         127
  C:17F2H         LINE#         128
  C:17F2H         LINE#         130
  C:17F2H         LINE#         131
  C:17F5H         LINE#         132
  C:17F5H         LINE#         133
  C:17F5H         LINE#         134
  C:17FAH         LINE#         135
  C:17FCH         LINE#         136
  C:17FCH         LINE#         138
  C:17FCH         LINE#         139
  C:17FFH         LINE#         140
BL51 BANKED LINKER/LOCATER V6.22.4.0                                                  07/13/2026  17:26:45  PAGE 24


  C:17FFH         LINE#         141
  C:17FFH         LINE#         143
  C:17FFH         LINE#         145
  C:17FFH         LINE#         146
  C:1805H         LINE#         147
  C:180BH         LINE#         148
  C:180BH         LINE#         150
  C:180EH         LINE#         151
  C:180EH         LINE#         153
  C:180EH         LINE#         154
  C:1811H         LINE#         155
  C:1811H         LINE#         156
  C:1811H         LINE#         158
  C:1811H         LINE#         159
  C:1815H         LINE#         160
  C:1815H         LINE#         161
  C:1829H         LINE#         162
  C:182FH         LINE#         163
  C:1832H         LINE#         164
  C:1832H         LINE#         166
  C:1832H         LINE#         167
  C:1835H         LINE#         168
  C:1835H         LINE#         169
  C:1835H         LINE#         171
  C:1835H         LINE#         172
  C:1835H         LINE#         173
  C:1835H         LINE#         175
  C:1837H         LINE#         176
  -------         ENDPROC       _UART_RECEIVER_PROCESS_BYTE
  -------         PROC          UART_RECEIVER_TIMEOUT_HANDLER
  C:2679H         LINE#         179
  C:2679H         LINE#         180
  C:2679H         LINE#         185
  C:2688H         LINE#         186
  C:2688H         LINE#         200
  C:268BH         LINE#         201
  C:268BH         LINE#         202
  -------         ENDPROC       UART_RECEIVER_TIMEOUT_HANDLER
  -------         PROC          UART_DATA_HANDLE
  -------         DO            
  D:0004H         SYMBOL        recv_byte
  X:612BH         SYMBOL        initialized
  -------         ENDDO         
  C:1B7AH         LINE#         203
  C:1B7AH         LINE#         204
  C:1B7AH         LINE#         212
  C:1B80H         LINE#         213
  C:1B80H         LINE#         214
  C:1B83H         LINE#         215
  C:1B89H         LINE#         216
  C:1B89H         LINE#         221
  C:1B8FH         LINE#         222
  C:1B8FH         LINE#         223
  C:1B92H         LINE#         224
  C:1B92H         LINE#         233
  C:1B92H         LINE#         234
  C:1B92H         LINE#         235
BL51 BANKED LINKER/LOCATER V6.22.4.0                                                  07/13/2026  17:26:45  PAGE 25


  C:1BA6H         LINE#         238
  C:1BA6H         LINE#         252
  C:1BA6H         LINE#         253
  C:1BA6H         LINE#         255
  C:1BABH         LINE#         258
  C:1BB1H         LINE#         259
  C:1BB6H         LINE#         262
  C:1BBCH         LINE#         263
  C:1BBCH         LINE#         276
  C:1BBFH         LINE#         277
  C:1BBFH         LINE#         278
  C:1BC1H         LINE#         308
  C:1BCDH         LINE#         310
  C:1BCDH         LINE#         312
  C:1BCDH         LINE#         332
  C:1BDDH         LINE#         333
  C:1BDDH         LINE#         334
  C:1BDDH         LINE#         336
  C:1BE2H         LINE#         337
  C:1BE4H         LINE#         338
  C:1BE4H         LINE#         340
  C:1BEAH         LINE#         341
  C:1BECH         LINE#         342
  C:1BECH         LINE#         350
  C:1BEFH         LINE#         351
  C:1BEFH         LINE#         353
  C:1BEFH         LINE#         357
  C:1BEFH         LINE#         358
  C:1BEFH         LINE#         361
  C:1BF2H         LINE#         362
  -------         ENDPROC       UART_DATA_HANDLE
  -------         PROC          _UART_DATA_SEND_CMD
  X:6146H         SYMBOL        cmd
  -------         DO            
  X:6147H         SYMBOL        buf
  -------         ENDDO         
  C:20A8H         LINE#         366
  C:20ADH         LINE#         367
  C:20ADH         LINE#         368
  C:20C0H         LINE#         379
  C:20C9H         LINE#         380
  C:20E2H         LINE#         382
  -------         ENDPROC       _UART_DATA_SEND_CMD
  -------         ENDMOD        UART_DATA_HANDLE

  -------         MODULE        KEY_DRIVER
  C:0000H         SYMBOL        _ICE_DUMMY_
  C:0C17H         PUBLIC        _key_driver_scan
  X:6179H         SYMBOL        is_key_active
  X:617AH         PUBLIC        scan_para
  C:2550H         SYMBOL        Com0021
  C:2550H         SYMBOL        L?0034
  C:2553H         SYMBOL        L?0035
  C:2554H         SYMBOL        L?0036
  C:255AH         SYMBOL        L?0037
  C:255DH         SYMBOL        L?0038
  C:2561H         SYMBOL        L?0039
BL51 BANKED LINKER/LOCATER V6.22.4.0                                                  07/13/2026  17:26:45  PAGE 26


  C:2567H         SYMBOL        L?0040
  C:256AH         SYMBOL        L?0041
  -------         PROC          COM0021
  -------         ENDPROC       COM0021
  -------         PROC          _KEY_DRIVER_SCAN
  D:0001H         SYMBOL        _scan_para
  -------         DO            
  X:6145H         SYMBOL        key_event
  D:0007H         SYMBOL        cur_key_value
  X:6146H         SYMBOL        key_value
  C:0D7FH         SYMBOL        _notify
  C:0D9FH         SYMBOL        _scan_end
  -------         ENDDO         
  C:0C17H         LINE#         17
  C:0C17H         LINE#         19
  C:0C17H         LINE#         24
  C:0C1CH         LINE#         25
  C:0C1EH         LINE#         26
  C:0C22H         LINE#         30
  C:0C28H         LINE#         33
  C:0C3BH         LINE#         34
  C:0C3BH         LINE#         36
  C:0C3BH         LINE#         38
  C:0C45H         LINE#         40
  C:0C4EH         LINE#         46
  C:0C52H         LINE#         47
  C:0C52H         LINE#         48
  C:0C58H         LINE#         49
  C:0C5AH         LINE#         50
  C:0C60H         LINE#         51
  C:0C60H         LINE#         52
  C:0C63H         LINE#         53
  C:0C63H         LINE#         56
  C:0C77H         LINE#         57
  C:0C77H         LINE#         59
  C:0C7EH         LINE#         60
  C:0C84H         LINE#         62
  C:0C84H         LINE#         65
  C:0C95H         LINE#         66
  C:0C95H         LINE#         67
  C:0CA0H         LINE#         69
  C:0CA0H         LINE#         72
  C:0CACH         LINE#         73
  C:0CACH         LINE#         80
  C:0CB0H         LINE#         81
  C:0CB0H         LINE#         82
  C:0CB7H         LINE#         83
  C:0CB7H         LINE#         84
  C:0CB9H         LINE#         85
  C:0CBFH         LINE#         86
  C:0CC1H         LINE#         88
  C:0CC1H         LINE#         91
  C:0CC1H         LINE#         92
  C:0CC9H         LINE#         93
  C:0CC9H         LINE#         94
  C:0CCCH         LINE#         96
  C:0CCCH         LINE#         101
BL51 BANKED LINKER/LOCATER V6.22.4.0                                                  07/13/2026  17:26:45  PAGE 27


  C:0CD4H         LINE#         102
  C:0CE0H         LINE#         103
  C:0CE0H         LINE#         104
  C:0CE5H         LINE#         105
  C:0CE9H         LINE#         106
  C:0CECH         LINE#         108
  C:0CECH         LINE#         109
  C:0CF2H         LINE#         110
  C:0CF2H         LINE#         111
  C:0CF2H         LINE#         113
  C:0CF4H         LINE#         118
  C:0CF4H         LINE#         120
  C:0CF4H         LINE#         125
  C:0CF8H         LINE#         126
  C:0CF8H         LINE#         128
  C:0D09H         LINE#         129
  C:0D09H         LINE#         133
  C:0D1AH         LINE#         134
  C:0D1AH         LINE#         154
  C:0D1AH         LINE#         155
  C:0D1CH         LINE#         157
  C:0D1CH         LINE#         158
  C:0D29H         LINE#         160
  C:0D2BH         LINE#         162
  C:0D2BH         LINE#         164
  C:0D2BH         LINE#         165
  C:0D36H         LINE#         166
  C:0D39H         LINE#         168
  C:0D39H         LINE#         169
  C:0D39H         LINE#         171
  C:0D39H         LINE#         172
  C:0D39H         LINE#         174
  C:0D39H         LINE#         175
  C:0D39H         LINE#         177
  C:0D39H         LINE#         179
  C:0D44H         LINE#         180
  C:0D44H         LINE#         181
  C:0D4CH         LINE#         182
  C:0D4CH         LINE#         186
  C:0D52H         LINE#         187
  C:0D52H         LINE#         188
  C:0D58H         LINE#         193
  C:0D5AH         LINE#         194
  C:0D66H         LINE#         195
  C:0D66H         LINE#         196
  C:0D6BH         LINE#         197
  C:0D7AH         LINE#         199
  C:0D7AH         LINE#         201
  C:0D7AH         LINE#         202
  C:0D7AH         LINE#         204
  C:0D7AH         LINE#         207
  C:0D7FH         LINE#         208
  C:0D7FH         LINE#         210
  C:0D7FH         LINE#         211
  C:0D7FH         LINE#         213
  C:0D7FH         LINE#         216
  C:0D7FH         LINE#         218
BL51 BANKED LINKER/LOCATER V6.22.4.0                                                  07/13/2026  17:26:45  PAGE 28


  C:0D7FH         LINE#         219
  C:0D83H         LINE#         220
  C:0D8BH         LINE#         222
  C:0D95H         LINE#         223
  C:0D9FH         LINE#         226
  C:0D9FH         LINE#         235
  C:0D9FH         LINE#         237
  C:0D9FH         LINE#         238
  C:0DA9H         LINE#         241
  -------         ENDPROC       _KEY_DRIVER_SCAN
  -------         ENDMOD        KEY_DRIVER

  -------         MODULE        AD_KEY
  C:0000H         SYMBOL        _ICE_DUMMY_
  X:6088H         PUBLIC        ad_key_para
  C:1838H         PUBLIC        ad_key_handle
  X:609BH         SYMBOL        ad_key_scan_table
  X:60ABH         SYMBOL        ad_key_event_table
  C:22F9H         PUBLIC        ad_key_get_key_val
  C:1EA8H         SYMBOL        _ad_key_val_to_ad_key_index
  C:1F3FH         SYMBOL        _ad_key_get_event
  C:26E4H         SYMBOL        Com0036
  C:26E4H         SYMBOL        L?0055
  -------         PROC          COM0036
  -------         ENDPROC       COM0036
  -------         PROC          _AD_KEY_VAL_TO_AD_KEY_INDEX
  D:0006H         SYMBOL        ad_key_val
  -------         DO            
  D:0005H         SYMBOL        i
  X:6146H         SYMBOL        ad_key_index
  -------         ENDDO         
  C:1EA8H         LINE#         55
  C:1EA8H         LINE#         56
  C:1EA8H         LINE#         57
  C:1EAAH         LINE#         58
  C:1EB2H         LINE#         61
  C:1EB2H         LINE#         62
  C:1EB2H         LINE#         63
  C:1ECAH         LINE#         64
  C:1ECAH         LINE#         65
  C:1EE4H         LINE#         66
  C:1EE6H         LINE#         67
  C:1EE6H         LINE#         68
  C:1EEBH         LINE#         70
  C:1EF3H         LINE#         71
  -------         ENDPROC       _AD_KEY_VAL_TO_AD_KEY_INDEX
  -------         PROC          _AD_KEY_GET_EVENT
  D:0007H         SYMBOL        key_val
  D:0005H         SYMBOL        key_event
  -------         DO            
  D:0006H         SYMBOL        ret_key_event
  D:0004H         SYMBOL        key_event_index
  D:0003H         SYMBOL        i
  -------         ENDDO         
  C:1F3FH         LINE#         81
  C:1F3FH         LINE#         82
  C:1F3FH         LINE#         83
BL51 BANKED LINKER/LOCATER V6.22.4.0                                                  07/13/2026  17:26:45  PAGE 29


  C:1F41H         LINE#         84
  C:1F42H         LINE#         85
  C:1F43H         LINE#         88
  C:1F47H         LINE#         89
  C:1F47H         LINE#         90
  C:1F48H         LINE#         91
  C:1F4AH         LINE#         92
  C:1F4EH         LINE#         93
  C:1F4EH         LINE#         94
  C:1F50H         LINE#         95
  C:1F52H         LINE#         96
  C:1F56H         LINE#         97
  C:1F56H         LINE#         98
  C:1F58H         LINE#         99
  C:1F5AH         LINE#         100
  C:1F5EH         LINE#         101
  C:1F5EH         LINE#         102
  C:1F60H         LINE#         103
  C:1F62H         LINE#         105
  C:1F62H         LINE#         106
  C:1F65H         LINE#         107
  C:1F65H         LINE#         109
  C:1F6BH         LINE#         110
  C:1F6BH         LINE#         111
  C:1F72H         LINE#         112
  C:1F72H         LINE#         113
  C:1F81H         LINE#         114
  C:1F83H         LINE#         115
  C:1F83H         LINE#         116
  C:1F86H         LINE#         118
  C:1F88H         LINE#         119
  -------         ENDPROC       _AD_KEY_GET_EVENT
  -------         PROC          AD_KEY_GET_KEY_VAL
  -------         DO            
  X:6086H         SYMBOL        val
  X:6145H         SYMBOL        ret
  -------         ENDDO         
  C:22F9H         LINE#         132
  C:22F9H         LINE#         133
  C:22F9H         LINE#         135
  C:22FFH         LINE#         138
  C:2307H         LINE#         139
  C:2307H         LINE#         140
  C:230CH         LINE#         141
  C:2319H         LINE#         144
  C:2319H         LINE#         146
  C:2329H         LINE#         147
  C:232BH         LINE#         148
  -------         ENDPROC       AD_KEY_GET_KEY_VAL
  -------         PROC          AD_KEY_HANDLE
  -------         DO            
  X:6145H         SYMBOL        ad_key_event
  -------         ENDDO         
  C:1838H         LINE#         150
  C:1838H         LINE#         151
  C:1838H         LINE#         152
  C:183DH         LINE#         154
BL51 BANKED LINKER/LOCATER V6.22.4.0                                                  07/13/2026  17:26:45  PAGE 30


  C:1846H         LINE#         155
  C:1846H         LINE#         157
  C:1846H         LINE#         159
  C:1853H         LINE#         160
  C:1858H         LINE#         161
  C:185AH         LINE#         164
  C:1869H         LINE#         165
  C:1869H         LINE#         174
  C:186FH         LINE#         176
  C:186FH         LINE#         178
  C:1895H         LINE#         179
  C:1895H         LINE#         182
  C:1895H         LINE#         186
  C:1898H         LINE#         187
  C:1898H         LINE#         189
  C:1898H         LINE#         193
  C:1898H         LINE#         195
  C:1898H         LINE#         200
  C:1898H         LINE#         202
  C:1898H         LINE#         206
  C:1898H         LINE#         210
  C:1898H         LINE#         214
  C:189AH         LINE#         215
  C:189CH         LINE#         217
  C:189CH         LINE#         222
  C:189EH         LINE#         223
  C:18A0H         LINE#         225
  C:18A0H         LINE#         230
  C:18A2H         LINE#         231
  C:18A4H         LINE#         233
  C:18A4H         LINE#         237
  C:18A4H         LINE#         242
  C:18A4H         LINE#         247
  C:18A6H         LINE#         248
  C:18A8H         LINE#         250
  C:18A8H         LINE#         256
  C:18AAH         LINE#         257
  C:18ACH         LINE#         259
  C:18ACH         LINE#         265
  C:18AEH         LINE#         266
  C:18B0H         LINE#         268
  C:18B0H         LINE#         272
  C:18B0H         LINE#         276
  C:18B0H         LINE#         282
  C:18B6H         LINE#         283
  C:18B6H         LINE#         284
  C:18B8H         LINE#         285
  C:18BAH         LINE#         286
  C:18C1H         LINE#         287
  C:18C1H         LINE#         288
  C:18C6H         LINE#         289
  C:18C6H         LINE#         290
  C:18C6H         LINE#         292
  C:18C6H         LINE#         298
  C:18CCH         LINE#         299
  C:18CCH         LINE#         302
  C:18CFH         LINE#         303
BL51 BANKED LINKER/LOCATER V6.22.4.0                                                  07/13/2026  17:26:45  PAGE 31


  C:18CFH         LINE#         305
  C:18CFH         LINE#         310
  C:18D2H         LINE#         311
  C:18D2H         LINE#         312
  C:18D2H         LINE#         314
  C:18D2H         LINE#         318
  C:18D2H         LINE#         320
  C:18D2H         LINE#         324
  C:18D2H         LINE#         326
  C:18D2H         LINE#         327
  C:18D2H         LINE#         328
  C:18D2H         LINE#         329
  -------         ENDPROC       AD_KEY_HANDLE
  -------         ENDMOD        AD_KEY

  -------         MODULE        USER_TEST
  C:0000H         SYMBOL        _ICE_DUMMY_
  -------         ENDMOD        USER_TEST

  -------         MODULE        LED
  C:0000H         SYMBOL        _ICE_DUMMY_
  B:0080H.0       PUBLIC        P00
  B:0080H.1       PUBLIC        P01
  B:0080H.2       PUBLIC        P02
  B:0080H.5       PUBLIC        P05
  B:0080H.6       PUBLIC        P06
  B:0090H.3       PUBLIC        P13
  B:00A0H.7       PUBLIC        P27
  B:00B0H.0       PUBLIC        P30
  X:6114H         PUBLIC        led_ctl
  X:6122H         PUBLIC        led_bat_level_sta
  X:6123H         PUBLIC        led_bat_lev_sta
  C:1E5AH         PUBLIC        led_init
  C:2702H         PUBLIC        led_yellow_on
  C:2752H         PUBLIC        led_yellow_off
  C:270FH         PUBLIC        led_white_on
  C:275AH         PUBLIC        led_white_off
  C:26F3H         PUBLIC        led_ctl_init
  C:23E2H         PUBLIC        led_status_switch
  C:1C68H         PUBLIC        _led_status_set
  C:21A9H         PUBLIC        _led_bat_lev_sta_init
  C:1356H         PUBLIC        led_red_blue_flash_1ms_isr
  C:102CH         PUBLIC        led_slow_adjust_isr
  C:0486H         PUBLIC        led_bat_instruction_timer_callback
  X:6124H         PUBLIC        led_charge_anim_phase
  X:6125H         PUBLIC        led_charge_anim_cnt
  X:6127H         SYMBOL        led_quick_fill_cnt
  C:1442H         SYMBOL        Com00BB
  C:1442H         SYMBOL        L?0188
  C:1449H         SYMBOL        L?0189
  C:1450H         SYMBOL        L?0190
  C:1450H         SYMBOL        L?0191
  C:1461H         SYMBOL        L?0192
  C:146DH         SYMBOL        L?0193
  C:147BH         SYMBOL        L?0194
  C:147CH         SYMBOL        L?0195
  C:1481H         SYMBOL        L?0196
BL51 BANKED LINKER/LOCATER V6.22.4.0                                                  07/13/2026  17:26:45  PAGE 32


  C:1488H         SYMBOL        L?0197
  C:148BH         SYMBOL        L?0198
  C:148EH         SYMBOL        L?0199
  C:1495H         SYMBOL        L?0200
  C:1495H         SYMBOL        L?0201
  C:14A2H         SYMBOL        L?0203
  C:14A9H         SYMBOL        L?0204
  C:14AFH         SYMBOL        L?0205
  C:14B6H         SYMBOL        L?0206
  C:14BCH         SYMBOL        L?0207
  C:14C3H         SYMBOL        L?0208
  C:14D2H         SYMBOL        L?0209
  C:14D2H         SYMBOL        L?0210
  C:14DBH         SYMBOL        L?0211
  C:14E9H         SYMBOL        L?0212
  C:14E9H         SYMBOL        L?0213
  C:14F0H         SYMBOL        L?0214
  C:14FDH         SYMBOL        L?0215
  C:1504H         SYMBOL        L?0216
  C:150FH         SYMBOL        L?0217
  C:1510H         SYMBOL        L?0218
  C:1517H         SYMBOL        L?0219
  C:1517H         SYMBOL        L?0220
  C:151DH         SYMBOL        L?0221
  C:151DH         SYMBOL        L?0222
  C:1524H         SYMBOL        L?0223
  C:1524H         SYMBOL        L?0224
  -------         PROC          COM00BB
  -------         ENDPROC       COM00BB
  -------         PROC          LED_INIT
  C:1E5AH         LINE#         28
  C:1E5AH         LINE#         29
  C:1E5AH         LINE#         31
  C:1E60H         LINE#         32
  C:1E64H         LINE#         33
  C:1E66H         LINE#         34
  C:1E6BH         LINE#         37
  C:1E71H         LINE#         38
  C:1E75H         LINE#         39
  C:1E77H         LINE#         40
  C:1E7AH         LINE#         43
  C:1E7AH         LINE#         44
  C:1E7DH         LINE#         45
  C:1E7FH         LINE#         46
  C:1E84H         LINE#         49
  C:1E89H         LINE#         50
  C:1E8DH         LINE#         51
  C:1E8FH         LINE#         52
  C:1E92H         LINE#         55
  C:1E92H         LINE#         56
  C:1E95H         LINE#         57
  C:1E97H         LINE#         58
  C:1E9AH         LINE#         61
  C:1E9EH         LINE#         62
  C:1EA2H         LINE#         63
  C:1EA4H         LINE#         64
  C:1EA7H         LINE#         65
BL51 BANKED LINKER/LOCATER V6.22.4.0                                                  07/13/2026  17:26:45  PAGE 33


  -------         ENDPROC       LED_INIT
  -------         PROC          LED_CTL_INIT
  C:26F3H         LINE#         67
  C:26F3H         LINE#         68
  C:26F3H         LINE#         77
  -------         ENDPROC       LED_CTL_INIT
  -------         PROC          _LED_BAT_LEV_STA_INIT
  D:0006H         SYMBOL        voltage_mv
  -------         DO            
  X:610EH         SYMBOL        is_initialized
  -------         ENDDO         
  C:21A9H         LINE#         85
  C:21A9H         LINE#         86
  C:21A9H         LINE#         88
  C:21AFH         LINE#         89
  C:21AFH         LINE#         91
  C:21AFH         LINE#         93
  C:21B1H         LINE#         96
  C:21BAH         LINE#         97
  C:21BAH         LINE#         98
  C:21C0H         LINE#         99
  C:21C1H         LINE#         100
  C:21CAH         LINE#         101
  C:21CAH         LINE#         102
  C:21D0H         LINE#         103
  C:21D1H         LINE#         104
  C:21DDH         LINE#         105
  C:21DDH         LINE#         106
  C:21E0H         LINE#         107
  C:21E1H         LINE#         111
  C:21E1H         LINE#         112
  C:21E4H         LINE#         113
  C:21E4H         LINE#         114
  -------         ENDPROC       _LED_BAT_LEV_STA_INIT
  -------         PROC          LED_YELLOW_ON
  C:2702H         LINE#         116
  C:2702H         LINE#         117
  C:2702H         LINE#         119
  C:2708H         LINE#         121
  C:270EH         LINE#         122
  -------         ENDPROC       LED_YELLOW_ON
  -------         PROC          LED_YELLOW_OFF
  C:2752H         LINE#         133
  C:2752H         LINE#         134
  C:2752H         LINE#         135
  C:2754H         LINE#         136
  C:2759H         LINE#         137
  -------         ENDPROC       LED_YELLOW_OFF
  -------         PROC          LED_WHITE_ON
  C:270FH         LINE#         139
  C:270FH         LINE#         140
  C:270FH         LINE#         142
  C:2715H         LINE#         144
  C:271BH         LINE#         145
  -------         ENDPROC       LED_WHITE_ON
  -------         PROC          LED_WHITE_OFF
  C:275AH         LINE#         156
BL51 BANKED LINKER/LOCATER V6.22.4.0                                                  07/13/2026  17:26:45  PAGE 34


  C:275AH         LINE#         157
  C:275AH         LINE#         158
  C:275CH         LINE#         159
  C:2761H         LINE#         160
  -------         ENDPROC       LED_WHITE_OFF
  -------         PROC          LED_STATUS_SWITCH
  C:23E2H         LINE#         162
  C:23E2H         LINE#         163
  C:23E2H         LINE#         165
  C:23F6H         LINE#         166
  C:23F6H         LINE#         167
  C:23F6H         LINE#         171
  C:23F8H         LINE#         172
  C:23FAH         LINE#         173
  C:23FAH         LINE#         178
  C:23FCH         LINE#         179
  C:23FEH         LINE#         180
  C:23FEH         LINE#         184
  C:2400H         LINE#         185
  C:2402H         LINE#         186
  C:2402H         LINE#         192
  C:2404H         LINE#         193
  C:2406H         LINE#         194
  C:2406H         LINE#         205
  C:240BH         LINE#         206
  C:240BH         LINE#         207
[...]
  D:00A8H         PUBLIC        IE0
  D:00A9H         PUBLIC        IE1
  D:00AAH         PUBLIC        IE2
  D:00ABH         PUBLIC        IE3
  B:00A8H.7       PUBLIC        IE_EA
  D:00B8H         PUBLIC        IP0
  D:00B1H         PUBLIC        IP1
  D:00B2H         PUBLIC        IP2
  D:00B3H         PUBLIC        IP3
  D:00B4H         PUBLIC        IP4
  D:00B5H         PUBLIC        IP5
  D:00B6H         PUBLIC        IP6
  D:00B7H         PUBLIC        IP7
  D:00D2H         PUBLIC        UART0_CON0
  D:00D1H         PUBLIC        TMR_ALLCON
  D:00ACH         PUBLIC        FLASH_TIMEREG1
  D:0099H         PUBLIC        ADC_CHS0
  C:113CH         PUBLIC        low_power_handle
  C:232CH         PUBLIC        low_power_enter_timer_callback
  X:617FH         SYMBOL        is_low_power_enter_enable
  C:2482H         PUBLIC        is_low_power_condition_establish
  C:124BH         PUBLIC        low_power_in
  C:1F89H         PUBLIC        low_power_out
  C:25F2H         PUBLIC        WUT_IRQHandler
  C:268CH         SYMBOL        Com006D
  C:268CH         SYMBOL        L?0110
BL51 BANKED LINKER/LOCATER V6.22.4.0                                                  07/13/2026  17:26:45  PAGE 54


  C:268CH         SYMBOL        L?0111
  C:2695H         SYMBOL        L?0112
  C:2698H         SYMBOL        L?0113
  -------         PROC          COM006D
  -------         ENDPROC       COM006D
  -------         PROC          IS_LOW_POWER_CONDITION_ESTABLISH
  C:2482H         LINE#         7
  C:2482H         LINE#         8
  C:2482H         LINE#         14
  C:24A5H         LINE#         19
  -------         ENDPROC       IS_LOW_POWER_CONDITION_ESTABLISH
  -------         PROC          LOW_POWER_ENTER_TIMER_CALLBACK
  -------         DO            
  X:617DH         SYMBOL        cnt
  -------         ENDDO         
  C:232CH         LINE#         22
  C:232CH         LINE#         23
  C:232CH         LINE#         25
  C:2332H         LINE#         26
  C:2332H         LINE#         27
  C:233CH         LINE#         28
  C:234BH         LINE#         29
  C:234BH         LINE#         30
  C:234BH         LINE#         31
  C:2351H         LINE#         32
  C:2351H         LINE#         33
  C:2352H         LINE#         35
  C:2352H         LINE#         36
  C:2355H         LINE#         37
  C:235AH         LINE#         38
  C:235AH         LINE#         39
  -------         ENDPROC       LOW_POWER_ENTER_TIMER_CALLBACK
  -------         PROC          LOW_POWER_IN
  C:124BH         LINE#         41
  C:124BH         LINE#         42
  C:124BH         LINE#         47
  C:124EH         LINE#         48
  C:1251H         LINE#         49
  C:1254H         LINE#         50
  C:1257H         LINE#         52
  C:125DH         LINE#         53
  C:1263H         LINE#         55
  C:126AH         LINE#         57
  C:126DH         LINE#         58
  C:1273H         LINE#         60
  C:1278H         LINE#         61
  C:127BH         LINE#         70
  C:1281H         LINE#         71
  C:1287H         LINE#         73
  C:128DH         LINE#         74
  C:1293H         LINE#         77
  C:1299H         LINE#         78
  C:129DH         LINE#         79
  C:12A3H         LINE#         82
  C:12A7H         LINE#         83
  C:12ADH         LINE#         84
  C:12B1H         LINE#         85
BL51 BANKED LINKER/LOCATER V6.22.4.0                                                  07/13/2026  17:26:45  PAGE 55


  C:12B6H         LINE#         103
  C:12BAH         LINE#         104
  C:12C0H         LINE#         107
  C:12C5H         LINE#         109
  C:12C9H         LINE#         112
  C:12CDH         LINE#         113
  C:12D3H         LINE#         115
  C:12DAH         LINE#         121
  C:12DDH         LINE#         130
  C:12E3H         LINE#         131
  C:12E9H         LINE#         132
  C:12EFH         LINE#         133
  C:12F5H         LINE#         137
  C:12F8H         LINE#         138
  C:12FBH         LINE#         139
  C:12FEH         LINE#         142
  C:1301H         LINE#         143
  C:1304H         LINE#         145
  C:1307H         LINE#         146
  C:130AH         LINE#         149
  C:130DH         LINE#         150
  C:1310H         LINE#         153
  C:1313H         LINE#         154
  C:1315H         LINE#         157
  C:131CH         LINE#         158
  C:1320H         LINE#         162
  C:1325H         LINE#         163
  C:132CH         LINE#         165
  C:1333H         LINE#         167
  C:133AH         LINE#         168
  C:1341H         LINE#         169
  C:1344H         LINE#         171
  C:134BH         LINE#         172
  C:1352H         LINE#         177
  C:1355H         LINE#         183
  -------         ENDPROC       LOW_POWER_IN
  -------         PROC          LOW_POWER_OUT
  C:1F89H         LINE#         185
  C:1F89H         LINE#         186
  C:1F89H         LINE#         188
  C:1F8CH         LINE#         189
  C:1F93H         LINE#         190
  C:1F9AH         LINE#         193
  C:1F9DH         LINE#         197
  C:1FA2H         LINE#         198
  C:1FA4H         LINE#         204
  C:1FABH         LINE#         205
  C:1FB0H         LINE#         206
  C:1FB7H         LINE#         208
  C:1FBEH         LINE#         209
  C:1FC5H         LINE#         211
  C:1FC8H         LINE#         212
  C:1FCBH         LINE#         213
  C:1FD2H         LINE#         214
  -------         ENDPROC       LOW_POWER_OUT
  C:1235H         SYMBOL        L?0108
  -------         PROC          LOW_POWER_HANDLE
BL51 BANKED LINKER/LOCATER V6.22.4.0                                                  07/13/2026  17:26:45  PAGE 56


  -------         DO            
  X:6145H         SYMBOL        is_charge_sig_wkup
  X:6146H         SYMBOL        is_discharge_sig_wkup
  X:6147H         SYMBOL        is_key_sig_wkup
  X:6148H         SYMBOL        adc_val
  C:1153H         SYMBOL        label_low_power_in
  -------         ENDDO         
  C:113CH         LINE#         216
  C:113CH         LINE#         217
  C:113CH         LINE#         220
  C:113CH         LINE#         221
  C:113CH         LINE#         222
  C:113FH         LINE#         225
  C:114CH         LINE#         226
  C:114CH         LINE#         227
  C:1153H         LINE#         228
  C:1153H         LINE#         230
  C:1153H         LINE#         232
  C:1153H         LINE#         237
  C:1153H         LINE#         239
  C:1153H         LINE#         240
  C:1153H         LINE#         241
  C:1156H         LINE#         243
  C:1159H         LINE#         244
  C:115CH         LINE#         252
  C:115FH         LINE#         253
  C:1162H         LINE#         255
  C:1164H         LINE#         256
  C:1164H         LINE#         257
  C:1167H         LINE#         259
  C:116FH         LINE#         260
  C:116FH         LINE#         262
  C:1175H         LINE#         266
  C:1175H         LINE#         268
  C:1177H         LINE#         269
  C:1177H         LINE#         270
  C:117AH         LINE#         272
  C:119FH         LINE#         273
  C:119FH         LINE#         274
  C:11A5H         LINE#         278
  C:11A5H         LINE#         281
  C:11AAH         LINE#         282
  C:11AAH         LINE#         286
  C:11ADH         LINE#         287
  C:11B3H         LINE#         288
  C:11B3H         LINE#         290
  C:11B8H         LINE#         291
  C:11B8H         LINE#         293
  C:11BBH         LINE#         295
  C:11C1H         LINE#         300
  C:11C1H         LINE#         302
  C:11C6H         LINE#         303
  C:11CDH         LINE#         304
  C:11D8H         LINE#         305
  C:11E3H         LINE#         307
  C:11E9H         LINE#         308
  C:11EFH         LINE#         315
BL51 BANKED LINKER/LOCATER V6.22.4.0                                                  07/13/2026  17:26:45  PAGE 57


  C:1222H         LINE#         321
  C:1222H         LINE#         334
  C:1222H         LINE#         335
  C:1222H         LINE#         343
  C:1227H         LINE#         344
  C:122BH         LINE#         345
  C:1231H         LINE#         346
  C:1234H         LINE#         347
  -------         ENDPROC       LOW_POWER_HANDLE
  -------         PROC          WUT_IRQHANDLER
  C:25F2H         LINE#         350
  C:25F8H         LINE#         353
  C:25F8H         LINE#         358
  C:25FFH         LINE#         359
  C:25FFH         LINE#         360
  C:2603H         LINE#         361
  C:2603H         LINE#         364
  C:2603H         LINE#         365
  -------         ENDPROC       WUT_IRQHANDLER
  -------         ENDMOD        LOW_POWER

  -------         MODULE        BAT_SCAN
  C:0000H         SYMBOL        _ICE_DUMMY_
  X:60C7H         PUBLIC        avg_voltage_mv
  C:16D5H         PUBLIC        battery_voltage_update_by_isr
  C:264EH         PUBLIC        _bat_vol_history_buff_init
  C:26D4H         PUBLIC        _get_battery_voltage_by_adc
  C:221FH         PUBLIC        bat_vol_update_timer_callback
  C:2435H         PUBLIC        bat_vol_buff_add_timer_callback
  C:240CH         PUBLIC        bat_vol_buff_get_avg_timer_callback
  C:2258H         PUBLIC        bat_scan
  X:60C9H         SYMBOL        is_bat_vol_buff_add_enable
  X:60CAH         SYMBOL        is_bat_vol_buff_get_avg_enable
  X:60CBH         SYMBOL        bat_vol_update_sta
  X:60CCH         SYMBOL        bat_vol_update_cnt
  X:60CEH         SYMBOL        bat_vol_history_buff
  X:60E2H         SYMBOL        bat_vol_history_buff_idx
  X:60E3H         SYMBOL        voltage_mv
  X:60E5H         SYMBOL        max_voltage_mv
  C:250DH         PUBLIC        _bat_vol_history_buff_add
  C:2062H         PUBLIC        bat_vol_history_buff_get_avg
  C:216CH         SYMBOL        Com0021
  C:216CH         SYMBOL        L?0034
  C:216CH         SYMBOL        L?0035
  C:2178H         SYMBOL        L?0036
  C:218AH         SYMBOL        L?0037
  C:218AH         SYMBOL        L?0038
  C:2193H         SYMBOL        L?0039
  C:21A0H         SYMBOL        L?0040
  -------         PROC          COM0021
  -------         ENDPROC       COM0021
  -------         PROC          BAT_VOL_BUFF_ADD_TIMER_CALLBACK
  -------         DO            
  X:60BFH         SYMBOL        cnt
  -------         ENDDO         
  C:2435H         LINE#         38
  C:2435H         LINE#         39
BL51 BANKED LINKER/LOCATER V6.22.4.0                                                  07/13/2026  17:26:45  PAGE 58


  C:2435H         LINE#         41
  C:243EH         LINE#         42
  C:244CH         LINE#         43
  C:244CH         LINE#         44
  C:2456H         LINE#         45
  C:245CH         LINE#         46
  C:245CH         LINE#         47
  -------         ENDPROC       BAT_VOL_BUFF_ADD_TIMER_CALLBACK
  -------         PROC          BAT_VOL_BUFF_GET_AVG_TIMER_CALLBACK
  -------         DO            
  X:60C3H         SYMBOL        cnt
  -------         ENDDO         
  C:240CH         LINE#         50
  C:240CH         LINE#         51
  C:240CH         LINE#         53
  C:2415H         LINE#         54
  C:2424H         LINE#         55
  C:2424H         LINE#         56
  C:242EH         LINE#         57
  C:2434H         LINE#         58
  C:2434H         LINE#         59
  -------         ENDPROC       BAT_VOL_BUFF_GET_AVG_TIMER_CALLBACK
  -------         PROC          BAT_VOL_UPDATE_TIMER_CALLBACK
  C:221FH         LINE#         62
  C:221FH         LINE#         63
  C:221FH         LINE#         64
  C:2225H         LINE#         65
  C:2225H         LINE#         66
  C:2229H         LINE#         67
  C:222EH         LINE#         68
  C:2230H         LINE#         69
  C:2238H         LINE#         70
  C:2238H         LINE#         73
  C:2238H         LINE#         75
  C:2242H         LINE#         76
  C:2251H         LINE#         77
  C:2251H         LINE#         83
  C:2257H         LINE#         84
  C:2257H         LINE#         85
  -------         ENDPROC       BAT_VOL_UPDATE_TIMER_CALLBACK
  -------         PROC          _GET_BATTERY_VOLTAGE_BY_ADC
  D:0006H         SYMBOL        adc_val
  -------         DO            
  D:0006H         SYMBOL        voltage_mv
  -------         ENDDO         
  C:26D4H         LINE#         88
  C:26D4H         LINE#         89
  C:26D4H         LINE#         90
  -------         ENDPROC       _GET_BATTERY_VOLTAGE_BY_ADC
  -------         PROC          _BAT_VOL_HISTORY_BUFF_INIT
  D:0006H         SYMBOL        voltage_mv
  -------         DO            
  D:0005H         SYMBOL        i
  -------         ENDDO         
  C:264EH         LINE#         117
  C:264EH         LINE#         118
  C:264EH         LINE#         120
BL51 BANKED LINKER/LOCATER V6.22.4.0                                                  07/13/2026  17:26:45  PAGE 59


  C:2650H         LINE#         121
  C:2650H         LINE#         122
  C:2659H         LINE#         123
  C:265EH         LINE#         124
  C:2663H         LINE#         125
  -------         ENDPROC       _BAT_VOL_HISTORY_BUFF_INIT
  -------         PROC          _BAT_VOL_HISTORY_BUFF_ADD
  D:0006H         SYMBOL        voltage_mv
  C:250DH         LINE#         127
  C:250DH         LINE#         128
  C:250DH         LINE#         129
  C:2519H         LINE#         130
  C:252EH         LINE#         136
  -------         ENDPROC       _BAT_VOL_HISTORY_BUFF_ADD
  -------         PROC          BAT_VOL_HISTORY_BUFF_GET_AVG
  -------         DO            
  X:6145H         SYMBOL        i
  X:6146H         SYMBOL        ret
  -------         ENDDO         
  C:2062H         LINE#         139
  C:2062H         LINE#         140
  C:2062H         LINE#         142
  C:206CH         LINE#         143
  C:2071H         LINE#         144
  C:2071H         LINE#         145
  C:208FH         LINE#         146
  C:2099H         LINE#         147
  -------         ENDPROC       BAT_VOL_HISTORY_BUFF_GET_AVG
  -------         PROC          BATTERY_VOLTAGE_UPDATE_BY_ISR
  -------         DO            
  X:6154H         SYMBOL        adc_val
  X:6156H         SYMBOL        cur_voltage_mv
  -------         ENDDO         
  C:16D5H         LINE#         154
  C:16D5H         LINE#         155
  C:16D5H         LINE#         156
  C:16DCH         LINE#         157
  C:16E2H         LINE#         160
  C:16EDH         LINE#         161
  C:16EDH         LINE#         162
  C:16F2H         LINE#         163
  C:16FFH         LINE#         165
  C:1712H         LINE#         168
  C:171CH         LINE#         169
  C:171CH         LINE#         171
  C:1722H         LINE#         173
  C:172DH         LINE#         175
  C:173CH         LINE#         176
  C:1742H         LINE#         177
  C:1748H         LINE#         178
  C:174EH         LINE#         184
  C:174EH         LINE#         198
  C:1755H         LINE#         199
  C:1755H         LINE#         201
  C:175BH         LINE#         203
  C:1762H         LINE#         204
  C:1766H         LINE#         208
BL51 BANKED LINKER/LOCATER V6.22.4.0                                                  07/13/2026  17:26:45  PAGE 60


  C:1767H         LINE#         209
  C:176EH         LINE#         210
  C:176EH         LINE#         212
  C:1783H         LINE#         213
  C:1783H         LINE#         214
  C:1792H         LINE#         215
  C:1792H         LINE#         216
  C:1792H         LINE#         217
  C:1792H         LINE#         218
  -------         ENDPROC       BATTERY_VOLTAGE_UPDATE_BY_ISR
  -------         PROC          BAT_SCAN
  C:2258H         LINE#         247
  C:2258H         LINE#         248
  C:2258H         LINE#         249
  C:2262H         LINE#         250
  C:2262H         LINE#         252
  C:2262H         LINE#         255
  C:2268H         LINE#         256
  C:2268H         LINE#         257
  C:2273H         LINE#         258
  C:2278H         LINE#         259
  C:2278H         LINE#         262
  C:227EH         LINE#         263
  C:227EH         LINE#         264
  C:2289H         LINE#         269
  C:228EH         LINE#         270
  C:228EH         LINE#         301
  -------         ENDPROC       BAT_SCAN
  -------         ENDMOD        BAT_SCAN

  -------         MODULE        ?C?COPY
  C:011EH         PUBLIC        ?C?COPY
  -------         ENDMOD        ?C?COPY

  -------         MODULE        ?C?CLDPTR
  C:0144H         PUBLIC        ?C?CLDPTR
  -------         ENDMOD        ?C?CLDPTR

  -------         MODULE        ?C?CLDOPTR
  C:015DH         PUBLIC        ?C?CLDOPTR
  -------         ENDMOD        ?C?CLDOPTR

  -------         MODULE        ?C?CILDOPTR
  C:018AH         PUBLIC        ?C?CILDOPTR
  -------         ENDMOD        ?C?CILDOPTR

  -------         MODULE        ?C?CSTOPTR
  C:01BDH         PUBLIC        ?C?CSTOPTR
  -------         ENDMOD        ?C?CSTOPTR

  -------         MODULE        ?C?UIDIV
  C:01DFH         PUBLIC        ?C?UIDIV
  -------         ENDMOD        ?C?UIDIV

  -------         MODULE        ?C?IILDX
  C:0234H         PUBLIC        ?C?IILDX
  -------         ENDMOD        ?C?IILDX
BL51 BANKED LINKER/LOCATER V6.22.4.0                                                  07/13/2026  17:26:45  PAGE 61



  -------         MODULE        ?C?LADD
  C:024AH         PUBLIC        ?C?LADD
  -------         ENDMOD        ?C?LADD

  -------         MODULE        ?C?ULDIV
  C:0293H         PUBLIC        ?C?ULDIV
  -------         ENDMOD        ?C?ULDIV

  -------         MODULE        ?C?SLCMP
  C:0325H         PUBLIC        ?C?SLCMP
  -------         ENDMOD        ?C?SLCMP

  -------         MODULE        ?C?ULCMP
  C:033BH         PUBLIC        ?C?ULCMP
  -------         ENDMOD        ?C?ULCMP

  -------         MODULE        ?C?LLDXDATA
  C:034CH         PUBLIC        ?C?LLDXDATA
  -------         ENDMOD        ?C?LLDXDATA

  -------         MODULE        ?C?LLDXDATA0
  C:0358H         PUBLIC        ?C?LLDXDATA0
  -------         ENDMOD        ?C?LLDXDATA0

  -------         MODULE        ?C?LSTXDATA
  C:0364H         PUBLIC        ?C?LSTXDATA
  -------         ENDMOD        ?C?LSTXDATA

  -------         MODULE        ?C?LSTKXDATA
  C:0370H         PUBLIC        ?C?LSTKXDATA
  -------         ENDMOD        ?C?LSTKXDATA

  -------         MODULE        ?C?PLDXDATA
  C:03A1H         PUBLIC        ?C?PLDXDATA
  -------         ENDMOD        ?C?PLDXDATA

  -------         MODULE        ?C?PSTXDATA
  C:03AAH         PUBLIC        ?C?PSTXDATA
  -------         ENDMOD        ?C?PSTXDATA

  -------         MODULE        ?C?PLDOPTR
  C:03B3H         PUBLIC        ?C?PLDOPTR
  -------         ENDMOD        ?C?PLDOPTR

  -------         MODULE        ?C?CCASE
  C:03E3H         PUBLIC        ?C?CCASE
  -------         ENDMOD        ?C?CCASE

  -------         MODULE        ?C?ICALL
  C:0409H         PUBLIC        ?C?ICALL
  C:040DH         PUBLIC        ?C?ICALL2
  -------         ENDMOD        ?C?ICALL

  -------         MODULE        ?C?LIMUL
  C:040FH         PUBLIC        ?C?LIMUL
  -------         ENDMOD        ?C?LIMUL
BL51 BANKED LINKER/LOCATER V6.22.4.0                                                  07/13/2026  17:26:45  PAGE 62



  -------         MODULE        ?C?MEMSET
  C:043CH         PUBLIC        ?C?MEMSET
  -------         ENDMOD        ?C?MEMSET

  -------         MODULE        ?C?PLDIDATA
  C:0468H         PUBLIC        ?C?PLDIDATA
  -------         ENDMOD        ?C?PLDIDATA

  -------         MODULE        ?C?PLDPDATA
  C:0471H         PUBLIC        ?C?PLDPDATA
  -------         ENDMOD        ?C?PLDPDATA

  -------         MODULE        ?C?PLDCODE
  C:047AH         PUBLIC        ?C?PLDCODE
  -------         ENDMOD        ?C?PLDCODE

*** WARNING L16: UNCALLED SEGMENT, IGNORED FOR OVERLAY PROCESS
    SEGMENT: ?PR?BATTTERY_MONITOR_1MS_ISR?BATTERY_MONITOR

Program Size: data=9.5 xdata=387 code=10099
LINK/LOCATE RUN COMPLETE.  1 WARNING(S),  0 ERROR(S)
