BL51 BANKED LINKER/LOCATER V6.22.4.0                                                    07/02/2026  13:46:32  PAGE 1


BL51 BANKED LINKER/LOCATER V6.22.4.0, INVOKED BY:
C:\KEIL_V5\C51\BIN\BL51.EXE .\Release\Objects\STARTUP.obj, .\Release\Objects\system.obj, .\Release\Objects\adc.obj, .\Re
>> lease\Objects\pwm.obj, .\Release\Objects\timer0.obj, .\Release\Objects\timer1.obj, .\Release\Objects\uart0.obj, .\Rel
>> ease\Objects\main.obj, .\Release\Objects\uart_data_handle.obj, .\Release\Objects\key_driver.obj, .\Release\Objects\ad
>> _key.obj, .\Release\Objects\user_test.obj, .\Release\Objects\led.obj, .\Release\Objects\battery_monitor.obj, .\Releas
>> e\Objects\bluetooth_ic_handle.obj, .\Release\Objects\charge_det.obj, .\Release\Objects\low_power.obj TO .\Release\Obj
>> ects\Demo PRINT (.\Release\Listings\Demo.m51) RAMSIZE (256) CODE (0X0000-0X3EEF) XDATA (0X6000-0X66FF)


MEMORY MODEL: LARGE


INPUT MODULES INCLUDED:
  .\Release\Objects\STARTUP.obj (?C_STARTUP)
  .\Release\Objects\system.obj (SYSTEM)
  .\Release\Objects\adc.obj (ADC)
  .\Release\Objects\pwm.obj (PWM)
  .\Release\Objects\timer0.obj (TIMER0)
  .\Release\Objects\timer1.obj (TIMER1)
  .\Release\Objects\uart0.obj (UART0)
  .\Release\Objects\main.obj (MAIN)
  .\Release\Objects\uart_data_handle.obj (UART_DATA_HANDLE)
  .\Release\Objects\key_driver.obj (KEY_DRIVER)
  .\Release\Objects\ad_key.obj (AD_KEY)
  .\Release\Objects\user_test.obj (USER_TEST)
  .\Release\Objects\led.obj (LED)
  .\Release\Objects\battery_monitor.obj (BATTERY_MONITOR)
  .\Release\Objects\bluetooth_ic_handle.obj (BLUETOOTH_IC_HANDLE)
  .\Release\Objects\charge_det.obj (CHARGE_DET)
  .\Release\Objects\low_power.obj (LOW_POWER)
  C:\KEIL_V5\C51\LIB\C51L.LIB (?C_INIT)
  C:\KEIL_V5\C51\LIB\C51L.LIB (?C?COPY)
  C:\KEIL_V5\C51\LIB\C51L.LIB (?C?CLDPTR)
  C:\KEIL_V5\C51\LIB\C51L.LIB (?C?CLDOPTR)
  C:\KEIL_V5\C51\LIB\C51L.LIB (?C?CILDOPTR)
  C:\KEIL_V5\C51\LIB\C51L.LIB (?C?CSTOPTR)
  C:\KEIL_V5\C51\LIB\C51L.LIB (?C?UIDIV)
  C:\KEIL_V5\C51\LIB\C51L.LIB (?C?IILDX)
  C:\KEIL_V5\C51\LIB\C51L.LIB (?C?LADD)
  C:\KEIL_V5\C51\LIB\C51L.LIB (?C?ULDIV)
  C:\KEIL_V5\C51\LIB\C51L.LIB (?C?SLCMP)
  C:\KEIL_V5\C51\LIB\C51L.LIB (?C?ULCMP)
  C:\KEIL_V5\C51\LIB\C51L.LIB (?C?LLDXDATA)
  C:\KEIL_V5\C51\LIB\C51L.LIB (?C?LLDXDATA0)
  C:\KEIL_V5\C51\LIB\C51L.LIB (?C?LSTXDATA)
  C:\KEIL_V5\C51\LIB\C51L.LIB (?C?LSTKXDATA)
  C:\KEIL_V5\C51\LIB\C51L.LIB (?C?PLDXDATA)
  C:\KEIL_V5\C51\LIB\C51L.LIB (?C?PSTXDATA)
  C:\KEIL_V5\C51\LIB\C51L.LIB (?C?PLDOPTR)
  C:\KEIL_V5\C51\LIB\C51L.LIB (?C?CCASE)
  C:\KEIL_V5\C51\LIB\C51L.LIB (?C?ICALL)
  C:\KEIL_V5\C51\LIB\C51L.LIB (?C?LIMUL)
  C:\KEIL_V5\C51\LIB\C51L.LIB (?C?MEMSET)
  C:\KEIL_V5\C51\LIB\C51L.LIB (?C?PLDIDATA)
  C:\KEIL_V5\C51\LIB\C51L.LIB (?C?PLDPDATA)
  C:\KEIL_V5\C51\LIB\C51L.LIB (?C?PLDCODE)


BL51 BANKED LINKER/LOCATER V6.22.4.0                                                  07/02/2026  13:46:32  PAGE 2


LINK MAP OF MODULE:  .\Release\Objects\Demo (?C_STARTUP)


            TYPE    BASE      LENGTH    RELOCATION   SEGMENT NAME
            -----------------------------------------------------

            * * * * * * *   D A T A   M E M O R Y   * * * * * * *
            REG     0000H     0008H     ABSOLUTE     "REG BANK 0"
                    0008H     0018H                  *** GAP ***
            BIT     0020H.0   0000H.4   UNIT         ?BI?ADC
            BIT     0020H.4   0000H.1   UNIT         ?BI?CHARGE_DET
                    0020H.5   0000H.3                *** GAP ***
            IDATA   0021H     0001H     UNIT         ?STACK

            * * * * * * *  X D A T A   M E M O R Y  * * * * * * *
                    0000H     6000H                  *** GAP ***
            XDATA   6000H     0206H     UNIT         ?XD?UART0
            XDATA   6206H     0039H     UNIT         ?XD?AD_KEY
            XDATA   623FH     0034H     UNIT         ?XD?BATTERY_MONITOR
            XDATA   6273H     0027H     UNIT         ?XD?CHARGE_DET
            XDATA   629AH     001DH     UNIT         _XDATA_GROUP_
            XDATA   62B7H     001AH     UNIT         ?XD?UART_DATA_HANDLE
            XDATA   62D1H     0012H     UNIT         ?XD?LED
            XDATA   62E3H     0009H     UNIT         ?XD?ADC
            XDATA   62ECH     0006H     UNIT         ?XD?LOW_POWER
            XDATA   62F2H     0004H     UNIT         ?XD?KEY_DRIVER
            XDATA   62F6H     0002H     UNIT         ?XD?BLUETOOTH_IC_HANDLE

            * * * * * * *   C O D E   M E M O R Y   * * * * * * *
            CODE    0000H     0003H     ABSOLUTE     
            CODE    0003H     000CH     ABSOLUTE     
            CODE    000FH     000FH     UNIT         ?PR?UART_RECEIVER_TIMEOUT_ADD?UART_DATA_HANDLE
            CODE    001EH     0003H     ABSOLUTE     
            CODE    0021H     0003H     ABSOLUTE     
            CODE    0024H     001BH     UNIT         ?PR?_ADC_CLEAR_UPDATE_FLAG?ADC
            CODE    003FH     0003H     ABSOLUTE     
            CODE    0042H     0003H     ABSOLUTE     
            CODE    0045H     0005H     UNIT         ?PR?BLE_IC_DISABLE_PRE?BLUETOOTH_IC_HANDLE
                    004AH     0001H                  *** GAP ***
            CODE    004BH     0003H     ABSOLUTE     
            CODE    004EH     0438H     UNIT         ?C?LIB_CODE
            CODE    0486H     0377H     UNIT         ?C_INITSEG
            CODE    07FDH     01B2H     UNIT         ?PR?LED_BAT_INSTRUCTION_TIMER_CALLBACK?LED
            CODE    09AFH     01AAH     UNIT         ?PR?DETECT_1KHZ_SIGNAL_100US?CHARGE_DET
            CODE    0B59H     0193H     UNIT         ?PR?_KEY_DRIVER_SCAN?KEY_DRIVER
            CODE    0CECH     015DH     UNIT         ?PR?LOW_POWER_HANDLE?LOW_POWER
            CODE    0E49H     015BH     UNIT         ?PR?BATTERY_MONITOR_HANDLE?BATTERY_MONITOR
            CODE    0FA4H     0157H     UNIT         ?PR?DETECT_DISCHARGE_1KHZ_SIGNAL_100US?CHARGE_DET
            CODE    10FBH     012BH     UNIT         ?PR?CHARGE_DET?CHARGE_DET
            CODE    1226H     0111H     UNIT         ?PR?LED_SLOW_ADJUST_ISR?LED
            CODE    1337H     010BH     UNIT         ?PR?LOW_POWER_IN?LOW_POWER
            CODE    1442H     00EAH     UNIT         ?PR?LED_RED_BLUE_FLASH_1MS_ISR?LED
            CODE    152CH     00CFH     UNIT         ?PR?SYSTEM_INIT?SYSTEM
            CODE    15FBH     00BAH     UNIT         ?PR?BATTERY_VOLTAGE_UPDATE_BY_ISR?BATTERY_MONITOR
            CODE    16B5H     00B9H     UNIT         ?PR?LED
            CODE    176EH     00A5H     UNIT         ?PR?_UART_RECEIVER_PROCESS_BYTE?UART_DATA_HANDLE
            CODE    1813H     009BH     UNIT         ?PR?AD_KEY_HANDLE?AD_KEY
BL51 BANKED LINKER/LOCATER V6.22.4.0                                                  07/02/2026  13:46:32  PAGE 3


            CODE    18AEH     008CH     UNIT         ?C_C51STARTUP
            CODE    193AH     008BH     UNIT         ?PR?PWM_INIT?PWM
            CODE    19C5H     0087H     UNIT         ?PR?ADC_IRQHANDLER?ADC
            CODE    1A4CH     0082H     UNIT         ?PR?_GET_BATTERY_PERCENTAGE_BY_VOLTAGE?BATTERY_MONITOR
            CODE    1ACEH     0079H     UNIT         ?PR?UART_DATA_HANDLE?UART_DATA_HANDLE
            CODE    1B47H     0074H     UNIT         ?PR?_LED_STATUS_SET?LED
            CODE    1BBBH     006CH     UNIT         ?PR?TIMR0_IRQHANDLER?TIMER0
            CODE    1C27H     0066H     UNIT         ?PR?ADC_SCAN?ADC
            CODE    1C8DH     0066H     UNIT         ?PR?SEND_LOW_BAT_TIMER_CALLBACK?BATTERY_MONITOR
            CODE    1CF3H     005BH     UNIT         ?PR?BATTERY_MONITOR
            CODE    1D4EH     004EH     UNIT         ?PR?LED_INIT?LED
            CODE    1D9CH     004DH     UNIT         ?PR?MAIN?MAIN
            CODE    1DE9H     004CH     UNIT         ?PR?_AD_KEY_VAL_TO_AD_KEY_INDEX?AD_KEY
            CODE    1E35H     004BH     UNIT         ?PR?_ADC_CHANNEL_SEL?ADC
            CODE    1E80H     004AH     UNIT         ?PR?_AD_KEY_GET_EVENT?AD_KEY
            CODE    1ECAH     004AH     UNIT         ?PR?LOW_POWER_OUT?LOW_POWER
            CODE    1F14H     0048H     UNIT         ?PR?TIMR1_IRQHANDLER?TIMER1
            CODE    1F5CH     0046H     UNIT         ?PR?BAT_VOL_HISTORY_BUFF_GET_AVG?BATTERY_MONITOR
            CODE    1FA2H     0045H     UNIT         ?PR?_UART_DATA_SEND_CMD?UART_DATA_HANDLE
            CODE    1FE7H     0041H     UNIT         ?PR?_UART0_RXBUFFER_PUT_BYTE?UART0
            CODE    2028H     003DH     UNIT         ?PR?_ADC_UPDATE_VAL?ADC
            CODE    2065H     003CH     UNIT         ?PR?UART0_RXBUFFER_GET_BYTE?UART0
            CODE    20A1H     003AH     UNIT         ?PR?UART0_INIT?UART0
            CODE    20DBH     0039H     UNIT         ?PR?BAT_VOL_UPDATE_TIMER_CALLBACK?BATTERY_MONITOR
            CODE    2114H     0034H     UNIT         ?PR?UART0_IRQHANDLER?UART0
            CODE    2148H     0033H     UNIT         ?PR?AD_KEY_GET_KEY_VAL?AD_KEY
            CODE    217BH     0033H     UNIT         ?PR?LOW_POWER_ENTER_TIMER_CALLBACK?LOW_POWER
            CODE    21AEH     002EH     UNIT         ?PR?_ADC_GET_VAL?ADC
            CODE    21DCH     002EH     UNIT         ?PR?ADC
            CODE    220AH     002BH     UNIT         ?PR?BAT_VOL_BUFF_GET_AVG_TIMER_CALLBACK?BATTERY_MONITOR
            CODE    2235H     002BH     UNIT         ?PR?CHARGE_DET
            CODE    2260H     002AH     UNIT         ?PR?LED_STATUS_SWITCH?LED
            CODE    228AH     002AH     UNIT         ?PR?BAT_VOL_BUFF_ADD_TIMER_CALLBACK?BATTERY_MONITOR
            CODE    22B4H     0025H     UNIT         ?PR?_ADC_GET_UPDATE_FLAG?ADC
            CODE    22D9H     0024H     UNIT         ?PR?IS_LOW_POWER_CONDITION_ESTABLISH?LOW_POWER
            CODE    22FDH     0023H     UNIT         ?PR?_UART0_SENDBUF?UART0
            CODE    2320H     0022H     UNIT         ?PR?ADC_INIT?ADC
            CODE    2342H     0022H     UNIT         ?PR?UART_RECEIVER_PROCESS_CHECKSUM?UART_DATA_HANDLE
            CODE    2364H     0022H     UNIT         ?PR?_BAT_VOL_HISTORY_BUFF_ADD?BATTERY_MONITOR
            CODE    2386H     0021H     UNIT         ?PR?USER_INIT?MAIN
            CODE    23A7H     0021H     UNIT         ?PR?KEY_DRIVER
            CODE    23C8H     001BH     UNIT         ?PR?TIMER0_INIT?TIMER0
            CODE    23E3H     001BH     UNIT         ?PR?TIMER1_INIT?TIMER1
            CODE    23FEH     001AH     UNIT         ?PR?BLUETOOTH_IC_HANDLE_INIT?BLUETOOTH_IC_HANDLE
            CODE    2418H     0019H     UNIT         ?PR?CHARGE_DET_INIT?CHARGE_DET
            CODE    2431H     0018H     UNIT         ?PR?_DELAY_MS?SYSTEM
            CODE    2449H     0018H     UNIT         ?PR?WUT_IRQHANDLER?LOW_POWER
            CODE    2461H     0017H     UNIT         ?PR?ADC_GET_VAL_ONCE?ADC
            CODE    2478H     0017H     UNIT         ?PR?UART_DATA_HANDLE
            CODE    248FH     0017H     UNIT         ?PR?BAT_PERCENT_UPDATE_TIME_ADD?BATTERY_MONITOR
            CODE    24A6H     0016H     UNIT         ?PR?PWM
            CODE    24BCH     0016H     UNIT         ?PR?_BAT_VOL_HISTORY_BUFF_INIT?BATTERY_MONITOR
            CODE    24D2H     0015H     UNIT         ?PR?BAT_PERCENT_UPDATE_TIME_IS_COMES?BATTERY_MONITOR
            CODE    24E7H     0015H     UNIT         ?PR?BLE_IC_ENABLE?BLUETOOTH_IC_HANDLE
            CODE    24FCH     0013H     UNIT         ?PR?UART_RECEIVER_TIMEOUT_HANDLER?UART_DATA_HANDLE
            CODE    250FH     0012H     UNIT         ?PR?ADC_INIT_WHEN_LOW_PWR_OUT?ADC
            CODE    2521H     0012H     UNIT         ?PR?UART_RECEIVER_RESET?UART_DATA_HANDLE
BL51 BANKED LINKER/LOCATER V6.22.4.0                                                  07/02/2026  13:46:32  PAGE 4


            CODE    2533H     0011H     UNIT         ?PR?ADC_PIN_INIT?ADC
            CODE    2544H     0010H     UNIT         ?PR?_GET_BATTERY_VOLTAGE_BY_ADC?BATTERY_MONITOR
            CODE    2554H     000FH     UNIT         ?PR?AD_KEY
            CODE    2563H     000FH     UNIT         ?PR?LED_CTL_INIT?LED
            CODE    2572H     000DH     UNIT         ?PR?LED_YELLOW_ON?LED
            CODE    257FH     000DH     UNIT         ?PR?LED_WHITE_ON?LED
            CODE    258CH     000BH     UNIT         ?PR?_DELAY?SYSTEM
            CODE    2597H     0009H     UNIT         ?PR?_PWM_SET_CHANNEL_0_DUTY?PWM
            CODE    25A0H     0009H     UNIT         ?PR?_PWM_SET_CHANNEL_1_DUTY?PWM
            CODE    25A9H     0009H     UNIT         ?PR?UART0_RXBUFFER_GET_COUNT?UART0
            CODE    25B2H     0008H     UNIT         ?PR?_UART0_SENDBYTE?UART0
            CODE    25BAH     0008H     UNIT         ?CO?UART_DATA_HANDLE
            CODE    25C2H     0008H     UNIT         ?PR?LED_YELLOW_OFF?LED
            CODE    25CAH     0008H     UNIT         ?PR?LED_WHITE_OFF?LED
            CODE    25D2H     0008H     UNIT         ?PR?BAT_PERCENT_UPDATE_TIME_RESET?BATTERY_MONITOR
            CODE    25DAH     0008H     UNIT         ?PR?BLE_IC_DISABLE_POST?BLUETOOTH_IC_HANDLE
            CODE    25E2H     0007H     UNIT         ?PR?UART0
            CODE    25E9H     0007H     UNIT         ?PR?LOW_POWER
            CODE    25F0H     0003H     UNIT         ?PR?CHARGE_DET_TIME_ADD?CHARGE_DET



OVERLAY MAP OF MODULE:   .\Release\Objects\Demo (?C_STARTUP)


SEGMENT                                            XDATA_GROUP
  +--> CALLED SEGMENT                            START    LENGTH
----------------------------------------------------------------
?C_C51STARTUP                                    -----    -----
  +--> ?PR?MAIN?MAIN
  +--> ?C_INITSEG

?PR?MAIN?MAIN                                    -----    -----
  +--> ?PR?SYSTEM_INIT?SYSTEM
  +--> ?PR?USER_INIT?MAIN
  +--> ?PR?_DELAY_MS?SYSTEM
  +--> ?PR?_KEY_DRIVER_SCAN?KEY_DRIVER
  +--> ?PR?AD_KEY_HANDLE?AD_KEY
  +--> ?PR?UART_DATA_HANDLE?UART_DATA_HANDLE
  +--> ?PR?BATTERY_MONITOR_HANDLE?BATTERY_MO...
  +--> ?PR?CHARGE_DET?CHARGE_DET
  +--> ?PR?LOW_POWER_HANDLE?LOW_POWER

?PR?SYSTEM_INIT?SYSTEM                           -----    -----
  +--> ?PR?_DELAY?SYSTEM
  +--> ?PR?_DELAY_MS?SYSTEM

?PR?_DELAY_MS?SYSTEM                             -----    -----
  +--> ?PR?_DELAY?SYSTEM

?PR?USER_INIT?MAIN                               -----    -----
  +--> ?PR?ADC_PIN_INIT?ADC
  +--> ?PR?ADC_INIT?ADC
  +--> ?PR?LED_INIT?LED
  +--> ?PR?UART0_INIT?UART0
  +--> ?PR?PWM_INIT?PWM
  +--> ?PR?BLUETOOTH_IC_HANDLE_INIT?BLUETOOT...
BL51 BANKED LINKER/LOCATER V6.22.4.0                                                  07/02/2026  13:46:32  PAGE 5


  +--> ?PR?UART_RECEIVER_RESET?UART_DATA_HANDLE
  +--> ?PR?LED_CTL_INIT?LED
  +--> ?PR?CHARGE_DET_INIT?CHARGE_DET
  +--> ?PR?TIMER0_INIT?TIMER0
  +--> ?PR?TIMER1_INIT?TIMER1

?PR?ADC_INIT?ADC                                 -----    -----
  +--> ?PR?_DELAY_MS?SYSTEM

?PR?LED_INIT?LED                                 -----    -----
  +--> ?PR?LED

?PR?PWM_INIT?PWM                                 -----    -----
  +--> ?PR?PWM

?PR?_KEY_DRIVER_SCAN?KEY_DRIVER                  629AH    0002H
  +--> ?PR?KEY_DRIVER

?PR?AD_KEY_HANDLE?AD_KEY                         629AH    0001H
  +--> ?PR?_AD_KEY_GET_EVENT?AD_KEY
  +--> ?PR?LED_STATUS_SWITCH?LED
  +--> ?PR?_UART_DATA_SEND_CMD?UART_DATA_HANDLE
  +--> ?PR?BLE_IC_DISABLE_PRE?BLUETOOTH_IC_H...
  +--> ?PR?BLE_IC_ENABLE?BLUETOOTH_IC_HANDLE

?PR?_AD_KEY_GET_EVENT?AD_KEY                     -----    -----
  +--> ?PR?AD_KEY

?PR?LED_STATUS_SWITCH?LED                        -----    -----
  +--> ?PR?_LED_STATUS_SET?LED

?PR?_LED_STATUS_SET?LED                          629BH    0001H
  +--> ?PR?LED_YELLOW_OFF?LED
  +--> ?PR?LED_WHITE_OFF?LED
  +--> ?PR?LED_WHITE_ON?LED
  +--> ?PR?LED_YELLOW_ON?LED

?PR?LED_WHITE_ON?LED                             -----    -----
  +--> ?PR?_PWM_SET_CHANNEL_1_DUTY?PWM

?PR?_PWM_SET_CHANNEL_1_DUTY?PWM                  -----    -----
  +--> ?PR?PWM

?PR?LED_YELLOW_ON?LED                            -----    -----
  +--> ?PR?_PWM_SET_CHANNEL_0_DUTY?PWM

?PR?_PWM_SET_CHANNEL_0_DUTY?PWM                  -----    -----
  +--> ?PR?PWM

?PR?_UART_DATA_SEND_CMD?UART_DATA_HANDLE         629BH    0009H
  +--> ?CO?UART_DATA_HANDLE
  +--> ?PR?_UART0_SENDBUF?UART0

?PR?_UART0_SENDBUF?UART0                         62A4H    0003H
  +--> ?PR?_UART0_SENDBYTE?UART0

?PR?BLE_IC_DISABLE_PRE?BLUETOOTH_IC_H...         -----    -----
BL51 BANKED LINKER/LOCATER V6.22.4.0                                                  07/02/2026  13:46:32  PAGE 6


  +--> ?PR?_UART_DATA_SEND_CMD?UART_DATA_HANDLE

?PR?BLE_IC_ENABLE?BLUETOOTH_IC_HANDLE            -----    -----
  +--> ?PR?_DELAY_MS?SYSTEM
  +--> ?PR?_UART_DATA_SEND_CMD?UART_DATA_HANDLE

?PR?UART_DATA_HANDLE?UART_DATA_HANDLE            -----    -----
  +--> ?PR?UART_RECEIVER_RESET?UART_DATA_HANDLE
  +--> ?PR?UART_RECEIVER_TIMEOUT_HANDLER?UAR...
  +--> ?PR?UART0_RXBUFFER_GET_COUNT?UART0
  +--> ?PR?UART0_RXBUFFER_GET_BYTE?UART0
  +--> ?PR?_UART_RECEIVER_PROCESS_BYTE?UART_...
  +--> ?PR?BLE_IC_DISABLE_POST?BLUETOOTH_IC_...

?PR?UART_RECEIVER_TIMEOUT_HANDLER?UAR...         -----    -----
  +--> ?PR?UART_RECEIVER_RESET?UART_DATA_HANDLE

?PR?UART0_RXBUFFER_GET_BYTE?UART0                -----    -----
  +--> ?PR?UART0

?PR?_UART_RECEIVER_PROCESS_BYTE?UART_...         -----    -----
  +--> ?PR?UART_DATA_HANDLE
  +--> ?PR?UART_RECEIVER_PROCESS_CHECKSUM?UA...

?PR?BATTERY_MONITOR_HANDLE?BATTERY_MO...         -----    -----
  +--> ?PR?_BAT_VOL_HISTORY_BUFF_ADD?BATTERY...
  +--> ?PR?BAT_VOL_HISTORY_BUFF_GET_AVG?BATT...
  +--> ?PR?BATTERY_MONITOR
  +--> ?PR?_GET_BATTERY_PERCENTAGE_BY_VOLTAG...
  +--> ?PR?BAT_PERCENT_UPDATE_TIME_IS_COMES?...
  +--> ?PR?BAT_PERCENT_UPDATE_TIME_RESET?BAT...
  +--> ?PR?_LED_STATUS_SET?LED
  +--> ?PR?_UART_DATA_SEND_CMD?UART_DATA_HANDLE
  +--> ?PR?_DELAY_MS?SYSTEM
  +--> ?PR?BLE_IC_DISABLE_PRE?BLUETOOTH_IC_H...
  +--> ?PR?BLE_IC_ENABLE?BLUETOOTH_IC_HANDLE

?PR?_BAT_VOL_HISTORY_BUFF_ADD?BATTERY...         -----    -----
  +--> ?PR?BATTERY_MONITOR

?PR?BAT_VOL_HISTORY_BUFF_GET_AVG?BATT...         629AH    0005H
  +--> ?PR?BATTERY_MONITOR

?PR?_GET_BATTERY_PERCENTAGE_BY_VOLTAG...         62ADH    0006H
  +--> ?PR?BATTERY_MONITOR

?PR?CHARGE_DET?CHARGE_DET                        629AH    0002H
  +--> ?PR?_ADC_GET_UPDATE_FLAG?ADC
  +--> ?PR?_ADC_CLEAR_UPDATE_FLAG?ADC
  +--> ?PR?_ADC_GET_VAL?ADC
  +--> ?PR?CHARGE_DET

?PR?LOW_POWER_HANDLE?LOW_POWER                   629AH    0005H
  +--> ?PR?LOW_POWER
  +--> ?PR?LOW_POWER_IN?LOW_POWER
  +--> ?PR?LOW_POWER_OUT?LOW_POWER
  +--> ?PR?ADC_PIN_INIT?ADC
BL51 BANKED LINKER/LOCATER V6.22.4.0                                                  07/02/2026  13:46:32  PAGE 7


  +--> ?PR?ADC_INIT_WHEN_LOW_PWR_OUT?ADC
  +--> ?PR?_ADC_CHANNEL_SEL?ADC
  +--> ?PR?_DELAY_MS?SYSTEM
  +--> ?PR?ADC_GET_VAL_ONCE?ADC
  +--> ?PR?_GET_BATTERY_VOLTAGE_BY_ADC?BATTE...
  +--> ?PR?_GET_BATTERY_PERCENTAGE_BY_VOLTAG...
  +--> ?PR?_BAT_VOL_HISTORY_BUFF_INIT?BATTER...
  +--> ?PR?USER_INIT?MAIN

?PR?LOW_POWER_IN?LOW_POWER                       -----    -----
  +--> ?PR?_DELAY_MS?SYSTEM

?PR?ADC_GET_VAL_ONCE?ADC                         -----    -----
  +--> ?PR?ADC

?PR?ADC                                          -----    -----
  +--> ?PR?_ADC_CHANNEL_SEL?ADC

?PR?_BAT_VOL_HISTORY_BUFF_INIT?BATTER...         -----    -----
  +--> ?PR?BATTERY_MONITOR

?C_INITSEG                                       -----    -----
  +--> ?PR?AD_KEY_GET_KEY_VAL?AD_KEY

?PR?AD_KEY_GET_KEY_VAL?AD_KEY                    629AH    0001H
  +--> ?PR?_ADC_GET_UPDATE_FLAG?ADC
  +--> ?PR?_ADC_CLEAR_UPDATE_FLAG?ADC
  +--> ?PR?_ADC_GET_VAL?ADC
  +--> ?PR?_AD_KEY_VAL_TO_AD_KEY_INDEX?AD_KEY

?PR?_AD_KEY_VAL_TO_AD_KEY_INDEX?AD_KEY           629BH    0002H

*** NEW ROOT ***************************************************

?PR?ADC_IRQHANDLER?ADC                           62A7H    0002H
  +--> ?PR?ADC
  +--> ?PR?_ADC_UPDATE_VAL?ADC
  +--> ?PR?BATTERY_VOLTAGE_UPDATE_BY_ISR?BAT...

?PR?BATTERY_VOLTAGE_UPDATE_BY_ISR?BAT...         62A9H    0004H
  +--> ?PR?_ADC_GET_UPDATE_FLAG?ADC
  +--> ?PR?_ADC_CLEAR_UPDATE_FLAG?ADC
  +--> ?PR?_ADC_GET_VAL?ADC
  +--> ?PR?_GET_BATTERY_VOLTAGE_BY_ADC?BATTE...
  +--> ?PR?BATTERY_MONITOR
  +--> ?PR?_BAT_VOL_HISTORY_BUFF_INIT?BATTER...
  +--> ?PR?_GET_BATTERY_PERCENTAGE_BY_VOLTAG...

*** NEW ROOT ***************************************************

?PR?TIMR0_IRQHANDLER?TIMER0                      -----    -----
  +--> ?PR?ADC_SCAN?ADC
  +--> ?PR?CHARGE_DET_TIME_ADD?CHARGE_DET
  +--> ?PR?UART_RECEIVER_TIMEOUT_ADD?UART_DA...
  +--> ?PR?BAT_VOL_UPDATE_TIMER_CALLBACK?BAT...
  +--> ?PR?BAT_VOL_BUFF_ADD_TIMER_CALLBACK?B...
  +--> ?PR?BAT_VOL_BUFF_GET_AVG_TIMER_CALLBA...
BL51 BANKED LINKER/LOCATER V6.22.4.0                                                  07/02/2026  13:46:32  PAGE 8


  +--> ?PR?LED_SLOW_ADJUST_ISR?LED
  +--> ?PR?LED_RED_BLUE_FLASH_1MS_ISR?LED
  +--> ?PR?LED_BAT_INSTRUCTION_TIMER_CALLBAC...
  +--> ?PR?LOW_POWER_ENTER_TIMER_CALLBACK?LO...
  +--> ?PR?SEND_LOW_BAT_TIMER_CALLBACK?BATTE...
  +--> ?PR?BAT_PERCENT_UPDATE_TIME_ADD?BATTE...

?PR?ADC_SCAN?ADC                                 -----    -----
  +--> ?PR?ADC

?PR?BAT_VOL_BUFF_ADD_TIMER_CALLBACK?B...         -----    -----
  +--> ?PR?BATTERY_MONITOR

?PR?BAT_VOL_BUFF_GET_AVG_TIMER_CALLBA...         -----    -----
  +--> ?PR?BATTERY_MONITOR

?PR?LED_SLOW_ADJUST_ISR?LED                      -----    -----
  +--> ?PR?LED
  +--> ?PR?_PWM_SET_CHANNEL_0_DUTY?PWM
  +--> ?PR?_PWM_SET_CHANNEL_1_DUTY?PWM

?PR?LED_RED_BLUE_FLASH_1MS_ISR?LED               62B3H    0002H
  +--> ?PR?LED

?PR?LED_BAT_INSTRUCTION_TIMER_CALLBAC...         -----    -----
  +--> ?PR?LED

?PR?LOW_POWER_ENTER_TIMER_CALLBACK?LO...         -----    -----
  +--> ?PR?IS_LOW_POWER_CONDITION_ESTABLISH?...
  +--> ?PR?LOW_POWER

?PR?SEND_LOW_BAT_TIMER_CALLBACK?BATTE...         -----    -----
  +--> ?PR?BATTERY_MONITOR

*** NEW ROOT ***************************************************

?PR?TIMR1_IRQHANDLER?TIMER1                      -----    -----
  +--> ?PR?DETECT_1KHZ_SIGNAL_100US?CHARGE_DET
  +--> ?PR?DETECT_DISCHARGE_1KHZ_SIGNAL_100U...

?PR?DETECT_1KHZ_SIGNAL_100US?CHARGE_DET          62B5H    0001H
  +--> ?PR?CHARGE_DET

?PR?DETECT_DISCHARGE_1KHZ_SIGNAL_100U...         62B5H    0001H
  +--> ?PR?CHARGE_DET

*** NEW ROOT ***************************************************

?PR?UART0_IRQHANDLER?UART0                       62B6H    0001H
  +--> ?PR?_UART0_RXBUFFER_PUT_BYTE?UART0

?PR?_UART0_RXBUFFER_PUT_BYTE?UART0               -----    -----
  +--> ?PR?UART0



SYMBOL TABLE OF MODULE:  .\Release\Objects\Demo (?C_STARTUP)
BL51 BANKED LINKER/LOCATER V6.22.4.0                                                  07/02/2026  13:46:32  PAGE 9



  VALUE           TYPE          NAME
  ----------------------------------

  -------         MODULE        ?C_STARTUP
  C:18AEH         SEGMENT       ?C_C51STARTUP
  I:0021H         SEGMENT       ?STACK
  C:0000H         PUBLIC        ?C_STARTUP
  D:00E0H         SYMBOL        ACC
  D:00F0H         SYMBOL        B
  D:0083H         SYMBOL        DPH
  D:0082H         SYMBOL        DPL
  N:0000H         SYMBOL        IBPSTACK
  N:0100H         SYMBOL        IBPSTACKTOP
  N:0080H         SYMBOL        IDATALEN
  C:18B1H         SYMBOL        IDATALOOP
  N:0000H         SYMBOL        PBPSTACK
  N:0100H         SYMBOL        PBPSTACKTOP
  N:0000H         SYMBOL        PDATALEN
  N:0000H         SYMBOL        PDATASTART
  N:0000H         SYMBOL        PPAGE
  N:0000H         SYMBOL        PPAGEENABLE
  D:00A0H         SYMBOL        PPAGE_SFR
  D:0081H         SYMBOL        SP
  C:18AEH         SYMBOL        STARTUP1
  N:0000H         SYMBOL        XBPSTACK
  N:0000H         SYMBOL        XBPSTACKTOP
  N:0000H         SYMBOL        XDATALEN
  N:0000H         SYMBOL        XDATASTART
  C:0000H         LINE#         126
  C:18AEH         LINE#         133
  C:18B0H         LINE#         134
  C:18B1H         LINE#         135
  C:18B2H         LINE#         136
  C:18B4H         LINE#         185
  C:18B7H         LINE#         196
  -------         ENDMOD        ?C_STARTUP

  -------         MODULE        SYSTEM
  C:0000H         SYMBOL        _ICE_DUMMY_
  D:00A7H         PUBLIC        FLASH_TIMEREG0
  D:00ACH         PUBLIC        FLASH_TIMEREG1
  C:258CH         PUBLIC        _delay
  C:2431H         PUBLIC        _delay_ms
  C:152CH         PUBLIC        system_init
  -------         PROC          _DELAY
  D:0006H         SYMBOL        cnt
  C:258CH         LINE#         37
  C:258CH         LINE#         38
  C:258CH         LINE#         39
  C:2596H         LINE#         40
  C:2596H         LINE#         41
  C:2596H         LINE#         42
  -------         ENDPROC       _DELAY
  -------         PROC          _DELAY_MS
  D:0002H         SYMBOL        ms
  C:2431H         LINE#         49
BL51 BANKED LINKER/LOCATER V6.22.4.0                                                  07/02/2026  13:46:32  PAGE 10


  C:2435H         LINE#         50
  C:2435H         LINE#         51
  C:243FH         LINE#         52
  C:243FH         LINE#         53
  C:2446H         LINE#         54
  C:2448H         LINE#         55
  -------         ENDPROC       _DELAY_MS
  -------         PROC          SYSTEM_INIT
  -------         DO            
  D:0007H         SYMBOL        i
  -------         ENDDO         
  C:152CH         LINE#         62
  C:152CH         LINE#         63
  C:152CH         LINE#         66
  C:1533H         LINE#         67
  C:1540H         LINE#         68
  C:1543H         LINE#         69
  C:1546H         LINE#         70
  C:154CH         LINE#         71
  C:1552H         LINE#         72
  C:1558H         LINE#         76
  C:155AH         LINE#         77
  C:155AH         LINE#         78
  C:1567H         LINE#         79
  C:156CH         LINE#         81
  C:15FAH         LINE#         82
  -------         ENDPROC       SYSTEM_INIT
  -------         ENDMOD        SYSTEM

  -------         MODULE        ADC
  C:0000H         SYMBOL        _ICE_DUMMY_
  D:00A8H         PUBLIC        IE0
  D:00A9H         PUBLIC        IE1
  D:00AAH         PUBLIC        IE2
  D:00ABH         PUBLIC        IE3
  B:00A8H.7       PUBLIC        IE_EA
  D:00B8H         PUBLIC        IP0
  D:00B1H         PUBLIC        IP1
  D:00B2H         PUBLIC        IP2
  D:00B3H         PUBLIC        IP3
  D:00B4H         PUBLIC        IP4
  D:00B5H         PUBLIC        IP5
  D:00B6H         PUBLIC        IP6
  D:00B7H         PUBLIC        IP7
  D:0093H         PUBLIC        ADC_DATAH0
  D:0094H         PUBLIC        ADC_DATAL0
  D:0099H         PUBLIC        ADC_CHS0
  X:62E3H         PUBLIC        cur_adc_status
  C:2533H         PUBLIC        adc_pin_init
  C:2320H         PUBLIC        adc_init
  C:1C27H         PUBLIC        adc_scan
  C:250FH         PUBLIC        adc_init_when_low_pwr_out
  C:2028H         PUBLIC        _adc_update_val
  C:21AEH         PUBLIC        _adc_get_val
  C:22B4H         PUBLIC        _adc_get_update_flag
  C:0024H         PUBLIC        _adc_clear_update_flag
  C:1E35H         PUBLIC        _adc_channel_sel
BL51 BANKED LINKER/LOCATER V6.22.4.0                                                  07/02/2026  13:46:32  PAGE 11


  C:2461H         PUBLIC        adc_get_val_once
  X:62E4H         SYMBOL        adc_adkey_val
  B:0020H.0       SYMBOL        flag_is_adkey_val_update
  X:62E6H         SYMBOL        adc_bat_det_val
  B:0020H.1       SYMBOL        flag_is_adc_bat_det_val_update
  X:62E8H         SYMBOL        adc_solar_det_val
  B:0020H.2       SYMBOL        flag_is_adc_solar_det_val_update
  X:62EAH         SYMBOL        adc_type_c_det_val
  B:0020H.3       SYMBOL        flag_is_adc_type_c_det_val_update
  C:19C5H         PUBLIC        ADC_IRQHandler
  C:21DCH         SYMBOL        Com0067
  C:21DCH         SYMBOL        L?0104
  C:21DCH         SYMBOL        L?0105
  C:21E6H         SYMBOL        L?0106
  C:21E6H         SYMBOL        L?0107
  C:21EFH         SYMBOL        L?0108
  C:21EFH         SYMBOL        L?0109
  C:21F6H         SYMBOL        L?0110
  C:2200H         SYMBOL        L?0111
  -------         PROC          COM0067
  -------         ENDPROC       COM0067
  -------         PROC          ADC_PIN_INIT
  C:2533H         LINE#         22
  C:2533H         LINE#         23
  C:2533H         LINE#         25
  C:2539H         LINE#         28
  C:253FH         LINE#         31
  C:2543H         LINE#         32
  -------         ENDPROC       ADC_PIN_INIT
  -------         PROC          ADC_INIT
  C:2320H         LINE#         34
  C:2320H         LINE#         35
  C:2320H         LINE#         36
  C:2325H         LINE#         38
  C:232BH         LINE#         42
  C:232EH         LINE#         43
  C:2330H         LINE#         45
  C:2336H         LINE#         47
  C:233BH         LINE#         50
  -------         ENDPROC       ADC_INIT
  -------         PROC          _ADC_UPDATE_VAL
  D:0007H         SYMBOL        adc_channel
  D:0004H         SYMBOL        adc_val
  C:2028H         LINE#         59
  C:2028H         LINE#         60
  C:2028H         LINE#         61
  C:2037H         LINE#         62
  C:2037H         LINE#         63
  C:2037H         LINE#         64
  C:203FH         LINE#         65
  C:2041H         LINE#         66
  C:2042H         LINE#         67
  C:2042H         LINE#         68
  C:204AH         LINE#         69
  C:204CH         LINE#         70
  C:204DH         LINE#         71
  C:204DH         LINE#         72
BL51 BANKED LINKER/LOCATER V6.22.4.0                                                  07/02/2026  13:46:32  PAGE 12


  C:2055H         LINE#         73
  C:2057H         LINE#         74
  C:2058H         LINE#         75
  C:2058H         LINE#         76
  C:2062H         LINE#         77
  C:2064H         LINE#         78
  C:2064H         LINE#         79
  C:2064H         LINE#         80
  -------         ENDPROC       _ADC_UPDATE_VAL
  -------         PROC          _ADC_GET_VAL
  D:0007H         SYMBOL        adc_channel
  -------         DO            
  D:0004H         SYMBOL        ret
  -------         ENDDO         
  C:21AEH         LINE#         82
  C:21AEH         LINE#         83
  C:21AEH         LINE#         84
  C:21B1H         LINE#         85
  C:21C0H         LINE#         86
  C:21C0H         LINE#         87
  C:21C0H         LINE#         88
  C:21C3H         LINE#         89
  C:21C5H         LINE#         90
  C:21C5H         LINE#         91
  C:21C8H         LINE#         92
  C:21CAH         LINE#         93
  C:21CAH         LINE#         94
  C:21CDH         LINE#         95
  C:21CFH         LINE#         96
  C:21CFH         LINE#         97
  C:21D7H         LINE#         98
  C:21D7H         LINE#         100
  C:21D7H         LINE#         101
  C:21D7H         LINE#         102
  C:21D7H         LINE#         104
  C:21DBH         LINE#         105
  -------         ENDPROC       _ADC_GET_VAL
  -------         PROC          _ADC_GET_UPDATE_FLAG
  D:0007H         SYMBOL        adc_channel
  -------         DO            
  D:0006H         SYMBOL        ret
  -------         ENDDO         
  C:22B4H         LINE#         108
  C:22B4H         LINE#         109
  C:22B4H         LINE#         110
  C:22B6H         LINE#         111
  C:22C5H         LINE#         112
  C:22C5H         LINE#         113
  C:22C5H         LINE#         114
  C:22C7H         LINE#         115
  C:22C9H         LINE#         116
  C:22C9H         LINE#         117
  C:22CBH         LINE#         118
  C:22CDH         LINE#         119
  C:22CDH         LINE#         120
  C:22CFH         LINE#         121
  C:22D1H         LINE#         122
BL51 BANKED LINKER/LOCATER V6.22.4.0                                                  07/02/2026  13:46:32  PAGE 13


  C:22D1H         LINE#         123
  C:22D6H         LINE#         124
  C:22D6H         LINE#         126
  C:22D6H         LINE#         127
  C:22D6H         LINE#         128
  C:22D6H         LINE#         130
  C:22D8H         LINE#         131
  -------         ENDPROC       _ADC_GET_UPDATE_FLAG
  -------         PROC          _ADC_CLEAR_UPDATE_FLAG
  D:0007H         SYMBOL        adc_channel
  C:0024H         LINE#         134
  C:0024H         LINE#         135
  C:0024H         LINE#         136
  C:0033H         LINE#         137
  C:0033H         LINE#         138
  C:0033H         LINE#         139
  C:0035H         LINE#         140
  C:0036H         LINE#         141
  C:0036H         LINE#         142
  C:0038H         LINE#         143
  C:0039H         LINE#         144
  C:0039H         LINE#         145
  C:003BH         LINE#         146
  C:003CH         LINE#         147
  C:003CH         LINE#         148
  C:003EH         LINE#         149
  C:003EH         LINE#         151
  C:003EH         LINE#         152
  C:003EH         LINE#         153
  C:003EH         LINE#         154
  -------         ENDPROC       _ADC_CLEAR_UPDATE_FLAG
  -------         PROC          _ADC_CHANNEL_SEL
  D:0007H         SYMBOL        adc_channel
  C:1E35H         LINE#         156
  C:1E35H         LINE#         157
  C:1E35H         LINE#         158
  C:1E3CH         LINE#         162
  C:1E4BH         LINE#         163
  C:1E4BH         LINE#         164
  C:1E4BH         LINE#         166
  C:1E52H         LINE#         168
  C:1E55H         LINE#         169
  C:1E57H         LINE#         170
  C:1E57H         LINE#         171
  C:1E5EH         LINE#         174
  C:1E61H         LINE#         176
  C:1E63H         LINE#         177
  C:1E63H         LINE#         181
  C:1E6AH         LINE#         184
  C:1E6DH         LINE#         185
  C:1E6FH         LINE#         187
  C:1E6FH         LINE#         188
  C:1E76H         LINE#         191
  C:1E79H         LINE#         192
  C:1E79H         LINE#         194
  C:1E79H         LINE#         195
  C:1E79H         LINE#         196
BL51 BANKED LINKER/LOCATER V6.22.4.0                                                  07/02/2026  13:46:32  PAGE 14


  C:1E79H         LINE#         198
  C:1E7FH         LINE#         200
  -------         ENDPROC       _ADC_CHANNEL_SEL
  -------         PROC          ADC_INIT_WHEN_LOW_PWR_OUT
  C:250FH         LINE#         203
  C:250FH         LINE#         204
  C:250FH         LINE#         205
  C:2515H         LINE#         208
  C:251BH         LINE#         209
  C:2520H         LINE#         211
  -------         ENDPROC       ADC_INIT_WHEN_LOW_PWR_OUT
  -------         PROC          ADC_GET_VAL_ONCE
  C:2461H         LINE#         214
  C:2461H         LINE#         215
  C:2461H         LINE#         216
  C:2467H         LINE#         217
  C:246DH         LINE#         219
  C:246FH         LINE#         220
  C:2477H         LINE#         221
  -------         ENDPROC       ADC_GET_VAL_ONCE
  -------         PROC          ADC_SCAN
  C:1C27H         LINE#         224
  C:1C27H         LINE#         225
  C:1C27H         LINE#         227
  C:1C4DH         LINE#         228
  C:1C4DH         LINE#         229
  C:1C4DH         LINE#         231
  C:1C4DH         LINE#         232
  C:1C4FH         LINE#         233
  C:1C55H         LINE#         234
  C:1C56H         LINE#         235
  C:1C56H         LINE#         237
  C:1C56H         LINE#         238
  C:1C5CH         LINE#         239
  C:1C5DH         LINE#         240
  C:1C5DH         LINE#         241
  C:1C5FH         LINE#         242
  C:1C65H         LINE#         243
  C:1C66H         LINE#         244
  C:1C66H         LINE#         249
  C:1C66H         LINE#         250
  C:1C6CH         LINE#         251
  C:1C6DH         LINE#         252
  C:1C6DH         LINE#         253
  C:1C6FH         LINE#         254
  C:1C75H         LINE#         255
  C:1C76H         LINE#         256
  C:1C76H         LINE#         257
  C:1C76H         LINE#         258
  C:1C7CH         LINE#         259
  C:1C7DH         LINE#         260
  C:1C7DH         LINE#         261
  C:1C7FH         LINE#         262
  C:1C85H         LINE#         263
  C:1C86H         LINE#         264
  C:1C86H         LINE#         265
  C:1C86H         LINE#         266
BL51 BANKED LINKER/LOCATER V6.22.4.0                                                  07/02/2026  13:46:32  PAGE 15


  C:1C8CH         LINE#         267
  C:1C8CH         LINE#         269
  C:1C8CH         LINE#         270
  C:1C8CH         LINE#         271
  C:1C8CH         LINE#         272
  -------         ENDPROC       ADC_SCAN
  -------         PROC          ADC_IRQHANDLER
  -------         DO            
  X:62A7H         SYMBOL        adc_val
  -------         ENDDO         
  C:19C5H         LINE#         274
  C:19E2H         LINE#         279
  C:19E2H         LINE#         283
  C:19E8H         LINE#         284
  C:19E8H         LINE#         285
  C:19EBH         LINE#         286
  C:19FAH         LINE#         288
  C:1A0EH         LINE#         289
  C:1A0EH         LINE#         290
  C:1A0EH         LINE#         291
  C:1A13H         LINE#         292
  C:1A15H         LINE#         293
  C:1A15H         LINE#         294
  C:1A1DH         LINE#         299
  C:1A20H         LINE#         300
  C:1A22H         LINE#         301
  C:1A22H         LINE#         302
  C:1A27H         LINE#         303
  C:1A29H         LINE#         304
  C:1A29H         LINE#         305
  C:1A31H         LINE#         306
  C:1A31H         LINE#         308
  C:1A31H         LINE#         309
  C:1A31H         LINE#         310
  C:1A31H         LINE#         311
  C:1A31H         LINE#         314
  C:1A31H         LINE#         315
  -------         ENDPROC       ADC_IRQHANDLER
  -------         ENDMOD        ADC

  -------         MODULE        PWM
  C:0000H         SYMBOL        _ICE_DUMMY_
  B:00A0H.7       PUBLIC        P27
  B:00B0H.0       PUBLIC        P30
  C:193AH         PUBLIC        pwm_init
  C:2597H         PUBLIC        _pwm_set_channel_0_duty
  C:25A0H         PUBLIC        _pwm_set_channel_1_duty
  C:24A6H         SYMBOL        Com0004
  C:24A6H         SYMBOL        L?0005
  C:24B1H         SYMBOL        L?0006
  -------         PROC          COM0004
  -------         ENDPROC       COM0004
  -------         PROC          PWM_INIT
  C:193AH         LINE#         3
  C:193AH         LINE#         4
  C:193AH         LINE#         6
  C:1940H         LINE#         7
BL51 BANKED LINKER/LOCATER V6.22.4.0                                                  07/02/2026  13:46:32  PAGE 16


  C:1944H         LINE#         9
  C:1946H         LINE#         10
  C:194BH         LINE#         13
  C:1951H         LINE#         14
  C:1955H         LINE#         16
  C:1957H         LINE#         17
  C:195CH         LINE#         21
  C:1962H         LINE#         22
  C:1967H         LINE#         23
  C:196CH         LINE#         24
  C:1970H         LINE#         25
  C:1972H         LINE#         26
  C:1972H         LINE#         27
  C:1972H         LINE#         29
  C:1978H         LINE#         30
  C:197EH         LINE#         31
  C:1984H         LINE#         32
  C:198AH         LINE#         33
  C:1990H         LINE#         37
  C:1996H         LINE#         38
  C:199BH         LINE#         39
  C:19A0H         LINE#         40
  C:19A4H         LINE#         41
  C:19A6H         LINE#         42
  C:19A6H         LINE#         43
  C:19A6H         LINE#         45
  C:19ACH         LINE#         46
  C:19B2H         LINE#         47
  C:19B8H         LINE#         48
  C:19BEH         LINE#         49
  C:19C4H         LINE#         50
  -------         ENDPROC       PWM_INIT
  -------         PROC          _PWM_SET_CHANNEL_0_DUTY
  D:0004H         SYMBOL        channel_duty
  C:2597H         LINE#         53
  C:2597H         LINE#         54
  C:2597H         LINE#         55
  C:2599H         LINE#         56
  C:2599H         LINE#         57
  C:259FH         LINE#         58
  -------         ENDPROC       _PWM_SET_CHANNEL_0_DUTY
  -------         PROC          _PWM_SET_CHANNEL_1_DUTY
  D:0004H         SYMBOL        channel_duty
  C:25A0H         LINE#         61
  C:25A0H         LINE#         62
  C:25A0H         LINE#         63
  C:25A2H         LINE#         64
  C:25A2H         LINE#         65
  C:25A8H         LINE#         66
  -------         ENDPROC       _PWM_SET_CHANNEL_1_DUTY
  -------         ENDMOD        PWM

  -------         MODULE        TIMER0
  C:0000H         SYMBOL        _ICE_DUMMY_
  D:00A8H         PUBLIC        IE0
  D:00A9H         PUBLIC        IE1
  D:00AAH         PUBLIC        IE2
BL51 BANKED LINKER/LOCATER V6.22.4.0                                                  07/02/2026  13:46:32  PAGE 17


  D:00ABH         PUBLIC        IE3
  B:00A8H.7       PUBLIC        IE_EA
  D:00B8H         PUBLIC        IP0
  D:00B1H         PUBLIC        IP1
  D:00B2H         PUBLIC        IP2
  D:00B3H         PUBLIC        IP3
  D:00B4H         PUBLIC        IP4
  D:00B5H         PUBLIC        IP5
  D:00B6H         PUBLIC        IP6
  D:00B7H         PUBLIC        IP7
  D:00D1H         PUBLIC        TMR_ALLCON
  C:23C8H         PUBLIC        timer0_init
  C:1BBBH         PUBLIC        TIMR0_IRQHandler
  -------         PROC          TIMER0_INIT
  C:23C8H         LINE#         10
  C:23C8H         LINE#         11
  C:23C8H         LINE#         12
  C:23CBH         LINE#         13
  C:23CDH         LINE#         15
  C:23D0H         LINE#         16
  C:23D5H         LINE#         17
  C:23D9H         LINE#         18
  C:23DEH         LINE#         19
  C:23E2H         LINE#         20
  -------         ENDPROC       TIMER0_INIT
  -------         PROC          TIMR0_IRQHANDLER
  C:1BBBH         LINE#         24
  C:1BD8H         LINE#         27
  C:1BD8H         LINE#         32
  C:1BDEH         LINE#         33
  C:1BDEH         LINE#         34
  C:1BE2H         LINE#         40
  C:1BE8H         LINE#         41
  C:1BEBH         LINE#         43
  C:1BEEH         LINE#         44
  C:1BF1H         LINE#         46
  C:1BF4H         LINE#         47
  C:1BF7H         LINE#         48
  C:1BFAH         LINE#         50
  C:1BFDH         LINE#         51
  C:1C00H         LINE#         52
  C:1C03H         LINE#         54
  C:1C06H         LINE#         55
  C:1C09H         LINE#         57
  C:1C0CH         LINE#         63
  C:1C0CH         LINE#         66
  C:1C0CH         LINE#         67
  -------         ENDPROC       TIMR0_IRQHANDLER
  -------         ENDMOD        TIMER0

  -------         MODULE        TIMER1
  C:0000H         SYMBOL        _ICE_DUMMY_
  D:00A8H         PUBLIC        IE0
  D:00A9H         PUBLIC        IE1
  D:00AAH         PUBLIC        IE2
  D:00ABH         PUBLIC        IE3
  B:00A8H.7       PUBLIC        IE_EA
BL51 BANKED LINKER/LOCATER V6.22.4.0                                                  07/02/2026  13:46:32  PAGE 18


  D:00B8H         PUBLIC        IP0
  D:00B1H         PUBLIC        IP1
  D:00B2H         PUBLIC        IP2
  D:00B3H         PUBLIC        IP3
  D:00B4H         PUBLIC        IP4
  D:00B5H         PUBLIC        IP5
  D:00B6H         PUBLIC        IP6
  D:00B7H         PUBLIC        IP7
  D:00D1H         PUBLIC        TMR_ALLCON
  C:23E3H         PUBLIC        timer1_init
  C:1F14H         PUBLIC        TIMR1_IRQHandler
  -------         PROC          TIMER1_INIT
  C:23E3H         LINE#         9
  C:23E3H         LINE#         10
  C:23E3H         LINE#         12
  C:23E6H         LINE#         13
  C:23E8H         LINE#         15
  C:23EBH         LINE#         16
  C:23F0H         LINE#         17
  C:23F4H         LINE#         18
  C:23F9H         LINE#         19
  C:23FDH         LINE#         23
  -------         ENDPROC       TIMER1_INIT
  -------         PROC          TIMR1_IRQHANDLER
  C:1F14H         LINE#         27
  C:1F31H         LINE#         30
  C:1F31H         LINE#         34
  C:1F37H         LINE#         35
  C:1F37H         LINE#         36
  C:1F3BH         LINE#         39
  C:1F3EH         LINE#         40
  C:1F41H         LINE#         41
  C:1F41H         LINE#         44
  C:1F41H         LINE#         45
  -------         ENDPROC       TIMR1_IRQHANDLER
  -------         ENDMOD        TIMER1

  -------         MODULE        UART0
  C:0000H         SYMBOL        _ICE_DUMMY_
  D:00A8H         PUBLIC        IE0
  D:00A9H         PUBLIC        IE1
  D:00AAH         PUBLIC        IE2
  D:00ABH         PUBLIC        IE3
  B:00A8H.7       PUBLIC        IE_EA
  D:00B8H         PUBLIC        IP0
  D:00B1H         PUBLIC        IP1
  D:00B2H         PUBLIC        IP2
  D:00B3H         PUBLIC        IP3
  D:00B4H         PUBLIC        IP4
  D:00B5H         PUBLIC        IP5
  D:00B6H         PUBLIC        IP6
  D:00B7H         PUBLIC        IP7
  D:00D2H         PUBLIC        UART0_CON0
  D:00D4H         PUBLIC        UART0_STA
  D:00D5H         PUBLIC        UART0_BAUD0
  D:00D6H         PUBLIC        UART0_BAUD1
  D:00D7H         PUBLIC        UART0_DATA
BL51 BANKED LINKER/LOCATER V6.22.4.0                                                  07/02/2026  13:46:32  PAGE 19


  C:20A1H         PUBLIC        uart0_init
  C:25B2H         PUBLIC        _uart0_sendbyte
  C:22FDH         PUBLIC        _uart0_sendbuf
  C:25A9H         PUBLIC        uart0_rxbuffer_get_count
  C:2065H         PUBLIC        uart0_rxbuffer_get_byte
  X:6000H         PUBLIC        uart0_rx_buffer
  C:1FE7H         SYMBOL        _uart0_rxbuffer_put_byte
  C:2114H         PUBLIC        UART0_IRQHandler
  C:25E2H         SYMBOL        Com0047
  C:25E2H         SYMBOL        L?0072
  C:25E2H         SYMBOL        L?0073
  -------         PROC          COM0047
  -------         ENDPROC       COM0047
  -------         PROC          UART0_INIT
  C:20A1H         LINE#         17
  C:20A1H         LINE#         18
  C:20A1H         LINE#         19
  C:20A7H         LINE#         20
  C:20ABH         LINE#         21
  C:20B2H         LINE#         23
  C:20B8H         LINE#         24
  C:20BEH         LINE#         25
  C:20C4H         LINE#         27
  C:20C7H         LINE#         28
  C:20CAH         LINE#         29
  C:20CDH         LINE#         33
  C:20D5H         LINE#         34
  C:20D8H         LINE#         35
  C:20DAH         LINE#         36
  -------         ENDPROC       UART0_INIT
  -------         PROC          _UART0_SENDBYTE
  D:0007H         SYMBOL        byte
  C:25B2H         LINE#         39
  C:25B2H         LINE#         40
  C:25B2H         LINE#         41
  C:25B7H         LINE#         44
  C:25B9H         LINE#         48
  -------         ENDPROC       _UART0_SENDBYTE
  -------         PROC          _UART0_SENDBUF
  X:62A4H         SYMBOL        buf
  D:0005H         SYMBOL        len
  -------         DO            
  D:0006H         SYMBOL        i
  -------         ENDDO         
  C:22FDH         LINE#         50
  C:2303H         LINE#         51
  C:2303H         LINE#         52
  C:2305H         LINE#         53
  C:230AH         LINE#         54
  C:230AH         LINE#         55
  C:231CH         LINE#         56
  C:231FH         LINE#         57
  -------         ENDPROC       _UART0_SENDBUF
  -------         PROC          UART0_RXBUFFER_GET_COUNT
  C:25A9H         LINE#         60
  C:25A9H         LINE#         61
  C:25A9H         LINE#         62
BL51 BANKED LINKER/LOCATER V6.22.4.0                                                  07/02/2026  13:46:32  PAGE 20


  C:25B1H         LINE#         63
  -------         ENDPROC       UART0_RXBUFFER_GET_COUNT
  -------         PROC          UART0_RXBUFFER_GET_BYTE
  -------         DO            
  D:0007H         SYMBOL        rxbyte
  -------         ENDDO         
  C:2065H         LINE#         66
  C:2065H         LINE#         67
  C:2065H         LINE#         70
  C:206FH         LINE#         71
  C:206FH         LINE#         73
  C:2071H         LINE#         74
  C:2071H         LINE#         80
  C:2077H         LINE#         81
  C:2080H         LINE#         82
  C:2080H         LINE#         83
  C:2084H         LINE#         84
  C:2084H         LINE#         85
  C:2096H         LINE#         87
  C:20A0H         LINE#         89
  C:20A0H         LINE#         90
  -------         ENDPROC       UART0_RXBUFFER_GET_BYTE
  -------         PROC          _UART0_RXBUFFER_PUT_BYTE
  D:0007H         SYMBOL        byte
  C:1FE7H         LINE#         92
  C:1FE7H         LINE#         93
  C:1FE7H         LINE#         100
  C:1FEDH         LINE#         101
  C:1FF6H         LINE#         102
  C:1FF6H         LINE#         103
  C:1FFAH         LINE#         104
  C:1FFAH         LINE#         105
  C:200CH         LINE#         107
  C:2012H         LINE#         108
  C:2021H         LINE#         109
  C:2021H         LINE#         110
  C:2027H         LINE#         111
  C:2027H         LINE#         112
  -------         ENDPROC       _UART0_RXBUFFER_PUT_BYTE
  -------         PROC          UART0_IRQHANDLER
  -------         DO            
  X:62B6H         SYMBOL        recv_byte
  -------         ENDDO         
  C:2114H         LINE#         115
  C:2127H         LINE#         118
  C:2127H         LINE#         121
  C:212CH         LINE#         122
  C:212CH         LINE#         123
  C:2132H         LINE#         124
  C:2137H         LINE#         127
  C:2137H         LINE#         129
  C:2137H         LINE#         130
  -------         ENDPROC       UART0_IRQHANDLER
  -------         ENDMOD        UART0

  -------         MODULE        MAIN
  C:0000H         SYMBOL        _ICE_DUMMY_
BL51 BANKED LINKER/LOCATER V6.22.4.0                                                  07/02/2026  13:46:32  PAGE 21


  D:00D9H         PUBLIC        WDT_KEY
  C:2386H         PUBLIC        user_init
  C:1D9CH         PUBLIC        main
  -------         PROC          USER_INIT
  C:2386H         LINE#         103
  C:2386H         LINE#         104
  C:2386H         LINE#         105
  C:2389H         LINE#         106
  C:238CH         LINE#         107
  C:238FH         LINE#         108
  C:2392H         LINE#         109
  C:2395H         LINE#         110
  C:2398H         LINE#         112
  C:239BH         LINE#         113
  C:239EH         LINE#         114
  C:23A1H         LINE#         117
  C:23A4H         LINE#         118
  -------         ENDPROC       USER_INIT
  -------         PROC          MAIN
  C:1D9CH         LINE#         126
  C:1D9CH         LINE#         127
  C:1D9CH         LINE#         129
  C:1D9FH         LINE#         130
  C:1DA2H         LINE#         133
  C:1DA5H         LINE#         134
  C:1DACH         LINE#         135
  C:1DAFH         LINE#         138
  C:1DB4H         LINE#         139
  C:1DB6H         LINE#         140
  C:1DB9H         LINE#         141
  C:1DBBH         LINE#         142
  C:1DBEH         LINE#         143
  C:1DC0H         LINE#         144
  C:1DC3H         LINE#         145
  C:1DC5H         LINE#         147
  C:1DC8H         LINE#         148
  C:1DCFH         LINE#         150
  C:1DCFH         LINE#         151
  C:1DCFH         LINE#         152
  C:1DD8H         LINE#         153
  C:1DDBH         LINE#         155
  C:1DDEH         LINE#         157
  C:1DE1H         LINE#         159
  C:1DE4H         LINE#         166
  C:1DE7H         LINE#         171
  -------         ENDPROC       MAIN
  -------         ENDMOD        MAIN

  -------         MODULE        UART_DATA_HANDLE
  C:0000H         SYMBOL        _ICE_DUMMY_
  C:2521H         PUBLIC        uart_receiver_reset
  C:000FH         PUBLIC        uart_receiver_timeout_add
  C:2342H         PUBLIC        uart_receiver_process_checksum
  C:176EH         PUBLIC        _uart_receiver_process_byte
  C:24FCH         PUBLIC        uart_receiver_timeout_handler
  C:1ACEH         PUBLIC        uart_data_handle
  C:1FA2H         PUBLIC        _uart_data_send_cmd
BL51 BANKED LINKER/LOCATER V6.22.4.0                                                  07/02/2026  13:46:32  PAGE 22


  X:62B8H         SYMBOL        uart_receiver
  C:25BAH         SYMBOL        _?ix1000
  C:2478H         SYMBOL        Com0038
  C:2478H         SYMBOL        L?0057
  C:2478H         SYMBOL        L?0058
  -------         PROC          COM0038
  -------         ENDPROC       COM0038
  -------         PROC          UART_RECEIVER_RESET
  C:2521H         LINE#         13
  C:2521H         LINE#         14
  C:2521H         LINE#         16
  C:2526H         LINE#         17
  C:252AH         LINE#         18
  C:252EH         LINE#         19
  C:2532H         LINE#         20
  -------         ENDPROC       UART_RECEIVER_RESET
  -------         PROC          UART_RECEIVER_TIMEOUT_ADD
  C:000FH         LINE#         26
  C:000FH         LINE#         27
  C:000FH         LINE#         28
  C:0015H         LINE#         29
  C:0015H         LINE#         30
  C:001DH         LINE#         31
  C:001DH         LINE#         32
  -------         ENDPROC       UART_RECEIVER_TIMEOUT_ADD
  -------         PROC          UART_RECEIVER_PROCESS_CHECKSUM
  -------         DO            
  D:0006H         SYMBOL        i
  D:0007H         SYMBOL        check_sum
  -------         ENDDO         
  C:2342H         LINE#         39
  C:2342H         LINE#         40
  C:2342H         LINE#         42
  C:2344H         LINE#         43
  C:2345H         LINE#         44
  C:2345H         LINE#         45
  C:2352H         LINE#         46
  C:2357H         LINE#         48
  C:235EH         LINE#         49
  C:235EH         LINE#         50
  C:2361H         LINE#         51
  C:2361H         LINE#         53
  C:2361H         LINE#         60
  C:2363H         LINE#         61
  C:2363H         LINE#         62
  -------         ENDPROC       UART_RECEIVER_PROCESS_CHECKSUM
  -------         PROC          _UART_RECEIVER_PROCESS_BYTE
  D:0005H         SYMBOL        byte
  C:176EH         LINE#         71
  C:1770H         LINE#         72
  C:1770H         LINE#         74
  C:1793H         LINE#         75
  C:1793H         LINE#         76
  C:1793H         LINE#         77
  C:1797H         LINE#         78
  C:1797H         LINE#         79
  C:1797H         LINE#         80
BL51 BANKED LINKER/LOCATER V6.22.4.0                                                  07/02/2026  13:46:32  PAGE 23


  C:179CH         LINE#         81
  C:179FH         LINE#         82
  C:179FH         LINE#         84
  C:179FH         LINE#         85
  C:17A2H         LINE#         86
  C:17A2H         LINE#         87
  C:17A2H         LINE#         89
  C:17A2H         LINE#         90
  C:17A6H         LINE#         91
  C:17A6H         LINE#         92
  C:17A6H         LINE#         93
  C:17ABH         LINE#         94
  C:17AEH         LINE#         95
  C:17AEH         LINE#         97
  C:17AEH         LINE#         99
  C:17B1H         LINE#         100
  C:17B1H         LINE#         101
  C:17B1H         LINE#         103
  C:17B1H         LINE#         104
  C:17B4H         LINE#         105
  C:17B4H         LINE#         106
  C:17B4H         LINE#         107
  C:17B9H         LINE#         108
  C:17BCH         LINE#         109
  C:17BCH         LINE#         111
  C:17BCH         LINE#         112
  C:17BFH         LINE#         113
  C:17BFH         LINE#         114
  C:17BFH         LINE#         116
  C:17BFH         LINE#         118
  C:17BFH         LINE#         119
  C:17C4H         LINE#         120
  C:17C6H         LINE#         121
  C:17C6H         LINE#         123
  C:17C6H         LINE#         125
  C:17C6H         LINE#         126
  C:17CBH         LINE#         127
  C:17CDH         LINE#         128
  C:17CDH         LINE#         130
  C:17CDH         LINE#         131
  C:17D0H         LINE#         132
  C:17D0H         LINE#         133
  C:17D0H         LINE#         134
  C:17D5H         LINE#         135
  C:17D7H         LINE#         136
  C:17D7H         LINE#         138
  C:17D7H         LINE#         139
  C:17DAH         LINE#         140
  C:17DAH         LINE#         141
  C:17DAH         LINE#         143
  C:17DAH         LINE#         145
  C:17DAH         LINE#         146
  C:17E0H         LINE#         147
  C:17E6H         LINE#         148
  C:17E6H         LINE#         150
  C:17E9H         LINE#         151
  C:17E9H         LINE#         153
BL51 BANKED LINKER/LOCATER V6.22.4.0                                                  07/02/2026  13:46:32  PAGE 24


  C:17E9H         LINE#         154
  C:17ECH         LINE#         155
  C:17ECH         LINE#         156
  C:17ECH         LINE#         158
  C:17ECH         LINE#         159
  C:17F0H         LINE#         160
  C:17F0H         LINE#         161
  C:1804H         LINE#         162
  C:180AH         LINE#         163
  C:180DH         LINE#         164
  C:180DH         LINE#         166
  C:180DH         LINE#         167
  C:1810H         LINE#         168
  C:1810H         LINE#         169
  C:1810H         LINE#         171
  C:1810H         LINE#         172
  C:1810H         LINE#         173
  C:1810H         LINE#         175
  C:1812H         LINE#         176
  -------         ENDPROC       _UART_RECEIVER_PROCESS_BYTE
  -------         PROC          UART_RECEIVER_TIMEOUT_HANDLER
  C:24FCH         LINE#         179
  C:24FCH         LINE#         180
  C:24FCH         LINE#         185
  C:250BH         LINE#         186
  C:250BH         LINE#         200
  C:250EH         LINE#         201
  C:250EH         LINE#         202
  -------         ENDPROC       UART_RECEIVER_TIMEOUT_HANDLER
  -------         PROC          UART_DATA_HANDLE
  -------         DO            
  D:0004H         SYMBOL        recv_byte
  X:62B7H         SYMBOL        initialized
  -------         ENDDO         
  C:1ACEH         LINE#         203
  C:1ACEH         LINE#         204
  C:1ACEH         LINE#         212
  C:1AD4H         LINE#         213
  C:1AD4H         LINE#         214
  C:1AD7H         LINE#         215
  C:1ADDH         LINE#         216
  C:1ADDH         LINE#         221
  C:1AE3H         LINE#         222
  C:1AE3H         LINE#         223
  C:1AE6H         LINE#         224
  C:1AE6H         LINE#         233
  C:1AE6H         LINE#         234
  C:1AE6H         LINE#         235
  C:1AFAH         LINE#         238
  C:1AFAH         LINE#         252
  C:1AFAH         LINE#         253
  C:1AFAH         LINE#         255
  C:1AFFH         LINE#         258
  C:1B05H         LINE#         259
  C:1B0AH         LINE#         262
  C:1B10H         LINE#         263
  C:1B10H         LINE#         276
BL51 BANKED LINKER/LOCATER V6.22.4.0                                                  07/02/2026  13:46:32  PAGE 25


  C:1B13H         LINE#         277
  C:1B13H         LINE#         278
  C:1B15H         LINE#         308
  C:1B21H         LINE#         310
  C:1B21H         LINE#         312
  C:1B21H         LINE#         332
  C:1B31H         LINE#         333
  C:1B31H         LINE#         334
  C:1B31H         LINE#         336
  C:1B36H         LINE#         337
  C:1B38H         LINE#         338
  C:1B38H         LINE#         340
  C:1B3EH         LINE#         341
  C:1B40H         LINE#         342
  C:1B40H         LINE#         350
  C:1B43H         LINE#         351
  C:1B43H         LINE#         353
  C:1B43H         LINE#         357
  C:1B43H         LINE#         358
  C:1B43H         LINE#         361
  C:1B46H         LINE#         362
  -------         ENDPROC       UART_DATA_HANDLE
  -------         PROC          _UART_DATA_SEND_CMD
  X:629BH         SYMBOL        cmd
  -------         DO            
  X:629CH         SYMBOL        buf
  -------         ENDDO         
  C:1FA2H         LINE#         366
  C:1FA7H         LINE#         367
  C:1FA7H         LINE#         368
  C:1FBAH         LINE#         379
  C:1FC3H         LINE#         380
  C:1FDCH         LINE#         382
  -------         ENDPROC       _UART_DATA_SEND_CMD
  -------         ENDMOD        UART_DATA_HANDLE

  -------         MODULE        KEY_DRIVER
  C:0000H         SYMBOL        _ICE_DUMMY_
  C:0B59H         PUBLIC        _key_driver_scan
  X:62F2H         SYMBOL        is_key_active
  X:62F3H         PUBLIC        scan_para
  C:23A7H         SYMBOL        Com0021
  C:23A7H         SYMBOL        L?0034
  C:23AAH         SYMBOL        L?0035
  C:23ABH         SYMBOL        L?0036
  C:23B1H         SYMBOL        L?0037
  C:23B4H         SYMBOL        L?0038
  C:23B8H         SYMBOL        L?0039
  C:23BEH         SYMBOL        L?0040
  C:23C1H         SYMBOL        L?0041
  -------         PROC          COM0021
  -------         ENDPROC       COM0021
  -------         PROC          _KEY_DRIVER_SCAN
  D:0001H         SYMBOL        _scan_para
  -------         DO            
  X:629AH         SYMBOL        key_event
  D:0007H         SYMBOL        cur_key_value
BL51 BANKED LINKER/LOCATER V6.22.4.0                                                  07/02/2026  13:46:32  PAGE 26


  X:629BH         SYMBOL        key_value
  C:0CC1H         SYMBOL        _notify
  C:0CE1H         SYMBOL        _scan_end
  -------         ENDDO         
  C:0B59H         LINE#         17
  C:0B59H         LINE#         19
  C:0B59H         LINE#         24
  C:0B5EH         LINE#         25
  C:0B60H         LINE#         26
  C:0B64H         LINE#         30
  C:0B6AH         LINE#         33
  C:0B7DH         LINE#         34
  C:0B7DH         LINE#         36
  C:0B7DH         LINE#         38
  C:0B87H         LINE#         40
  C:0B90H         LINE#         46
  C:0B94H         LINE#         47
  C:0B94H         LINE#         48
  C:0B9AH         LINE#         49
  C:0B9CH         LINE#         50
  C:0BA2H         LINE#         51
  C:0BA2H         LINE#         52
  C:0BA5H         LINE#         53
  C:0BA5H         LINE#         56
  C:0BB9H         LINE#         57
  C:0BB9H         LINE#         59
  C:0BC0H         LINE#         60
  C:0BC6H         LINE#         62
  C:0BC6H         LINE#         65
  C:0BD7H         LINE#         66
  C:0BD7H         LINE#         67
  C:0BE2H         LINE#         69
  C:0BE2H         LINE#         72
  C:0BEEH         LINE#         73
  C:0BEEH         LINE#         80
  C:0BF2H         LINE#         81
  C:0BF2H         LINE#         82
  C:0BF9H         LINE#         83
  C:0BF9H         LINE#         84
  C:0BFBH         LINE#         85
  C:0C01H         LINE#         86
  C:0C03H         LINE#         88
  C:0C03H         LINE#         91
  C:0C03H         LINE#         92
  C:0C0BH         LINE#         93
  C:0C0BH         LINE#         94
  C:0C0EH         LINE#         96
  C:0C0EH         LINE#         101
  C:0C16H         LINE#         102
  C:0C22H         LINE#         103
  C:0C22H         LINE#         104
  C:0C27H         LINE#         105
  C:0C2BH         LINE#         106
  C:0C2EH         LINE#         108
  C:0C2EH         LINE#         109
  C:0C34H         LINE#         110
  C:0C34H         LINE#         111
BL51 BANKED LINKER/LOCATER V6.22.4.0                                                  07/02/2026  13:46:32  PAGE 27


  C:0C34H         LINE#         113
  C:0C36H         LINE#         118
  C:0C36H         LINE#         120
  C:0C36H         LINE#         125
  C:0C3AH         LINE#         126
  C:0C3AH         LINE#         128
  C:0C4BH         LINE#         129
  C:0C4BH         LINE#         133
  C:0C5CH         LINE#         134
  C:0C5CH         LINE#         154
  C:0C5CH         LINE#         155
  C:0C5EH         LINE#         157
  C:0C5EH         LINE#         158
  C:0C6BH         LINE#         160
  C:0C6DH         LINE#         162
  C:0C6DH         LINE#         164
  C:0C6DH         LINE#         165
  C:0C78H         LINE#         166
  C:0C7BH         LINE#         168
  C:0C7BH         LINE#         169
  C:0C7BH         LINE#         171
  C:0C7BH         LINE#         172
  C:0C7BH         LINE#         174
  C:0C7BH         LINE#         175
  C:0C7BH         LINE#         177
  C:0C7BH         LINE#         179
  C:0C86H         LINE#         180
  C:0C86H         LINE#         181
  C:0C8EH         LINE#         182
  C:0C8EH         LINE#         186
  C:0C94H         LINE#         187
  C:0C94H         LINE#         188
  C:0C9AH         LINE#         193
  C:0C9CH         LINE#         194
  C:0CA8H         LINE#         195
  C:0CA8H         LINE#         196
  C:0CADH         LINE#         197
  C:0CBCH         LINE#         199
  C:0CBCH         LINE#         201
  C:0CBCH         LINE#         202
  C:0CBCH         LINE#         204
  C:0CBCH         LINE#         207
  C:0CC1H         LINE#         208
  C:0CC1H         LINE#         210
  C:0CC1H         LINE#         211
  C:0CC1H         LINE#         213
  C:0CC1H         LINE#         216
  C:0CC1H         LINE#         218
  C:0CC1H         LINE#         219
  C:0CC5H         LINE#         220
  C:0CCDH         LINE#         222
  C:0CD7H         LINE#         223
  C:0CE1H         LINE#         226
  C:0CE1H         LINE#         235
  C:0CE1H         LINE#         237
  C:0CE1H         LINE#         238
  C:0CEBH         LINE#         241
BL51 BANKED LINKER/LOCATER V6.22.4.0                                                  07/02/2026  13:46:32  PAGE 28


  -------         ENDPROC       _KEY_DRIVER_SCAN
  -------         ENDMOD        KEY_DRIVER

  -------         MODULE        AD_KEY
  C:0000H         SYMBOL        _ICE_DUMMY_
  X:6208H         PUBLIC        ad_key_para
  C:1813H         PUBLIC        ad_key_handle
  X:621BH         SYMBOL        ad_key_scan_table
  X:622BH         SYMBOL        ad_key_event_table
  C:2148H         PUBLIC        ad_key_get_key_val
  C:1DE9H         SYMBOL        _ad_key_val_to_ad_key_index
  C:1E80H         SYMBOL        _ad_key_get_event
  C:2554H         SYMBOL        Com0036
  C:2554H         SYMBOL        L?0055
  -------         PROC          COM0036
  -------         ENDPROC       COM0036
  -------         PROC          _AD_KEY_VAL_TO_AD_KEY_INDEX
  D:0006H         SYMBOL        ad_key_val
  -------         DO            
  D:0005H         SYMBOL        i
  X:629BH         SYMBOL        ad_key_index
  -------         ENDDO         
  C:1DE9H         LINE#         53
  C:1DE9H         LINE#         54
  C:1DE9H         LINE#         55
  C:1DEBH         LINE#         56
  C:1DF3H         LINE#         59
  C:1DF3H         LINE#         60
  C:1DF3H         LINE#         61
  C:1E0BH         LINE#         62
  C:1E0BH         LINE#         63
  C:1E25H         LINE#         64
  C:1E27H         LINE#         65
  C:1E27H         LINE#         66
  C:1E2CH         LINE#         68
  C:1E34H         LINE#         69
  -------         ENDPROC       _AD_KEY_VAL_TO_AD_KEY_INDEX
  -------         PROC          _AD_KEY_GET_EVENT
  D:0007H         SYMBOL        key_val
  D:0005H         SYMBOL        key_event
  -------         DO            
  D:0006H         SYMBOL        ret_key_event
  D:0004H         SYMBOL        key_event_index
  D:0003H         SYMBOL        i
  -------         ENDDO         
  C:1E80H         LINE#         79
  C:1E80H         LINE#         80
  C:1E80H         LINE#         81
  C:1E82H         LINE#         82
  C:1E83H         LINE#         83
  C:1E84H         LINE#         86
  C:1E88H         LINE#         87
  C:1E88H         LINE#         88
  C:1E89H         LINE#         89
  C:1E8BH         LINE#         90
  C:1E8FH         LINE#         91
  C:1E8FH         LINE#         92
BL51 BANKED LINKER/LOCATER V6.22.4.0                                                  07/02/2026  13:46:32  PAGE 29


  C:1E91H         LINE#         93
  C:1E93H         LINE#         94
  C:1E97H         LINE#         95
  C:1E97H         LINE#         96
  C:1E99H         LINE#         97
  C:1E9BH         LINE#         98
  C:1E9FH         LINE#         99
  C:1E9FH         LINE#         100
  C:1EA1H         LINE#         101
  C:1EA3H         LINE#         103
  C:1EA3H         LINE#         104
  C:1EA6H         LINE#         105
  C:1EA6H         LINE#         107
  C:1EACH         LINE#         108
  C:1EACH         LINE#         109
  C:1EB3H         LINE#         110
  C:1EB3H         LINE#         111
  C:1EC2H         LINE#         112
  C:1EC4H         LINE#         113
  C:1EC4H         LINE#         114
  C:1EC7H         LINE#         116
  C:1EC9H         LINE#         117
  -------         ENDPROC       _AD_KEY_GET_EVENT
  -------         PROC          AD_KEY_GET_KEY_VAL
  -------         DO            
  X:6206H         SYMBOL        val
  X:629AH         SYMBOL        ret
  -------         ENDDO         
  C:2148H         LINE#         130
  C:2148H         LINE#         131
  C:2148H         LINE#         133
  C:214EH         LINE#         136
  C:2156H         LINE#         137
  C:2156H         LINE#         138
  C:215BH         LINE#         139
  C:2168H         LINE#         142
  C:2168H         LINE#         144
  C:2178H         LINE#         145
  C:217AH         LINE#         146
  -------         ENDPROC       AD_KEY_GET_KEY_VAL
  -------         PROC          AD_KEY_HANDLE
  -------         DO            
  X:629AH         SYMBOL        ad_key_event
  -------         ENDDO         
  C:1813H         LINE#         148
  C:1813H         LINE#         149
  C:1813H         LINE#         150
  C:1818H         LINE#         152
  C:1821H         LINE#         153
  C:1821H         LINE#         155
  C:1821H         LINE#         157
  C:182EH         LINE#         158
  C:1833H         LINE#         159
  C:1835H         LINE#         165
  C:1844H         LINE#         166
  C:1844H         LINE#         175
  C:184AH         LINE#         177
BL51 BANKED LINKER/LOCATER V6.22.4.0                                                  07/02/2026  13:46:32  PAGE 30


  C:184AH         LINE#         179
  C:1870H         LINE#         180
  C:1870H         LINE#         183
  C:1870H         LINE#         187
  C:1873H         LINE#         188
  C:1873H         LINE#         190
  C:1873H         LINE#         194
  C:1873H         LINE#         196
  C:1873H         LINE#         201
  C:1873H         LINE#         203
  C:1873H         LINE#         207
  C:1873H         LINE#         211
  C:1873H         LINE#         215
  C:1875H         LINE#         216
  C:1877H         LINE#         218
  C:1877H         LINE#         223
  C:1879H         LINE#         224
  C:187BH         LINE#         226
  C:187BH         LINE#         231
  C:187DH         LINE#         232
  C:187FH         LINE#         234
  C:187FH         LINE#         238
  C:187FH         LINE#         243
  C:187FH         LINE#         248
  C:1881H         LINE#         249
  C:1883H         LINE#         251
  C:1883H         LINE#         257
  C:1885H         LINE#         258
  C:1887H         LINE#         260
  C:1887H         LINE#         266
  C:1889H         LINE#         267
  C:188BH         LINE#         269
  C:188BH         LINE#         273
  C:188BH         LINE#         277
  C:188BH         LINE#         283
  C:1891H         LINE#         284
  C:1891H         LINE#         285
  C:1893H         LINE#         286
  C:1895H         LINE#         287
  C:189CH         LINE#         288
  C:189CH         LINE#         289
  C:18A1H         LINE#         290
  C:18A1H         LINE#         291
  C:18A1H         LINE#         293
  C:18A1H         LINE#         299
  C:18A7H         LINE#         300
  C:18A7H         LINE#         303
  C:18AAH         LINE#         304
  C:18AAH         LINE#         306
  C:18AAH         LINE#         311
  C:18ADH         LINE#         312
  C:18ADH         LINE#         313
  C:18ADH         LINE#         315
  C:18ADH         LINE#         319
  C:18ADH         LINE#         321
  C:18ADH         LINE#         325
  C:18ADH         LINE#         327
BL51 BANKED LINKER/LOCATER V6.22.4.0                                                  07/02/2026  13:46:32  PAGE 31


  C:18ADH         LINE#         328
  C:18ADH         LINE#         329
  C:18ADH         LINE#         330
  -------         ENDPROC       AD_KEY_HANDLE
  -------         ENDMOD        AD_KEY

  -------         MODULE        USER_TEST
  C:0000H         SYMBOL        _ICE_DUMMY_
  -------         ENDMOD        USER_TEST

  -------         MODULE        LED
  C:0000H         SYMBOL        _ICE_DUMMY_
  B:0080H.0       PUBLIC        P00
  B:0080H.1       PUBLIC        P01
  B:0080H.2       PUBLIC        P02
  B:0080H.5       PUBLIC        P05
  B:0080H.6       PUBLIC        P06
  B:0090H.3       PUBLIC        P13
  B:00A0H.7       PUBLIC        P27
  B:00B0H.0       PUBLIC        P30
  X:62D1H         PUBLIC        led_ctl
  X:62DFH         PUBLIC        led_bat_level_sta
  C:1D4EH         PUBLIC        led_init
  C:2572H         PUBLIC        led_yellow_on
  C:25C2H         PUBLIC        led_yellow_off
  C:257FH         PUBLIC        led_white_on
  C:25CAH         PUBLIC        led_white_off
  C:2563H         PUBLIC        led_ctl_init
  C:2260H         PUBLIC        led_status_switch
  C:1B47H         PUBLIC        _led_status_set
  C:1442H         PUBLIC        led_red_blue_flash_1ms_isr
  C:1226H         PUBLIC        led_slow_adjust_isr
  C:07FDH         PUBLIC        led_bat_instruction_timer_callback
  X:62E0H         PUBLIC        led_charge_anim_phase
  X:62E1H         PUBLIC        led_charge_anim_cnt
  C:16B5H         SYMBOL        Com0080
  C:16B5H         SYMBOL        L?0129
  C:16C1H         SYMBOL        L?0130
  C:16CFH         SYMBOL        L?0131
  C:16D0H         SYMBOL        L?0132
  C:16D5H         SYMBOL        L?0133
  C:16DCH         SYMBOL        L?0134
  C:16DFH         SYMBOL        L?0135
  C:16E2H         SYMBOL        L?0136
  C:16E9H         SYMBOL        L?0137
  C:16E9H         SYMBOL        L?0138
  C:16F6H         SYMBOL        L?0140
  C:1707H         SYMBOL        L?0141
  C:1716H         SYMBOL        L?0142
  C:1716H         SYMBOL        L?0143
  C:171FH         SYMBOL        L?0144
  C:172DH         SYMBOL        L?0145
  C:172DH         SYMBOL        L?0146
  C:1735H         SYMBOL        L?0147
  C:1735H         SYMBOL        L?0148
  C:173DH         SYMBOL        L?0149
  C:173DH         SYMBOL        L?0150
BL51 BANKED LINKER/LOCATER V6.22.4.0                                                  07/02/2026  13:46:32  PAGE 32


  C:1745H         SYMBOL        L?0151
  C:1750H         SYMBOL        L?0152
  C:1751H         SYMBOL        L?0153
  C:1758H         SYMBOL        L?0154
  C:1758H         SYMBOL        L?0155
  C:175EH         SYMBOL        L?0156
  C:1767H         SYMBOL        L?0157
  C:1767H         SYMBOL        L?0158
  -------         PROC          COM0080
  -------         ENDPROC       COM0080
  -------         PROC          LED_INIT
  C:1D4EH         LINE#         14
  C:1D4EH         LINE#         15
  C:1D4EH         LINE#         17
  C:1D54H         LINE#         18
  C:1D58H         LINE#         19
  C:1D5AH         LINE#         20
  C:1D5FH         LINE#         23
  C:1D65H         LINE#         24
  C:1D69H         LINE#         25
  C:1D6BH         LINE#         26
  C:1D6EH         LINE#         29
  C:1D6EH         LINE#         30
  C:1D71H         LINE#         31
  C:1D73H         LINE#         32
  C:1D78H         LINE#         35
  C:1D7DH         LINE#         36
  C:1D81H         LINE#         37
  C:1D83H         LINE#         38
  C:1D86H         LINE#         41
  C:1D86H         LINE#         42
  C:1D89H         LINE#         43
  C:1D8BH         LINE#         44
  C:1D8EH         LINE#         47
  C:1D92H         LINE#         48
  C:1D96H         LINE#         49
  C:1D98H         LINE#         50
  C:1D9BH         LINE#         51
  -------         ENDPROC       LED_INIT
  -------         PROC          LED_CTL_INIT
  C:2563H         LINE#         53
  C:2563H         LINE#         54
  C:2563H         LINE#         63
  -------         ENDPROC       LED_CTL_INIT
  -------         PROC          LED_YELLOW_ON
  C:2572H         LINE#         66
  C:2572H         LINE#         67
  C:2572H         LINE#         69
  C:2578H         LINE#         71
  C:257EH         LINE#         72
  -------         ENDPROC       LED_YELLOW_ON
  -------         PROC          LED_YELLOW_OFF
  C:25C2H         LINE#         83
  C:25C2H         LINE#         84
  C:25C2H         LINE#         85
  C:25C4H         LINE#         86
  C:25C9H         LINE#         87
BL51 BANKED LINKER/LOCATER V6.22.4.0                                                  07/02/2026  13:46:32  PAGE 33


  -------         ENDPROC       LED_YELLOW_OFF
  -------         PROC          LED_WHITE_ON
  C:257FH         LINE#         89
  C:257FH         LINE#         90
  C:257FH         LINE#         92
  C:2585H         LINE#         94
  C:258BH         LINE#         95
  -------         ENDPROC       LED_WHITE_ON
  -------         PROC          LED_WHITE_OFF
  C:25CAH         LINE#         106
  C:25CAH         LINE#         107
  C:25CAH         LINE#         108
  C:25CCH         LINE#         109
  C:25D1H         LINE#         110
  -------         ENDPROC       LED_WHITE_OFF
  -------         PROC          LED_STATUS_SWITCH
  C:2260H         LINE#         112
  C:2260H         LINE#         113
  C:2260H         LINE#         115
  C:2274H         LINE#         116
  C:2274H         LINE#         117
  C:2274H         LINE#         121
  C:2276H         LINE#         122
  C:2278H         LINE#         123
  C:2278H         LINE#         128
  C:227AH         LINE#         129
  C:227CH         LINE#         130
  C:227CH         LINE#         134
  C:227EH         LINE#         135
  C:2280H         LINE#         136
  C:2280H         LINE#         142
  C:2282H         LINE#         143
  C:2284H         LINE#         144
  C:2284H         LINE#         155
  C:2289H         LINE#         156
  C:2289H         LINE#         157
  C:2289H         LINE#         158
  -------         ENDPROC       LED_STATUS_SWITCH
  -------         PROC          _LED_STATUS_SET
  X:629BH         SYMBOL        status
  C:1B47H         LINE#         161
  C:1B4CH         LINE#         162
  C:1B4CH         LINE#         164
  C:1B56H         LINE#         165
  C:1B5DH         LINE#         167
  C:1B61H         LINE#         169
  C:1B75H         LINE#         170
  C:1B75H         LINE#         171
  C:1B75H         LINE#         172
  C:1B78H         LINE#         173
  C:1B7BH         LINE#         174
  C:1B7DH         LINE#         175
  C:1B7FH         LINE#         176
  C:1B81H         LINE#         177
  C:1B81H         LINE#         178
  C:1B84H         LINE#         179
  C:1B86H         LINE#         180
BL51 BANKED LINKER/LOCATER V6.22.4.0                                                  07/02/2026  13:46:32  PAGE 34


  C:1B88H         LINE#         182
  C:1B88H         LINE#         183
  C:1B8AH         LINE#         184
  C:1B8AH         LINE#         185
  C:1B8DH         LINE#         186
  C:1B8FH         LINE#         187
  C:1B91H         LINE#         189
  C:1B94H         LINE#         190
  C:1B96H         LINE#         192
  C:1B96H         LINE#         193
  C:1B98H         LINE#         194
  C:1B9AH         LINE#         197
  C:1B9DH         LINE#         198
  C:1BA0H         LINE#         199
  C:1BA2H         LINE#         201
  C:1BA2H         LINE#         202
  C:1BA5H         LINE#         203
  C:1BA8H         LINE#         205
  C:1BB2H         LINE#         206
  C:1BB2H         LINE#         207
  C:1BB2H         LINE#         209
  C:1BBAH         LINE#         210
  -------         ENDPROC       _LED_STATUS_SET
  -------         PROC          LED_RED_BLUE_FLASH_1MS_ISR
  -------         DO            
[...]
  C:0FD0H         LINE#         230
  C:0FD0H         LINE#         235
  C:0FD3H         LINE#         236
BL51 BANKED LINKER/LOCATER V6.22.4.0                                                  07/02/2026  13:46:32  PAGE 49


  C:0FDBH         LINE#         237
  C:0FDBH         LINE#         238
  C:0FDEH         LINE#         240
  C:0FDEH         LINE#         241
  C:0FE1H         LINE#         242
  C:0FE8H         LINE#         243
  C:0FEFH         LINE#         244
  C:0FEFH         LINE#         245
  C:0FF2H         LINE#         247
  C:0FF2H         LINE#         248
  C:0FF9H         LINE#         249
  C:0FF9H         LINE#         250
  C:1004H         LINE#         251
  C:1004H         LINE#         252
  C:100AH         LINE#         253
  C:100AH         LINE#         255
  C:100AH         LINE#         256
  C:100DH         LINE#         258
  C:100DH         LINE#         259
  C:1013H         LINE#         260
  C:1016H         LINE#         265
  C:1034H         LINE#         266
  C:1034H         LINE#         267
  C:103AH         LINE#         268
  C:103AH         LINE#         269
  C:103AH         LINE#         270
  C:103AH         LINE#         271
  C:103CH         LINE#         273
  C:103CH         LINE#         274
  C:1042H         LINE#         275
  C:1042H         LINE#         276
  C:1048H         LINE#         277
  C:104CH         LINE#         278
  C:104EH         LINE#         280
  C:104EH         LINE#         281
  C:1054H         LINE#         282
  C:1057H         LINE#         287
  C:1075H         LINE#         288
  C:1075H         LINE#         289
  C:107BH         LINE#         290
  C:107BH         LINE#         292
  C:1082H         LINE#         293
  C:1082H         LINE#         294
  C:1082H         LINE#         295
  C:1082H         LINE#         297
  C:1091H         LINE#         298
  C:1091H         LINE#         299
  C:1095H         LINE#         305
  C:10A3H         LINE#         306
  C:10A3H         LINE#         307
  C:10A9H         LINE#         308
  C:10ABH         LINE#         309
  C:10BAH         LINE#         310
  C:10BAH         LINE#         311
  C:10BFH         LINE#         312
  C:10BFH         LINE#         315
  C:10C6H         LINE#         317
BL51 BANKED LINKER/LOCATER V6.22.4.0                                                  07/02/2026  13:46:32  PAGE 50


  C:10CCH         LINE#         318
  C:10CCH         LINE#         319
  C:10D1H         LINE#         320
  C:10D7H         LINE#         321
  C:10DDH         LINE#         322
  C:10DDH         LINE#         323
  C:10DFH         LINE#         325
  C:10E4H         LINE#         326
  C:10E4H         LINE#         327
  C:10E5H         LINE#         329
  C:10E5H         LINE#         330
  C:10EAH         LINE#         331
  C:10EEH         LINE#         332
  C:10F4H         LINE#         333
  C:10F4H         LINE#         334
  C:10F6H         LINE#         336
  C:10FAH         LINE#         337
  C:10FAH         LINE#         338
  C:10FAH         LINE#         339
  C:10FAH         LINE#         340
  -------         ENDPROC       DETECT_DISCHARGE_1KHZ_SIGNAL_100US
  -------         PROC          CHARGE_DET_TIME_ADD
  C:25F0H         LINE#         342
  C:25F0H         LINE#         343
  C:25F0H         LINE#         344
  C:25F2H         LINE#         345
  -------         ENDPROC       CHARGE_DET_TIME_ADD
  -------         PROC          CHARGE_DET
  -------         DO            
  X:628DH         SYMBOL        adc_val_of_solar_panel
  X:628FH         SYMBOL        adc_val_of_type_c
  X:629AH         SYMBOL        voltage_mv
  X:6291H         SYMBOL        is_discharge_det_time_cnt
  -------         ENDDO         
  C:10FBH         LINE#         349
  C:10FBH         LINE#         350
  C:10FBH         LINE#         353
  C:1102H         LINE#         358
  C:110AH         LINE#         359
  C:110AH         LINE#         360
  C:110FH         LINE#         361
  C:111CH         LINE#         362
  C:111CH         LINE#         364
  C:1124H         LINE#         365
  C:1124H         LINE#         366
  C:1129H         LINE#         367
  C:1136H         LINE#         368
  C:1136H         LINE#         370
  C:113CH         LINE#         371
  C:113CH         LINE#         372
  C:113EH         LINE#         373
  C:113EH         LINE#         375
  C:113EH         LINE#         378
  C:113EH         LINE#         388
  C:115EH         LINE#         390
  C:1173H         LINE#         391
  C:1173H         LINE#         392
BL51 BANKED LINKER/LOCATER V6.22.4.0                                                  07/02/2026  13:46:32  PAGE 51


  C:1178H         LINE#         393
  C:117EH         LINE#         394
  C:1183H         LINE#         395
  C:1183H         LINE#         396
  C:1185H         LINE#         398
  C:118AH         LINE#         403
  C:118AH         LINE#         404
  C:118CH         LINE#         406
  C:118CH         LINE#         407
  C:1191H         LINE#         408
  C:1195H         LINE#         409
  C:119BH         LINE#         410
  C:119BH         LINE#         411
  C:119DH         LINE#         413
  C:11A1H         LINE#         418
  C:11A1H         LINE#         419
  C:11A1H         LINE#         436
  C:11CCH         LINE#         438
  C:11CCH         LINE#         441
  C:11CCH         LINE#         443
  C:11CFH         LINE#         444
  C:11D1H         LINE#         445
  C:11D3H         LINE#         446
  C:11DCH         LINE#         447
  C:11DCH         LINE#         449
  C:11E2H         LINE#         450
  C:11E2H         LINE#         452
  C:11E8H         LINE#         453
  C:11EDH         LINE#         454
  C:11EDH         LINE#         455
  C:11EFH         LINE#         457
  C:11F4H         LINE#         458
  C:11F4H         LINE#         459
  C:11F4H         LINE#         460
  C:11F6H         LINE#         462
  C:11F6H         LINE#         465
  C:11F6H         LINE#         467
  C:11F9H         LINE#         468
  C:11F9H         LINE#         472
  C:1205H         LINE#         473
  C:1205H         LINE#         474
  C:120BH         LINE#         477
  C:1210H         LINE#         478
  C:1214H         LINE#         479
  C:1215H         LINE#         480
  C:1221H         LINE#         481
  C:1221H         LINE#         482
  C:1225H         LINE#         483
  C:1225H         LINE#         500
  -------         ENDPROC       CHARGE_DET
  -------         ENDMOD        CHARGE_DET

  -------         MODULE        LOW_POWER
  C:0000H         SYMBOL        _ICE_DUMMY_
  D:00BAH         PUBLIC        LP_CON
  D:008DH         PUBLIC        LP_WKCON
  D:008EH         PUBLIC        LP_WKPND
BL51 BANKED LINKER/LOCATER V6.22.4.0                                                  07/02/2026  13:46:32  PAGE 52


  D:00A8H         PUBLIC        IE0
  D:00A9H         PUBLIC        IE1
  D:00AAH         PUBLIC        IE2
  D:00ABH         PUBLIC        IE3
  B:00A8H.7       PUBLIC        IE_EA
  D:00B8H         PUBLIC        IP0
  D:00B1H         PUBLIC        IP1
  D:00B2H         PUBLIC        IP2
  D:00B3H         PUBLIC        IP3
  D:00B4H         PUBLIC        IP4
  D:00B5H         PUBLIC        IP5
  D:00B6H         PUBLIC        IP6
  D:00B7H         PUBLIC        IP7
  D:00D2H         PUBLIC        UART0_CON0
  D:00D1H         PUBLIC        TMR_ALLCON
  D:00ACH         PUBLIC        FLASH_TIMEREG1
  D:0099H         PUBLIC        ADC_CHS0
  C:0CECH         PUBLIC        low_power_handle
  C:217BH         PUBLIC        low_power_enter_timer_callback
  X:62F0H         SYMBOL        is_low_power_enter_enable
  C:22D9H         PUBLIC        is_low_power_condition_establish
  C:1337H         PUBLIC        low_power_in
  C:1ECAH         PUBLIC        low_power_out
  C:2449H         PUBLIC        WUT_IRQHandler
  C:25E9H         SYMBOL        Com0073
  C:25E9H         SYMBOL        L?0116
  C:25E9H         SYMBOL        L?0117
  -------         PROC          COM0073
  -------         ENDPROC       COM0073
  -------         PROC          IS_LOW_POWER_CONDITION_ESTABLISH
  C:22D9H         LINE#         8
  C:22D9H         LINE#         9
  C:22D9H         LINE#         15
  C:22FCH         LINE#         20
  -------         ENDPROC       IS_LOW_POWER_CONDITION_ESTABLISH
  -------         PROC          LOW_POWER_ENTER_TIMER_CALLBACK
  -------         DO            
  X:62ECH         SYMBOL        cnt
  -------         ENDDO         
  C:217BH         LINE#         23
  C:217BH         LINE#         24
  C:217BH         LINE#         26
  C:2181H         LINE#         27
  C:2181H         LINE#         28
  C:218BH         LINE#         29
  C:219AH         LINE#         30
  C:219AH         LINE#         31
  C:219BH         LINE#         32
  C:21A2H         LINE#         33
  C:21A2H         LINE#         34
  C:21A3H         LINE#         36
  C:21A3H         LINE#         37
  C:21A7H         LINE#         38
  C:21ADH         LINE#         39
  C:21ADH         LINE#         40
  -------         ENDPROC       LOW_POWER_ENTER_TIMER_CALLBACK
  -------         PROC          LOW_POWER_IN
BL51 BANKED LINKER/LOCATER V6.22.4.0                                                  07/02/2026  13:46:32  PAGE 53


  C:1337H         LINE#         42
  C:1337H         LINE#         43
  C:1337H         LINE#         48
  C:133AH         LINE#         49
  C:133DH         LINE#         50
  C:1340H         LINE#         51
  C:1343H         LINE#         53
  C:1349H         LINE#         54
  C:134FH         LINE#         56
  C:1356H         LINE#         58
  C:1359H         LINE#         59
  C:135FH         LINE#         61
  C:1364H         LINE#         62
  C:1367H         LINE#         71
  C:136DH         LINE#         72
  C:1373H         LINE#         74
  C:1379H         LINE#         75
  C:137FH         LINE#         78
  C:1385H         LINE#         79
  C:1389H         LINE#         80
  C:138FH         LINE#         83
  C:1393H         LINE#         84
  C:1399H         LINE#         85
  C:139DH         LINE#         86
  C:13A2H         LINE#         104
  C:13A6H         LINE#         105
  C:13ACH         LINE#         108
  C:13B1H         LINE#         110
  C:13B5H         LINE#         113
  C:13B9H         LINE#         114
  C:13BFH         LINE#         116
  C:13C6H         LINE#         122
  C:13C9H         LINE#         131
  C:13CFH         LINE#         132
  C:13D5H         LINE#         133
  C:13DBH         LINE#         134
  C:13E1H         LINE#         138
  C:13E4H         LINE#         139
  C:13E7H         LINE#         140
  C:13EAH         LINE#         143
  C:13EDH         LINE#         144
  C:13F0H         LINE#         146
  C:13F3H         LINE#         147
  C:13F6H         LINE#         150
  C:13F9H         LINE#         151
  C:13FCH         LINE#         154
  C:13FFH         LINE#         155
  C:1401H         LINE#         158
  C:1408H         LINE#         159
  C:140CH         LINE#         163
  C:1411H         LINE#         164
  C:1418H         LINE#         166
  C:141FH         LINE#         168
  C:1426H         LINE#         169
  C:142DH         LINE#         170
  C:1430H         LINE#         172
  C:1437H         LINE#         173
BL51 BANKED LINKER/LOCATER V6.22.4.0                                                  07/02/2026  13:46:32  PAGE 54


  C:143EH         LINE#         178
  C:1441H         LINE#         184
  -------         ENDPROC       LOW_POWER_IN
  -------         PROC          LOW_POWER_OUT
  C:1ECAH         LINE#         186
  C:1ECAH         LINE#         187
  C:1ECAH         LINE#         189
  C:1ECDH         LINE#         190
  C:1ED4H         LINE#         191
  C:1EDBH         LINE#         194
  C:1EDEH         LINE#         198
  C:1EE3H         LINE#         199
  C:1EE5H         LINE#         205
  C:1EECH         LINE#         206
  C:1EF1H         LINE#         207
  C:1EF8H         LINE#         209
  C:1EFFH         LINE#         210
  C:1F06H         LINE#         212
  C:1F09H         LINE#         213
  C:1F0CH         LINE#         214
  C:1F13H         LINE#         220
  -------         ENDPROC       LOW_POWER_OUT
  C:0E33H         SYMBOL        L?0114
  -------         PROC          LOW_POWER_HANDLE
  -------         DO            
  X:62EEH         SYMBOL        update_bat_percent_cnt
  D:0007H         SYMBOL        tmp_bat_percent
  X:629AH         SYMBOL        is_charge_sig_wkup
  X:629BH         SYMBOL        is_discharge_sig_wkup
  X:629CH         SYMBOL        is_key_sig_wkup
  X:629DH         SYMBOL        adc_val
  C:0D06H         SYMBOL        label_low_power_in
  -------         ENDDO         
  C:0CECH         LINE#         222
  C:0CECH         LINE#         223
  C:0CECH         LINE#         226
  C:0CF1H         LINE#         227
  C:0CF2H         LINE#         228
  C:0CF2H         LINE#         231
  C:0CFFH         LINE#         232
  C:0CFFH         LINE#         233
  C:0D06H         LINE#         234
  C:0D06H         LINE#         236
  C:0D06H         LINE#         238
  C:0D06H         LINE#         243
  C:0D06H         LINE#         245
  C:0D0BH         LINE#         246
  C:0D0DH         LINE#         247
  C:0D0FH         LINE#         249
  C:0D12H         LINE#         250
  C:0D15H         LINE#         258
  C:0D18H         LINE#         259
  C:0D1BH         LINE#         261
  C:0D1DH         LINE#         262
  C:0D1DH         LINE#         263
  C:0D20H         LINE#         265
  C:0D28H         LINE#         266
BL51 BANKED LINKER/LOCATER V6.22.4.0                                                  07/02/2026  13:46:32  PAGE 55


  C:0D28H         LINE#         268
  C:0D2EH         LINE#         272
  C:0D2EH         LINE#         274
  C:0D30H         LINE#         275
  C:0D30H         LINE#         276
  C:0D33H         LINE#         278
  C:0D58H         LINE#         279
  C:0D58H         LINE#         280
  C:0D5EH         LINE#         284
  C:0D5EH         LINE#         299
  C:0D63H         LINE#         300
  C:0D63H         LINE#         304
  C:0D66H         LINE#         305
  C:0D6CH         LINE#         306
  C:0D6CH         LINE#         308
  C:0D71H         LINE#         309
  C:0D71H         LINE#         311
  C:0D74H         LINE#         313
  C:0D7AH         LINE#         318
  C:0D7AH         LINE#         320
  C:0D7FH         LINE#         321
  C:0D86H         LINE#         322
  C:0D91H         LINE#         323
  C:0D9CH         LINE#         325
  C:0DA6H         LINE#         326
  C:0DB5H         LINE#         327
  C:0DB5H         LINE#         333
  C:0DB9H         LINE#         334
  C:0DC4H         LINE#         335
  C:0DCCH         LINE#         336
  C:0DCCH         LINE#         337
  C:0DD2H         LINE#         338
  C:0DD2H         LINE#         339
  C:0DD5H         LINE#         340
  C:0DD5H         LINE#         341
  C:0DD7H         LINE#         342
  C:0DDFH         LINE#         343
  C:0DDFH         LINE#         344
  C:0DE5H         LINE#         345
  C:0DE5H         LINE#         346
  C:0DE8H         LINE#         347
  C:0DE8H         LINE#         348
  C:0DE8H         LINE#         354
  C:0DE8H         LINE#         361
  C:0E1BH         LINE#         367
  C:0E1BH         LINE#         380
  C:0E1BH         LINE#         381
  C:0E1BH         LINE#         389
  C:0E20H         LINE#         390
  C:0E24H         LINE#         391
  C:0E2FH         LINE#         392
  C:0E32H         LINE#         393
  -------         ENDPROC       LOW_POWER_HANDLE
  -------         PROC          WUT_IRQHANDLER
  C:2449H         LINE#         396
  C:244FH         LINE#         399
  C:244FH         LINE#         404
BL51 BANKED LINKER/LOCATER V6.22.4.0                                                  07/02/2026  13:46:32  PAGE 56


  C:2456H         LINE#         405
  C:2456H         LINE#         406
  C:245AH         LINE#         407
  C:245AH         LINE#         410
  C:245AH         LINE#         411
  -------         ENDPROC       WUT_IRQHANDLER
  -------         ENDMOD        LOW_POWER

  -------         MODULE        ?C?COPY
  C:011EH         PUBLIC        ?C?COPY
  -------         ENDMOD        ?C?COPY

  -------         MODULE        ?C?CLDPTR
  C:0144H         PUBLIC        ?C?CLDPTR
  -------         ENDMOD        ?C?CLDPTR

  -------         MODULE        ?C?CLDOPTR
  C:015DH         PUBLIC        ?C?CLDOPTR
  -------         ENDMOD        ?C?CLDOPTR

  -------         MODULE        ?C?CILDOPTR
  C:018AH         PUBLIC        ?C?CILDOPTR
  -------         ENDMOD        ?C?CILDOPTR

  -------         MODULE        ?C?CSTOPTR
  C:01BDH         PUBLIC        ?C?CSTOPTR
  -------         ENDMOD        ?C?CSTOPTR

  -------         MODULE        ?C?UIDIV
  C:01DFH         PUBLIC        ?C?UIDIV
  -------         ENDMOD        ?C?UIDIV

  -------         MODULE        ?C?IILDX
  C:0234H         PUBLIC        ?C?IILDX
  -------         ENDMOD        ?C?IILDX

  -------         MODULE        ?C?LADD
  C:024AH         PUBLIC        ?C?LADD
  -------         ENDMOD        ?C?LADD

  -------         MODULE        ?C?ULDIV
  C:0293H         PUBLIC        ?C?ULDIV
  -------         ENDMOD        ?C?ULDIV

  -------         MODULE        ?C?SLCMP
  C:0325H         PUBLIC        ?C?SLCMP
  -------         ENDMOD        ?C?SLCMP

  -------         MODULE        ?C?ULCMP
  C:033BH         PUBLIC        ?C?ULCMP
  -------         ENDMOD        ?C?ULCMP

  -------         MODULE        ?C?LLDXDATA
  C:034CH         PUBLIC        ?C?LLDXDATA
  -------         ENDMOD        ?C?LLDXDATA

  -------         MODULE        ?C?LLDXDATA0
BL51 BANKED LINKER/LOCATER V6.22.4.0                                                  07/02/2026  13:46:32  PAGE 57


  C:0358H         PUBLIC        ?C?LLDXDATA0
  -------         ENDMOD        ?C?LLDXDATA0

  -------         MODULE        ?C?LSTXDATA
  C:0364H         PUBLIC        ?C?LSTXDATA
  -------         ENDMOD        ?C?LSTXDATA

  -------         MODULE        ?C?LSTKXDATA
  C:0370H         PUBLIC        ?C?LSTKXDATA
  -------         ENDMOD        ?C?LSTKXDATA

  -------         MODULE        ?C?PLDXDATA
  C:03A1H         PUBLIC        ?C?PLDXDATA
  -------         ENDMOD        ?C?PLDXDATA

  -------         MODULE        ?C?PSTXDATA
  C:03AAH         PUBLIC        ?C?PSTXDATA
  -------         ENDMOD        ?C?PSTXDATA

  -------         MODULE        ?C?PLDOPTR
  C:03B3H         PUBLIC        ?C?PLDOPTR
  -------         ENDMOD        ?C?PLDOPTR

  -------         MODULE        ?C?CCASE
  C:03E3H         PUBLIC        ?C?CCASE
  -------         ENDMOD        ?C?CCASE

  -------         MODULE        ?C?ICALL
  C:0409H         PUBLIC        ?C?ICALL
  C:040DH         PUBLIC        ?C?ICALL2
  -------         ENDMOD        ?C?ICALL

  -------         MODULE        ?C?LIMUL
  C:040FH         PUBLIC        ?C?LIMUL
  -------         ENDMOD        ?C?LIMUL

  -------         MODULE        ?C?MEMSET
  C:043CH         PUBLIC        ?C?MEMSET
  -------         ENDMOD        ?C?MEMSET

  -------         MODULE        ?C?PLDIDATA
  C:0468H         PUBLIC        ?C?PLDIDATA
  -------         ENDMOD        ?C?PLDIDATA

  -------         MODULE        ?C?PLDPDATA
  C:0471H         PUBLIC        ?C?PLDPDATA
  -------         ENDMOD        ?C?PLDPDATA

  -------         MODULE        ?C?PLDCODE
  C:047AH         PUBLIC        ?C?PLDCODE
  -------         ENDMOD        ?C?PLDCODE

*** WARNING L15: MULTIPLE CALL TO SEGMENT
    SEGMENT: ?PR?_GET_BATTERY_PERCENTAGE_BY_VOLTAGE?BATTERY_MONITOR
    CALLER1: ?C_C51STARTUP
    CALLER2: ?PR?ADC_IRQHANDLER?ADC

BL51 BANKED LINKER/LOCATER V6.22.4.0                                                  07/02/2026  13:46:32  PAGE 58


Program Size: data=9.5 xdata=760 code=9714
LINK/LOCATE RUN COMPLETE.  1 WARNING(S),  0 ERROR(S)
