BL51 BANKED LINKER/LOCATER V6.22.4.0                                                    07/29/2026  11:47:51  PAGE 1


BL51 BANKED LINKER/LOCATER V6.22.4.0, INVOKED BY:
C:\KEIL_V5\C51\BIN\BL51.EXE .\Release\Objects\STARTUP.obj, .\Release\Objects\system.obj, .\Release\Objects\adc.obj, .\Re
>> lease\Objects\pwm.obj, .\Release\Objects\timer0.obj, .\Release\Objects\timer1.obj, .\Release\Objects\uart0.obj, .\Rel
>> ease\Objects\main.obj, .\Release\Objects\uart_data_handle.obj, .\Release\Objects\key_driver.obj, .\Release\Objects\ad
>> _key.obj, .\Release\Objects\user_test.obj, .\Release\Objects\led.obj, .\Release\Objects\battery_monitor.obj, .\Releas
>> e\Objects\bluetooth_ic_handle.obj, .\Release\Objects\charge_det.obj, .\Release\Objects\low_power.obj, .\Release\Objec
>> ts\bat_scan.obj, .\Release\Objects\led_bat_lev.obj TO .\Release\Objects\Demo PRINT (.\Release\Listings\Demo.m51) RAMS
>> IZE (256) CODE (0X0000-0X3EEF) XDATA (0X6000-0X66FF)


MEMORY MODEL: LARGE


INPUT MODULES INCLUDED:
  .\Release\Objects\STARTUP.obj (?C_STARTUP)
  .\Release\Objects\system.obj (SYSTEM)
  .\Release\Objects\adc.obj (ADC)
  .\Release\Objects\pwm.obj (PWM)
  .\Release\Objects\timer0.obj (TIMER0)
  .\Release\Objects\timer1.obj (TIMER1)
  .\Release\Objects\uart0.obj (UART0)
  .\Release\Objects\main.obj (MAIN)
  .\Release\Objects\uart_data_handle.obj (UART_DATA_HANDLE)
  .\Release\Objects\key_driver.obj (KEY_DRIVER)
  .\Release\Objects\ad_key.obj (AD_KEY)
  .\Release\Objects\user_test.obj (USER_TEST)
  .\Release\Objects\led.obj (LED)
  .\Release\Objects\battery_monitor.obj (BATTERY_MONITOR)
  .\Release\Objects\bluetooth_ic_handle.obj (BLUETOOTH_IC_HANDLE)
  .\Release\Objects\charge_det.obj (CHARGE_DET)
  .\Release\Objects\low_power.obj (LOW_POWER)
  .\Release\Objects\bat_scan.obj (BAT_SCAN)
  .\Release\Objects\led_bat_lev.obj (LED_BAT_LEV)
  C:\KEIL_V5\C51\LIB\C51L.LIB (?C_INIT)
  C:\KEIL_V5\C51\LIB\C51L.LIB (?C?COPY)
  C:\KEIL_V5\C51\LIB\C51L.LIB (?C?CLDPTR)
  C:\KEIL_V5\C51\LIB\C51L.LIB (?C?CLDOPTR)
  C:\KEIL_V5\C51\LIB\C51L.LIB (?C?CILDOPTR)
  C:\KEIL_V5\C51\LIB\C51L.LIB (?C?CSTOPTR)
  C:\KEIL_V5\C51\LIB\C51L.LIB (?C?UIDIV)
  C:\KEIL_V5\C51\LIB\C51L.LIB (?C?IILDX)
  C:\KEIL_V5\C51\LIB\C51L.LIB (?C?LADD)
  C:\KEIL_V5\C51\LIB\C51L.LIB (?C?ULDIV)
  C:\KEIL_V5\C51\LIB\C51L.LIB (?C?SLCMP)
  C:\KEIL_V5\C51\LIB\C51L.LIB (?C?ULCMP)
  C:\KEIL_V5\C51\LIB\C51L.LIB (?C?LLDXDATA)
  C:\KEIL_V5\C51\LIB\C51L.LIB (?C?LLDXDATA0)
  C:\KEIL_V5\C51\LIB\C51L.LIB (?C?LSTXDATA)
  C:\KEIL_V5\C51\LIB\C51L.LIB (?C?LSTKXDATA)
  C:\KEIL_V5\C51\LIB\C51L.LIB (?C?PLDXDATA)
  C:\KEIL_V5\C51\LIB\C51L.LIB (?C?PSTXDATA)
  C:\KEIL_V5\C51\LIB\C51L.LIB (?C?PLDOPTR)
  C:\KEIL_V5\C51\LIB\C51L.LIB (?C?CCASE)
  C:\KEIL_V5\C51\LIB\C51L.LIB (?C?ICALL)
  C:\KEIL_V5\C51\LIB\C51L.LIB (?C?LIMUL)
  C:\KEIL_V5\C51\LIB\C51L.LIB (?C?MEMSET)
  C:\KEIL_V5\C51\LIB\C51L.LIB (?C?PLDIDATA)
  C:\KEIL_V5\C51\LIB\C51L.LIB (?C?PLDPDATA)
BL51 BANKED LINKER/LOCATER V6.22.4.0                                                  07/29/2026  11:47:51  PAGE 2


  C:\KEIL_V5\C51\LIB\C51L.LIB (?C?PLDCODE)


LINK MAP OF MODULE:  .\Release\Objects\Demo (?C_STARTUP)


            TYPE    BASE      LENGTH    RELOCATION   SEGMENT NAME
            -----------------------------------------------------

            * * * * * * *   D A T A   M E M O R Y   * * * * * * *
            REG     0000H     0008H     ABSOLUTE     "REG BANK 0"
                    0008H     0018H                  *** GAP ***
            BIT     0020H.0   0000H.4   UNIT         ?BI?ADC
            BIT     0020H.4   0000H.1   UNIT         ?BI?CHARGE_DET
                    0020H.5   0000H.3                *** GAP ***
            IDATA   0021H     0001H     UNIT         ?STACK

            * * * * * * *  X D A T A   M E M O R Y  * * * * * * *
                    0000H     6000H                  *** GAP ***
            XDATA   6000H     00DBH     UNIT         ?XD?BAT_SCAN
            XDATA   60DBH     0086H     UNIT         ?XD?UART0
            XDATA   6161H     0039H     UNIT         ?XD?AD_KEY
            XDATA   619AH     0027H     UNIT         ?XD?CHARGE_DET
            XDATA   61C1H     001AH     UNIT         ?XD?UART_DATA_HANDLE
            XDATA   61DBH     0019H     UNIT         _XDATA_GROUP_
            XDATA   61F4H     0016H     UNIT         ?XD?BATTERY_MONITOR
            XDATA   620AH     000FH     UNIT         ?XD?LED_BAT_LEV
            XDATA   6219H     000EH     UNIT         ?XD?LED
            XDATA   6227H     0009H     UNIT         ?XD?ADC
            XDATA   6230H     0006H     UNIT         ?XD?LOW_POWER
            XDATA   6236H     0004H     UNIT         ?XD?KEY_DRIVER
            XDATA   623AH     0002H     UNIT         ?XD?BLUETOOTH_IC_HANDLE

            * * * * * * *   C O D E   M E M O R Y   * * * * * * *
            CODE    0000H     0003H     ABSOLUTE     
            CODE    0003H     000CH     ABSOLUTE     
            CODE    000FH     000FH     UNIT         ?PR?UART_RECEIVER_TIMEOUT_ADD?UART_DATA_HANDLE
            CODE    001EH     0003H     ABSOLUTE     
            CODE    0021H     0003H     ABSOLUTE     
            CODE    0024H     001BH     UNIT         ?PR?_ADC_CLEAR_UPDATE_FLAG?ADC
            CODE    003FH     0003H     ABSOLUTE     
            CODE    0042H     0003H     ABSOLUTE     
            CODE    0045H     0006H     UNIT         ?PR?LED_BAT_LEV_STA_IDLE_HANDLE?LED_BAT_LEV
            CODE    004BH     0003H     ABSOLUTE     
            CODE    004EH     0438H     UNIT         ?C?LIB_CODE
            CODE    0486H     02C9H     UNIT         ?C_INITSEG
            CODE    074FH     028EH     UNIT         ?PR?LED_BAT_LEV_STA_DISCHARGE_HANDLE?LED_BAT_LEV
            CODE    09DDH     01AAH     UNIT         ?PR?DETECT_1KHZ_SIGNAL_100US?CHARGE_DET
            CODE    0B87H     0193H     UNIT         ?PR?_KEY_DRIVER_SCAN?KEY_DRIVER
            CODE    0D1AH     0157H     UNIT         ?PR?DETECT_DISCHARGE_1KHZ_SIGNAL_100US?CHARGE_DET
            CODE    0E71H     0128H     UNIT         ?PR?LOW_POWER_HANDLE?LOW_POWER
            CODE    0F99H     0127H     UNIT         ?PR?CHARGE_DET?CHARGE_DET
            CODE    10C0H     0114H     UNIT         ?PR?LED_BAT_LEV_STA_CHARGING_HANDLE?LED_BAT_LEV
            CODE    11D4H     0111H     UNIT         ?PR?LED_SLOW_ADJUST_ISR?LED
            CODE    12E5H     010BH     UNIT         ?PR?LOW_POWER_IN?LOW_POWER
            CODE    13F0H     00EAH     UNIT         ?PR?LED_RED_BLUE_FLASH_1MS_ISR?LED
            CODE    14DAH     00D1H     UNIT         ?PR?BATTTERY_MONITOR_1MS_ISR?BATTERY_MONITOR
BL51 BANKED LINKER/LOCATER V6.22.4.0                                                  07/29/2026  11:47:51  PAGE 3


            CODE    15ABH     00CFH     UNIT         ?PR?SYSTEM_INIT?SYSTEM
            CODE    167AH     00ADH     UNIT         ?PR?_BAT_DISCHARGE_TIME_CNT_UPDATE?BATTERY_MONITOR
            CODE    1727H     00A5H     UNIT         ?PR?_UART_RECEIVER_PROCESS_BYTE?UART_DATA_HANDLE
            CODE    17CCH     009BH     UNIT         ?PR?AD_KEY_HANDLE?AD_KEY
            CODE    1867H     0093H     UNIT         ?PR?LED
            CODE    18FAH     008FH     UNIT         ?PR?LED_BAT_LEV
            CODE    1989H     008CH     UNIT         ?C_C51STARTUP
            CODE    1A15H     008BH     UNIT         ?PR?PWM_INIT?PWM
            CODE    1AA0H     0087H     UNIT         ?PR?ADC_IRQHANDLER?ADC
            CODE    1B27H     0087H     UNIT         ?PR?_BAT_CHARGE_TIME_CNT_UPDATE?BATTERY_MONITOR
            CODE    1BAEH     0083H     UNIT         ?PR?BATTERY_MONITOR_HANDLE?BATTERY_MONITOR
            CODE    1C31H     0079H     UNIT         ?PR?UART_DATA_HANDLE?UART_DATA_HANDLE
            CODE    1CAAH     0076H     UNIT         ?PR?BATTERY_VOLTAGE_UPDATE_BY_ISR?BAT_SCAN
            CODE    1D20H     0074H     UNIT         ?PR?_LED_STATUS_SET?LED
            CODE    1D94H     006CH     UNIT         ?PR?TIMR0_IRQHANDLER?TIMER0
            CODE    1E00H     0067H     UNIT         ?PR?LED_BAT_LEV_HANDLE?LED_BAT_LEV
            CODE    1E67H     0066H     UNIT         ?PR?ADC_SCAN?ADC
            CODE    1ECDH     0065H     UNIT         ?PR?LED_BAT_LEV_STA_CHARGE_BEGIN_ANIM_HANDLE?LED_BAT_LEV
            CODE    1F32H     005FH     UNIT         ?PR?SEND_LOW_BAT_TIMER_CALLBACK?BATTERY_MONITOR
            CODE    1F91H     0057H     UNIT         ?PR?LOW_POWER_ENTER_TIMER_CALLBACK?LOW_POWER
            CODE    1FE8H     0053H     UNIT         ?PR?MAIN?MAIN
            CODE    203BH     0053H     UNIT         ?PR?_LED_BAT_LEV_INIT_BY_VOL?LED_BAT_LEV
            CODE    208EH     004EH     UNIT         ?PR?LED_INIT?LED
            CODE    20DCH     004CH     UNIT         ?PR?_AD_KEY_VAL_TO_AD_KEY_INDEX?AD_KEY
            CODE    2128H     004BH     UNIT         ?PR?_ADC_CHANNEL_SEL?ADC
            CODE    2173H     004AH     UNIT         ?PR?_AD_KEY_GET_EVENT?AD_KEY
            CODE    21BDH     004AH     UNIT         ?PR?LOW_POWER_OUT?LOW_POWER
            CODE    2207H     0048H     UNIT         ?PR?TIMR1_IRQHANDLER?TIMER1
            CODE    224FH     0047H     UNIT         ?PR?_UART0_RXBUFFER_PUT_BYTE?UART0
            CODE    2296H     0045H     UNIT         ?PR?_UART_DATA_SEND_CMD?UART_DATA_HANDLE
            CODE    22DBH     0045H     UNIT         ?PR?BAT_VOL_HISTORY_BUFF_GET_AVG?BAT_SCAN
            CODE    2320H     0043H     UNIT         ?PR?BAT_SCAN
            CODE    2363H     0042H     UNIT         ?PR?UART0_RXBUFFER_GET_BYTE?UART0
            CODE    23A5H     003DH     UNIT         ?PR?_ADC_UPDATE_VAL?ADC
            CODE    23E2H     003CH     UNIT         ?PR?BATTERY_MONITOR
            CODE    241EH     003AH     UNIT         ?PR?UART0_INIT?UART0
            CODE    2458H     003AH     UNIT         ?PR?LED_STATUS_SWITCH?LED
            CODE    2492H     0039H     UNIT         ?PR?BAT_VOL_UPDATE_TIMER_CALLBACK?BAT_SCAN
            CODE    24CBH     0036H     UNIT         ?PR?LED_BAT_LEV_DISLPLAY_1MS_ISR?LED_BAT_LEV
            CODE    2501H     0034H     UNIT         ?PR?UART0_IRQHANDLER?UART0
            CODE    2535H     0033H     UNIT         ?PR?AD_KEY_GET_KEY_VAL?AD_KEY
            CODE    2568H     002FH     UNIT         ?PR?BAT_SCAN?BAT_SCAN
            CODE    2597H     002EH     UNIT         ?PR?_ADC_GET_VAL?ADC
            CODE    25C5H     002EH     UNIT         ?PR?ADC
            CODE    25F3H     002EH     UNIT         ?PR?BAT_VOL_HISTORY_BUFF_ADD_TIMER_CALLBACK?BAT_SCAN
            CODE    2621H     002BH     UNIT         ?PR?CHARGE_DET
            CODE    264CH     0026H     UNIT         ?PR?LED_BAT_LEV_STA_ALERT_HANDLE?LED_BAT_LEV
            CODE    2672H     0025H     UNIT         ?PR?_ADC_GET_UPDATE_FLAG?ADC
            CODE    2697H     0024H     UNIT         ?PR?IS_LOW_POWER_CONDITION_ESTABLISH?LOW_POWER
            CODE    26BBH     0023H     UNIT         ?PR?_UART0_SENDBUF?UART0
            CODE    26DEH     0022H     UNIT         ?PR?ADC_INIT?ADC
            CODE    2700H     0022H     UNIT         ?PR?UART_RECEIVER_PROCESS_CHECKSUM?UART_DATA_HANDLE
            CODE    2722H     0022H     UNIT         ?PR?_GET_BATTERY_VOLTAGE_BY_ADC?BAT_SCAN
            CODE    2744H     0021H     UNIT         ?PR?USER_INIT?MAIN
            CODE    2765H     0021H     UNIT         ?PR?KEY_DRIVER
            CODE    2786H     001BH     UNIT         ?PR?TIMER0_INIT?TIMER0
            CODE    27A1H     001BH     UNIT         ?PR?TIMER1_INIT?TIMER1
BL51 BANKED LINKER/LOCATER V6.22.4.0                                                  07/29/2026  11:47:51  PAGE 4


            CODE    27BCH     001AH     UNIT         ?PR?BLUETOOTH_IC_HANDLE_INIT?BLUETOOTH_IC_HANDLE
            CODE    27D6H     001AH     UNIT         ?PR?_BAT_VOL_HISTORY_BUFF_ADD?BAT_SCAN
            CODE    27F0H     0019H     UNIT         ?PR?CHARGE_DET_INIT?CHARGE_DET
            CODE    2809H     0018H     UNIT         ?PR?_DELAY_MS?SYSTEM
            CODE    2821H     0018H     UNIT         ?PR?WUT_IRQHANDLER?LOW_POWER
            CODE    2839H     0017H     UNIT         ?PR?ADC_GET_VAL_ONCE?ADC
            CODE    2850H     0017H     UNIT         ?PR?UART_DATA_HANDLE
            CODE    2867H     0016H     UNIT         ?PR?PWM
            CODE    287DH     0016H     UNIT         ?PR?BAT_GET_AVG_VOL_PERIOD_ADD?BAT_SCAN
            CODE    2893H     0016H     UNIT         ?PR?_BAT_VOL_HISTORY_BUFF_INIT?BAT_SCAN
            CODE    28A9H     0015H     UNIT         ?PR?BLE_IC_ENABLE?BLUETOOTH_IC_HANDLE
            CODE    28BEH     0015H     UNIT         ?PR?LED_BAT_LEV_STA_CHARGE_BEGIN_HANDLE?LED_BAT_LEV
            CODE    28D3H     0013H     UNIT         ?PR?UART_RECEIVER_TIMEOUT_HANDLER?UART_DATA_HANDLE
            CODE    28E6H     0012H     UNIT         ?PR?ADC_INIT_WHEN_LOW_PWR_OUT?ADC
            CODE    28F8H     0012H     UNIT         ?PR?UART_RECEIVER_RESET?UART_DATA_HANDLE
            CODE    290AH     0011H     UNIT         ?PR?ADC_PIN_INIT?ADC
            CODE    291BH     000FH     UNIT         ?PR?AD_KEY
            CODE    292AH     000FH     UNIT         ?PR?LED_CTL_INIT?LED
            CODE    2939H     000DH     UNIT         ?PR?LED_YELLOW_ON?LED
            CODE    2946H     000DH     UNIT         ?PR?LED_WHITE_ON?LED
            CODE    2953H     000BH     UNIT         ?PR?_DELAY?SYSTEM
            CODE    295EH     000AH     UNIT         ?PR?LOW_POWER
            CODE    2968H     0009H     UNIT         ?PR?_PWM_SET_CHANNEL_0_DUTY?PWM
            CODE    2971H     0009H     UNIT         ?PR?_PWM_SET_CHANNEL_1_DUTY?PWM
            CODE    297AH     0009H     UNIT         ?PR?UART0_RXBUFFER_GET_COUNT?UART0
            CODE    2983H     0009H     UNIT         ?PR?LED_BAT_LEV_STA_CHARGE_END_HANDLE?LED_BAT_LEV
            CODE    298CH     0008H     UNIT         ?PR?_UART0_SENDBYTE?UART0
            CODE    2994H     0008H     UNIT         ?CO?UART_DATA_HANDLE
            CODE    299CH     0008H     UNIT         ?PR?LED_YELLOW_OFF?LED
            CODE    29A4H     0008H     UNIT         ?PR?LED_WHITE_OFF?LED
            CODE    29ACH     0008H     UNIT         ?PR?BLE_IC_DISABLE_POST?BLUETOOTH_IC_HANDLE
            CODE    29B4H     0007H     UNIT         ?PR?UART0
            CODE    29BBH     0005H     UNIT         ?PR?BLE_IC_DISABLE_PRE?BLUETOOTH_IC_HANDLE
            CODE    29C0H     0003H     UNIT         ?PR?CHARGE_DET_TIME_ADD?CHARGE_DET



OVERLAY MAP OF MODULE:   .\Release\Objects\Demo (?C_STARTUP)


SEGMENT                                            XDATA_GROUP
  +--> CALLED SEGMENT                            START    LENGTH
----------------------------------------------------------------
?C_C51STARTUP                                    -----    -----
  +--> ?PR?MAIN?MAIN
  +--> ?C_INITSEG

?PR?MAIN?MAIN                                    -----    -----
  +--> ?PR?SYSTEM_INIT?SYSTEM
  +--> ?PR?USER_INIT?MAIN
  +--> ?PR?_DELAY_MS?SYSTEM
  +--> ?PR?_KEY_DRIVER_SCAN?KEY_DRIVER
  +--> ?PR?AD_KEY_HANDLE?AD_KEY
  +--> ?PR?UART_DATA_HANDLE?UART_DATA_HANDLE
  +--> ?PR?CHARGE_DET?CHARGE_DET
  +--> ?PR?BAT_SCAN?BAT_SCAN
  +--> ?PR?LED_BAT_LEV_HANDLE?LED_BAT_LEV
BL51 BANKED LINKER/LOCATER V6.22.4.0                                                  07/29/2026  11:47:51  PAGE 5


  +--> ?PR?BATTERY_MONITOR_HANDLE?BATTERY_MO...
  +--> ?PR?LOW_POWER_HANDLE?LOW_POWER

?PR?SYSTEM_INIT?SYSTEM                           -----    -----
  +--> ?PR?_DELAY?SYSTEM
  +--> ?PR?_DELAY_MS?SYSTEM

?PR?_DELAY_MS?SYSTEM                             -----    -----
  +--> ?PR?_DELAY?SYSTEM

?PR?USER_INIT?MAIN                               -----    -----
  +--> ?PR?ADC_PIN_INIT?ADC
  +--> ?PR?ADC_INIT?ADC
  +--> ?PR?LED_INIT?LED
  +--> ?PR?UART0_INIT?UART0
  +--> ?PR?PWM_INIT?PWM
  +--> ?PR?BLUETOOTH_IC_HANDLE_INIT?BLUETOOT...
  +--> ?PR?UART_RECEIVER_RESET?UART_DATA_HANDLE
  +--> ?PR?LED_CTL_INIT?LED
  +--> ?PR?CHARGE_DET_INIT?CHARGE_DET
  +--> ?PR?TIMER0_INIT?TIMER0
  +--> ?PR?TIMER1_INIT?TIMER1

?PR?ADC_INIT?ADC                                 -----    -----
  +--> ?PR?_DELAY_MS?SYSTEM

?PR?LED_INIT?LED                                 -----    -----
  +--> ?PR?LED

?PR?PWM_INIT?PWM                                 -----    -----
  +--> ?PR?PWM

?PR?_KEY_DRIVER_SCAN?KEY_DRIVER                  61DBH    0002H
  +--> ?PR?KEY_DRIVER

?PR?AD_KEY_HANDLE?AD_KEY                         61DBH    0001H
  +--> ?PR?_AD_KEY_GET_EVENT?AD_KEY
  +--> ?PR?LED_STATUS_SWITCH?LED
  +--> ?PR?_UART_DATA_SEND_CMD?UART_DATA_HANDLE
  +--> ?PR?BLE_IC_DISABLE_PRE?BLUETOOTH_IC_H...
  +--> ?PR?BLE_IC_ENABLE?BLUETOOTH_IC_HANDLE

?PR?_AD_KEY_GET_EVENT?AD_KEY                     -----    -----
  +--> ?PR?AD_KEY

?PR?LED_STATUS_SWITCH?LED                        -----    -----
  +--> ?PR?_LED_STATUS_SET?LED

?PR?_LED_STATUS_SET?LED                          61DCH    0001H
  +--> ?PR?LED_YELLOW_OFF?LED
  +--> ?PR?LED_WHITE_OFF?LED
  +--> ?PR?LED_WHITE_ON?LED
  +--> ?PR?LED_YELLOW_ON?LED

?PR?LED_WHITE_ON?LED                             -----    -----
  +--> ?PR?_PWM_SET_CHANNEL_1_DUTY?PWM

BL51 BANKED LINKER/LOCATER V6.22.4.0                                                  07/29/2026  11:47:51  PAGE 6


?PR?_PWM_SET_CHANNEL_1_DUTY?PWM                  -----    -----
  +--> ?PR?PWM

?PR?LED_YELLOW_ON?LED                            -----    -----
  +--> ?PR?_PWM_SET_CHANNEL_0_DUTY?PWM

?PR?_PWM_SET_CHANNEL_0_DUTY?PWM                  -----    -----
  +--> ?PR?PWM

?PR?_UART_DATA_SEND_CMD?UART_DATA_HANDLE         61DCH    0009H
  +--> ?CO?UART_DATA_HANDLE
  +--> ?PR?_UART0_SENDBUF?UART0

?PR?_UART0_SENDBUF?UART0                         61E5H    0003H
  +--> ?PR?_UART0_SENDBYTE?UART0

?PR?BLE_IC_DISABLE_PRE?BLUETOOTH_IC_H...         -----    -----
  +--> ?PR?_UART_DATA_SEND_CMD?UART_DATA_HANDLE

?PR?BLE_IC_ENABLE?BLUETOOTH_IC_HANDLE            -----    -----
  +--> ?PR?_DELAY_MS?SYSTEM
  +--> ?PR?_UART_DATA_SEND_CMD?UART_DATA_HANDLE

?PR?UART_DATA_HANDLE?UART_DATA_HANDLE            -----    -----
  +--> ?PR?UART_RECEIVER_RESET?UART_DATA_HANDLE
  +--> ?PR?UART_RECEIVER_TIMEOUT_HANDLER?UAR...
  +--> ?PR?UART0_RXBUFFER_GET_COUNT?UART0
  +--> ?PR?UART0_RXBUFFER_GET_BYTE?UART0
  +--> ?PR?_UART_RECEIVER_PROCESS_BYTE?UART_...
  +--> ?PR?BLE_IC_DISABLE_POST?BLUETOOTH_IC_...

?PR?UART_RECEIVER_TIMEOUT_HANDLER?UAR...         -----    -----
  +--> ?PR?UART_RECEIVER_RESET?UART_DATA_HANDLE

?PR?UART0_RXBUFFER_GET_BYTE?UART0                -----    -----
  +--> ?PR?UART0

?PR?_UART_RECEIVER_PROCESS_BYTE?UART_...         -----    -----
  +--> ?PR?UART_DATA_HANDLE
  +--> ?PR?UART_RECEIVER_PROCESS_CHECKSUM?UA...

?PR?CHARGE_DET?CHARGE_DET                        61DBH    0002H
  +--> ?PR?_ADC_GET_UPDATE_FLAG?ADC
  +--> ?PR?_ADC_CLEAR_UPDATE_FLAG?ADC
  +--> ?PR?_ADC_GET_VAL?ADC
  +--> ?PR?CHARGE_DET

?PR?BAT_SCAN?BAT_SCAN                            -----    -----
  +--> ?PR?BAT_SCAN
  +--> ?PR?BAT_VOL_HISTORY_BUFF_GET_AVG?BAT_...

?PR?BAT_VOL_HISTORY_BUFF_GET_AVG?BAT_...         61DBH    0005H
  +--> ?PR?BAT_SCAN

?PR?BATTERY_MONITOR_HANDLE?BATTERY_MO...         -----    -----
  +--> ?PR?_LED_STATUS_SET?LED
  +--> ?PR?_UART_DATA_SEND_CMD?UART_DATA_HANDLE
BL51 BANKED LINKER/LOCATER V6.22.4.0                                                  07/29/2026  11:47:51  PAGE 7


  +--> ?PR?_DELAY_MS?SYSTEM
  +--> ?PR?BLE_IC_DISABLE_PRE?BLUETOOTH_IC_H...
  +--> ?PR?BLE_IC_ENABLE?BLUETOOTH_IC_HANDLE

?PR?LOW_POWER_HANDLE?LOW_POWER                   61DBH    0007H
  +--> ?PR?LOW_POWER
  +--> ?PR?LOW_POWER_IN?LOW_POWER
  +--> ?PR?LOW_POWER_OUT?LOW_POWER
  +--> ?PR?ADC_PIN_INIT?ADC
  +--> ?PR?ADC_INIT_WHEN_LOW_PWR_OUT?ADC
  +--> ?PR?_ADC_CHANNEL_SEL?ADC
  +--> ?PR?_DELAY_MS?SYSTEM
  +--> ?PR?ADC_GET_VAL_ONCE?ADC
  +--> ?PR?_GET_BATTERY_VOLTAGE_BY_ADC?BAT_SCAN
  +--> ?PR?USER_INIT?MAIN

?PR?LOW_POWER_IN?LOW_POWER                       -----    -----
  +--> ?PR?_DELAY_MS?SYSTEM

?PR?ADC_GET_VAL_ONCE?ADC                         -----    -----
  +--> ?PR?ADC

?PR?ADC                                          -----    -----
  +--> ?PR?_ADC_CHANNEL_SEL?ADC

?C_INITSEG                                       -----    -----
  +--> ?PR?AD_KEY_GET_KEY_VAL?AD_KEY

?PR?AD_KEY_GET_KEY_VAL?AD_KEY                    61DBH    0001H
  +--> ?PR?_ADC_GET_UPDATE_FLAG?ADC
  +--> ?PR?_ADC_CLEAR_UPDATE_FLAG?ADC
  +--> ?PR?_ADC_GET_VAL?ADC
  +--> ?PR?_AD_KEY_VAL_TO_AD_KEY_INDEX?AD_KEY

?PR?_AD_KEY_VAL_TO_AD_KEY_INDEX?AD_KEY           61DCH    0002H

*** NEW ROOT ***************************************************

?PR?ADC_IRQHANDLER?ADC                           61E8H    0002H
  +--> ?PR?ADC
  +--> ?PR?_ADC_UPDATE_VAL?ADC
  +--> ?PR?BATTERY_VOLTAGE_UPDATE_BY_ISR?BAT...

?PR?BATTERY_VOLTAGE_UPDATE_BY_ISR?BAT...         61EAH    0004H
  +--> ?PR?_ADC_GET_UPDATE_FLAG?ADC
  +--> ?PR?_ADC_CLEAR_UPDATE_FLAG?ADC
  +--> ?PR?_ADC_GET_VAL?ADC
  +--> ?PR?_GET_BATTERY_VOLTAGE_BY_ADC?BAT_SCAN
  +--> ?PR?BAT_SCAN
  +--> ?PR?_BAT_VOL_HISTORY_BUFF_INIT?BAT_SCAN
  +--> ?PR?_LED_BAT_LEV_INIT_BY_VOL?LED_BAT_LEV
  +--> ?PR?_BAT_CHARGE_TIME_CNT_UPDATE?BATTE...
  +--> ?PR?_BAT_DISCHARGE_TIME_CNT_UPDATE?BA...

?PR?_BAT_VOL_HISTORY_BUFF_INIT?BAT_SCAN          -----    -----
  +--> ?PR?BAT_SCAN

BL51 BANKED LINKER/LOCATER V6.22.4.0                                                  07/29/2026  11:47:51  PAGE 8


?PR?_BAT_DISCHARGE_TIME_CNT_UPDATE?BA...         61F0H    0002H
  +--> ?PR?BATTERY_MONITOR

*** NEW ROOT ***************************************************

?PR?TIMR0_IRQHANDLER?TIMER0                      -----    -----
  +--> ?PR?ADC_SCAN?ADC
  +--> ?PR?CHARGE_DET_TIME_ADD?CHARGE_DET
  +--> ?PR?UART_RECEIVER_TIMEOUT_ADD?UART_DA...
  +--> ?PR?BAT_VOL_UPDATE_TIMER_CALLBACK?BAT...
  +--> ?PR?BAT_VOL_HISTORY_BUFF_ADD_TIMER_CA...
  +--> ?PR?BAT_GET_AVG_VOL_PERIOD_ADD?BAT_SCAN
  +--> ?PR?LED_SLOW_ADJUST_ISR?LED
  +--> ?PR?LED_RED_BLUE_FLASH_1MS_ISR?LED
  +--> ?PR?LOW_POWER_ENTER_TIMER_CALLBACK?LO...
  +--> ?PR?SEND_LOW_BAT_TIMER_CALLBACK?BATTE...
  +--> ?PR?LED_BAT_LEV_DISLPLAY_1MS_ISR?LED_...
  +--> ?PR?BATTTERY_MONITOR_1MS_ISR?BATTERY_...

?PR?ADC_SCAN?ADC                                 -----    -----
  +--> ?PR?ADC

?PR?BAT_VOL_HISTORY_BUFF_ADD_TIMER_CA...         -----    -----
  +--> ?PR?BAT_SCAN
  +--> ?PR?_BAT_VOL_HISTORY_BUFF_ADD?BAT_SCAN

?PR?_BAT_VOL_HISTORY_BUFF_ADD?BAT_SCAN           -----    -----
  +--> ?PR?BAT_SCAN

?PR?BAT_GET_AVG_VOL_PERIOD_ADD?BAT_SCAN          -----    -----
  +--> ?PR?BAT_SCAN

?PR?LED_SLOW_ADJUST_ISR?LED                      -----    -----
  +--> ?PR?LED
  +--> ?PR?_PWM_SET_CHANNEL_0_DUTY?PWM
  +--> ?PR?_PWM_SET_CHANNEL_1_DUTY?PWM

?PR?LED_RED_BLUE_FLASH_1MS_ISR?LED               61F0H    0002H
  +--> ?PR?LED

?PR?LOW_POWER_ENTER_TIMER_CALLBACK?LO...         -----    -----
  +--> ?PR?IS_LOW_POWER_CONDITION_ESTABLISH?...

?PR?SEND_LOW_BAT_TIMER_CALLBACK?BATTE...         -----    -----
  +--> ?PR?BATTERY_MONITOR

?PR?LED_BAT_LEV_DISLPLAY_1MS_ISR?LED_...         -----    -----
  +--> ?PR?LED_BAT_LEV_STA_IDLE_HANDLE?LED_B...
  +--> ?PR?LED_BAT_LEV_STA_CHARGE_BEGIN_HAND...
  +--> ?PR?LED_BAT_LEV_STA_CHARGE_BEGIN_ANIM...
  +--> ?PR?LED_BAT_LEV_STA_CHARGING_HANDLE?L...
  +--> ?PR?LED_BAT_LEV_STA_CHARGE_END_HANDLE...
  +--> ?PR?LED_BAT_LEV_STA_ALERT_HANDLE?LED_...
  +--> ?PR?LED_BAT_LEV_STA_DISCHARGE_HANDLE?...

?PR?LED_BAT_LEV_STA_IDLE_HANDLE?LED_B...         -----    -----
  +--> ?PR?LED_BAT_LEV
BL51 BANKED LINKER/LOCATER V6.22.4.0                                                  07/29/2026  11:47:51  PAGE 9



?PR?LED_BAT_LEV_STA_CHARGE_BEGIN_HAND...         -----    -----
  +--> ?PR?LED_BAT_LEV

?PR?LED_BAT_LEV_STA_CHARGE_BEGIN_ANIM...         -----    -----
  +--> ?PR?LED_BAT_LEV

?PR?LED_BAT_LEV_STA_CHARGING_HANDLE?L...         -----    -----
  +--> ?PR?LED_BAT_LEV

?PR?LED_BAT_LEV_STA_ALERT_HANDLE?LED_...         -----    -----
  +--> ?PR?LED_BAT_LEV

?PR?LED_BAT_LEV_STA_DISCHARGE_HANDLE?...         61F0H    0001H
  +--> ?PR?LED_BAT_LEV

?PR?BATTTERY_MONITOR_1MS_ISR?BATTERY_...         -----    -----
  +--> ?PR?BATTERY_MONITOR
  +--> ?PR?_BAT_VOL_HISTORY_BUFF_INIT?BAT_SCAN
  +--> ?PR?_BAT_DISCHARGE_TIME_CNT_UPDATE?BA...
  +--> ?PR?_BAT_CHARGE_TIME_CNT_UPDATE?BATTE...

*** NEW ROOT ***************************************************

?PR?TIMR1_IRQHANDLER?TIMER1                      -----    -----
  +--> ?PR?DETECT_1KHZ_SIGNAL_100US?CHARGE_DET
  +--> ?PR?DETECT_DISCHARGE_1KHZ_SIGNAL_100U...

?PR?DETECT_1KHZ_SIGNAL_100US?CHARGE_DET          61F2H    0001H
  +--> ?PR?CHARGE_DET

?PR?DETECT_DISCHARGE_1KHZ_SIGNAL_100U...         61F2H    0001H
  +--> ?PR?CHARGE_DET

*** NEW ROOT ***************************************************

?PR?UART0_IRQHANDLER?UART0                       61F3H    0001H
  +--> ?PR?_UART0_RXBUFFER_PUT_BYTE?UART0

?PR?_UART0_RXBUFFER_PUT_BYTE?UART0               -----    -----
  +--> ?PR?UART0



SYMBOL TABLE OF MODULE:  .\Release\Objects\Demo (?C_STARTUP)

  VALUE           TYPE          NAME
  ----------------------------------

  -------         MODULE        ?C_STARTUP
  C:1989H         SEGMENT       ?C_C51STARTUP
  I:0021H         SEGMENT       ?STACK
  C:0000H         PUBLIC        ?C_STARTUP
  D:00E0H         SYMBOL        ACC
  D:00F0H         SYMBOL        B
  D:0083H         SYMBOL        DPH
  D:0082H         SYMBOL        DPL
BL51 BANKED LINKER/LOCATER V6.22.4.0                                                  07/29/2026  11:47:51  PAGE 10


  N:0000H         SYMBOL        IBPSTACK
  N:0100H         SYMBOL        IBPSTACKTOP
  N:0080H         SYMBOL        IDATALEN
  C:198CH         SYMBOL        IDATALOOP
  N:0000H         SYMBOL        PBPSTACK
  N:0100H         SYMBOL        PBPSTACKTOP
  N:0000H         SYMBOL        PDATALEN
  N:0000H         SYMBOL        PDATASTART
  N:0000H         SYMBOL        PPAGE
  N:0000H         SYMBOL        PPAGEENABLE
  D:00A0H         SYMBOL        PPAGE_SFR
  D:0081H         SYMBOL        SP
  C:1989H         SYMBOL        STARTUP1
  N:0000H         SYMBOL        XBPSTACK
  N:0000H         SYMBOL        XBPSTACKTOP
  N:0000H         SYMBOL        XDATALEN
  N:0000H         SYMBOL        XDATASTART
  C:0000H         LINE#         126
  C:1989H         LINE#         133
  C:198BH         LINE#         134
  C:198CH         LINE#         135
  C:198DH         LINE#         136
  C:198FH         LINE#         185
  C:1992H         LINE#         196
  -------         ENDMOD        ?C_STARTUP

  -------         MODULE        SYSTEM
  C:0000H         SYMBOL        _ICE_DUMMY_
  D:00A7H         PUBLIC        FLASH_TIMEREG0
  D:00ACH         PUBLIC        FLASH_TIMEREG1
  C:2953H         PUBLIC        _delay
  C:2809H         PUBLIC        _delay_ms
  C:15ABH         PUBLIC        system_init
  -------         PROC          _DELAY
  D:0006H         SYMBOL        cnt
  C:2953H         LINE#         37
  C:2953H         LINE#         38
  C:2953H         LINE#         39
  C:295DH         LINE#         40
  C:295DH         LINE#         41
  C:295DH         LINE#         42
  -------         ENDPROC       _DELAY
  -------         PROC          _DELAY_MS
  D:0002H         SYMBOL        ms
  C:2809H         LINE#         49
  C:280DH         LINE#         50
  C:280DH         LINE#         51
  C:2817H         LINE#         52
  C:2817H         LINE#         53
  C:281EH         LINE#         54
  C:2820H         LINE#         55
  -------         ENDPROC       _DELAY_MS
  -------         PROC          SYSTEM_INIT
  -------         DO            
  D:0007H         SYMBOL        i
  -------         ENDDO         
  C:15ABH         LINE#         62
BL51 BANKED LINKER/LOCATER V6.22.4.0                                                  07/29/2026  11:47:51  PAGE 11


  C:15ABH         LINE#         63
  C:15ABH         LINE#         66
  C:15B2H         LINE#         67
  C:15BFH         LINE#         68
  C:15C2H         LINE#         69
  C:15C5H         LINE#         70
  C:15CBH         LINE#         71
  C:15D1H         LINE#         72
  C:15D7H         LINE#         76
  C:15D9H         LINE#         77
  C:15D9H         LINE#         78
  C:15E6H         LINE#         79
  C:15EBH         LINE#         81
  C:1679H         LINE#         82
  -------         ENDPROC       SYSTEM_INIT
  -------         ENDMOD        SYSTEM

  -------         MODULE        ADC
  C:0000H         SYMBOL        _ICE_DUMMY_
  D:00A8H         PUBLIC        IE0
  D:00A9H         PUBLIC        IE1
  D:00AAH         PUBLIC        IE2
  D:00ABH         PUBLIC        IE3
  B:00A8H.7       PUBLIC        IE_EA
  D:00B8H         PUBLIC        IP0
  D:00B1H         PUBLIC        IP1
  D:00B2H         PUBLIC        IP2
  D:00B3H         PUBLIC        IP3
  D:00B4H         PUBLIC        IP4
  D:00B5H         PUBLIC        IP5
  D:00B6H         PUBLIC        IP6
  D:00B7H         PUBLIC        IP7
  D:0093H         PUBLIC        ADC_DATAH0
  D:0094H         PUBLIC        ADC_DATAL0
  D:0099H         PUBLIC        ADC_CHS0
  X:6227H         PUBLIC        cur_adc_status
  C:290AH         PUBLIC        adc_pin_init
  C:26DEH         PUBLIC        adc_init
  C:1E67H         PUBLIC        adc_scan
  C:28E6H         PUBLIC        adc_init_when_low_pwr_out
  C:23A5H         PUBLIC        _adc_update_val
  C:2597H         PUBLIC        _adc_get_val
  C:2672H         PUBLIC        _adc_get_update_flag
  C:0024H         PUBLIC        _adc_clear_update_flag
  C:2128H         PUBLIC        _adc_channel_sel
  C:2839H         PUBLIC        adc_get_val_once
  X:6228H         SYMBOL        adc_adkey_val
  B:0020H.0       SYMBOL        flag_is_adkey_val_update
  X:622AH         SYMBOL        adc_bat_det_val
  B:0020H.1       SYMBOL        flag_is_adc_bat_det_val_update
  X:622CH         SYMBOL        adc_solar_det_val
  B:0020H.2       SYMBOL        flag_is_adc_solar_det_val_update
  X:622EH         SYMBOL        adc_type_c_det_val
  B:0020H.3       SYMBOL        flag_is_adc_type_c_det_val_update
  C:1AA0H         PUBLIC        ADC_IRQHandler
  C:25C5H         SYMBOL        Com0067
  C:25C5H         SYMBOL        L?0104
BL51 BANKED LINKER/LOCATER V6.22.4.0                                                  07/29/2026  11:47:51  PAGE 12


  C:25C5H         SYMBOL        L?0105
  C:25CFH         SYMBOL        L?0106
  C:25CFH         SYMBOL        L?0107
  C:25D8H         SYMBOL        L?0108
  C:25D8H         SYMBOL        L?0109
  C:25DFH         SYMBOL        L?0110
  C:25E9H         SYMBOL        L?0111
  -------         PROC          COM0067
  -------         ENDPROC       COM0067
  -------         PROC          ADC_PIN_INIT
  C:290AH         LINE#         26
  C:290AH         LINE#         27
  C:290AH         LINE#         29
  C:2910H         LINE#         32
  C:2916H         LINE#         35
  C:291AH         LINE#         36
  -------         ENDPROC       ADC_PIN_INIT
  -------         PROC          ADC_INIT
  C:26DEH         LINE#         38
  C:26DEH         LINE#         39
  C:26DEH         LINE#         40
  C:26E3H         LINE#         42
  C:26E9H         LINE#         46
  C:26ECH         LINE#         47
  C:26EEH         LINE#         49
  C:26F4H         LINE#         51
  C:26F9H         LINE#         54
  -------         ENDPROC       ADC_INIT
  -------         PROC          _ADC_UPDATE_VAL
  D:0007H         SYMBOL        adc_channel
  D:0004H         SYMBOL        adc_val
  C:23A5H         LINE#         63
  C:23A5H         LINE#         64
  C:23A5H         LINE#         65
  C:23B4H         LINE#         66
  C:23B4H         LINE#         67
  C:23B4H         LINE#         68
  C:23BCH         LINE#         69
  C:23BEH         LINE#         70
  C:23BFH         LINE#         71
  C:23BFH         LINE#         72
  C:23C7H         LINE#         73
  C:23C9H         LINE#         74
  C:23CAH         LINE#         75
  C:23CAH         LINE#         76
  C:23D2H         LINE#         77
  C:23D4H         LINE#         78
  C:23D5H         LINE#         79
  C:23D5H         LINE#         80
  C:23DFH         LINE#         81
  C:23E1H         LINE#         82
  C:23E1H         LINE#         83
  C:23E1H         LINE#         84
  -------         ENDPROC       _ADC_UPDATE_VAL
  -------         PROC          _ADC_GET_VAL
  D:0007H         SYMBOL        adc_channel
  -------         DO            
BL51 BANKED LINKER/LOCATER V6.22.4.0                                                  07/29/2026  11:47:51  PAGE 13


  D:0004H         SYMBOL        ret
  -------         ENDDO         
  C:2597H         LINE#         86
  C:2597H         LINE#         87
  C:2597H         LINE#         88
  C:259AH         LINE#         89
  C:25A9H         LINE#         90
  C:25A9H         LINE#         91
  C:25A9H         LINE#         92
  C:25ACH         LINE#         93
  C:25AEH         LINE#         94
  C:25AEH         LINE#         95
  C:25B1H         LINE#         96
  C:25B3H         LINE#         97
  C:25B3H         LINE#         98
  C:25B6H         LINE#         99
  C:25B8H         LINE#         100
  C:25B8H         LINE#         101
  C:25C0H         LINE#         102
  C:25C0H         LINE#         104
  C:25C0H         LINE#         105
  C:25C0H         LINE#         106
  C:25C0H         LINE#         108
  C:25C4H         LINE#         109
  -------         ENDPROC       _ADC_GET_VAL
  -------         PROC          _ADC_GET_UPDATE_FLAG
  D:0007H         SYMBOL        adc_channel
  -------         DO            
  D:0006H         SYMBOL        ret
  -------         ENDDO         
  C:2672H         LINE#         112
  C:2672H         LINE#         113
  C:2672H         LINE#         114
  C:2674H         LINE#         115
  C:2683H         LINE#         116
  C:2683H         LINE#         117
  C:2683H         LINE#         118
  C:2685H         LINE#         119
  C:2687H         LINE#         120
  C:2687H         LINE#         121
  C:2689H         LINE#         122
  C:268BH         LINE#         123
  C:268BH         LINE#         124
  C:268DH         LINE#         125
  C:268FH         LINE#         126
  C:268FH         LINE#         127
  C:2694H         LINE#         128
  C:2694H         LINE#         130
  C:2694H         LINE#         131
  C:2694H         LINE#         132
  C:2694H         LINE#         134
  C:2696H         LINE#         135
  -------         ENDPROC       _ADC_GET_UPDATE_FLAG
  -------         PROC          _ADC_CLEAR_UPDATE_FLAG
  D:0007H         SYMBOL        adc_channel
  C:0024H         LINE#         138
  C:0024H         LINE#         139
BL51 BANKED LINKER/LOCATER V6.22.4.0                                                  07/29/2026  11:47:51  PAGE 14


  C:0024H         LINE#         140
  C:0033H         LINE#         141
  C:0033H         LINE#         142
  C:0033H         LINE#         143
  C:0035H         LINE#         144
  C:0036H         LINE#         145
  C:0036H         LINE#         146
  C:0038H         LINE#         147
  C:0039H         LINE#         148
  C:0039H         LINE#         149
  C:003BH         LINE#         150
  C:003CH         LINE#         151
  C:003CH         LINE#         152
  C:003EH         LINE#         153
  C:003EH         LINE#         155
  C:003EH         LINE#         156
  C:003EH         LINE#         157
  C:003EH         LINE#         158
  -------         ENDPROC       _ADC_CLEAR_UPDATE_FLAG
  -------         PROC          _ADC_CHANNEL_SEL
  D:0007H         SYMBOL        adc_channel
  C:2128H         LINE#         160
  C:2128H         LINE#         161
  C:2128H         LINE#         162
  C:212FH         LINE#         166
  C:213EH         LINE#         167
  C:213EH         LINE#         168
  C:213EH         LINE#         170
  C:2145H         LINE#         172
  C:2148H         LINE#         173
  C:214AH         LINE#         174
  C:214AH         LINE#         175
  C:2151H         LINE#         178
  C:2154H         LINE#         180
  C:2156H         LINE#         181
  C:2156H         LINE#         185
  C:215DH         LINE#         188
  C:2160H         LINE#         189
  C:2162H         LINE#         191
  C:2162H         LINE#         192
  C:2169H         LINE#         195
  C:216CH         LINE#         196
  C:216CH         LINE#         198
  C:216CH         LINE#         199
  C:216CH         LINE#         200
  C:216CH         LINE#         202
  C:2172H         LINE#         204
  -------         ENDPROC       _ADC_CHANNEL_SEL
  -------         PROC          ADC_INIT_WHEN_LOW_PWR_OUT
  C:28E6H         LINE#         207
  C:28E6H         LINE#         208
  C:28E6H         LINE#         209
  C:28ECH         LINE#         212
  C:28F2H         LINE#         213
  C:28F7H         LINE#         215
  -------         ENDPROC       ADC_INIT_WHEN_LOW_PWR_OUT
  -------         PROC          ADC_GET_VAL_ONCE
BL51 BANKED LINKER/LOCATER V6.22.4.0                                                  07/29/2026  11:47:51  PAGE 15


  C:2839H         LINE#         218
  C:2839H         LINE#         219
  C:2839H         LINE#         220
  C:283FH         LINE#         221
  C:2845H         LINE#         223
  C:2847H         LINE#         224
  C:284FH         LINE#         225
  -------         ENDPROC       ADC_GET_VAL_ONCE
  -------         PROC          ADC_SCAN
  C:1E67H         LINE#         228
  C:1E67H         LINE#         229
  C:1E67H         LINE#         231
  C:1E8DH         LINE#         232
  C:1E8DH         LINE#         233
  C:1E8DH         LINE#         235
  C:1E8DH         LINE#         236
  C:1E8FH         LINE#         237
  C:1E95H         LINE#         238
  C:1E96H         LINE#         239
  C:1E96H         LINE#         241
  C:1E96H         LINE#         242
  C:1E9CH         LINE#         243
  C:1E9DH         LINE#         244
  C:1E9DH         LINE#         245
  C:1E9FH         LINE#         246
  C:1EA5H         LINE#         247
  C:1EA6H         LINE#         248
  C:1EA6H         LINE#         253
  C:1EA6H         LINE#         254
  C:1EACH         LINE#         255
  C:1EADH         LINE#         256
  C:1EADH         LINE#         257
  C:1EAFH         LINE#         258
  C:1EB5H         LINE#         259
  C:1EB6H         LINE#         260
  C:1EB6H         LINE#         261
  C:1EB6H         LINE#         262
  C:1EBCH         LINE#         263
  C:1EBDH         LINE#         264
  C:1EBDH         LINE#         265
  C:1EBFH         LINE#         266
  C:1EC5H         LINE#         267
  C:1EC6H         LINE#         268
  C:1EC6H         LINE#         269
  C:1EC6H         LINE#         270
  C:1ECCH         LINE#         271
  C:1ECCH         LINE#         273
  C:1ECCH         LINE#         274
  C:1ECCH         LINE#         275
  C:1ECCH         LINE#         276
  -------         ENDPROC       ADC_SCAN
  -------         PROC          ADC_IRQHANDLER
  -------         DO            
  X:61E8H         SYMBOL        adc_val
  -------         ENDDO         
  C:1AA0H         LINE#         278
  C:1ABDH         LINE#         283
BL51 BANKED LINKER/LOCATER V6.22.4.0                                                  07/29/2026  11:47:51  PAGE 16


  C:1ABDH         LINE#         287
  C:1AC3H         LINE#         288
  C:1AC3H         LINE#         289
  C:1AC6H         LINE#         290
  C:1AD5H         LINE#         292
  C:1AE9H         LINE#         293
  C:1AE9H         LINE#         294
  C:1AE9H         LINE#         295
  C:1AEEH         LINE#         296
  C:1AF0H         LINE#         297
  C:1AF0H         LINE#         298
  C:1AF8H         LINE#         299
  C:1AFBH         LINE#         300
  C:1AFDH         LINE#         301
  C:1AFDH         LINE#         302
  C:1B02H         LINE#         303
  C:1B04H         LINE#         304
  C:1B04H         LINE#         305
  C:1B0CH         LINE#         306
  C:1B0CH         LINE#         308
  C:1B0CH         LINE#         309
  C:1B0CH         LINE#         310
  C:1B0CH         LINE#         311
  C:1B0CH         LINE#         314
  C:1B0CH         LINE#         315
  -------         ENDPROC       ADC_IRQHANDLER
  -------         ENDMOD        ADC

  -------         MODULE        PWM
  C:0000H         SYMBOL        _ICE_DUMMY_
  B:00A0H.7       PUBLIC        P27
  B:00B0H.0       PUBLIC        P30
  C:1A15H         PUBLIC        pwm_init
  C:2968H         PUBLIC        _pwm_set_channel_0_duty
  C:2971H         PUBLIC        _pwm_set_channel_1_duty
  C:2867H         SYMBOL        Com0004
  C:2867H         SYMBOL        L?0005
  C:2872H         SYMBOL        L?0006
  -------         PROC          COM0004
  -------         ENDPROC       COM0004
  -------         PROC          PWM_INIT
  C:1A15H         LINE#         3
  C:1A15H         LINE#         4
  C:1A15H         LINE#         6
  C:1A1BH         LINE#         7
  C:1A1FH         LINE#         9
  C:1A21H         LINE#         10
  C:1A26H         LINE#         13
  C:1A2CH         LINE#         14
  C:1A30H         LINE#         16
  C:1A32H         LINE#         17
  C:1A37H         LINE#         21
  C:1A3DH         LINE#         22
  C:1A42H         LINE#         23
  C:1A47H         LINE#         24
  C:1A4BH         LINE#         25
  C:1A4DH         LINE#         26
BL51 BANKED LINKER/LOCATER V6.22.4.0                                                  07/29/2026  11:47:51  PAGE 17


  C:1A4DH         LINE#         27
  C:1A4DH         LINE#         29
  C:1A53H         LINE#         30
  C:1A59H         LINE#         31
  C:1A5FH         LINE#         32
  C:1A65H         LINE#         33
  C:1A6BH         LINE#         37
  C:1A71H         LINE#         38
  C:1A76H         LINE#         39
  C:1A7BH         LINE#         40
  C:1A7FH         LINE#         41
  C:1A81H         LINE#         42
  C:1A81H         LINE#         43
  C:1A81H         LINE#         45
  C:1A87H         LINE#         46
  C:1A8DH         LINE#         47
  C:1A93H         LINE#         48
  C:1A99H         LINE#         49
  C:1A9FH         LINE#         50
  -------         ENDPROC       PWM_INIT
  -------         PROC          _PWM_SET_CHANNEL_0_DUTY
  D:0004H         SYMBOL        channel_duty
  C:2968H         LINE#         53
  C:2968H         LINE#         54
  C:2968H         LINE#         55
  C:296AH         LINE#         56
  C:296AH         LINE#         57
  C:2970H         LINE#         58
  -------         ENDPROC       _PWM_SET_CHANNEL_0_DUTY
  -------         PROC          _PWM_SET_CHANNEL_1_DUTY
  D:0004H         SYMBOL        channel_duty
  C:2971H         LINE#         61
  C:2971H         LINE#         62
  C:2971H         LINE#         63
  C:2973H         LINE#         64
  C:2973H         LINE#         65
  C:2979H         LINE#         66
  -------         ENDPROC       _PWM_SET_CHANNEL_1_DUTY
  -------         ENDMOD        PWM

  -------         MODULE        TIMER0
  C:0000H         SYMBOL        _ICE_DUMMY_
  D:00A8H         PUBLIC        IE0
  D:00A9H         PUBLIC        IE1
  D:00AAH         PUBLIC        IE2
  D:00ABH         PUBLIC        IE3
  B:00A8H.7       PUBLIC        IE_EA
  D:00B8H         PUBLIC        IP0
  D:00B1H         PUBLIC        IP1
  D:00B2H         PUBLIC        IP2
  D:00B3H         PUBLIC        IP3
  D:00B4H         PUBLIC        IP4
  D:00B5H         PUBLIC        IP5
  D:00B6H         PUBLIC        IP6
  D:00B7H         PUBLIC        IP7
  D:00D1H         PUBLIC        TMR_ALLCON
  C:2786H         PUBLIC        timer0_init
BL51 BANKED LINKER/LOCATER V6.22.4.0                                                  07/29/2026  11:47:51  PAGE 18


  C:1D94H         PUBLIC        TIMR0_IRQHandler
  -------         PROC          TIMER0_INIT
  C:2786H         LINE#         12
  C:2786H         LINE#         13
  C:2786H         LINE#         14
  C:2789H         LINE#         15
  C:278BH         LINE#         17
  C:278EH         LINE#         18
  C:2793H         LINE#         19
  C:2797H         LINE#         20
  C:279CH         LINE#         21
  C:27A0H         LINE#         22
  -------         ENDPROC       TIMER0_INIT
  -------         PROC          TIMR0_IRQHANDLER
  C:1D94H         LINE#         26
  C:1DB1H         LINE#         29
  C:1DB1H         LINE#         34
  C:1DB7H         LINE#         35
  C:1DB7H         LINE#         36
  C:1DBBH         LINE#         42
  C:1DC1H         LINE#         43
  C:1DC4H         LINE#         45
  C:1DC7H         LINE#         46
  C:1DCAH         LINE#         49
  C:1DCDH         LINE#         50
  C:1DD0H         LINE#         51
  C:1DD3H         LINE#         53
  C:1DD6H         LINE#         54
  C:1DD9H         LINE#         57
  C:1DDCH         LINE#         58
  C:1DDFH         LINE#         60
  C:1DE2H         LINE#         62
  C:1DE5H         LINE#         68
  C:1DE5H         LINE#         71
  C:1DE5H         LINE#         72
  -------         ENDPROC       TIMR0_IRQHANDLER
  -------         ENDMOD        TIMER0

  -------         MODULE        TIMER1
  C:0000H         SYMBOL        _ICE_DUMMY_
  D:00A8H         PUBLIC        IE0
  D:00A9H         PUBLIC        IE1
  D:00AAH         PUBLIC        IE2
  D:00ABH         PUBLIC        IE3
  B:00A8H.7       PUBLIC        IE_EA
  D:00B8H         PUBLIC        IP0
  D:00B1H         PUBLIC        IP1
  D:00B2H         PUBLIC        IP2
  D:00B3H         PUBLIC        IP3
  D:00B4H         PUBLIC        IP4
  D:00B5H         PUBLIC        IP5
  D:00B6H         PUBLIC        IP6
  D:00B7H         PUBLIC        IP7
  D:00D1H         PUBLIC        TMR_ALLCON
  C:27A1H         PUBLIC        timer1_init
  C:2207H         PUBLIC        TIMR1_IRQHandler
  -------         PROC          TIMER1_INIT
BL51 BANKED LINKER/LOCATER V6.22.4.0                                                  07/29/2026  11:47:51  PAGE 19


  C:27A1H         LINE#         9
  C:27A1H         LINE#         10
  C:27A1H         LINE#         12
  C:27A4H         LINE#         13
  C:27A6H         LINE#         15
  C:27A9H         LINE#         16
  C:27AEH         LINE#         17
  C:27B2H         LINE#         18
  C:27B7H         LINE#         19
  C:27BBH         LINE#         23
  -------         ENDPROC       TIMER1_INIT
  -------         PROC          TIMR1_IRQHANDLER
  C:2207H         LINE#         27
  C:2224H         LINE#         30
  C:2224H         LINE#         34
  C:222AH         LINE#         35
  C:222AH         LINE#         36
  C:222EH         LINE#         39
  C:2231H         LINE#         40
  C:2234H         LINE#         41
  C:2234H         LINE#         44
  C:2234H         LINE#         45
  -------         ENDPROC       TIMR1_IRQHANDLER
  -------         ENDMOD        TIMER1

  -------         MODULE        UART0
  C:0000H         SYMBOL        _ICE_DUMMY_
  D:00A8H         PUBLIC        IE0
  D:00A9H         PUBLIC        IE1
  D:00AAH         PUBLIC        IE2
  D:00ABH         PUBLIC        IE3
  B:00A8H.7       PUBLIC        IE_EA
  D:00B8H         PUBLIC        IP0
  D:00B1H         PUBLIC        IP1
  D:00B2H         PUBLIC        IP2
  D:00B3H         PUBLIC        IP3
  D:00B4H         PUBLIC        IP4
  D:00B5H         PUBLIC        IP5
  D:00B6H         PUBLIC        IP6
  D:00B7H         PUBLIC        IP7
  D:00D2H         PUBLIC        UART0_CON0
  D:00D4H         PUBLIC        UART0_STA
  D:00D5H         PUBLIC        UART0_BAUD0
  D:00D6H         PUBLIC        UART0_BAUD1
  D:00D7H         PUBLIC        UART0_DATA
  C:241EH         PUBLIC        uart0_init
  C:298CH         PUBLIC        _uart0_sendbyte
  C:26BBH         PUBLIC        _uart0_sendbuf
  C:297AH         PUBLIC        uart0_rxbuffer_get_count
  C:2363H         PUBLIC        uart0_rxbuffer_get_byte
  X:60DBH         PUBLIC        uart0_rx_buffer
  C:224FH         SYMBOL        _uart0_rxbuffer_put_byte
  C:2501H         PUBLIC        UART0_IRQHandler
  C:29B4H         SYMBOL        Com0047
  C:29B4H         SYMBOL        L?0072
  C:29B4H         SYMBOL        L?0073
  -------         PROC          COM0047
BL51 BANKED LINKER/LOCATER V6.22.4.0                                                  07/29/2026  11:47:51  PAGE 20


  -------         ENDPROC       COM0047
  -------         PROC          UART0_INIT
  C:241EH         LINE#         17
  C:241EH         LINE#         18
  C:241EH         LINE#         19
  C:2424H         LINE#         20
  C:2428H         LINE#         21
  C:242FH         LINE#         23
  C:2435H         LINE#         24
  C:243BH         LINE#         25
  C:2441H         LINE#         27
  C:2444H         LINE#         28
  C:2447H         LINE#         29
  C:244AH         LINE#         33
  C:2452H         LINE#         34
  C:2455H         LINE#         35
  C:2457H         LINE#         36
  -------         ENDPROC       UART0_INIT
  -------         PROC          _UART0_SENDBYTE
  D:0007H         SYMBOL        byte
  C:298CH         LINE#         39
  C:298CH         LINE#         40
  C:298CH         LINE#         41
  C:2991H         LINE#         44
  C:2993H         LINE#         48
  -------         ENDPROC       _UART0_SENDBYTE
  -------         PROC          _UART0_SENDBUF
  X:61E5H         SYMBOL        buf
  D:0005H         SYMBOL        len
  -------         DO            
  D:0006H         SYMBOL        i
  -------         ENDDO         
  C:26BBH         LINE#         50
  C:26C1H         LINE#         51
  C:26C1H         LINE#         52
  C:26C3H         LINE#         53
  C:26C8H         LINE#         54
  C:26C8H         LINE#         55
  C:26DAH         LINE#         56
  C:26DDH         LINE#         57
  -------         ENDPROC       _UART0_SENDBUF
  -------         PROC          UART0_RXBUFFER_GET_COUNT
  C:297AH         LINE#         60
  C:297AH         LINE#         61
  C:297AH         LINE#         62
  C:2982H         LINE#         63
  -------         ENDPROC       UART0_RXBUFFER_GET_COUNT
  -------         PROC          UART0_RXBUFFER_GET_BYTE
  -------         DO            
  D:0007H         SYMBOL        rxbyte
  -------         ENDDO         
  C:2363H         LINE#         66
  C:2363H         LINE#         67
  C:2363H         LINE#         70
  C:236DH         LINE#         71
  C:236DH         LINE#         73
  C:236FH         LINE#         74
BL51 BANKED LINKER/LOCATER V6.22.4.0                                                  07/29/2026  11:47:51  PAGE 21


  C:236FH         LINE#         80
  C:2375H         LINE#         81
  C:2384H         LINE#         82
  C:2384H         LINE#         83
  C:2388H         LINE#         84
  C:2388H         LINE#         85
  C:239AH         LINE#         87
  C:23A4H         LINE#         89
  C:23A4H         LINE#         90
  -------         ENDPROC       UART0_RXBUFFER_GET_BYTE
  -------         PROC          _UART0_RXBUFFER_PUT_BYTE
  D:0007H         SYMBOL        byte
  C:224FH         LINE#         92
  C:224FH         LINE#         93
  C:224FH         LINE#         100
  C:2255H         LINE#         101
  C:2264H         LINE#         102
  C:2264H         LINE#         103
  C:2268H         LINE#         104
  C:2268H         LINE#         105
  C:227AH         LINE#         107
  C:2280H         LINE#         108
  C:228FH         LINE#         109
  C:228FH         LINE#         110
  C:2295H         LINE#         111
  C:2295H         LINE#         112
  -------         ENDPROC       _UART0_RXBUFFER_PUT_BYTE
  -------         PROC          UART0_IRQHANDLER
  -------         DO            
  X:61F3H         SYMBOL        recv_byte
  -------         ENDDO         
  C:2501H         LINE#         115
  C:2514H         LINE#         118
  C:2514H         LINE#         121
  C:2519H         LINE#         122
  C:2519H         LINE#         123
  C:251FH         LINE#         124
  C:2524H         LINE#         127
  C:2524H         LINE#         129
  C:2524H         LINE#         130
  -------         ENDPROC       UART0_IRQHANDLER
  -------         ENDMOD        UART0

  -------         MODULE        MAIN
  C:0000H         SYMBOL        _ICE_DUMMY_
  D:00D9H         PUBLIC        WDT_KEY
  C:2744H         PUBLIC        user_init
  C:1FE8H         PUBLIC        main
  -------         PROC          USER_INIT
  C:2744H         LINE#         37
  C:2744H         LINE#         38
  C:2744H         LINE#         39
  C:2747H         LINE#         40
  C:274AH         LINE#         41
  C:274DH         LINE#         42
  C:2750H         LINE#         43
  C:2753H         LINE#         44
BL51 BANKED LINKER/LOCATER V6.22.4.0                                                  07/29/2026  11:47:51  PAGE 22


  C:2756H         LINE#         46
  C:2759H         LINE#         47
  C:275CH         LINE#         48
  C:275FH         LINE#         51
  C:2762H         LINE#         52
  -------         ENDPROC       USER_INIT
  -------         PROC          MAIN
  C:1FE8H         LINE#         60
  C:1FE8H         LINE#         61
  C:1FE8H         LINE#         63
  C:1FEBH         LINE#         64
  C:1FEEH         LINE#         67
  C:1FF1H         LINE#         68
  C:1FF8H         LINE#         69
  C:1FFBH         LINE#         72
  C:2000H         LINE#         73
  C:2002H         LINE#         74
  C:2005H         LINE#         75
  C:2007H         LINE#         76
  C:200AH         LINE#         77
  C:200CH         LINE#         78
  C:200FH         LINE#         79
  C:2011H         LINE#         81
  C:2014H         LINE#         82
  C:201BH         LINE#         84
  C:201BH         LINE#         85
  C:201BH         LINE#         86
  C:2024H         LINE#         87
  C:2027H         LINE#         88
  C:202AH         LINE#         90
  C:202DH         LINE#         92
  C:2030H         LINE#         93
  C:2033H         LINE#         94
  C:2036H         LINE#         96
  C:2039H         LINE#         102
  -------         ENDPROC       MAIN
  -------         ENDMOD        MAIN

  -------         MODULE        UART_DATA_HANDLE
  C:0000H         SYMBOL        _ICE_DUMMY_
  C:28F8H         PUBLIC        uart_receiver_reset
  C:000FH         PUBLIC        uart_receiver_timeout_add
  C:2700H         PUBLIC        uart_receiver_process_checksum
  C:1727H         PUBLIC        _uart_receiver_process_byte
  C:28D3H         PUBLIC        uart_receiver_timeout_handler
  C:1C31H         PUBLIC        uart_data_handle
  C:2296H         PUBLIC        _uart_data_send_cmd
  X:61C2H         SYMBOL        uart_receiver
  C:2994H         SYMBOL        _?ix1000
  C:2850H         SYMBOL        Com0038
  C:2850H         SYMBOL        L?0057
  C:2850H         SYMBOL        L?0058
  -------         PROC          COM0038
  -------         ENDPROC       COM0038
  -------         PROC          UART_RECEIVER_RESET
  C:28F8H         LINE#         13
  C:28F8H         LINE#         14
BL51 BANKED LINKER/LOCATER V6.22.4.0                                                  07/29/2026  11:47:51  PAGE 23


  C:28F8H         LINE#         16
  C:28FDH         LINE#         17
  C:2901H         LINE#         18
  C:2905H         LINE#         19
  C:2909H         LINE#         20
  -------         ENDPROC       UART_RECEIVER_RESET
  -------         PROC          UART_RECEIVER_TIMEOUT_ADD
  C:000FH         LINE#         26
  C:000FH         LINE#         27
  C:000FH         LINE#         28
  C:0015H         LINE#         29
  C:0015H         LINE#         30
  C:001DH         LINE#         31
  C:001DH         LINE#         32
  -------         ENDPROC       UART_RECEIVER_TIMEOUT_ADD
  -------         PROC          UART_RECEIVER_PROCESS_CHECKSUM
  -------         DO            
  D:0006H         SYMBOL        i
  D:0007H         SYMBOL        check_sum
  -------         ENDDO         
  C:2700H         LINE#         39
  C:2700H         LINE#         40
  C:2700H         LINE#         42
  C:2702H         LINE#         43
  C:2703H         LINE#         44
  C:2703H         LINE#         45
  C:2710H         LINE#         46
  C:2715H         LINE#         48
  C:271CH         LINE#         49
  C:271CH         LINE#         50
  C:271FH         LINE#         51
  C:271FH         LINE#         53
  C:271FH         LINE#         60
  C:2721H         LINE#         61
  C:2721H         LINE#         62
  -------         ENDPROC       UART_RECEIVER_PROCESS_CHECKSUM
  -------         PROC          _UART_RECEIVER_PROCESS_BYTE
  D:0005H         SYMBOL        byte
  C:1727H         LINE#         71
  C:1729H         LINE#         72
  C:1729H         LINE#         74
  C:174CH         LINE#         75
  C:174CH         LINE#         76
  C:174CH         LINE#         77
  C:1750H         LINE#         78
  C:1750H         LINE#         79
  C:1750H         LINE#         80
  C:1755H         LINE#         81
  C:1758H         LINE#         82
  C:1758H         LINE#         84
  C:1758H         LINE#         85
  C:175BH         LINE#         86
  C:175BH         LINE#         87
  C:175BH         LINE#         89
  C:175BH         LINE#         90
  C:175FH         LINE#         91
  C:175FH         LINE#         92
BL51 BANKED LINKER/LOCATER V6.22.4.0                                                  07/29/2026  11:47:51  PAGE 24


  C:175FH         LINE#         93
  C:1764H         LINE#         94
  C:1767H         LINE#         95
  C:1767H         LINE#         97
  C:1767H         LINE#         99
  C:176AH         LINE#         100
  C:176AH         LINE#         101
  C:176AH         LINE#         103
  C:176AH         LINE#         104
  C:176DH         LINE#         105
  C:176DH         LINE#         106
  C:176DH         LINE#         107
  C:1772H         LINE#         108
  C:1775H         LINE#         109
  C:1775H         LINE#         111
  C:1775H         LINE#         112
  C:1778H         LINE#         113
  C:1778H         LINE#         114
  C:1778H         LINE#         116
  C:1778H         LINE#         118
  C:1778H         LINE#         119
  C:177DH         LINE#         120
  C:177FH         LINE#         121
  C:177FH         LINE#         123
  C:177FH         LINE#         125
  C:177FH         LINE#         126
  C:1784H         LINE#         127
  C:1786H         LINE#         128
  C:1786H         LINE#         130
  C:1786H         LINE#         131
  C:1789H         LINE#         132
  C:1789H         LINE#         133
  C:1789H         LINE#         134
  C:178EH         LINE#         135
  C:1790H         LINE#         136
  C:1790H         LINE#         138
  C:1790H         LINE#         139
  C:1793H         LINE#         140
  C:1793H         LINE#         141
  C:1793H         LINE#         143
  C:1793H         LINE#         145
  C:1793H         LINE#         146
  C:1799H         LINE#         147
  C:179FH         LINE#         148
  C:179FH         LINE#         150
  C:17A2H         LINE#         151
  C:17A2H         LINE#         153
  C:17A2H         LINE#         154
  C:17A5H         LINE#         155
  C:17A5H         LINE#         156
  C:17A5H         LINE#         158
  C:17A5H         LINE#         159
  C:17A9H         LINE#         160
  C:17A9H         LINE#         161
  C:17BDH         LINE#         162
  C:17C3H         LINE#         163
  C:17C6H         LINE#         164
BL51 BANKED LINKER/LOCATER V6.22.4.0                                                  07/29/2026  11:47:51  PAGE 25


  C:17C6H         LINE#         166
  C:17C6H         LINE#         167
  C:17C9H         LINE#         168
  C:17C9H         LINE#         169
  C:17C9H         LINE#         171
  C:17C9H         LINE#         172
  C:17C9H         LINE#         173
  C:17C9H         LINE#         175
  C:17CBH         LINE#         176
  -------         ENDPROC       _UART_RECEIVER_PROCESS_BYTE
  -------         PROC          UART_RECEIVER_TIMEOUT_HANDLER
  C:28D3H         LINE#         179
  C:28D3H         LINE#         180
  C:28D3H         LINE#         185
  C:28E2H         LINE#         186
  C:28E2H         LINE#         200
  C:28E5H         LINE#         201
  C:28E5H         LINE#         202
  -------         ENDPROC       UART_RECEIVER_TIMEOUT_HANDLER
  -------         PROC          UART_DATA_HANDLE
  -------         DO            
  D:0004H         SYMBOL        recv_byte
  X:61C1H         SYMBOL        initialized
  -------         ENDDO         
  C:1C31H         LINE#         203
  C:1C31H         LINE#         204
  C:1C31H         LINE#         212
  C:1C37H         LINE#         213
  C:1C37H         LINE#         214
  C:1C3AH         LINE#         215
  C:1C40H         LINE#         216
  C:1C40H         LINE#         221
  C:1C46H         LINE#         222
  C:1C46H         LINE#         223
  C:1C49H         LINE#         224
  C:1C49H         LINE#         233
  C:1C49H         LINE#         234
  C:1C49H         LINE#         235
  C:1C5DH         LINE#         238
  C:1C5DH         LINE#         252
  C:1C5DH         LINE#         253
  C:1C5DH         LINE#         255
  C:1C62H         LINE#         258
  C:1C68H         LINE#         259
  C:1C6DH         LINE#         262
  C:1C73H         LINE#         263
  C:1C73H         LINE#         276
  C:1C76H         LINE#         277
  C:1C76H         LINE#         278
  C:1C78H         LINE#         308
  C:1C84H         LINE#         310
  C:1C84H         LINE#         312
  C:1C84H         LINE#         332
  C:1C94H         LINE#         333
  C:1C94H         LINE#         334
  C:1C94H         LINE#         336
  C:1C99H         LINE#         337
BL51 BANKED LINKER/LOCATER V6.22.4.0                                                  07/29/2026  11:47:51  PAGE 26


  C:1C9BH         LINE#         338
  C:1C9BH         LINE#         340
  C:1CA1H         LINE#         341
  C:1CA3H         LINE#         342
  C:1CA3H         LINE#         350
  C:1CA6H         LINE#         351
  C:1CA6H         LINE#         353
  C:1CA6H         LINE#         357
  C:1CA6H         LINE#         358
  C:1CA6H         LINE#         361
  C:1CA9H         LINE#         362
  -------         ENDPROC       UART_DATA_HANDLE
  -------         PROC          _UART_DATA_SEND_CMD
  X:61DCH         SYMBOL        cmd
  -------         DO            
  X:61DDH         SYMBOL        buf
  -------         ENDDO         
  C:2296H         LINE#         366
  C:229BH         LINE#         367
  C:229BH         LINE#         368
  C:22AEH         LINE#         379
  C:22B7H         LINE#         380
  C:22D0H         LINE#         382
  -------         ENDPROC       _UART_DATA_SEND_CMD
  -------         ENDMOD        UART_DATA_HANDLE

  -------         MODULE        KEY_DRIVER
  C:0000H         SYMBOL        _ICE_DUMMY_
  C:0B87H         PUBLIC        _key_driver_scan
  X:6236H         SYMBOL        is_key_active
  X:6237H         PUBLIC        scan_para
  C:2765H         SYMBOL        Com0021
  C:2765H         SYMBOL        L?0034
  C:2768H         SYMBOL        L?0035
  C:2769H         SYMBOL        L?0036
  C:276FH         SYMBOL        L?0037
  C:2772H         SYMBOL        L?0038
  C:2776H         SYMBOL        L?0039
  C:277CH         SYMBOL        L?0040
  C:277FH         SYMBOL        L?0041
  -------         PROC          COM0021
  -------         ENDPROC       COM0021
  -------         PROC          _KEY_DRIVER_SCAN
  D:0001H         SYMBOL        _scan_para
  -------         DO            
  X:61DBH         SYMBOL        key_event
  D:0007H         SYMBOL        cur_key_value
  X:61DCH         SYMBOL        key_value
  C:0CEFH         SYMBOL        _notify
  C:0D0FH         SYMBOL        _scan_end
  -------         ENDDO         
  C:0B87H         LINE#         17
  C:0B87H         LINE#         19
  C:0B87H         LINE#         24
  C:0B8CH         LINE#         25
  C:0B8EH         LINE#         26
  C:0B92H         LINE#         30
BL51 BANKED LINKER/LOCATER V6.22.4.0                                                  07/29/2026  11:47:51  PAGE 27


  C:0B98H         LINE#         33
  C:0BABH         LINE#         34
  C:0BABH         LINE#         36
  C:0BABH         LINE#         38
  C:0BB5H         LINE#         40
  C:0BBEH         LINE#         46
  C:0BC2H         LINE#         47
  C:0BC2H         LINE#         48
  C:0BC8H         LINE#         49
  C:0BCAH         LINE#         50
  C:0BD0H         LINE#         51
  C:0BD0H         LINE#         52
  C:0BD3H         LINE#         53
  C:0BD3H         LINE#         56
  C:0BE7H         LINE#         57
  C:0BE7H         LINE#         59
  C:0BEEH         LINE#         60
  C:0BF4H         LINE#         62
  C:0BF4H         LINE#         65
  C:0C05H         LINE#         66
  C:0C05H         LINE#         67
  C:0C10H         LINE#         69
  C:0C10H         LINE#         72
  C:0C1CH         LINE#         73
  C:0C1CH         LINE#         80
  C:0C20H         LINE#         81
  C:0C20H         LINE#         82
  C:0C27H         LINE#         83
  C:0C27H         LINE#         84
  C:0C29H         LINE#         85
  C:0C2FH         LINE#         86
  C:0C31H         LINE#         88
  C:0C31H         LINE#         91
  C:0C31H         LINE#         92
  C:0C39H         LINE#         93
  C:0C39H         LINE#         94
  C:0C3CH         LINE#         96
  C:0C3CH         LINE#         101
  C:0C44H         LINE#         102
  C:0C50H         LINE#         103
  C:0C50H         LINE#         104
  C:0C55H         LINE#         105
  C:0C59H         LINE#         106
  C:0C5CH         LINE#         108
  C:0C5CH         LINE#         109
  C:0C62H         LINE#         110
  C:0C62H         LINE#         111
  C:0C62H         LINE#         113
  C:0C64H         LINE#         118
  C:0C64H         LINE#         120
  C:0C64H         LINE#         125
  C:0C68H         LINE#         126
  C:0C68H         LINE#         128
  C:0C79H         LINE#         129
  C:0C79H         LINE#         133
  C:0C8AH         LINE#         134
  C:0C8AH         LINE#         154
BL51 BANKED LINKER/LOCATER V6.22.4.0                                                  07/29/2026  11:47:51  PAGE 28


  C:0C8AH         LINE#         155
  C:0C8CH         LINE#         157
  C:0C8CH         LINE#         158
  C:0C99H         LINE#         160
  C:0C9BH         LINE#         162
  C:0C9BH         LINE#         164
  C:0C9BH         LINE#         165
  C:0CA6H         LINE#         166
  C:0CA9H         LINE#         168
  C:0CA9H         LINE#         169
  C:0CA9H         LINE#         171
  C:0CA9H         LINE#         172
  C:0CA9H         LINE#         174
  C:0CA9H         LINE#         175
  C:0CA9H         LINE#         177
  C:0CA9H         LINE#         179
  C:0CB4H         LINE#         180
  C:0CB4H         LINE#         181
  C:0CBCH         LINE#         182
  C:0CBCH         LINE#         186
  C:0CC2H         LINE#         187
  C:0CC2H         LINE#         188
  C:0CC8H         LINE#         193
  C:0CCAH         LINE#         194
  C:0CD6H         LINE#         195
  C:0CD6H         LINE#         196
  C:0CDBH         LINE#         197
  C:0CEAH         LINE#         199
  C:0CEAH         LINE#         201
  C:0CEAH         LINE#         202
  C:0CEAH         LINE#         204
  C:0CEAH         LINE#         207
  C:0CEFH         LINE#         208
  C:0CEFH         LINE#         210
  C:0CEFH         LINE#         211
  C:0CEFH         LINE#         213
  C:0CEFH         LINE#         216
  C:0CEFH         LINE#         218
  C:0CEFH         LINE#         219
  C:0CF3H         LINE#         220
  C:0CFBH         LINE#         222
  C:0D05H         LINE#         223
  C:0D0FH         LINE#         226
  C:0D0FH         LINE#         235
  C:0D0FH         LINE#         237
  C:0D0FH         LINE#         238
  C:0D19H         LINE#         241
  -------         ENDPROC       _KEY_DRIVER_SCAN
  -------         ENDMOD        KEY_DRIVER

  -------         MODULE        AD_KEY
  C:0000H         SYMBOL        _ICE_DUMMY_
  X:6163H         PUBLIC        ad_key_para
  C:17CCH         PUBLIC        ad_key_handle
  X:6176H         SYMBOL        ad_key_scan_table
  X:6186H         SYMBOL        ad_key_event_table
  C:2535H         PUBLIC        ad_key_get_key_val
BL51 BANKED LINKER/LOCATER V6.22.4.0                                                  07/29/2026  11:47:51  PAGE 29


  C:20DCH         SYMBOL        _ad_key_val_to_ad_key_index
  C:2173H         SYMBOL        _ad_key_get_event
  C:291BH         SYMBOL        Com0036
  C:291BH         SYMBOL        L?0055
  -------         PROC          COM0036
  -------         ENDPROC       COM0036
  -------         PROC          _AD_KEY_VAL_TO_AD_KEY_INDEX
  D:0006H         SYMBOL        ad_key_val
  -------         DO            
  D:0005H         SYMBOL        i
  X:61DCH         SYMBOL        ad_key_index
  -------         ENDDO         
  C:20DCH         LINE#         55
  C:20DCH         LINE#         56
  C:20DCH         LINE#         57
  C:20DEH         LINE#         58
  C:20E6H         LINE#         61
  C:20E6H         LINE#         62
  C:20E6H         LINE#         63
  C:20FEH         LINE#         64
  C:20FEH         LINE#         65
  C:2118H         LINE#         66
  C:211AH         LINE#         67
  C:211AH         LINE#         68
  C:211FH         LINE#         70
  C:2127H         LINE#         71
  -------         ENDPROC       _AD_KEY_VAL_TO_AD_KEY_INDEX
  -------         PROC          _AD_KEY_GET_EVENT
  D:0007H         SYMBOL        key_val
  D:0005H         SYMBOL        key_event
  -------         DO            
  D:0006H         SYMBOL        ret_key_event
  D:0004H         SYMBOL        key_event_index
  D:0003H         SYMBOL        i
  -------         ENDDO         
  C:2173H         LINE#         81
  C:2173H         LINE#         82
  C:2173H         LINE#         83
  C:2175H         LINE#         84
  C:2176H         LINE#         85
  C:2177H         LINE#         88
  C:217BH         LINE#         89
  C:217BH         LINE#         90
  C:217CH         LINE#         91
  C:217EH         LINE#         92
  C:2182H         LINE#         93
  C:2182H         LINE#         94
  C:2184H         LINE#         95
  C:2186H         LINE#         96
  C:218AH         LINE#         97
  C:218AH         LINE#         98
  C:218CH         LINE#         99
  C:218EH         LINE#         100
  C:2192H         LINE#         101
  C:2192H         LINE#         102
  C:2194H         LINE#         103
  C:2196H         LINE#         105
BL51 BANKED LINKER/LOCATER V6.22.4.0                                                  07/29/2026  11:47:51  PAGE 30


  C:2196H         LINE#         106
  C:2199H         LINE#         107
  C:2199H         LINE#         109
  C:219FH         LINE#         110
  C:219FH         LINE#         111
  C:21A6H         LINE#         112
  C:21A6H         LINE#         113
  C:21B5H         LINE#         114
  C:21B7H         LINE#         115
  C:21B7H         LINE#         116
  C:21BAH         LINE#         118
  C:21BCH         LINE#         119
  -------         ENDPROC       _AD_KEY_GET_EVENT
  -------         PROC          AD_KEY_GET_KEY_VAL
  -------         DO            
  X:6161H         SYMBOL        val
  X:61DBH         SYMBOL        ret
  -------         ENDDO         
  C:2535H         LINE#         132
  C:2535H         LINE#         133
  C:2535H         LINE#         135
  C:253BH         LINE#         138
  C:2543H         LINE#         139
  C:2543H         LINE#         140
  C:2548H         LINE#         141
  C:2555H         LINE#         144
  C:2555H         LINE#         146
  C:2565H         LINE#         147
  C:2567H         LINE#         148
  -------         ENDPROC       AD_KEY_GET_KEY_VAL
  -------         PROC          AD_KEY_HANDLE
  -------         DO            
  X:61DBH         SYMBOL        ad_key_event
  -------         ENDDO         
  C:17CCH         LINE#         150
  C:17CCH         LINE#         151
  C:17CCH         LINE#         152
  C:17D1H         LINE#         154
  C:17DAH         LINE#         155
  C:17DAH         LINE#         157
  C:17DAH         LINE#         159
  C:17E7H         LINE#         160
  C:17ECH         LINE#         161
  C:17EEH         LINE#         164
  C:17FDH         LINE#         165
  C:17FDH         LINE#         175
  C:1803H         LINE#         177
  C:1803H         LINE#         179
  C:1829H         LINE#         180
  C:1829H         LINE#         183
  C:1829H         LINE#         187
  C:182CH         LINE#         188
  C:182CH         LINE#         190
  C:182CH         LINE#         194
  C:182CH         LINE#         196
  C:182CH         LINE#         201
  C:182CH         LINE#         203
BL51 BANKED LINKER/LOCATER V6.22.4.0                                                  07/29/2026  11:47:51  PAGE 31


  C:182CH         LINE#         207
  C:182CH         LINE#         211
  C:182CH         LINE#         215
  C:182EH         LINE#         216
  C:1830H         LINE#         218
  C:1830H         LINE#         223
  C:1832H         LINE#         224
  C:1834H         LINE#         226
  C:1834H         LINE#         231
  C:1836H         LINE#         232
  C:1838H         LINE#         234
  C:1838H         LINE#         238
  C:1838H         LINE#         243
  C:1838H         LINE#         248
  C:183AH         LINE#         249
  C:183CH         LINE#         251
  C:183CH         LINE#         257
  C:183EH         LINE#         258
  C:1840H         LINE#         260
  C:1840H         LINE#         266
  C:1842H         LINE#         267
  C:1844H         LINE#         269
  C:1844H         LINE#         273
  C:1844H         LINE#         277
  C:1844H         LINE#         283
  C:184AH         LINE#         284
  C:184AH         LINE#         285
  C:184CH         LINE#         286
  C:184EH         LINE#         287
  C:1855H         LINE#         288
  C:1855H         LINE#         289
  C:185AH         LINE#         290
  C:185AH         LINE#         291
  C:185AH         LINE#         293
  C:185AH         LINE#         299
  C:1860H         LINE#         300
  C:1860H         LINE#         303
  C:1863H         LINE#         304
  C:1863H         LINE#         306
  C:1863H         LINE#         311
  C:1866H         LINE#         312
  C:1866H         LINE#         313
  C:1866H         LINE#         315
  C:1866H         LINE#         319
  C:1866H         LINE#         321
  C:1866H         LINE#         325
  C:1866H         LINE#         327
  C:1866H         LINE#         328
  C:1866H         LINE#         329
  C:1866H         LINE#         330
  -------         ENDPROC       AD_KEY_HANDLE
  -------         ENDMOD        AD_KEY

  -------         MODULE        USER_TEST
  C:0000H         SYMBOL        _ICE_DUMMY_
  -------         ENDMOD        USER_TEST

BL51 BANKED LINKER/LOCATER V6.22.4.0                                                  07/29/2026  11:47:51  PAGE 32


  -------         MODULE        LED
  C:0000H         SYMBOL        _ICE_DUMMY_
  B:0080H.0       PUBLIC        P00
  B:0080H.1       PUBLIC        P01
  B:0080H.2       PUBLIC        P02
  B:0080H.5       PUBLIC        P05
  B:0080H.6       PUBLIC        P06
  B:0090H.3       PUBLIC        P13
  B:00A0H.7       PUBLIC        P27
  B:00B0H.0       PUBLIC        P30
  X:6219H         PUBLIC        led_ctl
  C:208EH         PUBLIC        led_init
  C:2939H         PUBLIC        led_yellow_on
  C:299CH         PUBLIC        led_yellow_off
  C:2946H         PUBLIC        led_white_on
  C:29A4H         PUBLIC        led_white_off
  C:292AH         PUBLIC        led_ctl_init
  C:2458H         PUBLIC        led_status_switch
  C:1D20H         PUBLIC        _led_status_set
  C:13F0H         PUBLIC        led_red_blue_flash_1ms_isr
  C:11D4H         PUBLIC        led_slow_adjust_isr
  C:1867H         SYMBOL        Com0050
  C:1867H         SYMBOL        L?0081
  C:1873H         SYMBOL        L?0082
  C:1881H         SYMBOL        L?0083
  C:1882H         SYMBOL        L?0084
  C:1887H         SYMBOL        L?0085
  C:188EH         SYMBOL        L?0086
  C:1891H         SYMBOL        L?0087
  C:1894H         SYMBOL        L?0088
  C:189BH         SYMBOL        L?0089
  C:189BH         SYMBOL        L?0090
  C:18A8H         SYMBOL        L?0092
  C:18B9H         SYMBOL        L?0093
  C:18C8H         SYMBOL        L?0094
  C:18C8H         SYMBOL        L?0095
  C:18D1H         SYMBOL        L?0096
  C:18DCH         SYMBOL        L?0097
  C:18DDH         SYMBOL        L?0098
  C:18E4H         SYMBOL        L?0099
  C:18E4H         SYMBOL        L?0100
  C:18EAH         SYMBOL        L?0101
  C:18F3H         SYMBOL        L?0102
  C:18F3H         SYMBOL        L?0103
  -------         PROC          COM0050
  -------         ENDPROC       COM0050
  -------         PROC          LED_INIT
  C:208EH         LINE#         14
  C:208EH         LINE#         15
  C:208EH         LINE#         17
  C:2094H         LINE#         18
  C:2098H         LINE#         19
  C:209AH         LINE#         20
  C:209FH         LINE#         23
  C:20A5H         LINE#         24
  C:20A9H         LINE#         25
  C:20ABH         LINE#         26
BL51 BANKED LINKER/LOCATER V6.22.4.0                                                  07/29/2026  11:47:51  PAGE 33


  C:20AEH         LINE#         29
  C:20AEH         LINE#         30
  C:20B1H         LINE#         31
  C:20B3H         LINE#         32
  C:20B8H         LINE#         35
  C:20BDH         LINE#         36
  C:20C1H         LINE#         37
  C:20C3H         LINE#         38
  C:20C6H         LINE#         41
  C:20C6H         LINE#         42
  C:20C9H         LINE#         43
  C:20CBH         LINE#         44
  C:20CEH         LINE#         47
  C:20D2H         LINE#         48
  C:20D6H         LINE#         49
  C:20D8H         LINE#         50
  C:20DBH         LINE#         51
  -------         ENDPROC       LED_INIT
  -------         PROC          LED_CTL_INIT
  C:292AH         LINE#         53
  C:292AH         LINE#         54
  C:292AH         LINE#         63
  -------         ENDPROC       LED_CTL_INIT
  -------         PROC          LED_YELLOW_ON
  C:2939H         LINE#         104
  C:2939H         LINE#         105
  C:2939H         LINE#         107
  C:293FH         LINE#         109
  C:2945H         LINE#         110
  -------         ENDPROC       LED_YELLOW_ON
  -------         PROC          LED_YELLOW_OFF
  C:299CH         LINE#         121
  C:299CH         LINE#         122
  C:299CH         LINE#         123
  C:299EH         LINE#         124
  C:29A3H         LINE#         125
  -------         ENDPROC       LED_YELLOW_OFF
  -------         PROC          LED_WHITE_ON
  C:2946H         LINE#         127
  C:2946H         LINE#         128
  C:2946H         LINE#         130
  C:294CH         LINE#         132
  C:2952H         LINE#         133
  -------         ENDPROC       LED_WHITE_ON
  -------         PROC          LED_WHITE_OFF
  C:29A4H         LINE#         144
  C:29A4H         LINE#         145
  C:29A4H         LINE#         146
  C:29A6H         LINE#         147
  C:29ABH         LINE#         148
  -------         ENDPROC       LED_WHITE_OFF
  -------         PROC          LED_STATUS_SWITCH
  C:2458H         LINE#         150
  C:2458H         LINE#         151
  C:2458H         LINE#         153
  C:246CH         LINE#         154
  C:246CH         LINE#         155
BL51 BANKED LINKER/LOCATER V6.22.4.0                                                  07/29/2026  11:47:51  PAGE 34


  C:246CH         LINE#         159
  C:246EH         LINE#         160
  C:2470H         LINE#         161
  C:2470H         LINE#         166
  C:2472H         LINE#         167
  C:2474H         LINE#         168
  C:2474H         LINE#         172
  C:2476H         LINE#         173
  C:2478H         LINE#         174
  C:2478H         LINE#         180
  C:247AH         LINE#         181
  C:247CH         LINE#         182
  C:247CH         LINE#         193
  C:2481H         LINE#         194
[...]
  C:1E56H         LINE#         86
  C:1E63H         LINE#         88
  C:1E63H         LINE#         90
  C:1E66H         LINE#         91
BL51 BANKED LINKER/LOCATER V6.22.4.0                                                  07/29/2026  11:47:51  PAGE 57


  C:1E66H         LINE#         92
  C:1E66H         LINE#         93
  -------         ENDPROC       LED_BAT_LEV_HANDLE
  -------         PROC          LED_BAT_LEV_STA_DISCHARGE_HANDLE
  -------         DO            
  X:620AH         SYMBOL        jump_down_cnt_ms
  X:61F0H         SYMBOL        target_bat_lev
  -------         ENDDO         
  C:074FH         LINE#         96
  C:074FH         LINE#         97
  C:074FH         LINE#         100
  C:0755H         LINE#         102
  C:0764H         LINE#         105
  C:0764H         LINE#         107
  C:0769H         LINE#         108
  C:0769H         LINE#         109
  C:0769H         LINE#         110
  C:076BH         LINE#         111
  C:0770H         LINE#         112
  C:0770H         LINE#         113
  C:0770H         LINE#         114
  C:0772H         LINE#         115
  C:077EH         LINE#         116
  C:077EH         LINE#         117
  C:077EH         LINE#         118
  C:0780H         LINE#         119
  C:078CH         LINE#         120
  C:078CH         LINE#         121
  C:078FH         LINE#         122
  C:0791H         LINE#         123
  C:079DH         LINE#         124
  C:079DH         LINE#         125
  C:07A0H         LINE#         126
  C:07A2H         LINE#         128
  C:07A2H         LINE#         131
  C:07A2H         LINE#         132
  C:07A2H         LINE#         135
  C:07A2H         LINE#         137
  C:07A7H         LINE#         138
  C:07A7H         LINE#         139
  C:07ADH         LINE#         140
  C:07AFH         LINE#         141
  C:07BEH         LINE#         142
  C:07BEH         LINE#         143
  C:07C4H         LINE#         144
  C:07C6H         LINE#         145
  C:07CBH         LINE#         146
  C:07CBH         LINE#         147
  C:07D1H         LINE#         148
  C:07D3H         LINE#         149
  C:07E2H         LINE#         150
  C:07E2H         LINE#         151
  C:07E5H         LINE#         152
  C:07E7H         LINE#         154
  C:07E7H         LINE#         155
  C:07EAH         LINE#         156
  C:07EAH         LINE#         157
BL51 BANKED LINKER/LOCATER V6.22.4.0                                                  07/29/2026  11:47:51  PAGE 58


  C:07EAH         LINE#         179
  C:07F4H         LINE#         180
  C:07F4H         LINE#         181
  C:0800H         LINE#         182
  C:0800H         LINE#         187
  C:080AH         LINE#         189
  C:0819H         LINE#         192
  C:0819H         LINE#         194
  C:082CH         LINE#         195
  C:082CH         LINE#         196
  C:082CH         LINE#         197
  C:0834H         LINE#         198
  C:0834H         LINE#         199
  C:0834H         LINE#         200
  C:0834H         LINE#         201
  C:0837H         LINE#         203
  C:0837H         LINE#         204
  C:0842H         LINE#         205
  C:0842H         LINE#         206
  C:0842H         LINE#         207
  C:0842H         LINE#         208
  C:0844H         LINE#         210
  C:0844H         LINE#         211
  C:0853H         LINE#         212
  C:0853H         LINE#         213
  C:0853H         LINE#         214
  C:0853H         LINE#         215
  C:0855H         LINE#         217
  C:0855H         LINE#         218
  C:0855H         LINE#         219
  C:0855H         LINE#         220
  C:0855H         LINE#         221
  C:0855H         LINE#         222
  C:0855H         LINE#         223
  C:0857H         LINE#         225
  C:0857H         LINE#         227
  C:0857H         LINE#         228
  C:0857H         LINE#         229
  C:0857H         LINE#         230
  C:0857H         LINE#         231
  C:0862H         LINE#         232
  C:0862H         LINE#         234
  C:0875H         LINE#         235
  C:0875H         LINE#         236
  C:0875H         LINE#         237
  C:0880H         LINE#         238
  C:0880H         LINE#         239
  C:0880H         LINE#         240
  C:0880H         LINE#         241
  C:0882H         LINE#         243
  C:0882H         LINE#         244
  C:0891H         LINE#         245
  C:0891H         LINE#         246
  C:0891H         LINE#         247
  C:0891H         LINE#         248
  C:0893H         LINE#         250
  C:0893H         LINE#         251
BL51 BANKED LINKER/LOCATER V6.22.4.0                                                  07/29/2026  11:47:51  PAGE 59


  C:089EH         LINE#         252
  C:089EH         LINE#         253
  C:08A6H         LINE#         254
  C:08A6H         LINE#         255
  C:08A9H         LINE#         257
  C:08A9H         LINE#         258
  C:08B1H         LINE#         259
  C:08B2H         LINE#         260
  C:08B2H         LINE#         261
  C:08B2H         LINE#         262
  C:08B2H         LINE#         263
  C:08B5H         LINE#         265
  C:08B5H         LINE#         267
  C:08B5H         LINE#         268
  C:08B5H         LINE#         269
  C:08B5H         LINE#         270
  C:08B5H         LINE#         271
  C:08B5H         LINE#         273
  C:08B5H         LINE#         281
  C:08C1H         LINE#         282
  C:08D3H         LINE#         283
  C:08D3H         LINE#         284
  C:08DDH         LINE#         290
  C:08E6H         LINE#         291
  C:08E6H         LINE#         292
  C:08E9H         LINE#         293
  C:08E9H         LINE#         295
  C:08F8H         LINE#         298
  C:08F8H         LINE#         300
  C:0909H         LINE#         301
  C:0909H         LINE#         302
  C:0909H         LINE#         303
  C:0911H         LINE#         304
  C:0911H         LINE#         308
  C:091BH         LINE#         310
  C:091BH         LINE#         311
  C:091EH         LINE#         313
  C:091EH         LINE#         314
  C:0926H         LINE#         315
  C:0926H         LINE#         319
  C:0930H         LINE#         321
  C:0930H         LINE#         322
  C:0933H         LINE#         324
  C:0933H         LINE#         325
  C:093FH         LINE#         326
  C:093FH         LINE#         330
  C:0949H         LINE#         332
  C:0949H         LINE#         333
  C:094BH         LINE#         335
  C:094BH         LINE#         336
  C:094BH         LINE#         337
  C:094BH         LINE#         338
  C:094BH         LINE#         339
  C:0953H         LINE#         340
  C:0953H         LINE#         342
  C:0961H         LINE#         343
  C:0961H         LINE#         344
BL51 BANKED LINKER/LOCATER V6.22.4.0                                                  07/29/2026  11:47:51  PAGE 60


  C:0961H         LINE#         345
  C:0969H         LINE#         346
  C:0969H         LINE#         350
  C:0973H         LINE#         352
  C:0973H         LINE#         353
  C:0975H         LINE#         355
  C:0975H         LINE#         356
  C:0984H         LINE#         357
  C:0984H         LINE#         361
  C:098EH         LINE#         363
  C:098EH         LINE#         364
  C:0990H         LINE#         366
  C:0990H         LINE#         367
  C:0998H         LINE#         368
  C:0998H         LINE#         372
  C:09A2H         LINE#         374
  C:09A2H         LINE#         375
  C:09A2H         LINE#         377
  C:09A2H         LINE#         378
  C:09A2H         LINE#         379
  C:09A2H         LINE#         380
  C:09A2H         LINE#         381
  C:09A2H         LINE#         382
  C:09A2H         LINE#         383
  C:09A2H         LINE#         399
  C:09B6H         LINE#         400
  C:09B6H         LINE#         401
  C:09B6H         LINE#         402
  C:09B6H         LINE#         404
  C:09BCH         LINE#         405
  C:09BCH         LINE#         406
  C:09BCH         LINE#         407
  C:09BFH         LINE#         408
  C:09C1H         LINE#         409
  C:09C2H         LINE#         410
  C:09C2H         LINE#         411
  C:09C2H         LINE#         412
  C:09C2H         LINE#         413
  C:09C5H         LINE#         414
  C:09C7H         LINE#         415
  C:09C8H         LINE#         416
  C:09C8H         LINE#         417
  C:09CAH         LINE#         418
  C:09CCH         LINE#         419
  C:09CCH         LINE#         420
  C:09CCH         LINE#         421
  C:09CEH         LINE#         422
  C:09CEH         LINE#         423
  C:09D0H         LINE#         424
  C:09D2H         LINE#         425
  C:09D2H         LINE#         426
  C:09D2H         LINE#         427
  C:09D4H         LINE#         428
  C:09D4H         LINE#         429
  C:09D6H         LINE#         430
  C:09D8H         LINE#         431
  C:09DAH         LINE#         432
BL51 BANKED LINKER/LOCATER V6.22.4.0                                                  07/29/2026  11:47:51  PAGE 61


  C:09DCH         LINE#         433
  C:09DCH         LINE#         434
  C:09DCH         LINE#         435
  -------         ENDPROC       LED_BAT_LEV_STA_DISCHARGE_HANDLE
  -------         PROC          LED_BAT_LEV_STA_ALERT_HANDLE
  -------         DO            
  X:620EH         SYMBOL        cnt
  -------         ENDDO         
  C:264CH         LINE#         437
  C:264CH         LINE#         438
  C:264CH         LINE#         441
  C:264CH         LINE#         442
  C:264CH         LINE#         443
  C:264FH         LINE#         445
  C:2659H         LINE#         446
  C:2668H         LINE#         447
  C:2668H         LINE#         448
  C:266CH         LINE#         449
  C:2671H         LINE#         450
  C:2671H         LINE#         451
  -------         ENDPROC       LED_BAT_LEV_STA_ALERT_HANDLE
  -------         PROC          LED_BAT_LEV_STA_IDLE_HANDLE
  C:0045H         LINE#         453
  C:0045H         LINE#         454
  C:0045H         LINE#         455
  C:0045H         LINE#         456
  C:0045H         LINE#         457
  C:0048H         LINE#         458
  C:004AH         LINE#         459
  -------         ENDPROC       LED_BAT_LEV_STA_IDLE_HANDLE
  -------         PROC          LED_BAT_LEV_STA_CHARGE_BEGIN_HANDLE
  C:28BEH         LINE#         461
  C:28BEH         LINE#         462
  C:28BEH         LINE#         463
  C:28BEH         LINE#         464
  C:28BEH         LINE#         465
  C:28C1H         LINE#         466
  C:28C3H         LINE#         467
  C:28C8H         LINE#         468
  C:28CCH         LINE#         469
  C:28D2H         LINE#         470
  -------         ENDPROC       LED_BAT_LEV_STA_CHARGE_BEGIN_HANDLE
  -------         PROC          LED_BAT_LEV_STA_CHARGE_BEGIN_ANIM_HANDLE
  C:1ECDH         LINE#         472
  C:1ECDH         LINE#         473
  C:1ECDH         LINE#         474
  C:1ECDH         LINE#         475
  C:1ED2H         LINE#         476
  C:1ED2H         LINE#         477
  C:1ED6H         LINE#         478
  C:1EE7H         LINE#         480
  C:1EE7H         LINE#         481
  C:1EE9H         LINE#         482
  C:1EEFH         LINE#         483
  C:1EF0H         LINE#         484
  C:1F02H         LINE#         486
  C:1F02H         LINE#         487
BL51 BANKED LINKER/LOCATER V6.22.4.0                                                  07/29/2026  11:47:51  PAGE 62


  C:1F04H         LINE#         488
  C:1F0AH         LINE#         489
  C:1F0BH         LINE#         490
  C:1F1DH         LINE#         492
  C:1F1DH         LINE#         493
  C:1F1FH         LINE#         494
  C:1F22H         LINE#         495
  C:1F24H         LINE#         497
  C:1F24H         LINE#         498
  C:1F2BH         LINE#         501
  C:1F31H         LINE#         502
  C:1F31H         LINE#         503
  C:1F31H         LINE#         504
  -------         ENDPROC       LED_BAT_LEV_STA_CHARGE_BEGIN_ANIM_HANDLE
  -------         PROC          LED_BAT_LEV_STA_CHARGING_HANDLE
  -------         DO            
  X:6210H         SYMBOL        led_quick_fill_cnt
  -------         ENDDO         
  C:10C0H         LINE#         506
  C:10C0H         LINE#         507
  C:10C0H         LINE#         510
  C:10C0H         LINE#         513
  C:10CCH         LINE#         514
  C:10CCH         LINE#         515
  C:10D3H         LINE#         518
  C:10E4H         LINE#         519
  C:10E4H         LINE#         520
  C:10E4H         LINE#         521
  C:10E9H         LINE#         522
  C:10EBH         LINE#         523
  C:10EBH         LINE#         524
  C:10F0H         LINE#         525
  C:10F2H         LINE#         526
  C:10F2H         LINE#         527
  C:10F7H         LINE#         528
  C:10F9H         LINE#         529
  C:10F9H         LINE#         530
  C:10FEH         LINE#         531
  C:10FEH         LINE#         532
  C:10FEH         LINE#         533
  C:10FEH         LINE#         535
  C:1110H         LINE#         538
  C:1110H         LINE#         540
  C:1119H         LINE#         541
  C:1119H         LINE#         542
  C:111DH         LINE#         543
  C:111FH         LINE#         545
  C:111FH         LINE#         548
  C:112DH         LINE#         549
  C:112DH         LINE#         550
  C:1139H         LINE#         551
  C:1139H         LINE#         553
  C:1148H         LINE#         554
  C:1148H         LINE#         555
  C:1152H         LINE#         561
  C:1158H         LINE#         562
  C:115EH         LINE#         563
BL51 BANKED LINKER/LOCATER V6.22.4.0                                                  07/29/2026  11:47:51  PAGE 63


  C:115EH         LINE#         564
  C:115EH         LINE#         565
  C:1160H         LINE#         567
  C:1160H         LINE#         568
  C:116AH         LINE#         569
  C:116AH         LINE#         571
  C:1185H         LINE#         574
  C:1185H         LINE#         575
  C:118BH         LINE#         576
  C:118DH         LINE#         578
  C:118DH         LINE#         579
  C:118FH         LINE#         580
  C:11AAH         LINE#         583
  C:11AAH         LINE#         584
  C:11B0H         LINE#         585
  C:11B2H         LINE#         587
  C:11B2H         LINE#         588
  C:11B4H         LINE#         589
  C:11C6H         LINE#         592
  C:11C6H         LINE#         593
  C:11CCH         LINE#         594
  C:11CEH         LINE#         596
  C:11D3H         LINE#         597
  C:11D3H         LINE#         598
  -------         ENDPROC       LED_BAT_LEV_STA_CHARGING_HANDLE
  -------         PROC          LED_BAT_LEV_STA_CHARGE_END_HANDLE
  C:2983H         LINE#         600
  C:2983H         LINE#         601
  C:2983H         LINE#         603
  C:2985H         LINE#         604
  C:2987H         LINE#         605
  C:2989H         LINE#         606
  C:298BH         LINE#         607
  -------         ENDPROC       LED_BAT_LEV_STA_CHARGE_END_HANDLE
  -------         PROC          LED_BAT_LEV_DISLPLAY_1MS_ISR
  C:24CBH         LINE#         609
  C:24CBH         LINE#         610
  C:24CBH         LINE#         611
  C:24EBH         LINE#         612
  C:24EBH         LINE#         613
  C:24EBH         LINE#         614
  C:24EEH         LINE#         615
  C:24EEH         LINE#         616
  C:24EEH         LINE#         617
  C:24F1H         LINE#         618
  C:24F1H         LINE#         620
  C:24F1H         LINE#         621
  C:24F4H         LINE#         622
  C:24F4H         LINE#         624
  C:24F4H         LINE#         625
  C:24F7H         LINE#         626
  C:24F7H         LINE#         628
  C:24F7H         LINE#         629
  C:24FAH         LINE#         630
  C:24FAH         LINE#         632
  C:24FAH         LINE#         633
  C:24FDH         LINE#         634
BL51 BANKED LINKER/LOCATER V6.22.4.0                                                  07/29/2026  11:47:51  PAGE 64


  C:24FDH         LINE#         636
  C:24FDH         LINE#         637
  C:2500H         LINE#         638
  C:2500H         LINE#         639
  C:2500H         LINE#         640
  -------         ENDPROC       LED_BAT_LEV_DISLPLAY_1MS_ISR
  -------         ENDMOD        LED_BAT_LEV

  -------         MODULE        ?C?COPY
  C:011EH         PUBLIC        ?C?COPY
  -------         ENDMOD        ?C?COPY

  -------         MODULE        ?C?CLDPTR
  C:0144H         PUBLIC        ?C?CLDPTR
  -------         ENDMOD        ?C?CLDPTR

  -------         MODULE        ?C?CLDOPTR
  C:015DH         PUBLIC        ?C?CLDOPTR
  -------         ENDMOD        ?C?CLDOPTR

  -------         MODULE        ?C?CILDOPTR
  C:018AH         PUBLIC        ?C?CILDOPTR
  -------         ENDMOD        ?C?CILDOPTR

  -------         MODULE        ?C?CSTOPTR
  C:01BDH         PUBLIC        ?C?CSTOPTR
  -------         ENDMOD        ?C?CSTOPTR

  -------         MODULE        ?C?UIDIV
  C:01DFH         PUBLIC        ?C?UIDIV
  -------         ENDMOD        ?C?UIDIV

  -------         MODULE        ?C?IILDX
  C:0234H         PUBLIC        ?C?IILDX
  -------         ENDMOD        ?C?IILDX

  -------         MODULE        ?C?LADD
  C:024AH         PUBLIC        ?C?LADD
  -------         ENDMOD        ?C?LADD

  -------         MODULE        ?C?ULDIV
  C:0293H         PUBLIC        ?C?ULDIV
  -------         ENDMOD        ?C?ULDIV

  -------         MODULE        ?C?SLCMP
  C:0325H         PUBLIC        ?C?SLCMP
  -------         ENDMOD        ?C?SLCMP

  -------         MODULE        ?C?ULCMP
  C:033BH         PUBLIC        ?C?ULCMP
  -------         ENDMOD        ?C?ULCMP

  -------         MODULE        ?C?LLDXDATA
  C:034CH         PUBLIC        ?C?LLDXDATA
  -------         ENDMOD        ?C?LLDXDATA

  -------         MODULE        ?C?LLDXDATA0
BL51 BANKED LINKER/LOCATER V6.22.4.0                                                  07/29/2026  11:47:51  PAGE 65


  C:0358H         PUBLIC        ?C?LLDXDATA0
  -------         ENDMOD        ?C?LLDXDATA0

  -------         MODULE        ?C?LSTXDATA
  C:0364H         PUBLIC        ?C?LSTXDATA
  -------         ENDMOD        ?C?LSTXDATA

  -------         MODULE        ?C?LSTKXDATA
  C:0370H         PUBLIC        ?C?LSTKXDATA
  -------         ENDMOD        ?C?LSTKXDATA

  -------         MODULE        ?C?PLDXDATA
  C:03A1H         PUBLIC        ?C?PLDXDATA
  -------         ENDMOD        ?C?PLDXDATA

  -------         MODULE        ?C?PSTXDATA
  C:03AAH         PUBLIC        ?C?PSTXDATA
  -------         ENDMOD        ?C?PSTXDATA

  -------         MODULE        ?C?PLDOPTR
  C:03B3H         PUBLIC        ?C?PLDOPTR
  -------         ENDMOD        ?C?PLDOPTR

  -------         MODULE        ?C?CCASE
  C:03E3H         PUBLIC        ?C?CCASE
  -------         ENDMOD        ?C?CCASE

  -------         MODULE        ?C?ICALL
  C:0409H         PUBLIC        ?C?ICALL
  C:040DH         PUBLIC        ?C?ICALL2
  -------         ENDMOD        ?C?ICALL

  -------         MODULE        ?C?LIMUL
  C:040FH         PUBLIC        ?C?LIMUL
  -------         ENDMOD        ?C?LIMUL

  -------         MODULE        ?C?MEMSET
  C:043CH         PUBLIC        ?C?MEMSET
  -------         ENDMOD        ?C?MEMSET

  -------         MODULE        ?C?PLDIDATA
  C:0468H         PUBLIC        ?C?PLDIDATA
  -------         ENDMOD        ?C?PLDIDATA

  -------         MODULE        ?C?PLDPDATA
  C:0471H         PUBLIC        ?C?PLDPDATA
  -------         ENDMOD        ?C?PLDPDATA

  -------         MODULE        ?C?PLDCODE
  C:047AH         PUBLIC        ?C?PLDCODE
  -------         ENDMOD        ?C?PLDCODE

*** WARNING L15: MULTIPLE CALL TO SEGMENT
    SEGMENT: ?PR?_BAT_DISCHARGE_TIME_CNT_UPDATE?BATTERY_MONITOR
    CALLER1: ?PR?ADC_IRQHANDLER?ADC
    CALLER2: ?PR?TIMR0_IRQHANDLER?TIMER0

BL51 BANKED LINKER/LOCATER V6.22.4.0                                                  07/29/2026  11:47:51  PAGE 66


Program Size: data=9.5 xdata=572 code=10691
LINK/LOCATE RUN COMPLETE.  1 WARNING(S),  0 ERROR(S)
