BL51 BANKED LINKER/LOCATER V6.22.4.0                                                    07/09/2026  14:58:33  PAGE 1


BL51 BANKED LINKER/LOCATER V6.22.4.0, INVOKED BY:
C:\KEIL_V5\C51\BIN\BL51.EXE .\Release\Objects\STARTUP.obj, .\Release\Objects\system.obj, .\Release\Objects\adc.obj, .\Re
>> lease\Objects\pwm.obj, .\Release\Objects\timer0.obj, .\Release\Objects\timer1.obj, .\Release\Objects\uart0.obj, .\Rel
>> ease\Objects\main.obj, .\Release\Objects\uart_data_handle.obj, .\Release\Objects\key_driver.obj, .\Release\Objects\ad
>> _key.obj, .\Release\Objects\user_test.obj, .\Release\Objects\led.obj, .\Release\Objects\battery_monitor.obj, .\Releas
>> e\Objects\bluetooth_ic_handle.obj, .\Release\Objects\charge_det.obj, .\Release\Objects\low_power.obj, .\Release\Objec
>> ts\bat_scan.obj TO .\Release\Objects\Demo PRINT (.\Release\Listings\Demo.m51) RAMSIZE (256) CODE (0X0000-0X3EEF) XDAT
>> A (0X6000-0X66FF)


MEMORY MODEL: LARGE


INPUT MODULES INCLUDED:
  .\Release\Objects\STARTUP.obj (?C_STARTUP)
  .\Release\Objects\system.obj (SYSTEM)
  .\Release\Objects\adc.obj (ADC)
  .\Release\Objects\pwm.obj (PWM)
  .\Release\Objects\timer0.obj (TIMER0)
  .\Release\Objects\timer1.obj (TIMER1)
  .\Release\Objects\uart0.obj (UART0)
  .\Release\Objects\main.obj (MAIN)
  .\Release\Objects\uart_data_handle.obj (UART_DATA_HANDLE)
  .\Release\Objects\key_driver.obj (KEY_DRIVER)
  .\Release\Objects\ad_key.obj (AD_KEY)
  .\Release\Objects\user_test.obj (USER_TEST)
  .\Release\Objects\led.obj (LED)
  .\Release\Objects\battery_monitor.obj (BATTERY_MONITOR)
  .\Release\Objects\bluetooth_ic_handle.obj (BLUETOOTH_IC_HANDLE)
  .\Release\Objects\charge_det.obj (CHARGE_DET)
  .\Release\Objects\low_power.obj (LOW_POWER)
  .\Release\Objects\bat_scan.obj (BAT_SCAN)
  C:\KEIL_V5\C51\LIB\C51L.LIB (?C_INIT)
  C:\KEIL_V5\C51\LIB\C51L.LIB (?C?COPY)
  C:\KEIL_V5\C51\LIB\C51L.LIB (?C?CLDPTR)
  C:\KEIL_V5\C51\LIB\C51L.LIB (?C?CLDOPTR)
  C:\KEIL_V5\C51\LIB\C51L.LIB (?C?CILDOPTR)
  C:\KEIL_V5\C51\LIB\C51L.LIB (?C?CSTOPTR)
  C:\KEIL_V5\C51\LIB\C51L.LIB (?C?UIDIV)
  C:\KEIL_V5\C51\LIB\C51L.LIB (?C?IILDX)
  C:\KEIL_V5\C51\LIB\C51L.LIB (?C?LADD)
  C:\KEIL_V5\C51\LIB\C51L.LIB (?C?ULDIV)
  C:\KEIL_V5\C51\LIB\C51L.LIB (?C?SLCMP)
  C:\KEIL_V5\C51\LIB\C51L.LIB (?C?ULCMP)
  C:\KEIL_V5\C51\LIB\C51L.LIB (?C?LLDXDATA)
  C:\KEIL_V5\C51\LIB\C51L.LIB (?C?LLDXDATA0)
  C:\KEIL_V5\C51\LIB\C51L.LIB (?C?LSTXDATA)
  C:\KEIL_V5\C51\LIB\C51L.LIB (?C?LSTKXDATA)
  C:\KEIL_V5\C51\LIB\C51L.LIB (?C?PLDXDATA)
  C:\KEIL_V5\C51\LIB\C51L.LIB (?C?PSTXDATA)
  C:\KEIL_V5\C51\LIB\C51L.LIB (?C?PLDOPTR)
  C:\KEIL_V5\C51\LIB\C51L.LIB (?C?CCASE)
  C:\KEIL_V5\C51\LIB\C51L.LIB (?C?ICALL)
  C:\KEIL_V5\C51\LIB\C51L.LIB (?C?LIMUL)
  C:\KEIL_V5\C51\LIB\C51L.LIB (PRINTF)
  C:\KEIL_V5\C51\LIB\C51L.LIB (?C?MEMSET)
  C:\KEIL_V5\C51\LIB\C51L.LIB (?C?CSTPTR)
  C:\KEIL_V5\C51\LIB\C51L.LIB (?C?PLDIDATA)
BL51 BANKED LINKER/LOCATER V6.22.4.0                                                  07/09/2026  14:58:33  PAGE 2


  C:\KEIL_V5\C51\LIB\C51L.LIB (?C?PLDIXDATA)
  C:\KEIL_V5\C51\LIB\C51L.LIB (?C?PLDPDATA)
  C:\KEIL_V5\C51\LIB\C51L.LIB (?C?PLDCODE)


LINK MAP OF MODULE:  .\Release\Objects\Demo (?C_STARTUP)


            TYPE    BASE      LENGTH    RELOCATION   SEGMENT NAME
            -----------------------------------------------------

            * * * * * * *   D A T A   M E M O R Y   * * * * * * *
            REG     0000H     0008H     ABSOLUTE     "REG BANK 0"
            DATA    0008H     000AH     UNIT         _DATA_GROUP_
                    0012H     000EH                  *** GAP ***
            BIT     0020H.0   0002H.2   UNIT         _BIT_GROUP_
            BIT     0022H.2   0000H.4   UNIT         ?BI?ADC
            BIT     0022H.6   0000H.1   UNIT         ?BI?CHARGE_DET
                    0022H.7   0000H.1                *** GAP ***
            IDATA   0023H     0001H     UNIT         ?STACK

            * * * * * * *  X D A T A   M E M O R Y  * * * * * * *
                    0000H     6000H                  *** GAP ***
            XDATA   6000H     0086H     UNIT         ?XD?UART0
            XDATA   6086H     005FH     UNIT         _XDATA_GROUP_
            XDATA   60E5H     0039H     UNIT         ?XD?AD_KEY
            XDATA   611EH     002CH     UNIT         ?XD?BAT_SCAN
            XDATA   614AH     0027H     UNIT         ?XD?CHARGE_DET
            XDATA   6171H     001AH     UNIT         ?XD?UART_DATA_HANDLE
            XDATA   618BH     0013H     UNIT         ?XD?LED
            XDATA   619EH     0009H     UNIT         ?XD?ADC
            XDATA   61A7H     0007H     UNIT         ?XD?BATTERY_MONITOR
            XDATA   61AEH     0006H     UNIT         ?XD?LOW_POWER
            XDATA   61B4H     0004H     UNIT         ?XD?KEY_DRIVER
            XDATA   61B8H     0003H     UNIT         ?XD?USER_TEST
            XDATA   61BBH     0002H     UNIT         ?XD?BLUETOOTH_IC_HANDLE

            * * * * * * *   C O D E   M E M O R Y   * * * * * * *
            CODE    0000H     0003H     ABSOLUTE     
            CODE    0003H     000CH     ABSOLUTE     
            CODE    000FH     000FH     UNIT         ?PR?UART_RECEIVER_TIMEOUT_ADD?UART_DATA_HANDLE
            CODE    001EH     0003H     ABSOLUTE     
            CODE    0021H     0003H     ABSOLUTE     
            CODE    0024H     001BH     UNIT         ?PR?_ADC_CLEAR_UPDATE_FLAG?ADC
            CODE    003FH     0003H     ABSOLUTE     
            CODE    0042H     0003H     ABSOLUTE     
            CODE    0045H     0003H     UNIT         ?PR?CHARGE_DET_TIME_ADD?CHARGE_DET
                    0048H     0003H                  *** GAP ***
            CODE    004BH     0003H     ABSOLUTE     
            CODE    004EH     0461H     UNIT         ?C?LIB_CODE
            CODE    04AFH     0365H     UNIT         ?PR?PRINTF?PRINTF
            CODE    0814H     0200H     UNIT         ?C_INITSEG
            CODE    0A14H     01B2H     UNIT         ?PR?LED_BAT_INSTRUCTION_TIMER_CALLBACK?LED
            CODE    0BC6H     01ABH     UNIT         ?PR?LOW_POWER_HANDLE?LOW_POWER
            CODE    0D71H     01AAH     UNIT         ?PR?DETECT_1KHZ_SIGNAL_100US?CHARGE_DET
            CODE    0F1BH     0193H     UNIT         ?PR?_KEY_DRIVER_SCAN?KEY_DRIVER
            CODE    10AEH     0157H     UNIT         ?PR?DETECT_DISCHARGE_1KHZ_SIGNAL_100US?CHARGE_DET
BL51 BANKED LINKER/LOCATER V6.22.4.0                                                  07/09/2026  14:58:33  PAGE 3


            CODE    1205H     0127H     UNIT         ?PR?CHARGE_DET?CHARGE_DET
            CODE    132CH     011FH     UNIT         ?PR?LED_SLOW_ADJUST_ISR?LED
            CODE    144BH     010BH     UNIT         ?PR?LOW_POWER_IN?LOW_POWER
            CODE    1556H     00EAH     UNIT         ?PR?LED_RED_BLUE_FLASH_1MS_ISR?LED
            CODE    1640H     00E6H     UNIT         ?PR?BATTERY_MONITOR_HANDLE?BATTERY_MONITOR
            CODE    1726H     00DAH     UNIT         ?CO?UART_DATA_HANDLE
            CODE    1800H     00DAH     UNIT         ?PR?BATTERY_VOLTAGE_UPDATE_BY_ISR?BAT_SCAN
            CODE    18DAH     00CFH     UNIT         ?PR?SYSTEM_INIT?SYSTEM
            CODE    19A9H     00B9H     UNIT         ?PR?LED
            CODE    1A62H     00B5H     UNIT         ?PR?UART_DATA_HANDLE?UART_DATA_HANDLE
            CODE    1B17H     00ADH     UNIT         ?PR?AD_KEY_HANDLE?AD_KEY
            CODE    1BC4H     00A9H     UNIT         ?PR?_UART_RECEIVER_PROCESS_BYTE?UART_DATA_HANDLE
            CODE    1C6DH     00A0H     UNIT         ?PR?BAT_SCAN?BAT_SCAN
            CODE    1D0DH     008FH     UNIT         ?CO?LOW_POWER
            CODE    1D9CH     008CH     UNIT         ?C_C51STARTUP
            CODE    1E28H     008BH     UNIT         ?PR?PWM_INIT?PWM
            CODE    1EB3H     0087H     UNIT         ?PR?ADC_IRQHANDLER?ADC
            CODE    1F3AH     0082H     UNIT         ?PR?_GET_BATTERY_PERCENTAGE_BY_VOLTAGE?BAT_SCAN
            CODE    1FBCH     0074H     UNIT         ?PR?_LED_STATUS_SET?LED
            CODE    2030H     0071H     UNIT         ?PR?BAT_SCAN
            CODE    20A1H     006FH     UNIT         ?PR?TIMR0_IRQHANDLER?TIMER0
            CODE    2110H     0066H     UNIT         ?PR?ADC_SCAN?ADC
            CODE    2176H     0066H     UNIT         ?PR?SEND_LOW_BAT_TIMER_CALLBACK?BATTERY_MONITOR
            CODE    21DCH     0059H     UNIT         ?PR?UART_RECEIVER_TIMEOUT_HANDLER?UART_DATA_HANDLE
            CODE    2235H     0050H     UNIT         ?PR?MAIN?MAIN
            CODE    2285H     004EH     UNIT         ?PR?LED_INIT?LED
            CODE    22D3H     004CH     UNIT         ?PR?_AD_KEY_VAL_TO_AD_KEY_INDEX?AD_KEY
            CODE    231FH     004BH     UNIT         ?PR?_ADC_CHANNEL_SEL?ADC
            CODE    236AH     004AH     UNIT         ?PR?_AD_KEY_GET_EVENT?AD_KEY
            CODE    23B4H     004AH     UNIT         ?PR?LOW_POWER_OUT?LOW_POWER
            CODE    23FEH     0048H     UNIT         ?PR?TIMR1_IRQHANDLER?TIMER1
            CODE    2446H     0047H     UNIT         ?PR?_UART0_RXBUFFER_PUT_BYTE?UART0
            CODE    248DH     0046H     UNIT         ?PR?BAT_VOL_HISTORY_BUFF_GET_AVG?BAT_SCAN
            CODE    24D3H     0045H     UNIT         ?PR?_UART_DATA_SEND_CMD?UART_DATA_HANDLE
            CODE    2518H     0042H     UNIT         ?PR?UART0_RXBUFFER_GET_BYTE?UART0
            CODE    255AH     003DH     UNIT         ?PR?_ADC_UPDATE_VAL?ADC
            CODE    2597H     003BH     UNIT         ?CO?BAT_SCAN
            CODE    25D2H     003AH     UNIT         ?PR?UART0_INIT?UART0
            CODE    260CH     0039H     UNIT         ?CO?BATTERY_MONITOR
            CODE    2645H     0039H     UNIT         ?PR?BAT_VOL_UPDATE_TIMER_CALLBACK?BAT_SCAN
            CODE    267EH     0037H     UNIT         ?PR?UART_DATA_HANDLE
            CODE    26B5H     0036H     UNIT         ?PR?UART_RECEIVER_PROCESS_CHECKSUM?UART_DATA_HANDLE
            CODE    26EBH     0034H     UNIT         ?PR?UART0_IRQHANDLER?UART0
            CODE    271FH     0033H     UNIT         ?PR?AD_KEY_GET_KEY_VAL?AD_KEY
            CODE    2752H     0033H     UNIT         ?PR?LOW_POWER_ENTER_TIMER_CALLBACK?LOW_POWER
            CODE    2785H     002EH     UNIT         ?PR?_ADC_GET_VAL?ADC
            CODE    27B3H     002EH     UNIT         ?PR?ADC
            CODE    27E1H     002DH     UNIT         ?PR?USER_INIT?MAIN
            CODE    280EH     002BH     UNIT         ?PR?CHARGE_DET
            CODE    2839H     002AH     UNIT         ?PR?LED_STATUS_SWITCH?LED
            CODE    2863H     0029H     UNIT         ?CO?BLUETOOTH_IC_HANDLE
            CODE    288CH     0029H     UNIT         ?PR?BAT_VOL_BUFF_GET_AVG_TIMER_CALLBACK?BAT_SCAN
            CODE    28B5H     0028H     UNIT         ?PR?BAT_VOL_BUFF_ADD_TIMER_CALLBACK?BAT_SCAN
            CODE    28DDH     0025H     UNIT         ?PR?_ADC_GET_UPDATE_FLAG?ADC
            CODE    2902H     0024H     UNIT         ?PR?IS_LOW_POWER_CONDITION_ESTABLISH?LOW_POWER
            CODE    2926H     0023H     UNIT         ?PR?_UART0_SENDBUF?UART0
            CODE    2949H     0022H     UNIT         ?PR?ADC_INIT?ADC
BL51 BANKED LINKER/LOCATER V6.22.4.0                                                  07/09/2026  14:58:33  PAGE 4


            CODE    296BH     0022H     UNIT         ?PR?_BAT_VOL_HISTORY_BUFF_ADD?BAT_SCAN
            CODE    298DH     0021H     UNIT         ?PR?KEY_DRIVER
            CODE    29AEH     0021H     UNIT         ?PR?DEBUG_TIME_ADD?USER_TEST
            CODE    29CFH     001DH     UNIT         ?CO?AD_KEY
            CODE    29ECH     001DH     UNIT         ?PR?BLE_IC_ENABLE?BLUETOOTH_IC_HANDLE
            CODE    2A09H     001BH     UNIT         ?PR?TIMER0_INIT?TIMER0
            CODE    2A24H     001BH     UNIT         ?PR?TIMER1_INIT?TIMER1
            CODE    2A3FH     001AH     UNIT         ?PR?BLUETOOTH_IC_HANDLE_INIT?BLUETOOTH_IC_HANDLE
            CODE    2A59H     0019H     UNIT         ?PR?CHARGE_DET_INIT?CHARGE_DET
            CODE    2A72H     0018H     UNIT         ?PR?_DELAY_MS?SYSTEM
            CODE    2A8AH     0018H     UNIT         ?PR?WUT_IRQHANDLER?LOW_POWER
            CODE    2AA2H     0017H     UNIT         ?PR?ADC_GET_VAL_ONCE?ADC
            CODE    2AB9H     0017H     UNIT         ?PR?BAT_PERCENT_UPDATE_TIME_ADD?BAT_SCAN
            CODE    2AD0H     0016H     UNIT         ?PR?PWM
            CODE    2AE6H     0016H     UNIT         ?PR?_BAT_VOL_HISTORY_BUFF_INIT?BAT_SCAN
            CODE    2AFCH     0015H     UNIT         ?PR?BAT_PERCENT_UPDATE_TIME_IS_COMES?BAT_SCAN
            CODE    2B11H     0014H     UNIT         ?PR?LOW_POWER
            CODE    2B25H     0012H     UNIT         ?PR?ADC_INIT_WHEN_LOW_PWR_OUT?ADC
            CODE    2B37H     0012H     UNIT         ?PR?UART_RECEIVER_RESET?UART_DATA_HANDLE
            CODE    2B49H     0012H     UNIT         ?PR?USER_DEBUG_PIN_INIT?USER_TEST
            CODE    2B5BH     0011H     UNIT         ?PR?ADC_PIN_INIT?ADC
            CODE    2B6CH     0010H     UNIT         ?PR?BLE_IC_DISABLE_POST?BLUETOOTH_IC_HANDLE
            CODE    2B7CH     0010H     UNIT         ?PR?_GET_BATTERY_VOLTAGE_BY_ADC?BAT_SCAN
            CODE    2B8CH     000FH     UNIT         ?PR?AD_KEY
            CODE    2B9BH     000FH     UNIT         ?PR?LED_CTL_INIT?LED
            CODE    2BAAH     000EH     UNIT         ?PR?BLE_IC_DISABLE_PRE?BLUETOOTH_IC_HANDLE
            CODE    2BB8H     000DH     UNIT         ?PR?LED_YELLOW_ON?LED
            CODE    2BC5H     000DH     UNIT         ?PR?LED_WHITE_ON?LED
            CODE    2BD2H     000BH     UNIT         ?PR?_DELAY?SYSTEM
            CODE    2BDDH     000AH     UNIT         ?CO?MAIN
            CODE    2BE7H     000AH     UNIT         ?PR?BATTERY_MONITOR
            CODE    2BF1H     0009H     UNIT         ?PR?_PWM_SET_CHANNEL_0_DUTY?PWM
            CODE    2BFAH     0009H     UNIT         ?PR?_PWM_SET_CHANNEL_1_DUTY?PWM
            CODE    2C03H     0009H     UNIT         ?PR?UART0_RXBUFFER_GET_COUNT?UART0
            CODE    2C0CH     0008H     UNIT         ?PR?_PUTCHAR?UART0
            CODE    2C14H     0008H     UNIT         ?PR?_UART0_SENDBYTE?UART0
            CODE    2C1CH     0008H     UNIT         ?PR?LED_YELLOW_OFF?LED
            CODE    2C24H     0008H     UNIT         ?PR?LED_WHITE_OFF?LED
            CODE    2C2CH     0008H     UNIT         ?PR?BAT_PERCENT_UPDATE_TIME_RESET?BAT_SCAN
            CODE    2C34H     0007H     UNIT         ?PR?UART0



OVERLAY MAP OF MODULE:   .\Release\Objects\Demo (?C_STARTUP)


SEGMENT                                             BIT_GROUP          DATA_GROUP          XDATA_GROUP
  +--> CALLED SEGMENT                            START    LENGTH     START    LENGTH     START    LENGTH
--------------------------------------------------------------------------------------------------------
?C_C51STARTUP                                    -----    -----      -----    -----      -----    -----
  +--> ?PR?MAIN?MAIN
  +--> ?C_INITSEG

?PR?MAIN?MAIN                                    -----    -----      -----    -----      -----    -----
  +--> ?PR?SYSTEM_INIT?SYSTEM
  +--> ?PR?USER_INIT?MAIN
  +--> ?PR?_DELAY_MS?SYSTEM
BL51 BANKED LINKER/LOCATER V6.22.4.0                                                  07/09/2026  14:58:33  PAGE 5


  +--> ?PR?_KEY_DRIVER_SCAN?KEY_DRIVER
  +--> ?PR?AD_KEY_HANDLE?AD_KEY
  +--> ?PR?UART_DATA_HANDLE?UART_DATA_HANDLE
  +--> ?PR?CHARGE_DET?CHARGE_DET
  +--> ?PR?BAT_SCAN?BAT_SCAN
  +--> ?PR?BATTERY_MONITOR_HANDLE?BATTERY_MO...
  +--> ?PR?LOW_POWER_HANDLE?LOW_POWER

?PR?SYSTEM_INIT?SYSTEM                           -----    -----      -----    -----      -----    -----
  +--> ?PR?_DELAY?SYSTEM
  +--> ?PR?_DELAY_MS?SYSTEM

?PR?_DELAY_MS?SYSTEM                             -----    -----      -----    -----      -----    -----
  +--> ?PR?_DELAY?SYSTEM

?PR?USER_INIT?MAIN                               -----    -----      -----    -----      -----    -----
  +--> ?PR?ADC_PIN_INIT?ADC
  +--> ?PR?ADC_INIT?ADC
  +--> ?PR?LED_INIT?LED
  +--> ?PR?UART0_INIT?UART0
  +--> ?PR?PWM_INIT?PWM
  +--> ?PR?BLUETOOTH_IC_HANDLE_INIT?BLUETOOT...
  +--> ?PR?UART_RECEIVER_RESET?UART_DATA_HANDLE
  +--> ?PR?LED_CTL_INIT?LED
  +--> ?PR?CHARGE_DET_INIT?CHARGE_DET
  +--> ?PR?TIMER0_INIT?TIMER0
  +--> ?PR?TIMER1_INIT?TIMER1
  +--> ?PR?USER_DEBUG_PIN_INIT?USER_TEST
  +--> ?CO?MAIN
  +--> ?PR?PRINTF?PRINTF

?PR?ADC_INIT?ADC                                 -----    -----      -----    -----      -----    -----
  +--> ?PR?_DELAY_MS?SYSTEM

?PR?LED_INIT?LED                                 -----    -----      -----    -----      -----    -----
  +--> ?PR?LED

?PR?PWM_INIT?PWM                                 -----    -----      -----    -----      -----    -----
  +--> ?PR?PWM

?PR?PRINTF?PRINTF                                0021H.1  0001H.1    000DH    0005H      60B9H    0028H
  +--> ?PR?_PUTCHAR?UART0

?PR?_KEY_DRIVER_SCAN?KEY_DRIVER                  -----    -----      -----    -----      6086H    0002H
  +--> ?PR?KEY_DRIVER

?PR?AD_KEY_HANDLE?AD_KEY                         -----    -----      -----    -----      6086H    0001H
  +--> ?PR?_AD_KEY_GET_EVENT?AD_KEY
  +--> ?CO?AD_KEY
  +--> ?PR?PRINTF?PRINTF
  +--> ?PR?LED_STATUS_SWITCH?LED
  +--> ?PR?_UART_DATA_SEND_CMD?UART_DATA_HANDLE
  +--> ?PR?BLE_IC_DISABLE_PRE?BLUETOOTH_IC_H...
  +--> ?PR?BLE_IC_ENABLE?BLUETOOTH_IC_HANDLE

?PR?_AD_KEY_GET_EVENT?AD_KEY                     -----    -----      -----    -----      -----    -----
  +--> ?PR?AD_KEY
BL51 BANKED LINKER/LOCATER V6.22.4.0                                                  07/09/2026  14:58:33  PAGE 6



?PR?LED_STATUS_SWITCH?LED                        -----    -----      -----    -----      -----    -----
  +--> ?PR?_LED_STATUS_SET?LED

?PR?_LED_STATUS_SET?LED                          -----    -----      -----    -----      6087H    0001H
  +--> ?PR?LED_YELLOW_OFF?LED
  +--> ?PR?LED_WHITE_OFF?LED
  +--> ?PR?LED_WHITE_ON?LED
  +--> ?PR?LED_YELLOW_ON?LED

?PR?LED_WHITE_ON?LED                             -----    -----      -----    -----      -----    -----
  +--> ?PR?_PWM_SET_CHANNEL_1_DUTY?PWM

?PR?_PWM_SET_CHANNEL_1_DUTY?PWM                  -----    -----      -----    -----      -----    -----
  +--> ?PR?PWM

?PR?LED_YELLOW_ON?LED                            -----    -----      -----    -----      -----    -----
  +--> ?PR?_PWM_SET_CHANNEL_0_DUTY?PWM

?PR?_PWM_SET_CHANNEL_0_DUTY?PWM                  -----    -----      -----    -----      -----    -----
  +--> ?PR?PWM

?PR?_UART_DATA_SEND_CMD?UART_DATA_HANDLE         -----    -----      -----    -----      6087H    0009H
  +--> ?CO?UART_DATA_HANDLE
  +--> ?PR?_UART0_SENDBUF?UART0

?PR?_UART0_SENDBUF?UART0                         -----    -----      -----    -----      6090H    0003H
  +--> ?PR?_UART0_SENDBYTE?UART0

?PR?BLE_IC_DISABLE_PRE?BLUETOOTH_IC_H...         -----    -----      -----    -----      -----    -----
  +--> ?PR?_UART_DATA_SEND_CMD?UART_DATA_HANDLE
  +--> ?CO?BLUETOOTH_IC_HANDLE
  +--> ?PR?PRINTF?PRINTF

?PR?BLE_IC_ENABLE?BLUETOOTH_IC_HANDLE            -----    -----      -----    -----      -----    -----
  +--> ?PR?_DELAY_MS?SYSTEM
  +--> ?PR?_UART_DATA_SEND_CMD?UART_DATA_HANDLE
  +--> ?CO?BLUETOOTH_IC_HANDLE
  +--> ?PR?PRINTF?PRINTF

?PR?UART_DATA_HANDLE?UART_DATA_HANDLE            -----    -----      -----    -----      6086H    0002H
  +--> ?PR?UART_RECEIVER_RESET?UART_DATA_HANDLE
  +--> ?PR?UART_RECEIVER_TIMEOUT_HANDLER?UAR...
  +--> ?PR?UART0_RXBUFFER_GET_COUNT?UART0
  +--> ?PR?UART0_RXBUFFER_GET_BYTE?UART0
  +--> ?PR?_UART_RECEIVER_PROCESS_BYTE?UART_...
  +--> ?CO?UART_DATA_HANDLE
  +--> ?PR?PRINTF?PRINTF
  +--> ?PR?UART_DATA_HANDLE
  +--> ?PR?BLE_IC_DISABLE_POST?BLUETOOTH_IC_...

?PR?UART_RECEIVER_TIMEOUT_HANDLER?UAR...         -----    -----      -----    -----      6088H    0001H
  +--> ?CO?UART_DATA_HANDLE
  +--> ?PR?UART_DATA_HANDLE
  +--> ?PR?PRINTF?PRINTF
  +--> ?PR?UART_RECEIVER_RESET?UART_DATA_HANDLE

BL51 BANKED LINKER/LOCATER V6.22.4.0                                                  07/09/2026  14:58:33  PAGE 7


?PR?UART0_RXBUFFER_GET_BYTE?UART0                -----    -----      -----    -----      -----    -----
  +--> ?PR?UART0

?PR?_UART_RECEIVER_PROCESS_BYTE?UART_...         -----    -----      -----    -----      6088H    0001H
  +--> ?PR?UART_DATA_HANDLE
  +--> ?PR?UART_RECEIVER_PROCESS_CHECKSUM?UA...

?PR?UART_RECEIVER_PROCESS_CHECKSUM?UA...         -----    -----      -----    -----      -----    -----
  +--> ?PR?UART_DATA_HANDLE
  +--> ?CO?UART_DATA_HANDLE
  +--> ?PR?PRINTF?PRINTF

?PR?BLE_IC_DISABLE_POST?BLUETOOTH_IC_...         -----    -----      -----    -----      -----    -----
  +--> ?CO?BLUETOOTH_IC_HANDLE
  +--> ?PR?PRINTF?PRINTF

?PR?CHARGE_DET?CHARGE_DET                        -----    -----      -----    -----      6086H    0002H
  +--> ?PR?_ADC_GET_UPDATE_FLAG?ADC
  +--> ?PR?_ADC_CLEAR_UPDATE_FLAG?ADC
  +--> ?PR?_ADC_GET_VAL?ADC
  +--> ?PR?CHARGE_DET

?PR?BAT_SCAN?BAT_SCAN                            -----    -----      -----    -----      -----    -----
  +--> ?PR?_BAT_VOL_HISTORY_BUFF_ADD?BAT_SCAN
  +--> ?PR?BAT_VOL_HISTORY_BUFF_GET_AVG?BAT_...
  +--> ?PR?BAT_SCAN
  +--> ?PR?PRINTF?PRINTF
  +--> ?PR?_GET_BATTERY_PERCENTAGE_BY_VOLTAG...
  +--> ?PR?BAT_PERCENT_UPDATE_TIME_IS_COMES?...
  +--> ?PR?BAT_PERCENT_UPDATE_TIME_RESET?BAT...

?PR?_BAT_VOL_HISTORY_BUFF_ADD?BAT_SCAN           -----    -----      -----    -----      -----    -----
  +--> ?PR?BAT_SCAN

?PR?BAT_SCAN                                     -----    -----      -----    -----      -----    -----
  +--> ?CO?BAT_SCAN

?PR?BAT_VOL_HISTORY_BUFF_GET_AVG?BAT_...         -----    -----      -----    -----      6086H    0005H
  +--> ?PR?BAT_SCAN

?PR?_GET_BATTERY_PERCENTAGE_BY_VOLTAG...         -----    -----      -----    -----      60B9H    0006H
  +--> ?PR?BAT_SCAN

?PR?BATTERY_MONITOR_HANDLE?BATTERY_MO...         -----    -----      -----    -----      -----    -----
  +--> ?CO?BATTERY_MONITOR
  +--> ?PR?PRINTF?PRINTF
  +--> ?PR?_LED_STATUS_SET?LED
  +--> ?PR?_UART_DATA_SEND_CMD?UART_DATA_HANDLE
  +--> ?PR?_DELAY_MS?SYSTEM
  +--> ?PR?BLE_IC_DISABLE_PRE?BLUETOOTH_IC_H...
  +--> ?PR?BLE_IC_ENABLE?BLUETOOTH_IC_HANDLE

?PR?LOW_POWER_HANDLE?LOW_POWER                   -----    -----      -----    -----      6086H    0005H
  +--> ?PR?LOW_POWER
  +--> ?CO?LOW_POWER
  +--> ?PR?LOW_POWER_IN?LOW_POWER
  +--> ?PR?LOW_POWER_OUT?LOW_POWER
BL51 BANKED LINKER/LOCATER V6.22.4.0                                                  07/09/2026  14:58:33  PAGE 8


  +--> ?PR?UART0_INIT?UART0
  +--> ?PR?PRINTF?PRINTF
  +--> ?PR?ADC_PIN_INIT?ADC
  +--> ?PR?ADC_INIT_WHEN_LOW_PWR_OUT?ADC
  +--> ?PR?_ADC_CHANNEL_SEL?ADC
  +--> ?PR?_DELAY_MS?SYSTEM
  +--> ?PR?ADC_GET_VAL_ONCE?ADC
  +--> ?PR?_GET_BATTERY_VOLTAGE_BY_ADC?BAT_SCAN
  +--> ?PR?_GET_BATTERY_PERCENTAGE_BY_VOLTAG...
  +--> ?PR?_BAT_VOL_HISTORY_BUFF_INIT?BAT_SCAN
  +--> ?PR?USER_INIT?MAIN

?PR?LOW_POWER_IN?LOW_POWER                       -----    -----      -----    -----      -----    -----
  +--> ?PR?_DELAY_MS?SYSTEM

?PR?ADC_GET_VAL_ONCE?ADC                         -----    -----      -----    -----      -----    -----
  +--> ?PR?ADC

?PR?ADC                                          -----    -----      -----    -----      -----    -----
  +--> ?PR?_ADC_CHANNEL_SEL?ADC

?PR?_BAT_VOL_HISTORY_BUFF_INIT?BAT_SCAN          -----    -----      -----    -----      -----    -----
  +--> ?PR?BAT_SCAN

?C_INITSEG                                       -----    -----      -----    -----      -----    -----
  +--> ?PR?AD_KEY_GET_KEY_VAL?AD_KEY

?PR?AD_KEY_GET_KEY_VAL?AD_KEY                    -----    -----      -----    -----      6086H    0001H
  +--> ?PR?_ADC_GET_UPDATE_FLAG?ADC
  +--> ?PR?_ADC_CLEAR_UPDATE_FLAG?ADC
  +--> ?PR?_ADC_GET_VAL?ADC
  +--> ?PR?_AD_KEY_VAL_TO_AD_KEY_INDEX?AD_KEY

?PR?_AD_KEY_VAL_TO_AD_KEY_INDEX?AD_KEY           -----    -----      -----    -----      6087H    0002H

*** NEW ROOT ***************************************************

?PR?ADC_IRQHANDLER?ADC                           -----    -----      -----    -----      60B3H    0002H
  +--> ?PR?ADC
  +--> ?PR?_ADC_UPDATE_VAL?ADC
  +--> ?PR?BATTERY_VOLTAGE_UPDATE_BY_ISR?BAT...

?PR?BATTERY_VOLTAGE_UPDATE_BY_ISR?BAT...         -----    -----      -----    -----      60B5H    0004H
  +--> ?PR?_ADC_GET_UPDATE_FLAG?ADC
  +--> ?PR?_ADC_CLEAR_UPDATE_FLAG?ADC
  +--> ?PR?_ADC_GET_VAL?ADC
  +--> ?PR?_GET_BATTERY_VOLTAGE_BY_ADC?BAT_SCAN
  +--> ?PR?BAT_SCAN
  +--> ?PR?_BAT_VOL_HISTORY_BUFF_INIT?BAT_SCAN
  +--> ?PR?_GET_BATTERY_PERCENTAGE_BY_VOLTAG...
  +--> ?CO?BAT_SCAN
  +--> ?PR?PRINTF?PRINTF

*** NEW ROOT ***************************************************

?PR?TIMR0_IRQHANDLER?TIMER0                      -----    -----      -----    -----      -----    -----
  +--> ?PR?ADC_SCAN?ADC
BL51 BANKED LINKER/LOCATER V6.22.4.0                                                  07/09/2026  14:58:33  PAGE 9


  +--> ?PR?CHARGE_DET_TIME_ADD?CHARGE_DET
  +--> ?PR?UART_RECEIVER_TIMEOUT_ADD?UART_DA...
  +--> ?PR?BAT_VOL_UPDATE_TIMER_CALLBACK?BAT...
  +--> ?PR?BAT_VOL_BUFF_ADD_TIMER_CALLBACK?B...
  +--> ?PR?BAT_VOL_BUFF_GET_AVG_TIMER_CALLBA...
  +--> ?PR?LED_SLOW_ADJUST_ISR?LED
  +--> ?PR?LED_RED_BLUE_FLASH_1MS_ISR?LED
  +--> ?PR?LED_BAT_INSTRUCTION_TIMER_CALLBAC...
  +--> ?PR?LOW_POWER_ENTER_TIMER_CALLBACK?LO...
  +--> ?PR?SEND_LOW_BAT_TIMER_CALLBACK?BATTE...
  +--> ?PR?BAT_PERCENT_UPDATE_TIME_ADD?BAT_SCAN
  +--> ?PR?DEBUG_TIME_ADD?USER_TEST

?PR?ADC_SCAN?ADC                                 -----    -----      -----    -----      -----    -----
  +--> ?PR?ADC

?PR?BAT_VOL_BUFF_ADD_TIMER_CALLBACK?B...         -----    -----      -----    -----      -----    -----
  +--> ?PR?BAT_SCAN

?PR?BAT_VOL_BUFF_GET_AVG_TIMER_CALLBA...         -----    -----      -----    -----      -----    -----
  +--> ?PR?BAT_SCAN

?PR?LED_SLOW_ADJUST_ISR?LED                      -----    -----      -----    -----      -----    -----
  +--> ?PR?LED
  +--> ?PR?_PWM_SET_CHANNEL_0_DUTY?PWM
  +--> ?PR?_PWM_SET_CHANNEL_1_DUTY?PWM

?PR?LED_RED_BLUE_FLASH_1MS_ISR?LED               -----    -----      -----    -----      60E1H    0002H
  +--> ?PR?LED

?PR?LED_BAT_INSTRUCTION_TIMER_CALLBAC...         -----    -----      -----    -----      -----    -----
  +--> ?PR?LED

?PR?LOW_POWER_ENTER_TIMER_CALLBACK?LO...         -----    -----      -----    -----      -----    -----
  +--> ?PR?IS_LOW_POWER_CONDITION_ESTABLISH?...
  +--> ?PR?LOW_POWER

?PR?SEND_LOW_BAT_TIMER_CALLBACK?BATTE...         -----    -----      -----    -----      -----    -----
  +--> ?PR?BATTERY_MONITOR

*** NEW ROOT ***************************************************

?PR?TIMR1_IRQHANDLER?TIMER1                      -----    -----      -----    -----      -----    -----
  +--> ?PR?DETECT_1KHZ_SIGNAL_100US?CHARGE_DET
  +--> ?PR?DETECT_DISCHARGE_1KHZ_SIGNAL_100U...

?PR?DETECT_1KHZ_SIGNAL_100US?CHARGE_DET          -----    -----      -----    -----      60E3H    0001H
  +--> ?PR?CHARGE_DET

?PR?DETECT_DISCHARGE_1KHZ_SIGNAL_100U...         -----    -----      -----    -----      60E3H    0001H
  +--> ?PR?CHARGE_DET

*** NEW ROOT ***************************************************

?PR?UART0_IRQHANDLER?UART0                       -----    -----      -----    -----      60E4H    0001H
  +--> ?PR?_UART0_RXBUFFER_PUT_BYTE?UART0

BL51 BANKED LINKER/LOCATER V6.22.4.0                                                  07/09/2026  14:58:33  PAGE 10


?PR?_UART0_RXBUFFER_PUT_BYTE?UART0               -----    -----      -----    -----      -----    -----
  +--> ?PR?UART0



SYMBOL TABLE OF MODULE:  .\Release\Objects\Demo (?C_STARTUP)

  VALUE           TYPE          NAME
  ----------------------------------

  -------         MODULE        ?C_STARTUP
  C:1D9CH         SEGMENT       ?C_C51STARTUP
  I:0023H         SEGMENT       ?STACK
  C:0000H         PUBLIC        ?C_STARTUP
  D:00E0H         SYMBOL        ACC
  D:00F0H         SYMBOL        B
  D:0083H         SYMBOL        DPH
  D:0082H         SYMBOL        DPL
  N:0000H         SYMBOL        IBPSTACK
  N:0100H         SYMBOL        IBPSTACKTOP
  N:0080H         SYMBOL        IDATALEN
  C:1D9FH         SYMBOL        IDATALOOP
  N:0000H         SYMBOL        PBPSTACK
  N:0100H         SYMBOL        PBPSTACKTOP
  N:0000H         SYMBOL        PDATALEN
  N:0000H         SYMBOL        PDATASTART
  N:0000H         SYMBOL        PPAGE
  N:0000H         SYMBOL        PPAGEENABLE
  D:00A0H         SYMBOL        PPAGE_SFR
  D:0081H         SYMBOL        SP
  C:1D9CH         SYMBOL        STARTUP1
  N:0000H         SYMBOL        XBPSTACK
  N:0000H         SYMBOL        XBPSTACKTOP
  N:0000H         SYMBOL        XDATALEN
  N:0000H         SYMBOL        XDATASTART
  C:0000H         LINE#         126
  C:1D9CH         LINE#         133
  C:1D9EH         LINE#         134
  C:1D9FH         LINE#         135
  C:1DA0H         LINE#         136
  C:1DA2H         LINE#         185
  C:1DA5H         LINE#         196
  -------         ENDMOD        ?C_STARTUP

  -------         MODULE        SYSTEM
  C:0000H         SYMBOL        _ICE_DUMMY_
  D:00A7H         PUBLIC        FLASH_TIMEREG0
  D:00ACH         PUBLIC        FLASH_TIMEREG1
  C:2BD2H         PUBLIC        _delay
  C:2A72H         PUBLIC        _delay_ms
  C:18DAH         PUBLIC        system_init
  -------         PROC          _DELAY
  D:0006H         SYMBOL        cnt
  C:2BD2H         LINE#         37
  C:2BD2H         LINE#         38
  C:2BD2H         LINE#         39
  C:2BDCH         LINE#         40
BL51 BANKED LINKER/LOCATER V6.22.4.0                                                  07/09/2026  14:58:33  PAGE 11


  C:2BDCH         LINE#         41
  C:2BDCH         LINE#         42
  -------         ENDPROC       _DELAY
  -------         PROC          _DELAY_MS
  D:0002H         SYMBOL        ms
  C:2A72H         LINE#         49
  C:2A76H         LINE#         50
  C:2A76H         LINE#         51
  C:2A80H         LINE#         52
  C:2A80H         LINE#         53
  C:2A87H         LINE#         54
  C:2A89H         LINE#         55
  -------         ENDPROC       _DELAY_MS
  -------         PROC          SYSTEM_INIT
  -------         DO            
  D:0007H         SYMBOL        i
  -------         ENDDO         
  C:18DAH         LINE#         62
  C:18DAH         LINE#         63
  C:18DAH         LINE#         66
  C:18E1H         LINE#         67
  C:18EEH         LINE#         68
  C:18F1H         LINE#         69
  C:18F4H         LINE#         70
  C:18FAH         LINE#         71
  C:1900H         LINE#         72
  C:1906H         LINE#         76
  C:1908H         LINE#         77
  C:1908H         LINE#         78
  C:1915H         LINE#         79
  C:191AH         LINE#         81
  C:19A8H         LINE#         82
  -------         ENDPROC       SYSTEM_INIT
  -------         ENDMOD        SYSTEM

  -------         MODULE        ADC
  C:0000H         SYMBOL        _ICE_DUMMY_
  D:00A8H         PUBLIC        IE0
  D:00A9H         PUBLIC        IE1
  D:00AAH         PUBLIC        IE2
  D:00ABH         PUBLIC        IE3
  B:00A8H.7       PUBLIC        IE_EA
  D:00B8H         PUBLIC        IP0
  D:00B1H         PUBLIC        IP1
  D:00B2H         PUBLIC        IP2
  D:00B3H         PUBLIC        IP3
  D:00B4H         PUBLIC        IP4
  D:00B5H         PUBLIC        IP5
  D:00B6H         PUBLIC        IP6
  D:00B7H         PUBLIC        IP7
  D:0093H         PUBLIC        ADC_DATAH0
  D:0094H         PUBLIC        ADC_DATAL0
  D:0099H         PUBLIC        ADC_CHS0
  X:619EH         PUBLIC        cur_adc_status
  C:2B5BH         PUBLIC        adc_pin_init
  C:2949H         PUBLIC        adc_init
  C:2110H         PUBLIC        adc_scan
BL51 BANKED LINKER/LOCATER V6.22.4.0                                                  07/09/2026  14:58:33  PAGE 12


  C:2B25H         PUBLIC        adc_init_when_low_pwr_out
  C:255AH         PUBLIC        _adc_update_val
  C:2785H         PUBLIC        _adc_get_val
  C:28DDH         PUBLIC        _adc_get_update_flag
  C:0024H         PUBLIC        _adc_clear_update_flag
  C:231FH         PUBLIC        _adc_channel_sel
  C:2AA2H         PUBLIC        adc_get_val_once
  X:619FH         SYMBOL        adc_adkey_val
  B:0022H.2       SYMBOL        flag_is_adkey_val_update
  X:61A1H         SYMBOL        adc_bat_det_val
  B:0022H.3       SYMBOL        flag_is_adc_bat_det_val_update
  X:61A3H         SYMBOL        adc_solar_det_val
  B:0022H.4       SYMBOL        flag_is_adc_solar_det_val_update
  X:61A5H         SYMBOL        adc_type_c_det_val
  B:0022H.5       SYMBOL        flag_is_adc_type_c_det_val_update
  C:1EB3H         PUBLIC        ADC_IRQHandler
  C:27B3H         SYMBOL        Com0067
  C:27B3H         SYMBOL        L?0104
  C:27B3H         SYMBOL        L?0105
  C:27BDH         SYMBOL        L?0106
  C:27BDH         SYMBOL        L?0107
  C:27C6H         SYMBOL        L?0108
  C:27C6H         SYMBOL        L?0109
  C:27CDH         SYMBOL        L?0110
  C:27D7H         SYMBOL        L?0111
  -------         PROC          COM0067
  -------         ENDPROC       COM0067
  -------         PROC          ADC_PIN_INIT
  C:2B5BH         LINE#         26
  C:2B5BH         LINE#         27
  C:2B5BH         LINE#         29
  C:2B61H         LINE#         32
  C:2B67H         LINE#         35
  C:2B6BH         LINE#         36
  -------         ENDPROC       ADC_PIN_INIT
  -------         PROC          ADC_INIT
  C:2949H         LINE#         38
  C:2949H         LINE#         39
  C:2949H         LINE#         40
  C:294EH         LINE#         42
  C:2954H         LINE#         46
  C:2957H         LINE#         47
  C:2959H         LINE#         49
  C:295FH         LINE#         51
  C:2964H         LINE#         54
  -------         ENDPROC       ADC_INIT
  -------         PROC          _ADC_UPDATE_VAL
  D:0007H         SYMBOL        adc_channel
  D:0004H         SYMBOL        adc_val
  C:255AH         LINE#         63
  C:255AH         LINE#         64
  C:255AH         LINE#         65
  C:2569H         LINE#         66
  C:2569H         LINE#         67
  C:2569H         LINE#         68
  C:2571H         LINE#         69
  C:2573H         LINE#         70
BL51 BANKED LINKER/LOCATER V6.22.4.0                                                  07/09/2026  14:58:33  PAGE 13


  C:2574H         LINE#         71
  C:2574H         LINE#         72
  C:257CH         LINE#         73
  C:257EH         LINE#         74
  C:257FH         LINE#         75
  C:257FH         LINE#         76
  C:2587H         LINE#         77
  C:2589H         LINE#         78
  C:258AH         LINE#         79
  C:258AH         LINE#         80
  C:2594H         LINE#         81
  C:2596H         LINE#         82
  C:2596H         LINE#         83
  C:2596H         LINE#         84
  -------         ENDPROC       _ADC_UPDATE_VAL
  -------         PROC          _ADC_GET_VAL
  D:0007H         SYMBOL        adc_channel
  -------         DO            
  D:0004H         SYMBOL        ret
  -------         ENDDO         
  C:2785H         LINE#         86
  C:2785H         LINE#         87
  C:2785H         LINE#         88
  C:2788H         LINE#         89
  C:2797H         LINE#         90
  C:2797H         LINE#         91
  C:2797H         LINE#         92
  C:279AH         LINE#         93
  C:279CH         LINE#         94
  C:279CH         LINE#         95
  C:279FH         LINE#         96
  C:27A1H         LINE#         97
  C:27A1H         LINE#         98
  C:27A4H         LINE#         99
  C:27A6H         LINE#         100
  C:27A6H         LINE#         101
  C:27AEH         LINE#         102
  C:27AEH         LINE#         104
  C:27AEH         LINE#         105
  C:27AEH         LINE#         106
  C:27AEH         LINE#         108
  C:27B2H         LINE#         109
  -------         ENDPROC       _ADC_GET_VAL
  -------         PROC          _ADC_GET_UPDATE_FLAG
  D:0007H         SYMBOL        adc_channel
  -------         DO            
  D:0006H         SYMBOL        ret
  -------         ENDDO         
  C:28DDH         LINE#         112
  C:28DDH         LINE#         113
  C:28DDH         LINE#         114
  C:28DFH         LINE#         115
  C:28EEH         LINE#         116
  C:28EEH         LINE#         117
  C:28EEH         LINE#         118
  C:28F0H         LINE#         119
  C:28F2H         LINE#         120
BL51 BANKED LINKER/LOCATER V6.22.4.0                                                  07/09/2026  14:58:33  PAGE 14


  C:28F2H         LINE#         121
  C:28F4H         LINE#         122
  C:28F6H         LINE#         123
  C:28F6H         LINE#         124
  C:28F8H         LINE#         125
  C:28FAH         LINE#         126
  C:28FAH         LINE#         127
  C:28FFH         LINE#         128
  C:28FFH         LINE#         130
  C:28FFH         LINE#         131
  C:28FFH         LINE#         132
  C:28FFH         LINE#         134
  C:2901H         LINE#         135
  -------         ENDPROC       _ADC_GET_UPDATE_FLAG
  -------         PROC          _ADC_CLEAR_UPDATE_FLAG
  D:0007H         SYMBOL        adc_channel
  C:0024H         LINE#         138
  C:0024H         LINE#         139
  C:0024H         LINE#         140
  C:0033H         LINE#         141
  C:0033H         LINE#         142
  C:0033H         LINE#         143
  C:0035H         LINE#         144
  C:0036H         LINE#         145
  C:0036H         LINE#         146
  C:0038H         LINE#         147
  C:0039H         LINE#         148
  C:0039H         LINE#         149
  C:003BH         LINE#         150
  C:003CH         LINE#         151
  C:003CH         LINE#         152
  C:003EH         LINE#         153
  C:003EH         LINE#         155
  C:003EH         LINE#         156
  C:003EH         LINE#         157
  C:003EH         LINE#         158
  -------         ENDPROC       _ADC_CLEAR_UPDATE_FLAG
  -------         PROC          _ADC_CHANNEL_SEL
  D:0007H         SYMBOL        adc_channel
  C:231FH         LINE#         160
  C:231FH         LINE#         161
  C:231FH         LINE#         162
  C:2326H         LINE#         166
  C:2335H         LINE#         167
  C:2335H         LINE#         168
  C:2335H         LINE#         170
  C:233CH         LINE#         172
  C:233FH         LINE#         173
  C:2341H         LINE#         174
  C:2341H         LINE#         175
  C:2348H         LINE#         178
  C:234BH         LINE#         180
  C:234DH         LINE#         181
  C:234DH         LINE#         185
  C:2354H         LINE#         188
  C:2357H         LINE#         189
  C:2359H         LINE#         191
BL51 BANKED LINKER/LOCATER V6.22.4.0                                                  07/09/2026  14:58:33  PAGE 15


  C:2359H         LINE#         192
  C:2360H         LINE#         195
  C:2363H         LINE#         196
  C:2363H         LINE#         198
  C:2363H         LINE#         199
  C:2363H         LINE#         200
  C:2363H         LINE#         202
  C:2369H         LINE#         204
  -------         ENDPROC       _ADC_CHANNEL_SEL
  -------         PROC          ADC_INIT_WHEN_LOW_PWR_OUT
  C:2B25H         LINE#         207
  C:2B25H         LINE#         208
  C:2B25H         LINE#         209
  C:2B2BH         LINE#         212
  C:2B31H         LINE#         213
  C:2B36H         LINE#         215
  -------         ENDPROC       ADC_INIT_WHEN_LOW_PWR_OUT
  -------         PROC          ADC_GET_VAL_ONCE
  C:2AA2H         LINE#         218
  C:2AA2H         LINE#         219
  C:2AA2H         LINE#         220
  C:2AA8H         LINE#         221
  C:2AAEH         LINE#         223
  C:2AB0H         LINE#         224
  C:2AB8H         LINE#         225
  -------         ENDPROC       ADC_GET_VAL_ONCE
  -------         PROC          ADC_SCAN
  C:2110H         LINE#         228
  C:2110H         LINE#         229
  C:2110H         LINE#         231
  C:2136H         LINE#         232
  C:2136H         LINE#         233
  C:2136H         LINE#         235
  C:2136H         LINE#         236
  C:2138H         LINE#         237
  C:213EH         LINE#         238
  C:213FH         LINE#         239
  C:213FH         LINE#         241
  C:213FH         LINE#         242
  C:2145H         LINE#         243
  C:2146H         LINE#         244
  C:2146H         LINE#         245
  C:2148H         LINE#         246
  C:214EH         LINE#         247
  C:214FH         LINE#         248
  C:214FH         LINE#         253
  C:214FH         LINE#         254
  C:2155H         LINE#         255
  C:2156H         LINE#         256
  C:2156H         LINE#         257
  C:2158H         LINE#         258
  C:215EH         LINE#         259
  C:215FH         LINE#         260
  C:215FH         LINE#         261
  C:215FH         LINE#         262
  C:2165H         LINE#         263
  C:2166H         LINE#         264
BL51 BANKED LINKER/LOCATER V6.22.4.0                                                  07/09/2026  14:58:33  PAGE 16


  C:2166H         LINE#         265
  C:2168H         LINE#         266
  C:216EH         LINE#         267
  C:216FH         LINE#         268
  C:216FH         LINE#         269
  C:216FH         LINE#         270
  C:2175H         LINE#         271
  C:2175H         LINE#         273
  C:2175H         LINE#         274
  C:2175H         LINE#         275
  C:2175H         LINE#         276
  -------         ENDPROC       ADC_SCAN
  -------         PROC          ADC_IRQHANDLER
  -------         DO            
  X:60B3H         SYMBOL        adc_val
  -------         ENDDO         
  C:1EB3H         LINE#         278
  C:1ED0H         LINE#         283
  C:1ED0H         LINE#         287
  C:1ED6H         LINE#         288
  C:1ED6H         LINE#         289
  C:1ED9H         LINE#         290
  C:1EE8H         LINE#         292
  C:1EFCH         LINE#         293
  C:1EFCH         LINE#         294
  C:1EFCH         LINE#         295
  C:1F01H         LINE#         296
  C:1F03H         LINE#         297
  C:1F03H         LINE#         298
  C:1F0BH         LINE#         303
  C:1F0EH         LINE#         304
  C:1F10H         LINE#         305
  C:1F10H         LINE#         306
  C:1F15H         LINE#         307
  C:1F17H         LINE#         308
  C:1F17H         LINE#         309
  C:1F1FH         LINE#         310
  C:1F1FH         LINE#         312
  C:1F1FH         LINE#         313
  C:1F1FH         LINE#         314
  C:1F1FH         LINE#         315
  C:1F1FH         LINE#         318
  C:1F1FH         LINE#         319
  -------         ENDPROC       ADC_IRQHANDLER
  -------         ENDMOD        ADC

  -------         MODULE        PWM
  C:0000H         SYMBOL        _ICE_DUMMY_
  B:00A0H.7       PUBLIC        P27
  B:00B0H.0       PUBLIC        P30
  C:1E28H         PUBLIC        pwm_init
  C:2BF1H         PUBLIC        _pwm_set_channel_0_duty
  C:2BFAH         PUBLIC        _pwm_set_channel_1_duty
  C:2AD0H         SYMBOL        Com0004
  C:2AD0H         SYMBOL        L?0005
  C:2ADBH         SYMBOL        L?0006
  -------         PROC          COM0004
BL51 BANKED LINKER/LOCATER V6.22.4.0                                                  07/09/2026  14:58:33  PAGE 17


  -------         ENDPROC       COM0004
  -------         PROC          PWM_INIT
  C:1E28H         LINE#         3
  C:1E28H         LINE#         4
  C:1E28H         LINE#         6
  C:1E2EH         LINE#         7
  C:1E32H         LINE#         9
  C:1E34H         LINE#         10
  C:1E39H         LINE#         13
  C:1E3FH         LINE#         14
  C:1E43H         LINE#         16
  C:1E45H         LINE#         17
  C:1E4AH         LINE#         21
  C:1E50H         LINE#         22
  C:1E55H         LINE#         23
  C:1E5AH         LINE#         24
  C:1E5EH         LINE#         25
  C:1E60H         LINE#         26
  C:1E60H         LINE#         27
  C:1E60H         LINE#         29
  C:1E66H         LINE#         30
  C:1E6CH         LINE#         31
  C:1E72H         LINE#         32
  C:1E78H         LINE#         33
  C:1E7EH         LINE#         37
  C:1E84H         LINE#         38
  C:1E89H         LINE#         39
  C:1E8EH         LINE#         40
  C:1E92H         LINE#         41
  C:1E94H         LINE#         42
  C:1E94H         LINE#         43
  C:1E94H         LINE#         45
  C:1E9AH         LINE#         46
  C:1EA0H         LINE#         47
  C:1EA6H         LINE#         48
  C:1EACH         LINE#         49
  C:1EB2H         LINE#         50
  -------         ENDPROC       PWM_INIT
  -------         PROC          _PWM_SET_CHANNEL_0_DUTY
  D:0004H         SYMBOL        channel_duty
  C:2BF1H         LINE#         53
  C:2BF1H         LINE#         54
  C:2BF1H         LINE#         55
  C:2BF3H         LINE#         56
  C:2BF3H         LINE#         57
  C:2BF9H         LINE#         58
  -------         ENDPROC       _PWM_SET_CHANNEL_0_DUTY
  -------         PROC          _PWM_SET_CHANNEL_1_DUTY
  D:0004H         SYMBOL        channel_duty
  C:2BFAH         LINE#         61
  C:2BFAH         LINE#         62
  C:2BFAH         LINE#         63
  C:2BFCH         LINE#         64
  C:2BFCH         LINE#         65
  C:2C02H         LINE#         66
  -------         ENDPROC       _PWM_SET_CHANNEL_1_DUTY
  -------         ENDMOD        PWM
BL51 BANKED LINKER/LOCATER V6.22.4.0                                                  07/09/2026  14:58:33  PAGE 18



  -------         MODULE        TIMER0
  C:0000H         SYMBOL        _ICE_DUMMY_
  D:00A8H         PUBLIC        IE0
  D:00A9H         PUBLIC        IE1
  D:00AAH         PUBLIC        IE2
  D:00ABH         PUBLIC        IE3
  B:00A8H.7       PUBLIC        IE_EA
  D:00B8H         PUBLIC        IP0
  D:00B1H         PUBLIC        IP1
  D:00B2H         PUBLIC        IP2
  D:00B3H         PUBLIC        IP3
  D:00B4H         PUBLIC        IP4
  D:00B5H         PUBLIC        IP5
  D:00B6H         PUBLIC        IP6
  D:00B7H         PUBLIC        IP7
  D:00D1H         PUBLIC        TMR_ALLCON
  C:2A09H         PUBLIC        timer0_init
  C:20A1H         PUBLIC        TIMR0_IRQHandler
  -------         PROC          TIMER0_INIT
  C:2A09H         LINE#         11
  C:2A09H         LINE#         12
  C:2A09H         LINE#         13
  C:2A0CH         LINE#         14
  C:2A0EH         LINE#         16
  C:2A11H         LINE#         17
  C:2A16H         LINE#         18
  C:2A1AH         LINE#         19
  C:2A1FH         LINE#         20
  C:2A23H         LINE#         21
  -------         ENDPROC       TIMER0_INIT
  -------         PROC          TIMR0_IRQHANDLER
  C:20A1H         LINE#         25
  C:20BEH         LINE#         28
  C:20BEH         LINE#         33
  C:20C4H         LINE#         34
  C:20C4H         LINE#         35
  C:20C8H         LINE#         41
  C:20CEH         LINE#         42
  C:20D1H         LINE#         44
  C:20D4H         LINE#         45
  C:20D7H         LINE#         47
  C:20DAH         LINE#         48
  C:20DDH         LINE#         49
  C:20E0H         LINE#         51
  C:20E3H         LINE#         52
  C:20E6H         LINE#         53
  C:20E9H         LINE#         55
  C:20ECH         LINE#         56
  C:20EFH         LINE#         58
  C:20F2H         LINE#         61
  C:20F5H         LINE#         64
  C:20F5H         LINE#         67
  C:20F5H         LINE#         68
  -------         ENDPROC       TIMR0_IRQHANDLER
  -------         ENDMOD        TIMER0

BL51 BANKED LINKER/LOCATER V6.22.4.0                                                  07/09/2026  14:58:33  PAGE 19


  -------         MODULE        TIMER1
  C:0000H         SYMBOL        _ICE_DUMMY_
  D:00A8H         PUBLIC        IE0
  D:00A9H         PUBLIC        IE1
  D:00AAH         PUBLIC        IE2
  D:00ABH         PUBLIC        IE3
  B:00A8H.7       PUBLIC        IE_EA
  D:00B8H         PUBLIC        IP0
  D:00B1H         PUBLIC        IP1
  D:00B2H         PUBLIC        IP2
  D:00B3H         PUBLIC        IP3
  D:00B4H         PUBLIC        IP4
  D:00B5H         PUBLIC        IP5
  D:00B6H         PUBLIC        IP6
  D:00B7H         PUBLIC        IP7
  D:00D1H         PUBLIC        TMR_ALLCON
  C:2A24H         PUBLIC        timer1_init
  C:23FEH         PUBLIC        TIMR1_IRQHandler
  -------         PROC          TIMER1_INIT
  C:2A24H         LINE#         9
  C:2A24H         LINE#         10
  C:2A24H         LINE#         12
  C:2A27H         LINE#         13
  C:2A29H         LINE#         15
  C:2A2CH         LINE#         16
  C:2A31H         LINE#         17
  C:2A35H         LINE#         18
  C:2A3AH         LINE#         19
  C:2A3EH         LINE#         23
  -------         ENDPROC       TIMER1_INIT
  -------         PROC          TIMR1_IRQHANDLER
  C:23FEH         LINE#         27
  C:241BH         LINE#         30
  C:241BH         LINE#         34
  C:2421H         LINE#         35
  C:2421H         LINE#         36
  C:2425H         LINE#         39
  C:2428H         LINE#         40
  C:242BH         LINE#         41
  C:242BH         LINE#         44
  C:242BH         LINE#         45
  -------         ENDPROC       TIMR1_IRQHANDLER
  -------         ENDMOD        TIMER1

  -------         MODULE        UART0
  C:0000H         SYMBOL        _ICE_DUMMY_
  D:00A8H         PUBLIC        IE0
  D:00A9H         PUBLIC        IE1
  D:00AAH         PUBLIC        IE2
  D:00ABH         PUBLIC        IE3
  B:00A8H.7       PUBLIC        IE_EA
  D:00B8H         PUBLIC        IP0
  D:00B1H         PUBLIC        IP1
  D:00B2H         PUBLIC        IP2
  D:00B3H         PUBLIC        IP3
  D:00B4H         PUBLIC        IP4
  D:00B5H         PUBLIC        IP5
BL51 BANKED LINKER/LOCATER V6.22.4.0                                                  07/09/2026  14:58:33  PAGE 20


  D:00B6H         PUBLIC        IP6
  D:00B7H         PUBLIC        IP7
  D:00D2H         PUBLIC        UART0_CON0
  D:00D4H         PUBLIC        UART0_STA
  D:00D5H         PUBLIC        UART0_BAUD0
  D:00D6H         PUBLIC        UART0_BAUD1
  D:00D7H         PUBLIC        UART0_DATA
  C:25D2H         PUBLIC        uart0_init
  C:2C14H         PUBLIC        _uart0_sendbyte
  C:2926H         PUBLIC        _uart0_sendbuf
  C:2C03H         PUBLIC        uart0_rxbuffer_get_count
  C:2518H         PUBLIC        uart0_rxbuffer_get_byte
  C:2C0CH         PUBLIC        _putchar
  X:6000H         PUBLIC        uart0_rx_buffer
  C:2446H         SYMBOL        _uart0_rxbuffer_put_byte
  C:26EBH         PUBLIC        UART0_IRQHandler
  C:2C34H         SYMBOL        Com004A
  C:2C34H         SYMBOL        L?0075
  C:2C34H         SYMBOL        L?0076
  -------         PROC          COM004A
  -------         ENDPROC       COM004A
  -------         PROC          _PUTCHAR
  D:0007H         SYMBOL        c
  C:2C0CH         LINE#         8
  C:2C0CH         LINE#         9
  C:2C0CH         LINE#         10
  C:2C11H         LINE#         12
  C:2C13H         LINE#         13
  C:2C13H         LINE#         14
  -------         ENDPROC       _PUTCHAR
  -------         PROC          UART0_INIT
  C:25D2H         LINE#         17
  C:25D2H         LINE#         18
  C:25D2H         LINE#         19
  C:25D8H         LINE#         20
  C:25DCH         LINE#         21
  C:25E3H         LINE#         23
  C:25E9H         LINE#         24
  C:25EFH         LINE#         25
  C:25F5H         LINE#         27
  C:25F8H         LINE#         28
  C:25FBH         LINE#         29
  C:25FEH         LINE#         33
  C:2606H         LINE#         34
  C:2609H         LINE#         35
  C:260BH         LINE#         36
  -------         ENDPROC       UART0_INIT
  -------         PROC          _UART0_SENDBYTE
  D:0007H         SYMBOL        byte
  C:2C14H         LINE#         39
  C:2C14H         LINE#         40
  C:2C14H         LINE#         41
  C:2C19H         LINE#         44
  C:2C1BH         LINE#         48
  -------         ENDPROC       _UART0_SENDBYTE
  -------         PROC          _UART0_SENDBUF
  X:6090H         SYMBOL        buf
BL51 BANKED LINKER/LOCATER V6.22.4.0                                                  07/09/2026  14:58:33  PAGE 21


  D:0005H         SYMBOL        len
  -------         DO            
  D:0006H         SYMBOL        i
  -------         ENDDO         
  C:2926H         LINE#         50
  C:292CH         LINE#         51
  C:292CH         LINE#         52
  C:292EH         LINE#         53
  C:2933H         LINE#         54
  C:2933H         LINE#         55
  C:2945H         LINE#         56
  C:2948H         LINE#         57
  -------         ENDPROC       _UART0_SENDBUF
  -------         PROC          UART0_RXBUFFER_GET_COUNT
  C:2C03H         LINE#         60
  C:2C03H         LINE#         61
  C:2C03H         LINE#         62
  C:2C0BH         LINE#         63
  -------         ENDPROC       UART0_RXBUFFER_GET_COUNT
  -------         PROC          UART0_RXBUFFER_GET_BYTE
  -------         DO            
  D:0007H         SYMBOL        rxbyte
  -------         ENDDO         
  C:2518H         LINE#         66
  C:2518H         LINE#         67
  C:2518H         LINE#         70
  C:2522H         LINE#         71
  C:2522H         LINE#         73
  C:2524H         LINE#         74
  C:2524H         LINE#         80
  C:252AH         LINE#         81
  C:2539H         LINE#         82
  C:2539H         LINE#         83
  C:253DH         LINE#         84
  C:253DH         LINE#         85
  C:254FH         LINE#         87
  C:2559H         LINE#         89
  C:2559H         LINE#         90
  -------         ENDPROC       UART0_RXBUFFER_GET_BYTE
  -------         PROC          _UART0_RXBUFFER_PUT_BYTE
  D:0007H         SYMBOL        byte
  C:2446H         LINE#         92
  C:2446H         LINE#         93
  C:2446H         LINE#         100
  C:244CH         LINE#         101
  C:245BH         LINE#         102
  C:245BH         LINE#         103
  C:245FH         LINE#         104
  C:245FH         LINE#         105
  C:2471H         LINE#         107
  C:2477H         LINE#         108
  C:2486H         LINE#         109
  C:2486H         LINE#         110
  C:248CH         LINE#         111
  C:248CH         LINE#         112
  -------         ENDPROC       _UART0_RXBUFFER_PUT_BYTE
  -------         PROC          UART0_IRQHANDLER
BL51 BANKED LINKER/LOCATER V6.22.4.0                                                  07/09/2026  14:58:33  PAGE 22


  -------         DO            
  X:60E4H         SYMBOL        recv_byte
  -------         ENDDO         
  C:26EBH         LINE#         115
  C:26FEH         LINE#         118
  C:26FEH         LINE#         121
  C:2703H         LINE#         122
  C:2703H         LINE#         123
  C:2709H         LINE#         124
  C:270EH         LINE#         127
  C:270EH         LINE#         129
  C:270EH         LINE#         130
  -------         ENDPROC       UART0_IRQHANDLER
  -------         ENDMOD        UART0

  -------         MODULE        MAIN
  C:0000H         SYMBOL        _ICE_DUMMY_
  D:00D9H         PUBLIC        WDT_KEY
  C:27E1H         PUBLIC        user_init
  C:2235H         PUBLIC        main
  -------         PROC          USER_INIT
  C:27E1H         LINE#         103
  C:27E1H         LINE#         104
  C:27E1H         LINE#         105
  C:27E4H         LINE#         106
  C:27E7H         LINE#         107
  C:27EAH         LINE#         108
  C:27EDH         LINE#         109
  C:27F0H         LINE#         110
  C:27F3H         LINE#         112
  C:27F6H         LINE#         113
  C:27F9H         LINE#         114
  C:27FCH         LINE#         117
  C:27FFH         LINE#         118
  C:2802H         LINE#         121
  C:2805H         LINE#         123
  -------         ENDPROC       USER_INIT
  -------         PROC          MAIN
  C:2235H         LINE#         126
  C:2235H         LINE#         127
  C:2235H         LINE#         129
  C:2238H         LINE#         130
  C:223BH         LINE#         133
  C:223EH         LINE#         134
  C:2245H         LINE#         135
  C:2248H         LINE#         138
  C:224DH         LINE#         139
  C:224FH         LINE#         140
  C:2252H         LINE#         141
  C:2254H         LINE#         142
  C:2257H         LINE#         143
  C:2259H         LINE#         144
  C:225CH         LINE#         145
  C:225EH         LINE#         147
  C:2261H         LINE#         148
  C:2268H         LINE#         150
  C:2268H         LINE#         151
BL51 BANKED LINKER/LOCATER V6.22.4.0                                                  07/09/2026  14:58:33  PAGE 23


  C:2268H         LINE#         152
  C:2271H         LINE#         153
  C:2274H         LINE#         154
  C:2277H         LINE#         155
  C:227AH         LINE#         157
  C:227DH         LINE#         158
  C:2280H         LINE#         160
  C:2283H         LINE#         165
  -------         ENDPROC       MAIN
  -------         ENDMOD        MAIN

  -------         MODULE        UART_DATA_HANDLE
  C:0000H         SYMBOL        _ICE_DUMMY_
  C:2B37H         PUBLIC        uart_receiver_reset
  C:000FH         PUBLIC        uart_receiver_timeout_add
  C:26B5H         PUBLIC        uart_receiver_process_checksum
  C:1BC4H         PUBLIC        _uart_receiver_process_byte
  C:21DCH         PUBLIC        uart_receiver_timeout_handler
  C:1A62H         PUBLIC        uart_data_handle
  C:24D3H         PUBLIC        _uart_data_send_cmd
  X:6172H         SYMBOL        uart_receiver
  C:17F8H         SYMBOL        _?ix1000
  C:267EH         SYMBOL        Com003C
  C:267EH         SYMBOL        L?0061
  C:267EH         SYMBOL        L?0062
  C:2683H         SYMBOL        L?0063
  C:269AH         SYMBOL        L?0064
  C:269FH         SYMBOL        L?0065
  C:26A3H         SYMBOL        L?0066
  C:26AAH         SYMBOL        L?0067
  -------         PROC          COM003C
  -------         ENDPROC       COM003C
  -------         PROC          UART_RECEIVER_RESET
  C:2B37H         LINE#         13
  C:2B37H         LINE#         14
  C:2B37H         LINE#         16
  C:2B3CH         LINE#         17
  C:2B40H         LINE#         18
  C:2B44H         LINE#         19
  C:2B48H         LINE#         20
  -------         ENDPROC       UART_RECEIVER_RESET
  -------         PROC          UART_RECEIVER_TIMEOUT_ADD
  C:000FH         LINE#         26
  C:000FH         LINE#         27
  C:000FH         LINE#         28
  C:0015H         LINE#         29
  C:0015H         LINE#         30
  C:001DH         LINE#         31
  C:001DH         LINE#         32
  -------         ENDPROC       UART_RECEIVER_TIMEOUT_ADD
  -------         PROC          UART_RECEIVER_PROCESS_CHECKSUM
  -------         DO            
  D:0006H         SYMBOL        i
  D:0007H         SYMBOL        check_sum
  -------         ENDDO         
  C:26B5H         LINE#         39
  C:26B5H         LINE#         40
BL51 BANKED LINKER/LOCATER V6.22.4.0                                                  07/09/2026  14:58:33  PAGE 24


  C:26B5H         LINE#         42
  C:26B7H         LINE#         43
  C:26B8H         LINE#         44
  C:26B8H         LINE#         45
  C:26BEH         LINE#         46
  C:26C3H         LINE#         48
  C:26CAH         LINE#         49
  C:26CAH         LINE#         50
  C:26CDH         LINE#         51
  C:26CDH         LINE#         53
  C:26CDH         LINE#         57
  C:26E8H         LINE#         60
  C:26EAH         LINE#         61
  C:26EAH         LINE#         62
  -------         ENDPROC       UART_RECEIVER_PROCESS_CHECKSUM
  -------         PROC          _UART_RECEIVER_PROCESS_BYTE
  X:6088H         SYMBOL        byte
  C:1BC4H         LINE#         71
  C:1BC9H         LINE#         72
  C:1BC9H         LINE#         74
  C:1BECH         LINE#         75
  C:1BECH         LINE#         76
  C:1BECH         LINE#         77
  C:1BF4H         LINE#         78
  C:1BF4H         LINE#         79
  C:1BF4H         LINE#         80
  C:1BF9H         LINE#         81
  C:1BFCH         LINE#         82
  C:1BFCH         LINE#         84
  C:1BFCH         LINE#         85
  C:1BFFH         LINE#         86
  C:1BFFH         LINE#         87
  C:1BFFH         LINE#         89
  C:1BFFH         LINE#         90
  C:1C07H         LINE#         91
  C:1C07H         LINE#         92
  C:1C07H         LINE#         93
  C:1C0CH         LINE#         94
  C:1C0FH         LINE#         95
  C:1C0FH         LINE#         97
  C:1C0FH         LINE#         99
  C:1C12H         LINE#         100
  C:1C12H         LINE#         101
  C:1C12H         LINE#         103
  C:1C12H         LINE#         104
  C:1C19H         LINE#         105
  C:1C19H         LINE#         106
  C:1C19H         LINE#         107
  C:1C1EH         LINE#         108
  C:1C21H         LINE#         109
  C:1C21H         LINE#         111
  C:1C21H         LINE#         112
  C:1C24H         LINE#         113
  C:1C24H         LINE#         114
  C:1C24H         LINE#         116
  C:1C24H         LINE#         118
  C:1C24H         LINE#         119
BL51 BANKED LINKER/LOCATER V6.22.4.0                                                  07/09/2026  14:58:33  PAGE 25


  C:1C29H         LINE#         120
  C:1C2CH         LINE#         121
  C:1C2CH         LINE#         123
  C:1C2CH         LINE#         125
  C:1C2CH         LINE#         126
  C:1C31H         LINE#         127
  C:1C33H         LINE#         128
  C:1C33H         LINE#         130
  C:1C33H         LINE#         131
  C:1C3AH         LINE#         132
  C:1C3AH         LINE#         133
  C:1C3AH         LINE#         134
  C:1C3FH         LINE#         135
  C:1C41H         LINE#         136
  C:1C41H         LINE#         138
  C:1C41H         LINE#         139
  C:1C44H         LINE#         140
  C:1C44H         LINE#         141
  C:1C44H         LINE#         143
  C:1C44H         LINE#         145
  C:1C44H         LINE#         146
  C:1C4AH         LINE#         147
  C:1C50H         LINE#         148
  C:1C50H         LINE#         150
  C:1C53H         LINE#         151
  C:1C53H         LINE#         153
  C:1C53H         LINE#         154
  C:1C56H         LINE#         155
  C:1C56H         LINE#         156
  C:1C56H         LINE#         158
  C:1C56H         LINE#         159
  C:1C5EH         LINE#         160
  C:1C5EH         LINE#         161
  C:1C5EH         LINE#         162
  C:1C64H         LINE#         163
  C:1C67H         LINE#         164
  C:1C67H         LINE#         166
  C:1C67H         LINE#         167
  C:1C6AH         LINE#         168
  C:1C6AH         LINE#         169
  C:1C6AH         LINE#         171
  C:1C6AH         LINE#         172
  C:1C6AH         LINE#         173
  C:1C6AH         LINE#         175
  C:1C6CH         LINE#         176
  -------         ENDPROC       _UART_RECEIVER_PROCESS_BYTE
  -------         PROC          UART_RECEIVER_TIMEOUT_HANDLER
  -------         DO            
  X:6088H         SYMBOL        i
  -------         ENDDO         
  C:21DCH         LINE#         179
  C:21DCH         LINE#         180
  C:21DCH         LINE#         185
  C:21EBH         LINE#         186
  C:21EBH         LINE#         188
  C:21F5H         LINE#         191
  C:21FEH         LINE#         192
BL51 BANKED LINKER/LOCATER V6.22.4.0                                                  07/09/2026  14:58:33  PAGE 26


  C:2211H         LINE#         193
  C:2211H         LINE#         194
  C:2220H         LINE#         195
  C:2228H         LINE#         196
  C:2231H         LINE#         200
  C:2234H         LINE#         201
  C:2234H         LINE#         202
  -------         ENDPROC       UART_RECEIVER_TIMEOUT_HANDLER
  -------         PROC          UART_DATA_HANDLE
  -------         DO            
  X:6086H         SYMBOL        i
  X:6087H         SYMBOL        recv_byte
  X:6171H         SYMBOL        initialized
  -------         ENDDO         
  C:1A62H         LINE#         203
  C:1A62H         LINE#         204
  C:1A62H         LINE#         212
  C:1A68H         LINE#         213
  C:1A68H         LINE#         214
  C:1A6BH         LINE#         215
  C:1A71H         LINE#         216
  C:1A71H         LINE#         221
  C:1A77H         LINE#         222
  C:1A77H         LINE#         223
  C:1A7AH         LINE#         224
  C:1A7AH         LINE#         233
  C:1A7AH         LINE#         234
  C:1A7AH         LINE#         235
  C:1A8EH         LINE#         238
  C:1A8EH         LINE#         252
  C:1A8EH         LINE#         253
  C:1A8EH         LINE#         255
  C:1A96H         LINE#         258
  C:1A9CH         LINE#         259
  C:1AA1H         LINE#         262
  C:1AACH         LINE#         263
  C:1AACH         LINE#         267
  C:1AB2H         LINE#         268
  C:1AB2H         LINE#         269
  C:1ABBH         LINE#         270
  C:1AC5H         LINE#         271
  C:1AC5H         LINE#         276
  C:1AC8H         LINE#         277
  C:1AC8H         LINE#         278
  C:1ACAH         LINE#         308
  C:1AD7H         LINE#         310
  C:1AD7H         LINE#         312
  C:1AD7H         LINE#         332
  C:1AE7H         LINE#         333
  C:1AE7H         LINE#         334
  C:1AE7H         LINE#         336
  C:1AECH         LINE#         337
  C:1AEEH         LINE#         338
  C:1AEEH         LINE#         340
  C:1AF4H         LINE#         341
  C:1AF6H         LINE#         342
  C:1AF6H         LINE#         344
BL51 BANKED LINKER/LOCATER V6.22.4.0                                                  07/09/2026  14:58:33  PAGE 27


  C:1AFFH         LINE#         350
  C:1B02H         LINE#         351
  C:1B04H         LINE#         353
  C:1B04H         LINE#         355
  C:1B13H         LINE#         357
  C:1B13H         LINE#         358
  C:1B13H         LINE#         361
  C:1B16H         LINE#         362
  -------         ENDPROC       UART_DATA_HANDLE
  -------         PROC          _UART_DATA_SEND_CMD
  X:6087H         SYMBOL        cmd
  -------         DO            
  X:6088H         SYMBOL        buf
  -------         ENDDO         
  C:24D3H         LINE#         366
  C:24D8H         LINE#         367
  C:24D8H         LINE#         368
  C:24EBH         LINE#         379
  C:24F4H         LINE#         380
  C:250DH         LINE#         382
  -------         ENDPROC       _UART_DATA_SEND_CMD
  -------         ENDMOD        UART_DATA_HANDLE

  -------         MODULE        KEY_DRIVER
  C:0000H         SYMBOL        _ICE_DUMMY_
  C:0F1BH         PUBLIC        _key_driver_scan
  X:61B4H         SYMBOL        is_key_active
  X:61B5H         PUBLIC        scan_para
  C:298DH         SYMBOL        Com0021
  C:298DH         SYMBOL        L?0034
  C:2990H         SYMBOL        L?0035
  C:2991H         SYMBOL        L?0036
  C:2997H         SYMBOL        L?0037
  C:299AH         SYMBOL        L?0038
  C:299EH         SYMBOL        L?0039
  C:29A4H         SYMBOL        L?0040
  C:29A7H         SYMBOL        L?0041
  -------         PROC          COM0021
  -------         ENDPROC       COM0021
  -------         PROC          _KEY_DRIVER_SCAN
  D:0001H         SYMBOL        _scan_para
  -------         DO            
  X:6086H         SYMBOL        key_event
  D:0007H         SYMBOL        cur_key_value
  X:6087H         SYMBOL        key_value
  C:1083H         SYMBOL        _notify
  C:10A3H         SYMBOL        _scan_end
  -------         ENDDO         
  C:0F1BH         LINE#         17
  C:0F1BH         LINE#         19
  C:0F1BH         LINE#         24
  C:0F20H         LINE#         25
  C:0F22H         LINE#         26
  C:0F26H         LINE#         30
  C:0F2CH         LINE#         33
  C:0F3FH         LINE#         34
  C:0F3FH         LINE#         36
BL51 BANKED LINKER/LOCATER V6.22.4.0                                                  07/09/2026  14:58:33  PAGE 28


  C:0F3FH         LINE#         38
  C:0F49H         LINE#         40
  C:0F52H         LINE#         46
  C:0F56H         LINE#         47
  C:0F56H         LINE#         48
  C:0F5CH         LINE#         49
  C:0F5EH         LINE#         50
  C:0F64H         LINE#         51
  C:0F64H         LINE#         52
  C:0F67H         LINE#         53
  C:0F67H         LINE#         56
  C:0F7BH         LINE#         57
  C:0F7BH         LINE#         59
  C:0F82H         LINE#         60
  C:0F88H         LINE#         62
  C:0F88H         LINE#         65
  C:0F99H         LINE#         66
  C:0F99H         LINE#         67
  C:0FA4H         LINE#         69
  C:0FA4H         LINE#         72
  C:0FB0H         LINE#         73
  C:0FB0H         LINE#         80
  C:0FB4H         LINE#         81
  C:0FB4H         LINE#         82
  C:0FBBH         LINE#         83
  C:0FBBH         LINE#         84
  C:0FBDH         LINE#         85
  C:0FC3H         LINE#         86
  C:0FC5H         LINE#         88
  C:0FC5H         LINE#         91
  C:0FC5H         LINE#         92
  C:0FCDH         LINE#         93
  C:0FCDH         LINE#         94
  C:0FD0H         LINE#         96
  C:0FD0H         LINE#         101
  C:0FD8H         LINE#         102
  C:0FE4H         LINE#         103
  C:0FE4H         LINE#         104
  C:0FE9H         LINE#         105
  C:0FEDH         LINE#         106
  C:0FF0H         LINE#         108
  C:0FF0H         LINE#         109
  C:0FF6H         LINE#         110
  C:0FF6H         LINE#         111
  C:0FF6H         LINE#         113
  C:0FF8H         LINE#         118
  C:0FF8H         LINE#         120
  C:0FF8H         LINE#         125
  C:0FFCH         LINE#         126
  C:0FFCH         LINE#         128
  C:100DH         LINE#         129
  C:100DH         LINE#         133
  C:101EH         LINE#         134
  C:101EH         LINE#         154
  C:101EH         LINE#         155
  C:1020H         LINE#         157
  C:1020H         LINE#         158
BL51 BANKED LINKER/LOCATER V6.22.4.0                                                  07/09/2026  14:58:33  PAGE 29


  C:102DH         LINE#         160
  C:102FH         LINE#         162
  C:102FH         LINE#         164
  C:102FH         LINE#         165
  C:103AH         LINE#         166
  C:103DH         LINE#         168
  C:103DH         LINE#         169
  C:103DH         LINE#         171
  C:103DH         LINE#         172
  C:103DH         LINE#         174
  C:103DH         LINE#         175
  C:103DH         LINE#         177
  C:103DH         LINE#         179
  C:1048H         LINE#         180
  C:1048H         LINE#         181
  C:1050H         LINE#         182
  C:1050H         LINE#         186
  C:1056H         LINE#         187
  C:1056H         LINE#         188
  C:105CH         LINE#         193
  C:105EH         LINE#         194
  C:106AH         LINE#         195
  C:106AH         LINE#         196
  C:106FH         LINE#         197
  C:107EH         LINE#         199
  C:107EH         LINE#         201
  C:107EH         LINE#         202
  C:107EH         LINE#         204
  C:107EH         LINE#         207
  C:1083H         LINE#         208
  C:1083H         LINE#         210
  C:1083H         LINE#         211
  C:1083H         LINE#         213
  C:1083H         LINE#         216
  C:1083H         LINE#         218
  C:1083H         LINE#         219
  C:1087H         LINE#         220
  C:108FH         LINE#         222
  C:1099H         LINE#         223
  C:10A3H         LINE#         226
  C:10A3H         LINE#         235
  C:10A3H         LINE#         237
  C:10A3H         LINE#         238
  C:10ADH         LINE#         241
  -------         ENDPROC       _KEY_DRIVER_SCAN
  -------         ENDMOD        KEY_DRIVER

  -------         MODULE        AD_KEY
  C:0000H         SYMBOL        _ICE_DUMMY_
  X:60E7H         PUBLIC        ad_key_para
  C:1B17H         PUBLIC        ad_key_handle
  X:60FAH         SYMBOL        ad_key_scan_table
  X:610AH         SYMBOL        ad_key_event_table
  C:271FH         PUBLIC        ad_key_get_key_val
  C:22D3H         SYMBOL        _ad_key_val_to_ad_key_index
  C:236AH         SYMBOL        _ad_key_get_event
  C:2B8CH         SYMBOL        Com0036
BL51 BANKED LINKER/LOCATER V6.22.4.0                                                  07/09/2026  14:58:33  PAGE 30


  C:2B8CH         SYMBOL        L?0055
  -------         PROC          COM0036
  -------         ENDPROC       COM0036
  -------         PROC          _AD_KEY_VAL_TO_AD_KEY_INDEX
  D:0006H         SYMBOL        ad_key_val
  -------         DO            
  D:0005H         SYMBOL        i
  X:6087H         SYMBOL        ad_key_index
  -------         ENDDO         
  C:22D3H         LINE#         55
  C:22D3H         LINE#         56
  C:22D3H         LINE#         57
  C:22D5H         LINE#         58
  C:22DDH         LINE#         61
  C:22DDH         LINE#         62
  C:22DDH         LINE#         63
  C:22F5H         LINE#         64
  C:22F5H         LINE#         65
  C:230FH         LINE#         66
  C:2311H         LINE#         67
  C:2311H         LINE#         68
  C:2316H         LINE#         70
  C:231EH         LINE#         71
  -------         ENDPROC       _AD_KEY_VAL_TO_AD_KEY_INDEX
  -------         PROC          _AD_KEY_GET_EVENT
  D:0007H         SYMBOL        key_val
  D:0005H         SYMBOL        key_event
  -------         DO            
  D:0006H         SYMBOL        ret_key_event
  D:0004H         SYMBOL        key_event_index
  D:0003H         SYMBOL        i
  -------         ENDDO         
  C:236AH         LINE#         81
  C:236AH         LINE#         82
  C:236AH         LINE#         83
  C:236CH         LINE#         84
  C:236DH         LINE#         85
  C:236EH         LINE#         88
  C:2372H         LINE#         89
  C:2372H         LINE#         90
  C:2373H         LINE#         91
  C:2375H         LINE#         92
  C:2379H         LINE#         93
  C:2379H         LINE#         94
  C:237BH         LINE#         95
  C:237DH         LINE#         96
  C:2381H         LINE#         97
  C:2381H         LINE#         98
  C:2383H         LINE#         99
  C:2385H         LINE#         100
  C:2389H         LINE#         101
  C:2389H         LINE#         102
  C:238BH         LINE#         103
  C:238DH         LINE#         105
  C:238DH         LINE#         106
  C:2390H         LINE#         107
  C:2390H         LINE#         109
BL51 BANKED LINKER/LOCATER V6.22.4.0                                                  07/09/2026  14:58:33  PAGE 31


  C:2396H         LINE#         110
  C:2396H         LINE#         111
  C:239DH         LINE#         112
  C:239DH         LINE#         113
  C:23ACH         LINE#         114
  C:23AEH         LINE#         115
  C:23AEH         LINE#         116
  C:23B1H         LINE#         118
  C:23B3H         LINE#         119
  -------         ENDPROC       _AD_KEY_GET_EVENT
  -------         PROC          AD_KEY_GET_KEY_VAL
  -------         DO            
  X:60E5H         SYMBOL        val
  X:6086H         SYMBOL        ret
  -------         ENDDO         
  C:271FH         LINE#         132
  C:271FH         LINE#         133
  C:271FH         LINE#         135
  C:2725H         LINE#         138
  C:272DH         LINE#         139
  C:272DH         LINE#         140
  C:2732H         LINE#         141
  C:273FH         LINE#         144
  C:273FH         LINE#         146
  C:274FH         LINE#         147
  C:2751H         LINE#         148
  -------         ENDPROC       AD_KEY_GET_KEY_VAL
  -------         PROC          AD_KEY_HANDLE
  -------         DO            
  X:6086H         SYMBOL        ad_key_event
  -------         ENDDO         
  C:1B17H         LINE#         150
  C:1B17H         LINE#         151
  C:1B17H         LINE#         152
  C:1B1CH         LINE#         154
  C:1B25H         LINE#         155
  C:1B25H         LINE#         157
  C:1B25H         LINE#         159
  C:1B32H         LINE#         160
  C:1B37H         LINE#         161
  C:1B39H         LINE#         167
  C:1B48H         LINE#         168
  C:1B48H         LINE#         170
  C:1B51H         LINE#         171
  C:1B5AH         LINE#         177
  C:1B60H         LINE#         179
  C:1B60H         LINE#         181
  C:1B86H         LINE#         182
  C:1B86H         LINE#         185
  C:1B86H         LINE#         189
  C:1B89H         LINE#         190
  C:1B89H         LINE#         192
  C:1B89H         LINE#         196
  C:1B89H         LINE#         198
  C:1B89H         LINE#         203
  C:1B89H         LINE#         205
  C:1B89H         LINE#         209
BL51 BANKED LINKER/LOCATER V6.22.4.0                                                  07/09/2026  14:58:33  PAGE 32


  C:1B89H         LINE#         213
  C:1B89H         LINE#         217
  C:1B8BH         LINE#         218
  C:1B8DH         LINE#         220
  C:1B8DH         LINE#         225
  C:1B8FH         LINE#         226
  C:1B91H         LINE#         228
  C:1B91H         LINE#         233
  C:1B93H         LINE#         234
  C:1B95H         LINE#         236
  C:1B95H         LINE#         240
  C:1B95H         LINE#         245
  C:1B95H         LINE#         250
  C:1B97H         LINE#         251
  C:1B99H         LINE#         253
  C:1B99H         LINE#         259
  C:1B9BH         LINE#         260
  C:1B9DH         LINE#         262
  C:1B9DH         LINE#         268
  C:1B9FH         LINE#         269
  C:1BA1H         LINE#         271
  C:1BA1H         LINE#         275
  C:1BA1H         LINE#         279
  C:1BA1H         LINE#         285
  C:1BA7H         LINE#         286
  C:1BA7H         LINE#         287
  C:1BA9H         LINE#         288
  C:1BABH         LINE#         289
  C:1BB2H         LINE#         290
  C:1BB2H         LINE#         291
  C:1BB7H         LINE#         292
  C:1BB7H         LINE#         293
  C:1BB7H         LINE#         295
  C:1BB7H         LINE#         301
  C:1BBDH         LINE#         302
  C:1BBDH         LINE#         305
  C:1BC0H         LINE#         306
  C:1BC0H         LINE#         308
  C:1BC0H         LINE#         313
  C:1BC3H         LINE#         314
  C:1BC3H         LINE#         315
  C:1BC3H         LINE#         317
  C:1BC3H         LINE#         321
  C:1BC3H         LINE#         323
  C:1BC3H         LINE#         327
  C:1BC3H         LINE#         329
  C:1BC3H         LINE#         330
  C:1BC3H         LINE#         331
  C:1BC3H         LINE#         332
  -------         ENDPROC       AD_KEY_HANDLE
  -------         ENDMOD        AD_KEY

  -------         MODULE        USER_TEST
  C:0000H         SYMBOL        _ICE_DUMMY_
  B:0090H.7       PUBLIC        P17
  X:61BAH         PUBLIC        flag_debug
  C:29AEH         PUBLIC        debug_time_add
BL51 BANKED LINKER/LOCATER V6.22.4.0                                                  07/09/2026  14:58:33  PAGE 33


  C:2B49H         PUBLIC        user_debug_pin_init
  -------         PROC          DEBUG_TIME_ADD
  -------         DO            
  X:61B8H         SYMBOL        cnt
  -------         ENDDO         
  C:29AEH         LINE#         12
  C:29AEH         LINE#         13
  C:29AEH         LINE#         16
  C:29B8H         LINE#         17
  C:29C7H         LINE#         19
  C:29C7H         LINE#         20
  C:29CBH         LINE#         21
  C:29CEH         LINE#         22
  C:29CEH         LINE#         24
  -------         ENDPROC       DEBUG_TIME_ADD
  -------         PROC          USER_DEBUG_PIN_INIT
  C:2B49H         LINE#         26
  C:2B49H         LINE#         27
  C:2B49H         LINE#         28
  C:2B4FH         LINE#         29
  C:2B53H         LINE#         30
  C:2B58H         LINE#         31
  C:2B5AH         LINE#         32
[...]
  C:0D5BH         SYMBOL        L?0113
  -------         PROC          LOW_POWER_HANDLE
  -------         DO            
  X:61B0H         SYMBOL        update_bat_percent_cnt
  D:0007H         SYMBOL        tmp_bat_percent
  X:6086H         SYMBOL        is_charge_sig_wkup
  X:6087H         SYMBOL        is_discharge_sig_wkup
  X:6088H         SYMBOL        is_key_sig_wkup
  X:6089H         SYMBOL        adc_val
  C:0BE9H         SYMBOL        label_low_power_in
  -------         ENDDO         
  C:0BC6H         LINE#         216
  C:0BC6H         LINE#         217
  C:0BC6H         LINE#         220
  C:0BCBH         LINE#         221
  C:0BCCH         LINE#         222
  C:0BCCH         LINE#         225
  C:0BD9H         LINE#         226
  C:0BD9H         LINE#         227
  C:0BE0H         LINE#         228
  C:0BE0H         LINE#         230
  C:0BE0H         LINE#         232
  C:0BE0H         LINE#         235
  C:0BE6H         LINE#         237
  C:0BE9H         LINE#         239
  C:0BEEH         LINE#         240
  C:0BF0H         LINE#         241
BL51 BANKED LINKER/LOCATER V6.22.4.0                                                  07/09/2026  14:58:33  PAGE 53


  C:0BF2H         LINE#         243
  C:0BF5H         LINE#         244
  C:0BF8H         LINE#         247
  C:0BFBH         LINE#         248
  C:0C04H         LINE#         252
  C:0C07H         LINE#         253
  C:0C0AH         LINE#         255
  C:0C0CH         LINE#         256
  C:0C0CH         LINE#         257
  C:0C0FH         LINE#         259
  C:0C17H         LINE#         260
  C:0C17H         LINE#         262
  C:0C1DH         LINE#         266
  C:0C1DH         LINE#         268
  C:0C1FH         LINE#         269
  C:0C1FH         LINE#         270
  C:0C22H         LINE#         272
  C:0C47H         LINE#         273
  C:0C47H         LINE#         274
  C:0C4DH         LINE#         278
  C:0C4DH         LINE#         282
  C:0C52H         LINE#         283
  C:0C52H         LINE#         285
  C:0C5BH         LINE#         287
  C:0C5EH         LINE#         288
  C:0C64H         LINE#         289
  C:0C64H         LINE#         291
  C:0C69H         LINE#         292
  C:0C69H         LINE#         294
  C:0C6CH         LINE#         296
  C:0C72H         LINE#         299
  C:0C7BH         LINE#         301
  C:0C7BH         LINE#         303
  C:0C80H         LINE#         304
  C:0C87H         LINE#         305
  C:0C92H         LINE#         306
  C:0C9DH         LINE#         308
  C:0CA7H         LINE#         310
  C:0CB6H         LINE#         311
  C:0CB6H         LINE#         320
  C:0CBAH         LINE#         321
  C:0CC5H         LINE#         322
  C:0CCDH         LINE#         323
  C:0CCDH         LINE#         324
  C:0CD3H         LINE#         325
  C:0CD3H         LINE#         326
  C:0CD6H         LINE#         327
  C:0CD6H         LINE#         328
  C:0CD6H         LINE#         338
  C:0CDFH         LINE#         339
  C:0CF5H         LINE#         341
  C:0CF5H         LINE#         348
  C:0D19H         LINE#         354
  C:0D19H         LINE#         357
  C:0D3BH         LINE#         360
  C:0D3BH         LINE#         361
  C:0D44H         LINE#         362
BL51 BANKED LINKER/LOCATER V6.22.4.0                                                  07/09/2026  14:58:33  PAGE 54


  C:0D44H         LINE#         367
  C:0D47H         LINE#         368
  C:0D47H         LINE#         376
  C:0D4CH         LINE#         377
  C:0D57H         LINE#         378
  C:0D5AH         LINE#         379
  -------         ENDPROC       LOW_POWER_HANDLE
  -------         PROC          WUT_IRQHANDLER
  C:2A8AH         LINE#         382
  C:2A90H         LINE#         385
  C:2A90H         LINE#         390
  C:2A97H         LINE#         391
  C:2A97H         LINE#         392
  C:2A9BH         LINE#         393
  C:2A9BH         LINE#         396
  C:2A9BH         LINE#         397
  -------         ENDPROC       WUT_IRQHANDLER
  -------         ENDMOD        LOW_POWER

  -------         MODULE        BAT_SCAN
  C:0000H         SYMBOL        _ICE_DUMMY_
  X:6126H         PUBLIC        bat_percent
  X:6127H         PUBLIC        avg_voltage_mv
  C:2AB9H         PUBLIC        bat_percent_update_time_add
  C:2C2CH         PUBLIC        bat_percent_update_time_reset
  C:2AFCH         PUBLIC        bat_percent_update_time_is_comes
  C:1800H         PUBLIC        battery_voltage_update_by_isr
  C:2AE6H         PUBLIC        _bat_vol_history_buff_init
  C:1F3AH         PUBLIC        _get_battery_percentage_by_voltage
  C:2B7CH         PUBLIC        _get_battery_voltage_by_adc
  C:2645H         PUBLIC        bat_vol_update_timer_callback
  C:28B5H         PUBLIC        bat_vol_buff_add_timer_callback
  C:288CH         PUBLIC        bat_vol_buff_get_avg_timer_callback
  C:1C6DH         PUBLIC        bat_scan
  X:6129H         SYMBOL        is_bat_vol_buff_add_enable
  X:612AH         SYMBOL        is_bat_vol_buff_get_avg_enable
  X:612BH         SYMBOL        bat_vol_update_sta
  X:612CH         SYMBOL        bat_vol_update_cnt
  X:612EH         SYMBOL        bat_vol_history_buff
  X:6142H         SYMBOL        bat_vol_history_buff_idx
  X:6143H         SYMBOL        voltage_mv
  X:6145H         SYMBOL        max_voltage_mv
  X:6147H         SYMBOL        percent
  X:6148H         SYMBOL        bat_percent_update_time_cnt
  C:296BH         PUBLIC        _bat_vol_history_buff_add
  C:248DH         PUBLIC        bat_vol_history_buff_get_avg
  C:2030H         SYMBOL        Com0035
  C:2030H         SYMBOL        L?0054
  C:2030H         SYMBOL        L?0055
  C:203EH         SYMBOL        L?0056
  C:2046H         SYMBOL        L?0057
  C:2046H         SYMBOL        L?0058
  C:2052H         SYMBOL        L?0059
  C:2064H         SYMBOL        L?0060
  C:2074H         SYMBOL        L?0061
  C:2081H         SYMBOL        L?0062
  C:208DH         SYMBOL        L?0063
BL51 BANKED LINKER/LOCATER V6.22.4.0                                                  07/09/2026  14:58:33  PAGE 55


  C:2098H         SYMBOL        L?0064
  -------         PROC          COM0035
  -------         ENDPROC       COM0035
  -------         PROC          BAT_VOL_BUFF_ADD_TIMER_CALLBACK
  -------         DO            
  X:611EH         SYMBOL        cnt
  -------         ENDDO         
  C:28B5H         LINE#         36
  C:28B5H         LINE#         37
  C:28B5H         LINE#         39
  C:28BEH         LINE#         40
  C:28CCH         LINE#         41
  C:28CCH         LINE#         42
  C:28D6H         LINE#         43
  C:28DCH         LINE#         44
  C:28DCH         LINE#         45
  -------         ENDPROC       BAT_VOL_BUFF_ADD_TIMER_CALLBACK
  -------         PROC          BAT_VOL_BUFF_GET_AVG_TIMER_CALLBACK
  -------         DO            
  X:6122H         SYMBOL        cnt
  -------         ENDDO         
  C:288CH         LINE#         48
  C:288CH         LINE#         49
  C:288CH         LINE#         51
  C:2895H         LINE#         52
  C:28A4H         LINE#         53
  C:28A4H         LINE#         54
  C:28AEH         LINE#         55
  C:28B4H         LINE#         56
  C:28B4H         LINE#         57
  -------         ENDPROC       BAT_VOL_BUFF_GET_AVG_TIMER_CALLBACK
  -------         PROC          BAT_VOL_UPDATE_TIMER_CALLBACK
  C:2645H         LINE#         60
  C:2645H         LINE#         61
  C:2645H         LINE#         62
  C:264BH         LINE#         63
  C:264BH         LINE#         64
  C:264FH         LINE#         65
  C:2654H         LINE#         66
  C:2656H         LINE#         67
  C:265EH         LINE#         68
  C:265EH         LINE#         71
  C:265EH         LINE#         73
  C:2668H         LINE#         74
  C:2677H         LINE#         75
  C:2677H         LINE#         81
  C:267DH         LINE#         82
  C:267DH         LINE#         83
  -------         ENDPROC       BAT_VOL_UPDATE_TIMER_CALLBACK
  -------         PROC          _GET_BATTERY_VOLTAGE_BY_ADC
  D:0006H         SYMBOL        adc_val
  -------         DO            
  D:0006H         SYMBOL        voltage_mv
  -------         ENDDO         
  C:2B7CH         LINE#         86
  C:2B7CH         LINE#         87
  C:2B7CH         LINE#         88
BL51 BANKED LINKER/LOCATER V6.22.4.0                                                  07/09/2026  14:58:33  PAGE 56


  -------         ENDPROC       _GET_BATTERY_VOLTAGE_BY_ADC
  -------         PROC          _GET_BATTERY_PERCENTAGE_BY_VOLTAGE
  X:60B9H         SYMBOL        voltage_mv
  -------         DO            
  X:60BBH         SYMBOL        percentage
  -------         ENDDO         
  C:1F3AH         LINE#         115
  C:1F42H         LINE#         116
  C:1F42H         LINE#         118
  C:1F4AH         LINE#         119
  C:1F4AH         LINE#         120
  C:1F4DH         LINE#         121
  C:1F4DH         LINE#         122
  C:1F5DH         LINE#         123
  C:1F5DH         LINE#         124
  C:1F60H         LINE#         125
  C:1F60H         LINE#         127
  C:1F79H         LINE#         128
  C:1F79H         LINE#         131
  C:1F8CH         LINE#         132
  C:1F92H         LINE#         133
  C:1F92H         LINE#         137
  C:1FABH         LINE#         139
  C:1FBBH         LINE#         140
  -------         ENDPROC       _GET_BATTERY_PERCENTAGE_BY_VOLTAGE
  -------         PROC          _BAT_VOL_HISTORY_BUFF_INIT
  D:0006H         SYMBOL        voltage_mv
  -------         DO            
  D:0005H         SYMBOL        i
  -------         ENDDO         
  C:2AE6H         LINE#         142
  C:2AE6H         LINE#         143
  C:2AE6H         LINE#         145
  C:2AE8H         LINE#         146
  C:2AE8H         LINE#         147
  C:2AF1H         LINE#         148
  C:2AF6H         LINE#         149
  C:2AFBH         LINE#         150
  -------         ENDPROC       _BAT_VOL_HISTORY_BUFF_INIT
  -------         PROC          _BAT_VOL_HISTORY_BUFF_ADD
  D:0006H         SYMBOL        voltage_mv
  C:296BH         LINE#         152
  C:296BH         LINE#         153
  C:296BH         LINE#         154
  C:2977H         LINE#         155
  C:298CH         LINE#         161
  -------         ENDPROC       _BAT_VOL_HISTORY_BUFF_ADD
  -------         PROC          BAT_VOL_HISTORY_BUFF_GET_AVG
  -------         DO            
  X:6086H         SYMBOL        i
  X:6087H         SYMBOL        ret
  -------         ENDDO         
  C:248DH         LINE#         164
  C:248DH         LINE#         165
  C:248DH         LINE#         167
  C:2497H         LINE#         168
  C:249CH         LINE#         169
BL51 BANKED LINKER/LOCATER V6.22.4.0                                                  07/09/2026  14:58:33  PAGE 57


  C:249CH         LINE#         170
  C:24BAH         LINE#         171
  C:24C4H         LINE#         172
  -------         ENDPROC       BAT_VOL_HISTORY_BUFF_GET_AVG
  -------         PROC          BATTERY_VOLTAGE_UPDATE_BY_ISR
  -------         DO            
  X:60B5H         SYMBOL        adc_val
  X:60B7H         SYMBOL        cur_voltage_mv
  -------         ENDDO         
  C:1800H         LINE#         179
  C:1800H         LINE#         180
  C:1800H         LINE#         181
  C:1807H         LINE#         182
  C:180DH         LINE#         185
  C:1818H         LINE#         186
  C:1818H         LINE#         187
  C:181DH         LINE#         188
  C:182AH         LINE#         190
  C:183DH         LINE#         193
  C:1847H         LINE#         194
  C:1847H         LINE#         196
  C:184DH         LINE#         198
  C:1858H         LINE#         200
  C:1867H         LINE#         201
  C:1877H         LINE#         202
  C:187CH         LINE#         205
  C:1885H         LINE#         207
  C:188BH         LINE#         209
  C:1895H         LINE#         211
  C:1895H         LINE#         225
  C:189CH         LINE#         226
  C:189CH         LINE#         228
  C:18A2H         LINE#         230
  C:18A9H         LINE#         231
  C:18ADH         LINE#         235
  C:18AEH         LINE#         236
  C:18B5H         LINE#         237
  C:18B5H         LINE#         239
  C:18CAH         LINE#         240
  C:18CAH         LINE#         241
  C:18D9H         LINE#         242
  C:18D9H         LINE#         243
  C:18D9H         LINE#         244
  C:18D9H         LINE#         245
  -------         ENDPROC       BATTERY_VOLTAGE_UPDATE_BY_ISR
  -------         PROC          BAT_PERCENT_UPDATE_TIME_ADD
  C:2AB9H         LINE#         247
  C:2AB9H         LINE#         248
  C:2AB9H         LINE#         249
  C:2AC8H         LINE#         250
  C:2AC8H         LINE#         251
  C:2ACFH         LINE#         252
  C:2ACFH         LINE#         253
  -------         ENDPROC       BAT_PERCENT_UPDATE_TIME_ADD
  -------         PROC          BAT_PERCENT_UPDATE_TIME_RESET
  C:2C2CH         LINE#         256
  C:2C2CH         LINE#         257
BL51 BANKED LINKER/LOCATER V6.22.4.0                                                  07/09/2026  14:58:33  PAGE 58


  C:2C2CH         LINE#         258
  C:2C33H         LINE#         259
  -------         ENDPROC       BAT_PERCENT_UPDATE_TIME_RESET
  -------         PROC          BAT_PERCENT_UPDATE_TIME_IS_COMES
  C:2AFCH         LINE#         262
  C:2AFCH         LINE#         263
  C:2AFCH         LINE#         264
  C:2B0BH         LINE#         265
  C:2B0BH         LINE#         266
  C:2B0EH         LINE#         267
  C:2B0EH         LINE#         269
  C:2B0EH         LINE#         270
  C:2B10H         LINE#         271
  C:2B10H         LINE#         272
  -------         ENDPROC       BAT_PERCENT_UPDATE_TIME_IS_COMES
  -------         PROC          BAT_SCAN
  C:1C6DH         LINE#         274
  C:1C6DH         LINE#         275
  C:1C6DH         LINE#         276
  C:1C7AH         LINE#         277
  C:1C7AH         LINE#         279
  C:1C7AH         LINE#         282
  C:1C80H         LINE#         283
  C:1C80H         LINE#         284
  C:1C8BH         LINE#         285
  C:1C90H         LINE#         286
  C:1C90H         LINE#         289
  C:1C96H         LINE#         290
  C:1C96H         LINE#         291
  C:1CA1H         LINE#         293
  C:1CA7H         LINE#         296
  C:1CB7H         LINE#         299
  C:1CBCH         LINE#         300
  C:1CBCH         LINE#         302
  C:1CC2H         LINE#         303
  C:1CC2H         LINE#         304
  C:1CC5H         LINE#         307
  C:1CD1H         LINE#         308
  C:1CD1H         LINE#         310
  C:1CDAH         LINE#         311
  C:1CDAH         LINE#         312
  C:1CDDH         LINE#         313
  C:1CDDH         LINE#         314
  C:1CDFH         LINE#         315
  C:1CECH         LINE#         316
  C:1CECH         LINE#         318
  C:1CF5H         LINE#         319
  C:1CF5H         LINE#         320
  C:1CF8H         LINE#         321
  C:1CF8H         LINE#         322
  C:1CF8H         LINE#         325
  C:1D06H         LINE#         326
  C:1D0CH         LINE#         328
  C:1D0CH         LINE#         329
  -------         ENDPROC       BAT_SCAN
  -------         ENDMOD        BAT_SCAN

BL51 BANKED LINKER/LOCATER V6.22.4.0                                                  07/09/2026  14:58:33  PAGE 59


  -------         MODULE        ?C?COPY
  C:011EH         PUBLIC        ?C?COPY
  -------         ENDMOD        ?C?COPY

  -------         MODULE        ?C?CLDPTR
  C:0144H         PUBLIC        ?C?CLDPTR
  -------         ENDMOD        ?C?CLDPTR

  -------         MODULE        ?C?CLDOPTR
  C:015DH         PUBLIC        ?C?CLDOPTR
  -------         ENDMOD        ?C?CLDOPTR

  -------         MODULE        ?C?CILDOPTR
  C:018AH         PUBLIC        ?C?CILDOPTR
  -------         ENDMOD        ?C?CILDOPTR

  -------         MODULE        ?C?CSTOPTR
  C:01BDH         PUBLIC        ?C?CSTOPTR
  -------         ENDMOD        ?C?CSTOPTR

  -------         MODULE        ?C?UIDIV
  C:01DFH         PUBLIC        ?C?UIDIV
  -------         ENDMOD        ?C?UIDIV

  -------         MODULE        ?C?IILDX
  C:0234H         PUBLIC        ?C?IILDX
  -------         ENDMOD        ?C?IILDX

  -------         MODULE        ?C?LADD
  C:024AH         PUBLIC        ?C?LADD
  -------         ENDMOD        ?C?LADD

  -------         MODULE        ?C?ULDIV
  C:0293H         PUBLIC        ?C?ULDIV
  -------         ENDMOD        ?C?ULDIV

  -------         MODULE        ?C?SLCMP
  C:0325H         PUBLIC        ?C?SLCMP
  -------         ENDMOD        ?C?SLCMP

  -------         MODULE        ?C?ULCMP
  C:033BH         PUBLIC        ?C?ULCMP
  -------         ENDMOD        ?C?ULCMP

  -------         MODULE        ?C?LLDXDATA
  C:034CH         PUBLIC        ?C?LLDXDATA
  -------         ENDMOD        ?C?LLDXDATA

  -------         MODULE        ?C?LLDXDATA0
  C:0358H         PUBLIC        ?C?LLDXDATA0
  -------         ENDMOD        ?C?LLDXDATA0

  -------         MODULE        ?C?LSTXDATA
  C:0364H         PUBLIC        ?C?LSTXDATA
  -------         ENDMOD        ?C?LSTXDATA

  -------         MODULE        ?C?LSTKXDATA
BL51 BANKED LINKER/LOCATER V6.22.4.0                                                  07/09/2026  14:58:33  PAGE 60


  C:0370H         PUBLIC        ?C?LSTKXDATA
  -------         ENDMOD        ?C?LSTKXDATA

  -------         MODULE        ?C?PLDXDATA
  C:03A1H         PUBLIC        ?C?PLDXDATA
  -------         ENDMOD        ?C?PLDXDATA

  -------         MODULE        ?C?PSTXDATA
  C:03AAH         PUBLIC        ?C?PSTXDATA
  -------         ENDMOD        ?C?PSTXDATA

  -------         MODULE        ?C?PLDOPTR
  C:03B3H         PUBLIC        ?C?PLDOPTR
  -------         ENDMOD        ?C?PLDOPTR

  -------         MODULE        ?C?CCASE
  C:03E3H         PUBLIC        ?C?CCASE
  -------         ENDMOD        ?C?CCASE

  -------         MODULE        ?C?ICALL
  C:0409H         PUBLIC        ?C?ICALL
  C:040DH         PUBLIC        ?C?ICALL2
  -------         ENDMOD        ?C?ICALL

  -------         MODULE        ?C?LIMUL
  C:040FH         PUBLIC        ?C?LIMUL
  -------         ENDMOD        ?C?LIMUL

  -------         MODULE        PRINTF
  X:60B9H         PUBLIC        ?_PRINTF517?BYTE
  X:60B9H         PUBLIC        ?_PRINTF?BYTE
  X:60B9H         PUBLIC        ?_SPRINTF517?BYTE
  X:60B9H         PUBLIC        ?_SPRINTF?BYTE
  C:051AH         PUBLIC        _PRINTF
  C:051AH         PUBLIC        _PRINTF517
  C:0514H         PUBLIC        _SPRINTF
  C:0514H         PUBLIC        _SPRINTF517
  -------         ENDMOD        PRINTF

  -------         MODULE        ?C?MEMSET
  C:043CH         PUBLIC        ?C?MEMSET
  -------         ENDMOD        ?C?MEMSET

  -------         MODULE        ?C?CSTPTR
  C:0468H         PUBLIC        ?C?CSTPTR
  -------         ENDMOD        ?C?CSTPTR

  -------         MODULE        ?C?PLDIDATA
  C:047AH         PUBLIC        ?C?PLDIDATA
  -------         ENDMOD        ?C?PLDIDATA

  -------         MODULE        ?C?PLDIXDATA
  C:0483H         PUBLIC        ?C?PLDIXDATA
  -------         ENDMOD        ?C?PLDIXDATA

  -------         MODULE        ?C?PLDPDATA
  C:049AH         PUBLIC        ?C?PLDPDATA
BL51 BANKED LINKER/LOCATER V6.22.4.0                                                  07/09/2026  14:58:33  PAGE 61


  -------         ENDMOD        ?C?PLDPDATA

  -------         MODULE        ?C?PLDCODE
  C:04A3H         PUBLIC        ?C?PLDCODE
  -------         ENDMOD        ?C?PLDCODE

*** WARNING L15: MULTIPLE CALL TO SEGMENT
    SEGMENT: ?PR?_GET_BATTERY_PERCENTAGE_BY_VOLTAGE?BAT_SCAN
    CALLER1: ?C_C51STARTUP
    CALLER2: ?PR?ADC_IRQHANDLER?ADC

*** WARNING L15: MULTIPLE CALL TO SEGMENT
    SEGMENT: ?PR?PRINTF?PRINTF
    CALLER1: ?C_C51STARTUP
    CALLER2: ?PR?ADC_IRQHANDLER?ADC

Program Size: data=21.7 xdata=445 code=11320
LINK/LOCATE RUN COMPLETE.  2 WARNING(S),  0 ERROR(S)
