BL51 BANKED LINKER/LOCATER V6.22.4.0                                                    07/20/2026  17:18:27  PAGE 1


BL51 BANKED LINKER/LOCATER V6.22.4.0, INVOKED BY:
C:\KEIL_V5\C51\BIN\BL51.EXE .\Release\Objects\STARTUP.obj, .\Release\Objects\system.obj, .\Release\Objects\adc.obj, .\Re
>> lease\Objects\pwm.obj, .\Release\Objects\timer0.obj, .\Release\Objects\timer1.obj, .\Release\Objects\uart0.obj, .\Rel
>> ease\Objects\main.obj, .\Release\Objects\uart_data_handle.obj, .\Release\Objects\key_driver.obj, .\Release\Objects\ad
>> _key.obj, .\Release\Objects\user_test.obj, .\Release\Objects\led.obj, .\Release\Objects\battery_monitor.obj, .\Releas
>> e\Objects\bluetooth_ic_handle.obj, .\Release\Objects\charge_det.obj, .\Release\Objects\low_power.obj, .\Release\Objec
>> ts\bat_scan.obj, .\Release\Objects\led_bat_lev.obj TO .\Release\Objects\Demo PRINT (.\Release\Listings\Demo.m51) RAMS
>> IZE (256) CODE (0X0000-0X3EEF) XDATA (0X6000-0X66FF)


MEMORY MODEL: LARGE


INPUT MODULES INCLUDED:
  .\Release\Objects\STARTUP.obj (?C_STARTUP)
  .\Release\Objects\system.obj (SYSTEM)
  .\Release\Objects\adc.obj (ADC)
  .\Release\Objects\pwm.obj (PWM)
  .\Release\Objects\timer0.obj (TIMER0)
  .\Release\Objects\timer1.obj (TIMER1)
  .\Release\Objects\uart0.obj (UART0)
  .\Release\Objects\main.obj (MAIN)
  .\Release\Objects\uart_data_handle.obj (UART_DATA_HANDLE)
  .\Release\Objects\key_driver.obj (KEY_DRIVER)
  .\Release\Objects\ad_key.obj (AD_KEY)
  .\Release\Objects\user_test.obj (USER_TEST)
  .\Release\Objects\led.obj (LED)
  .\Release\Objects\battery_monitor.obj (BATTERY_MONITOR)
  .\Release\Objects\bluetooth_ic_handle.obj (BLUETOOTH_IC_HANDLE)
  .\Release\Objects\charge_det.obj (CHARGE_DET)
  .\Release\Objects\low_power.obj (LOW_POWER)
  .\Release\Objects\bat_scan.obj (BAT_SCAN)
  .\Release\Objects\led_bat_lev.obj (LED_BAT_LEV)
  C:\KEIL_V5\C51\LIB\C51L.LIB (?C_INIT)
  C:\KEIL_V5\C51\LIB\C51L.LIB (?C?COPY)
  C:\KEIL_V5\C51\LIB\C51L.LIB (?C?CLDPTR)
  C:\KEIL_V5\C51\LIB\C51L.LIB (?C?CLDOPTR)
  C:\KEIL_V5\C51\LIB\C51L.LIB (?C?CILDOPTR)
  C:\KEIL_V5\C51\LIB\C51L.LIB (?C?CSTOPTR)
  C:\KEIL_V5\C51\LIB\C51L.LIB (?C?UIDIV)
  C:\KEIL_V5\C51\LIB\C51L.LIB (?C?IILDX)
  C:\KEIL_V5\C51\LIB\C51L.LIB (?C?LADD)
  C:\KEIL_V5\C51\LIB\C51L.LIB (?C?ULDIV)
  C:\KEIL_V5\C51\LIB\C51L.LIB (?C?SLCMP)
  C:\KEIL_V5\C51\LIB\C51L.LIB (?C?ULCMP)
  C:\KEIL_V5\C51\LIB\C51L.LIB (?C?LLDXDATA)
  C:\KEIL_V5\C51\LIB\C51L.LIB (?C?LLDXDATA0)
  C:\KEIL_V5\C51\LIB\C51L.LIB (?C?LSTXDATA)
  C:\KEIL_V5\C51\LIB\C51L.LIB (?C?LSTKXDATA)
  C:\KEIL_V5\C51\LIB\C51L.LIB (?C?PLDXDATA)
  C:\KEIL_V5\C51\LIB\C51L.LIB (?C?PSTXDATA)
  C:\KEIL_V5\C51\LIB\C51L.LIB (?C?PLDOPTR)
  C:\KEIL_V5\C51\LIB\C51L.LIB (?C?CCASE)
  C:\KEIL_V5\C51\LIB\C51L.LIB (?C?ICALL)
  C:\KEIL_V5\C51\LIB\C51L.LIB (?C?LIMUL)
  C:\KEIL_V5\C51\LIB\C51L.LIB (PRINTF)
  C:\KEIL_V5\C51\LIB\C51L.LIB (?C?MEMSET)
  C:\KEIL_V5\C51\LIB\C51L.LIB (?C?CSTPTR)
BL51 BANKED LINKER/LOCATER V6.22.4.0                                                  07/20/2026  17:18:27  PAGE 2


  C:\KEIL_V5\C51\LIB\C51L.LIB (?C?PLDIDATA)
  C:\KEIL_V5\C51\LIB\C51L.LIB (?C?PLDIXDATA)
  C:\KEIL_V5\C51\LIB\C51L.LIB (?C?PLDPDATA)
  C:\KEIL_V5\C51\LIB\C51L.LIB (?C?PLDCODE)


LINK MAP OF MODULE:  .\Release\Objects\Demo (?C_STARTUP)


            TYPE    BASE      LENGTH    RELOCATION   SEGMENT NAME
            -----------------------------------------------------

            * * * * * * *   D A T A   M E M O R Y   * * * * * * *
            REG     0000H     0008H     ABSOLUTE     "REG BANK 0"
            DATA    0008H     000FH     UNIT         _DATA_GROUP_
                    0017H     0009H                  *** GAP ***
            BIT     0020H.0   0003H.3   UNIT         _BIT_GROUP_
            BIT     0023H.3   0000H.4   UNIT         ?BI?ADC
            BIT     0023H.7   0000H.1   UNIT         ?BI?CHARGE_DET
            IDATA   0024H     0001H     UNIT         ?STACK

            * * * * * * *  X D A T A   M E M O R Y  * * * * * * *
                    0000H     6000H                  *** GAP ***
            XDATA   6000H     00DBH     UNIT         ?XD?BAT_SCAN
            XDATA   60DBH     0088H     UNIT         _XDATA_GROUP_
            XDATA   6163H     0086H     UNIT         ?XD?UART0
            XDATA   61E9H     0039H     UNIT         ?XD?AD_KEY
            XDATA   6222H     0027H     UNIT         ?XD?CHARGE_DET
            XDATA   6249H     001AH     UNIT         ?XD?UART_DATA_HANDLE
            XDATA   6263H     0016H     UNIT         ?XD?BATTERY_MONITOR
            XDATA   6279H     0013H     UNIT         ?XD?LED_BAT_LEV
            XDATA   628CH     000EH     UNIT         ?XD?LED
            XDATA   629AH     0009H     UNIT         ?XD?ADC
            XDATA   62A3H     0006H     UNIT         ?XD?LOW_POWER
            XDATA   62A9H     0004H     UNIT         ?XD?KEY_DRIVER
            XDATA   62ADH     0003H     UNIT         ?XD?USER_TEST
            XDATA   62B0H     0002H     UNIT         ?XD?BLUETOOTH_IC_HANDLE

            * * * * * * *   C O D E   M E M O R Y   * * * * * * *
            CODE    0000H     0003H     ABSOLUTE     
            CODE    0003H     000CH     ABSOLUTE     
            CODE    000FH     000FH     UNIT         ?PR?UART_RECEIVER_TIMEOUT_ADD?UART_DATA_HANDLE
            CODE    001EH     0003H     ABSOLUTE     
            CODE    0021H     0003H     ABSOLUTE     
            CODE    0024H     001BH     UNIT         ?PR?_ADC_CLEAR_UPDATE_FLAG?ADC
            CODE    003FH     0003H     ABSOLUTE     
            CODE    0042H     0003H     ABSOLUTE     
            CODE    0045H     0006H     UNIT         ?PR?LED_BAT_LEV_STA_IDLE_HANDLE?LED_BAT_LEV
            CODE    004BH     0003H     ABSOLUTE     
            CODE    004EH     0461H     UNIT         ?C?LIB_CODE
            CODE    04AFH     0365H     UNIT         ?PR?PRINTF?PRINTF
            CODE    0814H     02EAH     UNIT         ?PR?LED_BAT_LEV_STA_DISCHARGE_HANDLE?LED_BAT_LEV
            CODE    0AFEH     02DCH     UNIT         ?C_INITSEG
            CODE    0DDAH     01AAH     UNIT         ?PR?DETECT_1KHZ_SIGNAL_100US?CHARGE_DET
            CODE    0F84H     0193H     UNIT         ?PR?_KEY_DRIVER_SCAN?KEY_DRIVER
            CODE    1117H     016EH     UNIT         ?PR?LOW_POWER_HANDLE?LOW_POWER
            CODE    1285H     0157H     UNIT         ?PR?DETECT_DISCHARGE_1KHZ_SIGNAL_100US?CHARGE_DET
BL51 BANKED LINKER/LOCATER V6.22.4.0                                                  07/20/2026  17:18:27  PAGE 3


            CODE    13DCH     0127H     UNIT         ?PR?CHARGE_DET?CHARGE_DET
            CODE    1503H     0117H     UNIT         ?PR?LED_BAT_LEV_STA_CHARGING_HANDLE?LED_BAT_LEV
            CODE    161AH     010BH     UNIT         ?PR?LOW_POWER_IN?LOW_POWER
            CODE    1725H     00FBH     UNIT         ?PR?LED_SLOW_ADJUST_ISR?LED
            CODE    1820H     00EAH     UNIT         ?PR?LED_RED_BLUE_FLASH_1MS_ISR?LED
            CODE    190AH     00E6H     UNIT         ?PR?BATTTERY_MONITOR_1MS_ISR?BATTERY_MONITOR
            CODE    19F0H     00DAH     UNIT         ?CO?UART_DATA_HANDLE
            CODE    1ACAH     00CFH     UNIT         ?PR?SYSTEM_INIT?SYSTEM
            CODE    1B99H     00B5H     UNIT         ?PR?UART_DATA_HANDLE?UART_DATA_HANDLE
            CODE    1C4EH     00B0H     UNIT         ?PR?BATTERY_MONITOR_HANDLE?BATTERY_MONITOR
            CODE    1CFEH     00ADH     UNIT         ?PR?AD_KEY_HANDLE?AD_KEY
            CODE    1DABH     00A9H     UNIT         ?PR?_UART_RECEIVER_PROCESS_BYTE?UART_DATA_HANDLE
            CODE    1E54H     00A0H     UNIT         ?CO?BATTERY_MONITOR
            CODE    1EF4H     009DH     UNIT         ?PR?_BAT_DISCHARGE_TIME_CNT_UPDATE?BATTERY_MONITOR
            CODE    1F91H     0097H     UNIT         ?PR?LED_BAT_LEV
            CODE    2028H     0093H     UNIT         ?PR?LED
            CODE    20BBH     008CH     UNIT         ?C_C51STARTUP
            CODE    2147H     008BH     UNIT         ?PR?PWM_INIT?PWM
            CODE    21D2H     0087H     UNIT         ?PR?ADC_IRQHANDLER?ADC
            CODE    2259H     0087H     UNIT         ?PR?_BAT_CHARGE_TIME_CNT_UPDATE?BATTERY_MONITOR
            CODE    22E0H     007FH     UNIT         ?PR?BATTERY_VOLTAGE_UPDATE_BY_ISR?BAT_SCAN
            CODE    235FH     0074H     UNIT         ?PR?_LED_STATUS_SET?LED
            CODE    23D3H     006FH     UNIT         ?PR?TIMR0_IRQHANDLER?TIMER0
            CODE    2442H     006FH     UNIT         ?CO?BAT_SCAN
            CODE    24B1H     006EH     UNIT         ?PR?BAT_VOL_HISTORY_BUFF_GET_AVG?BAT_SCAN
            CODE    251FH     006AH     UNIT         ?CO?LOW_POWER
            CODE    2589H     0068H     UNIT         ?PR?LED_BAT_LEV_STA_CHARGE_BEGIN_ANIM_HANDLE?LED_BAT_LEV
            CODE    25F1H     0067H     UNIT         ?PR?LED_BAT_LEV_HANDLE?LED_BAT_LEV
            CODE    2658H     0066H     UNIT         ?PR?ADC_SCAN?ADC
            CODE    26BEH     005DH     UNIT         ?PR?SEND_LOW_BAT_TIMER_CALLBACK?BATTERY_MONITOR
            CODE    271BH     0059H     UNIT         ?PR?UART_RECEIVER_TIMEOUT_HANDLER?UART_DATA_HANDLE
            CODE    2774H     0057H     UNIT         ?PR?LOW_POWER_ENTER_TIMER_CALLBACK?LOW_POWER
            CODE    27CBH     0053H     UNIT         ?PR?MAIN?MAIN
            CODE    281EH     0053H     UNIT         ?PR?_LED_BAT_LEV_INIT_BY_VOL?LED_BAT_LEV
            CODE    2871H     004EH     UNIT         ?PR?LED_INIT?LED
            CODE    28BFH     004CH     UNIT         ?PR?_AD_KEY_VAL_TO_AD_KEY_INDEX?AD_KEY
            CODE    290BH     004BH     UNIT         ?PR?_ADC_CHANNEL_SEL?ADC
            CODE    2956H     004BH     UNIT         ?PR?BATTERY_MONITOR
            CODE    29A1H     004AH     UNIT         ?PR?_AD_KEY_GET_EVENT?AD_KEY
            CODE    29EBH     004AH     UNIT         ?PR?LOW_POWER_OUT?LOW_POWER
            CODE    2A35H     0048H     UNIT         ?PR?TIMR1_IRQHANDLER?TIMER1
            CODE    2A7DH     0048H     UNIT         ?PR?BAT_VOL_HISTORY_BUFF_ADD_TIMER_CALLBACK?BAT_SCAN
            CODE    2AC5H     0048H     UNIT         ?PR?BAT_SCAN
            CODE    2B0DH     0047H     UNIT         ?PR?_UART0_RXBUFFER_PUT_BYTE?UART0
            CODE    2B54H     0045H     UNIT         ?PR?_UART_DATA_SEND_CMD?UART_DATA_HANDLE
            CODE    2B99H     0042H     UNIT         ?PR?UART0_RXBUFFER_GET_BYTE?UART0
            CODE    2BDBH     003DH     UNIT         ?PR?_ADC_UPDATE_VAL?ADC
            CODE    2C18H     003AH     UNIT         ?PR?UART0_INIT?UART0
            CODE    2C52H     0039H     UNIT         ?PR?BAT_VOL_UPDATE_TIMER_CALLBACK?BAT_SCAN
            CODE    2C8BH     0037H     UNIT         ?PR?UART_DATA_HANDLE
            CODE    2CC2H     0036H     UNIT         ?PR?UART_RECEIVER_PROCESS_CHECKSUM?UART_DATA_HANDLE
            CODE    2CF8H     0036H     UNIT         ?PR?LED_BAT_LEV_DISLPLAY_1MS_ISR?LED_BAT_LEV
            CODE    2D2EH     0035H     UNIT         ?PR?BAT_SCAN?BAT_SCAN
            CODE    2D63H     0034H     UNIT         ?PR?UART0_IRQHANDLER?UART0
            CODE    2D97H     0034H     UNIT         ?CO?LED_BAT_LEV
            CODE    2DCBH     0033H     UNIT         ?PR?AD_KEY_GET_KEY_VAL?AD_KEY
            CODE    2DFEH     002EH     UNIT         ?PR?_ADC_GET_VAL?ADC
BL51 BANKED LINKER/LOCATER V6.22.4.0                                                  07/20/2026  17:18:27  PAGE 4


            CODE    2E2CH     002EH     UNIT         ?PR?ADC
            CODE    2E5AH     002DH     UNIT         ?PR?USER_INIT?MAIN
            CODE    2E87H     002BH     UNIT         ?PR?CHARGE_DET
            CODE    2EB2H     002AH     UNIT         ?PR?LED_STATUS_SWITCH?LED
            CODE    2EDCH     0029H     UNIT         ?CO?BLUETOOTH_IC_HANDLE
            CODE    2F05H     0025H     UNIT         ?PR?_ADC_GET_UPDATE_FLAG?ADC
            CODE    2F2AH     0024H     UNIT         ?PR?IS_LOW_POWER_CONDITION_ESTABLISH?LOW_POWER
            CODE    2F4EH     0023H     UNIT         ?PR?_UART0_SENDBUF?UART0
            CODE    2F71H     0023H     UNIT         ?PR?BAT_GET_AVG_VOL_PERIOD_ADD?BAT_SCAN
            CODE    2F94H     0022H     UNIT         ?PR?ADC_INIT?ADC
            CODE    2FB6H     0021H     UNIT         ?PR?KEY_DRIVER
            CODE    2FD7H     0021H     UNIT         ?PR?DEBUG_TIME_ADD?USER_TEST
            CODE    2FF8H     0021H     UNIT         ?PR?_BAT_VOL_HISTORY_BUFF_ADD?BAT_SCAN
            CODE    3019H     0021H     UNIT         ?PR?LED_BAT_LEV_STA_ALERT_HANDLE?LED_BAT_LEV
            CODE    303AH     001DH     UNIT         ?CO?AD_KEY
            CODE    3057H     001DH     UNIT         ?PR?BLE_IC_ENABLE?BLUETOOTH_IC_HANDLE
            CODE    3074H     001BH     UNIT         ?PR?TIMER0_INIT?TIMER0
            CODE    308FH     001BH     UNIT         ?PR?TIMER1_INIT?TIMER1
            CODE    30AAH     001AH     UNIT         ?PR?BLUETOOTH_IC_HANDLE_INIT?BLUETOOTH_IC_HANDLE
            CODE    30C4H     0019H     UNIT         ?PR?CHARGE_DET_INIT?CHARGE_DET
            CODE    30DDH     0018H     UNIT         ?PR?_DELAY_MS?SYSTEM
            CODE    30F5H     0018H     UNIT         ?PR?WUT_IRQHANDLER?LOW_POWER
            CODE    310DH     0017H     UNIT         ?PR?ADC_GET_VAL_ONCE?ADC
            CODE    3124H     0017H     UNIT         ?PR?LOW_POWER
            CODE    313BH     0016H     UNIT         ?PR?PWM
            CODE    3151H     0016H     UNIT         ?PR?_BAT_VOL_HISTORY_BUFF_INIT?BAT_SCAN
            CODE    3167H     0015H     UNIT         ?PR?LED_BAT_LEV_STA_CHARGE_BEGIN_HANDLE?LED_BAT_LEV
            CODE    317CH     0012H     UNIT         ?PR?ADC_INIT_WHEN_LOW_PWR_OUT?ADC
            CODE    318EH     0012H     UNIT         ?PR?UART_RECEIVER_RESET?UART_DATA_HANDLE
            CODE    31A0H     0012H     UNIT         ?PR?USER_DEBUG_PIN_INIT?USER_TEST
            CODE    31B2H     0011H     UNIT         ?PR?ADC_PIN_INIT?ADC
            CODE    31C3H     0010H     UNIT         ?PR?BLE_IC_DISABLE_POST?BLUETOOTH_IC_HANDLE
            CODE    31D3H     0010H     UNIT         ?PR?_GET_BATTERY_VOLTAGE_BY_ADC?BAT_SCAN
            CODE    31E3H     000FH     UNIT         ?PR?AD_KEY
            CODE    31F2H     000FH     UNIT         ?PR?LED_CTL_INIT?LED
            CODE    3201H     000EH     UNIT         ?PR?BLE_IC_DISABLE_PRE?BLUETOOTH_IC_HANDLE
            CODE    320FH     000DH     UNIT         ?PR?LED_YELLOW_ON?LED
            CODE    321CH     000DH     UNIT         ?PR?LED_WHITE_ON?LED
            CODE    3229H     000BH     UNIT         ?PR?_DELAY?SYSTEM
            CODE    3234H     000AH     UNIT         ?CO?MAIN
            CODE    323EH     0009H     UNIT         ?PR?_PWM_SET_CHANNEL_0_DUTY?PWM
            CODE    3247H     0009H     UNIT         ?PR?_PWM_SET_CHANNEL_1_DUTY?PWM
            CODE    3250H     0009H     UNIT         ?PR?UART0_RXBUFFER_GET_COUNT?UART0
            CODE    3259H     0009H     UNIT         ?PR?LED_BAT_LEV_STA_CHARGE_END_HANDLE?LED_BAT_LEV
            CODE    3262H     0008H     UNIT         ?PR?_PUTCHAR?UART0
            CODE    326AH     0008H     UNIT         ?PR?_UART0_SENDBYTE?UART0
            CODE    3272H     0008H     UNIT         ?PR?LED_YELLOW_OFF?LED
            CODE    327AH     0008H     UNIT         ?PR?LED_WHITE_OFF?LED
            CODE    3282H     0007H     UNIT         ?PR?UART0
            CODE    3289H     0003H     UNIT         ?PR?CHARGE_DET_TIME_ADD?CHARGE_DET



OVERLAY MAP OF MODULE:   .\Release\Objects\Demo (?C_STARTUP)


SEGMENT                                             BIT_GROUP          DATA_GROUP          XDATA_GROUP
BL51 BANKED LINKER/LOCATER V6.22.4.0                                                  07/20/2026  17:18:27  PAGE 5


  +--> CALLED SEGMENT                            START    LENGTH     START    LENGTH     START    LENGTH
--------------------------------------------------------------------------------------------------------
?C_C51STARTUP                                    -----    -----      -----    -----      -----    -----
  +--> ?PR?MAIN?MAIN
  +--> ?C_INITSEG

?PR?MAIN?MAIN                                    -----    -----      -----    -----      -----    -----
  +--> ?PR?SYSTEM_INIT?SYSTEM
  +--> ?PR?USER_INIT?MAIN
  +--> ?PR?_DELAY_MS?SYSTEM
  +--> ?PR?_KEY_DRIVER_SCAN?KEY_DRIVER
  +--> ?PR?AD_KEY_HANDLE?AD_KEY
  +--> ?PR?UART_DATA_HANDLE?UART_DATA_HANDLE
  +--> ?PR?CHARGE_DET?CHARGE_DET
  +--> ?PR?BAT_SCAN?BAT_SCAN
  +--> ?PR?LED_BAT_LEV_HANDLE?LED_BAT_LEV
  +--> ?PR?BATTERY_MONITOR_HANDLE?BATTERY_MO...
  +--> ?PR?LOW_POWER_HANDLE?LOW_POWER

?PR?SYSTEM_INIT?SYSTEM                           -----    -----      -----    -----      -----    -----
  +--> ?PR?_DELAY?SYSTEM
  +--> ?PR?_DELAY_MS?SYSTEM

?PR?_DELAY_MS?SYSTEM                             -----    -----      -----    -----      -----    -----
  +--> ?PR?_DELAY?SYSTEM

?PR?USER_INIT?MAIN                               -----    -----      -----    -----      -----    -----
  +--> ?PR?ADC_PIN_INIT?ADC
  +--> ?PR?ADC_INIT?ADC
  +--> ?PR?LED_INIT?LED
  +--> ?PR?UART0_INIT?UART0
  +--> ?PR?PWM_INIT?PWM
  +--> ?PR?BLUETOOTH_IC_HANDLE_INIT?BLUETOOT...
  +--> ?PR?UART_RECEIVER_RESET?UART_DATA_HANDLE
  +--> ?PR?LED_CTL_INIT?LED
  +--> ?PR?CHARGE_DET_INIT?CHARGE_DET
  +--> ?PR?TIMER0_INIT?TIMER0
  +--> ?PR?TIMER1_INIT?TIMER1
  +--> ?PR?USER_DEBUG_PIN_INIT?USER_TEST
  +--> ?CO?MAIN
  +--> ?PR?PRINTF?PRINTF

?PR?ADC_INIT?ADC                                 -----    -----      -----    -----      -----    -----
  +--> ?PR?_DELAY_MS?SYSTEM

?PR?LED_INIT?LED                                 -----    -----      -----    -----      -----    -----
  +--> ?PR?LED

?PR?PWM_INIT?PWM                                 -----    -----      -----    -----      -----    -----
  +--> ?PR?PWM

?PR?PRINTF?PRINTF                                0022H.2  0001H.1    0012H    0005H      6139H    0028H
  +--> ?PR?_PUTCHAR?UART0

?PR?_KEY_DRIVER_SCAN?KEY_DRIVER                  -----    -----      -----    -----      60DBH    0002H
  +--> ?PR?KEY_DRIVER

BL51 BANKED LINKER/LOCATER V6.22.4.0                                                  07/20/2026  17:18:27  PAGE 6


?PR?AD_KEY_HANDLE?AD_KEY                         -----    -----      -----    -----      60DBH    0001H
  +--> ?PR?_AD_KEY_GET_EVENT?AD_KEY
  +--> ?CO?AD_KEY
  +--> ?PR?PRINTF?PRINTF
  +--> ?PR?LED_STATUS_SWITCH?LED
  +--> ?PR?_UART_DATA_SEND_CMD?UART_DATA_HANDLE
  +--> ?PR?BLE_IC_DISABLE_PRE?BLUETOOTH_IC_H...
  +--> ?PR?BLE_IC_ENABLE?BLUETOOTH_IC_HANDLE

?PR?_AD_KEY_GET_EVENT?AD_KEY                     -----    -----      -----    -----      -----    -----
  +--> ?PR?AD_KEY

?PR?LED_STATUS_SWITCH?LED                        -----    -----      -----    -----      -----    -----
  +--> ?PR?_LED_STATUS_SET?LED

?PR?_LED_STATUS_SET?LED                          -----    -----      -----    -----      60DCH    0001H
  +--> ?PR?LED_YELLOW_OFF?LED
  +--> ?PR?LED_WHITE_OFF?LED
  +--> ?PR?LED_WHITE_ON?LED
  +--> ?PR?LED_YELLOW_ON?LED

?PR?LED_WHITE_ON?LED                             -----    -----      -----    -----      -----    -----
  +--> ?PR?_PWM_SET_CHANNEL_1_DUTY?PWM

?PR?_PWM_SET_CHANNEL_1_DUTY?PWM                  -----    -----      -----    -----      -----    -----
  +--> ?PR?PWM

?PR?LED_YELLOW_ON?LED                            -----    -----      -----    -----      -----    -----
  +--> ?PR?_PWM_SET_CHANNEL_0_DUTY?PWM

?PR?_PWM_SET_CHANNEL_0_DUTY?PWM                  -----    -----      -----    -----      -----    -----
  +--> ?PR?PWM

?PR?_UART_DATA_SEND_CMD?UART_DATA_HANDLE         -----    -----      -----    -----      60DCH    0009H
  +--> ?CO?UART_DATA_HANDLE
  +--> ?PR?_UART0_SENDBUF?UART0

?PR?_UART0_SENDBUF?UART0                         -----    -----      -----    -----      60E5H    0003H
  +--> ?PR?_UART0_SENDBYTE?UART0

?PR?BLE_IC_DISABLE_PRE?BLUETOOTH_IC_H...         -----    -----      -----    -----      -----    -----
  +--> ?PR?_UART_DATA_SEND_CMD?UART_DATA_HANDLE
  +--> ?CO?BLUETOOTH_IC_HANDLE
  +--> ?PR?PRINTF?PRINTF

?PR?BLE_IC_ENABLE?BLUETOOTH_IC_HANDLE            -----    -----      -----    -----      -----    -----
  +--> ?PR?_DELAY_MS?SYSTEM
  +--> ?PR?_UART_DATA_SEND_CMD?UART_DATA_HANDLE
  +--> ?CO?BLUETOOTH_IC_HANDLE
  +--> ?PR?PRINTF?PRINTF

?PR?UART_DATA_HANDLE?UART_DATA_HANDLE            -----    -----      -----    -----      60DBH    0002H
  +--> ?PR?UART_RECEIVER_RESET?UART_DATA_HANDLE
  +--> ?PR?UART_RECEIVER_TIMEOUT_HANDLER?UAR...
  +--> ?PR?UART0_RXBUFFER_GET_COUNT?UART0
  +--> ?PR?UART0_RXBUFFER_GET_BYTE?UART0
  +--> ?PR?_UART_RECEIVER_PROCESS_BYTE?UART_...
BL51 BANKED LINKER/LOCATER V6.22.4.0                                                  07/20/2026  17:18:27  PAGE 7


  +--> ?CO?UART_DATA_HANDLE
  +--> ?PR?PRINTF?PRINTF
  +--> ?PR?UART_DATA_HANDLE
  +--> ?PR?BLE_IC_DISABLE_POST?BLUETOOTH_IC_...

?PR?UART_RECEIVER_TIMEOUT_HANDLER?UAR...         -----    -----      -----    -----      60DDH    0001H
  +--> ?CO?UART_DATA_HANDLE
  +--> ?PR?UART_DATA_HANDLE
  +--> ?PR?PRINTF?PRINTF
  +--> ?PR?UART_RECEIVER_RESET?UART_DATA_HANDLE

?PR?UART0_RXBUFFER_GET_BYTE?UART0                -----    -----      -----    -----      -----    -----
  +--> ?PR?UART0

?PR?_UART_RECEIVER_PROCESS_BYTE?UART_...         -----    -----      -----    -----      60DDH    0001H
  +--> ?PR?UART_DATA_HANDLE
  +--> ?PR?UART_RECEIVER_PROCESS_CHECKSUM?UA...

?PR?UART_RECEIVER_PROCESS_CHECKSUM?UA...         -----    -----      -----    -----      -----    -----
  +--> ?PR?UART_DATA_HANDLE
  +--> ?CO?UART_DATA_HANDLE
  +--> ?PR?PRINTF?PRINTF

?PR?BLE_IC_DISABLE_POST?BLUETOOTH_IC_...         -----    -----      -----    -----      -----    -----
  +--> ?CO?BLUETOOTH_IC_HANDLE
  +--> ?PR?PRINTF?PRINTF

?PR?CHARGE_DET?CHARGE_DET                        -----    -----      -----    -----      60DBH    0002H
  +--> ?PR?_ADC_GET_UPDATE_FLAG?ADC
  +--> ?PR?_ADC_CLEAR_UPDATE_FLAG?ADC
  +--> ?PR?_ADC_GET_VAL?ADC
  +--> ?PR?CHARGE_DET

?PR?BAT_SCAN?BAT_SCAN                            -----    -----      -----    -----      -----    -----
  +--> ?PR?BAT_SCAN
  +--> ?PR?BAT_VOL_HISTORY_BUFF_GET_AVG?BAT_...
  +--> ?PR?PRINTF?PRINTF

?PR?BAT_SCAN                                     -----    -----      -----    -----      -----    -----
  +--> ?CO?BAT_SCAN

?PR?BAT_VOL_HISTORY_BUFF_GET_AVG?BAT_...         -----    -----      -----    -----      60DBH    0005H
  +--> ?PR?BAT_SCAN
  +--> ?CO?BAT_SCAN
  +--> ?PR?PRINTF?PRINTF

?PR?BATTERY_MONITOR_HANDLE?BATTERY_MO...         -----    -----      -----    -----      -----    -----
  +--> ?CO?BATTERY_MONITOR
  +--> ?PR?PRINTF?PRINTF
  +--> ?PR?_LED_STATUS_SET?LED
  +--> ?PR?_UART_DATA_SEND_CMD?UART_DATA_HANDLE
  +--> ?PR?_DELAY_MS?SYSTEM
  +--> ?PR?BLE_IC_DISABLE_PRE?BLUETOOTH_IC_H...
  +--> ?PR?BATTERY_MONITOR
  +--> ?PR?BLE_IC_ENABLE?BLUETOOTH_IC_HANDLE

?PR?BATTERY_MONITOR                              -----    -----      -----    -----      -----    -----
BL51 BANKED LINKER/LOCATER V6.22.4.0                                                  07/20/2026  17:18:27  PAGE 8


  +--> ?CO?BATTERY_MONITOR

?PR?LOW_POWER_HANDLE?LOW_POWER                   -----    -----      -----    -----      60DBH    0007H
  +--> ?PR?LOW_POWER
  +--> ?CO?LOW_POWER
  +--> ?PR?LOW_POWER_IN?LOW_POWER
  +--> ?PR?LOW_POWER_OUT?LOW_POWER
  +--> ?PR?UART0_INIT?UART0
  +--> ?PR?PRINTF?PRINTF
  +--> ?PR?ADC_PIN_INIT?ADC
  +--> ?PR?ADC_INIT_WHEN_LOW_PWR_OUT?ADC
  +--> ?PR?_ADC_CHANNEL_SEL?ADC
  +--> ?PR?_DELAY_MS?SYSTEM
  +--> ?PR?ADC_GET_VAL_ONCE?ADC
  +--> ?PR?_GET_BATTERY_VOLTAGE_BY_ADC?BAT_SCAN
  +--> ?PR?USER_INIT?MAIN

?PR?LOW_POWER_IN?LOW_POWER                       -----    -----      -----    -----      -----    -----
  +--> ?PR?_DELAY_MS?SYSTEM

?PR?ADC_GET_VAL_ONCE?ADC                         -----    -----      -----    -----      -----    -----
  +--> ?PR?ADC

?PR?ADC                                          -----    -----      -----    -----      -----    -----
  +--> ?PR?_ADC_CHANNEL_SEL?ADC

?C_INITSEG                                       -----    -----      -----    -----      -----    -----
  +--> ?PR?AD_KEY_GET_KEY_VAL?AD_KEY

?PR?AD_KEY_GET_KEY_VAL?AD_KEY                    -----    -----      -----    -----      60DBH    0001H
  +--> ?PR?_ADC_GET_UPDATE_FLAG?ADC
  +--> ?PR?_ADC_CLEAR_UPDATE_FLAG?ADC
  +--> ?PR?_ADC_GET_VAL?ADC
  +--> ?PR?_AD_KEY_VAL_TO_AD_KEY_INDEX?AD_KEY

?PR?_AD_KEY_VAL_TO_AD_KEY_INDEX?AD_KEY           -----    -----      -----    -----      60DCH    0002H

*** NEW ROOT ***************************************************

?PR?ADC_IRQHANDLER?ADC                           -----    -----      -----    -----      610AH    0002H
  +--> ?PR?ADC
  +--> ?PR?_ADC_UPDATE_VAL?ADC
  +--> ?PR?BATTERY_VOLTAGE_UPDATE_BY_ISR?BAT...

?PR?BATTERY_VOLTAGE_UPDATE_BY_ISR?BAT...         -----    -----      -----    -----      610CH    0004H
  +--> ?PR?_ADC_GET_UPDATE_FLAG?ADC
  +--> ?PR?_ADC_CLEAR_UPDATE_FLAG?ADC
  +--> ?PR?_ADC_GET_VAL?ADC
  +--> ?PR?_GET_BATTERY_VOLTAGE_BY_ADC?BAT_SCAN
  +--> ?PR?BAT_SCAN
  +--> ?PR?_BAT_VOL_HISTORY_BUFF_INIT?BAT_SCAN
  +--> ?PR?_LED_BAT_LEV_INIT_BY_VOL?LED_BAT_LEV
  +--> ?PR?_BAT_CHARGE_TIME_CNT_UPDATE?BATTE...
  +--> ?PR?_BAT_DISCHARGE_TIME_CNT_UPDATE?BA...
  +--> ?CO?BAT_SCAN
  +--> ?PR?PRINTF?PRINTF

BL51 BANKED LINKER/LOCATER V6.22.4.0                                                  07/20/2026  17:18:27  PAGE 9


?PR?_BAT_VOL_HISTORY_BUFF_INIT?BAT_SCAN          -----    -----      -----    -----      -----    -----
  +--> ?PR?BAT_SCAN

?PR?_BAT_DISCHARGE_TIME_CNT_UPDATE?BA...         -----    -----      -----    -----      6138H    0002H
  +--> ?PR?BATTERY_MONITOR

*** NEW ROOT ***************************************************

?PR?TIMR0_IRQHANDLER?TIMER0                      -----    -----      -----    -----      -----    -----
  +--> ?PR?ADC_SCAN?ADC
  +--> ?PR?CHARGE_DET_TIME_ADD?CHARGE_DET
  +--> ?PR?UART_RECEIVER_TIMEOUT_ADD?UART_DA...
  +--> ?PR?BAT_VOL_UPDATE_TIMER_CALLBACK?BAT...
  +--> ?PR?BAT_VOL_HISTORY_BUFF_ADD_TIMER_CA...
  +--> ?PR?BAT_GET_AVG_VOL_PERIOD_ADD?BAT_SCAN
  +--> ?PR?LED_SLOW_ADJUST_ISR?LED
  +--> ?PR?LED_RED_BLUE_FLASH_1MS_ISR?LED
  +--> ?PR?LOW_POWER_ENTER_TIMER_CALLBACK?LO...
  +--> ?PR?SEND_LOW_BAT_TIMER_CALLBACK?BATTE...
  +--> ?PR?LED_BAT_LEV_DISLPLAY_1MS_ISR?LED_...
  +--> ?PR?BATTTERY_MONITOR_1MS_ISR?BATTERY_...
  +--> ?PR?DEBUG_TIME_ADD?USER_TEST

?PR?ADC_SCAN?ADC                                 -----    -----      -----    -----      -----    -----
  +--> ?PR?ADC

?PR?BAT_VOL_HISTORY_BUFF_ADD_TIMER_CA...         -----    -----      -----    -----      -----    -----
  +--> ?PR?BAT_SCAN
  +--> ?PR?_BAT_VOL_HISTORY_BUFF_ADD?BAT_SCAN
  +--> ?CO?BAT_SCAN
  +--> ?PR?PRINTF?PRINTF

?PR?_BAT_VOL_HISTORY_BUFF_ADD?BAT_SCAN           -----    -----      -----    -----      -----    -----
  +--> ?PR?BAT_SCAN

?PR?BAT_GET_AVG_VOL_PERIOD_ADD?BAT_SCAN          -----    -----      -----    -----      -----    -----
  +--> ?PR?BAT_SCAN

?PR?LED_SLOW_ADJUST_ISR?LED                      -----    -----      -----    -----      -----    -----
  +--> ?PR?LED
  +--> ?PR?_PWM_SET_CHANNEL_0_DUTY?PWM
  +--> ?PR?_PWM_SET_CHANNEL_1_DUTY?PWM

?PR?LED_RED_BLUE_FLASH_1MS_ISR?LED               -----    -----      -----    -----      6138H    0002H
  +--> ?PR?LED

?PR?LOW_POWER_ENTER_TIMER_CALLBACK?LO...         -----    -----      -----    -----      -----    -----
  +--> ?PR?IS_LOW_POWER_CONDITION_ESTABLISH?...

?PR?SEND_LOW_BAT_TIMER_CALLBACK?BATTE...         -----    -----      -----    -----      -----    -----
  +--> ?PR?BATTERY_MONITOR

?PR?LED_BAT_LEV_DISLPLAY_1MS_ISR?LED_...         -----    -----      -----    -----      -----    -----
  +--> ?PR?LED_BAT_LEV_STA_IDLE_HANDLE?LED_B...
  +--> ?PR?LED_BAT_LEV_STA_CHARGE_BEGIN_HAND...
  +--> ?PR?LED_BAT_LEV_STA_CHARGE_BEGIN_ANIM...
  +--> ?PR?LED_BAT_LEV_STA_CHARGING_HANDLE?L...
BL51 BANKED LINKER/LOCATER V6.22.4.0                                                  07/20/2026  17:18:27  PAGE 10


  +--> ?PR?LED_BAT_LEV_STA_CHARGE_END_HANDLE...
  +--> ?PR?LED_BAT_LEV_STA_ALERT_HANDLE?LED_...
  +--> ?PR?LED_BAT_LEV_STA_DISCHARGE_HANDLE?...

?PR?LED_BAT_LEV_STA_IDLE_HANDLE?LED_B...         -----    -----      -----    -----      -----    -----
  +--> ?PR?LED_BAT_LEV

?PR?LED_BAT_LEV_STA_CHARGE_BEGIN_HAND...         -----    -----      -----    -----      -----    -----
  +--> ?PR?LED_BAT_LEV

?PR?LED_BAT_LEV_STA_CHARGE_BEGIN_ANIM...         -----    -----      -----    -----      -----    -----
  +--> ?PR?LED_BAT_LEV

?PR?LED_BAT_LEV_STA_CHARGING_HANDLE?L...         -----    -----      -----    -----      -----    -----
  +--> ?PR?LED_BAT_LEV

?PR?LED_BAT_LEV_STA_ALERT_HANDLE?LED_...         -----    -----      -----    -----      -----    -----
  +--> ?PR?LED_BAT_LEV

?PR?LED_BAT_LEV_STA_DISCHARGE_HANDLE?...         -----    -----      -----    -----      6138H    0001H
  +--> ?PR?LED_BAT_LEV
  +--> ?CO?LED_BAT_LEV
  +--> ?PR?PRINTF?PRINTF

?PR?BATTTERY_MONITOR_1MS_ISR?BATTERY_...         -----    -----      -----    -----      -----    -----
  +--> ?PR?BATTERY_MONITOR
  +--> ?PR?_BAT_VOL_HISTORY_BUFF_INIT?BAT_SCAN
  +--> ?PR?_BAT_DISCHARGE_TIME_CNT_UPDATE?BA...
  +--> ?PR?_BAT_CHARGE_TIME_CNT_UPDATE?BATTE...
  +--> ?CO?BATTERY_MONITOR
  +--> ?PR?PRINTF?PRINTF

*** NEW ROOT ***************************************************

?PR?TIMR1_IRQHANDLER?TIMER1                      -----    -----      -----    -----      -----    -----
  +--> ?PR?DETECT_1KHZ_SIGNAL_100US?CHARGE_DET
  +--> ?PR?DETECT_DISCHARGE_1KHZ_SIGNAL_100U...

?PR?DETECT_1KHZ_SIGNAL_100US?CHARGE_DET          -----    -----      -----    -----      6161H    0001H
  +--> ?PR?CHARGE_DET

?PR?DETECT_DISCHARGE_1KHZ_SIGNAL_100U...         -----    -----      -----    -----      6161H    0001H
  +--> ?PR?CHARGE_DET

*** NEW ROOT ***************************************************

?PR?UART0_IRQHANDLER?UART0                       -----    -----      -----    -----      6162H    0001H
  +--> ?PR?_UART0_RXBUFFER_PUT_BYTE?UART0

?PR?_UART0_RXBUFFER_PUT_BYTE?UART0               -----    -----      -----    -----      -----    -----
  +--> ?PR?UART0



SYMBOL TABLE OF MODULE:  .\Release\Objects\Demo (?C_STARTUP)

  VALUE           TYPE          NAME
BL51 BANKED LINKER/LOCATER V6.22.4.0                                                  07/20/2026  17:18:27  PAGE 11


  ----------------------------------

  -------         MODULE        ?C_STARTUP
  C:20BBH         SEGMENT       ?C_C51STARTUP
  I:0024H         SEGMENT       ?STACK
  C:0000H         PUBLIC        ?C_STARTUP
  D:00E0H         SYMBOL        ACC
  D:00F0H         SYMBOL        B
  D:0083H         SYMBOL        DPH
  D:0082H         SYMBOL        DPL
  N:0000H         SYMBOL        IBPSTACK
  N:0100H         SYMBOL        IBPSTACKTOP
  N:0080H         SYMBOL        IDATALEN
  C:20BEH         SYMBOL        IDATALOOP
  N:0000H         SYMBOL        PBPSTACK
  N:0100H         SYMBOL        PBPSTACKTOP
  N:0000H         SYMBOL        PDATALEN
  N:0000H         SYMBOL        PDATASTART
  N:0000H         SYMBOL        PPAGE
  N:0000H         SYMBOL        PPAGEENABLE
  D:00A0H         SYMBOL        PPAGE_SFR
  D:0081H         SYMBOL        SP
  C:20BBH         SYMBOL        STARTUP1
  N:0000H         SYMBOL        XBPSTACK
  N:0000H         SYMBOL        XBPSTACKTOP
  N:0000H         SYMBOL        XDATALEN
  N:0000H         SYMBOL        XDATASTART
  C:0000H         LINE#         126
  C:20BBH         LINE#         133
  C:20BDH         LINE#         134
  C:20BEH         LINE#         135
  C:20BFH         LINE#         136
  C:20C1H         LINE#         185
  C:20C4H         LINE#         196
  -------         ENDMOD        ?C_STARTUP

  -------         MODULE        SYSTEM
  C:0000H         SYMBOL        _ICE_DUMMY_
  D:00A7H         PUBLIC        FLASH_TIMEREG0
  D:00ACH         PUBLIC        FLASH_TIMEREG1
  C:3229H         PUBLIC        _delay
  C:30DDH         PUBLIC        _delay_ms
  C:1ACAH         PUBLIC        system_init
  -------         PROC          _DELAY
  D:0006H         SYMBOL        cnt
  C:3229H         LINE#         37
  C:3229H         LINE#         38
  C:3229H         LINE#         39
  C:3233H         LINE#         40
  C:3233H         LINE#         41
  C:3233H         LINE#         42
  -------         ENDPROC       _DELAY
  -------         PROC          _DELAY_MS
  D:0002H         SYMBOL        ms
  C:30DDH         LINE#         49
  C:30E1H         LINE#         50
  C:30E1H         LINE#         51
BL51 BANKED LINKER/LOCATER V6.22.4.0                                                  07/20/2026  17:18:27  PAGE 12


  C:30EBH         LINE#         52
  C:30EBH         LINE#         53
  C:30F2H         LINE#         54
  C:30F4H         LINE#         55
  -------         ENDPROC       _DELAY_MS
  -------         PROC          SYSTEM_INIT
  -------         DO            
  D:0007H         SYMBOL        i
  -------         ENDDO         
  C:1ACAH         LINE#         62
  C:1ACAH         LINE#         63
  C:1ACAH         LINE#         66
  C:1AD1H         LINE#         67
  C:1ADEH         LINE#         68
  C:1AE1H         LINE#         69
  C:1AE4H         LINE#         70
  C:1AEAH         LINE#         71
  C:1AF0H         LINE#         72
  C:1AF6H         LINE#         76
  C:1AF8H         LINE#         77
  C:1AF8H         LINE#         78
  C:1B05H         LINE#         79
  C:1B0AH         LINE#         81
  C:1B98H         LINE#         82
  -------         ENDPROC       SYSTEM_INIT
  -------         ENDMOD        SYSTEM

  -------         MODULE        ADC
  C:0000H         SYMBOL        _ICE_DUMMY_
  D:00A8H         PUBLIC        IE0
  D:00A9H         PUBLIC        IE1
  D:00AAH         PUBLIC        IE2
  D:00ABH         PUBLIC        IE3
  B:00A8H.7       PUBLIC        IE_EA
  D:00B8H         PUBLIC        IP0
  D:00B1H         PUBLIC        IP1
  D:00B2H         PUBLIC        IP2
  D:00B3H         PUBLIC        IP3
  D:00B4H         PUBLIC        IP4
  D:00B5H         PUBLIC        IP5
  D:00B6H         PUBLIC        IP6
  D:00B7H         PUBLIC        IP7
  D:0093H         PUBLIC        ADC_DATAH0
  D:0094H         PUBLIC        ADC_DATAL0
  D:0099H         PUBLIC        ADC_CHS0
  X:629AH         PUBLIC        cur_adc_status
  C:31B2H         PUBLIC        adc_pin_init
  C:2F94H         PUBLIC        adc_init
  C:2658H         PUBLIC        adc_scan
  C:317CH         PUBLIC        adc_init_when_low_pwr_out
  C:2BDBH         PUBLIC        _adc_update_val
  C:2DFEH         PUBLIC        _adc_get_val
  C:2F05H         PUBLIC        _adc_get_update_flag
  C:0024H         PUBLIC        _adc_clear_update_flag
  C:290BH         PUBLIC        _adc_channel_sel
  C:310DH         PUBLIC        adc_get_val_once
  X:629BH         SYMBOL        adc_adkey_val
BL51 BANKED LINKER/LOCATER V6.22.4.0                                                  07/20/2026  17:18:27  PAGE 13


  B:0023H.3       SYMBOL        flag_is_adkey_val_update
  X:629DH         SYMBOL        adc_bat_det_val
  B:0023H.4       SYMBOL        flag_is_adc_bat_det_val_update
  X:629FH         SYMBOL        adc_solar_det_val
  B:0023H.5       SYMBOL        flag_is_adc_solar_det_val_update
  X:62A1H         SYMBOL        adc_type_c_det_val
  B:0023H.6       SYMBOL        flag_is_adc_type_c_det_val_update
  C:21D2H         PUBLIC        ADC_IRQHandler
  C:2E2CH         SYMBOL        Com0067
  C:2E2CH         SYMBOL        L?0104
  C:2E2CH         SYMBOL        L?0105
  C:2E36H         SYMBOL        L?0106
  C:2E36H         SYMBOL        L?0107
  C:2E3FH         SYMBOL        L?0108
  C:2E3FH         SYMBOL        L?0109
  C:2E46H         SYMBOL        L?0110
  C:2E50H         SYMBOL        L?0111
  -------         PROC          COM0067
  -------         ENDPROC       COM0067
  -------         PROC          ADC_PIN_INIT
  C:31B2H         LINE#         26
  C:31B2H         LINE#         27
  C:31B2H         LINE#         29
  C:31B8H         LINE#         32
  C:31BEH         LINE#         35
  C:31C2H         LINE#         36
  -------         ENDPROC       ADC_PIN_INIT
  -------         PROC          ADC_INIT
  C:2F94H         LINE#         38
  C:2F94H         LINE#         39
  C:2F94H         LINE#         40
  C:2F99H         LINE#         42
  C:2F9FH         LINE#         46
  C:2FA2H         LINE#         47
  C:2FA4H         LINE#         49
  C:2FAAH         LINE#         51
  C:2FAFH         LINE#         54
  -------         ENDPROC       ADC_INIT
  -------         PROC          _ADC_UPDATE_VAL
  D:0007H         SYMBOL        adc_channel
  D:0004H         SYMBOL        adc_val
  C:2BDBH         LINE#         63
  C:2BDBH         LINE#         64
  C:2BDBH         LINE#         65
  C:2BEAH         LINE#         66
  C:2BEAH         LINE#         67
  C:2BEAH         LINE#         68
  C:2BF2H         LINE#         69
  C:2BF4H         LINE#         70
  C:2BF5H         LINE#         71
  C:2BF5H         LINE#         72
  C:2BFDH         LINE#         73
  C:2BFFH         LINE#         74
  C:2C00H         LINE#         75
  C:2C00H         LINE#         76
  C:2C08H         LINE#         77
  C:2C0AH         LINE#         78
BL51 BANKED LINKER/LOCATER V6.22.4.0                                                  07/20/2026  17:18:27  PAGE 14


  C:2C0BH         LINE#         79
  C:2C0BH         LINE#         80
  C:2C15H         LINE#         81
  C:2C17H         LINE#         82
  C:2C17H         LINE#         83
  C:2C17H         LINE#         84
  -------         ENDPROC       _ADC_UPDATE_VAL
  -------         PROC          _ADC_GET_VAL
  D:0007H         SYMBOL        adc_channel
  -------         DO            
  D:0004H         SYMBOL        ret
  -------         ENDDO         
  C:2DFEH         LINE#         86
  C:2DFEH         LINE#         87
  C:2DFEH         LINE#         88
  C:2E01H         LINE#         89
  C:2E10H         LINE#         90
  C:2E10H         LINE#         91
  C:2E10H         LINE#         92
  C:2E13H         LINE#         93
  C:2E15H         LINE#         94
  C:2E15H         LINE#         95
  C:2E18H         LINE#         96
  C:2E1AH         LINE#         97
  C:2E1AH         LINE#         98
  C:2E1DH         LINE#         99
  C:2E1FH         LINE#         100
  C:2E1FH         LINE#         101
  C:2E27H         LINE#         102
  C:2E27H         LINE#         104
  C:2E27H         LINE#         105
  C:2E27H         LINE#         106
  C:2E27H         LINE#         108
  C:2E2BH         LINE#         109
  -------         ENDPROC       _ADC_GET_VAL
  -------         PROC          _ADC_GET_UPDATE_FLAG
  D:0007H         SYMBOL        adc_channel
  -------         DO            
  D:0006H         SYMBOL        ret
  -------         ENDDO         
  C:2F05H         LINE#         112
  C:2F05H         LINE#         113
  C:2F05H         LINE#         114
  C:2F07H         LINE#         115
  C:2F16H         LINE#         116
  C:2F16H         LINE#         117
  C:2F16H         LINE#         118
  C:2F18H         LINE#         119
  C:2F1AH         LINE#         120
  C:2F1AH         LINE#         121
  C:2F1CH         LINE#         122
  C:2F1EH         LINE#         123
  C:2F1EH         LINE#         124
  C:2F20H         LINE#         125
  C:2F22H         LINE#         126
  C:2F22H         LINE#         127
  C:2F27H         LINE#         128
BL51 BANKED LINKER/LOCATER V6.22.4.0                                                  07/20/2026  17:18:27  PAGE 15


  C:2F27H         LINE#         130
  C:2F27H         LINE#         131
  C:2F27H         LINE#         132
  C:2F27H         LINE#         134
  C:2F29H         LINE#         135
  -------         ENDPROC       _ADC_GET_UPDATE_FLAG
  -------         PROC          _ADC_CLEAR_UPDATE_FLAG
  D:0007H         SYMBOL        adc_channel
  C:0024H         LINE#         138
  C:0024H         LINE#         139
  C:0024H         LINE#         140
  C:0033H         LINE#         141
  C:0033H         LINE#         142
  C:0033H         LINE#         143
  C:0035H         LINE#         144
  C:0036H         LINE#         145
  C:0036H         LINE#         146
  C:0038H         LINE#         147
  C:0039H         LINE#         148
  C:0039H         LINE#         149
  C:003BH         LINE#         150
  C:003CH         LINE#         151
  C:003CH         LINE#         152
  C:003EH         LINE#         153
  C:003EH         LINE#         155
  C:003EH         LINE#         156
  C:003EH         LINE#         157
  C:003EH         LINE#         158
  -------         ENDPROC       _ADC_CLEAR_UPDATE_FLAG
  -------         PROC          _ADC_CHANNEL_SEL
  D:0007H         SYMBOL        adc_channel
  C:290BH         LINE#         160
  C:290BH         LINE#         161
  C:290BH         LINE#         162
  C:2912H         LINE#         166
  C:2921H         LINE#         167
  C:2921H         LINE#         168
  C:2921H         LINE#         170
  C:2928H         LINE#         172
  C:292BH         LINE#         173
  C:292DH         LINE#         174
  C:292DH         LINE#         175
  C:2934H         LINE#         178
  C:2937H         LINE#         180
  C:2939H         LINE#         181
  C:2939H         LINE#         185
  C:2940H         LINE#         188
  C:2943H         LINE#         189
  C:2945H         LINE#         191
  C:2945H         LINE#         192
  C:294CH         LINE#         195
  C:294FH         LINE#         196
  C:294FH         LINE#         198
  C:294FH         LINE#         199
  C:294FH         LINE#         200
  C:294FH         LINE#         202
  C:2955H         LINE#         204
BL51 BANKED LINKER/LOCATER V6.22.4.0                                                  07/20/2026  17:18:27  PAGE 16


  -------         ENDPROC       _ADC_CHANNEL_SEL
  -------         PROC          ADC_INIT_WHEN_LOW_PWR_OUT
  C:317CH         LINE#         207
  C:317CH         LINE#         208
  C:317CH         LINE#         209
  C:3182H         LINE#         212
  C:3188H         LINE#         213
  C:318DH         LINE#         215
  -------         ENDPROC       ADC_INIT_WHEN_LOW_PWR_OUT
  -------         PROC          ADC_GET_VAL_ONCE
  C:310DH         LINE#         218
  C:310DH         LINE#         219
  C:310DH         LINE#         220
  C:3113H         LINE#         221
  C:3119H         LINE#         223
  C:311BH         LINE#         224
  C:3123H         LINE#         225
  -------         ENDPROC       ADC_GET_VAL_ONCE
  -------         PROC          ADC_SCAN
  C:2658H         LINE#         228
  C:2658H         LINE#         229
  C:2658H         LINE#         231
  C:267EH         LINE#         232
  C:267EH         LINE#         233
  C:267EH         LINE#         235
  C:267EH         LINE#         236
  C:2680H         LINE#         237
  C:2686H         LINE#         238
  C:2687H         LINE#         239
  C:2687H         LINE#         241
  C:2687H         LINE#         242
  C:268DH         LINE#         243
  C:268EH         LINE#         244
  C:268EH         LINE#         245
  C:2690H         LINE#         246
  C:2696H         LINE#         247
  C:2697H         LINE#         248
  C:2697H         LINE#         253
  C:2697H         LINE#         254
  C:269DH         LINE#         255
  C:269EH         LINE#         256
  C:269EH         LINE#         257
  C:26A0H         LINE#         258
  C:26A6H         LINE#         259
  C:26A7H         LINE#         260
  C:26A7H         LINE#         261
  C:26A7H         LINE#         262
  C:26ADH         LINE#         263
  C:26AEH         LINE#         264
  C:26AEH         LINE#         265
  C:26B0H         LINE#         266
  C:26B6H         LINE#         267
  C:26B7H         LINE#         268
  C:26B7H         LINE#         269
  C:26B7H         LINE#         270
  C:26BDH         LINE#         271
  C:26BDH         LINE#         273
BL51 BANKED LINKER/LOCATER V6.22.4.0                                                  07/20/2026  17:18:27  PAGE 17


  C:26BDH         LINE#         274
  C:26BDH         LINE#         275
  C:26BDH         LINE#         276
  -------         ENDPROC       ADC_SCAN
  -------         PROC          ADC_IRQHANDLER
  -------         DO            
  X:610AH         SYMBOL        adc_val
  -------         ENDDO         
  C:21D2H         LINE#         278
  C:21EFH         LINE#         283
  C:21EFH         LINE#         287
  C:21F5H         LINE#         288
  C:21F5H         LINE#         289
  C:21F8H         LINE#         290
  C:2207H         LINE#         292
  C:221BH         LINE#         293
  C:221BH         LINE#         294
  C:221BH         LINE#         295
  C:2220H         LINE#         296
  C:2222H         LINE#         297
  C:2222H         LINE#         298
  C:222AH         LINE#         299
  C:222DH         LINE#         300
  C:222FH         LINE#         301
  C:222FH         LINE#         302
  C:2234H         LINE#         303
  C:2236H         LINE#         304
  C:2236H         LINE#         305
  C:223EH         LINE#         306
  C:223EH         LINE#         308
  C:223EH         LINE#         309
  C:223EH         LINE#         310
  C:223EH         LINE#         311
  C:223EH         LINE#         314
  C:223EH         LINE#         315
  -------         ENDPROC       ADC_IRQHANDLER
  -------         ENDMOD        ADC

  -------         MODULE        PWM
  C:0000H         SYMBOL        _ICE_DUMMY_
  B:00A0H.7       PUBLIC        P27
  B:00B0H.0       PUBLIC        P30
  C:2147H         PUBLIC        pwm_init
  C:323EH         PUBLIC        _pwm_set_channel_0_duty
  C:3247H         PUBLIC        _pwm_set_channel_1_duty
  C:313BH         SYMBOL        Com0004
  C:313BH         SYMBOL        L?0005
  C:3146H         SYMBOL        L?0006
  -------         PROC          COM0004
  -------         ENDPROC       COM0004
  -------         PROC          PWM_INIT
  C:2147H         LINE#         3
  C:2147H         LINE#         4
  C:2147H         LINE#         6
  C:214DH         LINE#         7
  C:2151H         LINE#         9
  C:2153H         LINE#         10
BL51 BANKED LINKER/LOCATER V6.22.4.0                                                  07/20/2026  17:18:27  PAGE 18


  C:2158H         LINE#         13
  C:215EH         LINE#         14
  C:2162H         LINE#         16
  C:2164H         LINE#         17
  C:2169H         LINE#         21
  C:216FH         LINE#         22
  C:2174H         LINE#         23
  C:2179H         LINE#         24
  C:217DH         LINE#         25
  C:217FH         LINE#         26
  C:217FH         LINE#         27
  C:217FH         LINE#         29
  C:2185H         LINE#         30
  C:218BH         LINE#         31
  C:2191H         LINE#         32
  C:2197H         LINE#         33
  C:219DH         LINE#         37
  C:21A3H         LINE#         38
  C:21A8H         LINE#         39
  C:21ADH         LINE#         40
  C:21B1H         LINE#         41
  C:21B3H         LINE#         42
  C:21B3H         LINE#         43
  C:21B3H         LINE#         45
  C:21B9H         LINE#         46
  C:21BFH         LINE#         47
  C:21C5H         LINE#         48
  C:21CBH         LINE#         49
  C:21D1H         LINE#         50
  -------         ENDPROC       PWM_INIT
  -------         PROC          _PWM_SET_CHANNEL_0_DUTY
  D:0004H         SYMBOL        channel_duty
  C:323EH         LINE#         53
  C:323EH         LINE#         54
  C:323EH         LINE#         55
  C:3240H         LINE#         56
  C:3240H         LINE#         57
  C:3246H         LINE#         58
  -------         ENDPROC       _PWM_SET_CHANNEL_0_DUTY
  -------         PROC          _PWM_SET_CHANNEL_1_DUTY
  D:0004H         SYMBOL        channel_duty
  C:3247H         LINE#         61
  C:3247H         LINE#         62
  C:3247H         LINE#         63
  C:3249H         LINE#         64
  C:3249H         LINE#         65
  C:324FH         LINE#         66
  -------         ENDPROC       _PWM_SET_CHANNEL_1_DUTY
  -------         ENDMOD        PWM

  -------         MODULE        TIMER0
  C:0000H         SYMBOL        _ICE_DUMMY_
  D:00A8H         PUBLIC        IE0
  D:00A9H         PUBLIC        IE1
  D:00AAH         PUBLIC        IE2
  D:00ABH         PUBLIC        IE3
  B:00A8H.7       PUBLIC        IE_EA
BL51 BANKED LINKER/LOCATER V6.22.4.0                                                  07/20/2026  17:18:27  PAGE 19


  D:00B8H         PUBLIC        IP0
  D:00B1H         PUBLIC        IP1
  D:00B2H         PUBLIC        IP2
  D:00B3H         PUBLIC        IP3
  D:00B4H         PUBLIC        IP4
  D:00B5H         PUBLIC        IP5
  D:00B6H         PUBLIC        IP6
  D:00B7H         PUBLIC        IP7
  D:00D1H         PUBLIC        TMR_ALLCON
  C:3074H         PUBLIC        timer0_init
  C:23D3H         PUBLIC        TIMR0_IRQHandler
  -------         PROC          TIMER0_INIT
  C:3074H         LINE#         12
  C:3074H         LINE#         13
  C:3074H         LINE#         14
  C:3077H         LINE#         15
  C:3079H         LINE#         17
  C:307CH         LINE#         18
  C:3081H         LINE#         19
  C:3085H         LINE#         20
  C:308AH         LINE#         21
  C:308EH         LINE#         22
  -------         ENDPROC       TIMER0_INIT
  -------         PROC          TIMR0_IRQHANDLER
  C:23D3H         LINE#         26
  C:23F0H         LINE#         29
  C:23F0H         LINE#         34
  C:23F6H         LINE#         35
  C:23F6H         LINE#         36
  C:23FAH         LINE#         42
  C:2400H         LINE#         43
  C:2403H         LINE#         45
  C:2406H         LINE#         46
  C:2409H         LINE#         49
  C:240CH         LINE#         50
  C:240FH         LINE#         51
  C:2412H         LINE#         53
  C:2415H         LINE#         54
  C:2418H         LINE#         57
  C:241BH         LINE#         58
  C:241EH         LINE#         60
  C:2421H         LINE#         62
  C:2424H         LINE#         65
  C:2427H         LINE#         68
  C:2427H         LINE#         71
  C:2427H         LINE#         72
  -------         ENDPROC       TIMR0_IRQHANDLER
  -------         ENDMOD        TIMER0

  -------         MODULE        TIMER1
  C:0000H         SYMBOL        _ICE_DUMMY_
  D:00A8H         PUBLIC        IE0
  D:00A9H         PUBLIC        IE1
  D:00AAH         PUBLIC        IE2
  D:00ABH         PUBLIC        IE3
  B:00A8H.7       PUBLIC        IE_EA
  D:00B8H         PUBLIC        IP0
BL51 BANKED LINKER/LOCATER V6.22.4.0                                                  07/20/2026  17:18:27  PAGE 20


  D:00B1H         PUBLIC        IP1
  D:00B2H         PUBLIC        IP2
  D:00B3H         PUBLIC        IP3
  D:00B4H         PUBLIC        IP4
  D:00B5H         PUBLIC        IP5
  D:00B6H         PUBLIC        IP6
  D:00B7H         PUBLIC        IP7
  D:00D1H         PUBLIC        TMR_ALLCON
  C:308FH         PUBLIC        timer1_init
  C:2A35H         PUBLIC        TIMR1_IRQHandler
  -------         PROC          TIMER1_INIT
  C:308FH         LINE#         9
  C:308FH         LINE#         10
  C:308FH         LINE#         12
  C:3092H         LINE#         13
  C:3094H         LINE#         15
  C:3097H         LINE#         16
  C:309CH         LINE#         17
  C:30A0H         LINE#         18
  C:30A5H         LINE#         19
  C:30A9H         LINE#         23
  -------         ENDPROC       TIMER1_INIT
  -------         PROC          TIMR1_IRQHANDLER
  C:2A35H         LINE#         27
  C:2A52H         LINE#         30
  C:2A52H         LINE#         34
  C:2A58H         LINE#         35
  C:2A58H         LINE#         36
  C:2A5CH         LINE#         39
  C:2A5FH         LINE#         40
  C:2A62H         LINE#         41
  C:2A62H         LINE#         44
  C:2A62H         LINE#         45
  -------         ENDPROC       TIMR1_IRQHANDLER
  -------         ENDMOD        TIMER1

  -------         MODULE        UART0
  C:0000H         SYMBOL        _ICE_DUMMY_
  D:00A8H         PUBLIC        IE0
  D:00A9H         PUBLIC        IE1
  D:00AAH         PUBLIC        IE2
  D:00ABH         PUBLIC        IE3
  B:00A8H.7       PUBLIC        IE_EA
  D:00B8H         PUBLIC        IP0
  D:00B1H         PUBLIC        IP1
  D:00B2H         PUBLIC        IP2
  D:00B3H         PUBLIC        IP3
  D:00B4H         PUBLIC        IP4
  D:00B5H         PUBLIC        IP5
  D:00B6H         PUBLIC        IP6
  D:00B7H         PUBLIC        IP7
  D:00D2H         PUBLIC        UART0_CON0
  D:00D4H         PUBLIC        UART0_STA
  D:00D5H         PUBLIC        UART0_BAUD0
  D:00D6H         PUBLIC        UART0_BAUD1
  D:00D7H         PUBLIC        UART0_DATA
  C:2C18H         PUBLIC        uart0_init
BL51 BANKED LINKER/LOCATER V6.22.4.0                                                  07/20/2026  17:18:27  PAGE 21


  C:326AH         PUBLIC        _uart0_sendbyte
  C:2F4EH         PUBLIC        _uart0_sendbuf
  C:3250H         PUBLIC        uart0_rxbuffer_get_count
  C:2B99H         PUBLIC        uart0_rxbuffer_get_byte
  C:3262H         PUBLIC        _putchar
  X:6163H         PUBLIC        uart0_rx_buffer
  C:2B0DH         SYMBOL        _uart0_rxbuffer_put_byte
  C:2D63H         PUBLIC        UART0_IRQHandler
  C:3282H         SYMBOL        Com004A
  C:3282H         SYMBOL        L?0075
  C:3282H         SYMBOL        L?0076
  -------         PROC          COM004A
  -------         ENDPROC       COM004A
  -------         PROC          _PUTCHAR
  D:0007H         SYMBOL        c
  C:3262H         LINE#         8
  C:3262H         LINE#         9
  C:3262H         LINE#         10
  C:3267H         LINE#         12
  C:3269H         LINE#         13
  C:3269H         LINE#         14
  -------         ENDPROC       _PUTCHAR
  -------         PROC          UART0_INIT
  C:2C18H         LINE#         17
  C:2C18H         LINE#         18
  C:2C18H         LINE#         19
  C:2C1EH         LINE#         20
  C:2C22H         LINE#         21
  C:2C29H         LINE#         23
  C:2C2FH         LINE#         24
  C:2C35H         LINE#         25
  C:2C3BH         LINE#         27
  C:2C3EH         LINE#         28
  C:2C41H         LINE#         29
  C:2C44H         LINE#         33
  C:2C4CH         LINE#         34
  C:2C4FH         LINE#         35
  C:2C51H         LINE#         36
  -------         ENDPROC       UART0_INIT
  -------         PROC          _UART0_SENDBYTE
  D:0007H         SYMBOL        byte
  C:326AH         LINE#         39
  C:326AH         LINE#         40
  C:326AH         LINE#         41
  C:326FH         LINE#         44
  C:3271H         LINE#         48
  -------         ENDPROC       _UART0_SENDBYTE
  -------         PROC          _UART0_SENDBUF
  X:60E5H         SYMBOL        buf
  D:0005H         SYMBOL        len
  -------         DO            
  D:0006H         SYMBOL        i
  -------         ENDDO         
  C:2F4EH         LINE#         50
  C:2F54H         LINE#         51
  C:2F54H         LINE#         52
  C:2F56H         LINE#         53
BL51 BANKED LINKER/LOCATER V6.22.4.0                                                  07/20/2026  17:18:27  PAGE 22


  C:2F5BH         LINE#         54
  C:2F5BH         LINE#         55
  C:2F6DH         LINE#         56
  C:2F70H         LINE#         57
  -------         ENDPROC       _UART0_SENDBUF
  -------         PROC          UART0_RXBUFFER_GET_COUNT
  C:3250H         LINE#         60
  C:3250H         LINE#         61
  C:3250H         LINE#         62
  C:3258H         LINE#         63
  -------         ENDPROC       UART0_RXBUFFER_GET_COUNT
  -------         PROC          UART0_RXBUFFER_GET_BYTE
  -------         DO            
  D:0007H         SYMBOL        rxbyte
  -------         ENDDO         
  C:2B99H         LINE#         66
  C:2B99H         LINE#         67
  C:2B99H         LINE#         70
  C:2BA3H         LINE#         71
  C:2BA3H         LINE#         73
  C:2BA5H         LINE#         74
  C:2BA5H         LINE#         80
  C:2BABH         LINE#         81
  C:2BBAH         LINE#         82
  C:2BBAH         LINE#         83
  C:2BBEH         LINE#         84
  C:2BBEH         LINE#         85
  C:2BD0H         LINE#         87
  C:2BDAH         LINE#         89
  C:2BDAH         LINE#         90
  -------         ENDPROC       UART0_RXBUFFER_GET_BYTE
  -------         PROC          _UART0_RXBUFFER_PUT_BYTE
  D:0007H         SYMBOL        byte
  C:2B0DH         LINE#         92
  C:2B0DH         LINE#         93
  C:2B0DH         LINE#         100
  C:2B13H         LINE#         101
  C:2B22H         LINE#         102
  C:2B22H         LINE#         103
  C:2B26H         LINE#         104
  C:2B26H         LINE#         105
  C:2B38H         LINE#         107
  C:2B3EH         LINE#         108
  C:2B4DH         LINE#         109
  C:2B4DH         LINE#         110
  C:2B53H         LINE#         111
  C:2B53H         LINE#         112
  -------         ENDPROC       _UART0_RXBUFFER_PUT_BYTE
  -------         PROC          UART0_IRQHANDLER
  -------         DO            
  X:6162H         SYMBOL        recv_byte
  -------         ENDDO         
  C:2D63H         LINE#         115
  C:2D76H         LINE#         118
  C:2D76H         LINE#         121
  C:2D7BH         LINE#         122
  C:2D7BH         LINE#         123
BL51 BANKED LINKER/LOCATER V6.22.4.0                                                  07/20/2026  17:18:27  PAGE 23


  C:2D81H         LINE#         124
  C:2D86H         LINE#         127
  C:2D86H         LINE#         129
  C:2D86H         LINE#         130
  -------         ENDPROC       UART0_IRQHANDLER
  -------         ENDMOD        UART0

  -------         MODULE        MAIN
  C:0000H         SYMBOL        _ICE_DUMMY_
  D:00D9H         PUBLIC        WDT_KEY
  C:2E5AH         PUBLIC        user_init
  C:27CBH         PUBLIC        main
  -------         PROC          USER_INIT
  C:2E5AH         LINE#         37
  C:2E5AH         LINE#         38
  C:2E5AH         LINE#         39
  C:2E5DH         LINE#         40
  C:2E60H         LINE#         41
  C:2E63H         LINE#         42
  C:2E66H         LINE#         43
  C:2E69H         LINE#         44
  C:2E6CH         LINE#         46
  C:2E6FH         LINE#         47
  C:2E72H         LINE#         48
  C:2E75H         LINE#         51
  C:2E78H         LINE#         52
  C:2E7BH         LINE#         55
  C:2E7EH         LINE#         57
  -------         ENDPROC       USER_INIT
  -------         PROC          MAIN
  C:27CBH         LINE#         60
  C:27CBH         LINE#         61
  C:27CBH         LINE#         63
  C:27CEH         LINE#         64
  C:27D1H         LINE#         67
  C:27D4H         LINE#         68
  C:27DBH         LINE#         69
  C:27DEH         LINE#         72
  C:27E3H         LINE#         73
  C:27E5H         LINE#         74
  C:27E8H         LINE#         75
  C:27EAH         LINE#         76
  C:27EDH         LINE#         77
  C:27EFH         LINE#         78
  C:27F2H         LINE#         79
  C:27F4H         LINE#         81
  C:27F7H         LINE#         82
  C:27FEH         LINE#         84
  C:27FEH         LINE#         85
  C:27FEH         LINE#         86
  C:2807H         LINE#         87
  C:280AH         LINE#         88
  C:280DH         LINE#         90
  C:2810H         LINE#         92
  C:2813H         LINE#         93
  C:2816H         LINE#         94
  C:2819H         LINE#         96
BL51 BANKED LINKER/LOCATER V6.22.4.0                                                  07/20/2026  17:18:27  PAGE 24


  C:281CH         LINE#         102
  -------         ENDPROC       MAIN
  -------         ENDMOD        MAIN

  -------         MODULE        UART_DATA_HANDLE
  C:0000H         SYMBOL        _ICE_DUMMY_
  C:318EH         PUBLIC        uart_receiver_reset
  C:000FH         PUBLIC        uart_receiver_timeout_add
  C:2CC2H         PUBLIC        uart_receiver_process_checksum
  C:1DABH         PUBLIC        _uart_receiver_process_byte
  C:271BH         PUBLIC        uart_receiver_timeout_handler
  C:1B99H         PUBLIC        uart_data_handle
  C:2B54H         PUBLIC        _uart_data_send_cmd
  X:624AH         SYMBOL        uart_receiver
  C:1AC2H         SYMBOL        _?ix1000
  C:2C8BH         SYMBOL        Com003C
  C:2C8BH         SYMBOL        L?0061
  C:2C8BH         SYMBOL        L?0062
  C:2C90H         SYMBOL        L?0063
  C:2CA7H         SYMBOL        L?0064
  C:2CACH         SYMBOL        L?0065
  C:2CB0H         SYMBOL        L?0066
  C:2CB7H         SYMBOL        L?0067
  -------         PROC          COM003C
  -------         ENDPROC       COM003C
  -------         PROC          UART_RECEIVER_RESET
  C:318EH         LINE#         13
  C:318EH         LINE#         14
  C:318EH         LINE#         16
  C:3193H         LINE#         17
  C:3197H         LINE#         18
  C:319BH         LINE#         19
  C:319FH         LINE#         20
  -------         ENDPROC       UART_RECEIVER_RESET
  -------         PROC          UART_RECEIVER_TIMEOUT_ADD
  C:000FH         LINE#         26
  C:000FH         LINE#         27
  C:000FH         LINE#         28
  C:0015H         LINE#         29
  C:0015H         LINE#         30
  C:001DH         LINE#         31
  C:001DH         LINE#         32
  -------         ENDPROC       UART_RECEIVER_TIMEOUT_ADD
  -------         PROC          UART_RECEIVER_PROCESS_CHECKSUM
  -------         DO            
  D:0006H         SYMBOL        i
  D:0007H         SYMBOL        check_sum
  -------         ENDDO         
  C:2CC2H         LINE#         39
  C:2CC2H         LINE#         40
  C:2CC2H         LINE#         42
  C:2CC4H         LINE#         43
  C:2CC5H         LINE#         44
  C:2CC5H         LINE#         45
  C:2CCBH         LINE#         46
  C:2CD0H         LINE#         48
  C:2CD7H         LINE#         49
BL51 BANKED LINKER/LOCATER V6.22.4.0                                                  07/20/2026  17:18:27  PAGE 25


  C:2CD7H         LINE#         50
  C:2CDAH         LINE#         51
  C:2CDAH         LINE#         53
  C:2CDAH         LINE#         57
  C:2CF5H         LINE#         60
  C:2CF7H         LINE#         61
  C:2CF7H         LINE#         62
  -------         ENDPROC       UART_RECEIVER_PROCESS_CHECKSUM
  -------         PROC          _UART_RECEIVER_PROCESS_BYTE
  X:60DDH         SYMBOL        byte
  C:1DABH         LINE#         71
  C:1DB0H         LINE#         72
  C:1DB0H         LINE#         74
  C:1DD3H         LINE#         75
  C:1DD3H         LINE#         76
  C:1DD3H         LINE#         77
  C:1DDBH         LINE#         78
  C:1DDBH         LINE#         79
  C:1DDBH         LINE#         80
  C:1DE0H         LINE#         81
  C:1DE3H         LINE#         82
  C:1DE3H         LINE#         84
  C:1DE3H         LINE#         85
  C:1DE6H         LINE#         86
  C:1DE6H         LINE#         87
  C:1DE6H         LINE#         89
  C:1DE6H         LINE#         90
  C:1DEEH         LINE#         91
  C:1DEEH         LINE#         92
  C:1DEEH         LINE#         93
  C:1DF3H         LINE#         94
  C:1DF6H         LINE#         95
  C:1DF6H         LINE#         97
  C:1DF6H         LINE#         99
  C:1DF9H         LINE#         100
  C:1DF9H         LINE#         101
  C:1DF9H         LINE#         103
  C:1DF9H         LINE#         104
  C:1E00H         LINE#         105
  C:1E00H         LINE#         106
  C:1E00H         LINE#         107
  C:1E05H         LINE#         108
  C:1E08H         LINE#         109
  C:1E08H         LINE#         111
  C:1E08H         LINE#         112
  C:1E0BH         LINE#         113
  C:1E0BH         LINE#         114
  C:1E0BH         LINE#         116
  C:1E0BH         LINE#         118
  C:1E0BH         LINE#         119
  C:1E10H         LINE#         120
  C:1E13H         LINE#         121
  C:1E13H         LINE#         123
  C:1E13H         LINE#         125
  C:1E13H         LINE#         126
  C:1E18H         LINE#         127
  C:1E1AH         LINE#         128
BL51 BANKED LINKER/LOCATER V6.22.4.0                                                  07/20/2026  17:18:27  PAGE 26


  C:1E1AH         LINE#         130
  C:1E1AH         LINE#         131
  C:1E21H         LINE#         132
  C:1E21H         LINE#         133
  C:1E21H         LINE#         134
  C:1E26H         LINE#         135
  C:1E28H         LINE#         136
  C:1E28H         LINE#         138
  C:1E28H         LINE#         139
  C:1E2BH         LINE#         140
  C:1E2BH         LINE#         141
  C:1E2BH         LINE#         143
  C:1E2BH         LINE#         145
  C:1E2BH         LINE#         146
  C:1E31H         LINE#         147
  C:1E37H         LINE#         148
  C:1E37H         LINE#         150
  C:1E3AH         LINE#         151
  C:1E3AH         LINE#         153
  C:1E3AH         LINE#         154
  C:1E3DH         LINE#         155
  C:1E3DH         LINE#         156
  C:1E3DH         LINE#         158
  C:1E3DH         LINE#         159
  C:1E45H         LINE#         160
  C:1E45H         LINE#         161
  C:1E45H         LINE#         162
  C:1E4BH         LINE#         163
  C:1E4EH         LINE#         164
  C:1E4EH         LINE#         166
  C:1E4EH         LINE#         167
  C:1E51H         LINE#         168
  C:1E51H         LINE#         169
  C:1E51H         LINE#         171
  C:1E51H         LINE#         172
  C:1E51H         LINE#         173
  C:1E51H         LINE#         175
  C:1E53H         LINE#         176
  -------         ENDPROC       _UART_RECEIVER_PROCESS_BYTE
  -------         PROC          UART_RECEIVER_TIMEOUT_HANDLER
  -------         DO            
  X:60DDH         SYMBOL        i
  -------         ENDDO         
  C:271BH         LINE#         179
  C:271BH         LINE#         180
  C:271BH         LINE#         185
  C:272AH         LINE#         186
  C:272AH         LINE#         188
  C:2734H         LINE#         191
  C:273DH         LINE#         192
  C:2750H         LINE#         193
  C:2750H         LINE#         194
  C:275FH         LINE#         195
  C:2767H         LINE#         196
  C:2770H         LINE#         200
  C:2773H         LINE#         201
  C:2773H         LINE#         202
BL51 BANKED LINKER/LOCATER V6.22.4.0                                                  07/20/2026  17:18:27  PAGE 27


  -------         ENDPROC       UART_RECEIVER_TIMEOUT_HANDLER
  -------         PROC          UART_DATA_HANDLE
  -------         DO            
  X:60DBH         SYMBOL        i
  X:60DCH         SYMBOL        recv_byte
  X:6249H         SYMBOL        initialized
  -------         ENDDO         
  C:1B99H         LINE#         203
  C:1B99H         LINE#         204
  C:1B99H         LINE#         212
  C:1B9FH         LINE#         213
  C:1B9FH         LINE#         214
  C:1BA2H         LINE#         215
  C:1BA8H         LINE#         216
  C:1BA8H         LINE#         221
  C:1BAEH         LINE#         222
  C:1BAEH         LINE#         223
  C:1BB1H         LINE#         224
  C:1BB1H         LINE#         233
  C:1BB1H         LINE#         234
  C:1BB1H         LINE#         235
  C:1BC5H         LINE#         238
  C:1BC5H         LINE#         252
  C:1BC5H         LINE#         253
  C:1BC5H         LINE#         255
  C:1BCDH         LINE#         258
  C:1BD3H         LINE#         259
  C:1BD8H         LINE#         262
  C:1BE3H         LINE#         263
  C:1BE3H         LINE#         267
  C:1BE9H         LINE#         268
  C:1BE9H         LINE#         269
  C:1BF2H         LINE#         270
  C:1BFCH         LINE#         271
  C:1BFCH         LINE#         276
  C:1BFFH         LINE#         277
  C:1BFFH         LINE#         278
  C:1C01H         LINE#         308
  C:1C0EH         LINE#         310
  C:1C0EH         LINE#         312
  C:1C0EH         LINE#         332
  C:1C1EH         LINE#         333
  C:1C1EH         LINE#         334
  C:1C1EH         LINE#         336
  C:1C23H         LINE#         337
  C:1C25H         LINE#         338
  C:1C25H         LINE#         340
  C:1C2BH         LINE#         341
  C:1C2DH         LINE#         342
  C:1C2DH         LINE#         344
  C:1C36H         LINE#         350
  C:1C39H         LINE#         351
  C:1C3BH         LINE#         353
  C:1C3BH         LINE#         355
  C:1C4AH         LINE#         357
  C:1C4AH         LINE#         358
  C:1C4AH         LINE#         361
BL51 BANKED LINKER/LOCATER V6.22.4.0                                                  07/20/2026  17:18:27  PAGE 28


  C:1C4DH         LINE#         362
  -------         ENDPROC       UART_DATA_HANDLE
  -------         PROC          _UART_DATA_SEND_CMD
  X:60DCH         SYMBOL        cmd
  -------         DO            
  X:60DDH         SYMBOL        buf
  -------         ENDDO         
  C:2B54H         LINE#         366
  C:2B59H         LINE#         367
  C:2B59H         LINE#         368
  C:2B6CH         LINE#         379
  C:2B75H         LINE#         380
  C:2B8EH         LINE#         382
  -------         ENDPROC       _UART_DATA_SEND_CMD
  -------         ENDMOD        UART_DATA_HANDLE

  -------         MODULE        KEY_DRIVER
  C:0000H         SYMBOL        _ICE_DUMMY_
  C:0F84H         PUBLIC        _key_driver_scan
  X:62A9H         SYMBOL        is_key_active
  X:62AAH         PUBLIC        scan_para
  C:2FB6H         SYMBOL        Com0021
  C:2FB6H         SYMBOL        L?0034
  C:2FB9H         SYMBOL        L?0035
  C:2FBAH         SYMBOL        L?0036
  C:2FC0H         SYMBOL        L?0037
  C:2FC3H         SYMBOL        L?0038
  C:2FC7H         SYMBOL        L?0039
  C:2FCDH         SYMBOL        L?0040
  C:2FD0H         SYMBOL        L?0041
  -------         PROC          COM0021
  -------         ENDPROC       COM0021
  -------         PROC          _KEY_DRIVER_SCAN
  D:0001H         SYMBOL        _scan_para
  -------         DO            
  X:60DBH         SYMBOL        key_event
  D:0007H         SYMBOL        cur_key_value
  X:60DCH         SYMBOL        key_value
  C:10ECH         SYMBOL        _notify
  C:110CH         SYMBOL        _scan_end
  -------         ENDDO         
  C:0F84H         LINE#         17
  C:0F84H         LINE#         19
  C:0F84H         LINE#         24
  C:0F89H         LINE#         25
  C:0F8BH         LINE#         26
  C:0F8FH         LINE#         30
  C:0F95H         LINE#         33
  C:0FA8H         LINE#         34
  C:0FA8H         LINE#         36
  C:0FA8H         LINE#         38
  C:0FB2H         LINE#         40
  C:0FBBH         LINE#         46
  C:0FBFH         LINE#         47
  C:0FBFH         LINE#         48
  C:0FC5H         LINE#         49
  C:0FC7H         LINE#         50
BL51 BANKED LINKER/LOCATER V6.22.4.0                                                  07/20/2026  17:18:27  PAGE 29


  C:0FCDH         LINE#         51
  C:0FCDH         LINE#         52
  C:0FD0H         LINE#         53
  C:0FD0H         LINE#         56
  C:0FE4H         LINE#         57
  C:0FE4H         LINE#         59
  C:0FEBH         LINE#         60
  C:0FF1H         LINE#         62
  C:0FF1H         LINE#         65
  C:1002H         LINE#         66
  C:1002H         LINE#         67
  C:100DH         LINE#         69
  C:100DH         LINE#         72
  C:1019H         LINE#         73
  C:1019H         LINE#         80
  C:101DH         LINE#         81
  C:101DH         LINE#         82
  C:1024H         LINE#         83
  C:1024H         LINE#         84
  C:1026H         LINE#         85
  C:102CH         LINE#         86
  C:102EH         LINE#         88
  C:102EH         LINE#         91
  C:102EH         LINE#         92
  C:1036H         LINE#         93
  C:1036H         LINE#         94
  C:1039H         LINE#         96
  C:1039H         LINE#         101
  C:1041H         LINE#         102
  C:104DH         LINE#         103
  C:104DH         LINE#         104
  C:1052H         LINE#         105
  C:1056H         LINE#         106
  C:1059H         LINE#         108
  C:1059H         LINE#         109
  C:105FH         LINE#         110
  C:105FH         LINE#         111
  C:105FH         LINE#         113
  C:1061H         LINE#         118
  C:1061H         LINE#         120
  C:1061H         LINE#         125
  C:1065H         LINE#         126
  C:1065H         LINE#         128
  C:1076H         LINE#         129
  C:1076H         LINE#         133
  C:1087H         LINE#         134
  C:1087H         LINE#         154
  C:1087H         LINE#         155
  C:1089H         LINE#         157
  C:1089H         LINE#         158
  C:1096H         LINE#         160
  C:1098H         LINE#         162
  C:1098H         LINE#         164
  C:1098H         LINE#         165
  C:10A3H         LINE#         166
  C:10A6H         LINE#         168
  C:10A6H         LINE#         169
BL51 BANKED LINKER/LOCATER V6.22.4.0                                                  07/20/2026  17:18:27  PAGE 30


  C:10A6H         LINE#         171
  C:10A6H         LINE#         172
  C:10A6H         LINE#         174
  C:10A6H         LINE#         175
  C:10A6H         LINE#         177
  C:10A6H         LINE#         179
  C:10B1H         LINE#         180
  C:10B1H         LINE#         181
  C:10B9H         LINE#         182
  C:10B9H         LINE#         186
  C:10BFH         LINE#         187
  C:10BFH         LINE#         188
  C:10C5H         LINE#         193
  C:10C7H         LINE#         194
  C:10D3H         LINE#         195
  C:10D3H         LINE#         196
  C:10D8H         LINE#         197
  C:10E7H         LINE#         199
  C:10E7H         LINE#         201
  C:10E7H         LINE#         202
  C:10E7H         LINE#         204
  C:10E7H         LINE#         207
  C:10ECH         LINE#         208
  C:10ECH         LINE#         210
  C:10ECH         LINE#         211
  C:10ECH         LINE#         213
  C:10ECH         LINE#         216
  C:10ECH         LINE#         218
  C:10ECH         LINE#         219
  C:10F0H         LINE#         220
  C:10F8H         LINE#         222
  C:1102H         LINE#         223
  C:110CH         LINE#         226
  C:110CH         LINE#         235
  C:110CH         LINE#         237
  C:110CH         LINE#         238
  C:1116H         LINE#         241
  -------         ENDPROC       _KEY_DRIVER_SCAN
  -------         ENDMOD        KEY_DRIVER

  -------         MODULE        AD_KEY
  C:0000H         SYMBOL        _ICE_DUMMY_
  X:61EBH         PUBLIC        ad_key_para
  C:1CFEH         PUBLIC        ad_key_handle
  X:61FEH         SYMBOL        ad_key_scan_table
  X:620EH         SYMBOL        ad_key_event_table
  C:2DCBH         PUBLIC        ad_key_get_key_val
  C:28BFH         SYMBOL        _ad_key_val_to_ad_key_index
  C:29A1H         SYMBOL        _ad_key_get_event
  C:31E3H         SYMBOL        Com0036
  C:31E3H         SYMBOL        L?0055
  -------         PROC          COM0036
  -------         ENDPROC       COM0036
  -------         PROC          _AD_KEY_VAL_TO_AD_KEY_INDEX
  D:0006H         SYMBOL        ad_key_val
  -------         DO            
  D:0005H         SYMBOL        i
BL51 BANKED LINKER/LOCATER V6.22.4.0                                                  07/20/2026  17:18:27  PAGE 31


  X:60DCH         SYMBOL        ad_key_index
  -------         ENDDO         
  C:28BFH         LINE#         55
  C:28BFH         LINE#         56
  C:28BFH         LINE#         57
  C:28C1H         LINE#         58
  C:28C9H         LINE#         61
  C:28C9H         LINE#         62
  C:28C9H         LINE#         63
  C:28E1H         LINE#         64
  C:28E1H         LINE#         65
  C:28FBH         LINE#         66
  C:28FDH         LINE#         67
  C:28FDH         LINE#         68
  C:2902H         LINE#         70
  C:290AH         LINE#         71
  -------         ENDPROC       _AD_KEY_VAL_TO_AD_KEY_INDEX
  -------         PROC          _AD_KEY_GET_EVENT
  D:0007H         SYMBOL        key_val
  D:0005H         SYMBOL        key_event
  -------         DO            
  D:0006H         SYMBOL        ret_key_event
  D:0004H         SYMBOL        key_event_index
  D:0003H         SYMBOL        i
  -------         ENDDO         
  C:29A1H         LINE#         81
  C:29A1H         LINE#         82
  C:29A1H         LINE#         83
  C:29A3H         LINE#         84
  C:29A4H         LINE#         85
  C:29A5H         LINE#         88
  C:29A9H         LINE#         89
  C:29A9H         LINE#         90
  C:29AAH         LINE#         91
  C:29ACH         LINE#         92
  C:29B0H         LINE#         93
  C:29B0H         LINE#         94
  C:29B2H         LINE#         95
  C:29B4H         LINE#         96
  C:29B8H         LINE#         97
  C:29B8H         LINE#         98
  C:29BAH         LINE#         99
  C:29BCH         LINE#         100
  C:29C0H         LINE#         101
  C:29C0H         LINE#         102
  C:29C2H         LINE#         103
  C:29C4H         LINE#         105
  C:29C4H         LINE#         106
  C:29C7H         LINE#         107
  C:29C7H         LINE#         109
  C:29CDH         LINE#         110
  C:29CDH         LINE#         111
  C:29D4H         LINE#         112
  C:29D4H         LINE#         113
  C:29E3H         LINE#         114
  C:29E5H         LINE#         115
  C:29E5H         LINE#         116
BL51 BANKED LINKER/LOCATER V6.22.4.0                                                  07/20/2026  17:18:27  PAGE 32


  C:29E8H         LINE#         118
  C:29EAH         LINE#         119
  -------         ENDPROC       _AD_KEY_GET_EVENT
  -------         PROC          AD_KEY_GET_KEY_VAL
  -------         DO            
  X:61E9H         SYMBOL        val
  X:60DBH         SYMBOL        ret
  -------         ENDDO         
  C:2DCBH         LINE#         132
  C:2DCBH         LINE#         133
  C:2DCBH         LINE#         135
  C:2DD1H         LINE#         138
  C:2DD9H         LINE#         139
  C:2DD9H         LINE#         140
  C:2DDEH         LINE#         141
  C:2DEBH         LINE#         144
  C:2DEBH         LINE#         146
  C:2DFBH         LINE#         147
  C:2DFDH         LINE#         148
  -------         ENDPROC       AD_KEY_GET_KEY_VAL
  -------         PROC          AD_KEY_HANDLE
  -------         DO            
  X:60DBH         SYMBOL        ad_key_event
  -------         ENDDO         
  C:1CFEH         LINE#         150
  C:1CFEH         LINE#         151
  C:1CFEH         LINE#         152
  C:1D03H         LINE#         154
  C:1D0CH         LINE#         155
  C:1D0CH         LINE#         157
  C:1D0CH         LINE#         159
  C:1D19H         LINE#         160
  C:1D1EH         LINE#         161
  C:1D20H         LINE#         164
  C:1D2FH         LINE#         165
  C:1D2FH         LINE#         168
  C:1D38H         LINE#         169
  C:1D41H         LINE#         175
  C:1D47H         LINE#         177
  C:1D47H         LINE#         179
  C:1D6DH         LINE#         180
  C:1D6DH         LINE#         183
  C:1D6DH         LINE#         187
  C:1D70H         LINE#         188
  C:1D70H         LINE#         190
  C:1D70H         LINE#         194
  C:1D70H         LINE#         196
  C:1D70H         LINE#         201
  C:1D70H         LINE#         203
  C:1D70H         LINE#         207
  C:1D70H         LINE#         211
  C:1D70H         LINE#         215
  C:1D72H         LINE#         216
  C:1D74H         LINE#         218
  C:1D74H         LINE#         223
  C:1D76H         LINE#         224
  C:1D78H         LINE#         226
BL51 BANKED LINKER/LOCATER V6.22.4.0                                                  07/20/2026  17:18:27  PAGE 33


  C:1D78H         LINE#         231
  C:1D7AH         LINE#         232
  C:1D7CH         LINE#         234
[...]
  C:086CH         LINE#         133
  C:086CH         LINE#         135
  C:0871H         LINE#         136
  C:0871H         LINE#         137
  C:0877H         LINE#         138
  C:0879H         LINE#         139
  C:0888H         LINE#         140
  C:0888H         LINE#         141
  C:088EH         LINE#         142
  C:0890H         LINE#         143
  C:0895H         LINE#         144
  C:0895H         LINE#         145
  C:089BH         LINE#         146
  C:089DH         LINE#         147
  C:08ACH         LINE#         148
  C:08ACH         LINE#         149
  C:08AFH         LINE#         150
  C:08B1H         LINE#         152
  C:08B1H         LINE#         153
  C:08B4H         LINE#         154
  C:08B4H         LINE#         155
  C:08B4H         LINE#         159
  C:08B4H         LINE#         161
  C:08B7H         LINE#         162
  C:08C8H         LINE#         163
  C:08C8H         LINE#         164
  C:08CCH         LINE#         165
  C:08D6H         LINE#         166
  C:08D6H         LINE#         167
  C:08D6H         LINE#         177
  C:08E0H         LINE#         178
  C:08E0H         LINE#         179
  C:08ECH         LINE#         180
  C:08ECH         LINE#         185
BL51 BANKED LINKER/LOCATER V6.22.4.0                                                  07/20/2026  17:18:27  PAGE 61


  C:08F6H         LINE#         187
  C:0905H         LINE#         190
  C:0905H         LINE#         192
  C:0918H         LINE#         193
  C:0918H         LINE#         194
  C:0918H         LINE#         195
  C:0920H         LINE#         196
  C:0920H         LINE#         197
  C:0920H         LINE#         198
  C:0920H         LINE#         199
  C:0923H         LINE#         201
  C:0923H         LINE#         202
  C:092EH         LINE#         203
  C:092EH         LINE#         204
  C:092EH         LINE#         205
  C:092EH         LINE#         206
  C:0930H         LINE#         208
  C:0930H         LINE#         209
  C:093FH         LINE#         210
  C:093FH         LINE#         211
  C:093FH         LINE#         212
  C:093FH         LINE#         213
  C:0941H         LINE#         215
  C:0941H         LINE#         216
  C:0941H         LINE#         217
  C:0941H         LINE#         218
  C:0941H         LINE#         219
  C:0941H         LINE#         220
  C:0941H         LINE#         221
  C:0943H         LINE#         223
  C:0943H         LINE#         225
  C:0943H         LINE#         226
  C:0943H         LINE#         227
  C:0943H         LINE#         228
  C:0943H         LINE#         229
  C:094BH         LINE#         230
  C:094BH         LINE#         232
  C:095EH         LINE#         233
  C:095EH         LINE#         234
  C:095EH         LINE#         235
  C:0969H         LINE#         236
  C:0969H         LINE#         237
  C:0969H         LINE#         238
  C:0969H         LINE#         239
  C:096BH         LINE#         241
  C:096BH         LINE#         242
  C:097AH         LINE#         243
  C:097AH         LINE#         244
  C:097AH         LINE#         245
  C:097AH         LINE#         246
  C:097CH         LINE#         248
  C:097CH         LINE#         249
  C:0987H         LINE#         250
  C:0987H         LINE#         251
  C:098FH         LINE#         252
  C:098FH         LINE#         253
  C:0992H         LINE#         255
BL51 BANKED LINKER/LOCATER V6.22.4.0                                                  07/20/2026  17:18:27  PAGE 62


  C:0992H         LINE#         256
  C:099AH         LINE#         257
  C:099BH         LINE#         258
  C:099BH         LINE#         259
  C:099BH         LINE#         260
  C:099BH         LINE#         261
  C:099EH         LINE#         263
  C:099EH         LINE#         265
  C:099EH         LINE#         266
  C:099EH         LINE#         267
  C:099EH         LINE#         268
  C:099EH         LINE#         269
  C:099EH         LINE#         271
  C:099EH         LINE#         279
  C:09AAH         LINE#         280
  C:09BCH         LINE#         281
  C:09BCH         LINE#         282
  C:09C6H         LINE#         285
  C:09CFH         LINE#         288
  C:09D8H         LINE#         289
  C:09D8H         LINE#         290
  C:09DBH         LINE#         291
  C:09DBH         LINE#         293
  C:09EAH         LINE#         296
  C:09EAH         LINE#         298
  C:09FBH         LINE#         299
  C:09FBH         LINE#         300
  C:09FBH         LINE#         301
  C:0A03H         LINE#         302
  C:0A03H         LINE#         306
  C:0A0DH         LINE#         308
  C:0A0DH         LINE#         309
  C:0A10H         LINE#         311
  C:0A10H         LINE#         312
  C:0A18H         LINE#         313
  C:0A18H         LINE#         317
  C:0A22H         LINE#         319
  C:0A22H         LINE#         320
  C:0A25H         LINE#         322
  C:0A25H         LINE#         323
  C:0A31H         LINE#         324
  C:0A31H         LINE#         328
  C:0A3BH         LINE#         330
  C:0A3BH         LINE#         331
  C:0A3DH         LINE#         333
  C:0A3DH         LINE#         334
  C:0A3DH         LINE#         335
  C:0A3DH         LINE#         336
  C:0A3DH         LINE#         337
  C:0A42H         LINE#         338
  C:0A42H         LINE#         340
  C:0A50H         LINE#         341
  C:0A50H         LINE#         342
  C:0A50H         LINE#         343
  C:0A58H         LINE#         344
  C:0A58H         LINE#         348
  C:0A62H         LINE#         350
BL51 BANKED LINKER/LOCATER V6.22.4.0                                                  07/20/2026  17:18:27  PAGE 63


  C:0A62H         LINE#         351
  C:0A64H         LINE#         353
  C:0A64H         LINE#         354
  C:0A73H         LINE#         355
  C:0A73H         LINE#         359
  C:0A7DH         LINE#         361
  C:0A7DH         LINE#         362
  C:0A7FH         LINE#         364
  C:0A7FH         LINE#         365
  C:0A87H         LINE#         366
  C:0A87H         LINE#         370
  C:0A91H         LINE#         372
  C:0A91H         LINE#         373
  C:0A91H         LINE#         375
  C:0A91H         LINE#         376
  C:0A91H         LINE#         377
  C:0A91H         LINE#         378
  C:0A91H         LINE#         379
  C:0A91H         LINE#         380
  C:0A91H         LINE#         381
  C:0A91H         LINE#         385
  C:0A91H         LINE#         387
  C:0A94H         LINE#         388
  C:0AA5H         LINE#         389
  C:0AA5H         LINE#         390
  C:0AA9H         LINE#         391
  C:0AB3H         LINE#         392
  C:0AB3H         LINE#         393
  C:0AB3H         LINE#         397
  C:0AC7H         LINE#         398
  C:0AC7H         LINE#         399
  C:0AC7H         LINE#         400
  C:0AC7H         LINE#         402
  C:0ACDH         LINE#         403
  C:0ACDH         LINE#         404
  C:0ACDH         LINE#         405
  C:0AD0H         LINE#         406
  C:0AD2H         LINE#         407
  C:0AD3H         LINE#         408
  C:0AD3H         LINE#         409
  C:0AD3H         LINE#         410
  C:0AD3H         LINE#         411
  C:0AD6H         LINE#         412
  C:0AD8H         LINE#         413
  C:0AD9H         LINE#         414
  C:0AD9H         LINE#         415
  C:0ADBH         LINE#         416
  C:0ADDH         LINE#         417
  C:0ADDH         LINE#         418
  C:0ADDH         LINE#         419
  C:0ADFH         LINE#         420
  C:0ADFH         LINE#         421
  C:0AE1H         LINE#         422
  C:0AE3H         LINE#         423
  C:0AE3H         LINE#         424
  C:0AE3H         LINE#         425
  C:0AE5H         LINE#         426
BL51 BANKED LINKER/LOCATER V6.22.4.0                                                  07/20/2026  17:18:27  PAGE 64


  C:0AE5H         LINE#         427
  C:0AE7H         LINE#         428
  C:0AE9H         LINE#         429
  C:0AEBH         LINE#         430
  C:0AEDH         LINE#         431
  C:0AEDH         LINE#         432
  C:0AEDH         LINE#         433
  -------         ENDPROC       LED_BAT_LEV_STA_DISCHARGE_HANDLE
  -------         PROC          LED_BAT_LEV_STA_ALERT_HANDLE
  -------         DO            
  X:6281H         SYMBOL        cnt
  -------         ENDDO         
  C:3019H         LINE#         435
  C:3019H         LINE#         436
  C:3019H         LINE#         439
  C:3019H         LINE#         440
  C:3019H         LINE#         441
  C:301CH         LINE#         443
  C:301FH         LINE#         444
  C:3030H         LINE#         445
  C:3030H         LINE#         446
  C:3034H         LINE#         447
  C:3039H         LINE#         448
  C:3039H         LINE#         449
  -------         ENDPROC       LED_BAT_LEV_STA_ALERT_HANDLE
  -------         PROC          LED_BAT_LEV_STA_IDLE_HANDLE
  C:0045H         LINE#         451
  C:0045H         LINE#         452
  C:0045H         LINE#         453
  C:0045H         LINE#         454
  C:0045H         LINE#         455
  C:0048H         LINE#         456
  C:004AH         LINE#         457
  -------         ENDPROC       LED_BAT_LEV_STA_IDLE_HANDLE
  -------         PROC          LED_BAT_LEV_STA_CHARGE_BEGIN_HANDLE
  C:3167H         LINE#         459
  C:3167H         LINE#         460
  C:3167H         LINE#         461
  C:3167H         LINE#         462
  C:3167H         LINE#         463
  C:316AH         LINE#         464
  C:316CH         LINE#         465
  C:3171H         LINE#         466
  C:3175H         LINE#         467
  C:317BH         LINE#         468
  -------         ENDPROC       LED_BAT_LEV_STA_CHARGE_BEGIN_HANDLE
  -------         PROC          LED_BAT_LEV_STA_CHARGE_BEGIN_ANIM_HANDLE
  C:2589H         LINE#         470
  C:2589H         LINE#         471
  C:2589H         LINE#         472
  C:2589H         LINE#         473
  C:2591H         LINE#         474
  C:2591H         LINE#         475
  C:2595H         LINE#         476
  C:25A6H         LINE#         478
  C:25A6H         LINE#         479
  C:25A8H         LINE#         480
BL51 BANKED LINKER/LOCATER V6.22.4.0                                                  07/20/2026  17:18:27  PAGE 65


  C:25AEH         LINE#         481
  C:25AFH         LINE#         482
  C:25C1H         LINE#         484
  C:25C1H         LINE#         485
  C:25C3H         LINE#         486
  C:25C9H         LINE#         487
  C:25CAH         LINE#         488
  C:25DCH         LINE#         490
  C:25DCH         LINE#         491
  C:25DEH         LINE#         492
  C:25E1H         LINE#         493
  C:25E3H         LINE#         495
  C:25E3H         LINE#         496
  C:25EAH         LINE#         499
  C:25F0H         LINE#         500
  C:25F0H         LINE#         501
  C:25F0H         LINE#         502
  -------         ENDPROC       LED_BAT_LEV_STA_CHARGE_BEGIN_ANIM_HANDLE
  -------         PROC          LED_BAT_LEV_STA_CHARGING_HANDLE
  -------         DO            
  X:6283H         SYMBOL        led_quick_fill_cnt
  -------         ENDDO         
  C:1503H         LINE#         504
  C:1503H         LINE#         505
  C:1503H         LINE#         508
  C:1503H         LINE#         511
  C:1512H         LINE#         512
  C:1512H         LINE#         513
  C:1519H         LINE#         516
  C:152AH         LINE#         517
  C:152AH         LINE#         518
  C:152AH         LINE#         519
  C:152FH         LINE#         520
  C:1531H         LINE#         521
  C:1531H         LINE#         522
  C:1536H         LINE#         523
  C:1538H         LINE#         524
  C:1538H         LINE#         525
  C:153DH         LINE#         526
  C:153FH         LINE#         527
  C:153FH         LINE#         528
  C:1544H         LINE#         529
  C:1544H         LINE#         530
  C:1544H         LINE#         531
  C:1544H         LINE#         533
  C:1556H         LINE#         536
  C:1556H         LINE#         538
  C:155FH         LINE#         539
  C:155FH         LINE#         540
  C:1563H         LINE#         541
  C:1565H         LINE#         543
  C:1565H         LINE#         546
  C:1573H         LINE#         547
  C:1573H         LINE#         548
  C:157FH         LINE#         549
  C:157FH         LINE#         551
  C:158EH         LINE#         552
BL51 BANKED LINKER/LOCATER V6.22.4.0                                                  07/20/2026  17:18:27  PAGE 66


  C:158EH         LINE#         553
  C:1598H         LINE#         559
  C:159EH         LINE#         560
  C:15A4H         LINE#         561
  C:15A4H         LINE#         562
  C:15A4H         LINE#         563
  C:15A6H         LINE#         565
  C:15A6H         LINE#         566
  C:15B0H         LINE#         567
  C:15B0H         LINE#         569
  C:15CBH         LINE#         572
  C:15CBH         LINE#         573
  C:15D1H         LINE#         574
  C:15D3H         LINE#         576
  C:15D3H         LINE#         577
  C:15D5H         LINE#         578
  C:15F0H         LINE#         581
  C:15F0H         LINE#         582
  C:15F6H         LINE#         583
  C:15F8H         LINE#         585
  C:15F8H         LINE#         586
  C:15FAH         LINE#         587
  C:160CH         LINE#         590
  C:160CH         LINE#         591
  C:1612H         LINE#         592
  C:1614H         LINE#         594
  C:1619H         LINE#         595
  C:1619H         LINE#         596
  -------         ENDPROC       LED_BAT_LEV_STA_CHARGING_HANDLE
  -------         PROC          LED_BAT_LEV_STA_CHARGE_END_HANDLE
  C:3259H         LINE#         598
  C:3259H         LINE#         599
  C:3259H         LINE#         601
  C:325BH         LINE#         602
  C:325DH         LINE#         603
  C:325FH         LINE#         604
  C:3261H         LINE#         605
  -------         ENDPROC       LED_BAT_LEV_STA_CHARGE_END_HANDLE
  -------         PROC          LED_BAT_LEV_DISLPLAY_1MS_ISR
  C:2CF8H         LINE#         607
  C:2CF8H         LINE#         608
  C:2CF8H         LINE#         609
  C:2D18H         LINE#         610
  C:2D18H         LINE#         611
  C:2D18H         LINE#         612
  C:2D1BH         LINE#         613
  C:2D1BH         LINE#         614
  C:2D1BH         LINE#         615
  C:2D1EH         LINE#         616
  C:2D1EH         LINE#         618
  C:2D1EH         LINE#         619
  C:2D21H         LINE#         620
  C:2D21H         LINE#         622
  C:2D21H         LINE#         623
  C:2D24H         LINE#         624
  C:2D24H         LINE#         626
  C:2D24H         LINE#         627
BL51 BANKED LINKER/LOCATER V6.22.4.0                                                  07/20/2026  17:18:27  PAGE 67


  C:2D27H         LINE#         628
  C:2D27H         LINE#         630
  C:2D27H         LINE#         631
  C:2D2AH         LINE#         632
  C:2D2AH         LINE#         634
  C:2D2AH         LINE#         635
  C:2D2DH         LINE#         636
  C:2D2DH         LINE#         637
  C:2D2DH         LINE#         638
  -------         ENDPROC       LED_BAT_LEV_DISLPLAY_1MS_ISR
  -------         ENDMOD        LED_BAT_LEV

  -------         MODULE        ?C?COPY
  C:011EH         PUBLIC        ?C?COPY
  -------         ENDMOD        ?C?COPY

  -------         MODULE        ?C?CLDPTR
  C:0144H         PUBLIC        ?C?CLDPTR
  -------         ENDMOD        ?C?CLDPTR

  -------         MODULE        ?C?CLDOPTR
  C:015DH         PUBLIC        ?C?CLDOPTR
  -------         ENDMOD        ?C?CLDOPTR

  -------         MODULE        ?C?CILDOPTR
  C:018AH         PUBLIC        ?C?CILDOPTR
  -------         ENDMOD        ?C?CILDOPTR

  -------         MODULE        ?C?CSTOPTR
  C:01BDH         PUBLIC        ?C?CSTOPTR
  -------         ENDMOD        ?C?CSTOPTR

  -------         MODULE        ?C?UIDIV
  C:01DFH         PUBLIC        ?C?UIDIV
  -------         ENDMOD        ?C?UIDIV

  -------         MODULE        ?C?IILDX
  C:0234H         PUBLIC        ?C?IILDX
  -------         ENDMOD        ?C?IILDX

  -------         MODULE        ?C?LADD
  C:024AH         PUBLIC        ?C?LADD
  -------         ENDMOD        ?C?LADD

  -------         MODULE        ?C?ULDIV
  C:0293H         PUBLIC        ?C?ULDIV
  -------         ENDMOD        ?C?ULDIV

  -------         MODULE        ?C?SLCMP
  C:0325H         PUBLIC        ?C?SLCMP
  -------         ENDMOD        ?C?SLCMP

  -------         MODULE        ?C?ULCMP
  C:033BH         PUBLIC        ?C?ULCMP
  -------         ENDMOD        ?C?ULCMP

  -------         MODULE        ?C?LLDXDATA
BL51 BANKED LINKER/LOCATER V6.22.4.0                                                  07/20/2026  17:18:27  PAGE 68


  C:034CH         PUBLIC        ?C?LLDXDATA
  -------         ENDMOD        ?C?LLDXDATA

  -------         MODULE        ?C?LLDXDATA0
  C:0358H         PUBLIC        ?C?LLDXDATA0
  -------         ENDMOD        ?C?LLDXDATA0

  -------         MODULE        ?C?LSTXDATA
  C:0364H         PUBLIC        ?C?LSTXDATA
  -------         ENDMOD        ?C?LSTXDATA

  -------         MODULE        ?C?LSTKXDATA
  C:0370H         PUBLIC        ?C?LSTKXDATA
  -------         ENDMOD        ?C?LSTKXDATA

  -------         MODULE        ?C?PLDXDATA
  C:03A1H         PUBLIC        ?C?PLDXDATA
  -------         ENDMOD        ?C?PLDXDATA

  -------         MODULE        ?C?PSTXDATA
  C:03AAH         PUBLIC        ?C?PSTXDATA
  -------         ENDMOD        ?C?PSTXDATA

  -------         MODULE        ?C?PLDOPTR
  C:03B3H         PUBLIC        ?C?PLDOPTR
  -------         ENDMOD        ?C?PLDOPTR

  -------         MODULE        ?C?CCASE
  C:03E3H         PUBLIC        ?C?CCASE
  -------         ENDMOD        ?C?CCASE

  -------         MODULE        ?C?ICALL
  C:0409H         PUBLIC        ?C?ICALL
  C:040DH         PUBLIC        ?C?ICALL2
  -------         ENDMOD        ?C?ICALL

  -------         MODULE        ?C?LIMUL
  C:040FH         PUBLIC        ?C?LIMUL
  -------         ENDMOD        ?C?LIMUL

  -------         MODULE        PRINTF
  X:6139H         PUBLIC        ?_PRINTF517?BYTE
  X:6139H         PUBLIC        ?_PRINTF?BYTE
  X:6139H         PUBLIC        ?_SPRINTF517?BYTE
  X:6139H         PUBLIC        ?_SPRINTF?BYTE
  C:051AH         PUBLIC        _PRINTF
  C:051AH         PUBLIC        _PRINTF517
  C:0514H         PUBLIC        _SPRINTF
  C:0514H         PUBLIC        _SPRINTF517
  -------         ENDMOD        PRINTF

  -------         MODULE        ?C?MEMSET
  C:043CH         PUBLIC        ?C?MEMSET
  -------         ENDMOD        ?C?MEMSET

  -------         MODULE        ?C?CSTPTR
  C:0468H         PUBLIC        ?C?CSTPTR
BL51 BANKED LINKER/LOCATER V6.22.4.0                                                  07/20/2026  17:18:27  PAGE 69


  -------         ENDMOD        ?C?CSTPTR

  -------         MODULE        ?C?PLDIDATA
  C:047AH         PUBLIC        ?C?PLDIDATA
  -------         ENDMOD        ?C?PLDIDATA

  -------         MODULE        ?C?PLDIXDATA
  C:0483H         PUBLIC        ?C?PLDIXDATA
  -------         ENDMOD        ?C?PLDIXDATA

  -------         MODULE        ?C?PLDPDATA
  C:049AH         PUBLIC        ?C?PLDPDATA
  -------         ENDMOD        ?C?PLDPDATA

  -------         MODULE        ?C?PLDCODE
  C:04A3H         PUBLIC        ?C?PLDCODE
  -------         ENDMOD        ?C?PLDCODE

*** WARNING L15: MULTIPLE CALL TO SEGMENT
    SEGMENT: ?PR?PRINTF?PRINTF
    CALLER1: ?C_C51STARTUP
    CALLER2: ?PR?ADC_IRQHANDLER?ADC

*** WARNING L15: MULTIPLE CALL TO SEGMENT
    SEGMENT: ?PR?PRINTF?PRINTF
    CALLER1: ?PR?ADC_IRQHANDLER?ADC
    CALLER2: ?PR?TIMR0_IRQHANDLER?TIMER0

*** WARNING L15: MULTIPLE CALL TO SEGMENT
    SEGMENT: ?PR?_BAT_DISCHARGE_TIME_CNT_UPDATE?BATTERY_MONITOR
    CALLER1: ?PR?ADC_IRQHANDLER?ADC
    CALLER2: ?PR?TIMR0_IRQHANDLER?TIMER0

Program Size: data=28.0 xdata=690 code=12940
LINK/LOCATE RUN COMPLETE.  3 WARNING(S),  0 ERROR(S)
