BL51 BANKED LINKER/LOCATER V6.22.4.0                                                    04/02/2026  16:08:42  PAGE 1


BL51 BANKED LINKER/LOCATER V6.22.4.0, INVOKED BY:
C:\KEIL_V5\C51\BIN\BL51.EXE .\Release\Objects\STARTUP.obj, .\Release\Objects\system.obj, .\Release\Objects\adc.obj, .\Re
>> lease\Objects\pwm.obj, .\Release\Objects\timer0.obj, .\Release\Objects\timer1.obj, .\Release\Objects\uart0.obj, .\Rel
>> ease\Objects\main.obj, .\Release\Objects\uart_data_handle.obj, .\Release\Objects\key_driver.obj, .\Release\Objects\ad
>> _key.obj, .\Release\Objects\user_test.obj, .\Release\Objects\led.obj, .\Release\Objects\battery_monitor.obj, .\Releas
>> e\Objects\bluetooth_ic_handle.obj, .\Release\Objects\charge_det.obj, .\Release\Objects\low_power.obj TO .\Release\Obj
>> ects\Demo PRINT (.\Release\Listings\Demo.m51) RAMSIZE (256) CODE (0X0000-0X3EEF) XDATA (0X6000-0X66FF)


MEMORY MODEL: LARGE


INPUT MODULES INCLUDED:
  .\Release\Objects\STARTUP.obj (?C_STARTUP)
  .\Release\Objects\system.obj (SYSTEM)
  .\Release\Objects\adc.obj (ADC)
  .\Release\Objects\pwm.obj (PWM)
  .\Release\Objects\timer0.obj (TIMER0)
  .\Release\Objects\timer1.obj (TIMER1)
  .\Release\Objects\uart0.obj (UART0)
  .\Release\Objects\main.obj (MAIN)
  .\Release\Objects\uart_data_handle.obj (UART_DATA_HANDLE)
  .\Release\Objects\key_driver.obj (KEY_DRIVER)
  .\Release\Objects\ad_key.obj (AD_KEY)
  .\Release\Objects\user_test.obj (USER_TEST)
  .\Release\Objects\led.obj (LED)
  .\Release\Objects\battery_monitor.obj (BATTERY_MONITOR)
  .\Release\Objects\bluetooth_ic_handle.obj (BLUETOOTH_IC_HANDLE)
  .\Release\Objects\charge_det.obj (CHARGE_DET)
  .\Release\Objects\low_power.obj (LOW_POWER)
  C:\KEIL_V5\C51\LIB\C51L.LIB (?C_INIT)
  C:\KEIL_V5\C51\LIB\C51L.LIB (?C?COPY)
  C:\KEIL_V5\C51\LIB\C51L.LIB (?C?CLDPTR)
  C:\KEIL_V5\C51\LIB\C51L.LIB (?C?CLDOPTR)
  C:\KEIL_V5\C51\LIB\C51L.LIB (?C?CILDOPTR)
  C:\KEIL_V5\C51\LIB\C51L.LIB (?C?CSTOPTR)
  C:\KEIL_V5\C51\LIB\C51L.LIB (?C?UIDIV)
  C:\KEIL_V5\C51\LIB\C51L.LIB (?C?IILDX)
  C:\KEIL_V5\C51\LIB\C51L.LIB (?C?LADD)
  C:\KEIL_V5\C51\LIB\C51L.LIB (?C?ULDIV)
  C:\KEIL_V5\C51\LIB\C51L.LIB (?C?SLCMP)
  C:\KEIL_V5\C51\LIB\C51L.LIB (?C?ULCMP)
  C:\KEIL_V5\C51\LIB\C51L.LIB (?C?LLDXDATA)
  C:\KEIL_V5\C51\LIB\C51L.LIB (?C?LLDXDATA0)
  C:\KEIL_V5\C51\LIB\C51L.LIB (?C?LSTXDATA)
  C:\KEIL_V5\C51\LIB\C51L.LIB (?C?LSTKXDATA)
  C:\KEIL_V5\C51\LIB\C51L.LIB (?C?PLDXDATA)
  C:\KEIL_V5\C51\LIB\C51L.LIB (?C?PSTXDATA)
  C:\KEIL_V5\C51\LIB\C51L.LIB (?C?PLDOPTR)
  C:\KEIL_V5\C51\LIB\C51L.LIB (?C?CCASE)
  C:\KEIL_V5\C51\LIB\C51L.LIB (?C?ICALL)
  C:\KEIL_V5\C51\LIB\C51L.LIB (?C?LIMUL)
  C:\KEIL_V5\C51\LIB\C51L.LIB (PRINTF)
  C:\KEIL_V5\C51\LIB\C51L.LIB (?C?MEMSET)
  C:\KEIL_V5\C51\LIB\C51L.LIB (?C?CSTPTR)
  C:\KEIL_V5\C51\LIB\C51L.LIB (?C?PLDIDATA)
  C:\KEIL_V5\C51\LIB\C51L.LIB (?C?PLDIXDATA)
  C:\KEIL_V5\C51\LIB\C51L.LIB (?C?PLDPDATA)
BL51 BANKED LINKER/LOCATER V6.22.4.0                                                  04/02/2026  16:08:42  PAGE 2


  C:\KEIL_V5\C51\LIB\C51L.LIB (?C?PLDCODE)


LINK MAP OF MODULE:  .\Release\Objects\Demo (?C_STARTUP)


            TYPE    BASE      LENGTH    RELOCATION   SEGMENT NAME
            -----------------------------------------------------

            * * * * * * *   D A T A   M E M O R Y   * * * * * * *
            REG     0000H     0008H     ABSOLUTE     "REG BANK 0"
            DATA    0008H     0005H     UNIT         _DATA_GROUP_
                    000DH     0013H                  *** GAP ***
            BIT     0020H.0   0001H.1   UNIT         _BIT_GROUP_
            BIT     0021H.1   0000H.3   UNIT         ?BI?ADC
                    0021H.4   0000H.4                *** GAP ***
            IDATA   0022H     0001H     UNIT         ?STACK

            * * * * * * *  X D A T A   M E M O R Y  * * * * * * *
                    0000H     6000H                  *** GAP ***
            XDATA   6000H     0083H     UNIT         ?XD?UART0
            XDATA   6083H     0039H     UNIT         ?XD?AD_KEY
            XDATA   60BCH     0032H     UNIT         _XDATA_GROUP_
            XDATA   60EEH     0030H     UNIT         ?XD?BATTERY_MONITOR
            XDATA   611EH     0015H     UNIT         ?XD?CHARGE_DET
            XDATA   6133H     0011H     UNIT         ?XD?UART_DATA_HANDLE
            XDATA   6144H     0011H     UNIT         ?XD?LED
            XDATA   6155H     0007H     UNIT         ?XD?ADC
            XDATA   615CH     0004H     UNIT         ?XD?KEY_DRIVER
            XDATA   6160H     0004H     UNIT         ?XD?LOW_POWER
            XDATA   6164H     0003H     UNIT         ?XD?USER_TEST
            XDATA   6167H     0002H     UNIT         ?XD?BLUETOOTH_IC_HANDLE
            XDATA   6169H     0001H     UNIT         ?XD?LOW_POWER_HANDLE?LOW_POWER

            * * * * * * *   C O D E   M E M O R Y   * * * * * * *
            CODE    0000H     0003H     ABSOLUTE     
            CODE    0003H     000CH     ABSOLUTE     
            CODE    000FH     000FH     UNIT         ?PR?UART_RECEIVER_TIMEOUT_ADD?UART_DATA_HANDLE
            CODE    001EH     0003H     ABSOLUTE     
            CODE    0021H     0003H     ABSOLUTE     
            CODE    0024H     001BH     UNIT         ?PR?TIMER0_INIT?TIMER0
            CODE    003FH     0003H     ABSOLUTE     
            CODE    0042H     0003H     ABSOLUTE     
            CODE    0045H     0006H     UNIT         ?PR?UART0_RXBUFFER_GET_COUNT?UART0
            CODE    004BH     0003H     ABSOLUTE     
            CODE    004EH     0461H     UNIT         ?C?LIB_CODE
            CODE    04AFH     0365H     UNIT         ?PR?PRINTF?PRINTF
            CODE    0814H     0201H     UNIT         ?PR?BATTERY_MONITOR_HANDLE?BATTERY_MONITOR
            CODE    0A15H     01AFH     UNIT         ?C_INITSEG
            CODE    0BC4H     01A1H     UNIT         ?PR?DETECT_1KHZ_SIGNAL_100US?CHARGE_DET
            CODE    0D65H     0193H     UNIT         ?PR?_KEY_DRIVER_SCAN?KEY_DRIVER
            CODE    0EF8H     0158H     UNIT         ?PR?LED_BAT_INSTRUCTION_TIMER_CALLBACK?LED
            CODE    1050H     0135H     UNIT         ?PR?AD_KEY_HANDLE?AD_KEY
            CODE    1185H     00F0H     UNIT         ?PR?LED_RED_BLUE_FLASH_1MS_ISR?LED
            CODE    1275H     00CFH     UNIT         ?PR?SYSTEM_INIT?SYSTEM
            CODE    1344H     00C8H     UNIT         ?CO?AD_KEY
            CODE    140CH     00A5H     UNIT         ?PR?_UART_RECEIVER_PROCESS_BYTE?UART_DATA_HANDLE
BL51 BANKED LINKER/LOCATER V6.22.4.0                                                  04/02/2026  16:08:42  PAGE 3


            CODE    14B1H     009CH     UNIT         ?PR?CHARGE_DET?CHARGE_DET
            CODE    154DH     0093H     UNIT         ?PR?LED
            CODE    15E0H     008DH     UNIT         ?PR?LOW_POWER_IN?LOW_POWER
            CODE    166DH     008CH     UNIT         ?C_C51STARTUP
            CODE    16F9H     008BH     UNIT         ?PR?PWM_INIT?PWM
            CODE    1784H     0078H     UNIT         ?PR?LED_SLOW_ADJUST_ISR?LED
            CODE    17FCH     0074H     UNIT         ?PR?UART_DATA_HANDLE?UART_DATA_HANDLE
            CODE    1870H     0074H     UNIT         ?CO?BATTERY_MONITOR
            CODE    18E4H     0073H     UNIT         ?PR?ADC_IRQHANDLER?ADC
            CODE    1957H     0070H     UNIT         ?PR?_LED_STATUS_SET?LED
            CODE    19C7H     0069H     UNIT         ?PR?TIMR0_IRQHANDLER?TIMER0
            CODE    1A30H     005DH     UNIT         ?PR?ADC_SCAN?ADC
            CODE    1A8DH     0051H     UNIT         ?PR?BATTERY_MONITOR
            CODE    1ADEH     004EH     UNIT         ?PR?LED_INIT?LED
            CODE    1B2CH     004CH     UNIT         ?PR?_AD_KEY_VAL_TO_AD_KEY_INDEX?AD_KEY
            CODE    1B78H     004AH     UNIT         ?PR?_AD_KEY_GET_EVENT?AD_KEY
            CODE    1BC2H     0048H     UNIT         ?PR?_GET_BATTERY_PERCENTAGE_BY_VOLTAGE?BATTERY_MONITOR
            CODE    1C0AH     0046H     UNIT         ?PR?BAT_VOL_HISTORY_BUFF_GET_AVG?BATTERY_MONITOR
            CODE    1C50H     0045H     UNIT         ?PR?TIMR1_IRQHANDLER?TIMER1
            CODE    1C95H     0045H     UNIT         ?PR?_UART_DATA_SEND_CMD?UART_DATA_HANDLE
            CODE    1CDAH     0041H     UNIT         ?PR?_GET_BATTERY_VOLTAGE_BY_ADC?BATTERY_MONITOR
            CODE    1D1BH     003CH     UNIT         ?PR?_ADC_CHANNEL_SEL?ADC
            CODE    1D57H     0039H     UNIT         ?PR?BAT_VOL_UPDATE_TIMER_CALLBACK?BATTERY_MONITOR
            CODE    1D90H     0035H     UNIT         ?PR?LOW_POWER_ENTER_TIMER_CALLBACK?LOW_POWER
            CODE    1DC5H     0034H     UNIT         ?PR?MAIN?MAIN
            CODE    1DF9H     0033H     UNIT         ?PR?AD_KEY_GET_KEY_VAL?AD_KEY
            CODE    1E2CH     0031H     UNIT         ?PR?SEND_LOW_BAT_TIMER_CALLBACK?BATTERY_MONITOR
            CODE    1E5DH     0031H     UNIT         ?PR?BAT_VOL_BUFF_GET_AVG_TIMER_CALLBACK?BATTERY_MONITOR
            CODE    1E8EH     0030H     UNIT         ?PR?BAT_VOL_BUFF_ADD_TIMER_CALLBACK?BATTERY_MONITOR
            CODE    1EBEH     002FH     UNIT         ?PR?_ADC_UPDATE_VAL?ADC
            CODE    1EEDH     002CH     UNIT         ?PR?_USER_TEST_INIT_BY_VOLTAGE_MV?BATTERY_MONITOR
            CODE    1F19H     002BH     UNIT         ?PR?LOW_POWER_OUT?LOW_POWER
            CODE    1F44H     002AH     UNIT         ?PR?UART0_INIT?UART0
            CODE    1F6EH     002AH     UNIT         ?PR?USER_INIT?MAIN
            CODE    1F98H     002AH     UNIT         ?PR?LED_STATUS_SWITCH?LED
            CODE    1FC2H     0029H     UNIT         ?CO?BLUETOOTH_IC_HANDLE
            CODE    1FEBH     0029H     UNIT         ?PR?LOW_POWER_HANDLE?LOW_POWER
            CODE    2014H     0026H     UNIT         ?PR?_ADC_GET_VAL?ADC
            CODE    203AH     0026H     UNIT         ?PR?UART0_IRQHANDLER?UART0
            CODE    2060H     0023H     UNIT         ?PR?_UART0_SENDBUF?UART0
            CODE    2083H     0022H     UNIT         ?PR?UART_RECEIVER_PROCESS_CHECKSUM?UART_DATA_HANDLE
            CODE    20A5H     0022H     UNIT         ?PR?_BAT_VOL_HISTORY_BUFF_ADD?BATTERY_MONITOR
            CODE    20C7H     0022H     UNIT         ?PR?CHARGE_DET
            CODE    20E9H     0021H     UNIT         ?PR?ADC
            CODE    210AH     0021H     UNIT         ?PR?KEY_DRIVER
            CODE    212BH     0021H     UNIT         ?PR?DEBUG_TIME_ADD?USER_TEST
            CODE    214CH     001EH     UNIT         ?PR?_ADC_GET_UPDATE_FLAG?ADC
            CODE    216AH     001DH     UNIT         ?PR?ADC_INIT?ADC
            CODE    2187H     001DH     UNIT         ?PR?BLE_IC_ENABLE?BLUETOOTH_IC_HANDLE
            CODE    21A4H     001BH     UNIT         ?PR?TIMER1_INIT?TIMER1
            CODE    21BFH     001AH     UNIT         ?PR?ADC_GET_VAL_ONCE?ADC
            CODE    21D9H     001AH     UNIT         ?PR?BLUETOOTH_IC_HANDLE_INIT?BLUETOOTH_IC_HANDLE
            CODE    21F3H     0019H     UNIT         ?PR?_BATTERY_MONITOR_REFRESH_BY_ADC_VAL?BATTERY_MONITOR
            CODE    220CH     0019H     UNIT         ?PR?CHARGE_DET_INIT?CHARGE_DET
            CODE    2225H     0018H     UNIT         ?PR?_DELAY_MS?SYSTEM
            CODE    223DH     0018H     UNIT         ?PR?_UART0_RXBUFFER_PUT_BYTE?UART0
            CODE    2255H     0018H     UNIT         ?PR?IS_LOW_POWER_CONDITION_ESTABLISH?LOW_POWER
BL51 BANKED LINKER/LOCATER V6.22.4.0                                                  04/02/2026  16:08:42  PAGE 4


            CODE    226DH     0018H     UNIT         ?PR?WUT_IRQHANDLER?LOW_POWER
            CODE    2285H     0017H     UNIT         ?PR?UART0_RXBUFFER_GET_BYTE?UART0
            CODE    229CH     0017H     UNIT         ?PR?UART_DATA_HANDLE
            CODE    22B3H     0016H     UNIT         ?PR?PWM
            CODE    22C9H     0016H     UNIT         ?PR?_BAT_VOL_HISTORY_BUFF_INIT?BATTERY_MONITOR
            CODE    22DFH     0015H     UNIT         ?PR?_ADC_CLEAR_UPDATE_FLAG?ADC
            CODE    22F4H     0015H     UNIT         ?PR?UART_RECEIVER_RESET?UART_DATA_HANDLE
            CODE    2309H     0013H     UNIT         ?PR?UART_RECEIVER_TIMEOUT_HANDLER?UART_DATA_HANDLE
            CODE    231CH     0013H     UNIT         ?CO?LOW_POWER
            CODE    232FH     0012H     UNIT         ?PR?USER_DEBUG_PIN_INIT?USER_TEST
            CODE    2341H     0010H     UNIT         ?PR?UART0
            CODE    2351H     0010H     UNIT         ?PR?BLE_IC_DISABLE_POST?BLUETOOTH_IC_HANDLE
            CODE    2361H     000FH     UNIT         ?PR?AD_KEY
            CODE    2370H     000FH     UNIT         ?PR?LED_CTL_INIT?LED
            CODE    237FH     000EH     UNIT         ?PR?LED_YELLOW_ON?LED
            CODE    238DH     000EH     UNIT         ?PR?LED_WHITE_ON?LED
            CODE    239BH     000EH     UNIT         ?PR?BLE_IC_DISABLE_PRE?BLUETOOTH_IC_HANDLE
            CODE    23A9H     000DH     UNIT         ?PR?ADC_PIN_INIT?ADC
            CODE    23B6H     000DH     UNIT         ?PR?_UART0_SENDBYTE?UART0
            CODE    23C3H     000CH     UNIT         ?PR?PWM_GET_CHANNEL_0_STATUS?PWM
            CODE    23CFH     000CH     UNIT         ?PR?PWM_GET_CHANNEL_1_STATUS?PWM
            CODE    23DBH     000BH     UNIT         ?PR?_DELAY?SYSTEM
            CODE    23E6H     000AH     UNIT         ?CO?MAIN
            CODE    23F0H     0009H     UNIT         ?PR?_PWM_SET_CHANNEL_0_DUTY?PWM
            CODE    23F9H     0009H     UNIT         ?PR?_PWM_SET_CHANNEL_1_DUTY?PWM
            CODE    2402H     0008H     UNIT         ?PR?_PUTCHAR?UART0
            CODE    240AH     0008H     UNIT         ?CO?UART_DATA_HANDLE
            CODE    2412H     0008H     UNIT         ?PR?LED_YELLOW_OFF?LED
            CODE    241AH     0008H     UNIT         ?PR?LED_WHITE_OFF?LED



OVERLAY MAP OF MODULE:   .\Release\Objects\Demo (?C_STARTUP)


SEGMENT                                             BIT_GROUP          DATA_GROUP          XDATA_GROUP
  +--> CALLED SEGMENT                            START    LENGTH     START    LENGTH     START    LENGTH
--------------------------------------------------------------------------------------------------------
?C_C51STARTUP                                    -----    -----      -----    -----      -----    -----
  +--> ?PR?MAIN?MAIN
  +--> ?C_INITSEG

?PR?MAIN?MAIN                                    -----    -----      -----    -----      -----    -----
  +--> ?PR?SYSTEM_INIT?SYSTEM
  +--> ?PR?USER_INIT?MAIN
  +--> ?PR?_DELAY_MS?SYSTEM
  +--> ?PR?_KEY_DRIVER_SCAN?KEY_DRIVER
  +--> ?PR?AD_KEY_HANDLE?AD_KEY
  +--> ?PR?UART_DATA_HANDLE?UART_DATA_HANDLE
  +--> ?PR?BATTERY_MONITOR_HANDLE?BATTERY_MO...
  +--> ?PR?CHARGE_DET?CHARGE_DET

?PR?SYSTEM_INIT?SYSTEM                           -----    -----      -----    -----      -----    -----
  +--> ?PR?_DELAY?SYSTEM
  +--> ?PR?_DELAY_MS?SYSTEM

?PR?_DELAY_MS?SYSTEM                             -----    -----      -----    -----      -----    -----
BL51 BANKED LINKER/LOCATER V6.22.4.0                                                  04/02/2026  16:08:42  PAGE 5


  +--> ?PR?_DELAY?SYSTEM

?PR?USER_INIT?MAIN                               -----    -----      -----    -----      -----    -----
  +--> ?PR?ADC_PIN_INIT?ADC
  +--> ?PR?ADC_INIT?ADC
  +--> ?PR?LED_INIT?LED
  +--> ?PR?UART0_INIT?UART0
  +--> ?PR?PWM_INIT?PWM
  +--> ?PR?BLUETOOTH_IC_HANDLE_INIT?BLUETOOT...
  +--> ?PR?LED_CTL_INIT?LED
  +--> ?PR?CHARGE_DET_INIT?CHARGE_DET
  +--> ?PR?TIMER0_INIT?TIMER0
  +--> ?PR?TIMER1_INIT?TIMER1
  +--> ?PR?USER_DEBUG_PIN_INIT?USER_TEST
  +--> ?CO?MAIN
  +--> ?PR?PRINTF?PRINTF

?PR?ADC_INIT?ADC                                 -----    -----      -----    -----      -----    -----
  +--> ?PR?_DELAY_MS?SYSTEM

?PR?LED_INIT?LED                                 -----    -----      -----    -----      -----    -----
  +--> ?PR?LED

?PR?PWM_INIT?PWM                                 -----    -----      -----    -----      -----    -----
  +--> ?PR?PWM

?PR?PRINTF?PRINTF                                0020H.0  0001H.1    0008H    0005H      60C0H    0028H
  +--> ?PR?_PUTCHAR?UART0

?PR?_KEY_DRIVER_SCAN?KEY_DRIVER                  -----    -----      -----    -----      60BCH    0002H
  +--> ?PR?KEY_DRIVER

?PR?AD_KEY_HANDLE?AD_KEY                         -----    -----      -----    -----      -----    -----
  +--> ?PR?_AD_KEY_GET_EVENT?AD_KEY
  +--> ?CO?AD_KEY
  +--> ?PR?PRINTF?PRINTF
  +--> ?PR?LED_STATUS_SWITCH?LED
  +--> ?PR?_USER_TEST_INIT_BY_VOLTAGE_MV?BAT...
  +--> ?PR?_UART_DATA_SEND_CMD?UART_DATA_HANDLE
  +--> ?PR?BLE_IC_DISABLE_PRE?BLUETOOTH_IC_H...
  +--> ?PR?BLE_IC_ENABLE?BLUETOOTH_IC_HANDLE

?PR?_AD_KEY_GET_EVENT?AD_KEY                     -----    -----      -----    -----      -----    -----
  +--> ?PR?AD_KEY

?PR?LED_STATUS_SWITCH?LED                        -----    -----      -----    -----      -----    -----
  +--> ?PR?_LED_STATUS_SET?LED

?PR?_LED_STATUS_SET?LED                          -----    -----      -----    -----      60C0H    0001H
  +--> ?PR?LED_YELLOW_OFF?LED
  +--> ?PR?LED_WHITE_OFF?LED
  +--> ?PR?LED_WHITE_ON?LED
  +--> ?PR?LED_YELLOW_ON?LED

?PR?LED_WHITE_ON?LED                             -----    -----      -----    -----      -----    -----
  +--> ?PR?_PWM_SET_CHANNEL_1_DUTY?PWM

BL51 BANKED LINKER/LOCATER V6.22.4.0                                                  04/02/2026  16:08:42  PAGE 6


?PR?_PWM_SET_CHANNEL_1_DUTY?PWM                  -----    -----      -----    -----      -----    -----
  +--> ?PR?PWM

?PR?LED_YELLOW_ON?LED                            -----    -----      -----    -----      -----    -----
  +--> ?PR?_PWM_SET_CHANNEL_0_DUTY?PWM

?PR?_PWM_SET_CHANNEL_0_DUTY?PWM                  -----    -----      -----    -----      -----    -----
  +--> ?PR?PWM

?PR?_USER_TEST_INIT_BY_VOLTAGE_MV?BAT...         -----    -----      -----    -----      -----    -----
  +--> ?PR?BATTERY_MONITOR
  +--> ?PR?_BAT_VOL_HISTORY_BUFF_INIT?BATTER...
  +--> ?PR?_GET_BATTERY_PERCENTAGE_BY_VOLTAG...

?PR?_BAT_VOL_HISTORY_BUFF_INIT?BATTER...         -----    -----      -----    -----      -----    -----
  +--> ?PR?BATTERY_MONITOR

?PR?_GET_BATTERY_PERCENTAGE_BY_VOLTAG...         -----    -----      -----    -----      60C0H    0004H

?PR?_UART_DATA_SEND_CMD?UART_DATA_HANDLE         -----    -----      -----    -----      60C0H    0009H
  +--> ?CO?UART_DATA_HANDLE
  +--> ?PR?_UART0_SENDBUF?UART0

?PR?_UART0_SENDBUF?UART0                         -----    -----      -----    -----      60C9H    0003H
  +--> ?PR?_UART0_SENDBYTE?UART0

?PR?BLE_IC_DISABLE_PRE?BLUETOOTH_IC_H...         -----    -----      -----    -----      -----    -----
  +--> ?PR?_UART_DATA_SEND_CMD?UART_DATA_HANDLE
  +--> ?CO?BLUETOOTH_IC_HANDLE
  +--> ?PR?PRINTF?PRINTF

?PR?BLE_IC_ENABLE?BLUETOOTH_IC_HANDLE            -----    -----      -----    -----      -----    -----
  +--> ?PR?_DELAY_MS?SYSTEM
  +--> ?PR?_UART_DATA_SEND_CMD?UART_DATA_HANDLE
  +--> ?CO?BLUETOOTH_IC_HANDLE
  +--> ?PR?PRINTF?PRINTF

?PR?UART_DATA_HANDLE?UART_DATA_HANDLE            -----    -----      -----    -----      60BCH    0001H
  +--> ?PR?UART_RECEIVER_RESET?UART_DATA_HANDLE
  +--> ?PR?UART_RECEIVER_TIMEOUT_HANDLER?UAR...
  +--> ?PR?UART0_RXBUFFER_GET_COUNT?UART0
  +--> ?PR?UART0_RXBUFFER_GET_BYTE?UART0
  +--> ?PR?_UART_RECEIVER_PROCESS_BYTE?UART_...
  +--> ?PR?BLE_IC_DISABLE_POST?BLUETOOTH_IC_...

?PR?UART_RECEIVER_TIMEOUT_HANDLER?UAR...         -----    -----      -----    -----      60BDH    0001H
  +--> ?PR?UART_RECEIVER_RESET?UART_DATA_HANDLE

?PR?UART0_RXBUFFER_GET_BYTE?UART0                -----    -----      -----    -----      -----    -----
  +--> ?PR?UART0

?PR?_UART_RECEIVER_PROCESS_BYTE?UART_...         -----    -----      -----    -----      -----    -----
  +--> ?PR?UART_DATA_HANDLE
  +--> ?PR?UART_RECEIVER_PROCESS_CHECKSUM?UA...

?PR?BLE_IC_DISABLE_POST?BLUETOOTH_IC_...         -----    -----      -----    -----      -----    -----
  +--> ?CO?BLUETOOTH_IC_HANDLE
BL51 BANKED LINKER/LOCATER V6.22.4.0                                                  04/02/2026  16:08:42  PAGE 7


  +--> ?PR?PRINTF?PRINTF

?PR?BATTERY_MONITOR_HANDLE?BATTERY_MO...         -----    -----      -----    -----      60BCH    0004H
  +--> ?PR?_ADC_GET_UPDATE_FLAG?ADC
  +--> ?PR?_ADC_CLEAR_UPDATE_FLAG?ADC
  +--> ?PR?_ADC_GET_VAL?ADC
  +--> ?PR?_GET_BATTERY_VOLTAGE_BY_ADC?BATTE...
  +--> ?PR?BATTERY_MONITOR
  +--> ?PR?_BAT_VOL_HISTORY_BUFF_INIT?BATTER...
  +--> ?PR?_GET_BATTERY_PERCENTAGE_BY_VOLTAG...
  +--> ?CO?BATTERY_MONITOR
  +--> ?PR?PRINTF?PRINTF
  +--> ?PR?_BAT_VOL_HISTORY_BUFF_ADD?BATTERY...
  +--> ?PR?_LED_STATUS_SET?LED
  +--> ?PR?_UART_DATA_SEND_CMD?UART_DATA_HANDLE
  +--> ?PR?_DELAY_MS?SYSTEM
  +--> ?PR?BLE_IC_DISABLE_PRE?BLUETOOTH_IC_H...
  +--> ?PR?BLE_IC_ENABLE?BLUETOOTH_IC_HANDLE
  +--> ?PR?BAT_VOL_HISTORY_BUFF_GET_AVG?BATT...

?PR?_BAT_VOL_HISTORY_BUFF_ADD?BATTERY...         -----    -----      -----    -----      -----    -----
  +--> ?PR?BATTERY_MONITOR

?PR?BAT_VOL_HISTORY_BUFF_GET_AVG?BATT...         -----    -----      -----    -----      60C0H    0005H
  +--> ?PR?BATTERY_MONITOR

?PR?CHARGE_DET?CHARGE_DET                        -----    -----      -----    -----      60BCH    0002H
  +--> ?PR?_ADC_GET_UPDATE_FLAG?ADC
  +--> ?PR?_ADC_CLEAR_UPDATE_FLAG?ADC
  +--> ?PR?_ADC_GET_VAL?ADC
  +--> ?PR?_LED_STATUS_SET?LED
  +--> ?PR?BLE_IC_DISABLE_PRE?BLUETOOTH_IC_H...
  +--> ?PR?_DELAY_MS?SYSTEM

?C_INITSEG                                       -----    -----      -----    -----      -----    -----
  +--> ?PR?AD_KEY_GET_KEY_VAL?AD_KEY

?PR?AD_KEY_GET_KEY_VAL?AD_KEY                    -----    -----      -----    -----      60BCH    0001H
  +--> ?PR?_ADC_GET_UPDATE_FLAG?ADC
  +--> ?PR?_ADC_CLEAR_UPDATE_FLAG?ADC
  +--> ?PR?_ADC_GET_VAL?ADC
  +--> ?PR?_AD_KEY_VAL_TO_AD_KEY_INDEX?AD_KEY

?PR?_AD_KEY_VAL_TO_AD_KEY_INDEX?AD_KEY           -----    -----      -----    -----      60BDH    0002H

*** NEW ROOT ***************************************************

?PR?ADC_IRQHANDLER?ADC                           -----    -----      -----    -----      60E8H    0002H
  +--> ?PR?ADC
  +--> ?PR?_ADC_UPDATE_VAL?ADC

?PR?ADC                                          -----    -----      -----    -----      -----    -----
  +--> ?PR?_ADC_CHANNEL_SEL?ADC

*** NEW ROOT ***************************************************

?PR?TIMR0_IRQHANDLER?TIMER0                      -----    -----      -----    -----      -----    -----
BL51 BANKED LINKER/LOCATER V6.22.4.0                                                  04/02/2026  16:08:42  PAGE 8


  +--> ?PR?ADC_SCAN?ADC
  +--> ?PR?UART_RECEIVER_TIMEOUT_ADD?UART_DA...
  +--> ?PR?BAT_VOL_UPDATE_TIMER_CALLBACK?BAT...
  +--> ?PR?BAT_VOL_BUFF_ADD_TIMER_CALLBACK?B...
  +--> ?PR?BAT_VOL_BUFF_GET_AVG_TIMER_CALLBA...
  +--> ?PR?LED_SLOW_ADJUST_ISR?LED
  +--> ?PR?LED_RED_BLUE_FLASH_1MS_ISR?LED
  +--> ?PR?LED_BAT_INSTRUCTION_TIMER_CALLBAC...
  +--> ?PR?LOW_POWER_ENTER_TIMER_CALLBACK?LO...
  +--> ?PR?SEND_LOW_BAT_TIMER_CALLBACK?BATTE...
  +--> ?PR?DEBUG_TIME_ADD?USER_TEST

?PR?ADC_SCAN?ADC                                 -----    -----      -----    -----      -----    -----
  +--> ?PR?ADC

?PR?BAT_VOL_BUFF_ADD_TIMER_CALLBACK?B...         -----    -----      -----    -----      -----    -----
  +--> ?PR?BATTERY_MONITOR

?PR?BAT_VOL_BUFF_GET_AVG_TIMER_CALLBA...         -----    -----      -----    -----      -----    -----
  +--> ?PR?BATTERY_MONITOR

?PR?LED_SLOW_ADJUST_ISR?LED                      -----    -----      -----    -----      -----    -----
  +--> ?PR?LED
  +--> ?PR?_PWM_SET_CHANNEL_0_DUTY?PWM
  +--> ?PR?_PWM_SET_CHANNEL_1_DUTY?PWM

?PR?LED_RED_BLUE_FLASH_1MS_ISR?LED               -----    -----      -----    -----      60EAH    0002H
  +--> ?PR?LED

?PR?LED_BAT_INSTRUCTION_TIMER_CALLBAC...         -----    -----      -----    -----      -----    -----
  +--> ?PR?LED

?PR?LOW_POWER_ENTER_TIMER_CALLBACK?LO...         -----    -----      -----    -----      -----    -----
  +--> ?PR?IS_LOW_POWER_CONDITION_ESTABLISH?...

*** NEW ROOT ***************************************************

?PR?TIMR1_IRQHANDLER?TIMER1                      -----    -----      -----    -----      -----    -----
  +--> ?PR?DETECT_1KHZ_SIGNAL_100US?CHARGE_DET

?PR?DETECT_1KHZ_SIGNAL_100US?CHARGE_DET          -----    -----      -----    -----      60ECH    0002H
  +--> ?PR?CHARGE_DET

*** NEW ROOT ***************************************************

?PR?UART0_IRQHANDLER?UART0                       -----    -----      -----    -----      -----    -----
  +--> ?PR?_UART0_RXBUFFER_PUT_BYTE?UART0

?PR?_UART0_RXBUFFER_PUT_BYTE?UART0               -----    -----      -----    -----      -----    -----
  +--> ?PR?UART0



SYMBOL TABLE OF MODULE:  .\Release\Objects\Demo (?C_STARTUP)

  VALUE           TYPE          NAME
  ----------------------------------
BL51 BANKED LINKER/LOCATER V6.22.4.0                                                  04/02/2026  16:08:42  PAGE 9



  -------         MODULE        ?C_STARTUP
  C:166DH         SEGMENT       ?C_C51STARTUP
  I:0022H         SEGMENT       ?STACK
  C:0000H         PUBLIC        ?C_STARTUP
  D:00E0H         SYMBOL        ACC
  D:00F0H         SYMBOL        B
  D:0083H         SYMBOL        DPH
  D:0082H         SYMBOL        DPL
  N:0000H         SYMBOL        IBPSTACK
  N:0100H         SYMBOL        IBPSTACKTOP
  N:0080H         SYMBOL        IDATALEN
  C:1670H         SYMBOL        IDATALOOP
  N:0000H         SYMBOL        PBPSTACK
  N:0100H         SYMBOL        PBPSTACKTOP
  N:0000H         SYMBOL        PDATALEN
  N:0000H         SYMBOL        PDATASTART
  N:0000H         SYMBOL        PPAGE
  N:0000H         SYMBOL        PPAGEENABLE
  D:00A0H         SYMBOL        PPAGE_SFR
  D:0081H         SYMBOL        SP
  C:166DH         SYMBOL        STARTUP1
  N:0000H         SYMBOL        XBPSTACK
  N:0000H         SYMBOL        XBPSTACKTOP
  N:0000H         SYMBOL        XDATALEN
  N:0000H         SYMBOL        XDATASTART
  C:0000H         LINE#         126
  C:166DH         LINE#         133
  C:166FH         LINE#         134
  C:1670H         LINE#         135
  C:1671H         LINE#         136
  C:1673H         LINE#         185
  C:1676H         LINE#         196
  -------         ENDMOD        ?C_STARTUP

  -------         MODULE        SYSTEM
  C:0000H         SYMBOL        _ICE_DUMMY_
  D:00A7H         PUBLIC        FLASH_TIMEREG0
  D:00ACH         PUBLIC        FLASH_TIMEREG1
  C:23DBH         PUBLIC        _delay
  C:2225H         PUBLIC        _delay_ms
  C:1275H         PUBLIC        system_init
  -------         PROC          _DELAY
  D:0006H         SYMBOL        cnt
  C:23DBH         LINE#         37
  C:23DBH         LINE#         38
  C:23DBH         LINE#         39
  C:23E5H         LINE#         40
  C:23E5H         LINE#         41
  C:23E5H         LINE#         42
  -------         ENDPROC       _DELAY
  -------         PROC          _DELAY_MS
  D:0002H         SYMBOL        ms
  C:2225H         LINE#         49
  C:2229H         LINE#         50
  C:2229H         LINE#         51
  C:2233H         LINE#         52
BL51 BANKED LINKER/LOCATER V6.22.4.0                                                  04/02/2026  16:08:42  PAGE 10


  C:2233H         LINE#         53
  C:223AH         LINE#         54
  C:223CH         LINE#         55
  -------         ENDPROC       _DELAY_MS
  -------         PROC          SYSTEM_INIT
  -------         DO            
  D:0007H         SYMBOL        i
  -------         ENDDO         
  C:1275H         LINE#         62
  C:1275H         LINE#         63
  C:1275H         LINE#         66
  C:127CH         LINE#         67
  C:1289H         LINE#         68
  C:128CH         LINE#         69
  C:128FH         LINE#         70
  C:1295H         LINE#         71
  C:129BH         LINE#         72
  C:12A1H         LINE#         76
  C:12A3H         LINE#         77
  C:12A3H         LINE#         78
  C:12B0H         LINE#         79
  C:12B5H         LINE#         81
  C:1343H         LINE#         82
  -------         ENDPROC       SYSTEM_INIT
  -------         ENDMOD        SYSTEM

  -------         MODULE        ADC
  C:0000H         SYMBOL        _ICE_DUMMY_
  D:00A8H         PUBLIC        IE0
  D:00A9H         PUBLIC        IE1
  D:00AAH         PUBLIC        IE2
  D:00ABH         PUBLIC        IE3
  B:00A8H.7       PUBLIC        IE_EA
  D:00B8H         PUBLIC        IP0
  D:00B1H         PUBLIC        IP1
  D:00B2H         PUBLIC        IP2
  D:00B3H         PUBLIC        IP3
  D:00B4H         PUBLIC        IP4
  D:00B5H         PUBLIC        IP5
  D:00B6H         PUBLIC        IP6
  D:00B7H         PUBLIC        IP7
  D:0093H         PUBLIC        ADC_DATAH0
  D:0094H         PUBLIC        ADC_DATAL0
  D:0099H         PUBLIC        ADC_CHS0
  X:6155H         PUBLIC        cur_adc_status
  C:23A9H         PUBLIC        adc_pin_init
  C:216AH         PUBLIC        adc_init
  C:1A30H         PUBLIC        adc_scan
  C:1EBEH         PUBLIC        _adc_update_val
  C:2014H         PUBLIC        _adc_get_val
  C:214CH         PUBLIC        _adc_get_update_flag
  C:22DFH         PUBLIC        _adc_clear_update_flag
  C:1D1BH         PUBLIC        _adc_channel_sel
  C:21BFH         PUBLIC        adc_get_val_once
  X:6156H         SYMBOL        adc_adkey_val
  B:0021H.1       SYMBOL        flag_is_adkey_val_update
  X:6158H         SYMBOL        adc_bat_det_val
BL51 BANKED LINKER/LOCATER V6.22.4.0                                                  04/02/2026  16:08:42  PAGE 11


  B:0021H.2       SYMBOL        flag_is_adc_bat_det_val_update
  X:615AH         SYMBOL        adc_solar_det_val
  B:0021H.3       SYMBOL        flag_is_adc_solar_det_val_update
  C:18E4H         PUBLIC        ADC_IRQHandler
  C:20E9H         SYMBOL        Com005F
  C:20E9H         SYMBOL        L?0096
  C:20E9H         SYMBOL        L?0097
  C:20F2H         SYMBOL        L?0098
  C:20F2H         SYMBOL        L?0099
  C:20F9H         SYMBOL        L?0100
  C:2103H         SYMBOL        L?0101
  C:2103H         SYMBOL        L?0102
  -------         PROC          COM005F
  -------         ENDPROC       COM005F
  -------         PROC          ADC_PIN_INIT
  C:23A9H         LINE#         17
  C:23A9H         LINE#         18
  C:23A9H         LINE#         20
  C:23AFH         LINE#         23
  C:23B5H         LINE#         24
  -------         ENDPROC       ADC_PIN_INIT
  -------         PROC          ADC_INIT
  C:216AH         LINE#         26
  C:216AH         LINE#         27
  C:216AH         LINE#         35
  C:2170H         LINE#         39
  C:2173H         LINE#         40
  C:2175H         LINE#         42
  C:217BH         LINE#         44
  C:2180H         LINE#         47
  -------         ENDPROC       ADC_INIT
  -------         PROC          _ADC_UPDATE_VAL
  D:0007H         SYMBOL        adc_channel
  D:0004H         SYMBOL        adc_val
  C:1EBEH         LINE#         56
  C:1EBEH         LINE#         57
  C:1EBEH         LINE#         58
  C:1ECAH         LINE#         59
  C:1ECAH         LINE#         60
  C:1ECAH         LINE#         61
  C:1ED2H         LINE#         62
  C:1ED4H         LINE#         63
  C:1ED5H         LINE#         64
  C:1ED5H         LINE#         65
  C:1EDDH         LINE#         66
  C:1EDFH         LINE#         67
  C:1EE0H         LINE#         68
  C:1EE0H         LINE#         69
  C:1EEAH         LINE#         70
  C:1EECH         LINE#         71
  C:1EECH         LINE#         72
  C:1EECH         LINE#         73
  -------         ENDPROC       _ADC_UPDATE_VAL
  -------         PROC          _ADC_GET_VAL
  D:0007H         SYMBOL        adc_channel
  -------         DO            
  D:0004H         SYMBOL        ret
BL51 BANKED LINKER/LOCATER V6.22.4.0                                                  04/02/2026  16:08:42  PAGE 12


  -------         ENDDO         
  C:2014H         LINE#         75
  C:2014H         LINE#         76
  C:2014H         LINE#         77
  C:2017H         LINE#         78
  C:2023H         LINE#         79
  C:2023H         LINE#         80
  C:2023H         LINE#         81
  C:2026H         LINE#         82
  C:2028H         LINE#         83
  C:2028H         LINE#         84
  C:202BH         LINE#         85
  C:202DH         LINE#         86
  C:202DH         LINE#         87
  C:2035H         LINE#         88
  C:2035H         LINE#         90
  C:2035H         LINE#         91
  C:2035H         LINE#         92
  C:2035H         LINE#         94
  C:2039H         LINE#         95
  -------         ENDPROC       _ADC_GET_VAL
  -------         PROC          _ADC_GET_UPDATE_FLAG
  D:0007H         SYMBOL        adc_channel
  -------         DO            
  D:0006H         SYMBOL        ret
  -------         ENDDO         
  C:214CH         LINE#         98
  C:214CH         LINE#         99
  C:214CH         LINE#         100
  C:214EH         LINE#         101
  C:215AH         LINE#         102
  C:215AH         LINE#         103
  C:215AH         LINE#         104
  C:215CH         LINE#         105
  C:215EH         LINE#         106
  C:215EH         LINE#         107
  C:2160H         LINE#         108
  C:2162H         LINE#         109
  C:2162H         LINE#         110
  C:2167H         LINE#         111
  C:2167H         LINE#         113
  C:2167H         LINE#         114
  C:2167H         LINE#         115
  C:2167H         LINE#         117
  C:2169H         LINE#         118
  -------         ENDPROC       _ADC_GET_UPDATE_FLAG
  -------         PROC          _ADC_CLEAR_UPDATE_FLAG
  D:0007H         SYMBOL        adc_channel
  C:22DFH         LINE#         121
  C:22DFH         LINE#         122
  C:22DFH         LINE#         123
  C:22EBH         LINE#         124
  C:22EBH         LINE#         125
  C:22EBH         LINE#         126
  C:22EDH         LINE#         127
  C:22EEH         LINE#         128
  C:22EEH         LINE#         129
BL51 BANKED LINKER/LOCATER V6.22.4.0                                                  04/02/2026  16:08:42  PAGE 13


  C:22F0H         LINE#         130
  C:22F1H         LINE#         131
  C:22F1H         LINE#         132
  C:22F3H         LINE#         133
  C:22F3H         LINE#         135
  C:22F3H         LINE#         136
  C:22F3H         LINE#         137
  C:22F3H         LINE#         138
  -------         ENDPROC       _ADC_CLEAR_UPDATE_FLAG
  -------         PROC          _ADC_CHANNEL_SEL
  D:0007H         SYMBOL        adc_channel
  C:1D1BH         LINE#         140
  C:1D1BH         LINE#         141
  C:1D1BH         LINE#         142
  C:1D22H         LINE#         146
  C:1D2EH         LINE#         147
  C:1D2EH         LINE#         148
  C:1D2EH         LINE#         150
  C:1D35H         LINE#         152
  C:1D38H         LINE#         153
  C:1D3AH         LINE#         154
  C:1D3AH         LINE#         155
  C:1D41H         LINE#         158
  C:1D44H         LINE#         160
  C:1D46H         LINE#         161
  C:1D46H         LINE#         165
  C:1D4DH         LINE#         168
  C:1D50H         LINE#         169
  C:1D50H         LINE#         171
  C:1D50H         LINE#         172
  C:1D50H         LINE#         173
  C:1D50H         LINE#         175
  C:1D56H         LINE#         177
  -------         ENDPROC       _ADC_CHANNEL_SEL
  -------         PROC          ADC_GET_VAL_ONCE
  C:21BFH         LINE#         179
  C:21BFH         LINE#         180
  C:21BFH         LINE#         181
  C:21C2H         LINE#         182
  C:21C8H         LINE#         184
  C:21CBH         LINE#         185
  C:21D8H         LINE#         186
  -------         ENDPROC       ADC_GET_VAL_ONCE
  -------         PROC          ADC_SCAN
  C:1A30H         LINE#         189
  C:1A30H         LINE#         190
  C:1A30H         LINE#         191
  C:1A3AH         LINE#         193
  C:1A3AH         LINE#         194
  C:1A3CH         LINE#         195
  C:1A42H         LINE#         196
  C:1A43H         LINE#         197
  C:1A4AH         LINE#         198
  C:1A4AH         LINE#         200
  C:1A4DH         LINE#         201
  C:1A50H         LINE#         202
  C:1A51H         LINE#         203
BL51 BANKED LINKER/LOCATER V6.22.4.0                                                  04/02/2026  16:08:42  PAGE 14


  C:1A58H         LINE#         204
  C:1A58H         LINE#         205
  C:1A5AH         LINE#         206
  C:1A60H         LINE#         207
  C:1A61H         LINE#         208
  C:1A68H         LINE#         209
  C:1A68H         LINE#         211
  C:1A6BH         LINE#         212
  C:1A6EH         LINE#         213
  C:1A6FH         LINE#         214
  C:1A76H         LINE#         215
  C:1A76H         LINE#         216
  C:1A78H         LINE#         217
  C:1A7EH         LINE#         218
  C:1A7FH         LINE#         219
  C:1A86H         LINE#         220
  C:1A86H         LINE#         222
  C:1A89H         LINE#         223
  C:1A8CH         LINE#         224
  C:1A8CH         LINE#         225
  -------         ENDPROC       ADC_SCAN
  -------         PROC          ADC_IRQHANDLER
  -------         DO            
  X:60E8H         SYMBOL        adc_val
  -------         ENDDO         
  C:18E4H         LINE#         227
  C:18F9H         LINE#         232
  C:18F9H         LINE#         236
  C:18FFH         LINE#         237
  C:18FFH         LINE#         238
  C:1913H         LINE#         239
  C:191AH         LINE#         240
  C:191AH         LINE#         241
  C:191FH         LINE#         242
  C:1921H         LINE#         243
  C:1928H         LINE#         244
  C:1928H         LINE#         245
  C:192DH         LINE#         246
  C:192FH         LINE#         247
  C:1936H         LINE#         248
  C:1936H         LINE#         249
  C:193EH         LINE#         250
  C:193EH         LINE#         252
  C:1944H         LINE#         253
  C:1944H         LINE#         256
  C:1944H         LINE#         257
  -------         ENDPROC       ADC_IRQHANDLER
  -------         ENDMOD        ADC

  -------         MODULE        PWM
  C:0000H         SYMBOL        _ICE_DUMMY_
  B:00A0H.7       PUBLIC        P27
  B:00B0H.0       PUBLIC        P30
  C:16F9H         PUBLIC        pwm_init
  C:23F0H         PUBLIC        _pwm_set_channel_0_duty
  C:23F9H         PUBLIC        _pwm_set_channel_1_duty
  C:23C3H         PUBLIC        pwm_get_channel_0_status
BL51 BANKED LINKER/LOCATER V6.22.4.0                                                  04/02/2026  16:08:42  PAGE 15


  C:23CFH         PUBLIC        pwm_get_channel_1_status
  C:22B3H         SYMBOL        Com000A
  C:22B3H         SYMBOL        L?0011
  C:22BEH         SYMBOL        L?0012
  -------         PROC          COM000A
  -------         ENDPROC       COM000A
  -------         PROC          PWM_INIT
  C:16F9H         LINE#         3
  C:16F9H         LINE#         4
  C:16F9H         LINE#         6
  C:16FFH         LINE#         7
  C:1703H         LINE#         9
  C:1705H         LINE#         10
  C:170AH         LINE#         13
  C:1710H         LINE#         14
  C:1714H         LINE#         16
  C:1716H         LINE#         17
  C:171BH         LINE#         21
  C:1721H         LINE#         22
  C:1726H         LINE#         23
  C:172BH         LINE#         24
  C:172FH         LINE#         25
  C:1731H         LINE#         26
  C:1731H         LINE#         27
  C:1731H         LINE#         29
  C:1737H         LINE#         30
  C:173DH         LINE#         31
  C:1743H         LINE#         32
  C:1749H         LINE#         33
  C:174FH         LINE#         37
  C:1755H         LINE#         38
  C:175AH         LINE#         39
  C:175FH         LINE#         40
  C:1763H         LINE#         41
  C:1765H         LINE#         42
  C:1765H         LINE#         43
  C:1765H         LINE#         45
  C:176BH         LINE#         46
  C:1771H         LINE#         47
  C:1777H         LINE#         48
  C:177DH         LINE#         49
  C:1783H         LINE#         50
  -------         ENDPROC       PWM_INIT
  -------         PROC          _PWM_SET_CHANNEL_0_DUTY
  D:0004H         SYMBOL        channel_duty
  C:23F0H         LINE#         53
  C:23F0H         LINE#         54
  C:23F0H         LINE#         55
  C:23F2H         LINE#         56
  C:23F2H         LINE#         57
  C:23F8H         LINE#         58
  -------         ENDPROC       _PWM_SET_CHANNEL_0_DUTY
  -------         PROC          _PWM_SET_CHANNEL_1_DUTY
  D:0004H         SYMBOL        channel_duty
  C:23F9H         LINE#         61
  C:23F9H         LINE#         62
  C:23F9H         LINE#         63
BL51 BANKED LINKER/LOCATER V6.22.4.0                                                  04/02/2026  16:08:42  PAGE 16


  C:23FBH         LINE#         64
  C:23FBH         LINE#         65
  C:2401H         LINE#         66
  -------         ENDPROC       _PWM_SET_CHANNEL_1_DUTY
  -------         PROC          PWM_GET_CHANNEL_0_STATUS
  C:23C3H         LINE#         73
  C:23C3H         LINE#         74
  C:23C3H         LINE#         75
  C:23C9H         LINE#         76
  C:23C9H         LINE#         77
  C:23CCH         LINE#         78
  C:23CCH         LINE#         80
  C:23CCH         LINE#         81
  C:23CEH         LINE#         82
  C:23CEH         LINE#         83
  -------         ENDPROC       PWM_GET_CHANNEL_0_STATUS
  -------         PROC          PWM_GET_CHANNEL_1_STATUS
  C:23CFH         LINE#         90
  C:23CFH         LINE#         91
  C:23CFH         LINE#         92
  C:23D5H         LINE#         93
  C:23D5H         LINE#         94
  C:23D8H         LINE#         95
  C:23D8H         LINE#         97
  C:23D8H         LINE#         98
  C:23DAH         LINE#         99
  C:23DAH         LINE#         100
  -------         ENDPROC       PWM_GET_CHANNEL_1_STATUS
  -------         ENDMOD        PWM

  -------         MODULE        TIMER0
  C:0000H         SYMBOL        _ICE_DUMMY_
  D:00A8H         PUBLIC        IE0
  D:00A9H         PUBLIC        IE1
  D:00AAH         PUBLIC        IE2
  D:00ABH         PUBLIC        IE3
  B:00A8H.7       PUBLIC        IE_EA
  D:00B8H         PUBLIC        IP0
  D:00B1H         PUBLIC        IP1
  D:00B2H         PUBLIC        IP2
  D:00B3H         PUBLIC        IP3
  D:00B4H         PUBLIC        IP4
  D:00B5H         PUBLIC        IP5
  D:00B6H         PUBLIC        IP6
  D:00B7H         PUBLIC        IP7
  D:00D1H         PUBLIC        TMR_ALLCON
  C:0024H         PUBLIC        timer0_init
  C:19C7H         PUBLIC        TIMR0_IRQHandler
  -------         PROC          TIMER0_INIT
  C:0024H         LINE#         10
  C:0024H         LINE#         11
  C:0024H         LINE#         12
  C:0027H         LINE#         13
  C:0029H         LINE#         15
  C:002CH         LINE#         16
  C:0031H         LINE#         17
  C:0035H         LINE#         18
BL51 BANKED LINKER/LOCATER V6.22.4.0                                                  04/02/2026  16:08:42  PAGE 17


  C:003AH         LINE#         19
  C:003EH         LINE#         20
  -------         ENDPROC       TIMER0_INIT
  -------         PROC          TIMR0_IRQHANDLER
  C:19C7H         LINE#         24
  C:19E4H         LINE#         27
  C:19E4H         LINE#         32
  C:19EAH         LINE#         33
  C:19EAH         LINE#         34
  C:19EEH         LINE#         40
  C:19F4H         LINE#         41
  C:19F7H         LINE#         43
  C:19FAH         LINE#         45
  C:19FDH         LINE#         46
  C:1A00H         LINE#         47
  C:1A03H         LINE#         49
  C:1A06H         LINE#         50
  C:1A09H         LINE#         51
  C:1A0CH         LINE#         53
  C:1A0FH         LINE#         54
  C:1A12H         LINE#         57
  C:1A15H         LINE#         59
  C:1A15H         LINE#         62
  C:1A15H         LINE#         63
  -------         ENDPROC       TIMR0_IRQHANDLER
  -------         ENDMOD        TIMER0

  -------         MODULE        TIMER1
  C:0000H         SYMBOL        _ICE_DUMMY_
  D:00A8H         PUBLIC        IE0
  D:00A9H         PUBLIC        IE1
  D:00AAH         PUBLIC        IE2
  D:00ABH         PUBLIC        IE3
  B:00A8H.7       PUBLIC        IE_EA
  D:00B8H         PUBLIC        IP0
  D:00B1H         PUBLIC        IP1
  D:00B2H         PUBLIC        IP2
  D:00B3H         PUBLIC        IP3
  D:00B4H         PUBLIC        IP4
  D:00B5H         PUBLIC        IP5
  D:00B6H         PUBLIC        IP6
  D:00B7H         PUBLIC        IP7
  D:00D1H         PUBLIC        TMR_ALLCON
  C:21A4H         PUBLIC        timer1_init
  C:1C50H         PUBLIC        TIMR1_IRQHandler
  -------         PROC          TIMER1_INIT
  C:21A4H         LINE#         9
  C:21A4H         LINE#         10
  C:21A4H         LINE#         11
  C:21A7H         LINE#         12
  C:21A9H         LINE#         14
  C:21ACH         LINE#         15
  C:21B1H         LINE#         16
  C:21B5H         LINE#         17
  C:21BAH         LINE#         18
  C:21BEH         LINE#         21
  -------         ENDPROC       TIMER1_INIT
BL51 BANKED LINKER/LOCATER V6.22.4.0                                                  04/02/2026  16:08:42  PAGE 18


  -------         PROC          TIMR1_IRQHANDLER
  C:1C50H         LINE#         25
  C:1C6DH         LINE#         28
  C:1C6DH         LINE#         32
  C:1C73H         LINE#         33
  C:1C73H         LINE#         34
  C:1C77H         LINE#         37
  C:1C7AH         LINE#         38
  C:1C7AH         LINE#         41
  C:1C7AH         LINE#         42
  -------         ENDPROC       TIMR1_IRQHANDLER
  -------         ENDMOD        TIMER1

  -------         MODULE        UART0
  C:0000H         SYMBOL        _ICE_DUMMY_
  D:00A8H         PUBLIC        IE0
  D:00A9H         PUBLIC        IE1
  D:00AAH         PUBLIC        IE2
  D:00ABH         PUBLIC        IE3
  B:00A8H.7       PUBLIC        IE_EA
  D:00B8H         PUBLIC        IP0
  D:00B1H         PUBLIC        IP1
  D:00B2H         PUBLIC        IP2
  D:00B3H         PUBLIC        IP3
  D:00B4H         PUBLIC        IP4
  D:00B5H         PUBLIC        IP5
  D:00B6H         PUBLIC        IP6
  D:00B7H         PUBLIC        IP7
  D:00D2H         PUBLIC        UART0_CON0
  D:00D4H         PUBLIC        UART0_STA
  D:00D5H         PUBLIC        UART0_BAUD0
  D:00D6H         PUBLIC        UART0_BAUD1
  D:00D7H         PUBLIC        UART0_DATA
  C:1F44H         PUBLIC        uart0_init
  C:23B6H         PUBLIC        _uart0_sendbyte
  C:2060H         PUBLIC        _uart0_sendbuf
  C:0045H         PUBLIC        uart0_rxbuffer_get_count
  C:2285H         PUBLIC        uart0_rxbuffer_get_byte
  C:2402H         PUBLIC        _putchar
  X:6000H         PUBLIC        uart0_rx_buffer
  C:223DH         SYMBOL        _uart0_rxbuffer_put_byte
  C:203AH         PUBLIC        UART0_IRQHandler
  C:2341H         SYMBOL        Com0037
  C:2341H         SYMBOL        L?0056
  -------         PROC          COM0037
  -------         ENDPROC       COM0037
  -------         PROC          _PUTCHAR
  D:0007H         SYMBOL        c
  C:2402H         LINE#         8
  C:2402H         LINE#         9
  C:2402H         LINE#         10
  C:2407H         LINE#         12
  C:2409H         LINE#         13
  C:2409H         LINE#         14
  -------         ENDPROC       _PUTCHAR
  -------         PROC          UART0_INIT
  C:1F44H         LINE#         17
BL51 BANKED LINKER/LOCATER V6.22.4.0                                                  04/02/2026  16:08:42  PAGE 19


  C:1F44H         LINE#         18
  C:1F44H         LINE#         19
  C:1F4AH         LINE#         20
  C:1F4EH         LINE#         21
  C:1F55H         LINE#         23
  C:1F59H         LINE#         24
  C:1F5FH         LINE#         26
  C:1F62H         LINE#         27
  C:1F65H         LINE#         28
  C:1F68H         LINE#         32
  C:1F6BH         LINE#         33
  C:1F6DH         LINE#         34
  -------         ENDPROC       UART0_INIT
  -------         PROC          _UART0_SENDBYTE
  D:0007H         SYMBOL        byte
  C:23B6H         LINE#         37
  C:23B6H         LINE#         38
  C:23B6H         LINE#         39
  C:23BBH         LINE#         42
  C:23BDH         LINE#         44
  C:23C2H         LINE#         46
  -------         ENDPROC       _UART0_SENDBYTE
  -------         PROC          _UART0_SENDBUF
  X:60C9H         SYMBOL        buf
  D:0005H         SYMBOL        len
  -------         DO            
  D:0006H         SYMBOL        i
  -------         ENDDO         
  C:2060H         LINE#         48
  C:2066H         LINE#         49
  C:2066H         LINE#         50
  C:2068H         LINE#         51
  C:206DH         LINE#         52
  C:206DH         LINE#         53
  C:207FH         LINE#         54
  C:2082H         LINE#         55
  -------         ENDPROC       _UART0_SENDBUF
  -------         PROC          UART0_RXBUFFER_GET_COUNT
  C:0045H         LINE#         58
  C:0045H         LINE#         59
  C:0045H         LINE#         60
  C:004AH         LINE#         61
  -------         ENDPROC       UART0_RXBUFFER_GET_COUNT
  -------         PROC          UART0_RXBUFFER_GET_BYTE
  -------         DO            
  D:0007H         SYMBOL        rxbyte
  -------         ENDDO         
  C:2285H         LINE#         64
  C:2285H         LINE#         65
  C:2285H         LINE#         68
  C:228BH         LINE#         69
  C:228BH         LINE#         71
  C:228DH         LINE#         72
  C:228DH         LINE#         75
  C:2290H         LINE#         76
  C:2295H         LINE#         78
  C:229BH         LINE#         80
BL51 BANKED LINKER/LOCATER V6.22.4.0                                                  04/02/2026  16:08:42  PAGE 20


  C:229BH         LINE#         81
  -------         ENDPROC       UART0_RXBUFFER_GET_BYTE
  -------         PROC          _UART0_RXBUFFER_PUT_BYTE
  D:0005H         SYMBOL        byte
  C:223DH         LINE#         83
  C:223DH         LINE#         84
  C:223DH         LINE#         88
  C:2240H         LINE#         89
  C:2245H         LINE#         91
  C:224BH         LINE#         93
  C:2251H         LINE#         94
  C:2251H         LINE#         95
  C:2254H         LINE#         96
  C:2254H         LINE#         97
  -------         ENDPROC       _UART0_RXBUFFER_PUT_BYTE
  -------         PROC          UART0_IRQHANDLER
  C:203AH         LINE#         100
  C:2049H         LINE#         103
  C:2049H         LINE#         106
  C:204EH         LINE#         107
  C:204EH         LINE#         108
  C:2053H         LINE#         109
  C:2053H         LINE#         111
  C:2053H         LINE#         112
  -------         ENDPROC       UART0_IRQHANDLER
  -------         ENDMOD        UART0

  -------         MODULE        MAIN
  C:0000H         SYMBOL        _ICE_DUMMY_
  D:00D9H         PUBLIC        WDT_KEY
  C:1F6EH         PUBLIC        user_init
  C:1DC5H         PUBLIC        main
  -------         PROC          USER_INIT
  C:1F6EH         LINE#         103
  C:1F6EH         LINE#         104
  C:1F6EH         LINE#         105
  C:1F71H         LINE#         106
  C:1F74H         LINE#         107
  C:1F77H         LINE#         108
  C:1F7AH         LINE#         109
  C:1F7DH         LINE#         110
  C:1F80H         LINE#         112
  C:1F83H         LINE#         113
  C:1F86H         LINE#         117
  C:1F89H         LINE#         118
  C:1F8CH         LINE#         121
  C:1F8FH         LINE#         123
  -------         ENDPROC       USER_INIT
  -------         PROC          MAIN
  C:1DC5H         LINE#         127
  C:1DC5H         LINE#         128
  C:1DC5H         LINE#         130
  C:1DC8H         LINE#         131
  C:1DCBH         LINE#         134
  C:1DCEH         LINE#         135
  C:1DD5H         LINE#         136
  C:1DD8H         LINE#         138
BL51 BANKED LINKER/LOCATER V6.22.4.0                                                  04/02/2026  16:08:42  PAGE 21


  C:1DDBH         LINE#         139
  C:1DE2H         LINE#         141
  C:1DE2H         LINE#         142
  C:1DE2H         LINE#         143
  C:1DEBH         LINE#         144
  C:1DEEH         LINE#         146
  C:1DF1H         LINE#         148
  C:1DF4H         LINE#         150
  C:1DF7H         LINE#         157
  -------         ENDPROC       MAIN
  -------         ENDMOD        MAIN

  -------         MODULE        UART_DATA_HANDLE
  C:0000H         SYMBOL        _ICE_DUMMY_
  C:22F4H         PUBLIC        uart_receiver_reset
  C:000FH         PUBLIC        uart_receiver_timeout_add
  C:2083H         PUBLIC        uart_receiver_process_checksum
  C:140CH         PUBLIC        _uart_receiver_process_byte
  C:2309H         PUBLIC        uart_receiver_timeout_handler
  C:17FCH         PUBLIC        uart_data_handle
  C:1C95H         PUBLIC        _uart_data_send_cmd
  X:6134H         SYMBOL        uart_receiver
  C:240AH         SYMBOL        _?ix1000
  C:229CH         SYMBOL        Com0039
  C:229CH         SYMBOL        L?0058
  C:229CH         SYMBOL        L?0059
  -------         PROC          COM0039
  -------         ENDPROC       COM0039
  -------         PROC          UART_RECEIVER_RESET
  C:22F4H         LINE#         13
  C:22F4H         LINE#         14
  C:22F4H         LINE#         15
  C:2303H         LINE#         16
  C:2308H         LINE#         17
  -------         ENDPROC       UART_RECEIVER_RESET
  -------         PROC          UART_RECEIVER_TIMEOUT_ADD
  C:000FH         LINE#         23
  C:000FH         LINE#         24
  C:000FH         LINE#         25
  C:0015H         LINE#         26
  C:0015H         LINE#         27
  C:001DH         LINE#         28
  C:001DH         LINE#         29
  -------         ENDPROC       UART_RECEIVER_TIMEOUT_ADD
  -------         PROC          UART_RECEIVER_PROCESS_CHECKSUM
  -------         DO            
  D:0006H         SYMBOL        i
  D:0007H         SYMBOL        check_sum
  -------         ENDDO         
  C:2083H         LINE#         36
  C:2083H         LINE#         37
  C:2083H         LINE#         39
  C:2085H         LINE#         40
  C:2086H         LINE#         41
  C:2086H         LINE#         42
  C:2093H         LINE#         43
  C:2098H         LINE#         45
BL51 BANKED LINKER/LOCATER V6.22.4.0                                                  04/02/2026  16:08:42  PAGE 22


  C:209FH         LINE#         46
  C:209FH         LINE#         47
  C:20A2H         LINE#         48
  C:20A2H         LINE#         50
  C:20A2H         LINE#         57
  C:20A4H         LINE#         58
  C:20A4H         LINE#         59
  -------         ENDPROC       UART_RECEIVER_PROCESS_CHECKSUM
  -------         PROC          _UART_RECEIVER_PROCESS_BYTE
  D:0005H         SYMBOL        byte
  C:140CH         LINE#         68
  C:140EH         LINE#         69
  C:140EH         LINE#         70
  C:1431H         LINE#         71
  C:1431H         LINE#         72
  C:1431H         LINE#         73
  C:1435H         LINE#         74
  C:1435H         LINE#         75
  C:1435H         LINE#         76
  C:143AH         LINE#         77
  C:143DH         LINE#         78
  C:143DH         LINE#         80
  C:143DH         LINE#         81
  C:1440H         LINE#         82
  C:1440H         LINE#         84
  C:1440H         LINE#         86
  C:1440H         LINE#         87
  C:1444H         LINE#         88
  C:1444H         LINE#         89
  C:1444H         LINE#         90
  C:1449H         LINE#         91
  C:144CH         LINE#         92
  C:144CH         LINE#         94
  C:144CH         LINE#         96
  C:144FH         LINE#         97
  C:144FH         LINE#         98
  C:144FH         LINE#         100
  C:144FH         LINE#         101
  C:1452H         LINE#         102
  C:1452H         LINE#         103
  C:1452H         LINE#         104
  C:1457H         LINE#         105
  C:145AH         LINE#         106
  C:145AH         LINE#         108
  C:145AH         LINE#         109
  C:145DH         LINE#         110
  C:145DH         LINE#         111
  C:145DH         LINE#         113
  C:145DH         LINE#         115
  C:145DH         LINE#         116
  C:1462H         LINE#         117
  C:1464H         LINE#         118
  C:1464H         LINE#         120
  C:1464H         LINE#         122
  C:1464H         LINE#         123
  C:1469H         LINE#         124
  C:146BH         LINE#         125
BL51 BANKED LINKER/LOCATER V6.22.4.0                                                  04/02/2026  16:08:42  PAGE 23


  C:146BH         LINE#         127
  C:146BH         LINE#         128
  C:146EH         LINE#         129
  C:146EH         LINE#         130
  C:146EH         LINE#         131
  C:1473H         LINE#         132
  C:1475H         LINE#         133
  C:1475H         LINE#         135
  C:1475H         LINE#         136
  C:1478H         LINE#         137
  C:1478H         LINE#         139
  C:1478H         LINE#         141
  C:1478H         LINE#         142
  C:147EH         LINE#         143
  C:1484H         LINE#         144
  C:1484H         LINE#         146
  C:1487H         LINE#         147
  C:1487H         LINE#         149
  C:1487H         LINE#         150
  C:148AH         LINE#         151
  C:148AH         LINE#         152
  C:148AH         LINE#         154
  C:148AH         LINE#         155
  C:148EH         LINE#         156
  C:148EH         LINE#         157
  C:14A2H         LINE#         158
  C:14A8H         LINE#         159
  C:14ABH         LINE#         160
  C:14ABH         LINE#         162
  C:14ABH         LINE#         163
  C:14AEH         LINE#         164
  C:14AEH         LINE#         165
  C:14AEH         LINE#         167
  C:14AEH         LINE#         168
  C:14AEH         LINE#         169
  C:14AEH         LINE#         171
  C:14B0H         LINE#         172
  -------         ENDPROC       _UART_RECEIVER_PROCESS_BYTE
  -------         PROC          UART_RECEIVER_TIMEOUT_HANDLER
  -------         DO            
  X:60BDH         SYMBOL        i
  -------         ENDDO         
  C:2309H         LINE#         175
  C:2309H         LINE#         176
  C:2309H         LINE#         181
  C:2318H         LINE#         182
  C:2318H         LINE#         196
  C:231BH         LINE#         197
  C:231BH         LINE#         198
  -------         ENDPROC       UART_RECEIVER_TIMEOUT_HANDLER
  -------         PROC          UART_DATA_HANDLE
  -------         DO            
  X:60BCH         SYMBOL        i
  D:0004H         SYMBOL        recv_byte
  X:6133H         SYMBOL        initialized
  -------         ENDDO         
  C:17FCH         LINE#         199
BL51 BANKED LINKER/LOCATER V6.22.4.0                                                  04/02/2026  16:08:42  PAGE 24


  C:17FCH         LINE#         200
  C:17FCH         LINE#         208
  C:1802H         LINE#         209
  C:1802H         LINE#         210
  C:1805H         LINE#         211
  C:180BH         LINE#         212
  C:180BH         LINE#         217
  C:1811H         LINE#         218
  C:1811H         LINE#         219
  C:1814H         LINE#         220
  C:1814H         LINE#         222
  C:181AH         LINE#         223
  C:181AH         LINE#         225
  C:181AH         LINE#         228
  C:181AH         LINE#         229
  C:181AH         LINE#         230
  C:1828H         LINE#         232
  C:1828H         LINE#         246
  C:1828H         LINE#         247
  C:1828H         LINE#         249
  C:182DH         LINE#         252
  C:1833H         LINE#         253
  C:1838H         LINE#         256
  C:183EH         LINE#         257
  C:183EH         LINE#         265
  C:1841H         LINE#         266
  C:1841H         LINE#         267
  C:1843H         LINE#         269
  C:184AH         LINE#         270
  C:184AH         LINE#         272
  C:184AH         LINE#         292
  C:185AH         LINE#         293
  C:185AH         LINE#         294
  C:185AH         LINE#         296
  C:185FH         LINE#         297
  C:1861H         LINE#         298
  C:1861H         LINE#         300
  C:1867H         LINE#         301
  C:1869H         LINE#         302
  C:1869H         LINE#         308
  C:186CH         LINE#         309
  C:186CH         LINE#         311
  C:186CH         LINE#         313
  C:186CH         LINE#         314
  C:186CH         LINE#         317
  C:186FH         LINE#         318
  -------         ENDPROC       UART_DATA_HANDLE
  -------         PROC          _UART_DATA_SEND_CMD
  X:60C0H         SYMBOL        cmd
  -------         DO            
  X:60C1H         SYMBOL        buf
  -------         ENDDO         
  C:1C95H         LINE#         322
  C:1C9AH         LINE#         323
  C:1C9AH         LINE#         324
  C:1CADH         LINE#         335
  C:1CB6H         LINE#         336
BL51 BANKED LINKER/LOCATER V6.22.4.0                                                  04/02/2026  16:08:42  PAGE 25


  C:1CCFH         LINE#         338
  -------         ENDPROC       _UART_DATA_SEND_CMD
  -------         ENDMOD        UART_DATA_HANDLE

  -------         MODULE        KEY_DRIVER
  C:0000H         SYMBOL        _ICE_DUMMY_
  C:0D65H         PUBLIC        _key_driver_scan
  X:615CH         SYMBOL        is_key_active
  X:615DH         PUBLIC        scan_para
  C:210AH         SYMBOL        Com0021
  C:210AH         SYMBOL        L?0034
  C:210DH         SYMBOL        L?0035
  C:210EH         SYMBOL        L?0036
  C:2114H         SYMBOL        L?0037
  C:2117H         SYMBOL        L?0038
  C:211BH         SYMBOL        L?0039
  C:2121H         SYMBOL        L?0040
  C:2124H         SYMBOL        L?0041
  -------         PROC          COM0021
  -------         ENDPROC       COM0021
  -------         PROC          _KEY_DRIVER_SCAN
  D:0001H         SYMBOL        _scan_para
  -------         DO            
  X:60BCH         SYMBOL        key_event
  D:0007H         SYMBOL        cur_key_value
  X:60BDH         SYMBOL        key_value
  C:0ECDH         SYMBOL        _notify
  C:0EEDH         SYMBOL        _scan_end
  -------         ENDDO         
  C:0D65H         LINE#         17
  C:0D65H         LINE#         19
  C:0D65H         LINE#         24
  C:0D6AH         LINE#         25
  C:0D6CH         LINE#         26
  C:0D70H         LINE#         30
  C:0D76H         LINE#         33
  C:0D89H         LINE#         34
  C:0D89H         LINE#         36
  C:0D89H         LINE#         38
  C:0D93H         LINE#         40
  C:0D9CH         LINE#         46
  C:0DA0H         LINE#         47
  C:0DA0H         LINE#         48
  C:0DA6H         LINE#         49
  C:0DA8H         LINE#         50
  C:0DAEH         LINE#         51
  C:0DAEH         LINE#         52
  C:0DB1H         LINE#         53
  C:0DB1H         LINE#         56
  C:0DC5H         LINE#         57
  C:0DC5H         LINE#         59
  C:0DCCH         LINE#         60
  C:0DD2H         LINE#         62
  C:0DD2H         LINE#         65
  C:0DE3H         LINE#         66
  C:0DE3H         LINE#         67
  C:0DEEH         LINE#         69
BL51 BANKED LINKER/LOCATER V6.22.4.0                                                  04/02/2026  16:08:42  PAGE 26


  C:0DEEH         LINE#         72
  C:0DFAH         LINE#         73
  C:0DFAH         LINE#         80
  C:0DFEH         LINE#         81
  C:0DFEH         LINE#         82
  C:0E05H         LINE#         83
  C:0E05H         LINE#         84
  C:0E07H         LINE#         85
  C:0E0DH         LINE#         86
  C:0E0FH         LINE#         88
  C:0E0FH         LINE#         91
  C:0E0FH         LINE#         92
  C:0E17H         LINE#         93
  C:0E17H         LINE#         94
  C:0E1AH         LINE#         96
  C:0E1AH         LINE#         101
  C:0E22H         LINE#         102
  C:0E2EH         LINE#         103
  C:0E2EH         LINE#         104
  C:0E33H         LINE#         105
  C:0E37H         LINE#         106
  C:0E3AH         LINE#         108
  C:0E3AH         LINE#         109
  C:0E40H         LINE#         110
  C:0E40H         LINE#         111
  C:0E40H         LINE#         113
  C:0E42H         LINE#         118
  C:0E42H         LINE#         120
  C:0E42H         LINE#         125
  C:0E46H         LINE#         126
  C:0E46H         LINE#         128
  C:0E57H         LINE#         129
  C:0E57H         LINE#         133
  C:0E68H         LINE#         134
  C:0E68H         LINE#         154
  C:0E68H         LINE#         155
  C:0E6AH         LINE#         157
  C:0E6AH         LINE#         158
  C:0E77H         LINE#         160
  C:0E79H         LINE#         162
  C:0E79H         LINE#         164
  C:0E79H         LINE#         165
  C:0E84H         LINE#         166
  C:0E87H         LINE#         168
  C:0E87H         LINE#         169
  C:0E87H         LINE#         171
  C:0E87H         LINE#         172
  C:0E87H         LINE#         174
  C:0E87H         LINE#         175
  C:0E87H         LINE#         177
  C:0E87H         LINE#         179
  C:0E92H         LINE#         180
  C:0E92H         LINE#         181
  C:0E9AH         LINE#         182
  C:0E9AH         LINE#         186
  C:0EA0H         LINE#         187
  C:0EA0H         LINE#         188
BL51 BANKED LINKER/LOCATER V6.22.4.0                                                  04/02/2026  16:08:42  PAGE 27


  C:0EA6H         LINE#         193
  C:0EA8H         LINE#         194
  C:0EB4H         LINE#         195
  C:0EB4H         LINE#         196
  C:0EB9H         LINE#         197
  C:0EC8H         LINE#         199
  C:0EC8H         LINE#         201
  C:0EC8H         LINE#         202
  C:0EC8H         LINE#         204
  C:0EC8H         LINE#         207
  C:0ECDH         LINE#         208
  C:0ECDH         LINE#         210
  C:0ECDH         LINE#         211
  C:0ECDH         LINE#         213
  C:0ECDH         LINE#         216
  C:0ECDH         LINE#         218
  C:0ECDH         LINE#         219
  C:0ED1H         LINE#         220
  C:0ED9H         LINE#         222
  C:0EE3H         LINE#         223
  C:0EEDH         LINE#         226
  C:0EEDH         LINE#         235
  C:0EEDH         LINE#         237
  C:0EEDH         LINE#         238
  C:0EF7H         LINE#         241
  -------         ENDPROC       _KEY_DRIVER_SCAN
  -------         ENDMOD        KEY_DRIVER

  -------         MODULE        AD_KEY
  C:0000H         SYMBOL        _ICE_DUMMY_
  X:6085H         PUBLIC        ad_key_para
  C:1050H         PUBLIC        ad_key_handle
  X:6098H         SYMBOL        ad_key_scan_table
  X:60A8H         SYMBOL        ad_key_event_table
  C:1DF9H         PUBLIC        ad_key_get_key_val
  C:1B2CH         SYMBOL        _ad_key_val_to_ad_key_index
  C:1B78H         SYMBOL        _ad_key_get_event
  C:2361H         SYMBOL        Com003C
  C:2361H         SYMBOL        L?0061
  -------         PROC          COM003C
  -------         ENDPROC       COM003C
  -------         PROC          _AD_KEY_VAL_TO_AD_KEY_INDEX
  D:0006H         SYMBOL        ad_key_val
  -------         DO            
  D:0005H         SYMBOL        i
  X:60BDH         SYMBOL        ad_key_index
  -------         ENDDO         
  C:1B2CH         LINE#         53
  C:1B2CH         LINE#         54
  C:1B2CH         LINE#         55
  C:1B2EH         LINE#         56
  C:1B36H         LINE#         59
  C:1B36H         LINE#         60
  C:1B36H         LINE#         61
  C:1B4EH         LINE#         62
  C:1B4EH         LINE#         63
  C:1B68H         LINE#         64
BL51 BANKED LINKER/LOCATER V6.22.4.0                                                  04/02/2026  16:08:42  PAGE 28


  C:1B6AH         LINE#         65
  C:1B6AH         LINE#         66
  C:1B6FH         LINE#         68
  C:1B77H         LINE#         69
  -------         ENDPROC       _AD_KEY_VAL_TO_AD_KEY_INDEX
  -------         PROC          _AD_KEY_GET_EVENT
  D:0007H         SYMBOL        key_val
  D:0005H         SYMBOL        key_event
  -------         DO            
  D:0006H         SYMBOL        ret_key_event
  D:0004H         SYMBOL        key_event_index
  D:0003H         SYMBOL        i
  -------         ENDDO         
  C:1B78H         LINE#         79
  C:1B78H         LINE#         80
  C:1B78H         LINE#         81
  C:1B7AH         LINE#         82
  C:1B7BH         LINE#         83
  C:1B7CH         LINE#         86
  C:1B80H         LINE#         87
  C:1B80H         LINE#         88
  C:1B81H         LINE#         89
  C:1B83H         LINE#         90
  C:1B87H         LINE#         91
  C:1B87H         LINE#         92
  C:1B89H         LINE#         93
  C:1B8BH         LINE#         94
  C:1B8FH         LINE#         95
  C:1B8FH         LINE#         96
  C:1B91H         LINE#         97
  C:1B93H         LINE#         98
  C:1B97H         LINE#         99
  C:1B97H         LINE#         100
  C:1B99H         LINE#         101
  C:1B9BH         LINE#         103
  C:1B9BH         LINE#         104
  C:1B9EH         LINE#         105
  C:1B9EH         LINE#         107
  C:1BA4H         LINE#         108
  C:1BA4H         LINE#         109
  C:1BABH         LINE#         110
  C:1BABH         LINE#         111
  C:1BBAH         LINE#         112
  C:1BBCH         LINE#         113
  C:1BBCH         LINE#         114
  C:1BBFH         LINE#         116
  C:1BC1H         LINE#         117
  -------         ENDPROC       _AD_KEY_GET_EVENT
  -------         PROC          AD_KEY_GET_KEY_VAL
  -------         DO            
  X:6083H         SYMBOL        val
  X:60BCH         SYMBOL        ret
  -------         ENDDO         
  C:1DF9H         LINE#         130
  C:1DF9H         LINE#         131
  C:1DF9H         LINE#         133
  C:1DFFH         LINE#         136
BL51 BANKED LINKER/LOCATER V6.22.4.0                                                  04/02/2026  16:08:42  PAGE 29


  C:1E07H         LINE#         137
  C:1E07H         LINE#         138
  C:1E0CH         LINE#         139
  C:1E19H         LINE#         142
  C:1E19H         LINE#         144
  C:1E29H         LINE#         145
  C:1E2BH         LINE#         146
  -------         ENDPROC       AD_KEY_GET_KEY_VAL
  -------         PROC          AD_KEY_HANDLE
  -------         DO            
  D:0007H         SYMBOL        ad_key_event
  -------         ENDDO         
  C:1050H         LINE#         148
  C:1050H         LINE#         149
  C:1050H         LINE#         150
  C:1050H         LINE#         152
  C:1059H         LINE#         153
  C:1059H         LINE#         155
  C:1059H         LINE#         157
  C:1061H         LINE#         158
  C:1066H         LINE#         159
  C:1068H         LINE#         163
  C:1077H         LINE#         164
  C:1077H         LINE#         169
  C:1078H         LINE#         171
  C:1078H         LINE#         173
  C:10B0H         LINE#         174
  C:10B0H         LINE#         177
  C:10B0H         LINE#         179
  C:10B9H         LINE#         181
  C:10BBH         LINE#         182
  C:10BEH         LINE#         184
  C:10BEH         LINE#         186
  C:10C7H         LINE#         190
  C:10C9H         LINE#         191
  C:10CCH         LINE#         193
  C:10CCH         LINE#         195
  C:10D5H         LINE#         199
  C:10D7H         LINE#         200
  C:10DAH         LINE#         202
  C:10DAH         LINE#         204
  C:10E0H         LINE#         206
  C:10E3H         LINE#         210
  C:10E3H         LINE#         212
  C:10ECH         LINE#         214
  C:10EFH         LINE#         215
  C:10EFH         LINE#         217
  C:10EFH         LINE#         219
  C:10F8H         LINE#         223
  C:10FFH         LINE#         225
  C:10FFH         LINE#         227
  C:10FFH         LINE#         229
  C:1105H         LINE#         231
  C:1107H         LINE#         233
  C:1107H         LINE#         235
  C:110DH         LINE#         237
  C:110FH         LINE#         242
BL51 BANKED LINKER/LOCATER V6.22.4.0                                                  04/02/2026  16:08:42  PAGE 30


  C:110FH         LINE#         244
  C:1118H         LINE#         247
  C:111AH         LINE#         248
  C:111CH         LINE#         250
  C:111CH         LINE#         252
  C:1125H         LINE#         256
  C:1127H         LINE#         257
  C:1129H         LINE#         259
  C:1129H         LINE#         261
  C:1132H         LINE#         265
  C:1134H         LINE#         266
  C:1136H         LINE#         268
  C:1136H         LINE#         270
  C:113CH         LINE#         272
  C:113EH         LINE#         276
  C:113EH         LINE#         278
  C:1147H         LINE#         282
  C:114DH         LINE#         283
  C:114DH         LINE#         284
  C:114FH         LINE#         285
  C:1151H         LINE#         286
  C:1159H         LINE#         287
  C:1159H         LINE#         288
  C:115EH         LINE#         289
  C:115EH         LINE#         290
  C:115EH         LINE#         292
  C:115EH         LINE#         294
  C:1167H         LINE#         298
  C:116DH         LINE#         299
  C:116DH         LINE#         302
  C:1170H         LINE#         303
  C:1170H         LINE#         305
  C:1170H         LINE#         310
  C:1173H         LINE#         313
  C:1173H         LINE#         314
  C:1173H         LINE#         316
  C:1173H         LINE#         318
  C:1179H         LINE#         320
  C:117BH         LINE#         322
  C:117BH         LINE#         324
  C:1184H         LINE#         326
  C:1184H         LINE#         328
  C:1184H         LINE#         329
  C:1184H         LINE#         330
  C:1184H         LINE#         331
  -------         ENDPROC       AD_KEY_HANDLE
  -------         ENDMOD        AD_KEY

  -------         MODULE        USER_TEST
  C:0000H         SYMBOL        _ICE_DUMMY_
  B:0090H.7       PUBLIC        P17
  X:6166H         PUBLIC        flag_debug
  C:212BH         PUBLIC        debug_time_add
  C:232FH         PUBLIC        user_debug_pin_init
  -------         PROC          DEBUG_TIME_ADD
  -------         DO            
  X:6164H         SYMBOL        cnt
BL51 BANKED LINKER/LOCATER V6.22.4.0                                                  04/02/2026  16:08:42  PAGE 31


  -------         ENDDO         
  C:212BH         LINE#         12
  C:212BH         LINE#         13
  C:212BH         LINE#         16
  C:2135H         LINE#         17
  C:2144H         LINE#         18
  C:2144H         LINE#         19
  C:2148H         LINE#         20
  C:214BH         LINE#         21
  C:214BH         LINE#         23
  -------         ENDPROC       DEBUG_TIME_ADD
  -------         PROC          USER_DEBUG_PIN_INIT
  C:232FH         LINE#         25
  C:232FH         LINE#         26
  C:232FH         LINE#         27
  C:2335H         LINE#         28
  C:2339H         LINE#         29
  C:233EH         LINE#         30
  C:2340H         LINE#         31
  -------         ENDPROC       USER_DEBUG_PIN_INIT
  -------         ENDMOD        USER_TEST

  -------         MODULE        LED
  C:0000H         SYMBOL        _ICE_DUMMY_
  B:0080H.0       PUBLIC        P00
  B:0080H.1       PUBLIC        P01
  B:0080H.2       PUBLIC        P02
  B:0080H.5       PUBLIC        P05
  B:0080H.6       PUBLIC        P06
  B:0090H.3       PUBLIC        P13
  B:00A0H.7       PUBLIC        P27
  B:00B0H.0       PUBLIC        P30
  X:6144H         PUBLIC        led_ctl
  X:6151H         PUBLIC        led_bat_level_sta
  C:1ADEH         PUBLIC        led_init
  C:2370H         PUBLIC        led_ctl_init
  C:1F98H         PUBLIC        led_status_switch
  C:1957H         PUBLIC        _led_status_set
  C:1185H         PUBLIC        led_red_blue_flash_1ms_isr
  C:1784H         PUBLIC        led_slow_adjust_isr
  C:0EF8H         PUBLIC        led_bat_instruction_timer_callback
  C:237FH         PUBLIC        led_yellow_on
  C:2412H         PUBLIC        led_yellow_off
  C:238DH         PUBLIC        led_white_on
  C:241AH         PUBLIC        led_white_off
  X:6152H         PUBLIC        led_charge_anim_phase
  X:6153H         PUBLIC        led_charge_anim_cnt
  C:154DH         SYMBOL        Com0066
  C:154DH         SYMBOL        L?0103
  C:1559H         SYMBOL        L?0104
  C:1567H         SYMBOL        L?0105
  C:1568H         SYMBOL        L?0106
  C:156DH         SYMBOL        L?0107
  C:1574H         SYMBOL        L?0108
  C:1585H         SYMBOL        L?0109
  C:1594H         SYMBOL        L?0110
  C:1594H         SYMBOL        L?0111
BL51 BANKED LINKER/LOCATER V6.22.4.0                                                  04/02/2026  16:08:42  PAGE 32


  C:159DH         SYMBOL        L?0112
  C:15ABH         SYMBOL        L?0113
  C:15B8H         SYMBOL        L?0114
  C:15B8H         SYMBOL        L?0115
  C:15C0H         SYMBOL        L?0116
  C:15C0H         SYMBOL        L?0117
  C:15C8H         SYMBOL        L?0118
  C:15D3H         SYMBOL        L?0119
  C:15D4H         SYMBOL        L?0120
  C:15DAH         SYMBOL        L?0121
  C:15DAH         SYMBOL        L?0122
  -------         PROC          COM0066
  -------         ENDPROC       COM0066
  -------         PROC          LED_INIT
  C:1ADEH         LINE#         9
  C:1ADEH         LINE#         10
  C:1ADEH         LINE#         12
  C:1AE4H         LINE#         13
  C:1AE8H         LINE#         14
  C:1AEAH         LINE#         15
  C:1AEFH         LINE#         18
  C:1AF5H         LINE#         19
  C:1AF9H         LINE#         20
  C:1AFBH         LINE#         21
  C:1AFEH         LINE#         24
  C:1AFEH         LINE#         25
  C:1B01H         LINE#         26
  C:1B03H         LINE#         27
  C:1B08H         LINE#         30
  C:1B0DH         LINE#         31
  C:1B11H         LINE#         32
  C:1B13H         LINE#         33
  C:1B16H         LINE#         36
  C:1B16H         LINE#         37
  C:1B19H         LINE#         38
  C:1B1BH         LINE#         39
  C:1B1EH         LINE#         42
  C:1B22H         LINE#         43
  C:1B26H         LINE#         44
  C:1B28H         LINE#         45
  C:1B2BH         LINE#         46
  -------         ENDPROC       LED_INIT
  -------         PROC          LED_CTL_INIT
  C:2370H         LINE#         48
  C:2370H         LINE#         49
  C:2370H         LINE#         58
  -------         ENDPROC       LED_CTL_INIT
  -------         PROC          LED_YELLOW_ON
  C:237FH         LINE#         61
  C:237FH         LINE#         62
  C:237FH         LINE#         63
  C:2386H         LINE#         64
  C:238CH         LINE#         65
  -------         ENDPROC       LED_YELLOW_ON
  -------         PROC          LED_YELLOW_OFF
  C:2412H         LINE#         67
  C:2412H         LINE#         68
BL51 BANKED LINKER/LOCATER V6.22.4.0                                                  04/02/2026  16:08:42  PAGE 33


  C:2412H         LINE#         69
  C:2414H         LINE#         70
  C:2419H         LINE#         71
  -------         ENDPROC       LED_YELLOW_OFF
  -------         PROC          LED_WHITE_ON
  C:238DH         LINE#         73
  C:238DH         LINE#         74
  C:238DH         LINE#         75
  C:2394H         LINE#         76
  C:239AH         LINE#         77
  -------         ENDPROC       LED_WHITE_ON
  -------         PROC          LED_WHITE_OFF
  C:241AH         LINE#         79
  C:241AH         LINE#         80
  C:241AH         LINE#         81
  C:241CH         LINE#         82
  C:2421H         LINE#         83
  -------         ENDPROC       LED_WHITE_OFF
  -------         PROC          LED_STATUS_SWITCH
  C:1F98H         LINE#         85
  C:1F98H         LINE#         86
  C:1F98H         LINE#         88
  C:1FACH         LINE#         89
[...]
  -------         PROC          BLE_IC_ENABLE
  C:2187H         LINE#         9
  C:2187H         LINE#         10
  C:2187H         LINE#         11
  C:2189H         LINE#         12
  C:2190H         LINE#         13
  C:2195H         LINE#         14
  C:219BH         LINE#         17
  -------         ENDPROC       BLE_IC_ENABLE
  -------         PROC          BLE_IC_DISABLE_PRE
  C:239BH         LINE#         22
  C:239BH         LINE#         23
  C:239BH         LINE#         24
  C:23A0H         LINE#         28
  -------         ENDPROC       BLE_IC_DISABLE_PRE
  -------         PROC          BLE_IC_DISABLE_POST
  C:2351H         LINE#         33
  C:2351H         LINE#         34
  C:2351H         LINE#         36
  C:2353H         LINE#         37
  C:2358H         LINE#         40
  -------         ENDPROC       BLE_IC_DISABLE_POST
  -------         PROC          BLUETOOTH_IC_HANDLE_INIT
  C:21D9H         LINE#         44
  C:21D9H         LINE#         45
  C:21D9H         LINE#         47
  C:21DFH         LINE#         48
  C:21E3H         LINE#         49
  C:21E8H         LINE#         50
  C:21EAH         LINE#         52
BL51 BANKED LINKER/LOCATER V6.22.4.0                                                  04/02/2026  16:08:42  PAGE 45


  C:21EFH         LINE#         55
  C:21F2H         LINE#         56
  -------         ENDPROC       BLUETOOTH_IC_HANDLE_INIT
  -------         ENDMOD        BLUETOOTH_IC_HANDLE

  -------         MODULE        CHARGE_DET
  C:0000H         SYMBOL        _ICE_DUMMY_
  B:00A0H.1       PUBLIC        P21
  X:612FH         PUBLIC        is_in_charging
  X:6130H         PUBLIC        is_charging_ic_stop
  C:220CH         PUBLIC        charge_det_init
  C:14B1H         PUBLIC        charge_det
  C:0BC4H         PUBLIC        detect_1khz_signal_100us
  X:6131H         SYMBOL        is_in_charging_by_solar_panel
  X:6132H         SYMBOL        is_in_charging_by_charger
  C:20C7H         SYMBOL        Com002C
  C:20C7H         SYMBOL        L?0045
  C:20CAH         SYMBOL        L?0046
  C:20CBH         SYMBOL        L?0047
  C:20D1H         SYMBOL        L?0048
  C:20DDH         SYMBOL        L?0049
  -------         PROC          COM002C
  -------         ENDPROC       COM002C
  -------         PROC          CHARGE_DET_INIT
  C:220CH         LINE#         11
  C:220CH         LINE#         12
  C:220CH         LINE#         15
  C:2212H         LINE#         16
  C:2218H         LINE#         18
  C:221EH         LINE#         19
  C:2224H         LINE#         20
  -------         ENDPROC       CHARGE_DET_INIT
  -------         PROC          DETECT_1KHZ_SIGNAL_100US
  -------         DO            
  X:611EH         SYMBOL        signal_high_duration
  X:6120H         SYMBOL        signal_low_duration
  X:6122H         SYMBOL        detection_state
  X:6123H         SYMBOL        toggle_count_in_period
  X:6125H         SYMBOL        measurement_period_counter
  X:6127H         SYMBOL        is_detected_signal
  X:6128H         SYMBOL        last_pin_state
  X:60ECH         SYMBOL        current_pin_state
  X:60EDH         SYMBOL        pin_changed
  X:6129H         SYMBOL        consecutive_detection_count
  X:612BH         SYMBOL        undetected_charging_count
  -------         ENDDO         
  C:0BC4H         LINE#         24
  C:0BC4H         LINE#         25
  C:0BC4H         LINE#         37
  C:0BCCH         LINE#         38
  C:0BE4H         LINE#         48
  C:0BEAH         LINE#         51
  C:0BF7H         LINE#         52
  C:0BF7H         LINE#         53
  C:0BFDH         LINE#         54
  C:0C0CH         LINE#         55
  C:0C0CH         LINE#         56
BL51 BANKED LINKER/LOCATER V6.22.4.0                                                  04/02/2026  16:08:42  PAGE 46


  C:0C10H         LINE#         57
  C:0C14H         LINE#         58
  C:0C18H         LINE#         59
  C:0C18H         LINE#         60
  C:0C1AH         LINE#         62
  C:0C1AH         LINE#         63
  C:0C21H         LINE#         64
  C:0C21H         LINE#         66
  C:0C35H         LINE#         67
  C:0C35H         LINE#         68
  C:0C35H         LINE#         69
  C:0C3FH         LINE#         70
  C:0C3FH         LINE#         71
  C:0C3FH         LINE#         72
  C:0C42H         LINE#         73
  C:0C44H         LINE#         74
  C:0C47H         LINE#         76
  C:0C47H         LINE#         77
  C:0C4AH         LINE#         78
  C:0C51H         LINE#         79
  C:0C56H         LINE#         80
  C:0C56H         LINE#         81
  C:0C59H         LINE#         83
  C:0C59H         LINE#         84
  C:0C60H         LINE#         85
  C:0C60H         LINE#         86
  C:0C77H         LINE#         87
  C:0C77H         LINE#         88
  C:0C7DH         LINE#         89
  C:0C7DH         LINE#         91
  C:0C81H         LINE#         92
  C:0C84H         LINE#         94
  C:0C84H         LINE#         95
  C:0C8AH         LINE#         96
  C:0C92H         LINE#         101
  C:0CA3H         LINE#         102
  C:0CA3H         LINE#         103
  C:0CA6H         LINE#         104
  C:0CA6H         LINE#         105
  C:0CAAH         LINE#         106
  C:0CAAH         LINE#         107
  C:0CACH         LINE#         109
  C:0CACH         LINE#         110
  C:0CB2H         LINE#         111
  C:0CB2H         LINE#         112
  C:0CB8H         LINE#         113
  C:0CBCH         LINE#         114
  C:0CBEH         LINE#         116
  C:0CBEH         LINE#         117
  C:0CC1H         LINE#         118
  C:0CC4H         LINE#         123
  C:0CD3H         LINE#         124
  C:0CD3H         LINE#         125
  C:0CD6H         LINE#         126
  C:0CD6H         LINE#         128
  C:0CDDH         LINE#         129
  C:0CDDH         LINE#         130
BL51 BANKED LINKER/LOCATER V6.22.4.0                                                  04/02/2026  16:08:42  PAGE 47


  C:0CDDH         LINE#         131
  C:0CDDH         LINE#         133
  C:0CECH         LINE#         134
  C:0CECH         LINE#         135
  C:0CF0H         LINE#         141
  C:0CFEH         LINE#         142
  C:0CFEH         LINE#         143
  C:0D04H         LINE#         144
  C:0D06H         LINE#         146
  C:0D06H         LINE#         147
  C:0D0BH         LINE#         148
  C:0D0BH         LINE#         149
  C:0D12H         LINE#         150
  C:0D12H         LINE#         152
  C:0D18H         LINE#         153
  C:0D18H         LINE#         163
  C:0D1EH         LINE#         164
  C:0D2EH         LINE#         165
  C:0D2EH         LINE#         166
  C:0D34H         LINE#         167
  C:0D34H         LINE#         170
  C:0D43H         LINE#         171
  C:0D43H         LINE#         172
  C:0D49H         LINE#         174
  C:0D53H         LINE#         175
  C:0D53H         LINE#         176
  C:0D55H         LINE#         178
  C:0D55H         LINE#         179
  C:0D5CH         LINE#         180
  C:0D5CH         LINE#         182
  C:0D64H         LINE#         183
  -------         ENDPROC       DETECT_1KHZ_SIGNAL_100US
  -------         PROC          CHARGE_DET
  -------         DO            
  X:612DH         SYMBOL        adc_val
  X:60BCH         SYMBOL        voltage_mv
  -------         ENDDO         
  C:14B1H         LINE#         186
  C:14B1H         LINE#         187
  C:14B1H         LINE#         189
  C:14B8H         LINE#         191
  C:14C0H         LINE#         192
  C:14C0H         LINE#         193
  C:14C5H         LINE#         194
  C:14D2H         LINE#         195
  C:14D2H         LINE#         202
  C:14F2H         LINE#         204
  C:14FAH         LINE#         205
  C:14FAH         LINE#         206
  C:1500H         LINE#         207
  C:1502H         LINE#         209
  C:1502H         LINE#         210
  C:1507H         LINE#         211
  C:1507H         LINE#         213
  C:1513H         LINE#         214
  C:1513H         LINE#         215
  C:1519H         LINE#         216
BL51 BANKED LINKER/LOCATER V6.22.4.0                                                  04/02/2026  16:08:42  PAGE 48


  C:151BH         LINE#         217
  C:1527H         LINE#         218
  C:1527H         LINE#         219
  C:152BH         LINE#         220
  C:152BH         LINE#         223
  C:1531H         LINE#         224
  C:1531H         LINE#         225
  C:1537H         LINE#         226
  C:1537H         LINE#         227
  C:153CH         LINE#         228
  C:153CH         LINE#         230
  C:1542H         LINE#         231
  C:1542H         LINE#         232
  C:1545H         LINE#         233
  C:154CH         LINE#         234
  C:154CH         LINE#         235
  C:154CH         LINE#         236
  -------         ENDPROC       CHARGE_DET
  -------         ENDMOD        CHARGE_DET

  -------         MODULE        LOW_POWER
  C:0000H         SYMBOL        _ICE_DUMMY_
  D:00BAH         PUBLIC        LP_CON
  D:008DH         PUBLIC        LP_WKCON
  D:008EH         PUBLIC        LP_WKPND
  D:00A8H         PUBLIC        IE0
  D:00A9H         PUBLIC        IE1
  D:00AAH         PUBLIC        IE2
  D:00ABH         PUBLIC        IE3
  B:00A8H.7       PUBLIC        IE_EA
  D:00B8H         PUBLIC        IP0
  D:00B1H         PUBLIC        IP1
  D:00B2H         PUBLIC        IP2
  D:00B3H         PUBLIC        IP3
  D:00B4H         PUBLIC        IP4
  D:00B5H         PUBLIC        IP5
  D:00B6H         PUBLIC        IP6
  D:00B7H         PUBLIC        IP7
  B:00A0H.7       PUBLIC        P27
  B:00B0H.0       PUBLIC        P30
  D:00D2H         PUBLIC        UART0_CON0
  D:00D1H         PUBLIC        TMR_ALLCON
  C:1FEBH         PUBLIC        low_power_handle
  C:1D90H         PUBLIC        low_power_enter_timer_callback
  X:6162H         SYMBOL        is_low_power_enter_enable
  C:2255H         PUBLIC        is_low_power_condition_establish
  C:15E0H         PUBLIC        low_power_in
  C:1F19H         PUBLIC        low_power_out
  C:226DH         PUBLIC        WUT_IRQHandler
  -------         PROC          IS_LOW_POWER_CONDITION_ESTABLISH
  C:2255H         LINE#         8
  C:2255H         LINE#         9
  C:2255H         LINE#         11
  C:226CH         LINE#         12
  -------         ENDPROC       IS_LOW_POWER_CONDITION_ESTABLISH
  -------         PROC          LOW_POWER_ENTER_TIMER_CALLBACK
  -------         DO            
BL51 BANKED LINKER/LOCATER V6.22.4.0                                                  04/02/2026  16:08:42  PAGE 49


  X:6160H         SYMBOL        cnt
  -------         ENDDO         
  C:1D90H         LINE#         15
  C:1D90H         LINE#         16
  C:1D90H         LINE#         18
  C:1D96H         LINE#         19
  C:1D96H         LINE#         20
  C:1DA0H         LINE#         21
  C:1DAFH         LINE#         22
  C:1DAFH         LINE#         23
  C:1DB3H         LINE#         24
  C:1DB8H         LINE#         25
  C:1DB8H         LINE#         26
  C:1DB9H         LINE#         28
  C:1DB9H         LINE#         29
  C:1DC0H         LINE#         30
  C:1DC4H         LINE#         31
  C:1DC4H         LINE#         32
  -------         ENDPROC       LOW_POWER_ENTER_TIMER_CALLBACK
  -------         PROC          LOW_POWER_IN
  C:15E0H         LINE#         34
  C:15E0H         LINE#         35
  C:15E0H         LINE#         36
  C:15E3H         LINE#         37
  C:15E6H         LINE#         38
  C:15E9H         LINE#         39
  C:15ECH         LINE#         41
  C:15F2H         LINE#         42
  C:15F8H         LINE#         45
  C:15FAH         LINE#         46
  C:15FFH         LINE#         47
  C:1601H         LINE#         48
  C:1605H         LINE#         49
  C:160BH         LINE#         50
  C:1611H         LINE#         51
  C:1617H         LINE#         52
  C:161DH         LINE#         54
  C:1623H         LINE#         59
  C:1629H         LINE#         60
  C:162DH         LINE#         61
  C:1632H         LINE#         62
  C:1634H         LINE#         63
  C:1637H         LINE#         67
  C:163AH         LINE#         68
  C:163CH         LINE#         69
  C:163FH         LINE#         73
  C:1643H         LINE#         74
  C:1649H         LINE#         75
  C:164FH         LINE#         76
  C:1655H         LINE#         78
  C:1658H         LINE#         79
  C:165BH         LINE#         82
  C:1662H         LINE#         83
  C:1669H         LINE#         88
  C:166CH         LINE#         92
  -------         ENDPROC       LOW_POWER_IN
  -------         PROC          LOW_POWER_OUT
BL51 BANKED LINKER/LOCATER V6.22.4.0                                                  04/02/2026  16:08:42  PAGE 50


  C:1F19H         LINE#         94
  C:1F19H         LINE#         95
  C:1F19H         LINE#         97
  C:1F1CH         LINE#         98
  C:1F23H         LINE#         99
  C:1F2AH         LINE#         101
  C:1F31H         LINE#         102
  C:1F34H         LINE#         103
  C:1F3BH         LINE#         106
  -------         ENDPROC       LOW_POWER_OUT
  -------         PROC          LOW_POWER_HANDLE
  -------         DO            
  D:0006H         SYMBOL        adc_val
  C:1FFCH         SYMBOL        label_low_power_in
  -------         DO            
  X:6169H         SYMBOL        is_back_to_low_power
  -------         ENDDO         
  -------         ENDDO         
  C:1FEBH         LINE#         110
  C:1FEBH         LINE#         111
  C:1FEBH         LINE#         114
  C:1FF5H         LINE#         115
  C:1FF5H         LINE#         116
  C:1FFCH         LINE#         117
  C:1FFCH         LINE#         119
  C:1FFCH         LINE#         121
  C:1FFCH         LINE#         122
  C:1FFCH         LINE#         125
  C:2005H         LINE#         128
  C:2008H         LINE#         129
  C:200BH         LINE#         130
  C:2010H         LINE#         135
  C:2010H         LINE#         136
  C:2010H         LINE#         137
  C:2010H         LINE#         141
  C:2010H         LINE#         142
  C:2010H         LINE#         143
  C:2010H         LINE#         145
  C:2010H         LINE#         146
  C:2010H         LINE#         148
  C:2010H         LINE#         149
  C:2010H         LINE#         151
  C:2010H         LINE#         155
  C:2010H         LINE#         157
  C:2010H         LINE#         165
  C:2010H         LINE#         166
  C:2010H         LINE#         167
  C:2010H         LINE#         168
  C:2010H         LINE#         170
  C:2013H         LINE#         171
  -------         ENDPROC       LOW_POWER_HANDLE
  -------         PROC          WUT_IRQHANDLER
  C:226DH         LINE#         174
  C:2273H         LINE#         177
  C:2273H         LINE#         182
  C:227AH         LINE#         183
  C:227AH         LINE#         184
BL51 BANKED LINKER/LOCATER V6.22.4.0                                                  04/02/2026  16:08:42  PAGE 51


  C:227EH         LINE#         185
  C:227EH         LINE#         188
  C:227EH         LINE#         189
  -------         ENDPROC       WUT_IRQHANDLER
  -------         ENDMOD        LOW_POWER

  -------         MODULE        ?C?COPY
  C:011EH         PUBLIC        ?C?COPY
  -------         ENDMOD        ?C?COPY

  -------         MODULE        ?C?CLDPTR
  C:0144H         PUBLIC        ?C?CLDPTR
  -------         ENDMOD        ?C?CLDPTR

  -------         MODULE        ?C?CLDOPTR
  C:015DH         PUBLIC        ?C?CLDOPTR
  -------         ENDMOD        ?C?CLDOPTR

  -------         MODULE        ?C?CILDOPTR
  C:018AH         PUBLIC        ?C?CILDOPTR
  -------         ENDMOD        ?C?CILDOPTR

  -------         MODULE        ?C?CSTOPTR
  C:01BDH         PUBLIC        ?C?CSTOPTR
  -------         ENDMOD        ?C?CSTOPTR

  -------         MODULE        ?C?UIDIV
  C:01DFH         PUBLIC        ?C?UIDIV
  -------         ENDMOD        ?C?UIDIV

  -------         MODULE        ?C?IILDX
  C:0234H         PUBLIC        ?C?IILDX
  -------         ENDMOD        ?C?IILDX

  -------         MODULE        ?C?LADD
  C:024AH         PUBLIC        ?C?LADD
  -------         ENDMOD        ?C?LADD

  -------         MODULE        ?C?ULDIV
  C:0293H         PUBLIC        ?C?ULDIV
  -------         ENDMOD        ?C?ULDIV

  -------         MODULE        ?C?SLCMP
  C:0325H         PUBLIC        ?C?SLCMP
  -------         ENDMOD        ?C?SLCMP

  -------         MODULE        ?C?ULCMP
  C:033BH         PUBLIC        ?C?ULCMP
  -------         ENDMOD        ?C?ULCMP

  -------         MODULE        ?C?LLDXDATA
  C:034CH         PUBLIC        ?C?LLDXDATA
  -------         ENDMOD        ?C?LLDXDATA

  -------         MODULE        ?C?LLDXDATA0
  C:0358H         PUBLIC        ?C?LLDXDATA0
  -------         ENDMOD        ?C?LLDXDATA0
BL51 BANKED LINKER/LOCATER V6.22.4.0                                                  04/02/2026  16:08:42  PAGE 52



  -------         MODULE        ?C?LSTXDATA
  C:0364H         PUBLIC        ?C?LSTXDATA
  -------         ENDMOD        ?C?LSTXDATA

  -------         MODULE        ?C?LSTKXDATA
  C:0370H         PUBLIC        ?C?LSTKXDATA
  -------         ENDMOD        ?C?LSTKXDATA

  -------         MODULE        ?C?PLDXDATA
  C:03A1H         PUBLIC        ?C?PLDXDATA
  -------         ENDMOD        ?C?PLDXDATA

  -------         MODULE        ?C?PSTXDATA
  C:03AAH         PUBLIC        ?C?PSTXDATA
  -------         ENDMOD        ?C?PSTXDATA

  -------         MODULE        ?C?PLDOPTR
  C:03B3H         PUBLIC        ?C?PLDOPTR
  -------         ENDMOD        ?C?PLDOPTR

  -------         MODULE        ?C?CCASE
  C:03E3H         PUBLIC        ?C?CCASE
  -------         ENDMOD        ?C?CCASE

  -------         MODULE        ?C?ICALL
  C:0409H         PUBLIC        ?C?ICALL
  C:040DH         PUBLIC        ?C?ICALL2
  -------         ENDMOD        ?C?ICALL

  -------         MODULE        ?C?LIMUL
  C:040FH         PUBLIC        ?C?LIMUL
  -------         ENDMOD        ?C?LIMUL

  -------         MODULE        PRINTF
  X:60C0H         PUBLIC        ?_PRINTF517?BYTE
  X:60C0H         PUBLIC        ?_PRINTF?BYTE
  X:60C0H         PUBLIC        ?_SPRINTF517?BYTE
  X:60C0H         PUBLIC        ?_SPRINTF?BYTE
  C:051AH         PUBLIC        _PRINTF
  C:051AH         PUBLIC        _PRINTF517
  C:0514H         PUBLIC        _SPRINTF
  C:0514H         PUBLIC        _SPRINTF517
  -------         ENDMOD        PRINTF

  -------         MODULE        ?C?MEMSET
  C:043CH         PUBLIC        ?C?MEMSET
  -------         ENDMOD        ?C?MEMSET

  -------         MODULE        ?C?CSTPTR
  C:0468H         PUBLIC        ?C?CSTPTR
  -------         ENDMOD        ?C?CSTPTR

  -------         MODULE        ?C?PLDIDATA
  C:047AH         PUBLIC        ?C?PLDIDATA
  -------         ENDMOD        ?C?PLDIDATA

BL51 BANKED LINKER/LOCATER V6.22.4.0                                                  04/02/2026  16:08:42  PAGE 53


  -------         MODULE        ?C?PLDIXDATA
  C:0483H         PUBLIC        ?C?PLDIXDATA
  -------         ENDMOD        ?C?PLDIXDATA

  -------         MODULE        ?C?PLDPDATA
  C:049AH         PUBLIC        ?C?PLDPDATA
  -------         ENDMOD        ?C?PLDPDATA

  -------         MODULE        ?C?PLDCODE
  C:04A3H         PUBLIC        ?C?PLDCODE
  -------         ENDMOD        ?C?PLDCODE

*** WARNING L16: UNCALLED SEGMENT, IGNORED FOR OVERLAY PROCESS
    SEGMENT: ?PR?ADC_GET_VAL_ONCE?ADC

*** WARNING L16: UNCALLED SEGMENT, IGNORED FOR OVERLAY PROCESS
    SEGMENT: ?PR?PWM_GET_CHANNEL_0_STATUS?PWM

*** WARNING L16: UNCALLED SEGMENT, IGNORED FOR OVERLAY PROCESS
    SEGMENT: ?PR?PWM_GET_CHANNEL_1_STATUS?PWM

*** WARNING L16: UNCALLED SEGMENT, IGNORED FOR OVERLAY PROCESS
    SEGMENT: ?PR?_BATTERY_MONITOR_REFRESH_BY_ADC_VAL?BATTERY_MONITOR

*** WARNING L16: UNCALLED SEGMENT, IGNORED FOR OVERLAY PROCESS
    SEGMENT: ?PR?LOW_POWER_HANDLE?LOW_POWER

Program Size: data=15.4 xdata=362 code=9250
LINK/LOCATE RUN COMPLETE.  5 WARNING(S),  0 ERROR(S)
