BL51 BANKED LINKER/LOCATER V6.22.4.0                                                    06/12/2026  16:55:44  PAGE 1


BL51 BANKED LINKER/LOCATER V6.22.4.0, INVOKED BY:
C:\KEIL_V5\C51\BIN\BL51.EXE .\Release\Objects\STARTUP.obj, .\Release\Objects\system.obj, .\Release\Objects\adc.obj, .\Re
>> lease\Objects\pwm.obj, .\Release\Objects\timer0.obj, .\Release\Objects\timer1.obj, .\Release\Objects\uart0.obj, .\Rel
>> ease\Objects\main.obj, .\Release\Objects\uart_data_handle.obj, .\Release\Objects\key_driver.obj, .\Release\Objects\ad
>> _key.obj, .\Release\Objects\user_test.obj, .\Release\Objects\led.obj, .\Release\Objects\battery_monitor.obj, .\Releas
>> e\Objects\bluetooth_ic_handle.obj, .\Release\Objects\charge_det.obj, .\Release\Objects\low_power.obj TO .\Release\Obj
>> ects\Demo PRINT (.\Release\Listings\Demo.m51) RAMSIZE (256) CODE (0X0000-0X3EEF) XDATA (0X6000-0X66FF)


MEMORY MODEL: LARGE


INPUT MODULES INCLUDED:
  .\Release\Objects\STARTUP.obj (?C_STARTUP)
  .\Release\Objects\system.obj (SYSTEM)
  .\Release\Objects\adc.obj (ADC)
  .\Release\Objects\pwm.obj (PWM)
  .\Release\Objects\timer0.obj (TIMER0)
  .\Release\Objects\timer1.obj (TIMER1)
  .\Release\Objects\uart0.obj (UART0)
  .\Release\Objects\main.obj (MAIN)
  .\Release\Objects\uart_data_handle.obj (UART_DATA_HANDLE)
  .\Release\Objects\key_driver.obj (KEY_DRIVER)
  .\Release\Objects\ad_key.obj (AD_KEY)
  .\Release\Objects\user_test.obj (USER_TEST)
  .\Release\Objects\led.obj (LED)
  .\Release\Objects\battery_monitor.obj (BATTERY_MONITOR)
  .\Release\Objects\bluetooth_ic_handle.obj (BLUETOOTH_IC_HANDLE)
  .\Release\Objects\charge_det.obj (CHARGE_DET)
  .\Release\Objects\low_power.obj (LOW_POWER)
  C:\KEIL_V5\C51\LIB\C51L.LIB (?C_INIT)
  C:\KEIL_V5\C51\LIB\C51L.LIB (?C?COPY)
  C:\KEIL_V5\C51\LIB\C51L.LIB (?C?CLDPTR)
  C:\KEIL_V5\C51\LIB\C51L.LIB (?C?CLDOPTR)
  C:\KEIL_V5\C51\LIB\C51L.LIB (?C?CILDOPTR)
  C:\KEIL_V5\C51\LIB\C51L.LIB (?C?CSTOPTR)
  C:\KEIL_V5\C51\LIB\C51L.LIB (?C?UIDIV)
  C:\KEIL_V5\C51\LIB\C51L.LIB (?C?IILDX)
  C:\KEIL_V5\C51\LIB\C51L.LIB (?C?LADD)
  C:\KEIL_V5\C51\LIB\C51L.LIB (?C?ULDIV)
  C:\KEIL_V5\C51\LIB\C51L.LIB (?C?SLCMP)
  C:\KEIL_V5\C51\LIB\C51L.LIB (?C?ULCMP)
  C:\KEIL_V5\C51\LIB\C51L.LIB (?C?LLDXDATA)
  C:\KEIL_V5\C51\LIB\C51L.LIB (?C?LLDXDATA0)
  C:\KEIL_V5\C51\LIB\C51L.LIB (?C?LSTXDATA)
  C:\KEIL_V5\C51\LIB\C51L.LIB (?C?LSTKXDATA)
  C:\KEIL_V5\C51\LIB\C51L.LIB (?C?PLDXDATA)
  C:\KEIL_V5\C51\LIB\C51L.LIB (?C?PSTXDATA)
  C:\KEIL_V5\C51\LIB\C51L.LIB (?C?PLDOPTR)
  C:\KEIL_V5\C51\LIB\C51L.LIB (?C?CCASE)
  C:\KEIL_V5\C51\LIB\C51L.LIB (?C?ICALL)
  C:\KEIL_V5\C51\LIB\C51L.LIB (?C?LIMUL)
  C:\KEIL_V5\C51\LIB\C51L.LIB (?C?MEMSET)
  C:\KEIL_V5\C51\LIB\C51L.LIB (?C?PLDIDATA)
  C:\KEIL_V5\C51\LIB\C51L.LIB (?C?PLDPDATA)
  C:\KEIL_V5\C51\LIB\C51L.LIB (?C?PLDCODE)


BL51 BANKED LINKER/LOCATER V6.22.4.0                                                  06/12/2026  16:55:44  PAGE 2


LINK MAP OF MODULE:  .\Release\Objects\Demo (?C_STARTUP)


            TYPE    BASE      LENGTH    RELOCATION   SEGMENT NAME
            -----------------------------------------------------

            * * * * * * *   D A T A   M E M O R Y   * * * * * * *
            REG     0000H     0008H     ABSOLUTE     "REG BANK 0"
                    0008H     0018H                  *** GAP ***
            BIT     0020H.0   0000H.4   UNIT         ?BI?ADC
            BIT     0020H.4   0000H.1   UNIT         ?BI?CHARGE_DET
                    0020H.5   0000H.3                *** GAP ***
            IDATA   0021H     0001H     UNIT         ?STACK

            * * * * * * *  X D A T A   M E M O R Y  * * * * * * *
                    0000H     6000H                  *** GAP ***
            XDATA   6000H     0206H     UNIT         ?XD?UART0
            XDATA   6206H     0039H     UNIT         ?XD?AD_KEY
            XDATA   623FH     0033H     UNIT         ?XD?BATTERY_MONITOR
            XDATA   6272H     0028H     UNIT         ?XD?CHARGE_DET
            XDATA   629AH     001BH     UNIT         _XDATA_GROUP_
            XDATA   62B5H     001AH     UNIT         ?XD?UART_DATA_HANDLE
            XDATA   62CFH     0012H     UNIT         ?XD?LED
            XDATA   62E1H     0009H     UNIT         ?XD?ADC
            XDATA   62EAH     0004H     UNIT         ?XD?KEY_DRIVER
            XDATA   62EEH     0004H     UNIT         ?XD?LOW_POWER
            XDATA   62F2H     0002H     UNIT         ?XD?BLUETOOTH_IC_HANDLE

            * * * * * * *   C O D E   M E M O R Y   * * * * * * *
            CODE    0000H     0003H     ABSOLUTE     
            CODE    0003H     000CH     ABSOLUTE     
            CODE    000FH     000FH     UNIT         ?PR?UART_RECEIVER_TIMEOUT_ADD?UART_DATA_HANDLE
            CODE    001EH     0003H     ABSOLUTE     
            CODE    0021H     0003H     ABSOLUTE     
            CODE    0024H     001BH     UNIT         ?PR?_ADC_CLEAR_UPDATE_FLAG?ADC
            CODE    003FH     0003H     ABSOLUTE     
            CODE    0042H     0003H     ABSOLUTE     
            CODE    0045H     0005H     UNIT         ?PR?BLE_IC_DISABLE_PRE?BLUETOOTH_IC_HANDLE
                    004AH     0001H                  *** GAP ***
            CODE    004BH     0003H     ABSOLUTE     
            CODE    004EH     0438H     UNIT         ?C?LIB_CODE
            CODE    0486H     0372H     UNIT         ?C_INITSEG
            CODE    07F8H     01BDH     UNIT         ?PR?LED_BAT_INSTRUCTION_TIMER_CALLBACK?LED
            CODE    09B5H     01AAH     UNIT         ?PR?DETECT_1KHZ_SIGNAL_100US?CHARGE_DET
            CODE    0B5FH     0193H     UNIT         ?PR?_KEY_DRIVER_SCAN?KEY_DRIVER
            CODE    0CF2H     015BH     UNIT         ?PR?BATTERY_MONITOR_HANDLE?BATTERY_MONITOR
            CODE    0E4DH     0152H     UNIT         ?PR?DETECT_DISCHARGE_1KHZ_SIGNAL_100US?CHARGE_DET
            CODE    0F9FH     011DH     UNIT         ?PR?CHARGE_DET?CHARGE_DET
            CODE    10BCH     010BH     UNIT         ?PR?LOW_POWER_IN?LOW_POWER
            CODE    11C7H     0101H     UNIT         ?PR?LED_SLOW_ADJUST_ISR?LED
            CODE    12C8H     00EAH     UNIT         ?PR?LED_RED_BLUE_FLASH_1MS_ISR?LED
            CODE    13B2H     00CFH     UNIT         ?PR?SYSTEM_INIT?SYSTEM
            CODE    1481H     00C5H     UNIT         ?PR?LED
            CODE    1546H     00BAH     UNIT         ?PR?BATTERY_VOLTAGE_UPDATE_BY_ISR?BATTERY_MONITOR
            CODE    1600H     00A5H     UNIT         ?PR?_UART_RECEIVER_PROCESS_BYTE?UART_DATA_HANDLE
            CODE    16A5H     0097H     UNIT         ?PR?LOW_POWER_HANDLE?LOW_POWER
            CODE    173CH     0095H     UNIT         ?PR?AD_KEY_HANDLE?AD_KEY
BL51 BANKED LINKER/LOCATER V6.22.4.0                                                  06/12/2026  16:55:44  PAGE 3


            CODE    17D1H     008CH     UNIT         ?C_C51STARTUP
            CODE    185DH     008BH     UNIT         ?PR?PWM_INIT?PWM
            CODE    18E8H     008AH     UNIT         ?PR?ADC_IRQHANDLER?ADC
            CODE    1972H     0079H     UNIT         ?PR?UART_DATA_HANDLE?UART_DATA_HANDLE
            CODE    19EBH     006CH     UNIT         ?PR?TIMR0_IRQHANDLER?TIMER0
            CODE    1A57H     0069H     UNIT         ?PR?ADC_SCAN?ADC
            CODE    1AC0H     0069H     UNIT         ?PR?_LED_STATUS_SET?LED
            CODE    1B29H     004EH     UNIT         ?PR?LED_INIT?LED
            CODE    1B77H     004DH     UNIT         ?PR?MAIN?MAIN
            CODE    1BC4H     004CH     UNIT         ?PR?_AD_KEY_VAL_TO_AD_KEY_INDEX?AD_KEY
            CODE    1C10H     004BH     UNIT         ?PR?_ADC_CHANNEL_SEL?ADC
            CODE    1C5BH     004BH     UNIT         ?PR?SEND_LOW_BAT_TIMER_CALLBACK?BATTERY_MONITOR
            CODE    1CA6H     004AH     UNIT         ?PR?_AD_KEY_GET_EVENT?AD_KEY
            CODE    1CF0H     004AH     UNIT         ?PR?BATTERY_MONITOR
            CODE    1D3AH     004AH     UNIT         ?PR?LOW_POWER_OUT?LOW_POWER
            CODE    1D84H     0048H     UNIT         ?PR?TIMR1_IRQHANDLER?TIMER1
            CODE    1DCCH     0048H     UNIT         ?PR?_GET_BATTERY_PERCENTAGE_BY_VOLTAGE?BATTERY_MONITOR
            CODE    1E14H     0046H     UNIT         ?PR?BAT_VOL_HISTORY_BUFF_GET_AVG?BATTERY_MONITOR
            CODE    1E5AH     0045H     UNIT         ?PR?_UART_DATA_SEND_CMD?UART_DATA_HANDLE
            CODE    1E9FH     0041H     UNIT         ?PR?_UART0_RXBUFFER_PUT_BYTE?UART0
            CODE    1EE0H     0041H     UNIT         ?PR?_GET_BATTERY_VOLTAGE_BY_ADC?BATTERY_MONITOR
            CODE    1F21H     003DH     UNIT         ?PR?_ADC_UPDATE_VAL?ADC
            CODE    1F5EH     003CH     UNIT         ?PR?UART0_RXBUFFER_GET_BYTE?UART0
            CODE    1F9AH     003AH     UNIT         ?PR?UART0_INIT?UART0
            CODE    1FD4H     0039H     UNIT         ?PR?BAT_VOL_UPDATE_TIMER_CALLBACK?BATTERY_MONITOR
            CODE    200DH     0038H     UNIT         ?PR?LED_RESUME?LED
            CODE    2045H     0035H     UNIT         ?PR?LOW_POWER_ENTER_TIMER_CALLBACK?LOW_POWER
            CODE    207AH     0034H     UNIT         ?PR?UART0_IRQHANDLER?UART0
            CODE    20AEH     0033H     UNIT         ?PR?AD_KEY_GET_KEY_VAL?AD_KEY
            CODE    20E1H     002EH     UNIT         ?PR?_ADC_GET_VAL?ADC
            CODE    210FH     002EH     UNIT         ?PR?ADC
            CODE    213DH     002AH     UNIT         ?PR?LED_STATUS_SWITCH?LED
            CODE    2167H     002AH     UNIT         ?PR?CHARGE_DET
            CODE    2191H     0029H     UNIT         ?PR?BAT_VOL_BUFF_GET_AVG_TIMER_CALLBACK?BATTERY_MONITOR
            CODE    21BAH     0028H     UNIT         ?PR?BAT_VOL_BUFF_ADD_TIMER_CALLBACK?BATTERY_MONITOR
            CODE    21E2H     0025H     UNIT         ?PR?_ADC_GET_UPDATE_FLAG?ADC
            CODE    2207H     0024H     UNIT         ?PR?IS_LOW_POWER_CONDITION_ESTABLISH?LOW_POWER
            CODE    222BH     0023H     UNIT         ?PR?_UART0_SENDBUF?UART0
            CODE    224EH     0022H     UNIT         ?PR?ADC_INIT?ADC
            CODE    2270H     0022H     UNIT         ?PR?UART_RECEIVER_PROCESS_CHECKSUM?UART_DATA_HANDLE
            CODE    2292H     0022H     UNIT         ?PR?_BAT_VOL_HISTORY_BUFF_ADD?BATTERY_MONITOR
            CODE    22B4H     0021H     UNIT         ?PR?USER_INIT?MAIN
            CODE    22D5H     0021H     UNIT         ?PR?KEY_DRIVER
            CODE    22F6H     001BH     UNIT         ?PR?TIMER0_INIT?TIMER0
            CODE    2311H     001BH     UNIT         ?PR?TIMER1_INIT?TIMER1
            CODE    232CH     001AH     UNIT         ?PR?BLUETOOTH_IC_HANDLE_INIT?BLUETOOTH_IC_HANDLE
            CODE    2346H     0019H     UNIT         ?PR?CHARGE_DET_INIT?CHARGE_DET
            CODE    235FH     0018H     UNIT         ?PR?_DELAY_MS?SYSTEM
            CODE    2377H     0018H     UNIT         ?PR?WUT_IRQHANDLER?LOW_POWER
            CODE    238FH     0017H     UNIT         ?PR?ADC_GET_VAL_ONCE?ADC
            CODE    23A6H     0017H     UNIT         ?PR?UART_DATA_HANDLE
            CODE    23BDH     0017H     UNIT         ?PR?BAT_PERCENT_UPDATE_TIME_ADD?BATTERY_MONITOR
            CODE    23D4H     0016H     UNIT         ?PR?PWM
            CODE    23EAH     0016H     UNIT         ?PR?_BAT_VOL_HISTORY_BUFF_INIT?BATTERY_MONITOR
            CODE    2400H     0015H     UNIT         ?PR?BAT_PERCENT_UPDATE_TIME_IS_COMES?BATTERY_MONITOR
            CODE    2415H     0015H     UNIT         ?PR?BLE_IC_ENABLE?BLUETOOTH_IC_HANDLE
            CODE    242AH     0013H     UNIT         ?PR?UART_RECEIVER_TIMEOUT_HANDLER?UART_DATA_HANDLE
BL51 BANKED LINKER/LOCATER V6.22.4.0                                                  06/12/2026  16:55:44  PAGE 4


            CODE    243DH     0012H     UNIT         ?PR?ADC_INIT_WHEN_LOW_PWR_OUT?ADC
            CODE    244FH     0012H     UNIT         ?PR?UART_RECEIVER_RESET?UART_DATA_HANDLE
            CODE    2461H     0011H     UNIT         ?PR?ADC_PIN_INIT?ADC
            CODE    2472H     000FH     UNIT         ?PR?AD_KEY
            CODE    2481H     000FH     UNIT         ?PR?LED_CTL_INIT?LED
            CODE    2490H     000DH     UNIT         ?PR?LED_YELLOW_ON?LED
            CODE    249DH     000DH     UNIT         ?PR?__LED_YELLOW_RESUME__?LED
            CODE    24AAH     000DH     UNIT         ?PR?LED_WHITE_ON?LED
            CODE    24B7H     000DH     UNIT         ?PR?__LED_WHITE_RESUME__?LED
            CODE    24C4H     000BH     UNIT         ?PR?_DELAY?SYSTEM
            CODE    24CFH     0009H     UNIT         ?PR?_PWM_SET_CHANNEL_0_DUTY?PWM
            CODE    24D8H     0009H     UNIT         ?PR?_PWM_SET_CHANNEL_1_DUTY?PWM
            CODE    24E1H     0009H     UNIT         ?PR?UART0_RXBUFFER_GET_COUNT?UART0
            CODE    24EAH     0008H     UNIT         ?PR?_UART0_SENDBYTE?UART0
            CODE    24F2H     0008H     UNIT         ?CO?UART_DATA_HANDLE
            CODE    24FAH     0008H     UNIT         ?PR?LED_YELLOW_OFF?LED
            CODE    2502H     0008H     UNIT         ?PR?LED_WHITE_OFF?LED
            CODE    250AH     0008H     UNIT         ?PR?BAT_PERCENT_UPDATE_TIME_RESET?BATTERY_MONITOR
            CODE    2512H     0008H     UNIT         ?PR?BLE_IC_DISABLE_POST?BLUETOOTH_IC_HANDLE
            CODE    251AH     0007H     UNIT         ?PR?UART0
            CODE    2521H     0004H     UNIT         ?PR?LED_SUSPEND?LED
            CODE    2525H     0003H     UNIT         ?PR?CHARGE_DET_TIME_ADD?CHARGE_DET



OVERLAY MAP OF MODULE:   .\Release\Objects\Demo (?C_STARTUP)


SEGMENT                                            XDATA_GROUP
  +--> CALLED SEGMENT                            START    LENGTH
----------------------------------------------------------------
?C_C51STARTUP                                    -----    -----
  +--> ?PR?MAIN?MAIN
  +--> ?C_INITSEG

?PR?MAIN?MAIN                                    -----    -----
  +--> ?PR?SYSTEM_INIT?SYSTEM
  +--> ?PR?USER_INIT?MAIN
  +--> ?PR?_DELAY_MS?SYSTEM
  +--> ?PR?_KEY_DRIVER_SCAN?KEY_DRIVER
  +--> ?PR?AD_KEY_HANDLE?AD_KEY
  +--> ?PR?UART_DATA_HANDLE?UART_DATA_HANDLE
  +--> ?PR?BATTERY_MONITOR_HANDLE?BATTERY_MO...
  +--> ?PR?CHARGE_DET?CHARGE_DET
  +--> ?PR?LOW_POWER_HANDLE?LOW_POWER

?PR?SYSTEM_INIT?SYSTEM                           -----    -----
  +--> ?PR?_DELAY?SYSTEM
  +--> ?PR?_DELAY_MS?SYSTEM

?PR?_DELAY_MS?SYSTEM                             -----    -----
  +--> ?PR?_DELAY?SYSTEM

?PR?USER_INIT?MAIN                               -----    -----
  +--> ?PR?ADC_PIN_INIT?ADC
  +--> ?PR?ADC_INIT?ADC
  +--> ?PR?LED_INIT?LED
BL51 BANKED LINKER/LOCATER V6.22.4.0                                                  06/12/2026  16:55:44  PAGE 5


  +--> ?PR?UART0_INIT?UART0
  +--> ?PR?PWM_INIT?PWM
  +--> ?PR?BLUETOOTH_IC_HANDLE_INIT?BLUETOOT...
  +--> ?PR?UART_RECEIVER_RESET?UART_DATA_HANDLE
  +--> ?PR?LED_CTL_INIT?LED
  +--> ?PR?CHARGE_DET_INIT?CHARGE_DET
  +--> ?PR?TIMER0_INIT?TIMER0
  +--> ?PR?TIMER1_INIT?TIMER1

?PR?ADC_INIT?ADC                                 -----    -----
  +--> ?PR?_DELAY_MS?SYSTEM

?PR?LED_INIT?LED                                 -----    -----
  +--> ?PR?LED

?PR?LED                                          -----    -----
  +--> ?PR?LED_YELLOW_OFF?LED
  +--> ?PR?LED_WHITE_OFF?LED

?PR?PWM_INIT?PWM                                 -----    -----
  +--> ?PR?PWM

?PR?_KEY_DRIVER_SCAN?KEY_DRIVER                  629AH    0002H
  +--> ?PR?KEY_DRIVER

?PR?AD_KEY_HANDLE?AD_KEY                         629AH    0001H
  +--> ?PR?_AD_KEY_GET_EVENT?AD_KEY
  +--> ?PR?LED_STATUS_SWITCH?LED
  +--> ?PR?_UART_DATA_SEND_CMD?UART_DATA_HANDLE
  +--> ?PR?BLE_IC_DISABLE_PRE?BLUETOOTH_IC_H...
  +--> ?PR?BLE_IC_ENABLE?BLUETOOTH_IC_HANDLE

?PR?_AD_KEY_GET_EVENT?AD_KEY                     -----    -----
  +--> ?PR?AD_KEY

?PR?LED_STATUS_SWITCH?LED                        -----    -----
  +--> ?PR?_LED_STATUS_SET?LED

?PR?_LED_STATUS_SET?LED                          629BH    0001H
  +--> ?PR?LED
  +--> ?PR?LED_YELLOW_OFF?LED
  +--> ?PR?LED_WHITE_ON?LED
  +--> ?PR?LED_YELLOW_ON?LED
  +--> ?PR?LED_WHITE_OFF?LED

?PR?LED_WHITE_ON?LED                             -----    -----
  +--> ?PR?_PWM_SET_CHANNEL_1_DUTY?PWM

?PR?_PWM_SET_CHANNEL_1_DUTY?PWM                  -----    -----
  +--> ?PR?PWM

?PR?LED_YELLOW_ON?LED                            -----    -----
  +--> ?PR?_PWM_SET_CHANNEL_0_DUTY?PWM

?PR?_PWM_SET_CHANNEL_0_DUTY?PWM                  -----    -----
  +--> ?PR?PWM

BL51 BANKED LINKER/LOCATER V6.22.4.0                                                  06/12/2026  16:55:44  PAGE 6


?PR?_UART_DATA_SEND_CMD?UART_DATA_HANDLE         629BH    0009H
  +--> ?CO?UART_DATA_HANDLE
  +--> ?PR?_UART0_SENDBUF?UART0

?PR?_UART0_SENDBUF?UART0                         62A4H    0003H
  +--> ?PR?_UART0_SENDBYTE?UART0

?PR?BLE_IC_DISABLE_PRE?BLUETOOTH_IC_H...         -----    -----
  +--> ?PR?_UART_DATA_SEND_CMD?UART_DATA_HANDLE

?PR?BLE_IC_ENABLE?BLUETOOTH_IC_HANDLE            -----    -----
  +--> ?PR?_DELAY_MS?SYSTEM
  +--> ?PR?_UART_DATA_SEND_CMD?UART_DATA_HANDLE

?PR?UART_DATA_HANDLE?UART_DATA_HANDLE            -----    -----
  +--> ?PR?UART_RECEIVER_RESET?UART_DATA_HANDLE
  +--> ?PR?UART_RECEIVER_TIMEOUT_HANDLER?UAR...
  +--> ?PR?UART0_RXBUFFER_GET_COUNT?UART0
  +--> ?PR?UART0_RXBUFFER_GET_BYTE?UART0
  +--> ?PR?_UART_RECEIVER_PROCESS_BYTE?UART_...
  +--> ?PR?BLE_IC_DISABLE_POST?BLUETOOTH_IC_...

?PR?UART_RECEIVER_TIMEOUT_HANDLER?UAR...         -----    -----
  +--> ?PR?UART_RECEIVER_RESET?UART_DATA_HANDLE

?PR?UART0_RXBUFFER_GET_BYTE?UART0                -----    -----
  +--> ?PR?UART0

?PR?_UART_RECEIVER_PROCESS_BYTE?UART_...         -----    -----
  +--> ?PR?UART_DATA_HANDLE
  +--> ?PR?UART_RECEIVER_PROCESS_CHECKSUM?UA...

?PR?BATTERY_MONITOR_HANDLE?BATTERY_MO...         -----    -----
  +--> ?PR?_BAT_VOL_HISTORY_BUFF_ADD?BATTERY...
  +--> ?PR?BAT_VOL_HISTORY_BUFF_GET_AVG?BATT...
  +--> ?PR?BATTERY_MONITOR
  +--> ?PR?_GET_BATTERY_PERCENTAGE_BY_VOLTAG...
  +--> ?PR?BAT_PERCENT_UPDATE_TIME_IS_COMES?...
  +--> ?PR?BAT_PERCENT_UPDATE_TIME_RESET?BAT...
  +--> ?PR?_LED_STATUS_SET?LED
  +--> ?PR?_UART_DATA_SEND_CMD?UART_DATA_HANDLE
  +--> ?PR?_DELAY_MS?SYSTEM
  +--> ?PR?BLE_IC_DISABLE_PRE?BLUETOOTH_IC_H...
  +--> ?PR?BLE_IC_ENABLE?BLUETOOTH_IC_HANDLE

?PR?_BAT_VOL_HISTORY_BUFF_ADD?BATTERY...         -----    -----
  +--> ?PR?BATTERY_MONITOR

?PR?BAT_VOL_HISTORY_BUFF_GET_AVG?BATT...         629AH    0005H
  +--> ?PR?BATTERY_MONITOR

?PR?_GET_BATTERY_PERCENTAGE_BY_VOLTAG...         62ADH    0004H

?PR?CHARGE_DET?CHARGE_DET                        629AH    0002H
  +--> ?PR?_ADC_GET_UPDATE_FLAG?ADC
  +--> ?PR?_ADC_CLEAR_UPDATE_FLAG?ADC
  +--> ?PR?_ADC_GET_VAL?ADC
BL51 BANKED LINKER/LOCATER V6.22.4.0                                                  06/12/2026  16:55:44  PAGE 7


  +--> ?PR?CHARGE_DET

?PR?LOW_POWER_HANDLE?LOW_POWER                   629AH    0001H
  +--> ?PR?LOW_POWER_IN?LOW_POWER
  +--> ?PR?LOW_POWER_OUT?LOW_POWER
  +--> ?PR?ADC_PIN_INIT?ADC
  +--> ?PR?ADC_INIT_WHEN_LOW_PWR_OUT?ADC
  +--> ?PR?USER_INIT?MAIN
  +--> ?PR?_ADC_CHANNEL_SEL?ADC
  +--> ?PR?_DELAY_MS?SYSTEM
  +--> ?PR?ADC_GET_VAL_ONCE?ADC

?PR?LOW_POWER_IN?LOW_POWER                       -----    -----
  +--> ?PR?_DELAY_MS?SYSTEM

?PR?ADC_GET_VAL_ONCE?ADC                         -----    -----
  +--> ?PR?ADC

?PR?ADC                                          -----    -----
  +--> ?PR?_ADC_CHANNEL_SEL?ADC

?C_INITSEG                                       -----    -----
  +--> ?PR?AD_KEY_GET_KEY_VAL?AD_KEY

?PR?AD_KEY_GET_KEY_VAL?AD_KEY                    629AH    0001H
  +--> ?PR?_ADC_GET_UPDATE_FLAG?ADC
  +--> ?PR?_ADC_CLEAR_UPDATE_FLAG?ADC
  +--> ?PR?_ADC_GET_VAL?ADC
  +--> ?PR?_AD_KEY_VAL_TO_AD_KEY_INDEX?AD_KEY

?PR?_AD_KEY_VAL_TO_AD_KEY_INDEX?AD_KEY           629BH    0002H

*** NEW ROOT ***************************************************

?PR?ADC_IRQHANDLER?ADC                           62A7H    0002H
  +--> ?PR?ADC
  +--> ?PR?_ADC_UPDATE_VAL?ADC
  +--> ?PR?LED_RESUME?LED
  +--> ?PR?BATTERY_VOLTAGE_UPDATE_BY_ISR?BAT...

?PR?LED_RESUME?LED                               -----    -----
  +--> ?PR?LED
  +--> ?PR?__LED_YELLOW_RESUME__?LED
  +--> ?PR?LED_YELLOW_OFF?LED
  +--> ?PR?__LED_WHITE_RESUME__?LED
  +--> ?PR?LED_WHITE_OFF?LED

?PR?__LED_YELLOW_RESUME__?LED                    -----    -----
  +--> ?PR?LED
  +--> ?PR?_PWM_SET_CHANNEL_0_DUTY?PWM

?PR?__LED_WHITE_RESUME__?LED                     -----    -----
  +--> ?PR?LED
  +--> ?PR?_PWM_SET_CHANNEL_1_DUTY?PWM

?PR?BATTERY_VOLTAGE_UPDATE_BY_ISR?BAT...         62A9H    0004H
  +--> ?PR?_ADC_GET_UPDATE_FLAG?ADC
BL51 BANKED LINKER/LOCATER V6.22.4.0                                                  06/12/2026  16:55:44  PAGE 8


  +--> ?PR?_ADC_CLEAR_UPDATE_FLAG?ADC
  +--> ?PR?_ADC_GET_VAL?ADC
  +--> ?PR?_GET_BATTERY_VOLTAGE_BY_ADC?BATTE...
  +--> ?PR?BATTERY_MONITOR
  +--> ?PR?_BAT_VOL_HISTORY_BUFF_INIT?BATTER...
  +--> ?PR?_GET_BATTERY_PERCENTAGE_BY_VOLTAG...

?PR?_BAT_VOL_HISTORY_BUFF_INIT?BATTER...         -----    -----
  +--> ?PR?BATTERY_MONITOR

*** NEW ROOT ***************************************************

?PR?TIMR0_IRQHANDLER?TIMER0                      -----    -----
  +--> ?PR?ADC_SCAN?ADC
  +--> ?PR?CHARGE_DET_TIME_ADD?CHARGE_DET
  +--> ?PR?UART_RECEIVER_TIMEOUT_ADD?UART_DA...
  +--> ?PR?BAT_VOL_UPDATE_TIMER_CALLBACK?BAT...
  +--> ?PR?BAT_VOL_BUFF_ADD_TIMER_CALLBACK?B...
  +--> ?PR?BAT_VOL_BUFF_GET_AVG_TIMER_CALLBA...
  +--> ?PR?LED_SLOW_ADJUST_ISR?LED
  +--> ?PR?LED_RED_BLUE_FLASH_1MS_ISR?LED
  +--> ?PR?LED_BAT_INSTRUCTION_TIMER_CALLBAC...
  +--> ?PR?LOW_POWER_ENTER_TIMER_CALLBACK?LO...
  +--> ?PR?SEND_LOW_BAT_TIMER_CALLBACK?BATTE...
  +--> ?PR?BAT_PERCENT_UPDATE_TIME_ADD?BATTE...

?PR?ADC_SCAN?ADC                                 -----    -----
  +--> ?PR?ADC
  +--> ?PR?LED_SUSPEND?LED

?PR?LED_SUSPEND?LED                              -----    -----
  +--> ?PR?LED

?PR?BAT_VOL_BUFF_ADD_TIMER_CALLBACK?B...         -----    -----
  +--> ?PR?BATTERY_MONITOR

?PR?BAT_VOL_BUFF_GET_AVG_TIMER_CALLBA...         -----    -----
  +--> ?PR?BATTERY_MONITOR

?PR?LED_SLOW_ADJUST_ISR?LED                      -----    -----
  +--> ?PR?LED
  +--> ?PR?_PWM_SET_CHANNEL_0_DUTY?PWM
  +--> ?PR?_PWM_SET_CHANNEL_1_DUTY?PWM

?PR?LED_RED_BLUE_FLASH_1MS_ISR?LED               62B1H    0002H
  +--> ?PR?LED

?PR?LED_BAT_INSTRUCTION_TIMER_CALLBAC...         -----    -----
  +--> ?PR?LED

?PR?LOW_POWER_ENTER_TIMER_CALLBACK?LO...         -----    -----
  +--> ?PR?IS_LOW_POWER_CONDITION_ESTABLISH?...

?PR?SEND_LOW_BAT_TIMER_CALLBACK?BATTE...         -----    -----
  +--> ?PR?BATTERY_MONITOR

*** NEW ROOT ***************************************************
BL51 BANKED LINKER/LOCATER V6.22.4.0                                                  06/12/2026  16:55:44  PAGE 9



?PR?TIMR1_IRQHANDLER?TIMER1                      -----    -----
  +--> ?PR?DETECT_1KHZ_SIGNAL_100US?CHARGE_DET
  +--> ?PR?DETECT_DISCHARGE_1KHZ_SIGNAL_100U...

?PR?DETECT_1KHZ_SIGNAL_100US?CHARGE_DET          62B3H    0001H
  +--> ?PR?CHARGE_DET

?PR?DETECT_DISCHARGE_1KHZ_SIGNAL_100U...         62B3H    0001H
  +--> ?PR?CHARGE_DET

*** NEW ROOT ***************************************************

?PR?UART0_IRQHANDLER?UART0                       62B4H    0001H
  +--> ?PR?_UART0_RXBUFFER_PUT_BYTE?UART0

?PR?_UART0_RXBUFFER_PUT_BYTE?UART0               -----    -----
  +--> ?PR?UART0



SYMBOL TABLE OF MODULE:  .\Release\Objects\Demo (?C_STARTUP)

  VALUE           TYPE          NAME
  ----------------------------------

  -------         MODULE        ?C_STARTUP
  C:17D1H         SEGMENT       ?C_C51STARTUP
  I:0021H         SEGMENT       ?STACK
  C:0000H         PUBLIC        ?C_STARTUP
  D:00E0H         SYMBOL        ACC
  D:00F0H         SYMBOL        B
  D:0083H         SYMBOL        DPH
  D:0082H         SYMBOL        DPL
  N:0000H         SYMBOL        IBPSTACK
  N:0100H         SYMBOL        IBPSTACKTOP
  N:0080H         SYMBOL        IDATALEN
  C:17D4H         SYMBOL        IDATALOOP
  N:0000H         SYMBOL        PBPSTACK
  N:0100H         SYMBOL        PBPSTACKTOP
  N:0000H         SYMBOL        PDATALEN
  N:0000H         SYMBOL        PDATASTART
  N:0000H         SYMBOL        PPAGE
  N:0000H         SYMBOL        PPAGEENABLE
  D:00A0H         SYMBOL        PPAGE_SFR
  D:0081H         SYMBOL        SP
  C:17D1H         SYMBOL        STARTUP1
  N:0000H         SYMBOL        XBPSTACK
  N:0000H         SYMBOL        XBPSTACKTOP
  N:0000H         SYMBOL        XDATALEN
  N:0000H         SYMBOL        XDATASTART
  C:0000H         LINE#         126
  C:17D1H         LINE#         133
  C:17D3H         LINE#         134
  C:17D4H         LINE#         135
  C:17D5H         LINE#         136
  C:17D7H         LINE#         185
BL51 BANKED LINKER/LOCATER V6.22.4.0                                                  06/12/2026  16:55:44  PAGE 10


  C:17DAH         LINE#         196
  -------         ENDMOD        ?C_STARTUP

  -------         MODULE        SYSTEM
  C:0000H         SYMBOL        _ICE_DUMMY_
  D:00A7H         PUBLIC        FLASH_TIMEREG0
  D:00ACH         PUBLIC        FLASH_TIMEREG1
  C:24C4H         PUBLIC        _delay
  C:235FH         PUBLIC        _delay_ms
  C:13B2H         PUBLIC        system_init
  -------         PROC          _DELAY
  D:0006H         SYMBOL        cnt
  C:24C4H         LINE#         37
  C:24C4H         LINE#         38
  C:24C4H         LINE#         39
  C:24CEH         LINE#         40
  C:24CEH         LINE#         41
  C:24CEH         LINE#         42
  -------         ENDPROC       _DELAY
  -------         PROC          _DELAY_MS
  D:0002H         SYMBOL        ms
  C:235FH         LINE#         49
  C:2363H         LINE#         50
  C:2363H         LINE#         51
  C:236DH         LINE#         52
  C:236DH         LINE#         53
  C:2374H         LINE#         54
  C:2376H         LINE#         55
  -------         ENDPROC       _DELAY_MS
  -------         PROC          SYSTEM_INIT
  -------         DO            
  D:0007H         SYMBOL        i
  -------         ENDDO         
  C:13B2H         LINE#         62
  C:13B2H         LINE#         63
  C:13B2H         LINE#         66
  C:13B9H         LINE#         67
  C:13C6H         LINE#         68
  C:13C9H         LINE#         69
  C:13CCH         LINE#         70
  C:13D2H         LINE#         71
  C:13D8H         LINE#         72
  C:13DEH         LINE#         76
  C:13E0H         LINE#         77
  C:13E0H         LINE#         78
  C:13EDH         LINE#         79
  C:13F2H         LINE#         81
  C:1480H         LINE#         82
  -------         ENDPROC       SYSTEM_INIT
  -------         ENDMOD        SYSTEM

  -------         MODULE        ADC
  C:0000H         SYMBOL        _ICE_DUMMY_
  D:00A8H         PUBLIC        IE0
  D:00A9H         PUBLIC        IE1
  D:00AAH         PUBLIC        IE2
  D:00ABH         PUBLIC        IE3
BL51 BANKED LINKER/LOCATER V6.22.4.0                                                  06/12/2026  16:55:44  PAGE 11


  B:00A8H.7       PUBLIC        IE_EA
  D:00B8H         PUBLIC        IP0
  D:00B1H         PUBLIC        IP1
  D:00B2H         PUBLIC        IP2
  D:00B3H         PUBLIC        IP3
  D:00B4H         PUBLIC        IP4
  D:00B5H         PUBLIC        IP5
  D:00B6H         PUBLIC        IP6
  D:00B7H         PUBLIC        IP7
  D:0093H         PUBLIC        ADC_DATAH0
  D:0094H         PUBLIC        ADC_DATAL0
  D:0099H         PUBLIC        ADC_CHS0
  X:62E1H         PUBLIC        cur_adc_status
  C:2461H         PUBLIC        adc_pin_init
  C:224EH         PUBLIC        adc_init
  C:1A57H         PUBLIC        adc_scan
  C:243DH         PUBLIC        adc_init_when_low_pwr_out
  C:1F21H         PUBLIC        _adc_update_val
  C:20E1H         PUBLIC        _adc_get_val
  C:21E2H         PUBLIC        _adc_get_update_flag
  C:0024H         PUBLIC        _adc_clear_update_flag
  C:1C10H         PUBLIC        _adc_channel_sel
  C:238FH         PUBLIC        adc_get_val_once
  X:62E2H         SYMBOL        adc_adkey_val
  B:0020H.0       SYMBOL        flag_is_adkey_val_update
  X:62E4H         SYMBOL        adc_bat_det_val
  B:0020H.1       SYMBOL        flag_is_adc_bat_det_val_update
  X:62E6H         SYMBOL        adc_solar_det_val
  B:0020H.2       SYMBOL        flag_is_adc_solar_det_val_update
  X:62E8H         SYMBOL        adc_type_c_det_val
  B:0020H.3       SYMBOL        flag_is_adc_type_c_det_val_update
  C:18E8H         PUBLIC        ADC_IRQHandler
  C:210FH         SYMBOL        Com0067
  C:210FH         SYMBOL        L?0104
  C:210FH         SYMBOL        L?0105
  C:2119H         SYMBOL        L?0106
  C:2119H         SYMBOL        L?0107
  C:2122H         SYMBOL        L?0108
  C:2122H         SYMBOL        L?0109
  C:2129H         SYMBOL        L?0110
  C:2133H         SYMBOL        L?0111
  -------         PROC          COM0067
  -------         ENDPROC       COM0067
  -------         PROC          ADC_PIN_INIT
  C:2461H         LINE#         22
  C:2461H         LINE#         23
  C:2461H         LINE#         25
  C:2467H         LINE#         28
  C:246DH         LINE#         31
  C:2471H         LINE#         32
  -------         ENDPROC       ADC_PIN_INIT
  -------         PROC          ADC_INIT
  C:224EH         LINE#         34
  C:224EH         LINE#         35
  C:224EH         LINE#         36
  C:2253H         LINE#         38
  C:2259H         LINE#         42
BL51 BANKED LINKER/LOCATER V6.22.4.0                                                  06/12/2026  16:55:44  PAGE 12


  C:225CH         LINE#         43
  C:225EH         LINE#         45
  C:2264H         LINE#         47
  C:2269H         LINE#         50
  -------         ENDPROC       ADC_INIT
  -------         PROC          _ADC_UPDATE_VAL
  D:0007H         SYMBOL        adc_channel
  D:0004H         SYMBOL        adc_val
  C:1F21H         LINE#         59
  C:1F21H         LINE#         60
  C:1F21H         LINE#         61
  C:1F30H         LINE#         62
  C:1F30H         LINE#         63
  C:1F30H         LINE#         64
  C:1F38H         LINE#         65
  C:1F3AH         LINE#         66
  C:1F3BH         LINE#         67
  C:1F3BH         LINE#         68
  C:1F43H         LINE#         69
  C:1F45H         LINE#         70
  C:1F46H         LINE#         71
  C:1F46H         LINE#         72
  C:1F4EH         LINE#         73
  C:1F50H         LINE#         74
  C:1F51H         LINE#         75
  C:1F51H         LINE#         76
  C:1F5BH         LINE#         77
  C:1F5DH         LINE#         78
  C:1F5DH         LINE#         79
  C:1F5DH         LINE#         80
  -------         ENDPROC       _ADC_UPDATE_VAL
  -------         PROC          _ADC_GET_VAL
  D:0007H         SYMBOL        adc_channel
  -------         DO            
  D:0004H         SYMBOL        ret
  -------         ENDDO         
  C:20E1H         LINE#         82
  C:20E1H         LINE#         83
  C:20E1H         LINE#         84
  C:20E4H         LINE#         85
  C:20F3H         LINE#         86
  C:20F3H         LINE#         87
  C:20F3H         LINE#         88
  C:20F6H         LINE#         89
  C:20F8H         LINE#         90
  C:20F8H         LINE#         91
  C:20FBH         LINE#         92
  C:20FDH         LINE#         93
  C:20FDH         LINE#         94
  C:2100H         LINE#         95
  C:2102H         LINE#         96
  C:2102H         LINE#         97
  C:210AH         LINE#         98
  C:210AH         LINE#         100
  C:210AH         LINE#         101
  C:210AH         LINE#         102
  C:210AH         LINE#         104
BL51 BANKED LINKER/LOCATER V6.22.4.0                                                  06/12/2026  16:55:44  PAGE 13


  C:210EH         LINE#         105
  -------         ENDPROC       _ADC_GET_VAL
  -------         PROC          _ADC_GET_UPDATE_FLAG
  D:0007H         SYMBOL        adc_channel
  -------         DO            
  D:0006H         SYMBOL        ret
  -------         ENDDO         
  C:21E2H         LINE#         108
  C:21E2H         LINE#         109
  C:21E2H         LINE#         110
  C:21E4H         LINE#         111
  C:21F3H         LINE#         112
  C:21F3H         LINE#         113
  C:21F3H         LINE#         114
  C:21F5H         LINE#         115
  C:21F7H         LINE#         116
  C:21F7H         LINE#         117
  C:21F9H         LINE#         118
  C:21FBH         LINE#         119
  C:21FBH         LINE#         120
  C:21FDH         LINE#         121
  C:21FFH         LINE#         122
  C:21FFH         LINE#         123
  C:2204H         LINE#         124
  C:2204H         LINE#         126
  C:2204H         LINE#         127
  C:2204H         LINE#         128
  C:2204H         LINE#         130
  C:2206H         LINE#         131
  -------         ENDPROC       _ADC_GET_UPDATE_FLAG
  -------         PROC          _ADC_CLEAR_UPDATE_FLAG
  D:0007H         SYMBOL        adc_channel
  C:0024H         LINE#         134
  C:0024H         LINE#         135
  C:0024H         LINE#         136
  C:0033H         LINE#         137
  C:0033H         LINE#         138
  C:0033H         LINE#         139
  C:0035H         LINE#         140
  C:0036H         LINE#         141
  C:0036H         LINE#         142
  C:0038H         LINE#         143
  C:0039H         LINE#         144
  C:0039H         LINE#         145
  C:003BH         LINE#         146
  C:003CH         LINE#         147
  C:003CH         LINE#         148
  C:003EH         LINE#         149
  C:003EH         LINE#         151
  C:003EH         LINE#         152
  C:003EH         LINE#         153
  C:003EH         LINE#         154
  -------         ENDPROC       _ADC_CLEAR_UPDATE_FLAG
  -------         PROC          _ADC_CHANNEL_SEL
  D:0007H         SYMBOL        adc_channel
  C:1C10H         LINE#         156
  C:1C10H         LINE#         157
BL51 BANKED LINKER/LOCATER V6.22.4.0                                                  06/12/2026  16:55:44  PAGE 14


  C:1C10H         LINE#         158
  C:1C17H         LINE#         162
  C:1C26H         LINE#         163
  C:1C26H         LINE#         164
  C:1C26H         LINE#         166
  C:1C2DH         LINE#         168
  C:1C30H         LINE#         169
  C:1C32H         LINE#         170
  C:1C32H         LINE#         171
  C:1C39H         LINE#         174
  C:1C3CH         LINE#         176
  C:1C3EH         LINE#         177
  C:1C3EH         LINE#         181
  C:1C45H         LINE#         184
  C:1C48H         LINE#         185
  C:1C4AH         LINE#         187
  C:1C4AH         LINE#         188
  C:1C51H         LINE#         191
  C:1C54H         LINE#         192
  C:1C54H         LINE#         194
  C:1C54H         LINE#         195
  C:1C54H         LINE#         196
  C:1C54H         LINE#         198
  C:1C5AH         LINE#         200
  -------         ENDPROC       _ADC_CHANNEL_SEL
  -------         PROC          ADC_INIT_WHEN_LOW_PWR_OUT
  C:243DH         LINE#         203
  C:243DH         LINE#         204
  C:243DH         LINE#         205
  C:2443H         LINE#         208
  C:2449H         LINE#         209
  C:244EH         LINE#         211
  -------         ENDPROC       ADC_INIT_WHEN_LOW_PWR_OUT
  -------         PROC          ADC_GET_VAL_ONCE
  C:238FH         LINE#         214
  C:238FH         LINE#         215
  C:238FH         LINE#         216
  C:2395H         LINE#         217
  C:239BH         LINE#         219
  C:239DH         LINE#         220
  C:23A5H         LINE#         221
  -------         ENDPROC       ADC_GET_VAL_ONCE
  -------         PROC          ADC_SCAN
  C:1A57H         LINE#         224
  C:1A57H         LINE#         225
  C:1A57H         LINE#         227
  C:1A7DH         LINE#         228
  C:1A7DH         LINE#         229
  C:1A7DH         LINE#         231
  C:1A7DH         LINE#         232
  C:1A7FH         LINE#         233
  C:1A85H         LINE#         234
  C:1A86H         LINE#         235
  C:1A86H         LINE#         237
  C:1A86H         LINE#         238
  C:1A8CH         LINE#         239
  C:1A8DH         LINE#         240
BL51 BANKED LINKER/LOCATER V6.22.4.0                                                  06/12/2026  16:55:44  PAGE 15


  C:1A8DH         LINE#         241
  C:1A8FH         LINE#         242
  C:1A95H         LINE#         243
  C:1A96H         LINE#         244
  C:1A96H         LINE#         246
  C:1A99H         LINE#         249
  C:1A99H         LINE#         250
  C:1A9FH         LINE#         251
  C:1AA0H         LINE#         252
  C:1AA0H         LINE#         253
  C:1AA2H         LINE#         254
  C:1AA8H         LINE#         255
  C:1AA9H         LINE#         256
  C:1AA9H         LINE#         257
  C:1AA9H         LINE#         258
  C:1AAFH         LINE#         259
  C:1AB0H         LINE#         260
  C:1AB0H         LINE#         261
  C:1AB2H         LINE#         262
  C:1AB8H         LINE#         263
  C:1AB9H         LINE#         264
  C:1AB9H         LINE#         265
  C:1AB9H         LINE#         266
  C:1ABFH         LINE#         267
  C:1ABFH         LINE#         269
  C:1ABFH         LINE#         270
  C:1ABFH         LINE#         271
  C:1ABFH         LINE#         272
  -------         ENDPROC       ADC_SCAN
  -------         PROC          ADC_IRQHANDLER
  -------         DO            
  X:62A7H         SYMBOL        adc_val
  -------         ENDDO         
  C:18E8H         LINE#         274
  C:1905H         LINE#         279
  C:1905H         LINE#         283
  C:190BH         LINE#         284
  C:190BH         LINE#         285
  C:190EH         LINE#         286
  C:191DH         LINE#         288
  C:1931H         LINE#         289
  C:1931H         LINE#         290
  C:1931H         LINE#         291
  C:1936H         LINE#         292
  C:1938H         LINE#         293
  C:1938H         LINE#         294
  C:1940H         LINE#         297
  C:1943H         LINE#         299
  C:1946H         LINE#         300
  C:1948H         LINE#         301
  C:1948H         LINE#         302
  C:194DH         LINE#         303
  C:194FH         LINE#         304
  C:194FH         LINE#         305
  C:1957H         LINE#         306
  C:1957H         LINE#         308
  C:1957H         LINE#         309
BL51 BANKED LINKER/LOCATER V6.22.4.0                                                  06/12/2026  16:55:44  PAGE 16


  C:1957H         LINE#         310
  C:1957H         LINE#         311
  C:1957H         LINE#         314
  C:1957H         LINE#         315
  -------         ENDPROC       ADC_IRQHANDLER
  -------         ENDMOD        ADC

  -------         MODULE        PWM
  C:0000H         SYMBOL        _ICE_DUMMY_
  B:00A0H.7       PUBLIC        P27
  B:00B0H.0       PUBLIC        P30
  C:185DH         PUBLIC        pwm_init
  C:24CFH         PUBLIC        _pwm_set_channel_0_duty
  C:24D8H         PUBLIC        _pwm_set_channel_1_duty
  C:23D4H         SYMBOL        Com0004
  C:23D4H         SYMBOL        L?0005
  C:23DFH         SYMBOL        L?0006
  -------         PROC          COM0004
  -------         ENDPROC       COM0004
  -------         PROC          PWM_INIT
  C:185DH         LINE#         3
  C:185DH         LINE#         4
  C:185DH         LINE#         6
  C:1863H         LINE#         7
  C:1867H         LINE#         9
  C:1869H         LINE#         10
  C:186EH         LINE#         13
  C:1874H         LINE#         14
  C:1878H         LINE#         16
  C:187AH         LINE#         17
  C:187FH         LINE#         21
  C:1885H         LINE#         22
  C:188AH         LINE#         23
  C:188FH         LINE#         24
  C:1893H         LINE#         25
  C:1895H         LINE#         26
  C:1895H         LINE#         27
  C:1895H         LINE#         29
  C:189BH         LINE#         30
  C:18A1H         LINE#         31
  C:18A7H         LINE#         32
  C:18ADH         LINE#         33
  C:18B3H         LINE#         37
  C:18B9H         LINE#         38
  C:18BEH         LINE#         39
  C:18C3H         LINE#         40
  C:18C7H         LINE#         41
  C:18C9H         LINE#         42
  C:18C9H         LINE#         43
  C:18C9H         LINE#         45
  C:18CFH         LINE#         46
  C:18D5H         LINE#         47
  C:18DBH         LINE#         48
  C:18E1H         LINE#         49
  C:18E7H         LINE#         50
  -------         ENDPROC       PWM_INIT
  -------         PROC          _PWM_SET_CHANNEL_0_DUTY
BL51 BANKED LINKER/LOCATER V6.22.4.0                                                  06/12/2026  16:55:44  PAGE 17


  D:0004H         SYMBOL        channel_duty
  C:24CFH         LINE#         53
  C:24CFH         LINE#         54
  C:24CFH         LINE#         55
  C:24D1H         LINE#         56
  C:24D1H         LINE#         57
  C:24D7H         LINE#         58
  -------         ENDPROC       _PWM_SET_CHANNEL_0_DUTY
  -------         PROC          _PWM_SET_CHANNEL_1_DUTY
  D:0004H         SYMBOL        channel_duty
  C:24D8H         LINE#         61
  C:24D8H         LINE#         62
  C:24D8H         LINE#         63
  C:24DAH         LINE#         64
  C:24DAH         LINE#         65
  C:24E0H         LINE#         66
  -------         ENDPROC       _PWM_SET_CHANNEL_1_DUTY
  -------         ENDMOD        PWM

  -------         MODULE        TIMER0
  C:0000H         SYMBOL        _ICE_DUMMY_
  D:00A8H         PUBLIC        IE0
  D:00A9H         PUBLIC        IE1
  D:00AAH         PUBLIC        IE2
  D:00ABH         PUBLIC        IE3
  B:00A8H.7       PUBLIC        IE_EA
  D:00B8H         PUBLIC        IP0
  D:00B1H         PUBLIC        IP1
  D:00B2H         PUBLIC        IP2
  D:00B3H         PUBLIC        IP3
  D:00B4H         PUBLIC        IP4
  D:00B5H         PUBLIC        IP5
  D:00B6H         PUBLIC        IP6
  D:00B7H         PUBLIC        IP7
  D:00D1H         PUBLIC        TMR_ALLCON
  C:22F6H         PUBLIC        timer0_init
  C:19EBH         PUBLIC        TIMR0_IRQHandler
  -------         PROC          TIMER0_INIT
  C:22F6H         LINE#         10
  C:22F6H         LINE#         11
  C:22F6H         LINE#         12
  C:22F9H         LINE#         13
  C:22FBH         LINE#         15
  C:22FEH         LINE#         16
  C:2303H         LINE#         17
  C:2307H         LINE#         18
  C:230CH         LINE#         19
  C:2310H         LINE#         20
  -------         ENDPROC       TIMER0_INIT
  -------         PROC          TIMR0_IRQHANDLER
  C:19EBH         LINE#         24
  C:1A08H         LINE#         27
  C:1A08H         LINE#         32
  C:1A0EH         LINE#         33
  C:1A0EH         LINE#         34
  C:1A12H         LINE#         40
  C:1A18H         LINE#         41
BL51 BANKED LINKER/LOCATER V6.22.4.0                                                  06/12/2026  16:55:44  PAGE 18


  C:1A1BH         LINE#         43
  C:1A1EH         LINE#         44
  C:1A21H         LINE#         46
  C:1A24H         LINE#         47
  C:1A27H         LINE#         48
  C:1A2AH         LINE#         50
  C:1A2DH         LINE#         51
  C:1A30H         LINE#         52
  C:1A33H         LINE#         54
  C:1A36H         LINE#         55
  C:1A39H         LINE#         57
  C:1A3CH         LINE#         63
  C:1A3CH         LINE#         66
  C:1A3CH         LINE#         67
  -------         ENDPROC       TIMR0_IRQHANDLER
  -------         ENDMOD        TIMER0

  -------         MODULE        TIMER1
  C:0000H         SYMBOL        _ICE_DUMMY_
  D:00A8H         PUBLIC        IE0
  D:00A9H         PUBLIC        IE1
  D:00AAH         PUBLIC        IE2
  D:00ABH         PUBLIC        IE3
  B:00A8H.7       PUBLIC        IE_EA
  D:00B8H         PUBLIC        IP0
  D:00B1H         PUBLIC        IP1
  D:00B2H         PUBLIC        IP2
  D:00B3H         PUBLIC        IP3
  D:00B4H         PUBLIC        IP4
  D:00B5H         PUBLIC        IP5
  D:00B6H         PUBLIC        IP6
  D:00B7H         PUBLIC        IP7
  D:00D1H         PUBLIC        TMR_ALLCON
  C:2311H         PUBLIC        timer1_init
  C:1D84H         PUBLIC        TIMR1_IRQHandler
  -------         PROC          TIMER1_INIT
  C:2311H         LINE#         9
  C:2311H         LINE#         10
  C:2311H         LINE#         12
  C:2314H         LINE#         13
  C:2316H         LINE#         15
  C:2319H         LINE#         16
  C:231EH         LINE#         17
  C:2322H         LINE#         18
  C:2327H         LINE#         19
  C:232BH         LINE#         23
  -------         ENDPROC       TIMER1_INIT
  -------         PROC          TIMR1_IRQHANDLER
  C:1D84H         LINE#         27
  C:1DA1H         LINE#         30
  C:1DA1H         LINE#         34
  C:1DA7H         LINE#         35
  C:1DA7H         LINE#         36
  C:1DABH         LINE#         39
  C:1DAEH         LINE#         40
  C:1DB1H         LINE#         41
  C:1DB1H         LINE#         44
BL51 BANKED LINKER/LOCATER V6.22.4.0                                                  06/12/2026  16:55:44  PAGE 19


  C:1DB1H         LINE#         45
  -------         ENDPROC       TIMR1_IRQHANDLER
  -------         ENDMOD        TIMER1

  -------         MODULE        UART0
  C:0000H         SYMBOL        _ICE_DUMMY_
  D:00A8H         PUBLIC        IE0
  D:00A9H         PUBLIC        IE1
  D:00AAH         PUBLIC        IE2
  D:00ABH         PUBLIC        IE3
  B:00A8H.7       PUBLIC        IE_EA
  D:00B8H         PUBLIC        IP0
  D:00B1H         PUBLIC        IP1
  D:00B2H         PUBLIC        IP2
  D:00B3H         PUBLIC        IP3
  D:00B4H         PUBLIC        IP4
  D:00B5H         PUBLIC        IP5
  D:00B6H         PUBLIC        IP6
  D:00B7H         PUBLIC        IP7
  D:00D2H         PUBLIC        UART0_CON0
  D:00D4H         PUBLIC        UART0_STA
  D:00D5H         PUBLIC        UART0_BAUD0
  D:00D6H         PUBLIC        UART0_BAUD1
  D:00D7H         PUBLIC        UART0_DATA
  C:1F9AH         PUBLIC        uart0_init
  C:24EAH         PUBLIC        _uart0_sendbyte
  C:222BH         PUBLIC        _uart0_sendbuf
  C:24E1H         PUBLIC        uart0_rxbuffer_get_count
  C:1F5EH         PUBLIC        uart0_rxbuffer_get_byte
  X:6000H         PUBLIC        uart0_rx_buffer
  C:1E9FH         SYMBOL        _uart0_rxbuffer_put_byte
  C:207AH         PUBLIC        UART0_IRQHandler
  C:251AH         SYMBOL        Com0047
  C:251AH         SYMBOL        L?0072
  C:251AH         SYMBOL        L?0073
  -------         PROC          COM0047
  -------         ENDPROC       COM0047
  -------         PROC          UART0_INIT
  C:1F9AH         LINE#         17
  C:1F9AH         LINE#         18
  C:1F9AH         LINE#         19
  C:1FA0H         LINE#         20
  C:1FA4H         LINE#         21
  C:1FABH         LINE#         23
  C:1FB1H         LINE#         24
  C:1FB7H         LINE#         25
  C:1FBDH         LINE#         27
  C:1FC0H         LINE#         28
  C:1FC3H         LINE#         29
  C:1FC6H         LINE#         33
  C:1FCEH         LINE#         34
  C:1FD1H         LINE#         35
  C:1FD3H         LINE#         36
  -------         ENDPROC       UART0_INIT
  -------         PROC          _UART0_SENDBYTE
  D:0007H         SYMBOL        byte
  C:24EAH         LINE#         39
BL51 BANKED LINKER/LOCATER V6.22.4.0                                                  06/12/2026  16:55:44  PAGE 20


  C:24EAH         LINE#         40
  C:24EAH         LINE#         41
  C:24EFH         LINE#         44
  C:24F1H         LINE#         48
  -------         ENDPROC       _UART0_SENDBYTE
  -------         PROC          _UART0_SENDBUF
  X:62A4H         SYMBOL        buf
  D:0005H         SYMBOL        len
  -------         DO            
  D:0006H         SYMBOL        i
  -------         ENDDO         
  C:222BH         LINE#         50
  C:2231H         LINE#         51
  C:2231H         LINE#         52
  C:2233H         LINE#         53
  C:2238H         LINE#         54
  C:2238H         LINE#         55
  C:224AH         LINE#         56
  C:224DH         LINE#         57
  -------         ENDPROC       _UART0_SENDBUF
  -------         PROC          UART0_RXBUFFER_GET_COUNT
  C:24E1H         LINE#         60
  C:24E1H         LINE#         61
  C:24E1H         LINE#         62
  C:24E9H         LINE#         63
  -------         ENDPROC       UART0_RXBUFFER_GET_COUNT
  -------         PROC          UART0_RXBUFFER_GET_BYTE
  -------         DO            
  D:0007H         SYMBOL        rxbyte
  -------         ENDDO         
  C:1F5EH         LINE#         66
  C:1F5EH         LINE#         67
  C:1F5EH         LINE#         70
  C:1F68H         LINE#         71
  C:1F68H         LINE#         73
  C:1F6AH         LINE#         74
  C:1F6AH         LINE#         80
  C:1F70H         LINE#         81
  C:1F79H         LINE#         82
  C:1F79H         LINE#         83
  C:1F7DH         LINE#         84
  C:1F7DH         LINE#         85
  C:1F8FH         LINE#         87
  C:1F99H         LINE#         89
  C:1F99H         LINE#         90
  -------         ENDPROC       UART0_RXBUFFER_GET_BYTE
  -------         PROC          _UART0_RXBUFFER_PUT_BYTE
  D:0007H         SYMBOL        byte
  C:1E9FH         LINE#         92
  C:1E9FH         LINE#         93
  C:1E9FH         LINE#         100
  C:1EA5H         LINE#         101
  C:1EAEH         LINE#         102
  C:1EAEH         LINE#         103
  C:1EB2H         LINE#         104
  C:1EB2H         LINE#         105
  C:1EC4H         LINE#         107
BL51 BANKED LINKER/LOCATER V6.22.4.0                                                  06/12/2026  16:55:44  PAGE 21


  C:1ECAH         LINE#         108
  C:1ED9H         LINE#         109
  C:1ED9H         LINE#         110
  C:1EDFH         LINE#         111
  C:1EDFH         LINE#         112
  -------         ENDPROC       _UART0_RXBUFFER_PUT_BYTE
  -------         PROC          UART0_IRQHANDLER
  -------         DO            
  X:62B4H         SYMBOL        recv_byte
  -------         ENDDO         
  C:207AH         LINE#         115
  C:208DH         LINE#         118
  C:208DH         LINE#         121
  C:2092H         LINE#         122
  C:2092H         LINE#         123
  C:2098H         LINE#         124
  C:209DH         LINE#         127
  C:209DH         LINE#         129
  C:209DH         LINE#         130
  -------         ENDPROC       UART0_IRQHANDLER
  -------         ENDMOD        UART0

  -------         MODULE        MAIN
  C:0000H         SYMBOL        _ICE_DUMMY_
  D:00D9H         PUBLIC        WDT_KEY
  C:22B4H         PUBLIC        user_init
  C:1B77H         PUBLIC        main
  -------         PROC          USER_INIT
  C:22B4H         LINE#         103
  C:22B4H         LINE#         104
  C:22B4H         LINE#         105
  C:22B7H         LINE#         106
  C:22BAH         LINE#         107
  C:22BDH         LINE#         108
  C:22C0H         LINE#         109
  C:22C3H         LINE#         110
  C:22C6H         LINE#         112
  C:22C9H         LINE#         113
  C:22CCH         LINE#         114
  C:22CFH         LINE#         117
  C:22D2H         LINE#         118
  -------         ENDPROC       USER_INIT
  -------         PROC          MAIN
  C:1B77H         LINE#         126
  C:1B77H         LINE#         127
  C:1B77H         LINE#         129
  C:1B7AH         LINE#         130
  C:1B7DH         LINE#         133
  C:1B80H         LINE#         134
  C:1B87H         LINE#         135
  C:1B8AH         LINE#         138
  C:1B8FH         LINE#         139
  C:1B91H         LINE#         140
  C:1B94H         LINE#         141
  C:1B96H         LINE#         142
  C:1B99H         LINE#         143
  C:1B9BH         LINE#         144
BL51 BANKED LINKER/LOCATER V6.22.4.0                                                  06/12/2026  16:55:44  PAGE 22


  C:1B9EH         LINE#         145
  C:1BA0H         LINE#         147
  C:1BA3H         LINE#         148
  C:1BAAH         LINE#         150
  C:1BAAH         LINE#         151
  C:1BAAH         LINE#         152
  C:1BB3H         LINE#         153
  C:1BB6H         LINE#         155
  C:1BB9H         LINE#         157
  C:1BBCH         LINE#         159
  C:1BBFH         LINE#         166
  C:1BC2H         LINE#         171
  -------         ENDPROC       MAIN
  -------         ENDMOD        MAIN

  -------         MODULE        UART_DATA_HANDLE
  C:0000H         SYMBOL        _ICE_DUMMY_
  C:244FH         PUBLIC        uart_receiver_reset
  C:000FH         PUBLIC        uart_receiver_timeout_add
  C:2270H         PUBLIC        uart_receiver_process_checksum
  C:1600H         PUBLIC        _uart_receiver_process_byte
  C:242AH         PUBLIC        uart_receiver_timeout_handler
  C:1972H         PUBLIC        uart_data_handle
  C:1E5AH         PUBLIC        _uart_data_send_cmd
  X:62B6H         SYMBOL        uart_receiver
  C:24F2H         SYMBOL        _?ix1000
  C:23A6H         SYMBOL        Com0038
  C:23A6H         SYMBOL        L?0057
  C:23A6H         SYMBOL        L?0058
  -------         PROC          COM0038
  -------         ENDPROC       COM0038
  -------         PROC          UART_RECEIVER_RESET
  C:244FH         LINE#         13
  C:244FH         LINE#         14
  C:244FH         LINE#         16
  C:2454H         LINE#         17
  C:2458H         LINE#         18
  C:245CH         LINE#         19
  C:2460H         LINE#         20
  -------         ENDPROC       UART_RECEIVER_RESET
  -------         PROC          UART_RECEIVER_TIMEOUT_ADD
  C:000FH         LINE#         26
  C:000FH         LINE#         27
  C:000FH         LINE#         28
  C:0015H         LINE#         29
  C:0015H         LINE#         30
  C:001DH         LINE#         31
  C:001DH         LINE#         32
  -------         ENDPROC       UART_RECEIVER_TIMEOUT_ADD
  -------         PROC          UART_RECEIVER_PROCESS_CHECKSUM
  -------         DO            
  D:0006H         SYMBOL        i
  D:0007H         SYMBOL        check_sum
  -------         ENDDO         
  C:2270H         LINE#         39
  C:2270H         LINE#         40
  C:2270H         LINE#         42
BL51 BANKED LINKER/LOCATER V6.22.4.0                                                  06/12/2026  16:55:44  PAGE 23


  C:2272H         LINE#         43
  C:2273H         LINE#         44
  C:2273H         LINE#         45
  C:2280H         LINE#         46
  C:2285H         LINE#         48
  C:228CH         LINE#         49
  C:228CH         LINE#         50
  C:228FH         LINE#         51
  C:228FH         LINE#         53
  C:228FH         LINE#         60
  C:2291H         LINE#         61
  C:2291H         LINE#         62
  -------         ENDPROC       UART_RECEIVER_PROCESS_CHECKSUM
  -------         PROC          _UART_RECEIVER_PROCESS_BYTE
  D:0005H         SYMBOL        byte
  C:1600H         LINE#         71
  C:1602H         LINE#         72
  C:1602H         LINE#         74
  C:1625H         LINE#         75
  C:1625H         LINE#         76
  C:1625H         LINE#         77
  C:1629H         LINE#         78
  C:1629H         LINE#         79
  C:1629H         LINE#         80
  C:162EH         LINE#         81
  C:1631H         LINE#         82
  C:1631H         LINE#         84
  C:1631H         LINE#         85
  C:1634H         LINE#         86
  C:1634H         LINE#         87
  C:1634H         LINE#         89
  C:1634H         LINE#         90
  C:1638H         LINE#         91
  C:1638H         LINE#         92
  C:1638H         LINE#         93
  C:163DH         LINE#         94
  C:1640H         LINE#         95
  C:1640H         LINE#         97
  C:1640H         LINE#         99
  C:1643H         LINE#         100
  C:1643H         LINE#         101
  C:1643H         LINE#         103
  C:1643H         LINE#         104
  C:1646H         LINE#         105
  C:1646H         LINE#         106
  C:1646H         LINE#         107
  C:164BH         LINE#         108
  C:164EH         LINE#         109
  C:164EH         LINE#         111
  C:164EH         LINE#         112
  C:1651H         LINE#         113
  C:1651H         LINE#         114
  C:1651H         LINE#         116
  C:1651H         LINE#         118
  C:1651H         LINE#         119
  C:1656H         LINE#         120
  C:1658H         LINE#         121
BL51 BANKED LINKER/LOCATER V6.22.4.0                                                  06/12/2026  16:55:44  PAGE 24


  C:1658H         LINE#         123
  C:1658H         LINE#         125
  C:1658H         LINE#         126
  C:165DH         LINE#         127
  C:165FH         LINE#         128
  C:165FH         LINE#         130
  C:165FH         LINE#         131
  C:1662H         LINE#         132
  C:1662H         LINE#         133
  C:1662H         LINE#         134
  C:1667H         LINE#         135
  C:1669H         LINE#         136
  C:1669H         LINE#         138
  C:1669H         LINE#         139
  C:166CH         LINE#         140
  C:166CH         LINE#         141
  C:166CH         LINE#         143
  C:166CH         LINE#         145
  C:166CH         LINE#         146
  C:1672H         LINE#         147
  C:1678H         LINE#         148
  C:1678H         LINE#         150
  C:167BH         LINE#         151
  C:167BH         LINE#         153
  C:167BH         LINE#         154
  C:167EH         LINE#         155
  C:167EH         LINE#         156
  C:167EH         LINE#         158
  C:167EH         LINE#         159
  C:1682H         LINE#         160
  C:1682H         LINE#         161
  C:1696H         LINE#         162
  C:169CH         LINE#         163
  C:169FH         LINE#         164
  C:169FH         LINE#         166
  C:169FH         LINE#         167
  C:16A2H         LINE#         168
  C:16A2H         LINE#         169
  C:16A2H         LINE#         171
  C:16A2H         LINE#         172
  C:16A2H         LINE#         173
  C:16A2H         LINE#         175
  C:16A4H         LINE#         176
  -------         ENDPROC       _UART_RECEIVER_PROCESS_BYTE
  -------         PROC          UART_RECEIVER_TIMEOUT_HANDLER
  C:242AH         LINE#         179
  C:242AH         LINE#         180
  C:242AH         LINE#         185
  C:2439H         LINE#         186
  C:2439H         LINE#         200
  C:243CH         LINE#         201
  C:243CH         LINE#         202
  -------         ENDPROC       UART_RECEIVER_TIMEOUT_HANDLER
  -------         PROC          UART_DATA_HANDLE
  -------         DO            
  D:0004H         SYMBOL        recv_byte
  X:62B5H         SYMBOL        initialized
BL51 BANKED LINKER/LOCATER V6.22.4.0                                                  06/12/2026  16:55:44  PAGE 25


  -------         ENDDO         
  C:1972H         LINE#         203
  C:1972H         LINE#         204
  C:1972H         LINE#         212
  C:1978H         LINE#         213
  C:1978H         LINE#         214
  C:197BH         LINE#         215
  C:1981H         LINE#         216
  C:1981H         LINE#         221
  C:1987H         LINE#         222
  C:1987H         LINE#         223
  C:198AH         LINE#         224
  C:198AH         LINE#         233
  C:198AH         LINE#         234
  C:198AH         LINE#         235
  C:199EH         LINE#         238
  C:199EH         LINE#         252
  C:199EH         LINE#         253
  C:199EH         LINE#         255
  C:19A3H         LINE#         258
  C:19A9H         LINE#         259
  C:19AEH         LINE#         262
  C:19B4H         LINE#         263
  C:19B4H         LINE#         276
  C:19B7H         LINE#         277
  C:19B7H         LINE#         278
  C:19B9H         LINE#         308
  C:19C5H         LINE#         310
  C:19C5H         LINE#         312
  C:19C5H         LINE#         332
  C:19D5H         LINE#         333
  C:19D5H         LINE#         334
  C:19D5H         LINE#         336
  C:19DAH         LINE#         337
  C:19DCH         LINE#         338
  C:19DCH         LINE#         340
  C:19E2H         LINE#         341
  C:19E4H         LINE#         342
  C:19E4H         LINE#         350
  C:19E7H         LINE#         351
  C:19E7H         LINE#         353
  C:19E7H         LINE#         357
  C:19E7H         LINE#         358
  C:19E7H         LINE#         361
  C:19EAH         LINE#         362
  -------         ENDPROC       UART_DATA_HANDLE
  -------         PROC          _UART_DATA_SEND_CMD
  X:629BH         SYMBOL        cmd
  -------         DO            
  X:629CH         SYMBOL        buf
  -------         ENDDO         
  C:1E5AH         LINE#         366
  C:1E5FH         LINE#         367
  C:1E5FH         LINE#         368
  C:1E72H         LINE#         379
  C:1E7BH         LINE#         380
  C:1E94H         LINE#         382
BL51 BANKED LINKER/LOCATER V6.22.4.0                                                  06/12/2026  16:55:44  PAGE 26


  -------         ENDPROC       _UART_DATA_SEND_CMD
  -------         ENDMOD        UART_DATA_HANDLE

  -------         MODULE        KEY_DRIVER
  C:0000H         SYMBOL        _ICE_DUMMY_
  C:0B5FH         PUBLIC        _key_driver_scan
  X:62EAH         SYMBOL        is_key_active
  X:62EBH         PUBLIC        scan_para
  C:22D5H         SYMBOL        Com0021
  C:22D5H         SYMBOL        L?0034
  C:22D8H         SYMBOL        L?0035
  C:22D9H         SYMBOL        L?0036
  C:22DFH         SYMBOL        L?0037
  C:22E2H         SYMBOL        L?0038
  C:22E6H         SYMBOL        L?0039
  C:22ECH         SYMBOL        L?0040
  C:22EFH         SYMBOL        L?0041
  -------         PROC          COM0021
  -------         ENDPROC       COM0021
  -------         PROC          _KEY_DRIVER_SCAN
  D:0001H         SYMBOL        _scan_para
  -------         DO            
  X:629AH         SYMBOL        key_event
  D:0007H         SYMBOL        cur_key_value
  X:629BH         SYMBOL        key_value
  C:0CC7H         SYMBOL        _notify
  C:0CE7H         SYMBOL        _scan_end
  -------         ENDDO         
  C:0B5FH         LINE#         17
  C:0B5FH         LINE#         19
  C:0B5FH         LINE#         24
  C:0B64H         LINE#         25
  C:0B66H         LINE#         26
  C:0B6AH         LINE#         30
  C:0B70H         LINE#         33
  C:0B83H         LINE#         34
  C:0B83H         LINE#         36
  C:0B83H         LINE#         38
  C:0B8DH         LINE#         40
  C:0B96H         LINE#         46
  C:0B9AH         LINE#         47
  C:0B9AH         LINE#         48
  C:0BA0H         LINE#         49
  C:0BA2H         LINE#         50
  C:0BA8H         LINE#         51
  C:0BA8H         LINE#         52
  C:0BABH         LINE#         53
  C:0BABH         LINE#         56
  C:0BBFH         LINE#         57
  C:0BBFH         LINE#         59
  C:0BC6H         LINE#         60
  C:0BCCH         LINE#         62
  C:0BCCH         LINE#         65
  C:0BDDH         LINE#         66
  C:0BDDH         LINE#         67
  C:0BE8H         LINE#         69
  C:0BE8H         LINE#         72
BL51 BANKED LINKER/LOCATER V6.22.4.0                                                  06/12/2026  16:55:44  PAGE 27


  C:0BF4H         LINE#         73
  C:0BF4H         LINE#         80
  C:0BF8H         LINE#         81
  C:0BF8H         LINE#         82
  C:0BFFH         LINE#         83
  C:0BFFH         LINE#         84
  C:0C01H         LINE#         85
  C:0C07H         LINE#         86
  C:0C09H         LINE#         88
  C:0C09H         LINE#         91
  C:0C09H         LINE#         92
  C:0C11H         LINE#         93
  C:0C11H         LINE#         94
  C:0C14H         LINE#         96
  C:0C14H         LINE#         101
  C:0C1CH         LINE#         102
  C:0C28H         LINE#         103
  C:0C28H         LINE#         104
  C:0C2DH         LINE#         105
  C:0C31H         LINE#         106
  C:0C34H         LINE#         108
  C:0C34H         LINE#         109
  C:0C3AH         LINE#         110
  C:0C3AH         LINE#         111
  C:0C3AH         LINE#         113
  C:0C3CH         LINE#         118
  C:0C3CH         LINE#         120
  C:0C3CH         LINE#         125
  C:0C40H         LINE#         126
  C:0C40H         LINE#         128
  C:0C51H         LINE#         129
  C:0C51H         LINE#         133
  C:0C62H         LINE#         134
  C:0C62H         LINE#         154
  C:0C62H         LINE#         155
  C:0C64H         LINE#         157
  C:0C64H         LINE#         158
  C:0C71H         LINE#         160
  C:0C73H         LINE#         162
  C:0C73H         LINE#         164
  C:0C73H         LINE#         165
  C:0C7EH         LINE#         166
  C:0C81H         LINE#         168
  C:0C81H         LINE#         169
  C:0C81H         LINE#         171
  C:0C81H         LINE#         172
  C:0C81H         LINE#         174
  C:0C81H         LINE#         175
  C:0C81H         LINE#         177
  C:0C81H         LINE#         179
  C:0C8CH         LINE#         180
  C:0C8CH         LINE#         181
  C:0C94H         LINE#         182
  C:0C94H         LINE#         186
  C:0C9AH         LINE#         187
  C:0C9AH         LINE#         188
  C:0CA0H         LINE#         193
BL51 BANKED LINKER/LOCATER V6.22.4.0                                                  06/12/2026  16:55:44  PAGE 28


  C:0CA2H         LINE#         194
  C:0CAEH         LINE#         195
  C:0CAEH         LINE#         196
  C:0CB3H         LINE#         197
  C:0CC2H         LINE#         199
  C:0CC2H         LINE#         201
  C:0CC2H         LINE#         202
  C:0CC2H         LINE#         204
  C:0CC2H         LINE#         207
  C:0CC7H         LINE#         208
  C:0CC7H         LINE#         210
  C:0CC7H         LINE#         211
  C:0CC7H         LINE#         213
  C:0CC7H         LINE#         216
  C:0CC7H         LINE#         218
  C:0CC7H         LINE#         219
  C:0CCBH         LINE#         220
  C:0CD3H         LINE#         222
  C:0CDDH         LINE#         223
  C:0CE7H         LINE#         226
  C:0CE7H         LINE#         235
  C:0CE7H         LINE#         237
  C:0CE7H         LINE#         238
  C:0CF1H         LINE#         241
  -------         ENDPROC       _KEY_DRIVER_SCAN
  -------         ENDMOD        KEY_DRIVER

  -------         MODULE        AD_KEY
  C:0000H         SYMBOL        _ICE_DUMMY_
  X:6208H         PUBLIC        ad_key_para
  C:173CH         PUBLIC        ad_key_handle
  X:621BH         SYMBOL        ad_key_scan_table
  X:622BH         SYMBOL        ad_key_event_table
  C:20AEH         PUBLIC        ad_key_get_key_val
  C:1BC4H         SYMBOL        _ad_key_val_to_ad_key_index
  C:1CA6H         SYMBOL        _ad_key_get_event
  C:2472H         SYMBOL        Com0036
  C:2472H         SYMBOL        L?0055
  -------         PROC          COM0036
  -------         ENDPROC       COM0036
  -------         PROC          _AD_KEY_VAL_TO_AD_KEY_INDEX
  D:0006H         SYMBOL        ad_key_val
  -------         DO            
  D:0005H         SYMBOL        i
  X:629BH         SYMBOL        ad_key_index
  -------         ENDDO         
  C:1BC4H         LINE#         53
  C:1BC4H         LINE#         54
  C:1BC4H         LINE#         55
  C:1BC6H         LINE#         56
  C:1BCEH         LINE#         59
  C:1BCEH         LINE#         60
  C:1BCEH         LINE#         61
  C:1BE6H         LINE#         62
  C:1BE6H         LINE#         63
  C:1C00H         LINE#         64
  C:1C02H         LINE#         65
BL51 BANKED LINKER/LOCATER V6.22.4.0                                                  06/12/2026  16:55:44  PAGE 29


  C:1C02H         LINE#         66
  C:1C07H         LINE#         68
  C:1C0FH         LINE#         69
  -------         ENDPROC       _AD_KEY_VAL_TO_AD_KEY_INDEX
  -------         PROC          _AD_KEY_GET_EVENT
  D:0007H         SYMBOL        key_val
  D:0005H         SYMBOL        key_event
  -------         DO            
  D:0006H         SYMBOL        ret_key_event
  D:0004H         SYMBOL        key_event_index
  D:0003H         SYMBOL        i
  -------         ENDDO         
  C:1CA6H         LINE#         79
  C:1CA6H         LINE#         80
  C:1CA6H         LINE#         81
  C:1CA8H         LINE#         82
  C:1CA9H         LINE#         83
  C:1CAAH         LINE#         86
  C:1CAEH         LINE#         87
  C:1CAEH         LINE#         88
  C:1CAFH         LINE#         89
  C:1CB1H         LINE#         90
  C:1CB5H         LINE#         91
  C:1CB5H         LINE#         92
  C:1CB7H         LINE#         93
  C:1CB9H         LINE#         94
  C:1CBDH         LINE#         95
  C:1CBDH         LINE#         96
  C:1CBFH         LINE#         97
  C:1CC1H         LINE#         98
  C:1CC5H         LINE#         99
  C:1CC5H         LINE#         100
  C:1CC7H         LINE#         101
  C:1CC9H         LINE#         103
  C:1CC9H         LINE#         104
  C:1CCCH         LINE#         105
  C:1CCCH         LINE#         107
  C:1CD2H         LINE#         108
  C:1CD2H         LINE#         109
  C:1CD9H         LINE#         110
  C:1CD9H         LINE#         111
  C:1CE8H         LINE#         112
  C:1CEAH         LINE#         113
  C:1CEAH         LINE#         114
  C:1CEDH         LINE#         116
  C:1CEFH         LINE#         117
  -------         ENDPROC       _AD_KEY_GET_EVENT
  -------         PROC          AD_KEY_GET_KEY_VAL
  -------         DO            
  X:6206H         SYMBOL        val
  X:629AH         SYMBOL        ret
  -------         ENDDO         
  C:20AEH         LINE#         130
  C:20AEH         LINE#         131
  C:20AEH         LINE#         133
  C:20B4H         LINE#         136
  C:20BCH         LINE#         137
BL51 BANKED LINKER/LOCATER V6.22.4.0                                                  06/12/2026  16:55:44  PAGE 30


  C:20BCH         LINE#         138
  C:20C1H         LINE#         139
  C:20CEH         LINE#         142
  C:20CEH         LINE#         144
  C:20DEH         LINE#         145
  C:20E0H         LINE#         146
  -------         ENDPROC       AD_KEY_GET_KEY_VAL
  -------         PROC          AD_KEY_HANDLE
  -------         DO            
  X:629AH         SYMBOL        ad_key_event
  -------         ENDDO         
  C:173CH         LINE#         148
  C:173CH         LINE#         149
  C:173CH         LINE#         150
  C:1741H         LINE#         152
  C:174AH         LINE#         153
  C:174AH         LINE#         155
  C:174AH         LINE#         157
  C:1757H         LINE#         158
  C:175CH         LINE#         159
  C:175EH         LINE#         164
  C:1767H         LINE#         165
  C:1767H         LINE#         170
  C:176DH         LINE#         172
  C:176DH         LINE#         174
  C:1793H         LINE#         175
  C:1793H         LINE#         178
  C:1793H         LINE#         182
  C:1796H         LINE#         183
  C:1796H         LINE#         185
  C:1796H         LINE#         189
  C:1796H         LINE#         191
  C:1796H         LINE#         196
  C:1796H         LINE#         198
  C:1796H         LINE#         202
  C:1796H         LINE#         206
  C:1796H         LINE#         210
  C:1798H         LINE#         211
  C:179AH         LINE#         213
  C:179AH         LINE#         218
  C:179CH         LINE#         219
  C:179EH         LINE#         221
  C:179EH         LINE#         226
  C:17A0H         LINE#         227
  C:17A2H         LINE#         229
  C:17A2H         LINE#         233
  C:17A2H         LINE#         238
  C:17A2H         LINE#         243
  C:17A4H         LINE#         244
  C:17A6H         LINE#         246
  C:17A6H         LINE#         252
  C:17A8H         LINE#         253
  C:17AAH         LINE#         255
  C:17AAH         LINE#         261
  C:17ACH         LINE#         262
  C:17AEH         LINE#         264
  C:17AEH         LINE#         268
BL51 BANKED LINKER/LOCATER V6.22.4.0                                                  06/12/2026  16:55:44  PAGE 31


  C:17AEH         LINE#         272
  C:17AEH         LINE#         278
  C:17B4H         LINE#         279
  C:17B4H         LINE#         280
  C:17B6H         LINE#         281
  C:17B8H         LINE#         282
  C:17BFH         LINE#         283
  C:17BFH         LINE#         284
  C:17C4H         LINE#         285
  C:17C4H         LINE#         286
  C:17C4H         LINE#         288
  C:17C4H         LINE#         294
  C:17CAH         LINE#         295
  C:17CAH         LINE#         298
  C:17CDH         LINE#         299
  C:17CDH         LINE#         301
  C:17CDH         LINE#         306
  C:17D0H         LINE#         307
  C:17D0H         LINE#         308
  C:17D0H         LINE#         310
  C:17D0H         LINE#         314
  C:17D0H         LINE#         316
  C:17D0H         LINE#         320
  C:17D0H         LINE#         322
  C:17D0H         LINE#         323
  C:17D0H         LINE#         324
  C:17D0H         LINE#         325
  -------         ENDPROC       AD_KEY_HANDLE
  -------         ENDMOD        AD_KEY

  -------         MODULE        USER_TEST
  C:0000H         SYMBOL        _ICE_DUMMY_
  -------         ENDMOD        USER_TEST

  -------         MODULE        LED
  C:0000H         SYMBOL        _ICE_DUMMY_
  B:0080H.0       PUBLIC        P00
  B:0080H.1       PUBLIC        P01
  B:0080H.2       PUBLIC        P02
  B:0080H.5       PUBLIC        P05
  B:0080H.6       PUBLIC        P06
  B:0090H.3       PUBLIC        P13
  B:00A0H.7       PUBLIC        P27
  B:00B0H.0       PUBLIC        P30
  X:62CFH         PUBLIC        led_ctl
  X:62DDH         PUBLIC        led_bat_level_sta
  C:1B29H         PUBLIC        led_init
  C:2490H         PUBLIC        led_yellow_on
  C:24FAH         PUBLIC        led_yellow_off
  C:24AAH         PUBLIC        led_white_on
  C:2502H         PUBLIC        led_white_off
  C:2521H         PUBLIC        led_suspend
  C:200DH         PUBLIC        led_resume
  C:2481H         PUBLIC        led_ctl_init
  C:213DH         PUBLIC        led_status_switch
  C:1AC0H         PUBLIC        _led_status_set
  C:12C8H         PUBLIC        led_red_blue_flash_1ms_isr
BL51 BANKED LINKER/LOCATER V6.22.4.0                                                  06/12/2026  16:55:44  PAGE 32


  C:11C7H         PUBLIC        led_slow_adjust_isr
  C:07F8H         PUBLIC        led_bat_instruction_timer_callback
  X:62DEH         PUBLIC        led_charge_anim_phase
  X:62DFH         PUBLIC        led_charge_anim_cnt
  C:249DH         PUBLIC        __led_yellow_resume__
  C:24B7H         PUBLIC        __led_white_resume__
  C:1481H         SYMBOL        Com008B
  C:1481H         SYMBOL        L?0140
  C:148DH         SYMBOL        L?0141
  C:149BH         SYMBOL        L?0142
  C:149BH         SYMBOL        L?0143
  C:14A4H         SYMBOL        L?0144
  C:14A5H         SYMBOL        L?0145
  C:14AAH         SYMBOL        L?0146
  C:14B1H         SYMBOL        L?0147
  C:14B1H         SYMBOL        L?0148
  C:14B4H         SYMBOL        L?0149
  C:14BCH         SYMBOL        L?0150
  C:14BFH         SYMBOL        L?0151
  C:14C2H         SYMBOL        L?0152
  C:14C9H         SYMBOL        L?0153
  C:14C9H         SYMBOL        L?0154
  C:14D6H         SYMBOL        L?0155
  C:14E7H         SYMBOL        L?0156
  C:14F6H         SYMBOL        L?0157
  C:14F6H         SYMBOL        L?0158
  C:14FFH         SYMBOL        L?0159
  C:150DH         SYMBOL        L?0160
  C:150DH         SYMBOL        L?0161
  C:1515H         SYMBOL        L?0162
  C:1515H         SYMBOL        L?0163
  C:151DH         SYMBOL        L?0164
  C:1528H         SYMBOL        L?0165
  C:1529H         SYMBOL        L?0166
  C:1530H         SYMBOL        L?0167
  C:1530H         SYMBOL        L?0168
  C:1536H         SYMBOL        L?0169
  C:153FH         SYMBOL        L?0170
  C:153FH         SYMBOL        L?0171
  -------         PROC          COM008B
  -------         ENDPROC       COM008B
  -------         PROC          LED_INIT
  C:1B29H         LINE#         14
  C:1B29H         LINE#         15
  C:1B29H         LINE#         17
  C:1B2FH         LINE#         18
  C:1B33H         LINE#         19
  C:1B35H         LINE#         20
  C:1B3AH         LINE#         23
  C:1B40H         LINE#         24
  C:1B44H         LINE#         25
  C:1B46H         LINE#         26
  C:1B49H         LINE#         29
  C:1B49H         LINE#         30
  C:1B4CH         LINE#         31
  C:1B4EH         LINE#         32
  C:1B53H         LINE#         35
BL51 BANKED LINKER/LOCATER V6.22.4.0                                                  06/12/2026  16:55:44  PAGE 33


  C:1B58H         LINE#         36
  C:1B5CH         LINE#         37
  C:1B5EH         LINE#         38
  C:1B61H         LINE#         41
  C:1B61H         LINE#         42
  C:1B64H         LINE#         43
  C:1B66H         LINE#         44
  C:1B69H         LINE#         47
  C:1B6DH         LINE#         48
  C:1B71H         LINE#         49
  C:1B73H         LINE#         50
  C:1B76H         LINE#         51
  -------         ENDPROC       LED_INIT
  -------         PROC          LED_CTL_INIT
  C:2481H         LINE#         53
  C:2481H         LINE#         54
  C:2481H         LINE#         63
  -------         ENDPROC       LED_CTL_INIT
  -------         PROC          LED_YELLOW_ON
  C:2490H         LINE#         66
  C:2490H         LINE#         67
  C:2490H         LINE#         69
  C:2496H         LINE#         71
  C:249CH         LINE#         72
  -------         ENDPROC       LED_YELLOW_ON
  -------         PROC          __LED_YELLOW_RESUME__
  C:249DH         LINE#         75
  C:249DH         LINE#         76
  C:249DH         LINE#         77
  C:24A3H         LINE#         78
  C:24A9H         LINE#         79
  -------         ENDPROC       __LED_YELLOW_RESUME__
  -------         PROC          LED_YELLOW_OFF
  C:24FAH         LINE#         81
  C:24FAH         LINE#         82
  C:24FAH         LINE#         83
  C:24FCH         LINE#         84
  C:2501H         LINE#         85
  -------         ENDPROC       LED_YELLOW_OFF
  -------         PROC          LED_WHITE_ON
  C:24AAH         LINE#         87
  C:24AAH         LINE#         88
  C:24AAH         LINE#         90
  C:24B0H         LINE#         92
  C:24B6H         LINE#         93
  -------         ENDPROC       LED_WHITE_ON
  -------         PROC          __LED_WHITE_RESUME__
  C:24B7H         LINE#         96
  C:24B7H         LINE#         97
  C:24B7H         LINE#         98
  C:24BDH         LINE#         99
  C:24C3H         LINE#         100
  -------         ENDPROC       __LED_WHITE_RESUME__
  -------         PROC          LED_WHITE_OFF
  C:2502H         LINE#         102
  C:2502H         LINE#         103
  C:2502H         LINE#         104
BL51 BANKED LINKER/LOCATER V6.22.4.0                                                  06/12/2026  16:55:44  PAGE 34


  C:2504H         LINE#         105
  C:2509H         LINE#         106
  -------         ENDPROC       LED_WHITE_OFF
  -------         PROC          LED_STATUS_SWITCH
  C:213DH         LINE#         108
  C:213DH         LINE#         109
  C:213DH         LINE#         111
  C:2151H         LINE#         112
  C:2151H         LINE#         113
  C:2151H         LINE#         117
  C:2153H         LINE#         118
  C:2155H         LINE#         119
  C:2155H         LINE#         124
  C:2157H         LINE#         125
  C:2159H         LINE#         126
  C:2159H         LINE#         130
  C:215BH         LINE#         131
  C:215DH         LINE#         132
  C:215DH         LINE#         138
  C:215FH         LINE#         139
  C:2161H         LINE#         140
  C:2161H         LINE#         151
  C:2166H         LINE#         152
  C:2166H         LINE#         153
[...]


  C:0B37H         LINE#         174
  C:0B37H         LINE#         175
  C:0B3DH         LINE#         177
  C:0B47H         LINE#         178
  C:0B47H         LINE#         179
  C:0B48H         LINE#         181
  C:0B48H         LINE#         182
  C:0B57H         LINE#         183
  C:0B57H         LINE#         184
  C:0B5EH         LINE#         185
  C:0B5EH         LINE#         186
  C:0B5EH         LINE#         189
  -------         ENDPROC       DETECT_1KHZ_SIGNAL_100US
  -------         PROC          DETECT_DISCHARGE_1KHZ_SIGNAL_100US
  -------         DO            
  X:6280H         SYMBOL        signal_high_duration
  X:6282H         SYMBOL        signal_low_duration
  X:6284H         SYMBOL        detection_state
  X:6285H         SYMBOL        toggle_count_in_period
  X:6287H         SYMBOL        measurement_period_counter
  X:62B3H         SYMBOL        current_pin_state
  X:6289H         SYMBOL        is_detected_signal
  X:628AH         SYMBOL        detect_discharge_signal_cnt
  X:628BH         SYMBOL        undetect_discharge_signal_cnt
  -------         ENDDO         
  C:0E4DH         LINE#         192
  C:0E4DH         LINE#         193
  C:0E4DH         LINE#         209
  C:0E55H         LINE#         221
  C:0E5BH         LINE#         226
  C:0E6FH         LINE#         227
  C:0E6FH         LINE#         228
  C:0E6FH         LINE#         229
  C:0E79H         LINE#         230
  C:0E79H         LINE#         235
  C:0E7CH         LINE#         236
  C:0E84H         LINE#         237
  C:0E84H         LINE#         238
  C:0E87H         LINE#         240
  C:0E87H         LINE#         241
  C:0E8AH         LINE#         242
  C:0E91H         LINE#         243
  C:0E98H         LINE#         244
  C:0E98H         LINE#         245
  C:0E9BH         LINE#         247
  C:0E9BH         LINE#         248
  C:0EA2H         LINE#         249
  C:0EA2H         LINE#         250
  C:0EADH         LINE#         251
  C:0EADH         LINE#         252
  C:0EB3H         LINE#         253
  C:0EB3H         LINE#         255
  C:0EB3H         LINE#         256
  C:0EB6H         LINE#         258
  C:0EB6H         LINE#         259
  C:0EBCH         LINE#         260
  C:0EBFH         LINE#         265
BL51 BANKED LINKER/LOCATER V6.22.4.0                                                  06/12/2026  16:55:44  PAGE 51


  C:0EDDH         LINE#         266
  C:0EDDH         LINE#         267
  C:0EE3H         LINE#         268
  C:0EE3H         LINE#         269
  C:0EE3H         LINE#         270
  C:0EE3H         LINE#         271
  C:0EE5H         LINE#         273
  C:0EE5H         LINE#         274
  C:0EEBH         LINE#         275
  C:0EEBH         LINE#         276
  C:0EF1H         LINE#         277
  C:0EF5H         LINE#         278
  C:0EF7H         LINE#         280
  C:0EF7H         LINE#         281
  C:0EFDH         LINE#         282
  C:0F00H         LINE#         287
  C:0F1EH         LINE#         288
  C:0F1EH         LINE#         289
  C:0F24H         LINE#         290
  C:0F24H         LINE#         292
  C:0F2BH         LINE#         293
  C:0F2BH         LINE#         294
  C:0F2BH         LINE#         295
  C:0F2BH         LINE#         297
  C:0F3AH         LINE#         298
  C:0F3AH         LINE#         299
  C:0F3EH         LINE#         305
  C:0F4CH         LINE#         306
  C:0F4CH         LINE#         307
  C:0F52H         LINE#         308
  C:0F54H         LINE#         309
  C:0F63H         LINE#         310
  C:0F63H         LINE#         311
  C:0F68H         LINE#         312
  C:0F68H         LINE#         315
  C:0F6FH         LINE#         317
  C:0F75H         LINE#         318
  C:0F75H         LINE#         319
  C:0F7AH         LINE#         320
  C:0F80H         LINE#         321
  C:0F86H         LINE#         322
  C:0F86H         LINE#         323
  C:0F88H         LINE#         325
  C:0F8DH         LINE#         326
  C:0F8DH         LINE#         327
  C:0F8EH         LINE#         329
  C:0F8EH         LINE#         330
  C:0F91H         LINE#         331
  C:0F91H         LINE#         332
  C:0F98H         LINE#         333
  C:0F98H         LINE#         334
  C:0F9AH         LINE#         336
  C:0F9EH         LINE#         337
  C:0F9EH         LINE#         338
  C:0F9EH         LINE#         339
  C:0F9EH         LINE#         340
  -------         ENDPROC       DETECT_DISCHARGE_1KHZ_SIGNAL_100US
BL51 BANKED LINKER/LOCATER V6.22.4.0                                                  06/12/2026  16:55:44  PAGE 52


  -------         PROC          CHARGE_DET_TIME_ADD
  C:2525H         LINE#         342
  C:2525H         LINE#         343
  C:2525H         LINE#         344
  C:2527H         LINE#         345
  -------         ENDPROC       CHARGE_DET_TIME_ADD
  -------         PROC          CHARGE_DET
  -------         DO            
  X:628CH         SYMBOL        adc_val_of_solar_panel
  X:628EH         SYMBOL        adc_val_of_type_c
  X:629AH         SYMBOL        voltage_mv
  X:6290H         SYMBOL        is_discharge_det_time_cnt
  X:6291H         SYMBOL        isnot_discharge_det_time_cnt
  -------         ENDDO         
  C:0F9FH         LINE#         349
  C:0F9FH         LINE#         350
  C:0F9FH         LINE#         353
  C:0FA6H         LINE#         358
  C:0FAEH         LINE#         359
  C:0FAEH         LINE#         360
  C:0FB3H         LINE#         361
  C:0FC0H         LINE#         362
  C:0FC0H         LINE#         364
  C:0FC8H         LINE#         365
  C:0FC8H         LINE#         366
  C:0FCDH         LINE#         367
  C:0FDAH         LINE#         368
  C:0FDAH         LINE#         370
  C:0FE0H         LINE#         371
  C:0FE0H         LINE#         372
  C:0FE2H         LINE#         373
  C:0FE2H         LINE#         375
  C:0FE2H         LINE#         378
  C:0FE2H         LINE#         389
  C:1002H         LINE#         391
  C:1017H         LINE#         392
  C:1017H         LINE#         393
  C:101CH         LINE#         394
  C:1022H         LINE#         395
  C:1027H         LINE#         396
  C:1027H         LINE#         397
  C:1029H         LINE#         399
  C:102EH         LINE#         404
  C:102EH         LINE#         405
  C:1030H         LINE#         407
  C:1030H         LINE#         408
  C:1033H         LINE#         409
  C:1033H         LINE#         410
  C:103AH         LINE#         411
  C:103AH         LINE#         412
  C:103CH         LINE#         414
  C:1040H         LINE#         419
  C:1040H         LINE#         420
  C:1040H         LINE#         434
  C:1050H         LINE#         435
  C:1050H         LINE#         443
  C:1056H         LINE#         444
BL51 BANKED LINKER/LOCATER V6.22.4.0                                                  06/12/2026  16:55:44  PAGE 53


  C:1056H         LINE#         445
  C:105AH         LINE#         446
  C:105AH         LINE#         447
  C:1061H         LINE#         448
  C:1061H         LINE#         449
  C:1063H         LINE#         451
  C:1067H         LINE#         452
  C:1067H         LINE#         453
  C:1067H         LINE#         454
  C:1069H         LINE#         455
  C:1072H         LINE#         456
  C:1072H         LINE#         458
  C:1078H         LINE#         459
  C:1078H         LINE#         460
  C:107DH         LINE#         461
  C:1083H         LINE#         462
  C:1088H         LINE#         463
  C:1088H         LINE#         464
  C:108AH         LINE#         466
  C:108FH         LINE#         467
  C:108FH         LINE#         468
  C:108FH         LINE#         469
  C:108FH         LINE#         473
  C:109BH         LINE#         474
  C:109BH         LINE#         475
  C:10A1H         LINE#         478
  C:10A6H         LINE#         479
  C:10AAH         LINE#         480
  C:10ABH         LINE#         481
  C:10B7H         LINE#         482
  C:10B7H         LINE#         483
  C:10BBH         LINE#         484
  C:10BBH         LINE#         501
  -------         ENDPROC       CHARGE_DET
  -------         ENDMOD        CHARGE_DET

  -------         MODULE        LOW_POWER
  C:0000H         SYMBOL        _ICE_DUMMY_
  D:00BAH         PUBLIC        LP_CON
  D:008DH         PUBLIC        LP_WKCON
  D:008EH         PUBLIC        LP_WKPND
  D:00A8H         PUBLIC        IE0
  D:00A9H         PUBLIC        IE1
  D:00AAH         PUBLIC        IE2
  D:00ABH         PUBLIC        IE3
  B:00A8H.7       PUBLIC        IE_EA
  D:00B8H         PUBLIC        IP0
  D:00B1H         PUBLIC        IP1
  D:00B2H         PUBLIC        IP2
  D:00B3H         PUBLIC        IP3
  D:00B4H         PUBLIC        IP4
  D:00B5H         PUBLIC        IP5
  D:00B6H         PUBLIC        IP6
  D:00B7H         PUBLIC        IP7
  D:00D2H         PUBLIC        UART0_CON0
  D:00D1H         PUBLIC        TMR_ALLCON
  D:00ACH         PUBLIC        FLASH_TIMEREG1
BL51 BANKED LINKER/LOCATER V6.22.4.0                                                  06/12/2026  16:55:44  PAGE 54


  D:0099H         PUBLIC        ADC_CHS0
  C:16A5H         PUBLIC        low_power_handle
  C:2045H         PUBLIC        low_power_enter_timer_callback
  X:62F0H         SYMBOL        is_low_power_enter_enable
  C:2207H         PUBLIC        is_low_power_condition_establish
  C:10BCH         PUBLIC        low_power_in
  C:1D3AH         PUBLIC        low_power_out
  C:2377H         PUBLIC        WUT_IRQHandler
  -------         PROC          IS_LOW_POWER_CONDITION_ESTABLISH
  C:2207H         LINE#         8
  C:2207H         LINE#         9
  C:2207H         LINE#         15
  C:222AH         LINE#         20
  -------         ENDPROC       IS_LOW_POWER_CONDITION_ESTABLISH
  -------         PROC          LOW_POWER_ENTER_TIMER_CALLBACK
  -------         DO            
  X:62EEH         SYMBOL        cnt
  -------         ENDDO         
  C:2045H         LINE#         23
  C:2045H         LINE#         24
  C:2045H         LINE#         26
  C:204BH         LINE#         27
  C:204BH         LINE#         28
  C:2055H         LINE#         29
  C:2064H         LINE#         30
  C:2064H         LINE#         31
  C:2068H         LINE#         32
  C:206DH         LINE#         33
  C:206DH         LINE#         34
  C:206EH         LINE#         36
  C:206EH         LINE#         37
  C:2075H         LINE#         38
  C:2079H         LINE#         39
  C:2079H         LINE#         40
  -------         ENDPROC       LOW_POWER_ENTER_TIMER_CALLBACK
  -------         PROC          LOW_POWER_IN
  C:10BCH         LINE#         42
  C:10BCH         LINE#         43
  C:10BCH         LINE#         48
  C:10BFH         LINE#         49
  C:10C2H         LINE#         50
  C:10C5H         LINE#         51
  C:10C8H         LINE#         53
  C:10CEH         LINE#         54
  C:10D4H         LINE#         56
  C:10DBH         LINE#         58
  C:10DEH         LINE#         59
  C:10E4H         LINE#         61
  C:10E9H         LINE#         62
  C:10ECH         LINE#         71
  C:10F2H         LINE#         72
  C:10F8H         LINE#         74
  C:10FEH         LINE#         75
  C:1104H         LINE#         78
  C:110AH         LINE#         79
  C:110EH         LINE#         80
  C:1114H         LINE#         83
BL51 BANKED LINKER/LOCATER V6.22.4.0                                                  06/12/2026  16:55:44  PAGE 55


  C:1118H         LINE#         84
  C:111EH         LINE#         85
  C:1122H         LINE#         86
  C:1127H         LINE#         104
  C:112BH         LINE#         105
  C:1131H         LINE#         108
  C:1136H         LINE#         110
  C:113AH         LINE#         113
  C:113EH         LINE#         114
  C:1144H         LINE#         116
  C:114BH         LINE#         122
  C:114EH         LINE#         131
  C:1154H         LINE#         132
  C:115AH         LINE#         133
  C:1160H         LINE#         134
  C:1166H         LINE#         138
  C:1169H         LINE#         139
  C:116CH         LINE#         140
  C:116FH         LINE#         143
  C:1172H         LINE#         144
  C:1175H         LINE#         146
  C:1178H         LINE#         147
  C:117BH         LINE#         150
  C:117EH         LINE#         151
  C:1181H         LINE#         154
  C:1184H         LINE#         155
  C:1186H         LINE#         158
  C:118DH         LINE#         159
  C:1191H         LINE#         163
  C:1196H         LINE#         164
  C:119DH         LINE#         166
  C:11A4H         LINE#         168
  C:11ABH         LINE#         169
  C:11B2H         LINE#         170
  C:11B5H         LINE#         172
  C:11BCH         LINE#         173
  C:11C3H         LINE#         178
  C:11C6H         LINE#         184
  -------         ENDPROC       LOW_POWER_IN
  -------         PROC          LOW_POWER_OUT
  C:1D3AH         LINE#         186
  C:1D3AH         LINE#         187
  C:1D3AH         LINE#         189
  C:1D3DH         LINE#         190
  C:1D44H         LINE#         191
  C:1D4BH         LINE#         194
  C:1D4EH         LINE#         198
  C:1D53H         LINE#         199
  C:1D55H         LINE#         205
  C:1D5CH         LINE#         206
  C:1D61H         LINE#         207
  C:1D68H         LINE#         209
  C:1D6FH         LINE#         210
  C:1D76H         LINE#         212
  C:1D79H         LINE#         213
  C:1D7CH         LINE#         214
  C:1D83H         LINE#         220
BL51 BANKED LINKER/LOCATER V6.22.4.0                                                  06/12/2026  16:55:44  PAGE 56


  -------         ENDPROC       LOW_POWER_OUT
  C:172EH         SYMBOL        L?0106
  -------         PROC          LOW_POWER_HANDLE
  -------         DO            
  X:629AH         SYMBOL        is_back_to_low_power
  D:0006H         SYMBOL        adc_val
  C:16BCH         SYMBOL        label_low_power_in
  -------         ENDDO         
  C:16A5H         LINE#         222
  C:16A5H         LINE#         223
  C:16A5H         LINE#         224
  C:16ABH         LINE#         227
  C:16B5H         LINE#         228
  C:16B5H         LINE#         229
  C:16BCH         LINE#         230
  C:16BCH         LINE#         232
  C:16BCH         LINE#         234
  C:16BCH         LINE#         239
  C:16BCH         LINE#         241
  C:16BFH         LINE#         242
  C:16C2H         LINE#         250
  C:16C5H         LINE#         251
  C:16C8H         LINE#         253
  C:16CAH         LINE#         254
  C:16CAH         LINE#         255
  C:16CDH         LINE#         257
  C:16D6H         LINE#         258
  C:16D6H         LINE#         260
  C:16DBH         LINE#         264
  C:16DBH         LINE#         266
  C:16DDH         LINE#         267
  C:16DDH         LINE#         268
  C:16E0H         LINE#         270
  C:16FDH         LINE#         271
  C:16FDH         LINE#         272
  C:1702H         LINE#         276
  C:1702H         LINE#         299
  C:1707H         LINE#         300
  C:1707H         LINE#         301
  C:170CH         LINE#         305
  C:170FH         LINE#         306
  C:170FH         LINE#         308
  C:1714H         LINE#         309
  C:1714H         LINE#         310
  C:1717H         LINE#         312
  C:171CH         LINE#         317
  C:171CH         LINE#         319
  C:1722H         LINE#         320
  C:1722H         LINE#         324
  C:1722H         LINE#         325
  C:1722H         LINE#         328
  C:1726H         LINE#         329
  C:172AH         LINE#         330
  C:172DH         LINE#         331
  -------         ENDPROC       LOW_POWER_HANDLE
  -------         PROC          WUT_IRQHANDLER
  C:2377H         LINE#         334
BL51 BANKED LINKER/LOCATER V6.22.4.0                                                  06/12/2026  16:55:44  PAGE 57


  C:237DH         LINE#         337
  C:237DH         LINE#         342
  C:2384H         LINE#         343
  C:2384H         LINE#         344
  C:2388H         LINE#         345
  C:2388H         LINE#         348
  C:2388H         LINE#         349
  -------         ENDPROC       WUT_IRQHANDLER
  -------         ENDMOD        LOW_POWER

  -------         MODULE        ?C?COPY
  C:011EH         PUBLIC        ?C?COPY
  -------         ENDMOD        ?C?COPY

  -------         MODULE        ?C?CLDPTR
  C:0144H         PUBLIC        ?C?CLDPTR
  -------         ENDMOD        ?C?CLDPTR

  -------         MODULE        ?C?CLDOPTR
  C:015DH         PUBLIC        ?C?CLDOPTR
  -------         ENDMOD        ?C?CLDOPTR

  -------         MODULE        ?C?CILDOPTR
  C:018AH         PUBLIC        ?C?CILDOPTR
  -------         ENDMOD        ?C?CILDOPTR

  -------         MODULE        ?C?CSTOPTR
  C:01BDH         PUBLIC        ?C?CSTOPTR
  -------         ENDMOD        ?C?CSTOPTR

  -------         MODULE        ?C?UIDIV
  C:01DFH         PUBLIC        ?C?UIDIV
  -------         ENDMOD        ?C?UIDIV

  -------         MODULE        ?C?IILDX
  C:0234H         PUBLIC        ?C?IILDX
  -------         ENDMOD        ?C?IILDX

  -------         MODULE        ?C?LADD
  C:024AH         PUBLIC        ?C?LADD
  -------         ENDMOD        ?C?LADD

  -------         MODULE        ?C?ULDIV
  C:0293H         PUBLIC        ?C?ULDIV
  -------         ENDMOD        ?C?ULDIV

  -------         MODULE        ?C?SLCMP
  C:0325H         PUBLIC        ?C?SLCMP
  -------         ENDMOD        ?C?SLCMP

  -------         MODULE        ?C?ULCMP
  C:033BH         PUBLIC        ?C?ULCMP
  -------         ENDMOD        ?C?ULCMP

  -------         MODULE        ?C?LLDXDATA
  C:034CH         PUBLIC        ?C?LLDXDATA
  -------         ENDMOD        ?C?LLDXDATA
BL51 BANKED LINKER/LOCATER V6.22.4.0                                                  06/12/2026  16:55:44  PAGE 58



  -------         MODULE        ?C?LLDXDATA0
  C:0358H         PUBLIC        ?C?LLDXDATA0
  -------         ENDMOD        ?C?LLDXDATA0

  -------         MODULE        ?C?LSTXDATA
  C:0364H         PUBLIC        ?C?LSTXDATA
  -------         ENDMOD        ?C?LSTXDATA

  -------         MODULE        ?C?LSTKXDATA
  C:0370H         PUBLIC        ?C?LSTKXDATA
  -------         ENDMOD        ?C?LSTKXDATA

  -------         MODULE        ?C?PLDXDATA
  C:03A1H         PUBLIC        ?C?PLDXDATA
  -------         ENDMOD        ?C?PLDXDATA

  -------         MODULE        ?C?PSTXDATA
  C:03AAH         PUBLIC        ?C?PSTXDATA
  -------         ENDMOD        ?C?PSTXDATA

  -------         MODULE        ?C?PLDOPTR
  C:03B3H         PUBLIC        ?C?PLDOPTR
  -------         ENDMOD        ?C?PLDOPTR

  -------         MODULE        ?C?CCASE
  C:03E3H         PUBLIC        ?C?CCASE
  -------         ENDMOD        ?C?CCASE

  -------         MODULE        ?C?ICALL
  C:0409H         PUBLIC        ?C?ICALL
  C:040DH         PUBLIC        ?C?ICALL2
  -------         ENDMOD        ?C?ICALL

  -------         MODULE        ?C?LIMUL
  C:040FH         PUBLIC        ?C?LIMUL
  -------         ENDMOD        ?C?LIMUL

  -------         MODULE        ?C?MEMSET
  C:043CH         PUBLIC        ?C?MEMSET
  -------         ENDMOD        ?C?MEMSET

  -------         MODULE        ?C?PLDIDATA
  C:0468H         PUBLIC        ?C?PLDIDATA
  -------         ENDMOD        ?C?PLDIDATA

  -------         MODULE        ?C?PLDPDATA
  C:0471H         PUBLIC        ?C?PLDPDATA
  -------         ENDMOD        ?C?PLDPDATA

  -------         MODULE        ?C?PLDCODE
  C:047AH         PUBLIC        ?C?PLDCODE
  -------         ENDMOD        ?C?PLDCODE

*** WARNING L15: MULTIPLE CALL TO SEGMENT
    SEGMENT: ?PR?_GET_BATTERY_PERCENTAGE_BY_VOLTAGE?BATTERY_MONITOR
    CALLER1: ?C_C51STARTUP
BL51 BANKED LINKER/LOCATER V6.22.4.0                                                  06/12/2026  16:55:44  PAGE 59


    CALLER2: ?PR?ADC_IRQHANDLER?ADC

Program Size: data=9.5 xdata=756 code=9511
LINK/LOCATE RUN COMPLETE.  1 WARNING(S),  0 ERROR(S)
