BL51 BANKED LINKER/LOCATER V6.22.4.0                                                    05/20/2026  19:00:48  PAGE 1


BL51 BANKED LINKER/LOCATER V6.22.4.0, INVOKED BY:
C:\KEIL_V5\C51\BIN\BL51.EXE .\Release\Objects\STARTUP.obj, .\Release\Objects\system.obj, .\Release\Objects\adc.obj, .\Re
>> lease\Objects\pwm.obj, .\Release\Objects\timer0.obj, .\Release\Objects\timer1.obj, .\Release\Objects\uart0.obj, .\Rel
>> ease\Objects\main.obj, .\Release\Objects\uart_data_handle.obj, .\Release\Objects\key_driver.obj, .\Release\Objects\ad
>> _key.obj, .\Release\Objects\user_test.obj, .\Release\Objects\led.obj, .\Release\Objects\battery_monitor.obj, .\Releas
>> e\Objects\bluetooth_ic_handle.obj, .\Release\Objects\charge_det.obj, .\Release\Objects\low_power.obj TO .\Release\Obj
>> ects\Demo PRINT (.\Release\Listings\Demo.m51) RAMSIZE (256) CODE (0X0000-0X3EEF) XDATA (0X6000-0X66FF)


MEMORY MODEL: LARGE


INPUT MODULES INCLUDED:
  .\Release\Objects\STARTUP.obj (?C_STARTUP)
  .\Release\Objects\system.obj (SYSTEM)
  .\Release\Objects\adc.obj (ADC)
  .\Release\Objects\pwm.obj (PWM)
  .\Release\Objects\timer0.obj (TIMER0)
  .\Release\Objects\timer1.obj (TIMER1)
  .\Release\Objects\uart0.obj (UART0)
  .\Release\Objects\main.obj (MAIN)
  .\Release\Objects\uart_data_handle.obj (UART_DATA_HANDLE)
  .\Release\Objects\key_driver.obj (KEY_DRIVER)
  .\Release\Objects\ad_key.obj (AD_KEY)
  .\Release\Objects\user_test.obj (USER_TEST)
  .\Release\Objects\led.obj (LED)
  .\Release\Objects\battery_monitor.obj (BATTERY_MONITOR)
  .\Release\Objects\bluetooth_ic_handle.obj (BLUETOOTH_IC_HANDLE)
  .\Release\Objects\charge_det.obj (CHARGE_DET)
  .\Release\Objects\low_power.obj (LOW_POWER)
  C:\KEIL_V5\C51\LIB\C51L.LIB (?C_INIT)
  C:\KEIL_V5\C51\LIB\C51L.LIB (?C?COPY)
  C:\KEIL_V5\C51\LIB\C51L.LIB (?C?CLDPTR)
  C:\KEIL_V5\C51\LIB\C51L.LIB (?C?CLDOPTR)
  C:\KEIL_V5\C51\LIB\C51L.LIB (?C?CILDOPTR)
  C:\KEIL_V5\C51\LIB\C51L.LIB (?C?CSTOPTR)
  C:\KEIL_V5\C51\LIB\C51L.LIB (?C?UIDIV)
  C:\KEIL_V5\C51\LIB\C51L.LIB (?C?IILDX)
  C:\KEIL_V5\C51\LIB\C51L.LIB (?C?LADD)
  C:\KEIL_V5\C51\LIB\C51L.LIB (?C?ULDIV)
  C:\KEIL_V5\C51\LIB\C51L.LIB (?C?SLCMP)
  C:\KEIL_V5\C51\LIB\C51L.LIB (?C?ULCMP)
  C:\KEIL_V5\C51\LIB\C51L.LIB (?C?LLDXDATA)
  C:\KEIL_V5\C51\LIB\C51L.LIB (?C?LLDXDATA0)
  C:\KEIL_V5\C51\LIB\C51L.LIB (?C?LSTXDATA)
  C:\KEIL_V5\C51\LIB\C51L.LIB (?C?LSTKXDATA)
  C:\KEIL_V5\C51\LIB\C51L.LIB (?C?PLDXDATA)
  C:\KEIL_V5\C51\LIB\C51L.LIB (?C?PSTXDATA)
  C:\KEIL_V5\C51\LIB\C51L.LIB (?C?PLDOPTR)
  C:\KEIL_V5\C51\LIB\C51L.LIB (?C?CCASE)
  C:\KEIL_V5\C51\LIB\C51L.LIB (?C?ICALL)
  C:\KEIL_V5\C51\LIB\C51L.LIB (?C?LIMUL)
  C:\KEIL_V5\C51\LIB\C51L.LIB (?C?MEMSET)
  C:\KEIL_V5\C51\LIB\C51L.LIB (?C?PLDIDATA)
  C:\KEIL_V5\C51\LIB\C51L.LIB (?C?PLDPDATA)
  C:\KEIL_V5\C51\LIB\C51L.LIB (?C?PLDCODE)


BL51 BANKED LINKER/LOCATER V6.22.4.0                                                  05/20/2026  19:00:48  PAGE 2


LINK MAP OF MODULE:  .\Release\Objects\Demo (?C_STARTUP)


            TYPE    BASE      LENGTH    RELOCATION   SEGMENT NAME
            -----------------------------------------------------

            * * * * * * *   D A T A   M E M O R Y   * * * * * * *
            REG     0000H     0008H     ABSOLUTE     "REG BANK 0"
                    0008H     0018H                  *** GAP ***
            BIT     0020H.0   0000H.4   UNIT         ?BI?ADC
            BIT     0020H.4   0000H.1   UNIT         ?BI?CHARGE_DET
                    0020H.5   0000H.3                *** GAP ***
            IDATA   0021H     0001H     UNIT         ?STACK

            * * * * * * *  X D A T A   M E M O R Y  * * * * * * *
                    0000H     6000H                  *** GAP ***
            XDATA   6000H     0206H     UNIT         ?XD?UART0
            XDATA   6206H     0039H     UNIT         ?XD?AD_KEY
            XDATA   623FH     0032H     UNIT         ?XD?BATTERY_MONITOR
            XDATA   6271H     0024H     UNIT         ?XD?CHARGE_DET
            XDATA   6295H     001CH     UNIT         _XDATA_GROUP_
            XDATA   62B1H     001AH     UNIT         ?XD?UART_DATA_HANDLE
            XDATA   62CBH     0011H     UNIT         ?XD?LED
            XDATA   62DCH     0009H     UNIT         ?XD?ADC
            XDATA   62E5H     0004H     UNIT         ?XD?KEY_DRIVER
            XDATA   62E9H     0004H     UNIT         ?XD?LOW_POWER
            XDATA   62EDH     0002H     UNIT         ?XD?BLUETOOTH_IC_HANDLE

            * * * * * * *   C O D E   M E M O R Y   * * * * * * *
            CODE    0000H     0003H     ABSOLUTE     
            CODE    0003H     000CH     ABSOLUTE     
            CODE    000FH     000FH     UNIT         ?PR?UART_RECEIVER_TIMEOUT_ADD?UART_DATA_HANDLE
            CODE    001EH     0003H     ABSOLUTE     
            CODE    0021H     0003H     ABSOLUTE     
            CODE    0024H     001BH     UNIT         ?PR?_ADC_CLEAR_UPDATE_FLAG?ADC
            CODE    003FH     0003H     ABSOLUTE     
            CODE    0042H     0003H     ABSOLUTE     
            CODE    0045H     0005H     UNIT         ?PR?BLE_IC_DISABLE_PRE?BLUETOOTH_IC_HANDLE
                    004AH     0001H                  *** GAP ***
            CODE    004BH     0003H     ABSOLUTE     
            CODE    004EH     0438H     UNIT         ?C?LIB_CODE
            CODE    0486H     0364H     UNIT         ?C_INITSEG
            CODE    07EAH     01BDH     UNIT         ?PR?LED_BAT_INSTRUCTION_TIMER_CALLBACK?LED
            CODE    09A7H     01AAH     UNIT         ?PR?DETECT_1KHZ_SIGNAL_100US?CHARGE_DET
            CODE    0B51H     0193H     UNIT         ?PR?_KEY_DRIVER_SCAN?KEY_DRIVER
            CODE    0CE4H     0148H     UNIT         ?PR?BATTERY_MONITOR_HANDLE?BATTERY_MONITOR
            CODE    0E2CH     0126H     UNIT         ?PR?DETECT_DISCHARGE_1KHZ_SIGNAL_100US?CHARGE_DET
            CODE    0F52H     0113H     UNIT         ?PR?CHARGE_DET?CHARGE_DET
            CODE    1065H     010BH     UNIT         ?PR?LOW_POWER_IN?LOW_POWER
            CODE    1170H     00EAH     UNIT         ?PR?LED_RED_BLUE_FLASH_1MS_ISR?LED
            CODE    125AH     00CFH     UNIT         ?PR?SYSTEM_INIT?SYSTEM
            CODE    1329H     00C0H     UNIT         ?PR?BATTERY_VOLTAGE_UPDATE_BY_ISR?BATTERY_MONITOR
            CODE    13E9H     00A9H     UNIT         ?PR?LED
            CODE    1492H     00A5H     UNIT         ?PR?_UART_RECEIVER_PROCESS_BYTE?UART_DATA_HANDLE
            CODE    1537H     00A4H     UNIT         ?PR?LOW_POWER_HANDLE?LOW_POWER
            CODE    15DBH     009BH     UNIT         ?PR?AD_KEY_HANDLE?AD_KEY
            CODE    1676H     008CH     UNIT         ?C_C51STARTUP
BL51 BANKED LINKER/LOCATER V6.22.4.0                                                  05/20/2026  19:00:48  PAGE 3


            CODE    1702H     008CH     UNIT         ?PR?LED_SLOW_ADJUST_ISR?LED
            CODE    178EH     008BH     UNIT         ?PR?PWM_INIT?PWM
            CODE    1819H     008AH     UNIT         ?PR?ADC_IRQHANDLER?ADC
            CODE    18A3H     0079H     UNIT         ?PR?UART_DATA_HANDLE?UART_DATA_HANDLE
            CODE    191CH     006CH     UNIT         ?PR?TIMR0_IRQHANDLER?TIMER0
            CODE    1988H     0069H     UNIT         ?PR?ADC_SCAN?ADC
            CODE    19F1H     0069H     UNIT         ?PR?_LED_STATUS_SET?LED
            CODE    1A5AH     0051H     UNIT         ?PR?BATTERY_MONITOR
            CODE    1AABH     004EH     UNIT         ?PR?LED_INIT?LED
            CODE    1AF9H     004DH     UNIT         ?PR?MAIN?MAIN
            CODE    1B46H     004CH     UNIT         ?PR?_AD_KEY_VAL_TO_AD_KEY_INDEX?AD_KEY
            CODE    1B92H     004BH     UNIT         ?PR?_ADC_CHANNEL_SEL?ADC
            CODE    1BDDH     004AH     UNIT         ?PR?_AD_KEY_GET_EVENT?AD_KEY
            CODE    1C27H     004AH     UNIT         ?PR?LOW_POWER_OUT?LOW_POWER
            CODE    1C71H     0048H     UNIT         ?PR?TIMR1_IRQHANDLER?TIMER1
            CODE    1CB9H     0048H     UNIT         ?PR?_GET_BATTERY_PERCENTAGE_BY_VOLTAGE?BATTERY_MONITOR
            CODE    1D01H     0046H     UNIT         ?PR?BAT_VOL_HISTORY_BUFF_GET_AVG?BATTERY_MONITOR
            CODE    1D47H     0045H     UNIT         ?PR?_UART_DATA_SEND_CMD?UART_DATA_HANDLE
            CODE    1D8CH     0041H     UNIT         ?PR?_UART0_RXBUFFER_PUT_BYTE?UART0
            CODE    1DCDH     0041H     UNIT         ?PR?_GET_BATTERY_VOLTAGE_BY_ADC?BATTERY_MONITOR
            CODE    1E0EH     003DH     UNIT         ?PR?_ADC_UPDATE_VAL?ADC
            CODE    1E4BH     003CH     UNIT         ?PR?UART0_RXBUFFER_GET_BYTE?UART0
            CODE    1E87H     003AH     UNIT         ?PR?UART0_INIT?UART0
            CODE    1EC1H     0038H     UNIT         ?PR?LED_RESUME?LED
            CODE    1EF9H     0035H     UNIT         ?PR?BAT_VOL_UPDATE_TIMER_CALLBACK?BATTERY_MONITOR
            CODE    1F2EH     0035H     UNIT         ?PR?LOW_POWER_ENTER_TIMER_CALLBACK?LOW_POWER
            CODE    1F63H     0034H     UNIT         ?PR?UART0_IRQHANDLER?UART0
            CODE    1F97H     0033H     UNIT         ?PR?AD_KEY_GET_KEY_VAL?AD_KEY
            CODE    1FCAH     002EH     UNIT         ?PR?_ADC_GET_VAL?ADC
            CODE    1FF8H     002EH     UNIT         ?PR?ADC
            CODE    2026H     002DH     UNIT         ?PR?SEND_LOW_BAT_TIMER_CALLBACK?BATTERY_MONITOR
            CODE    2053H     002AH     UNIT         ?PR?LED_STATUS_SWITCH?LED
            CODE    207DH     0029H     UNIT         ?PR?BAT_VOL_BUFF_GET_AVG_TIMER_CALLBACK?BATTERY_MONITOR
            CODE    20A6H     0028H     UNIT         ?PR?BAT_VOL_BUFF_ADD_TIMER_CALLBACK?BATTERY_MONITOR
            CODE    20CEH     0025H     UNIT         ?PR?_ADC_GET_UPDATE_FLAG?ADC
            CODE    20F3H     0023H     UNIT         ?PR?_UART0_SENDBUF?UART0
            CODE    2116H     0022H     UNIT         ?PR?ADC_INIT?ADC
            CODE    2138H     0022H     UNIT         ?PR?UART_RECEIVER_PROCESS_CHECKSUM?UART_DATA_HANDLE
            CODE    215AH     0022H     UNIT         ?PR?_BAT_VOL_HISTORY_BUFF_ADD?BATTERY_MONITOR
            CODE    217CH     0021H     UNIT         ?PR?USER_INIT?MAIN
            CODE    219DH     0021H     UNIT         ?PR?KEY_DRIVER
            CODE    21BEH     0021H     UNIT         ?PR?CHARGE_DET
            CODE    21DFH     001EH     UNIT         ?PR?IS_LOW_POWER_CONDITION_ESTABLISH?LOW_POWER
            CODE    21FDH     001BH     UNIT         ?PR?TIMER0_INIT?TIMER0
            CODE    2218H     001BH     UNIT         ?PR?TIMER1_INIT?TIMER1
            CODE    2233H     001AH     UNIT         ?PR?BLUETOOTH_IC_HANDLE_INIT?BLUETOOTH_IC_HANDLE
            CODE    224DH     0019H     UNIT         ?PR?CHARGE_DET_INIT?CHARGE_DET
            CODE    2266H     0018H     UNIT         ?PR?_DELAY_MS?SYSTEM
            CODE    227EH     0018H     UNIT         ?PR?WUT_IRQHANDLER?LOW_POWER
            CODE    2296H     0017H     UNIT         ?PR?ADC_GET_VAL_ONCE?ADC
            CODE    22ADH     0017H     UNIT         ?PR?UART_DATA_HANDLE
            CODE    22C4H     0016H     UNIT         ?PR?PWM
            CODE    22DAH     0016H     UNIT         ?PR?_BAT_VOL_HISTORY_BUFF_INIT?BATTERY_MONITOR
            CODE    22F0H     0015H     UNIT         ?PR?BAT_PERCENT_UPDATE_TIME_IS_COMES?BATTERY_MONITOR
            CODE    2305H     0015H     UNIT         ?PR?BLE_IC_ENABLE?BLUETOOTH_IC_HANDLE
            CODE    231AH     0013H     UNIT         ?PR?UART_RECEIVER_TIMEOUT_HANDLER?UART_DATA_HANDLE
            CODE    232DH     0013H     UNIT         ?PR?BAT_PERCENT_UPDATE_TIME_ADD?BATTERY_MONITOR
BL51 BANKED LINKER/LOCATER V6.22.4.0                                                  05/20/2026  19:00:48  PAGE 4


            CODE    2340H     0012H     UNIT         ?PR?ADC_INIT_WHEN_LOW_PWR_OUT?ADC
            CODE    2352H     0012H     UNIT         ?PR?UART_RECEIVER_RESET?UART_DATA_HANDLE
            CODE    2364H     0011H     UNIT         ?PR?ADC_PIN_INIT?ADC
            CODE    2375H     000FH     UNIT         ?PR?AD_KEY
            CODE    2384H     000FH     UNIT         ?PR?LED_CTL_INIT?LED
            CODE    2393H     000DH     UNIT         ?PR?LED_YELLOW_ON?LED
            CODE    23A0H     000DH     UNIT         ?PR?__LED_YELLOW_RESUME__?LED
            CODE    23ADH     000DH     UNIT         ?PR?LED_WHITE_ON?LED
            CODE    23BAH     000DH     UNIT         ?PR?__LED_WHITE_RESUME__?LED
            CODE    23C7H     000BH     UNIT         ?PR?_DELAY?SYSTEM
            CODE    23D2H     0009H     UNIT         ?PR?_PWM_SET_CHANNEL_0_DUTY?PWM
            CODE    23DBH     0009H     UNIT         ?PR?_PWM_SET_CHANNEL_1_DUTY?PWM
            CODE    23E4H     0009H     UNIT         ?PR?UART0_RXBUFFER_GET_COUNT?UART0
            CODE    23EDH     0008H     UNIT         ?PR?_UART0_SENDBYTE?UART0
            CODE    23F5H     0008H     UNIT         ?CO?UART_DATA_HANDLE
            CODE    23FDH     0008H     UNIT         ?PR?LED_YELLOW_OFF?LED
            CODE    2405H     0008H     UNIT         ?PR?LED_WHITE_OFF?LED
            CODE    240DH     0008H     UNIT         ?PR?BAT_PERCENT_UPDATE_TIME_RESET?BATTERY_MONITOR
            CODE    2415H     0008H     UNIT         ?PR?BLE_IC_DISABLE_POST?BLUETOOTH_IC_HANDLE
            CODE    241DH     0007H     UNIT         ?PR?UART0
            CODE    2424H     0004H     UNIT         ?PR?LED_SUSPEND?LED
            CODE    2428H     0003H     UNIT         ?PR?CHARGE_DET_TIME_ADD?CHARGE_DET



OVERLAY MAP OF MODULE:   .\Release\Objects\Demo (?C_STARTUP)


SEGMENT                                            XDATA_GROUP
  +--> CALLED SEGMENT                            START    LENGTH
----------------------------------------------------------------
?C_C51STARTUP                                    -----    -----
  +--> ?PR?MAIN?MAIN
  +--> ?C_INITSEG

?PR?MAIN?MAIN                                    -----    -----
  +--> ?PR?SYSTEM_INIT?SYSTEM
  +--> ?PR?USER_INIT?MAIN
  +--> ?PR?_DELAY_MS?SYSTEM
  +--> ?PR?_KEY_DRIVER_SCAN?KEY_DRIVER
  +--> ?PR?AD_KEY_HANDLE?AD_KEY
  +--> ?PR?UART_DATA_HANDLE?UART_DATA_HANDLE
  +--> ?PR?BATTERY_MONITOR_HANDLE?BATTERY_MO...
  +--> ?PR?CHARGE_DET?CHARGE_DET
  +--> ?PR?LOW_POWER_HANDLE?LOW_POWER

?PR?SYSTEM_INIT?SYSTEM                           -----    -----
  +--> ?PR?_DELAY?SYSTEM
  +--> ?PR?_DELAY_MS?SYSTEM

?PR?_DELAY_MS?SYSTEM                             -----    -----
  +--> ?PR?_DELAY?SYSTEM

?PR?USER_INIT?MAIN                               -----    -----
  +--> ?PR?ADC_PIN_INIT?ADC
  +--> ?PR?ADC_INIT?ADC
  +--> ?PR?LED_INIT?LED
BL51 BANKED LINKER/LOCATER V6.22.4.0                                                  05/20/2026  19:00:48  PAGE 5


  +--> ?PR?UART0_INIT?UART0
  +--> ?PR?PWM_INIT?PWM
  +--> ?PR?BLUETOOTH_IC_HANDLE_INIT?BLUETOOT...
  +--> ?PR?UART_RECEIVER_RESET?UART_DATA_HANDLE
  +--> ?PR?LED_CTL_INIT?LED
  +--> ?PR?CHARGE_DET_INIT?CHARGE_DET
  +--> ?PR?TIMER0_INIT?TIMER0
  +--> ?PR?TIMER1_INIT?TIMER1

?PR?ADC_INIT?ADC                                 -----    -----
  +--> ?PR?_DELAY_MS?SYSTEM

?PR?LED_INIT?LED                                 -----    -----
  +--> ?PR?LED

?PR?LED                                          -----    -----
  +--> ?PR?LED_YELLOW_OFF?LED
  +--> ?PR?LED_WHITE_OFF?LED

?PR?PWM_INIT?PWM                                 -----    -----
  +--> ?PR?PWM

?PR?_KEY_DRIVER_SCAN?KEY_DRIVER                  6295H    0002H
  +--> ?PR?KEY_DRIVER

?PR?AD_KEY_HANDLE?AD_KEY                         6295H    0001H
  +--> ?PR?_AD_KEY_GET_EVENT?AD_KEY
  +--> ?PR?LED_STATUS_SWITCH?LED
  +--> ?PR?_UART_DATA_SEND_CMD?UART_DATA_HANDLE
  +--> ?PR?BLE_IC_DISABLE_PRE?BLUETOOTH_IC_H...
  +--> ?PR?BLE_IC_ENABLE?BLUETOOTH_IC_HANDLE

?PR?_AD_KEY_GET_EVENT?AD_KEY                     -----    -----
  +--> ?PR?AD_KEY

?PR?LED_STATUS_SWITCH?LED                        -----    -----
  +--> ?PR?_LED_STATUS_SET?LED

?PR?_LED_STATUS_SET?LED                          6297H    0001H
  +--> ?PR?LED
  +--> ?PR?LED_YELLOW_OFF?LED
  +--> ?PR?LED_WHITE_ON?LED
  +--> ?PR?LED_YELLOW_ON?LED
  +--> ?PR?LED_WHITE_OFF?LED

?PR?LED_WHITE_ON?LED                             -----    -----
  +--> ?PR?_PWM_SET_CHANNEL_1_DUTY?PWM

?PR?_PWM_SET_CHANNEL_1_DUTY?PWM                  -----    -----
  +--> ?PR?PWM

?PR?LED_YELLOW_ON?LED                            -----    -----
  +--> ?PR?_PWM_SET_CHANNEL_0_DUTY?PWM

?PR?_PWM_SET_CHANNEL_0_DUTY?PWM                  -----    -----
  +--> ?PR?PWM

BL51 BANKED LINKER/LOCATER V6.22.4.0                                                  05/20/2026  19:00:48  PAGE 6


?PR?_UART_DATA_SEND_CMD?UART_DATA_HANDLE         6297H    0009H
  +--> ?CO?UART_DATA_HANDLE
  +--> ?PR?_UART0_SENDBUF?UART0

?PR?_UART0_SENDBUF?UART0                         62A0H    0003H
  +--> ?PR?_UART0_SENDBYTE?UART0

?PR?BLE_IC_DISABLE_PRE?BLUETOOTH_IC_H...         -----    -----
  +--> ?PR?_UART_DATA_SEND_CMD?UART_DATA_HANDLE

?PR?BLE_IC_ENABLE?BLUETOOTH_IC_HANDLE            -----    -----
  +--> ?PR?_DELAY_MS?SYSTEM
  +--> ?PR?_UART_DATA_SEND_CMD?UART_DATA_HANDLE

?PR?UART_DATA_HANDLE?UART_DATA_HANDLE            -----    -----
  +--> ?PR?UART_RECEIVER_RESET?UART_DATA_HANDLE
  +--> ?PR?UART_RECEIVER_TIMEOUT_HANDLER?UAR...
  +--> ?PR?UART0_RXBUFFER_GET_COUNT?UART0
  +--> ?PR?UART0_RXBUFFER_GET_BYTE?UART0
  +--> ?PR?_UART_RECEIVER_PROCESS_BYTE?UART_...
  +--> ?PR?BLE_IC_DISABLE_POST?BLUETOOTH_IC_...

?PR?UART_RECEIVER_TIMEOUT_HANDLER?UAR...         -----    -----
  +--> ?PR?UART_RECEIVER_RESET?UART_DATA_HANDLE

?PR?UART0_RXBUFFER_GET_BYTE?UART0                -----    -----
  +--> ?PR?UART0

?PR?_UART_RECEIVER_PROCESS_BYTE?UART_...         -----    -----
  +--> ?PR?UART_DATA_HANDLE
  +--> ?PR?UART_RECEIVER_PROCESS_CHECKSUM?UA...

?PR?BATTERY_MONITOR_HANDLE?BATTERY_MO...         -----    -----
  +--> ?PR?_BAT_VOL_HISTORY_BUFF_ADD?BATTERY...
  +--> ?PR?BAT_VOL_HISTORY_BUFF_GET_AVG?BATT...
  +--> ?PR?BATTERY_MONITOR
  +--> ?PR?_GET_BATTERY_PERCENTAGE_BY_VOLTAG...
  +--> ?PR?BAT_PERCENT_UPDATE_TIME_IS_COMES?...
  +--> ?PR?BAT_PERCENT_UPDATE_TIME_RESET?BAT...
  +--> ?PR?_LED_STATUS_SET?LED
  +--> ?PR?_UART_DATA_SEND_CMD?UART_DATA_HANDLE
  +--> ?PR?_DELAY_MS?SYSTEM
  +--> ?PR?BLE_IC_DISABLE_PRE?BLUETOOTH_IC_H...
  +--> ?PR?BLE_IC_ENABLE?BLUETOOTH_IC_HANDLE

?PR?_BAT_VOL_HISTORY_BUFF_ADD?BATTERY...         -----    -----
  +--> ?PR?BATTERY_MONITOR

?PR?BAT_VOL_HISTORY_BUFF_GET_AVG?BATT...         6295H    0005H
  +--> ?PR?BATTERY_MONITOR

?PR?_GET_BATTERY_PERCENTAGE_BY_VOLTAG...         62A9H    0004H

?PR?CHARGE_DET?CHARGE_DET                        6295H    0002H
  +--> ?PR?_ADC_GET_UPDATE_FLAG?ADC
  +--> ?PR?_ADC_CLEAR_UPDATE_FLAG?ADC
  +--> ?PR?_ADC_GET_VAL?ADC
BL51 BANKED LINKER/LOCATER V6.22.4.0                                                  05/20/2026  19:00:48  PAGE 7


  +--> ?PR?_LED_STATUS_SET?LED
  +--> ?PR?BLE_IC_DISABLE_PRE?BLUETOOTH_IC_H...

?PR?LOW_POWER_HANDLE?LOW_POWER                   6295H    0001H
  +--> ?PR?LOW_POWER_IN?LOW_POWER
  +--> ?PR?LOW_POWER_OUT?LOW_POWER
  +--> ?PR?ADC_PIN_INIT?ADC
  +--> ?PR?ADC_INIT_WHEN_LOW_PWR_OUT?ADC
  +--> ?PR?USER_INIT?MAIN
  +--> ?PR?_ADC_CHANNEL_SEL?ADC
  +--> ?PR?_DELAY_MS?SYSTEM
  +--> ?PR?ADC_GET_VAL_ONCE?ADC

?PR?LOW_POWER_IN?LOW_POWER                       -----    -----
  +--> ?PR?_DELAY_MS?SYSTEM

?PR?ADC_GET_VAL_ONCE?ADC                         -----    -----
  +--> ?PR?ADC

?PR?ADC                                          -----    -----
  +--> ?PR?_ADC_CHANNEL_SEL?ADC

?C_INITSEG                                       -----    -----
  +--> ?PR?AD_KEY_GET_KEY_VAL?AD_KEY

?PR?AD_KEY_GET_KEY_VAL?AD_KEY                    6295H    0001H
  +--> ?PR?_ADC_GET_UPDATE_FLAG?ADC
  +--> ?PR?_ADC_CLEAR_UPDATE_FLAG?ADC
  +--> ?PR?_ADC_GET_VAL?ADC
  +--> ?PR?_AD_KEY_VAL_TO_AD_KEY_INDEX?AD_KEY

?PR?_AD_KEY_VAL_TO_AD_KEY_INDEX?AD_KEY           6296H    0002H

*** NEW ROOT ***************************************************

?PR?ADC_IRQHANDLER?ADC                           62A3H    0002H
  +--> ?PR?ADC
  +--> ?PR?_ADC_UPDATE_VAL?ADC
  +--> ?PR?LED_RESUME?LED
  +--> ?PR?BATTERY_VOLTAGE_UPDATE_BY_ISR?BAT...

?PR?LED_RESUME?LED                               -----    -----
  +--> ?PR?LED
  +--> ?PR?__LED_YELLOW_RESUME__?LED
  +--> ?PR?LED_YELLOW_OFF?LED
  +--> ?PR?__LED_WHITE_RESUME__?LED
  +--> ?PR?LED_WHITE_OFF?LED

?PR?__LED_YELLOW_RESUME__?LED                    -----    -----
  +--> ?PR?LED
  +--> ?PR?_PWM_SET_CHANNEL_0_DUTY?PWM

?PR?__LED_WHITE_RESUME__?LED                     -----    -----
  +--> ?PR?LED
  +--> ?PR?_PWM_SET_CHANNEL_1_DUTY?PWM

?PR?BATTERY_VOLTAGE_UPDATE_BY_ISR?BAT...         62A5H    0004H
BL51 BANKED LINKER/LOCATER V6.22.4.0                                                  05/20/2026  19:00:48  PAGE 8


  +--> ?PR?_ADC_GET_UPDATE_FLAG?ADC
  +--> ?PR?_ADC_CLEAR_UPDATE_FLAG?ADC
  +--> ?PR?_ADC_GET_VAL?ADC
  +--> ?PR?_GET_BATTERY_VOLTAGE_BY_ADC?BATTE...
  +--> ?PR?BATTERY_MONITOR
  +--> ?PR?_BAT_VOL_HISTORY_BUFF_INIT?BATTER...
  +--> ?PR?_GET_BATTERY_PERCENTAGE_BY_VOLTAG...

?PR?_BAT_VOL_HISTORY_BUFF_INIT?BATTER...         -----    -----
  +--> ?PR?BATTERY_MONITOR

*** NEW ROOT ***************************************************

?PR?TIMR0_IRQHANDLER?TIMER0                      -----    -----
  +--> ?PR?ADC_SCAN?ADC
  +--> ?PR?CHARGE_DET_TIME_ADD?CHARGE_DET
  +--> ?PR?UART_RECEIVER_TIMEOUT_ADD?UART_DA...
  +--> ?PR?BAT_VOL_UPDATE_TIMER_CALLBACK?BAT...
  +--> ?PR?BAT_VOL_BUFF_ADD_TIMER_CALLBACK?B...
  +--> ?PR?BAT_VOL_BUFF_GET_AVG_TIMER_CALLBA...
  +--> ?PR?LED_SLOW_ADJUST_ISR?LED
  +--> ?PR?LED_RED_BLUE_FLASH_1MS_ISR?LED
  +--> ?PR?LED_BAT_INSTRUCTION_TIMER_CALLBAC...
  +--> ?PR?LOW_POWER_ENTER_TIMER_CALLBACK?LO...
  +--> ?PR?SEND_LOW_BAT_TIMER_CALLBACK?BATTE...
  +--> ?PR?BAT_PERCENT_UPDATE_TIME_ADD?BATTE...

?PR?ADC_SCAN?ADC                                 -----    -----
  +--> ?PR?ADC
  +--> ?PR?LED_SUSPEND?LED

?PR?LED_SUSPEND?LED                              -----    -----
  +--> ?PR?LED

?PR?BAT_VOL_UPDATE_TIMER_CALLBACK?BAT...         -----    -----
  +--> ?PR?BATTERY_MONITOR

?PR?BAT_VOL_BUFF_ADD_TIMER_CALLBACK?B...         -----    -----
  +--> ?PR?BATTERY_MONITOR

?PR?BAT_VOL_BUFF_GET_AVG_TIMER_CALLBA...         -----    -----
  +--> ?PR?BATTERY_MONITOR

?PR?LED_SLOW_ADJUST_ISR?LED                      -----    -----
  +--> ?PR?LED
  +--> ?PR?_PWM_SET_CHANNEL_0_DUTY?PWM
  +--> ?PR?_PWM_SET_CHANNEL_1_DUTY?PWM

?PR?LED_RED_BLUE_FLASH_1MS_ISR?LED               62ADH    0002H
  +--> ?PR?LED

?PR?LED_BAT_INSTRUCTION_TIMER_CALLBAC...         -----    -----
  +--> ?PR?LED

?PR?LOW_POWER_ENTER_TIMER_CALLBACK?LO...         -----    -----
  +--> ?PR?IS_LOW_POWER_CONDITION_ESTABLISH?...

BL51 BANKED LINKER/LOCATER V6.22.4.0                                                  05/20/2026  19:00:48  PAGE 9


?PR?SEND_LOW_BAT_TIMER_CALLBACK?BATTE...         -----    -----
  +--> ?PR?BATTERY_MONITOR

?PR?BAT_PERCENT_UPDATE_TIME_ADD?BATTE...         -----    -----
  +--> ?PR?BATTERY_MONITOR

*** NEW ROOT ***************************************************

?PR?TIMR1_IRQHANDLER?TIMER1                      -----    -----
  +--> ?PR?DETECT_1KHZ_SIGNAL_100US?CHARGE_DET
  +--> ?PR?DETECT_DISCHARGE_1KHZ_SIGNAL_100U...

?PR?DETECT_1KHZ_SIGNAL_100US?CHARGE_DET          62AFH    0001H
  +--> ?PR?CHARGE_DET

?PR?DETECT_DISCHARGE_1KHZ_SIGNAL_100U...         62AFH    0001H
  +--> ?PR?CHARGE_DET

*** NEW ROOT ***************************************************

?PR?UART0_IRQHANDLER?UART0                       62B0H    0001H
  +--> ?PR?_UART0_RXBUFFER_PUT_BYTE?UART0

?PR?_UART0_RXBUFFER_PUT_BYTE?UART0               -----    -----
  +--> ?PR?UART0



SYMBOL TABLE OF MODULE:  .\Release\Objects\Demo (?C_STARTUP)

  VALUE           TYPE          NAME
  ----------------------------------

  -------         MODULE        ?C_STARTUP
  C:1676H         SEGMENT       ?C_C51STARTUP
  I:0021H         SEGMENT       ?STACK
  C:0000H         PUBLIC        ?C_STARTUP
  D:00E0H         SYMBOL        ACC
  D:00F0H         SYMBOL        B
  D:0083H         SYMBOL        DPH
  D:0082H         SYMBOL        DPL
  N:0000H         SYMBOL        IBPSTACK
  N:0100H         SYMBOL        IBPSTACKTOP
  N:0080H         SYMBOL        IDATALEN
  C:1679H         SYMBOL        IDATALOOP
  N:0000H         SYMBOL        PBPSTACK
  N:0100H         SYMBOL        PBPSTACKTOP
  N:0000H         SYMBOL        PDATALEN
  N:0000H         SYMBOL        PDATASTART
  N:0000H         SYMBOL        PPAGE
  N:0000H         SYMBOL        PPAGEENABLE
  D:00A0H         SYMBOL        PPAGE_SFR
  D:0081H         SYMBOL        SP
  C:1676H         SYMBOL        STARTUP1
  N:0000H         SYMBOL        XBPSTACK
  N:0000H         SYMBOL        XBPSTACKTOP
  N:0000H         SYMBOL        XDATALEN
BL51 BANKED LINKER/LOCATER V6.22.4.0                                                  05/20/2026  19:00:48  PAGE 10


  N:0000H         SYMBOL        XDATASTART
  C:0000H         LINE#         126
  C:1676H         LINE#         133
  C:1678H         LINE#         134
  C:1679H         LINE#         135
  C:167AH         LINE#         136
  C:167CH         LINE#         185
  C:167FH         LINE#         196
  -------         ENDMOD        ?C_STARTUP

  -------         MODULE        SYSTEM
  C:0000H         SYMBOL        _ICE_DUMMY_
  D:00A7H         PUBLIC        FLASH_TIMEREG0
  D:00ACH         PUBLIC        FLASH_TIMEREG1
  C:23C7H         PUBLIC        _delay
  C:2266H         PUBLIC        _delay_ms
  C:125AH         PUBLIC        system_init
  -------         PROC          _DELAY
  D:0006H         SYMBOL        cnt
  C:23C7H         LINE#         37
  C:23C7H         LINE#         38
  C:23C7H         LINE#         39
  C:23D1H         LINE#         40
  C:23D1H         LINE#         41
  C:23D1H         LINE#         42
  -------         ENDPROC       _DELAY
  -------         PROC          _DELAY_MS
  D:0002H         SYMBOL        ms
  C:2266H         LINE#         49
  C:226AH         LINE#         50
  C:226AH         LINE#         51
  C:2274H         LINE#         52
  C:2274H         LINE#         53
  C:227BH         LINE#         54
  C:227DH         LINE#         55
  -------         ENDPROC       _DELAY_MS
  -------         PROC          SYSTEM_INIT
  -------         DO            
  D:0007H         SYMBOL        i
  -------         ENDDO         
  C:125AH         LINE#         62
  C:125AH         LINE#         63
  C:125AH         LINE#         66
  C:1261H         LINE#         67
  C:126EH         LINE#         68
  C:1271H         LINE#         69
  C:1274H         LINE#         70
  C:127AH         LINE#         71
  C:1280H         LINE#         72
  C:1286H         LINE#         76
  C:1288H         LINE#         77
  C:1288H         LINE#         78
  C:1295H         LINE#         79
  C:129AH         LINE#         81
  C:1328H         LINE#         82
  -------         ENDPROC       SYSTEM_INIT
  -------         ENDMOD        SYSTEM
BL51 BANKED LINKER/LOCATER V6.22.4.0                                                  05/20/2026  19:00:48  PAGE 11



  -------         MODULE        ADC
  C:0000H         SYMBOL        _ICE_DUMMY_
  D:00A8H         PUBLIC        IE0
  D:00A9H         PUBLIC        IE1
  D:00AAH         PUBLIC        IE2
  D:00ABH         PUBLIC        IE3
  B:00A8H.7       PUBLIC        IE_EA
  D:00B8H         PUBLIC        IP0
  D:00B1H         PUBLIC        IP1
  D:00B2H         PUBLIC        IP2
  D:00B3H         PUBLIC        IP3
  D:00B4H         PUBLIC        IP4
  D:00B5H         PUBLIC        IP5
  D:00B6H         PUBLIC        IP6
  D:00B7H         PUBLIC        IP7
  D:0093H         PUBLIC        ADC_DATAH0
  D:0094H         PUBLIC        ADC_DATAL0
  D:0099H         PUBLIC        ADC_CHS0
  X:62DCH         PUBLIC        cur_adc_status
  C:2364H         PUBLIC        adc_pin_init
  C:2116H         PUBLIC        adc_init
  C:1988H         PUBLIC        adc_scan
  C:2340H         PUBLIC        adc_init_when_low_pwr_out
  C:1E0EH         PUBLIC        _adc_update_val
  C:1FCAH         PUBLIC        _adc_get_val
  C:20CEH         PUBLIC        _adc_get_update_flag
  C:0024H         PUBLIC        _adc_clear_update_flag
  C:1B92H         PUBLIC        _adc_channel_sel
  C:2296H         PUBLIC        adc_get_val_once
  X:62DDH         SYMBOL        adc_adkey_val
  B:0020H.0       SYMBOL        flag_is_adkey_val_update
  X:62DFH         SYMBOL        adc_bat_det_val
  B:0020H.1       SYMBOL        flag_is_adc_bat_det_val_update
  X:62E1H         SYMBOL        adc_solar_det_val
  B:0020H.2       SYMBOL        flag_is_adc_solar_det_val_update
  X:62E3H         SYMBOL        adc_type_c_det_val
  B:0020H.3       SYMBOL        flag_is_adc_type_c_det_val_update
  C:1819H         PUBLIC        ADC_IRQHandler
  C:1FF8H         SYMBOL        Com0067
  C:1FF8H         SYMBOL        L?0104
  C:1FF8H         SYMBOL        L?0105
  C:2002H         SYMBOL        L?0106
  C:2002H         SYMBOL        L?0107
  C:200BH         SYMBOL        L?0108
  C:200BH         SYMBOL        L?0109
  C:2012H         SYMBOL        L?0110
  C:201CH         SYMBOL        L?0111
  -------         PROC          COM0067
  -------         ENDPROC       COM0067
  -------         PROC          ADC_PIN_INIT
  C:2364H         LINE#         22
  C:2364H         LINE#         23
  C:2364H         LINE#         25
  C:236AH         LINE#         28
  C:2370H         LINE#         31
  C:2374H         LINE#         32
BL51 BANKED LINKER/LOCATER V6.22.4.0                                                  05/20/2026  19:00:48  PAGE 12


  -------         ENDPROC       ADC_PIN_INIT
  -------         PROC          ADC_INIT
  C:2116H         LINE#         34
  C:2116H         LINE#         35
  C:2116H         LINE#         36
  C:211BH         LINE#         38
  C:2121H         LINE#         42
  C:2124H         LINE#         43
  C:2126H         LINE#         45
  C:212CH         LINE#         47
  C:2131H         LINE#         50
  -------         ENDPROC       ADC_INIT
  -------         PROC          _ADC_UPDATE_VAL
  D:0007H         SYMBOL        adc_channel
  D:0004H         SYMBOL        adc_val
  C:1E0EH         LINE#         59
  C:1E0EH         LINE#         60
  C:1E0EH         LINE#         61
  C:1E1DH         LINE#         62
  C:1E1DH         LINE#         63
  C:1E1DH         LINE#         64
  C:1E25H         LINE#         65
  C:1E27H         LINE#         66
  C:1E28H         LINE#         67
  C:1E28H         LINE#         68
  C:1E30H         LINE#         69
  C:1E32H         LINE#         70
  C:1E33H         LINE#         71
  C:1E33H         LINE#         72
  C:1E3BH         LINE#         73
  C:1E3DH         LINE#         74
  C:1E3EH         LINE#         75
  C:1E3EH         LINE#         76
  C:1E48H         LINE#         77
  C:1E4AH         LINE#         78
  C:1E4AH         LINE#         79
  C:1E4AH         LINE#         80
  -------         ENDPROC       _ADC_UPDATE_VAL
  -------         PROC          _ADC_GET_VAL
  D:0007H         SYMBOL        adc_channel
  -------         DO            
  D:0004H         SYMBOL        ret
  -------         ENDDO         
  C:1FCAH         LINE#         82
  C:1FCAH         LINE#         83
  C:1FCAH         LINE#         84
  C:1FCDH         LINE#         85
  C:1FDCH         LINE#         86
  C:1FDCH         LINE#         87
  C:1FDCH         LINE#         88
  C:1FDFH         LINE#         89
  C:1FE1H         LINE#         90
  C:1FE1H         LINE#         91
  C:1FE4H         LINE#         92
  C:1FE6H         LINE#         93
  C:1FE6H         LINE#         94
  C:1FE9H         LINE#         95
BL51 BANKED LINKER/LOCATER V6.22.4.0                                                  05/20/2026  19:00:48  PAGE 13


  C:1FEBH         LINE#         96
  C:1FEBH         LINE#         97
  C:1FF3H         LINE#         98
  C:1FF3H         LINE#         100
  C:1FF3H         LINE#         101
  C:1FF3H         LINE#         102
  C:1FF3H         LINE#         104
  C:1FF7H         LINE#         105
  -------         ENDPROC       _ADC_GET_VAL
  -------         PROC          _ADC_GET_UPDATE_FLAG
  D:0007H         SYMBOL        adc_channel
  -------         DO            
  D:0006H         SYMBOL        ret
  -------         ENDDO         
  C:20CEH         LINE#         108
  C:20CEH         LINE#         109
  C:20CEH         LINE#         110
  C:20D0H         LINE#         111
  C:20DFH         LINE#         112
  C:20DFH         LINE#         113
  C:20DFH         LINE#         114
  C:20E1H         LINE#         115
  C:20E3H         LINE#         116
  C:20E3H         LINE#         117
  C:20E5H         LINE#         118
  C:20E7H         LINE#         119
  C:20E7H         LINE#         120
  C:20E9H         LINE#         121
  C:20EBH         LINE#         122
  C:20EBH         LINE#         123
  C:20F0H         LINE#         124
  C:20F0H         LINE#         126
  C:20F0H         LINE#         127
  C:20F0H         LINE#         128
  C:20F0H         LINE#         130
  C:20F2H         LINE#         131
  -------         ENDPROC       _ADC_GET_UPDATE_FLAG
  -------         PROC          _ADC_CLEAR_UPDATE_FLAG
  D:0007H         SYMBOL        adc_channel
  C:0024H         LINE#         134
  C:0024H         LINE#         135
  C:0024H         LINE#         136
  C:0033H         LINE#         137
  C:0033H         LINE#         138
  C:0033H         LINE#         139
  C:0035H         LINE#         140
  C:0036H         LINE#         141
  C:0036H         LINE#         142
  C:0038H         LINE#         143
  C:0039H         LINE#         144
  C:0039H         LINE#         145
  C:003BH         LINE#         146
  C:003CH         LINE#         147
  C:003CH         LINE#         148
  C:003EH         LINE#         149
  C:003EH         LINE#         151
  C:003EH         LINE#         152
BL51 BANKED LINKER/LOCATER V6.22.4.0                                                  05/20/2026  19:00:48  PAGE 14


  C:003EH         LINE#         153
  C:003EH         LINE#         154
  -------         ENDPROC       _ADC_CLEAR_UPDATE_FLAG
  -------         PROC          _ADC_CHANNEL_SEL
  D:0007H         SYMBOL        adc_channel
  C:1B92H         LINE#         156
  C:1B92H         LINE#         157
  C:1B92H         LINE#         158
  C:1B99H         LINE#         162
  C:1BA8H         LINE#         163
  C:1BA8H         LINE#         164
  C:1BA8H         LINE#         166
  C:1BAFH         LINE#         168
  C:1BB2H         LINE#         169
  C:1BB4H         LINE#         170
  C:1BB4H         LINE#         171
  C:1BBBH         LINE#         174
  C:1BBEH         LINE#         176
  C:1BC0H         LINE#         177
  C:1BC0H         LINE#         181
  C:1BC7H         LINE#         184
  C:1BCAH         LINE#         185
  C:1BCCH         LINE#         187
  C:1BCCH         LINE#         188
  C:1BD3H         LINE#         191
  C:1BD6H         LINE#         192
  C:1BD6H         LINE#         194
  C:1BD6H         LINE#         195
  C:1BD6H         LINE#         196
  C:1BD6H         LINE#         198
  C:1BDCH         LINE#         200
  -------         ENDPROC       _ADC_CHANNEL_SEL
  -------         PROC          ADC_INIT_WHEN_LOW_PWR_OUT
  C:2340H         LINE#         203
  C:2340H         LINE#         204
  C:2340H         LINE#         205
  C:2346H         LINE#         208
  C:234CH         LINE#         209
  C:2351H         LINE#         211
  -------         ENDPROC       ADC_INIT_WHEN_LOW_PWR_OUT
  -------         PROC          ADC_GET_VAL_ONCE
  C:2296H         LINE#         214
  C:2296H         LINE#         215
  C:2296H         LINE#         216
  C:229CH         LINE#         217
  C:22A2H         LINE#         219
  C:22A4H         LINE#         220
  C:22ACH         LINE#         221
  -------         ENDPROC       ADC_GET_VAL_ONCE
  -------         PROC          ADC_SCAN
  C:1988H         LINE#         224
  C:1988H         LINE#         225
  C:1988H         LINE#         227
  C:19AEH         LINE#         228
  C:19AEH         LINE#         229
  C:19AEH         LINE#         231
  C:19AEH         LINE#         232
BL51 BANKED LINKER/LOCATER V6.22.4.0                                                  05/20/2026  19:00:48  PAGE 15


  C:19B0H         LINE#         233
  C:19B6H         LINE#         234
  C:19B7H         LINE#         235
  C:19B7H         LINE#         237
  C:19B7H         LINE#         238
  C:19BDH         LINE#         239
  C:19BEH         LINE#         240
  C:19BEH         LINE#         241
  C:19C0H         LINE#         242
  C:19C6H         LINE#         243
  C:19C7H         LINE#         244
  C:19C7H         LINE#         246
  C:19CAH         LINE#         249
  C:19CAH         LINE#         250
  C:19D0H         LINE#         251
  C:19D1H         LINE#         252
  C:19D1H         LINE#         253
  C:19D3H         LINE#         254
  C:19D9H         LINE#         255
  C:19DAH         LINE#         256
  C:19DAH         LINE#         257
  C:19DAH         LINE#         258
  C:19E0H         LINE#         259
  C:19E1H         LINE#         260
  C:19E1H         LINE#         261
  C:19E3H         LINE#         262
  C:19E9H         LINE#         263
  C:19EAH         LINE#         264
  C:19EAH         LINE#         265
  C:19EAH         LINE#         266
  C:19F0H         LINE#         267
  C:19F0H         LINE#         269
  C:19F0H         LINE#         270
  C:19F0H         LINE#         271
  C:19F0H         LINE#         272
  -------         ENDPROC       ADC_SCAN
  -------         PROC          ADC_IRQHANDLER
  -------         DO            
  X:62A3H         SYMBOL        adc_val
  -------         ENDDO         
  C:1819H         LINE#         274
  C:1836H         LINE#         279
  C:1836H         LINE#         283
  C:183CH         LINE#         284
  C:183CH         LINE#         285
  C:183FH         LINE#         286
  C:184EH         LINE#         288
  C:1862H         LINE#         289
  C:1862H         LINE#         290
  C:1862H         LINE#         291
  C:1867H         LINE#         292
  C:1869H         LINE#         293
  C:1869H         LINE#         294
  C:1871H         LINE#         297
  C:1874H         LINE#         299
  C:1877H         LINE#         300
  C:1879H         LINE#         301
BL51 BANKED LINKER/LOCATER V6.22.4.0                                                  05/20/2026  19:00:48  PAGE 16


  C:1879H         LINE#         302
  C:187EH         LINE#         303
  C:1880H         LINE#         304
  C:1880H         LINE#         305
  C:1888H         LINE#         306
  C:1888H         LINE#         308
  C:1888H         LINE#         309
  C:1888H         LINE#         310
  C:1888H         LINE#         311
  C:1888H         LINE#         314
  C:1888H         LINE#         315
  -------         ENDPROC       ADC_IRQHANDLER
  -------         ENDMOD        ADC

  -------         MODULE        PWM
  C:0000H         SYMBOL        _ICE_DUMMY_
  B:00A0H.7       PUBLIC        P27
  B:00B0H.0       PUBLIC        P30
  C:178EH         PUBLIC        pwm_init
  C:23D2H         PUBLIC        _pwm_set_channel_0_duty
  C:23DBH         PUBLIC        _pwm_set_channel_1_duty
  C:22C4H         SYMBOL        Com0004
  C:22C4H         SYMBOL        L?0005
  C:22CFH         SYMBOL        L?0006
  -------         PROC          COM0004
  -------         ENDPROC       COM0004
  -------         PROC          PWM_INIT
  C:178EH         LINE#         3
  C:178EH         LINE#         4
  C:178EH         LINE#         6
  C:1794H         LINE#         7
  C:1798H         LINE#         9
  C:179AH         LINE#         10
  C:179FH         LINE#         13
  C:17A5H         LINE#         14
  C:17A9H         LINE#         16
  C:17ABH         LINE#         17
  C:17B0H         LINE#         21
  C:17B6H         LINE#         22
  C:17BBH         LINE#         23
  C:17C0H         LINE#         24
  C:17C4H         LINE#         25
  C:17C6H         LINE#         26
  C:17C6H         LINE#         27
  C:17C6H         LINE#         29
  C:17CCH         LINE#         30
  C:17D2H         LINE#         31
  C:17D8H         LINE#         32
  C:17DEH         LINE#         33
  C:17E4H         LINE#         37
  C:17EAH         LINE#         38
  C:17EFH         LINE#         39
  C:17F4H         LINE#         40
  C:17F8H         LINE#         41
  C:17FAH         LINE#         42
  C:17FAH         LINE#         43
  C:17FAH         LINE#         45
BL51 BANKED LINKER/LOCATER V6.22.4.0                                                  05/20/2026  19:00:48  PAGE 17


  C:1800H         LINE#         46
  C:1806H         LINE#         47
  C:180CH         LINE#         48
  C:1812H         LINE#         49
  C:1818H         LINE#         50
  -------         ENDPROC       PWM_INIT
  -------         PROC          _PWM_SET_CHANNEL_0_DUTY
  D:0004H         SYMBOL        channel_duty
  C:23D2H         LINE#         53
  C:23D2H         LINE#         54
  C:23D2H         LINE#         55
  C:23D4H         LINE#         56
  C:23D4H         LINE#         57
  C:23DAH         LINE#         58
  -------         ENDPROC       _PWM_SET_CHANNEL_0_DUTY
  -------         PROC          _PWM_SET_CHANNEL_1_DUTY
  D:0004H         SYMBOL        channel_duty
  C:23DBH         LINE#         61
  C:23DBH         LINE#         62
  C:23DBH         LINE#         63
  C:23DDH         LINE#         64
  C:23DDH         LINE#         65
  C:23E3H         LINE#         66
  -------         ENDPROC       _PWM_SET_CHANNEL_1_DUTY
  -------         ENDMOD        PWM

  -------         MODULE        TIMER0
  C:0000H         SYMBOL        _ICE_DUMMY_
  D:00A8H         PUBLIC        IE0
  D:00A9H         PUBLIC        IE1
  D:00AAH         PUBLIC        IE2
  D:00ABH         PUBLIC        IE3
  B:00A8H.7       PUBLIC        IE_EA
  D:00B8H         PUBLIC        IP0
  D:00B1H         PUBLIC        IP1
  D:00B2H         PUBLIC        IP2
  D:00B3H         PUBLIC        IP3
  D:00B4H         PUBLIC        IP4
  D:00B5H         PUBLIC        IP5
  D:00B6H         PUBLIC        IP6
  D:00B7H         PUBLIC        IP7
  D:00D1H         PUBLIC        TMR_ALLCON
  C:21FDH         PUBLIC        timer0_init
  C:191CH         PUBLIC        TIMR0_IRQHandler
  -------         PROC          TIMER0_INIT
  C:21FDH         LINE#         10
  C:21FDH         LINE#         11
  C:21FDH         LINE#         12
  C:2200H         LINE#         13
  C:2202H         LINE#         15
  C:2205H         LINE#         16
  C:220AH         LINE#         17
  C:220EH         LINE#         18
  C:2213H         LINE#         19
  C:2217H         LINE#         20
  -------         ENDPROC       TIMER0_INIT
  -------         PROC          TIMR0_IRQHANDLER
BL51 BANKED LINKER/LOCATER V6.22.4.0                                                  05/20/2026  19:00:48  PAGE 18


  C:191CH         LINE#         24
  C:1939H         LINE#         27
  C:1939H         LINE#         32
  C:193FH         LINE#         33
  C:193FH         LINE#         34
  C:1943H         LINE#         40
  C:1949H         LINE#         41
  C:194CH         LINE#         43
  C:194FH         LINE#         44
  C:1952H         LINE#         46
  C:1955H         LINE#         47
  C:1958H         LINE#         48
  C:195BH         LINE#         50
  C:195EH         LINE#         51
  C:1961H         LINE#         52
  C:1964H         LINE#         54
  C:1967H         LINE#         55
  C:196AH         LINE#         57
  C:196DH         LINE#         63
  C:196DH         LINE#         66
  C:196DH         LINE#         67
  -------         ENDPROC       TIMR0_IRQHANDLER
  -------         ENDMOD        TIMER0

  -------         MODULE        TIMER1
  C:0000H         SYMBOL        _ICE_DUMMY_
  D:00A8H         PUBLIC        IE0
  D:00A9H         PUBLIC        IE1
  D:00AAH         PUBLIC        IE2
  D:00ABH         PUBLIC        IE3
  B:00A8H.7       PUBLIC        IE_EA
  D:00B8H         PUBLIC        IP0
  D:00B1H         PUBLIC        IP1
  D:00B2H         PUBLIC        IP2
  D:00B3H         PUBLIC        IP3
  D:00B4H         PUBLIC        IP4
  D:00B5H         PUBLIC        IP5
  D:00B6H         PUBLIC        IP6
  D:00B7H         PUBLIC        IP7
  D:00D1H         PUBLIC        TMR_ALLCON
  C:2218H         PUBLIC        timer1_init
  C:1C71H         PUBLIC        TIMR1_IRQHandler
  -------         PROC          TIMER1_INIT
  C:2218H         LINE#         9
  C:2218H         LINE#         10
  C:2218H         LINE#         12
  C:221BH         LINE#         13
  C:221DH         LINE#         15
  C:2220H         LINE#         16
  C:2225H         LINE#         17
  C:2229H         LINE#         18
  C:222EH         LINE#         19
  C:2232H         LINE#         23
  -------         ENDPROC       TIMER1_INIT
  -------         PROC          TIMR1_IRQHANDLER
  C:1C71H         LINE#         27
  C:1C8EH         LINE#         30
BL51 BANKED LINKER/LOCATER V6.22.4.0                                                  05/20/2026  19:00:48  PAGE 19


  C:1C8EH         LINE#         34
  C:1C94H         LINE#         35
  C:1C94H         LINE#         36
  C:1C98H         LINE#         39
  C:1C9BH         LINE#         40
  C:1C9EH         LINE#         41
  C:1C9EH         LINE#         44
  C:1C9EH         LINE#         45
  -------         ENDPROC       TIMR1_IRQHANDLER
  -------         ENDMOD        TIMER1

  -------         MODULE        UART0
  C:0000H         SYMBOL        _ICE_DUMMY_
  D:00A8H         PUBLIC        IE0
  D:00A9H         PUBLIC        IE1
  D:00AAH         PUBLIC        IE2
  D:00ABH         PUBLIC        IE3
  B:00A8H.7       PUBLIC        IE_EA
  D:00B8H         PUBLIC        IP0
  D:00B1H         PUBLIC        IP1
  D:00B2H         PUBLIC        IP2
  D:00B3H         PUBLIC        IP3
  D:00B4H         PUBLIC        IP4
  D:00B5H         PUBLIC        IP5
  D:00B6H         PUBLIC        IP6
  D:00B7H         PUBLIC        IP7
  D:00D2H         PUBLIC        UART0_CON0
  D:00D4H         PUBLIC        UART0_STA
  D:00D5H         PUBLIC        UART0_BAUD0
  D:00D6H         PUBLIC        UART0_BAUD1
  D:00D7H         PUBLIC        UART0_DATA
  C:1E87H         PUBLIC        uart0_init
  C:23EDH         PUBLIC        _uart0_sendbyte
  C:20F3H         PUBLIC        _uart0_sendbuf
  C:23E4H         PUBLIC        uart0_rxbuffer_get_count
  C:1E4BH         PUBLIC        uart0_rxbuffer_get_byte
  X:6000H         PUBLIC        uart0_rx_buffer
  C:1D8CH         SYMBOL        _uart0_rxbuffer_put_byte
  C:1F63H         PUBLIC        UART0_IRQHandler
  C:241DH         SYMBOL        Com0047
  C:241DH         SYMBOL        L?0072
  C:241DH         SYMBOL        L?0073
  -------         PROC          COM0047
  -------         ENDPROC       COM0047
  -------         PROC          UART0_INIT
  C:1E87H         LINE#         17
  C:1E87H         LINE#         18
  C:1E87H         LINE#         19
  C:1E8DH         LINE#         20
  C:1E91H         LINE#         21
  C:1E98H         LINE#         23
  C:1E9EH         LINE#         24
  C:1EA4H         LINE#         25
  C:1EAAH         LINE#         27
  C:1EADH         LINE#         28
  C:1EB0H         LINE#         29
  C:1EB3H         LINE#         33
BL51 BANKED LINKER/LOCATER V6.22.4.0                                                  05/20/2026  19:00:48  PAGE 20


  C:1EBBH         LINE#         34
  C:1EBEH         LINE#         35
  C:1EC0H         LINE#         36
  -------         ENDPROC       UART0_INIT
  -------         PROC          _UART0_SENDBYTE
  D:0007H         SYMBOL        byte
  C:23EDH         LINE#         39
  C:23EDH         LINE#         40
  C:23EDH         LINE#         41
  C:23F2H         LINE#         44
  C:23F4H         LINE#         48
  -------         ENDPROC       _UART0_SENDBYTE
  -------         PROC          _UART0_SENDBUF
  X:62A0H         SYMBOL        buf
  D:0005H         SYMBOL        len
  -------         DO            
  D:0006H         SYMBOL        i
  -------         ENDDO         
  C:20F3H         LINE#         50
  C:20F9H         LINE#         51
  C:20F9H         LINE#         52
  C:20FBH         LINE#         53
  C:2100H         LINE#         54
  C:2100H         LINE#         55
  C:2112H         LINE#         56
  C:2115H         LINE#         57
  -------         ENDPROC       _UART0_SENDBUF
  -------         PROC          UART0_RXBUFFER_GET_COUNT
  C:23E4H         LINE#         60
  C:23E4H         LINE#         61
  C:23E4H         LINE#         62
  C:23ECH         LINE#         63
  -------         ENDPROC       UART0_RXBUFFER_GET_COUNT
  -------         PROC          UART0_RXBUFFER_GET_BYTE
  -------         DO            
  D:0007H         SYMBOL        rxbyte
  -------         ENDDO         
  C:1E4BH         LINE#         66
  C:1E4BH         LINE#         67
  C:1E4BH         LINE#         70
  C:1E55H         LINE#         71
  C:1E55H         LINE#         73
  C:1E57H         LINE#         74
  C:1E57H         LINE#         80
  C:1E5DH         LINE#         81
  C:1E66H         LINE#         82
  C:1E66H         LINE#         83
  C:1E6AH         LINE#         84
  C:1E6AH         LINE#         85
  C:1E7CH         LINE#         87
  C:1E86H         LINE#         89
  C:1E86H         LINE#         90
  -------         ENDPROC       UART0_RXBUFFER_GET_BYTE
  -------         PROC          _UART0_RXBUFFER_PUT_BYTE
  D:0007H         SYMBOL        byte
  C:1D8CH         LINE#         92
  C:1D8CH         LINE#         93
BL51 BANKED LINKER/LOCATER V6.22.4.0                                                  05/20/2026  19:00:48  PAGE 21


  C:1D8CH         LINE#         100
  C:1D92H         LINE#         101
  C:1D9BH         LINE#         102
  C:1D9BH         LINE#         103
  C:1D9FH         LINE#         104
  C:1D9FH         LINE#         105
  C:1DB1H         LINE#         107
  C:1DB7H         LINE#         108
  C:1DC6H         LINE#         109
  C:1DC6H         LINE#         110
  C:1DCCH         LINE#         111
  C:1DCCH         LINE#         112
  -------         ENDPROC       _UART0_RXBUFFER_PUT_BYTE
  -------         PROC          UART0_IRQHANDLER
  -------         DO            
  X:62B0H         SYMBOL        recv_byte
  -------         ENDDO         
  C:1F63H         LINE#         115
  C:1F76H         LINE#         118
  C:1F76H         LINE#         121
  C:1F7BH         LINE#         122
  C:1F7BH         LINE#         123
  C:1F81H         LINE#         124
  C:1F86H         LINE#         127
  C:1F86H         LINE#         129
  C:1F86H         LINE#         130
  -------         ENDPROC       UART0_IRQHANDLER
  -------         ENDMOD        UART0

  -------         MODULE        MAIN
  C:0000H         SYMBOL        _ICE_DUMMY_
  D:00D9H         PUBLIC        WDT_KEY
  C:217CH         PUBLIC        user_init
  C:1AF9H         PUBLIC        main
  -------         PROC          USER_INIT
  C:217CH         LINE#         103
  C:217CH         LINE#         104
  C:217CH         LINE#         105
  C:217FH         LINE#         106
  C:2182H         LINE#         107
  C:2185H         LINE#         108
  C:2188H         LINE#         109
  C:218BH         LINE#         110
  C:218EH         LINE#         112
  C:2191H         LINE#         113
  C:2194H         LINE#         114
  C:2197H         LINE#         117
  C:219AH         LINE#         118
  -------         ENDPROC       USER_INIT
  -------         PROC          MAIN
  C:1AF9H         LINE#         126
  C:1AF9H         LINE#         127
  C:1AF9H         LINE#         129
  C:1AFCH         LINE#         130
  C:1AFFH         LINE#         133
  C:1B02H         LINE#         134
  C:1B09H         LINE#         135
BL51 BANKED LINKER/LOCATER V6.22.4.0                                                  05/20/2026  19:00:48  PAGE 22


  C:1B0CH         LINE#         138
  C:1B11H         LINE#         139
  C:1B13H         LINE#         140
  C:1B16H         LINE#         141
  C:1B18H         LINE#         142
  C:1B1BH         LINE#         143
  C:1B1DH         LINE#         144
  C:1B20H         LINE#         145
  C:1B22H         LINE#         147
  C:1B25H         LINE#         148
  C:1B2CH         LINE#         150
  C:1B2CH         LINE#         151
  C:1B2CH         LINE#         152
  C:1B35H         LINE#         153
  C:1B38H         LINE#         155
  C:1B3BH         LINE#         157
  C:1B3EH         LINE#         159
  C:1B41H         LINE#         166
  C:1B44H         LINE#         171
  -------         ENDPROC       MAIN
  -------         ENDMOD        MAIN

  -------         MODULE        UART_DATA_HANDLE
  C:0000H         SYMBOL        _ICE_DUMMY_
  C:2352H         PUBLIC        uart_receiver_reset
  C:000FH         PUBLIC        uart_receiver_timeout_add
  C:2138H         PUBLIC        uart_receiver_process_checksum
  C:1492H         PUBLIC        _uart_receiver_process_byte
  C:231AH         PUBLIC        uart_receiver_timeout_handler
  C:18A3H         PUBLIC        uart_data_handle
  C:1D47H         PUBLIC        _uart_data_send_cmd
  X:62B2H         SYMBOL        uart_receiver
  C:23F5H         SYMBOL        _?ix1000
  C:22ADH         SYMBOL        Com0038
  C:22ADH         SYMBOL        L?0057
  C:22ADH         SYMBOL        L?0058
  -------         PROC          COM0038
  -------         ENDPROC       COM0038
  -------         PROC          UART_RECEIVER_RESET
  C:2352H         LINE#         13
  C:2352H         LINE#         14
  C:2352H         LINE#         16
  C:2357H         LINE#         17
  C:235BH         LINE#         18
  C:235FH         LINE#         19
  C:2363H         LINE#         20
  -------         ENDPROC       UART_RECEIVER_RESET
  -------         PROC          UART_RECEIVER_TIMEOUT_ADD
  C:000FH         LINE#         26
  C:000FH         LINE#         27
  C:000FH         LINE#         28
  C:0015H         LINE#         29
  C:0015H         LINE#         30
  C:001DH         LINE#         31
  C:001DH         LINE#         32
  -------         ENDPROC       UART_RECEIVER_TIMEOUT_ADD
  -------         PROC          UART_RECEIVER_PROCESS_CHECKSUM
BL51 BANKED LINKER/LOCATER V6.22.4.0                                                  05/20/2026  19:00:48  PAGE 23


  -------         DO            
  D:0006H         SYMBOL        i
  D:0007H         SYMBOL        check_sum
  -------         ENDDO         
  C:2138H         LINE#         39
  C:2138H         LINE#         40
  C:2138H         LINE#         42
  C:213AH         LINE#         43
  C:213BH         LINE#         44
  C:213BH         LINE#         45
  C:2148H         LINE#         46
  C:214DH         LINE#         48
  C:2154H         LINE#         49
  C:2154H         LINE#         50
  C:2157H         LINE#         51
  C:2157H         LINE#         53
  C:2157H         LINE#         60
  C:2159H         LINE#         61
  C:2159H         LINE#         62
  -------         ENDPROC       UART_RECEIVER_PROCESS_CHECKSUM
  -------         PROC          _UART_RECEIVER_PROCESS_BYTE
  D:0005H         SYMBOL        byte
  C:1492H         LINE#         71
  C:1494H         LINE#         72
  C:1494H         LINE#         74
  C:14B7H         LINE#         75
  C:14B7H         LINE#         76
  C:14B7H         LINE#         77
  C:14BBH         LINE#         78
  C:14BBH         LINE#         79
  C:14BBH         LINE#         80
  C:14C0H         LINE#         81
  C:14C3H         LINE#         82
  C:14C3H         LINE#         84
  C:14C3H         LINE#         85
  C:14C6H         LINE#         86
  C:14C6H         LINE#         87
  C:14C6H         LINE#         89
  C:14C6H         LINE#         90
  C:14CAH         LINE#         91
  C:14CAH         LINE#         92
  C:14CAH         LINE#         93
  C:14CFH         LINE#         94
  C:14D2H         LINE#         95
  C:14D2H         LINE#         97
  C:14D2H         LINE#         99
  C:14D5H         LINE#         100
  C:14D5H         LINE#         101
  C:14D5H         LINE#         103
  C:14D5H         LINE#         104
  C:14D8H         LINE#         105
  C:14D8H         LINE#         106
  C:14D8H         LINE#         107
  C:14DDH         LINE#         108
  C:14E0H         LINE#         109
  C:14E0H         LINE#         111
  C:14E0H         LINE#         112
BL51 BANKED LINKER/LOCATER V6.22.4.0                                                  05/20/2026  19:00:48  PAGE 24


  C:14E3H         LINE#         113
  C:14E3H         LINE#         114
  C:14E3H         LINE#         116
  C:14E3H         LINE#         118
  C:14E3H         LINE#         119
  C:14E8H         LINE#         120
  C:14EAH         LINE#         121
  C:14EAH         LINE#         123
  C:14EAH         LINE#         125
  C:14EAH         LINE#         126
  C:14EFH         LINE#         127
  C:14F1H         LINE#         128
  C:14F1H         LINE#         130
  C:14F1H         LINE#         131
  C:14F4H         LINE#         132
  C:14F4H         LINE#         133
  C:14F4H         LINE#         134
  C:14F9H         LINE#         135
  C:14FBH         LINE#         136
  C:14FBH         LINE#         138
  C:14FBH         LINE#         139
  C:14FEH         LINE#         140
  C:14FEH         LINE#         141
  C:14FEH         LINE#         143
  C:14FEH         LINE#         145
  C:14FEH         LINE#         146
  C:1504H         LINE#         147
  C:150AH         LINE#         148
  C:150AH         LINE#         150
  C:150DH         LINE#         151
  C:150DH         LINE#         153
  C:150DH         LINE#         154
  C:1510H         LINE#         155
  C:1510H         LINE#         156
  C:1510H         LINE#         158
  C:1510H         LINE#         159
  C:1514H         LINE#         160
  C:1514H         LINE#         161
  C:1528H         LINE#         162
  C:152EH         LINE#         163
  C:1531H         LINE#         164
  C:1531H         LINE#         166
  C:1531H         LINE#         167
  C:1534H         LINE#         168
  C:1534H         LINE#         169
  C:1534H         LINE#         171
  C:1534H         LINE#         172
  C:1534H         LINE#         173
  C:1534H         LINE#         175
  C:1536H         LINE#         176
  -------         ENDPROC       _UART_RECEIVER_PROCESS_BYTE
  -------         PROC          UART_RECEIVER_TIMEOUT_HANDLER
  C:231AH         LINE#         179
  C:231AH         LINE#         180
  C:231AH         LINE#         185
  C:2329H         LINE#         186
  C:2329H         LINE#         200
BL51 BANKED LINKER/LOCATER V6.22.4.0                                                  05/20/2026  19:00:48  PAGE 25


  C:232CH         LINE#         201
  C:232CH         LINE#         202
  -------         ENDPROC       UART_RECEIVER_TIMEOUT_HANDLER
  -------         PROC          UART_DATA_HANDLE
  -------         DO            
  D:0004H         SYMBOL        recv_byte
  X:62B1H         SYMBOL        initialized
  -------         ENDDO         
  C:18A3H         LINE#         203
  C:18A3H         LINE#         204
  C:18A3H         LINE#         212
  C:18A9H         LINE#         213
  C:18A9H         LINE#         214
  C:18ACH         LINE#         215
  C:18B2H         LINE#         216
  C:18B2H         LINE#         221
  C:18B8H         LINE#         222
  C:18B8H         LINE#         223
  C:18BBH         LINE#         224
  C:18BBH         LINE#         233
  C:18BBH         LINE#         234
  C:18BBH         LINE#         235
  C:18CFH         LINE#         238
  C:18CFH         LINE#         252
  C:18CFH         LINE#         253
  C:18CFH         LINE#         255
  C:18D4H         LINE#         258
  C:18DAH         LINE#         259
  C:18DFH         LINE#         262
  C:18E5H         LINE#         263
  C:18E5H         LINE#         276
  C:18E8H         LINE#         277
  C:18E8H         LINE#         278
  C:18EAH         LINE#         308
  C:18F6H         LINE#         310
  C:18F6H         LINE#         312
  C:18F6H         LINE#         332
  C:1906H         LINE#         333
  C:1906H         LINE#         334
  C:1906H         LINE#         336
  C:190BH         LINE#         337
  C:190DH         LINE#         338
  C:190DH         LINE#         340
  C:1913H         LINE#         341
  C:1915H         LINE#         342
  C:1915H         LINE#         350
  C:1918H         LINE#         351
  C:1918H         LINE#         353
  C:1918H         LINE#         357
  C:1918H         LINE#         358
  C:1918H         LINE#         361
  C:191BH         LINE#         362
  -------         ENDPROC       UART_DATA_HANDLE
  -------         PROC          _UART_DATA_SEND_CMD
  X:6297H         SYMBOL        cmd
  -------         DO            
  X:6298H         SYMBOL        buf
BL51 BANKED LINKER/LOCATER V6.22.4.0                                                  05/20/2026  19:00:48  PAGE 26


  -------         ENDDO         
  C:1D47H         LINE#         366
  C:1D4CH         LINE#         367
  C:1D4CH         LINE#         368
  C:1D5FH         LINE#         379
  C:1D68H         LINE#         380
  C:1D81H         LINE#         382
  -------         ENDPROC       _UART_DATA_SEND_CMD
  -------         ENDMOD        UART_DATA_HANDLE

  -------         MODULE        KEY_DRIVER
  C:0000H         SYMBOL        _ICE_DUMMY_
  C:0B51H         PUBLIC        _key_driver_scan
  X:62E5H         SYMBOL        is_key_active
  X:62E6H         PUBLIC        scan_para
  C:219DH         SYMBOL        Com0021
  C:219DH         SYMBOL        L?0034
  C:21A0H         SYMBOL        L?0035
  C:21A1H         SYMBOL        L?0036
  C:21A7H         SYMBOL        L?0037
  C:21AAH         SYMBOL        L?0038
  C:21AEH         SYMBOL        L?0039
  C:21B4H         SYMBOL        L?0040
  C:21B7H         SYMBOL        L?0041
  -------         PROC          COM0021
  -------         ENDPROC       COM0021
  -------         PROC          _KEY_DRIVER_SCAN
  D:0001H         SYMBOL        _scan_para
  -------         DO            
  X:6295H         SYMBOL        key_event
  D:0007H         SYMBOL        cur_key_value
  X:6296H         SYMBOL        key_value
  C:0CB9H         SYMBOL        _notify
  C:0CD9H         SYMBOL        _scan_end
  -------         ENDDO         
  C:0B51H         LINE#         17
  C:0B51H         LINE#         19
  C:0B51H         LINE#         24
  C:0B56H         LINE#         25
  C:0B58H         LINE#         26
  C:0B5CH         LINE#         30
  C:0B62H         LINE#         33
  C:0B75H         LINE#         34
  C:0B75H         LINE#         36
  C:0B75H         LINE#         38
  C:0B7FH         LINE#         40
  C:0B88H         LINE#         46
  C:0B8CH         LINE#         47
  C:0B8CH         LINE#         48
  C:0B92H         LINE#         49
  C:0B94H         LINE#         50
  C:0B9AH         LINE#         51
  C:0B9AH         LINE#         52
  C:0B9DH         LINE#         53
  C:0B9DH         LINE#         56
  C:0BB1H         LINE#         57
  C:0BB1H         LINE#         59
BL51 BANKED LINKER/LOCATER V6.22.4.0                                                  05/20/2026  19:00:48  PAGE 27


  C:0BB8H         LINE#         60
  C:0BBEH         LINE#         62
  C:0BBEH         LINE#         65
  C:0BCFH         LINE#         66
  C:0BCFH         LINE#         67
  C:0BDAH         LINE#         69
  C:0BDAH         LINE#         72
  C:0BE6H         LINE#         73
  C:0BE6H         LINE#         80
  C:0BEAH         LINE#         81
  C:0BEAH         LINE#         82
  C:0BF1H         LINE#         83
  C:0BF1H         LINE#         84
  C:0BF3H         LINE#         85
  C:0BF9H         LINE#         86
  C:0BFBH         LINE#         88
  C:0BFBH         LINE#         91
  C:0BFBH         LINE#         92
  C:0C03H         LINE#         93
  C:0C03H         LINE#         94
  C:0C06H         LINE#         96
  C:0C06H         LINE#         101
  C:0C0EH         LINE#         102
  C:0C1AH         LINE#         103
  C:0C1AH         LINE#         104
  C:0C1FH         LINE#         105
  C:0C23H         LINE#         106
  C:0C26H         LINE#         108
  C:0C26H         LINE#         109
  C:0C2CH         LINE#         110
  C:0C2CH         LINE#         111
  C:0C2CH         LINE#         113
  C:0C2EH         LINE#         118
  C:0C2EH         LINE#         120
  C:0C2EH         LINE#         125
  C:0C32H         LINE#         126
  C:0C32H         LINE#         128
  C:0C43H         LINE#         129
  C:0C43H         LINE#         133
  C:0C54H         LINE#         134
  C:0C54H         LINE#         154
  C:0C54H         LINE#         155
  C:0C56H         LINE#         157
  C:0C56H         LINE#         158
  C:0C63H         LINE#         160
  C:0C65H         LINE#         162
  C:0C65H         LINE#         164
  C:0C65H         LINE#         165
  C:0C70H         LINE#         166
  C:0C73H         LINE#         168
  C:0C73H         LINE#         169
  C:0C73H         LINE#         171
  C:0C73H         LINE#         172
  C:0C73H         LINE#         174
  C:0C73H         LINE#         175
  C:0C73H         LINE#         177
  C:0C73H         LINE#         179
BL51 BANKED LINKER/LOCATER V6.22.4.0                                                  05/20/2026  19:00:48  PAGE 28


  C:0C7EH         LINE#         180
  C:0C7EH         LINE#         181
  C:0C86H         LINE#         182
  C:0C86H         LINE#         186
  C:0C8CH         LINE#         187
  C:0C8CH         LINE#         188
  C:0C92H         LINE#         193
  C:0C94H         LINE#         194
  C:0CA0H         LINE#         195
  C:0CA0H         LINE#         196
  C:0CA5H         LINE#         197
  C:0CB4H         LINE#         199
  C:0CB4H         LINE#         201
  C:0CB4H         LINE#         202
  C:0CB4H         LINE#         204
  C:0CB4H         LINE#         207
  C:0CB9H         LINE#         208
  C:0CB9H         LINE#         210
  C:0CB9H         LINE#         211
  C:0CB9H         LINE#         213
  C:0CB9H         LINE#         216
  C:0CB9H         LINE#         218
  C:0CB9H         LINE#         219
  C:0CBDH         LINE#         220
  C:0CC5H         LINE#         222
  C:0CCFH         LINE#         223
  C:0CD9H         LINE#         226
  C:0CD9H         LINE#         235
  C:0CD9H         LINE#         237
  C:0CD9H         LINE#         238
  C:0CE3H         LINE#         241
  -------         ENDPROC       _KEY_DRIVER_SCAN
  -------         ENDMOD        KEY_DRIVER

  -------         MODULE        AD_KEY
  C:0000H         SYMBOL        _ICE_DUMMY_
  X:6208H         PUBLIC        ad_key_para
  C:15DBH         PUBLIC        ad_key_handle
  X:621BH         SYMBOL        ad_key_scan_table
  X:622BH         SYMBOL        ad_key_event_table
  C:1F97H         PUBLIC        ad_key_get_key_val
  C:1B46H         SYMBOL        _ad_key_val_to_ad_key_index
  C:1BDDH         SYMBOL        _ad_key_get_event
  C:2375H         SYMBOL        Com0037
  C:2375H         SYMBOL        L?0056
  -------         PROC          COM0037
  -------         ENDPROC       COM0037
  -------         PROC          _AD_KEY_VAL_TO_AD_KEY_INDEX
  D:0006H         SYMBOL        ad_key_val
  -------         DO            
  D:0005H         SYMBOL        i
  X:6296H         SYMBOL        ad_key_index
  -------         ENDDO         
  C:1B46H         LINE#         53
  C:1B46H         LINE#         54
  C:1B46H         LINE#         55
  C:1B48H         LINE#         56
BL51 BANKED LINKER/LOCATER V6.22.4.0                                                  05/20/2026  19:00:48  PAGE 29


  C:1B50H         LINE#         59
  C:1B50H         LINE#         60
  C:1B50H         LINE#         61
  C:1B68H         LINE#         62
  C:1B68H         LINE#         63
  C:1B82H         LINE#         64
  C:1B84H         LINE#         65
  C:1B84H         LINE#         66
  C:1B89H         LINE#         68
  C:1B91H         LINE#         69
  -------         ENDPROC       _AD_KEY_VAL_TO_AD_KEY_INDEX
  -------         PROC          _AD_KEY_GET_EVENT
  D:0007H         SYMBOL        key_val
  D:0005H         SYMBOL        key_event
  -------         DO            
  D:0006H         SYMBOL        ret_key_event
  D:0004H         SYMBOL        key_event_index
  D:0003H         SYMBOL        i
  -------         ENDDO         
  C:1BDDH         LINE#         79
  C:1BDDH         LINE#         80
  C:1BDDH         LINE#         81
  C:1BDFH         LINE#         82
  C:1BE0H         LINE#         83
  C:1BE1H         LINE#         86
  C:1BE5H         LINE#         87
  C:1BE5H         LINE#         88
  C:1BE6H         LINE#         89
  C:1BE8H         LINE#         90
  C:1BECH         LINE#         91
  C:1BECH         LINE#         92
  C:1BEEH         LINE#         93
  C:1BF0H         LINE#         94
  C:1BF4H         LINE#         95
  C:1BF4H         LINE#         96
  C:1BF6H         LINE#         97
  C:1BF8H         LINE#         98
  C:1BFCH         LINE#         99
  C:1BFCH         LINE#         100
  C:1BFEH         LINE#         101
  C:1C00H         LINE#         103
  C:1C00H         LINE#         104
  C:1C03H         LINE#         105
  C:1C03H         LINE#         107
  C:1C09H         LINE#         108
  C:1C09H         LINE#         109
  C:1C10H         LINE#         110
  C:1C10H         LINE#         111
  C:1C1FH         LINE#         112
  C:1C21H         LINE#         113
  C:1C21H         LINE#         114
  C:1C24H         LINE#         116
  C:1C26H         LINE#         117
  -------         ENDPROC       _AD_KEY_GET_EVENT
  -------         PROC          AD_KEY_GET_KEY_VAL
  -------         DO            
  X:6206H         SYMBOL        val
BL51 BANKED LINKER/LOCATER V6.22.4.0                                                  05/20/2026  19:00:48  PAGE 30


  X:6295H         SYMBOL        ret
  -------         ENDDO         
  C:1F97H         LINE#         130
  C:1F97H         LINE#         131
  C:1F97H         LINE#         133
  C:1F9DH         LINE#         136
  C:1FA5H         LINE#         137
  C:1FA5H         LINE#         138
  C:1FAAH         LINE#         139
  C:1FB7H         LINE#         142
  C:1FB7H         LINE#         144
  C:1FC7H         LINE#         145
  C:1FC9H         LINE#         146
  -------         ENDPROC       AD_KEY_GET_KEY_VAL
  -------         PROC          AD_KEY_HANDLE
  -------         DO            
  X:6295H         SYMBOL        ad_key_event
  -------         ENDDO         
  C:15DBH         LINE#         148
  C:15DBH         LINE#         149
  C:15DBH         LINE#         150
  C:15E0H         LINE#         152
  C:15E9H         LINE#         153
  C:15E9H         LINE#         155
  C:15E9H         LINE#         157
  C:15F6H         LINE#         158
  C:15FBH         LINE#         159
  C:15FDH         LINE#         163
  C:160CH         LINE#         164
  C:160CH         LINE#         169
  C:1612H         LINE#         171
  C:1612H         LINE#         173
  C:1638H         LINE#         174
  C:1638H         LINE#         177
  C:1638H         LINE#         181
  C:163BH         LINE#         182
  C:163BH         LINE#         184
  C:163BH         LINE#         188
  C:163BH         LINE#         190
  C:163BH         LINE#         195
  C:163BH         LINE#         197
  C:163BH         LINE#         201
  C:163BH         LINE#         205
  C:163BH         LINE#         209
  C:163DH         LINE#         210
  C:163FH         LINE#         212
  C:163FH         LINE#         217
  C:1641H         LINE#         218
  C:1643H         LINE#         220
  C:1643H         LINE#         225
  C:1645H         LINE#         226
  C:1647H         LINE#         228
  C:1647H         LINE#         232
  C:1647H         LINE#         237
  C:1647H         LINE#         242
  C:1649H         LINE#         243
  C:164BH         LINE#         245
BL51 BANKED LINKER/LOCATER V6.22.4.0                                                  05/20/2026  19:00:48  PAGE 31


  C:164BH         LINE#         251
  C:164DH         LINE#         252
  C:164FH         LINE#         254
  C:164FH         LINE#         260
  C:1651H         LINE#         261
  C:1653H         LINE#         263
  C:1653H         LINE#         267
  C:1653H         LINE#         271
  C:1653H         LINE#         277
  C:1659H         LINE#         278
  C:1659H         LINE#         279
  C:165BH         LINE#         280
  C:165DH         LINE#         281
  C:1664H         LINE#         282
  C:1664H         LINE#         283
  C:1669H         LINE#         284
  C:1669H         LINE#         285
  C:1669H         LINE#         287
  C:1669H         LINE#         293
  C:166FH         LINE#         294
  C:166FH         LINE#         297
  C:1672H         LINE#         298
  C:1672H         LINE#         300
  C:1672H         LINE#         305
  C:1675H         LINE#         306
  C:1675H         LINE#         307
  C:1675H         LINE#         309
  C:1675H         LINE#         313
  C:1675H         LINE#         315
  C:1675H         LINE#         319
  C:1675H         LINE#         321
  C:1675H         LINE#         322
  C:1675H         LINE#         323
  C:1675H         LINE#         324
  -------         ENDPROC       AD_KEY_HANDLE
  -------         ENDMOD        AD_KEY

  -------         MODULE        USER_TEST
  C:0000H         SYMBOL        _ICE_DUMMY_
  -------         ENDMOD        USER_TEST

  -------         MODULE        LED
  C:0000H         SYMBOL        _ICE_DUMMY_
  B:0080H.0       PUBLIC        P00
  B:0080H.1       PUBLIC        P01
  B:0080H.2       PUBLIC        P02
  B:0080H.5       PUBLIC        P05
  B:0080H.6       PUBLIC        P06
  B:0090H.3       PUBLIC        P13
  B:00A0H.7       PUBLIC        P27
  B:00B0H.0       PUBLIC        P30
  X:62CBH         PUBLIC        led_ctl
  X:62D8H         PUBLIC        led_bat_level_sta
  C:1AABH         PUBLIC        led_init
  C:2393H         PUBLIC        led_yellow_on
  C:23FDH         PUBLIC        led_yellow_off
  C:23ADH         PUBLIC        led_white_on
BL51 BANKED LINKER/LOCATER V6.22.4.0                                                  05/20/2026  19:00:48  PAGE 32


  C:2405H         PUBLIC        led_white_off
  C:2424H         PUBLIC        led_suspend
  C:1EC1H         PUBLIC        led_resume
  C:2384H         PUBLIC        led_ctl_init
  C:2053H         PUBLIC        led_status_switch
  C:19F1H         PUBLIC        _led_status_set
  C:1170H         PUBLIC        led_red_blue_flash_1ms_isr
  C:1702H         PUBLIC        led_slow_adjust_isr
  C:07EAH         PUBLIC        led_bat_instruction_timer_callback
  X:62D9H         PUBLIC        led_charge_anim_phase
  X:62DAH         PUBLIC        led_charge_anim_cnt
  C:23A0H         PUBLIC        __led_yellow_resume__
  C:23BAH         PUBLIC        __led_white_resume__
  C:13E9H         SYMBOL        Com007B
  C:13E9H         SYMBOL        L?0124
  C:13F5H         SYMBOL        L?0125
  C:1403H         SYMBOL        L?0126
  C:1404H         SYMBOL        L?0127
  C:1409H         SYMBOL        L?0128
  C:1410H         SYMBOL        L?0129
  C:1410H         SYMBOL        L?0130
  C:1413H         SYMBOL        L?0131
  C:141BH         SYMBOL        L?0132
  C:141BH         SYMBOL        L?0133
  C:1424H         SYMBOL        L?0134
  C:1435H         SYMBOL        L?0135
  C:1444H         SYMBOL        L?0136
  C:1444H         SYMBOL        L?0137
  C:144DH         SYMBOL        L?0138
  C:145BH         SYMBOL        L?0139
  C:1468H         SYMBOL        L?0140
  C:1468H         SYMBOL        L?0141
  C:1470H         SYMBOL        L?0142
  C:1470H         SYMBOL        L?0143
  C:1478H         SYMBOL        L?0144
  C:1483H         SYMBOL        L?0145
  C:1483H         SYMBOL        L?0146
  C:1489H         SYMBOL        L?0147
  -------         PROC          COM007B
  -------         ENDPROC       COM007B
  -------         PROC          LED_INIT
  C:1AABH         LINE#         14
  C:1AABH         LINE#         15
  C:1AABH         LINE#         17
  C:1AB1H         LINE#         18
  C:1AB5H         LINE#         19
  C:1AB7H         LINE#         20
  C:1ABCH         LINE#         23
  C:1AC2H         LINE#         24
  C:1AC6H         LINE#         25
  C:1AC8H         LINE#         26
  C:1ACBH         LINE#         29
  C:1ACBH         LINE#         30
  C:1ACEH         LINE#         31
  C:1AD0H         LINE#         32
  C:1AD5H         LINE#         35
  C:1ADAH         LINE#         36
BL51 BANKED LINKER/LOCATER V6.22.4.0                                                  05/20/2026  19:00:48  PAGE 33


  C:1ADEH         LINE#         37
  C:1AE0H         LINE#         38
  C:1AE3H         LINE#         41
  C:1AE3H         LINE#         42
  C:1AE6H         LINE#         43
  C:1AE8H         LINE#         44
  C:1AEBH         LINE#         47
  C:1AEFH         LINE#         48
  C:1AF3H         LINE#         49
  C:1AF5H         LINE#         50
  C:1AF8H         LINE#         51
  -------         ENDPROC       LED_INIT
  -------         PROC          LED_CTL_INIT
  C:2384H         LINE#         53
  C:2384H         LINE#         54
  C:2384H         LINE#         63
  -------         ENDPROC       LED_CTL_INIT
  -------         PROC          LED_YELLOW_ON
  C:2393H         LINE#         66
  C:2393H         LINE#         67
  C:2393H         LINE#         69
  C:2399H         LINE#         71
  C:239FH         LINE#         72
  -------         ENDPROC       LED_YELLOW_ON
  -------         PROC          __LED_YELLOW_RESUME__
  C:23A0H         LINE#         75
  C:23A0H         LINE#         76
  C:23A0H         LINE#         77
  C:23A6H         LINE#         78
  C:23ACH         LINE#         79
  -------         ENDPROC       __LED_YELLOW_RESUME__
  -------         PROC          LED_YELLOW_OFF
  C:23FDH         LINE#         81
  C:23FDH         LINE#         82
  C:23FDH         LINE#         83
  C:23FFH         LINE#         84
  C:2404H         LINE#         85
  -------         ENDPROC       LED_YELLOW_OFF
  -------         PROC          LED_WHITE_ON
  C:23ADH         LINE#         87
  C:23ADH         LINE#         88
  C:23ADH         LINE#         90
  C:23B3H         LINE#         92
  C:23B9H         LINE#         93
  -------         ENDPROC       LED_WHITE_ON
  -------         PROC          __LED_WHITE_RESUME__
  C:23BAH         LINE#         96
  C:23BAH         LINE#         97
  C:23BAH         LINE#         98
  C:23C0H         LINE#         99
  C:23C6H         LINE#         100
  -------         ENDPROC       __LED_WHITE_RESUME__
  -------         PROC          LED_WHITE_OFF
  C:2405H         LINE#         102
  C:2405H         LINE#         103
  C:2405H         LINE#         104
  C:2407H         LINE#         105
BL51 BANKED LINKER/LOCATER V6.22.4.0                                                  05/20/2026  19:00:48  PAGE 34


  C:240CH         LINE#         106
  -------         ENDPROC       LED_WHITE_OFF
  -------         PROC          LED_STATUS_SWITCH
  C:2053H         LINE#         108
  C:2053H         LINE#         109
  C:2053H         LINE#         111
  C:2067H         LINE#         112
  C:2067H         LINE#         113
  C:2067H         LINE#         117
  C:2069H         LINE#         118
  C:206BH         LINE#         119
  C:206BH         LINE#         124
  C:206DH         LINE#         125
  C:206FH         LINE#         126
  C:206FH         LINE#         130
  C:2071H         LINE#         131
  C:2073H         LINE#         132
  C:2073H         LINE#         138
  C:2075H         LINE#         139
  C:2077H         LINE#         140
  C:2077H         LINE#         151
  C:207CH         LINE#         152
  C:207CH         LINE#         153
  C:207CH         LINE#         154
  -------         ENDPROC       LED_STATUS_SWITCH
[...]
  C:0AB7H         LINE#         140
  C:0AB7H         LINE#         142
BL51 BANKED LINKER/LOCATER V6.22.4.0                                                  05/20/2026  19:00:48  PAGE 49


  C:0AC6H         LINE#         143
  C:0AC6H         LINE#         144
  C:0ACAH         LINE#         150
  C:0AD8H         LINE#         151
  C:0AD8H         LINE#         152
  C:0ADEH         LINE#         153
  C:0AE0H         LINE#         154
  C:0AEFH         LINE#         155
  C:0AEFH         LINE#         157
  C:0AF4H         LINE#         158
  C:0AF4H         LINE#         159
  C:0AFBH         LINE#         160
  C:0AFBH         LINE#         162
  C:0B01H         LINE#         163
  C:0B01H         LINE#         164
  C:0B05H         LINE#         165
  C:0B14H         LINE#         166
  C:0B14H         LINE#         167
  C:0B1AH         LINE#         168
  C:0B1AH         LINE#         171
  C:0B29H         LINE#         172
  C:0B29H         LINE#         173
  C:0B2FH         LINE#         175
  C:0B39H         LINE#         176
  C:0B39H         LINE#         177
  C:0B3AH         LINE#         179
  C:0B3AH         LINE#         180
  C:0B49H         LINE#         181
  C:0B49H         LINE#         182
  C:0B50H         LINE#         183
  C:0B50H         LINE#         184
  C:0B50H         LINE#         187
  -------         ENDPROC       DETECT_1KHZ_SIGNAL_100US
  -------         PROC          DETECT_DISCHARGE_1KHZ_SIGNAL_100US
  -------         DO            
  X:627FH         SYMBOL        signal_high_duration
  X:6281H         SYMBOL        signal_low_duration
  X:6283H         SYMBOL        detection_state
  X:6284H         SYMBOL        toggle_count_in_period
  X:6286H         SYMBOL        measurement_period_counter
  X:6288H         SYMBOL        is_detected_signal
  X:62AFH         SYMBOL        current_pin_state
  -------         ENDDO         
  C:0E2CH         LINE#         190
  C:0E2CH         LINE#         191
  C:0E2CH         LINE#         209
  C:0E34H         LINE#         217
  C:0E3AH         LINE#         238
  C:0E4EH         LINE#         239
  C:0E4EH         LINE#         240
  C:0E4EH         LINE#         241
  C:0E58H         LINE#         242
  C:0E58H         LINE#         247
  C:0E5BH         LINE#         248
  C:0E63H         LINE#         249
  C:0E63H         LINE#         250
  C:0E66H         LINE#         252
BL51 BANKED LINKER/LOCATER V6.22.4.0                                                  05/20/2026  19:00:48  PAGE 50


  C:0E66H         LINE#         253
  C:0E69H         LINE#         254
  C:0E70H         LINE#         255
  C:0E77H         LINE#         256
  C:0E77H         LINE#         257
  C:0E7AH         LINE#         259
  C:0E7AH         LINE#         260
  C:0E81H         LINE#         261
  C:0E81H         LINE#         262
  C:0E8CH         LINE#         263
  C:0E8CH         LINE#         264
  C:0E92H         LINE#         265
  C:0E92H         LINE#         267
  C:0E92H         LINE#         268
  C:0E95H         LINE#         270
  C:0E95H         LINE#         271
  C:0E9BH         LINE#         272
  C:0E9EH         LINE#         277
  C:0EBCH         LINE#         278
  C:0EBCH         LINE#         279
  C:0EC2H         LINE#         280
  C:0EC2H         LINE#         281
  C:0EC2H         LINE#         282
  C:0EC2H         LINE#         283
  C:0EC4H         LINE#         285
  C:0EC4H         LINE#         286
  C:0ECAH         LINE#         287
  C:0ECAH         LINE#         288
  C:0ED0H         LINE#         289
  C:0ED4H         LINE#         290
  C:0ED6H         LINE#         292
  C:0ED6H         LINE#         293
  C:0EDCH         LINE#         294
  C:0EDFH         LINE#         299
  C:0EFDH         LINE#         300
  C:0EFDH         LINE#         301
  C:0F03H         LINE#         302
  C:0F03H         LINE#         304
  C:0F0AH         LINE#         305
  C:0F0AH         LINE#         306
  C:0F0AH         LINE#         307
  C:0F0AH         LINE#         309
  C:0F19H         LINE#         310
  C:0F19H         LINE#         311
  C:0F1DH         LINE#         317
  C:0F2BH         LINE#         318
  C:0F2BH         LINE#         319
  C:0F30H         LINE#         320
  C:0F30H         LINE#         321
  C:0F32H         LINE#         322
  C:0F41H         LINE#         323
  C:0F41H         LINE#         324
  C:0F46H         LINE#         325
  C:0F4AH         LINE#         326
  C:0F4AH         LINE#         329
  C:0F51H         LINE#         330
  C:0F51H         LINE#         358
BL51 BANKED LINKER/LOCATER V6.22.4.0                                                  05/20/2026  19:00:48  PAGE 51


  -------         ENDPROC       DETECT_DISCHARGE_1KHZ_SIGNAL_100US
  -------         PROC          CHARGE_DET_TIME_ADD
  C:2428H         LINE#         360
  C:2428H         LINE#         361
  C:2428H         LINE#         362
  C:242AH         LINE#         363
  -------         ENDPROC       CHARGE_DET_TIME_ADD
  -------         PROC          CHARGE_DET
  -------         DO            
  X:6289H         SYMBOL        adc_val_of_solar_panel
  X:628BH         SYMBOL        adc_val_of_type_c
  X:6295H         SYMBOL        voltage_mv
  -------         ENDDO         
  C:0F52H         LINE#         367
  C:0F52H         LINE#         368
  C:0F52H         LINE#         371
  C:0F59H         LINE#         373
  C:0F61H         LINE#         374
  C:0F61H         LINE#         375
  C:0F66H         LINE#         376
  C:0F73H         LINE#         377
  C:0F73H         LINE#         379
  C:0F7BH         LINE#         380
  C:0F7BH         LINE#         381
  C:0F80H         LINE#         382
  C:0F8DH         LINE#         383
  C:0F8DH         LINE#         385
  C:0F93H         LINE#         386
  C:0F93H         LINE#         387
  C:0F95H         LINE#         388
  C:0F95H         LINE#         390
  C:0F95H         LINE#         393
  C:0F95H         LINE#         406
  C:0FB5H         LINE#         408
  C:0FBDH         LINE#         409
  C:0FBDH         LINE#         410
  C:0FC2H         LINE#         411
  C:0FC8H         LINE#         412
  C:0FCDH         LINE#         413
  C:0FCDH         LINE#         414
  C:0FCFH         LINE#         416
  C:0FD4H         LINE#         421
  C:0FD4H         LINE#         422
  C:0FD6H         LINE#         424
  C:0FD6H         LINE#         425
  C:0FDBH         LINE#         426
  C:0FDFH         LINE#         427
  C:0FE5H         LINE#         428
  C:0FE5H         LINE#         429
  C:0FE7H         LINE#         431
  C:0FEBH         LINE#         436
  C:0FEBH         LINE#         437
  C:0FEBH         LINE#         450
  C:0FFBH         LINE#         451
  C:0FFBH         LINE#         452
  C:1001H         LINE#         453
  C:1007H         LINE#         454
BL51 BANKED LINKER/LOCATER V6.22.4.0                                                  05/20/2026  19:00:48  PAGE 52


  C:1007H         LINE#         455
  C:1009H         LINE#         456
  C:100DH         LINE#         457
  C:100DH         LINE#         458
  C:100FH         LINE#         459
  C:1018H         LINE#         460
  C:1018H         LINE#         461
  C:101DH         LINE#         462
  C:101DH         LINE#         466
  C:1029H         LINE#         467
  C:1029H         LINE#         468
  C:102FH         LINE#         471
  C:1034H         LINE#         472
  C:1038H         LINE#         473
  C:103AH         LINE#         474
  C:1046H         LINE#         475
  C:1046H         LINE#         476
  C:104AH         LINE#         477
  C:104AH         LINE#         480
  C:1050H         LINE#         481
  C:1050H         LINE#         482
  C:1056H         LINE#         483
  C:1056H         LINE#         484
  C:105BH         LINE#         485
  C:105BH         LINE#         487
  C:1061H         LINE#         488
  C:1061H         LINE#         489
  C:1064H         LINE#         491
  C:1064H         LINE#         492
  C:1064H         LINE#         493
  -------         ENDPROC       CHARGE_DET
  -------         ENDMOD        CHARGE_DET

  -------         MODULE        LOW_POWER
  C:0000H         SYMBOL        _ICE_DUMMY_
  D:00BAH         PUBLIC        LP_CON
  D:008DH         PUBLIC        LP_WKCON
  D:008EH         PUBLIC        LP_WKPND
  D:00A8H         PUBLIC        IE0
  D:00A9H         PUBLIC        IE1
  D:00AAH         PUBLIC        IE2
  D:00ABH         PUBLIC        IE3
  B:00A8H.7       PUBLIC        IE_EA
  D:00B8H         PUBLIC        IP0
  D:00B1H         PUBLIC        IP1
  D:00B2H         PUBLIC        IP2
  D:00B3H         PUBLIC        IP3
  D:00B4H         PUBLIC        IP4
  D:00B5H         PUBLIC        IP5
  D:00B6H         PUBLIC        IP6
  D:00B7H         PUBLIC        IP7
  D:00D2H         PUBLIC        UART0_CON0
  D:00D1H         PUBLIC        TMR_ALLCON
  D:00ACH         PUBLIC        FLASH_TIMEREG1
  D:0099H         PUBLIC        ADC_CHS0
  C:1537H         PUBLIC        low_power_handle
  C:1F2EH         PUBLIC        low_power_enter_timer_callback
BL51 BANKED LINKER/LOCATER V6.22.4.0                                                  05/20/2026  19:00:48  PAGE 53


  X:62EBH         SYMBOL        is_low_power_enter_enable
  C:21DFH         PUBLIC        is_low_power_condition_establish
  C:1065H         PUBLIC        low_power_in
  C:1C27H         PUBLIC        low_power_out
  C:227EH         PUBLIC        WUT_IRQHandler
  -------         PROC          IS_LOW_POWER_CONDITION_ESTABLISH
  C:21DFH         LINE#         8
  C:21DFH         LINE#         9
  C:21DFH         LINE#         15
  C:21FCH         LINE#         19
  -------         ENDPROC       IS_LOW_POWER_CONDITION_ESTABLISH
  -------         PROC          LOW_POWER_ENTER_TIMER_CALLBACK
  -------         DO            
  X:62E9H         SYMBOL        cnt
  -------         ENDDO         
  C:1F2EH         LINE#         22
  C:1F2EH         LINE#         23
  C:1F2EH         LINE#         25
  C:1F34H         LINE#         26
  C:1F34H         LINE#         27
  C:1F3EH         LINE#         28
  C:1F4DH         LINE#         29
  C:1F4DH         LINE#         30
  C:1F51H         LINE#         31
  C:1F56H         LINE#         32
  C:1F56H         LINE#         33
  C:1F57H         LINE#         35
  C:1F57H         LINE#         36
  C:1F5EH         LINE#         37
  C:1F62H         LINE#         38
  C:1F62H         LINE#         39
  -------         ENDPROC       LOW_POWER_ENTER_TIMER_CALLBACK
  -------         PROC          LOW_POWER_IN
  C:1065H         LINE#         41
  C:1065H         LINE#         42
  C:1065H         LINE#         47
  C:1068H         LINE#         48
  C:106BH         LINE#         49
  C:106EH         LINE#         50
  C:1071H         LINE#         52
  C:1077H         LINE#         53
  C:107DH         LINE#         55
  C:1084H         LINE#         57
  C:1087H         LINE#         58
  C:108DH         LINE#         60
  C:1092H         LINE#         61
  C:1095H         LINE#         70
  C:109BH         LINE#         71
  C:10A1H         LINE#         73
  C:10A7H         LINE#         74
  C:10ADH         LINE#         77
  C:10B3H         LINE#         78
  C:10B7H         LINE#         79
  C:10BDH         LINE#         82
  C:10C1H         LINE#         83
  C:10C7H         LINE#         84
  C:10CBH         LINE#         85
BL51 BANKED LINKER/LOCATER V6.22.4.0                                                  05/20/2026  19:00:48  PAGE 54


  C:10D0H         LINE#         103
  C:10D4H         LINE#         104
  C:10DAH         LINE#         107
  C:10DFH         LINE#         109
  C:10E3H         LINE#         112
  C:10E7H         LINE#         113
  C:10EDH         LINE#         115
  C:10F4H         LINE#         121
  C:10F7H         LINE#         129
  C:10FDH         LINE#         130
  C:1103H         LINE#         131
  C:1109H         LINE#         132
  C:110FH         LINE#         136
  C:1112H         LINE#         137
  C:1115H         LINE#         138
  C:1118H         LINE#         141
  C:111BH         LINE#         142
  C:111EH         LINE#         144
  C:1121H         LINE#         145
  C:1124H         LINE#         148
  C:1127H         LINE#         149
  C:112AH         LINE#         152
  C:112DH         LINE#         153
  C:112FH         LINE#         156
  C:1136H         LINE#         157
  C:113AH         LINE#         161
  C:113FH         LINE#         162
  C:1146H         LINE#         164
  C:114DH         LINE#         166
  C:1154H         LINE#         167
  C:115BH         LINE#         168
  C:115EH         LINE#         170
  C:1165H         LINE#         171
  C:116CH         LINE#         176
  C:116FH         LINE#         182
  -------         ENDPROC       LOW_POWER_IN
  -------         PROC          LOW_POWER_OUT
  C:1C27H         LINE#         184
  C:1C27H         LINE#         185
  C:1C27H         LINE#         187
  C:1C2AH         LINE#         188
  C:1C31H         LINE#         189
  C:1C38H         LINE#         192
  C:1C3BH         LINE#         196
  C:1C40H         LINE#         197
  C:1C42H         LINE#         203
  C:1C49H         LINE#         204
  C:1C4EH         LINE#         205
  C:1C55H         LINE#         207
  C:1C5CH         LINE#         208
  C:1C63H         LINE#         210
  C:1C66H         LINE#         211
  C:1C69H         LINE#         212
  C:1C70H         LINE#         218
  -------         ENDPROC       LOW_POWER_OUT
  C:15CDH         SYMBOL        L?0106
  -------         PROC          LOW_POWER_HANDLE
BL51 BANKED LINKER/LOCATER V6.22.4.0                                                  05/20/2026  19:00:48  PAGE 55


  -------         DO            
  X:6295H         SYMBOL        is_back_to_low_power
  D:0006H         SYMBOL        adc_val
  C:1551H         SYMBOL        label_low_power_in
  -------         ENDDO         
  C:1537H         LINE#         220
  C:1537H         LINE#         221
  C:1537H         LINE#         222
  C:153DH         LINE#         225
  C:154AH         LINE#         226
  C:154AH         LINE#         227
  C:1551H         LINE#         228
  C:1551H         LINE#         230
  C:1551H         LINE#         232
  C:1551H         LINE#         237
  C:1551H         LINE#         239
  C:1554H         LINE#         240
  C:1557H         LINE#         243
  C:155AH         LINE#         244
  C:155DH         LINE#         246
  C:155FH         LINE#         247
  C:155FH         LINE#         248
  C:1562H         LINE#         250
  C:156BH         LINE#         251
  C:156BH         LINE#         253
  C:1570H         LINE#         257
  C:1570H         LINE#         259
  C:1572H         LINE#         260
  C:1572H         LINE#         261
  C:1575H         LINE#         263
  C:159CH         LINE#         264
  C:159CH         LINE#         265
  C:15A1H         LINE#         269
  C:15A1H         LINE#         292
  C:15A6H         LINE#         293
  C:15A6H         LINE#         294
  C:15ABH         LINE#         298
  C:15AEH         LINE#         299
  C:15AEH         LINE#         301
  C:15B3H         LINE#         302
  C:15B3H         LINE#         303
  C:15B6H         LINE#         305
  C:15BBH         LINE#         310
  C:15BBH         LINE#         312
  C:15C1H         LINE#         313
  C:15C1H         LINE#         317
  C:15C1H         LINE#         318
  C:15C1H         LINE#         321
  C:15C5H         LINE#         322
  C:15C9H         LINE#         323
  C:15CCH         LINE#         324
  -------         ENDPROC       LOW_POWER_HANDLE
  -------         PROC          WUT_IRQHANDLER
  C:227EH         LINE#         327
  C:2284H         LINE#         330
  C:2284H         LINE#         335
  C:228BH         LINE#         336
BL51 BANKED LINKER/LOCATER V6.22.4.0                                                  05/20/2026  19:00:48  PAGE 56


  C:228BH         LINE#         337
  C:228FH         LINE#         338
  C:228FH         LINE#         341
  C:228FH         LINE#         342
  -------         ENDPROC       WUT_IRQHANDLER
  -------         ENDMOD        LOW_POWER

  -------         MODULE        ?C?COPY
  C:011EH         PUBLIC        ?C?COPY
  -------         ENDMOD        ?C?COPY

  -------         MODULE        ?C?CLDPTR
  C:0144H         PUBLIC        ?C?CLDPTR
  -------         ENDMOD        ?C?CLDPTR

  -------         MODULE        ?C?CLDOPTR
  C:015DH         PUBLIC        ?C?CLDOPTR
  -------         ENDMOD        ?C?CLDOPTR

  -------         MODULE        ?C?CILDOPTR
  C:018AH         PUBLIC        ?C?CILDOPTR
  -------         ENDMOD        ?C?CILDOPTR

  -------         MODULE        ?C?CSTOPTR
  C:01BDH         PUBLIC        ?C?CSTOPTR
  -------         ENDMOD        ?C?CSTOPTR

  -------         MODULE        ?C?UIDIV
  C:01DFH         PUBLIC        ?C?UIDIV
  -------         ENDMOD        ?C?UIDIV

  -------         MODULE        ?C?IILDX
  C:0234H         PUBLIC        ?C?IILDX
  -------         ENDMOD        ?C?IILDX

  -------         MODULE        ?C?LADD
  C:024AH         PUBLIC        ?C?LADD
  -------         ENDMOD        ?C?LADD

  -------         MODULE        ?C?ULDIV
  C:0293H         PUBLIC        ?C?ULDIV
  -------         ENDMOD        ?C?ULDIV

  -------         MODULE        ?C?SLCMP
  C:0325H         PUBLIC        ?C?SLCMP
  -------         ENDMOD        ?C?SLCMP

  -------         MODULE        ?C?ULCMP
  C:033BH         PUBLIC        ?C?ULCMP
  -------         ENDMOD        ?C?ULCMP

  -------         MODULE        ?C?LLDXDATA
  C:034CH         PUBLIC        ?C?LLDXDATA
  -------         ENDMOD        ?C?LLDXDATA

  -------         MODULE        ?C?LLDXDATA0
  C:0358H         PUBLIC        ?C?LLDXDATA0
BL51 BANKED LINKER/LOCATER V6.22.4.0                                                  05/20/2026  19:00:48  PAGE 57


  -------         ENDMOD        ?C?LLDXDATA0

  -------         MODULE        ?C?LSTXDATA
  C:0364H         PUBLIC        ?C?LSTXDATA
  -------         ENDMOD        ?C?LSTXDATA

  -------         MODULE        ?C?LSTKXDATA
  C:0370H         PUBLIC        ?C?LSTKXDATA
  -------         ENDMOD        ?C?LSTKXDATA

  -------         MODULE        ?C?PLDXDATA
  C:03A1H         PUBLIC        ?C?PLDXDATA
  -------         ENDMOD        ?C?PLDXDATA

  -------         MODULE        ?C?PSTXDATA
  C:03AAH         PUBLIC        ?C?PSTXDATA
  -------         ENDMOD        ?C?PSTXDATA

  -------         MODULE        ?C?PLDOPTR
  C:03B3H         PUBLIC        ?C?PLDOPTR
  -------         ENDMOD        ?C?PLDOPTR

  -------         MODULE        ?C?CCASE
  C:03E3H         PUBLIC        ?C?CCASE
  -------         ENDMOD        ?C?CCASE

  -------         MODULE        ?C?ICALL
  C:0409H         PUBLIC        ?C?ICALL
  C:040DH         PUBLIC        ?C?ICALL2
  -------         ENDMOD        ?C?ICALL

  -------         MODULE        ?C?LIMUL
  C:040FH         PUBLIC        ?C?LIMUL
  -------         ENDMOD        ?C?LIMUL

  -------         MODULE        ?C?MEMSET
  C:043CH         PUBLIC        ?C?MEMSET
  -------         ENDMOD        ?C?MEMSET

  -------         MODULE        ?C?PLDIDATA
  C:0468H         PUBLIC        ?C?PLDIDATA
  -------         ENDMOD        ?C?PLDIDATA

  -------         MODULE        ?C?PLDPDATA
  C:0471H         PUBLIC        ?C?PLDPDATA
  -------         ENDMOD        ?C?PLDPDATA

  -------         MODULE        ?C?PLDCODE
  C:047AH         PUBLIC        ?C?PLDCODE
  -------         ENDMOD        ?C?PLDCODE

*** WARNING L15: MULTIPLE CALL TO SEGMENT
    SEGMENT: ?PR?_GET_BATTERY_PERCENTAGE_BY_VOLTAGE?BATTERY_MONITOR
    CALLER1: ?C_C51STARTUP
    CALLER2: ?PR?ADC_IRQHANDLER?ADC

Program Size: data=9.5 xdata=751 code=9258
BL51 BANKED LINKER/LOCATER V6.22.4.0                                                  05/20/2026  19:00:48  PAGE 58


LINK/LOCATE RUN COMPLETE.  1 WARNING(S),  0 ERROR(S)
