BL51 BANKED LINKER/LOCATER V6.22.4.0                                                    03/30/2026  17:26:30  PAGE 1


BL51 BANKED LINKER/LOCATER V6.22.4.0, INVOKED BY:
C:\KEIL_V5\C51\BIN\BL51.EXE .\Release\Objects\STARTUP.obj, .\Release\Objects\system.obj, .\Release\Objects\adc.obj, .\Re
>> lease\Objects\pwm.obj, .\Release\Objects\timer0.obj, .\Release\Objects\timer1.obj, .\Release\Objects\uart0.obj, .\Rel
>> ease\Objects\main.obj, .\Release\Objects\uart_data_handle.obj, .\Release\Objects\key_driver.obj, .\Release\Objects\ad
>> _key.obj, .\Release\Objects\user_test.obj, .\Release\Objects\led.obj, .\Release\Objects\battery_monitor.obj, .\Releas
>> e\Objects\bluetooth_ic_handle.obj, .\Release\Objects\charge_det.obj TO .\Release\Objects\Demo PRINT (.\Release\Listin
>> gs\Demo.m51) RAMSIZE (256) CODE (0X0000-0X3EEF) XDATA (0X6000-0X66FF)


MEMORY MODEL: LARGE


INPUT MODULES INCLUDED:
  .\Release\Objects\STARTUP.obj (?C_STARTUP)
  .\Release\Objects\system.obj (SYSTEM)
  .\Release\Objects\adc.obj (ADC)
  .\Release\Objects\pwm.obj (PWM)
  .\Release\Objects\timer0.obj (TIMER0)
  .\Release\Objects\timer1.obj (TIMER1)
  .\Release\Objects\uart0.obj (UART0)
  .\Release\Objects\main.obj (MAIN)
  .\Release\Objects\uart_data_handle.obj (UART_DATA_HANDLE)
  .\Release\Objects\key_driver.obj (KEY_DRIVER)
  .\Release\Objects\ad_key.obj (AD_KEY)
  .\Release\Objects\user_test.obj (USER_TEST)
  .\Release\Objects\led.obj (LED)
  .\Release\Objects\battery_monitor.obj (BATTERY_MONITOR)
  .\Release\Objects\bluetooth_ic_handle.obj (BLUETOOTH_IC_HANDLE)
  .\Release\Objects\charge_det.obj (CHARGE_DET)
  C:\KEIL_V5\C51\LIB\C51L.LIB (?C_INIT)
  C:\KEIL_V5\C51\LIB\C51L.LIB (?C?COPY)
  C:\KEIL_V5\C51\LIB\C51L.LIB (?C?CLDPTR)
  C:\KEIL_V5\C51\LIB\C51L.LIB (?C?CLDOPTR)
  C:\KEIL_V5\C51\LIB\C51L.LIB (?C?CILDOPTR)
  C:\KEIL_V5\C51\LIB\C51L.LIB (?C?CSTOPTR)
  C:\KEIL_V5\C51\LIB\C51L.LIB (?C?UIDIV)
  C:\KEIL_V5\C51\LIB\C51L.LIB (?C?IILDX)
  C:\KEIL_V5\C51\LIB\C51L.LIB (?C?LADD)
  C:\KEIL_V5\C51\LIB\C51L.LIB (?C?ULDIV)
  C:\KEIL_V5\C51\LIB\C51L.LIB (?C?SLCMP)
  C:\KEIL_V5\C51\LIB\C51L.LIB (?C?ULCMP)
  C:\KEIL_V5\C51\LIB\C51L.LIB (?C?LLDXDATA)
  C:\KEIL_V5\C51\LIB\C51L.LIB (?C?LLDXDATA0)
  C:\KEIL_V5\C51\LIB\C51L.LIB (?C?LSTXDATA)
  C:\KEIL_V5\C51\LIB\C51L.LIB (?C?LSTKXDATA)
  C:\KEIL_V5\C51\LIB\C51L.LIB (?C?PLDXDATA)
  C:\KEIL_V5\C51\LIB\C51L.LIB (?C?PSTXDATA)
  C:\KEIL_V5\C51\LIB\C51L.LIB (?C?PLDOPTR)
  C:\KEIL_V5\C51\LIB\C51L.LIB (?C?CCASE)
  C:\KEIL_V5\C51\LIB\C51L.LIB (?C?ICALL)
  C:\KEIL_V5\C51\LIB\C51L.LIB (?C?LIMUL)
  C:\KEIL_V5\C51\LIB\C51L.LIB (PRINTF)
  C:\KEIL_V5\C51\LIB\C51L.LIB (?C?MEMSET)
  C:\KEIL_V5\C51\LIB\C51L.LIB (?C?CSTPTR)
  C:\KEIL_V5\C51\LIB\C51L.LIB (?C?PLDIDATA)
  C:\KEIL_V5\C51\LIB\C51L.LIB (?C?PLDIXDATA)
  C:\KEIL_V5\C51\LIB\C51L.LIB (?C?PLDPDATA)
  C:\KEIL_V5\C51\LIB\C51L.LIB (?C?PLDCODE)
BL51 BANKED LINKER/LOCATER V6.22.4.0                                                  03/30/2026  17:26:30  PAGE 2




LINK MAP OF MODULE:  .\Release\Objects\Demo (?C_STARTUP)


            TYPE    BASE      LENGTH    RELOCATION   SEGMENT NAME
            -----------------------------------------------------

            * * * * * * *   D A T A   M E M O R Y   * * * * * * *
            REG     0000H     0008H     ABSOLUTE     "REG BANK 0"
            DATA    0008H     0005H     UNIT         _DATA_GROUP_
                    000DH     0013H                  *** GAP ***
            BIT     0020H.0   0001H.1   UNIT         _BIT_GROUP_
            BIT     0021H.1   0000H.3   UNIT         ?BI?ADC
                    0021H.4   0000H.4                *** GAP ***
            IDATA   0022H     0001H     UNIT         ?STACK

            * * * * * * *  X D A T A   M E M O R Y  * * * * * * *
                    0000H     6000H                  *** GAP ***
            XDATA   6000H     0083H     UNIT         ?XD?UART0
            XDATA   6083H     0039H     UNIT         ?XD?AD_KEY
            XDATA   60BCH     0034H     UNIT         _XDATA_GROUP_
            XDATA   60F0H     0031H     UNIT         ?XD?BATTERY_MONITOR
            XDATA   6121H     001BH     UNIT         ?XD?USER_TEST
            XDATA   613CH     0015H     UNIT         ?XD?CHARGE_DET
            XDATA   6151H     0011H     UNIT         ?XD?UART_DATA_HANDLE
            XDATA   6162H     000DH     UNIT         ?XD?LED
            XDATA   616FH     0007H     UNIT         ?XD?ADC
            XDATA   6176H     0004H     UNIT         ?XD?KEY_DRIVER
            XDATA   617AH     0002H     UNIT         ?XD?USER_TEST_ADC_SCAN?USER_TEST
            XDATA   617CH     0002H     UNIT         ?XD?BLUETOOTH_IC_HANDLE
            XDATA   617EH     0002H     UNIT         ?XD?CHARGE_DET?CHARGE_DET

            * * * * * * *   C O D E   M E M O R Y   * * * * * * *
            CODE    0000H     0003H     ABSOLUTE     
            CODE    0003H     000CH     ABSOLUTE     
            CODE    000FH     000FH     UNIT         ?PR?UART_RECEIVER_TIMEOUT_ADD?UART_DATA_HANDLE
            CODE    001EH     0003H     ABSOLUTE     
            CODE    0021H     0003H     ABSOLUTE     
            CODE    0024H     001EH     UNIT         ?PR?_ADC_GET_UPDATE_FLAG?ADC
            CODE    0042H     0003H     ABSOLUTE     
            CODE    0045H     0006H     UNIT         ?PR?UART0_RXBUFFER_GET_COUNT?UART0
            CODE    004BH     0003H     ABSOLUTE     
            CODE    004EH     0461H     UNIT         ?C?LIB_CODE
            CODE    04AFH     0365H     UNIT         ?PR?PRINTF?PRINTF
            CODE    0814H     0193H     UNIT         ?PR?_KEY_DRIVER_SCAN?KEY_DRIVER
            CODE    09A7H     0186H     UNIT         ?C_INITSEG
            CODE    0B2DH     016AH     UNIT         ?PR?BATTERY_MONITOR_HANDLE?BATTERY_MONITOR
            CODE    0C97H     0159H     UNIT         ?PR?DETECT_1KHZ_SIGNAL_100US?CHARGE_DET
            CODE    0DF0H     0133H     UNIT         ?PR?AD_KEY_HANDLE?AD_KEY
            CODE    0F23H     00F0H     UNIT         ?PR?LED_RED_BLUE_FLASH_1MS_ISR?LED
            CODE    1013H     00CFH     UNIT         ?PR?SYSTEM_INIT?SYSTEM
            CODE    10E2H     00C8H     UNIT         ?CO?AD_KEY
            CODE    11AAH     00B6H     UNIT         ?PR?USER_TEST_ADC_SCAN?USER_TEST
            CODE    1260H     00A5H     UNIT         ?PR?_UART_RECEIVER_PROCESS_BYTE?UART_DATA_HANDLE
            CODE    1305H     008CH     UNIT         ?C_C51STARTUP
            CODE    1391H     008BH     UNIT         ?PR?PWM_INIT?PWM
BL51 BANKED LINKER/LOCATER V6.22.4.0                                                  03/30/2026  17:26:30  PAGE 3


            CODE    141CH     007CH     UNIT         ?PR?LED_SLOW_ADJUST_ISR?LED
            CODE    1498H     0079H     UNIT         ?PR?ADC_IRQHANDLER?ADC
            CODE    1511H     0078H     UNIT         ?PR?UART_DATA_HANDLE?UART_DATA_HANDLE
            CODE    1589H     0070H     UNIT         ?PR?_LED_STATUS_SET?LED
            CODE    15F9H     006EH     UNIT         ?PR?LED
            CODE    1667H     005DH     UNIT         ?PR?ADC_SCAN?ADC
            CODE    16C4H     005DH     UNIT         ?PR?TIMR0_IRQHANDLER?TIMER0
            CODE    1721H     005BH     UNIT         ?PR?MAIN?MAIN
            CODE    177CH     0056H     UNIT         ?PR?CHARGE_DET?CHARGE_DET
            CODE    17D2H     0052H     UNIT         ?PR?CHARGE_IC_SACN_100US_ISR?CHARGE_DET
            CODE    1824H     004EH     UNIT         ?PR?LED_INIT?LED
            CODE    1872H     004DH     UNIT         ?PR?USER_TEST
            CODE    18BFH     004CH     UNIT         ?PR?_AD_KEY_VAL_TO_AD_KEY_INDEX?AD_KEY
            CODE    190BH     004AH     UNIT         ?PR?_AD_KEY_GET_EVENT?AD_KEY
            CODE    1955H     0048H     UNIT         ?PR?_GET_BATTERY_PERCENTAGE_BY_VOLTAGE?BATTERY_MONITOR
            CODE    199DH     0046H     UNIT         ?PR?BAT_VOL_HISTORY_BUFF_GET_AVG?BATTERY_MONITOR
            CODE    19E3H     0045H     UNIT         ?PR?TIMR1_IRQHANDLER?TIMER1
            CODE    1A28H     0045H     UNIT         ?PR?_UART_DATA_SEND_CMD?UART_DATA_HANDLE
            CODE    1A6DH     003CH     UNIT         ?PR?_ADC_CHANNEL_SEL?ADC
            CODE    1AA9H     003BH     UNIT         ?PR?TIMEBASE_UPDATE?USER_TEST
            CODE    1AE4H     0039H     UNIT         ?PR?BAT_VOL_UPDATE_TIMER_CALLBACK?BATTERY_MONITOR
            CODE    1B1DH     0033H     UNIT         ?PR?AD_KEY_GET_KEY_VAL?AD_KEY
            CODE    1B50H     0033H     UNIT         ?PR?BATTERY_MONITOR
            CODE    1B83H     0031H     UNIT         ?CO?USER_TEST
            CODE    1BB4H     002FH     UNIT         ?PR?_ADC_UPDATE_VAL?ADC
            CODE    1BE3H     002DH     UNIT         ?PR?BAT_VOL_BUFF_GET_AVG_TIMER_CALLBACK?BATTERY_MONITOR
            CODE    1C10H     002CH     UNIT         ?PR?CHARGE_DET
            CODE    1C3CH     002BH     UNIT         ?PR?TIMEBASE_INIT?USER_TEST
            CODE    1C67H     002AH     UNIT         ?PR?UART0_INIT?UART0
            CODE    1C91H     002AH     UNIT         ?PR?LED_STATUS_SWITCH?LED
            CODE    1CBBH     0029H     UNIT         ?PR?BAT_VOL_BUFF_ADD_TIMER_CALLBACK?BATTERY_MONITOR
            CODE    1CE4H     0029H     UNIT         ?PR?SEND_LOW_BATTERY_TIMER_CALLBACK?BATTERY_MONITOR
            CODE    1D0DH     0026H     UNIT         ?PR?_ADC_GET_VAL?ADC
            CODE    1D33H     0026H     UNIT         ?PR?UART0_IRQHANDLER?UART0
            CODE    1D59H     0025H     UNIT         ?CO?BATTERY_MONITOR
            CODE    1D7EH     0023H     UNIT         ?PR?_UART0_SENDBUF?UART0
            CODE    1DA1H     0022H     UNIT         ?PR?UART_RECEIVER_PROCESS_CHECKSUM?UART_DATA_HANDLE
            CODE    1DC3H     0022H     UNIT         ?PR?USER_TEST_LED?USER_TEST
            CODE    1DE5H     0022H     UNIT         ?PR?_GET_BATTERY_VOLTAGE_BY_ADC?BATTERY_MONITOR
            CODE    1E07H     0022H     UNIT         ?PR?_BAT_VOL_HISTORY_BUFF_ADD?BATTERY_MONITOR
            CODE    1E29H     0021H     UNIT         ?PR?KEY_DRIVER
            CODE    1E4AH     001FH     UNIT         ?PR?_TIMEBASE_ENABLE?USER_TEST
            CODE    1E69H     001DH     UNIT         ?PR?ADC_INIT?ADC
            CODE    1E86H     001BH     UNIT         ?PR?TIMER0_INIT?TIMER0
            CODE    1EA1H     001BH     UNIT         ?PR?TIMER1_INIT?TIMER1
            CODE    1EBCH     001AH     UNIT         ?PR?BLUETOOTH_IC_HANDLE_INIT?BLUETOOTH_IC_HANDLE
            CODE    1ED6H     0019H     UNIT         ?PR?SYS_TIME_ADD?BATTERY_MONITOR
            CODE    1EEFH     0019H     UNIT         ?PR?CHARGE_DET_INIT?CHARGE_DET
            CODE    1F08H     0018H     UNIT         ?PR?_DELAY_MS?SYSTEM
            CODE    1F20H     0018H     UNIT         ?PR?_UART0_RXBUFFER_PUT_BYTE?UART0
            CODE    1F38H     0017H     UNIT         ?PR?ADC
            CODE    1F4FH     0017H     UNIT         ?PR?UART0_RXBUFFER_GET_BYTE?UART0
            CODE    1F66H     0017H     UNIT         ?PR?UART_DATA_HANDLE
            CODE    1F7DH     0016H     UNIT         ?PR?PWM
            CODE    1F93H     0015H     UNIT         ?PR?_ADC_CLEAR_UPDATE_FLAG?ADC
            CODE    1FA8H     0015H     UNIT         ?PR?UART_RECEIVER_RESET?UART_DATA_HANDLE
            CODE    1FBDH     0013H     UNIT         ?PR?UART_RECEIVER_TIMEOUT_HANDLER?UART_DATA_HANDLE
BL51 BANKED LINKER/LOCATER V6.22.4.0                                                  03/30/2026  17:26:30  PAGE 4


            CODE    1FD0H     0012H     UNIT         ?PR?USER_DEBUG_PIN_INIT?USER_TEST
            CODE    1FE2H     0011H     UNIT         ?PR?_BAT_VOL_HISTORY_BUFF_INIT?BATTERY_MONITOR
            CODE    1FF3H     0010H     UNIT         ?PR?UART0
            CODE    2003H     000FH     UNIT         ?PR?AD_KEY
            CODE    2012H     000FH     UNIT         ?PR?_IS_TIMEBASE_TRIGGERED?USER_TEST
            CODE    2021H     000FH     UNIT         ?PR?LED_CTL_INIT?LED
            CODE    2030H     000EH     UNIT         ?PR?LED_YELLOW_ON?LED
            CODE    203EH     000EH     UNIT         ?PR?LED_WHITE_ON?LED
            CODE    204CH     000DH     UNIT         ?PR?ADC_PIN_INIT?ADC
            CODE    2059H     000DH     UNIT         ?PR?_UART0_SENDBYTE?UART0
            CODE    2066H     000CH     UNIT         ?PR?PWM_GET_CHANNEL_0_STATUS?PWM
            CODE    2072H     000CH     UNIT         ?PR?PWM_GET_CHANNEL_1_STATUS?PWM
            CODE    207EH     000CH     UNIT         ?PR?_TIMEBASE_DISABLE?USER_TEST
            CODE    208AH     000CH     UNIT         ?PR?_TIMEBASE_CLEAR_FLAG?USER_TEST
            CODE    2096H     000BH     UNIT         ?PR?_DELAY?SYSTEM
            CODE    20A1H     000BH     UNIT         ?CO?MAIN
            CODE    20ACH     0009H     UNIT         ?PR?_PWM_SET_CHANNEL_0_DUTY?PWM
            CODE    20B5H     0009H     UNIT         ?PR?_PWM_SET_CHANNEL_1_DUTY?PWM
            CODE    20BEH     0008H     UNIT         ?PR?_PUTCHAR?UART0
            CODE    20C6H     0008H     UNIT         ?CO?UART_DATA_HANDLE
            CODE    20CEH     0008H     UNIT         ?PR?LED_YELLOW_OFF?LED
            CODE    20D6H     0008H     UNIT         ?PR?LED_WHITE_OFF?LED
            CODE    20DEH     0006H     UNIT         ?PR?GET_SYSTEM_TICK_COUNT?BATTERY_MONITOR
            CODE    20E4H     0003H     UNIT         ?PR?USER_TEST_MAIN?USER_TEST



OVERLAY MAP OF MODULE:   .\Release\Objects\Demo (?C_STARTUP)


SEGMENT                                             BIT_GROUP          DATA_GROUP          XDATA_GROUP
  +--> CALLED SEGMENT                            START    LENGTH     START    LENGTH     START    LENGTH
--------------------------------------------------------------------------------------------------------
?C_C51STARTUP                                    -----    -----      -----    -----      -----    -----
  +--> ?PR?MAIN?MAIN
  +--> ?C_INITSEG

?PR?MAIN?MAIN                                    -----    -----      -----    -----      -----    -----
  +--> ?PR?SYSTEM_INIT?SYSTEM
  +--> ?PR?ADC_PIN_INIT?ADC
  +--> ?PR?ADC_INIT?ADC
  +--> ?PR?LED_INIT?LED
  +--> ?PR?UART0_INIT?UART0
  +--> ?PR?PWM_INIT?PWM
  +--> ?PR?BLUETOOTH_IC_HANDLE_INIT?BLUETOOT...
  +--> ?PR?LED_CTL_INIT?LED
  +--> ?PR?CHARGE_DET_INIT?CHARGE_DET
  +--> ?PR?TIMER0_INIT?TIMER0
  +--> ?PR?TIMER1_INIT?TIMER1
  +--> ?PR?USER_DEBUG_PIN_INIT?USER_TEST
  +--> ?PR?TIMEBASE_INIT?USER_TEST
  +--> ?CO?MAIN
  +--> ?PR?PRINTF?PRINTF
  +--> ?PR?_DELAY_MS?SYSTEM
  +--> ?PR?_KEY_DRIVER_SCAN?KEY_DRIVER
  +--> ?PR?AD_KEY_HANDLE?AD_KEY
  +--> ?PR?UART_DATA_HANDLE?UART_DATA_HANDLE
BL51 BANKED LINKER/LOCATER V6.22.4.0                                                  03/30/2026  17:26:30  PAGE 5


  +--> ?PR?BATTERY_MONITOR_HANDLE?BATTERY_MO...

?PR?SYSTEM_INIT?SYSTEM                           -----    -----      -----    -----      -----    -----
  +--> ?PR?_DELAY?SYSTEM
  +--> ?PR?_DELAY_MS?SYSTEM

?PR?_DELAY_MS?SYSTEM                             -----    -----      -----    -----      -----    -----
  +--> ?PR?_DELAY?SYSTEM

?PR?ADC_INIT?ADC                                 -----    -----      -----    -----      -----    -----
  +--> ?PR?_DELAY_MS?SYSTEM

?PR?LED_INIT?LED                                 -----    -----      -----    -----      -----    -----
  +--> ?PR?LED

?PR?PWM_INIT?PWM                                 -----    -----      -----    -----      -----    -----
  +--> ?PR?PWM

?PR?TIMEBASE_INIT?USER_TEST                      -----    -----      -----    -----      -----    -----
  +--> ?PR?USER_TEST
  +--> ?PR?_TIMEBASE_ENABLE?USER_TEST

?PR?_TIMEBASE_ENABLE?USER_TEST                   -----    -----      -----    -----      -----    -----
  +--> ?PR?USER_TEST

?PR?PRINTF?PRINTF                                0020H.0  0001H.1    0008H    0005H      60C2H    0028H
  +--> ?PR?_PUTCHAR?UART0

?PR?_KEY_DRIVER_SCAN?KEY_DRIVER                  -----    -----      -----    -----      60BCH    0002H
  +--> ?PR?KEY_DRIVER

?PR?AD_KEY_HANDLE?AD_KEY                         -----    -----      -----    -----      -----    -----
  +--> ?PR?_AD_KEY_GET_EVENT?AD_KEY
  +--> ?CO?AD_KEY
  +--> ?PR?PRINTF?PRINTF
  +--> ?PR?LED_STATUS_SWITCH?LED
  +--> ?PR?_UART_DATA_SEND_CMD?UART_DATA_HANDLE
  +--> ?PR?_DELAY_MS?SYSTEM

?PR?_AD_KEY_GET_EVENT?AD_KEY                     -----    -----      -----    -----      -----    -----
  +--> ?PR?AD_KEY

?PR?LED_STATUS_SWITCH?LED                        -----    -----      -----    -----      -----    -----
  +--> ?PR?_LED_STATUS_SET?LED

?PR?_LED_STATUS_SET?LED                          -----    -----      -----    -----      60BCH    0001H
  +--> ?PR?LED_YELLOW_OFF?LED
  +--> ?PR?LED_WHITE_OFF?LED
  +--> ?PR?LED_WHITE_ON?LED
  +--> ?PR?LED_YELLOW_ON?LED

?PR?LED_WHITE_ON?LED                             -----    -----      -----    -----      -----    -----
  +--> ?PR?_PWM_SET_CHANNEL_1_DUTY?PWM

?PR?_PWM_SET_CHANNEL_1_DUTY?PWM                  -----    -----      -----    -----      -----    -----
  +--> ?PR?PWM

BL51 BANKED LINKER/LOCATER V6.22.4.0                                                  03/30/2026  17:26:30  PAGE 6


?PR?LED_YELLOW_ON?LED                            -----    -----      -----    -----      -----    -----
  +--> ?PR?_PWM_SET_CHANNEL_0_DUTY?PWM

?PR?_PWM_SET_CHANNEL_0_DUTY?PWM                  -----    -----      -----    -----      -----    -----
  +--> ?PR?PWM

?PR?_UART_DATA_SEND_CMD?UART_DATA_HANDLE         -----    -----      -----    -----      60BCH    0009H
  +--> ?CO?UART_DATA_HANDLE
  +--> ?PR?_UART0_SENDBUF?UART0

?PR?_UART0_SENDBUF?UART0                         -----    -----      -----    -----      60C5H    0003H
  +--> ?PR?_UART0_SENDBYTE?UART0

?PR?UART_DATA_HANDLE?UART_DATA_HANDLE            -----    -----      -----    -----      60BCH    0001H
  +--> ?PR?UART_RECEIVER_RESET?UART_DATA_HANDLE
  +--> ?PR?UART_RECEIVER_TIMEOUT_HANDLER?UAR...
  +--> ?PR?UART0_RXBUFFER_GET_COUNT?UART0
  +--> ?PR?UART0_RXBUFFER_GET_BYTE?UART0
  +--> ?PR?_UART_RECEIVER_PROCESS_BYTE?UART_...

?PR?UART_RECEIVER_TIMEOUT_HANDLER?UAR...         -----    -----      -----    -----      60BDH    0001H
  +--> ?PR?UART_RECEIVER_RESET?UART_DATA_HANDLE

?PR?UART0_RXBUFFER_GET_BYTE?UART0                -----    -----      -----    -----      -----    -----
  +--> ?PR?UART0

?PR?_UART_RECEIVER_PROCESS_BYTE?UART_...         -----    -----      -----    -----      -----    -----
  +--> ?PR?UART_DATA_HANDLE
  +--> ?PR?UART_RECEIVER_PROCESS_CHECKSUM?UA...

?PR?BATTERY_MONITOR_HANDLE?BATTERY_MO...         -----    -----      -----    -----      60BCH    0006H
  +--> ?PR?_ADC_GET_UPDATE_FLAG?ADC
  +--> ?PR?_ADC_CLEAR_UPDATE_FLAG?ADC
  +--> ?PR?_ADC_GET_VAL?ADC
  +--> ?PR?_GET_BATTERY_VOLTAGE_BY_ADC?BATTE...
  +--> ?PR?_BAT_VOL_HISTORY_BUFF_INIT?BATTER...
  +--> ?PR?_GET_BATTERY_PERCENTAGE_BY_VOLTAG...
  +--> ?PR?_BAT_VOL_HISTORY_BUFF_ADD?BATTERY...
  +--> ?CO?BATTERY_MONITOR
  +--> ?PR?PRINTF?PRINTF
  +--> ?PR?BATTERY_MONITOR
  +--> ?PR?BAT_VOL_HISTORY_BUFF_GET_AVG?BATT...

?PR?_BAT_VOL_HISTORY_BUFF_INIT?BATTER...         -----    -----      -----    -----      -----    -----
  +--> ?PR?BATTERY_MONITOR

?PR?_GET_BATTERY_PERCENTAGE_BY_VOLTAG...         -----    -----      -----    -----      60C2H    0004H

?PR?_BAT_VOL_HISTORY_BUFF_ADD?BATTERY...         -----    -----      -----    -----      -----    -----
  +--> ?PR?BATTERY_MONITOR

?PR?BAT_VOL_HISTORY_BUFF_GET_AVG?BATT...         -----    -----      -----    -----      60C2H    0005H
  +--> ?PR?BATTERY_MONITOR

?C_INITSEG                                       -----    -----      -----    -----      -----    -----
  +--> ?PR?AD_KEY_GET_KEY_VAL?AD_KEY

BL51 BANKED LINKER/LOCATER V6.22.4.0                                                  03/30/2026  17:26:30  PAGE 7


?PR?AD_KEY_GET_KEY_VAL?AD_KEY                    -----    -----      -----    -----      60BCH    0001H
  +--> ?PR?_ADC_GET_UPDATE_FLAG?ADC
  +--> ?PR?_ADC_CLEAR_UPDATE_FLAG?ADC
  +--> ?PR?_ADC_GET_VAL?ADC
  +--> ?PR?_AD_KEY_VAL_TO_AD_KEY_INDEX?AD_KEY

?PR?_AD_KEY_VAL_TO_AD_KEY_INDEX?AD_KEY           -----    -----      -----    -----      60BDH    0002H

*** NEW ROOT ***************************************************

?PR?ADC_IRQHANDLER?ADC                           -----    -----      -----    -----      60EAH    0002H
  +--> ?PR?ADC
  +--> ?PR?_ADC_UPDATE_VAL?ADC

?PR?ADC                                          -----    -----      -----    -----      -----    -----
  +--> ?PR?_ADC_CHANNEL_SEL?ADC

*** NEW ROOT ***************************************************

?PR?TIMR0_IRQHANDLER?TIMER0                      -----    -----      -----    -----      -----    -----
  +--> ?PR?ADC_SCAN?ADC
  +--> ?PR?UART_RECEIVER_TIMEOUT_ADD?UART_DA...
  +--> ?PR?BAT_VOL_UPDATE_TIMER_CALLBACK?BAT...
  +--> ?PR?BAT_VOL_BUFF_ADD_TIMER_CALLBACK?B...
  +--> ?PR?BAT_VOL_BUFF_GET_AVG_TIMER_CALLBA...
  +--> ?PR?LED_SLOW_ADJUST_ISR?LED
  +--> ?PR?LED_RED_BLUE_FLASH_1MS_ISR?LED

?PR?ADC_SCAN?ADC                                 -----    -----      -----    -----      -----    -----
  +--> ?PR?ADC

?PR?BAT_VOL_BUFF_ADD_TIMER_CALLBACK?B...         -----    -----      -----    -----      -----    -----
  +--> ?PR?BATTERY_MONITOR

?PR?BAT_VOL_BUFF_GET_AVG_TIMER_CALLBA...         -----    -----      -----    -----      -----    -----
  +--> ?PR?BATTERY_MONITOR

?PR?LED_SLOW_ADJUST_ISR?LED                      -----    -----      -----    -----      -----    -----
  +--> ?PR?LED
  +--> ?PR?_PWM_SET_CHANNEL_0_DUTY?PWM
  +--> ?PR?_PWM_SET_CHANNEL_1_DUTY?PWM

?PR?LED_RED_BLUE_FLASH_1MS_ISR?LED               -----    -----      -----    -----      60ECH    0002H
  +--> ?PR?LED

*** NEW ROOT ***************************************************

?PR?TIMR1_IRQHANDLER?TIMER1                      -----    -----      -----    -----      -----    -----
  +--> ?PR?DETECT_1KHZ_SIGNAL_100US?CHARGE_DET

?PR?DETECT_1KHZ_SIGNAL_100US?CHARGE_DET          -----    -----      -----    -----      60EEH    0002H
  +--> ?PR?CHARGE_DET

*** NEW ROOT ***************************************************

?PR?UART0_IRQHANDLER?UART0                       -----    -----      -----    -----      -----    -----
  +--> ?PR?_UART0_RXBUFFER_PUT_BYTE?UART0
BL51 BANKED LINKER/LOCATER V6.22.4.0                                                  03/30/2026  17:26:30  PAGE 8



?PR?_UART0_RXBUFFER_PUT_BYTE?UART0               -----    -----      -----    -----      -----    -----
  +--> ?PR?UART0



SYMBOL TABLE OF MODULE:  .\Release\Objects\Demo (?C_STARTUP)

  VALUE           TYPE          NAME
  ----------------------------------

  -------         MODULE        ?C_STARTUP
  C:1305H         SEGMENT       ?C_C51STARTUP
  I:0022H         SEGMENT       ?STACK
  C:0000H         PUBLIC        ?C_STARTUP
  D:00E0H         SYMBOL        ACC
  D:00F0H         SYMBOL        B
  D:0083H         SYMBOL        DPH
  D:0082H         SYMBOL        DPL
  N:0000H         SYMBOL        IBPSTACK
  N:0100H         SYMBOL        IBPSTACKTOP
  N:0080H         SYMBOL        IDATALEN
  C:1308H         SYMBOL        IDATALOOP
  N:0000H         SYMBOL        PBPSTACK
  N:0100H         SYMBOL        PBPSTACKTOP
  N:0000H         SYMBOL        PDATALEN
  N:0000H         SYMBOL        PDATASTART
  N:0000H         SYMBOL        PPAGE
  N:0000H         SYMBOL        PPAGEENABLE
  D:00A0H         SYMBOL        PPAGE_SFR
  D:0081H         SYMBOL        SP
  C:1305H         SYMBOL        STARTUP1
  N:0000H         SYMBOL        XBPSTACK
  N:0000H         SYMBOL        XBPSTACKTOP
  N:0000H         SYMBOL        XDATALEN
  N:0000H         SYMBOL        XDATASTART
  C:0000H         LINE#         126
  C:1305H         LINE#         133
  C:1307H         LINE#         134
  C:1308H         LINE#         135
  C:1309H         LINE#         136
  C:130BH         LINE#         185
  C:130EH         LINE#         196
  -------         ENDMOD        ?C_STARTUP

  -------         MODULE        SYSTEM
  C:0000H         SYMBOL        _ICE_DUMMY_
  D:00A7H         PUBLIC        FLASH_TIMEREG0
  D:00ACH         PUBLIC        FLASH_TIMEREG1
  C:2096H         PUBLIC        _delay
  C:1F08H         PUBLIC        _delay_ms
  C:1013H         PUBLIC        system_init
  -------         PROC          _DELAY
  D:0006H         SYMBOL        cnt
  C:2096H         LINE#         37
  C:2096H         LINE#         38
  C:2096H         LINE#         39
BL51 BANKED LINKER/LOCATER V6.22.4.0                                                  03/30/2026  17:26:30  PAGE 9


  C:20A0H         LINE#         40
  C:20A0H         LINE#         41
  C:20A0H         LINE#         42
  -------         ENDPROC       _DELAY
  -------         PROC          _DELAY_MS
  D:0002H         SYMBOL        ms
  C:1F08H         LINE#         49
  C:1F0CH         LINE#         50
  C:1F0CH         LINE#         51
  C:1F16H         LINE#         52
  C:1F16H         LINE#         53
  C:1F1DH         LINE#         54
  C:1F1FH         LINE#         55
  -------         ENDPROC       _DELAY_MS
  -------         PROC          SYSTEM_INIT
  -------         DO            
  D:0007H         SYMBOL        i
  -------         ENDDO         
  C:1013H         LINE#         62
  C:1013H         LINE#         63
  C:1013H         LINE#         66
  C:101AH         LINE#         67
  C:1027H         LINE#         68
  C:102AH         LINE#         69
  C:102DH         LINE#         70
  C:1033H         LINE#         71
  C:1039H         LINE#         72
  C:103FH         LINE#         76
  C:1041H         LINE#         77
  C:1041H         LINE#         78
  C:104EH         LINE#         79
  C:1053H         LINE#         81
  C:10E1H         LINE#         82
  -------         ENDPROC       SYSTEM_INIT
  -------         ENDMOD        SYSTEM

  -------         MODULE        ADC
  C:0000H         SYMBOL        _ICE_DUMMY_
  D:00A8H         PUBLIC        IE0
  D:00A9H         PUBLIC        IE1
  D:00AAH         PUBLIC        IE2
  D:00ABH         PUBLIC        IE3
  B:00A8H.7       PUBLIC        IE_EA
  D:00B8H         PUBLIC        IP0
  D:00B1H         PUBLIC        IP1
  D:00B2H         PUBLIC        IP2
  D:00B3H         PUBLIC        IP3
  D:00B4H         PUBLIC        IP4
  D:00B5H         PUBLIC        IP5
  D:00B6H         PUBLIC        IP6
  D:00B7H         PUBLIC        IP7
  D:0093H         PUBLIC        ADC_DATAH0
  D:0094H         PUBLIC        ADC_DATAL0
  D:0099H         PUBLIC        ADC_CHS0
  X:616FH         PUBLIC        cur_adc_status
  C:204CH         PUBLIC        adc_pin_init
  C:1E69H         PUBLIC        adc_init
BL51 BANKED LINKER/LOCATER V6.22.4.0                                                  03/30/2026  17:26:30  PAGE 10


  C:1667H         PUBLIC        adc_scan
  C:1BB4H         PUBLIC        _adc_update_val
  C:1D0DH         PUBLIC        _adc_get_val
  C:0024H         PUBLIC        _adc_get_update_flag
  C:1F93H         PUBLIC        _adc_clear_update_flag
  X:6170H         SYMBOL        adc_adkey_val
  B:0021H.1       SYMBOL        flag_is_adkey_val_update
  X:6172H         SYMBOL        adc_bat_det_val
  B:0021H.2       SYMBOL        flag_is_adc_bat_det_val_update
  X:6174H         SYMBOL        adc_solar_det_val
  B:0021H.3       SYMBOL        flag_is_adc_solar_det_val_update
  C:1A6DH         PUBLIC        _adc_channel_sel
  C:1498H         PUBLIC        ADC_IRQHandler
  C:1F38H         SYMBOL        Com005C
  C:1F38H         SYMBOL        L?0093
  C:1F38H         SYMBOL        L?0094
  C:1F41H         SYMBOL        L?0095
  C:1F41H         SYMBOL        L?0096
  C:1F48H         SYMBOL        L?0097
  C:1F48H         SYMBOL        L?0098
  -------         PROC          COM005C
  -------         ENDPROC       COM005C
  -------         PROC          ADC_PIN_INIT
  C:204CH         LINE#         17
  C:204CH         LINE#         18
  C:204CH         LINE#         20
  C:2052H         LINE#         23
  C:2058H         LINE#         24
  -------         ENDPROC       ADC_PIN_INIT
  -------         PROC          ADC_INIT
  C:1E69H         LINE#         26
  C:1E69H         LINE#         27
  C:1E69H         LINE#         35
  C:1E6FH         LINE#         39
  C:1E72H         LINE#         40
  C:1E74H         LINE#         42
  C:1E7AH         LINE#         44
  C:1E7FH         LINE#         47
  -------         ENDPROC       ADC_INIT
  -------         PROC          _ADC_UPDATE_VAL
  D:0007H         SYMBOL        adc_channel
  D:0004H         SYMBOL        adc_val
  C:1BB4H         LINE#         56
  C:1BB4H         LINE#         57
  C:1BB4H         LINE#         58
  C:1BC0H         LINE#         59
  C:1BC0H         LINE#         60
  C:1BC0H         LINE#         61
  C:1BC8H         LINE#         62
  C:1BCAH         LINE#         63
  C:1BCBH         LINE#         64
  C:1BCBH         LINE#         65
  C:1BD3H         LINE#         66
  C:1BD5H         LINE#         67
  C:1BD6H         LINE#         68
  C:1BD6H         LINE#         69
  C:1BE0H         LINE#         70
BL51 BANKED LINKER/LOCATER V6.22.4.0                                                  03/30/2026  17:26:30  PAGE 11


  C:1BE2H         LINE#         71
  C:1BE2H         LINE#         72
  C:1BE2H         LINE#         73
  -------         ENDPROC       _ADC_UPDATE_VAL
  -------         PROC          _ADC_GET_VAL
  D:0007H         SYMBOL        adc_channel
  -------         DO            
  D:0004H         SYMBOL        ret
  -------         ENDDO         
  C:1D0DH         LINE#         75
  C:1D0DH         LINE#         76
  C:1D0DH         LINE#         77
  C:1D10H         LINE#         78
  C:1D1CH         LINE#         79
  C:1D1CH         LINE#         80
  C:1D1CH         LINE#         81
  C:1D1FH         LINE#         82
  C:1D21H         LINE#         83
  C:1D21H         LINE#         84
  C:1D24H         LINE#         85
  C:1D26H         LINE#         86
  C:1D26H         LINE#         87
  C:1D2EH         LINE#         88
  C:1D2EH         LINE#         90
  C:1D2EH         LINE#         91
  C:1D2EH         LINE#         92
  C:1D2EH         LINE#         94
  C:1D32H         LINE#         95
  -------         ENDPROC       _ADC_GET_VAL
  -------         PROC          _ADC_GET_UPDATE_FLAG
  D:0007H         SYMBOL        adc_channel
  -------         DO            
  D:0006H         SYMBOL        ret
  -------         ENDDO         
  C:0024H         LINE#         98
  C:0024H         LINE#         99
  C:0024H         LINE#         100
  C:0026H         LINE#         101
  C:0032H         LINE#         102
  C:0032H         LINE#         103
  C:0032H         LINE#         104
  C:0034H         LINE#         105
  C:0036H         LINE#         106
  C:0036H         LINE#         107
  C:0038H         LINE#         108
  C:003AH         LINE#         109
  C:003AH         LINE#         110
  C:003FH         LINE#         111
  C:003FH         LINE#         113
  C:003FH         LINE#         114
  C:003FH         LINE#         115
  C:003FH         LINE#         117
  C:0041H         LINE#         118
  -------         ENDPROC       _ADC_GET_UPDATE_FLAG
  -------         PROC          _ADC_CLEAR_UPDATE_FLAG
  D:0007H         SYMBOL        adc_channel
  C:1F93H         LINE#         121
BL51 BANKED LINKER/LOCATER V6.22.4.0                                                  03/30/2026  17:26:30  PAGE 12


  C:1F93H         LINE#         122
  C:1F93H         LINE#         123
  C:1F9FH         LINE#         124
  C:1F9FH         LINE#         125
  C:1F9FH         LINE#         126
  C:1FA1H         LINE#         127
  C:1FA2H         LINE#         128
  C:1FA2H         LINE#         129
  C:1FA4H         LINE#         130
  C:1FA5H         LINE#         131
  C:1FA5H         LINE#         132
  C:1FA7H         LINE#         133
  C:1FA7H         LINE#         135
  C:1FA7H         LINE#         136
  C:1FA7H         LINE#         137
  C:1FA7H         LINE#         138
  -------         ENDPROC       _ADC_CLEAR_UPDATE_FLAG
  -------         PROC          _ADC_CHANNEL_SEL
  D:0007H         SYMBOL        adc_channel
  C:1A6DH         LINE#         140
  C:1A6DH         LINE#         141
  C:1A6DH         LINE#         142
  C:1A74H         LINE#         146
  C:1A80H         LINE#         147
  C:1A80H         LINE#         148
  C:1A80H         LINE#         150
  C:1A87H         LINE#         152
  C:1A8AH         LINE#         153
  C:1A8CH         LINE#         154
  C:1A8CH         LINE#         155
  C:1A93H         LINE#         158
  C:1A96H         LINE#         160
  C:1A98H         LINE#         161
  C:1A98H         LINE#         165
  C:1A9FH         LINE#         168
  C:1AA2H         LINE#         169
  C:1AA2H         LINE#         171
  C:1AA2H         LINE#         172
  C:1AA2H         LINE#         173
  C:1AA2H         LINE#         175
  C:1AA8H         LINE#         177
  -------         ENDPROC       _ADC_CHANNEL_SEL
  -------         PROC          ADC_SCAN
  C:1667H         LINE#         180
  C:1667H         LINE#         181
  C:1667H         LINE#         182
  C:1671H         LINE#         184
  C:1671H         LINE#         185
  C:1673H         LINE#         186
  C:1679H         LINE#         187
  C:167AH         LINE#         188
  C:1681H         LINE#         189
  C:1681H         LINE#         191
  C:1684H         LINE#         192
  C:1687H         LINE#         193
  C:1688H         LINE#         194
  C:168FH         LINE#         195
BL51 BANKED LINKER/LOCATER V6.22.4.0                                                  03/30/2026  17:26:30  PAGE 13


  C:168FH         LINE#         196
  C:1691H         LINE#         197
  C:1697H         LINE#         198
  C:1698H         LINE#         199
  C:169FH         LINE#         200
  C:169FH         LINE#         202
  C:16A2H         LINE#         203
  C:16A5H         LINE#         204
  C:16A6H         LINE#         205
  C:16ADH         LINE#         206
  C:16ADH         LINE#         207
  C:16AFH         LINE#         208
  C:16B5H         LINE#         209
  C:16B6H         LINE#         210
  C:16BDH         LINE#         211
  C:16BDH         LINE#         213
  C:16C0H         LINE#         214
  C:16C3H         LINE#         215
  C:16C3H         LINE#         216
  -------         ENDPROC       ADC_SCAN
  -------         PROC          ADC_IRQHANDLER
  -------         DO            
  X:60EAH         SYMBOL        adc_val
  -------         ENDDO         
  C:1498H         LINE#         218
  C:14ADH         LINE#         223
  C:14ADH         LINE#         227
  C:14B3H         LINE#         228
  C:14B3H         LINE#         229
  C:14CDH         LINE#         230
  C:14D4H         LINE#         231
  C:14D4H         LINE#         232
  C:14D9H         LINE#         233
  C:14DBH         LINE#         234
  C:14E2H         LINE#         235
  C:14E2H         LINE#         236
  C:14E7H         LINE#         237
  C:14E9H         LINE#         238
  C:14F0H         LINE#         239
  C:14F0H         LINE#         240
  C:14F8H         LINE#         241
  C:14F8H         LINE#         243
  C:14FEH         LINE#         244
  C:14FEH         LINE#         247
  C:14FEH         LINE#         248
  -------         ENDPROC       ADC_IRQHANDLER
  -------         ENDMOD        ADC

  -------         MODULE        PWM
  C:0000H         SYMBOL        _ICE_DUMMY_
  B:00A0H.7       PUBLIC        P27
  B:00B0H.0       PUBLIC        P30
  C:1391H         PUBLIC        pwm_init
  C:20ACH         PUBLIC        _pwm_set_channel_0_duty
  C:20B5H         PUBLIC        _pwm_set_channel_1_duty
  C:2066H         PUBLIC        pwm_get_channel_0_status
  C:2072H         PUBLIC        pwm_get_channel_1_status
BL51 BANKED LINKER/LOCATER V6.22.4.0                                                  03/30/2026  17:26:30  PAGE 14


  C:1F7DH         SYMBOL        Com000A
  C:1F7DH         SYMBOL        L?0011
  C:1F88H         SYMBOL        L?0012
  -------         PROC          COM000A
  -------         ENDPROC       COM000A
  -------         PROC          PWM_INIT
  C:1391H         LINE#         3
  C:1391H         LINE#         4
  C:1391H         LINE#         6
  C:1397H         LINE#         7
  C:139BH         LINE#         9
  C:139DH         LINE#         10
  C:13A2H         LINE#         13
  C:13A8H         LINE#         14
  C:13ACH         LINE#         16
  C:13AEH         LINE#         17
  C:13B3H         LINE#         21
  C:13B9H         LINE#         22
  C:13BEH         LINE#         23
  C:13C3H         LINE#         24
  C:13C7H         LINE#         25
  C:13C9H         LINE#         26
  C:13C9H         LINE#         27
  C:13C9H         LINE#         29
  C:13CFH         LINE#         30
  C:13D5H         LINE#         31
  C:13DBH         LINE#         32
  C:13E1H         LINE#         33
  C:13E7H         LINE#         37
  C:13EDH         LINE#         38
  C:13F2H         LINE#         39
  C:13F7H         LINE#         40
  C:13FBH         LINE#         41
  C:13FDH         LINE#         42
  C:13FDH         LINE#         43
  C:13FDH         LINE#         45
  C:1403H         LINE#         46
  C:1409H         LINE#         47
  C:140FH         LINE#         48
  C:1415H         LINE#         49
  C:141BH         LINE#         50
  -------         ENDPROC       PWM_INIT
  -------         PROC          _PWM_SET_CHANNEL_0_DUTY
  D:0004H         SYMBOL        channel_duty
  C:20ACH         LINE#         53
  C:20ACH         LINE#         54
  C:20ACH         LINE#         55
  C:20AEH         LINE#         56
  C:20AEH         LINE#         57
  C:20B4H         LINE#         58
  -------         ENDPROC       _PWM_SET_CHANNEL_0_DUTY
  -------         PROC          _PWM_SET_CHANNEL_1_DUTY
  D:0004H         SYMBOL        channel_duty
  C:20B5H         LINE#         61
  C:20B5H         LINE#         62
  C:20B5H         LINE#         63
  C:20B7H         LINE#         64
BL51 BANKED LINKER/LOCATER V6.22.4.0                                                  03/30/2026  17:26:30  PAGE 15


  C:20B7H         LINE#         65
  C:20BDH         LINE#         66
  -------         ENDPROC       _PWM_SET_CHANNEL_1_DUTY
  -------         PROC          PWM_GET_CHANNEL_0_STATUS
  C:2066H         LINE#         73
  C:2066H         LINE#         74
  C:2066H         LINE#         75
  C:206CH         LINE#         76
  C:206CH         LINE#         77
  C:206FH         LINE#         78
  C:206FH         LINE#         80
  C:206FH         LINE#         81
  C:2071H         LINE#         82
  C:2071H         LINE#         83
  -------         ENDPROC       PWM_GET_CHANNEL_0_STATUS
  -------         PROC          PWM_GET_CHANNEL_1_STATUS
  C:2072H         LINE#         90
  C:2072H         LINE#         91
  C:2072H         LINE#         92
  C:2078H         LINE#         93
  C:2078H         LINE#         94
  C:207BH         LINE#         95
  C:207BH         LINE#         97
  C:207BH         LINE#         98
  C:207DH         LINE#         99
  C:207DH         LINE#         100
  -------         ENDPROC       PWM_GET_CHANNEL_1_STATUS
  -------         ENDMOD        PWM

  -------         MODULE        TIMER0
  C:0000H         SYMBOL        _ICE_DUMMY_
  D:00A8H         PUBLIC        IE0
  D:00A9H         PUBLIC        IE1
  D:00AAH         PUBLIC        IE2
  D:00ABH         PUBLIC        IE3
  B:00A8H.7       PUBLIC        IE_EA
  D:00B8H         PUBLIC        IP0
  D:00B1H         PUBLIC        IP1
  D:00B2H         PUBLIC        IP2
  D:00B3H         PUBLIC        IP3
  D:00B4H         PUBLIC        IP4
  D:00B5H         PUBLIC        IP5
  D:00B6H         PUBLIC        IP6
  D:00B7H         PUBLIC        IP7
  D:00D1H         PUBLIC        TMR_ALLCON
  C:1E86H         PUBLIC        timer0_init
  C:16C4H         PUBLIC        TIMR0_IRQHandler
  -------         PROC          TIMER0_INIT
  C:1E86H         LINE#         10
  C:1E86H         LINE#         11
  C:1E86H         LINE#         12
  C:1E89H         LINE#         13
  C:1E8BH         LINE#         15
  C:1E8EH         LINE#         16
  C:1E93H         LINE#         17
  C:1E97H         LINE#         18
  C:1E9CH         LINE#         19
BL51 BANKED LINKER/LOCATER V6.22.4.0                                                  03/30/2026  17:26:30  PAGE 16


  C:1EA0H         LINE#         20
  -------         ENDPROC       TIMER0_INIT
  -------         PROC          TIMR0_IRQHANDLER
  C:16C4H         LINE#         24
  C:16E1H         LINE#         27
  C:16E1H         LINE#         32
  C:16E7H         LINE#         33
  C:16E7H         LINE#         34
  C:16EBH         LINE#         40
  C:16F1H         LINE#         41
  C:16F4H         LINE#         43
  C:16F7H         LINE#         45
  C:16FAH         LINE#         46
  C:16FDH         LINE#         47
  C:1700H         LINE#         49
  C:1703H         LINE#         50
  C:1706H         LINE#         53
  C:1706H         LINE#         56
  C:1706H         LINE#         57
  -------         ENDPROC       TIMR0_IRQHANDLER
  -------         ENDMOD        TIMER0

  -------         MODULE        TIMER1
  C:0000H         SYMBOL        _ICE_DUMMY_
  D:00A8H         PUBLIC        IE0
  D:00A9H         PUBLIC        IE1
  D:00AAH         PUBLIC        IE2
  D:00ABH         PUBLIC        IE3
  B:00A8H.7       PUBLIC        IE_EA
  D:00B8H         PUBLIC        IP0
  D:00B1H         PUBLIC        IP1
  D:00B2H         PUBLIC        IP2
  D:00B3H         PUBLIC        IP3
  D:00B4H         PUBLIC        IP4
  D:00B5H         PUBLIC        IP5
  D:00B6H         PUBLIC        IP6
  D:00B7H         PUBLIC        IP7
  D:00D1H         PUBLIC        TMR_ALLCON
  C:1EA1H         PUBLIC        timer1_init
  C:19E3H         PUBLIC        TIMR1_IRQHandler
  -------         PROC          TIMER1_INIT
  C:1EA1H         LINE#         9
  C:1EA1H         LINE#         10
  C:1EA1H         LINE#         11
  C:1EA4H         LINE#         12
  C:1EA6H         LINE#         14
  C:1EA9H         LINE#         15
  C:1EAEH         LINE#         16
  C:1EB2H         LINE#         17
  C:1EB7H         LINE#         18
  C:1EBBH         LINE#         21
  -------         ENDPROC       TIMER1_INIT
  -------         PROC          TIMR1_IRQHANDLER
  C:19E3H         LINE#         25
  C:1A00H         LINE#         28
  C:1A00H         LINE#         32
  C:1A06H         LINE#         33
BL51 BANKED LINKER/LOCATER V6.22.4.0                                                  03/30/2026  17:26:30  PAGE 17


  C:1A06H         LINE#         34
  C:1A0AH         LINE#         37
  C:1A0DH         LINE#         38
  C:1A0DH         LINE#         41
  C:1A0DH         LINE#         42
  -------         ENDPROC       TIMR1_IRQHANDLER
  -------         ENDMOD        TIMER1

  -------         MODULE        UART0
  C:0000H         SYMBOL        _ICE_DUMMY_
  D:00A8H         PUBLIC        IE0
  D:00A9H         PUBLIC        IE1
  D:00AAH         PUBLIC        IE2
  D:00ABH         PUBLIC        IE3
  B:00A8H.7       PUBLIC        IE_EA
  D:00B8H         PUBLIC        IP0
  D:00B1H         PUBLIC        IP1
  D:00B2H         PUBLIC        IP2
  D:00B3H         PUBLIC        IP3
  D:00B4H         PUBLIC        IP4
  D:00B5H         PUBLIC        IP5
  D:00B6H         PUBLIC        IP6
  D:00B7H         PUBLIC        IP7
  D:00D2H         PUBLIC        UART0_CON0
  D:00D4H         PUBLIC        UART0_STA
  D:00D5H         PUBLIC        UART0_BAUD0
  D:00D6H         PUBLIC        UART0_BAUD1
  D:00D7H         PUBLIC        UART0_DATA
  C:1C67H         PUBLIC        uart0_init
  C:2059H         PUBLIC        _uart0_sendbyte
  C:1D7EH         PUBLIC        _uart0_sendbuf
  C:0045H         PUBLIC        uart0_rxbuffer_get_count
  C:1F4FH         PUBLIC        uart0_rxbuffer_get_byte
  C:20BEH         PUBLIC        _putchar
  X:6000H         PUBLIC        uart0_rx_buffer
  C:1F20H         SYMBOL        _uart0_rxbuffer_put_byte
  C:1D33H         PUBLIC        UART0_IRQHandler
  C:1FF3H         SYMBOL        Com0037
  C:1FF3H         SYMBOL        L?0056
  -------         PROC          COM0037
  -------         ENDPROC       COM0037
  -------         PROC          _PUTCHAR
  D:0007H         SYMBOL        c
  C:20BEH         LINE#         8
  C:20BEH         LINE#         9
  C:20BEH         LINE#         10
  C:20C3H         LINE#         12
  C:20C5H         LINE#         13
  C:20C5H         LINE#         14
  -------         ENDPROC       _PUTCHAR
  -------         PROC          UART0_INIT
  C:1C67H         LINE#         17
  C:1C67H         LINE#         18
  C:1C67H         LINE#         19
  C:1C6DH         LINE#         20
  C:1C71H         LINE#         21
  C:1C78H         LINE#         23
BL51 BANKED LINKER/LOCATER V6.22.4.0                                                  03/30/2026  17:26:30  PAGE 18


  C:1C7CH         LINE#         24
  C:1C82H         LINE#         26
  C:1C85H         LINE#         27
  C:1C88H         LINE#         28
  C:1C8BH         LINE#         32
  C:1C8EH         LINE#         33
  C:1C90H         LINE#         34
  -------         ENDPROC       UART0_INIT
  -------         PROC          _UART0_SENDBYTE
  D:0007H         SYMBOL        byte
  C:2059H         LINE#         37
  C:2059H         LINE#         38
  C:2059H         LINE#         39
  C:205EH         LINE#         42
  C:2060H         LINE#         44
  C:2065H         LINE#         46
  -------         ENDPROC       _UART0_SENDBYTE
  -------         PROC          _UART0_SENDBUF
  X:60C5H         SYMBOL        buf
  D:0005H         SYMBOL        len
  -------         DO            
  D:0006H         SYMBOL        i
  -------         ENDDO         
  C:1D7EH         LINE#         48
  C:1D84H         LINE#         49
  C:1D84H         LINE#         50
  C:1D86H         LINE#         51
  C:1D8BH         LINE#         52
  C:1D8BH         LINE#         53
  C:1D9DH         LINE#         54
  C:1DA0H         LINE#         55
  -------         ENDPROC       _UART0_SENDBUF
  -------         PROC          UART0_RXBUFFER_GET_COUNT
  C:0045H         LINE#         58
  C:0045H         LINE#         59
  C:0045H         LINE#         60
  C:004AH         LINE#         61
  -------         ENDPROC       UART0_RXBUFFER_GET_COUNT
  -------         PROC          UART0_RXBUFFER_GET_BYTE
  -------         DO            
  D:0007H         SYMBOL        rxbyte
  -------         ENDDO         
  C:1F4FH         LINE#         64
  C:1F4FH         LINE#         65
  C:1F4FH         LINE#         68
  C:1F55H         LINE#         69
  C:1F55H         LINE#         71
  C:1F57H         LINE#         72
  C:1F57H         LINE#         75
  C:1F5AH         LINE#         76
  C:1F5FH         LINE#         78
  C:1F65H         LINE#         80
  C:1F65H         LINE#         81
  -------         ENDPROC       UART0_RXBUFFER_GET_BYTE
  -------         PROC          _UART0_RXBUFFER_PUT_BYTE
  D:0005H         SYMBOL        byte
  C:1F20H         LINE#         83
BL51 BANKED LINKER/LOCATER V6.22.4.0                                                  03/30/2026  17:26:30  PAGE 19


  C:1F20H         LINE#         84
  C:1F20H         LINE#         88
  C:1F23H         LINE#         89
  C:1F28H         LINE#         91
  C:1F2EH         LINE#         93
  C:1F34H         LINE#         94
  C:1F34H         LINE#         95
  C:1F37H         LINE#         96
  C:1F37H         LINE#         97
  -------         ENDPROC       _UART0_RXBUFFER_PUT_BYTE
  -------         PROC          UART0_IRQHANDLER
  C:1D33H         LINE#         100
  C:1D42H         LINE#         103
  C:1D42H         LINE#         106
  C:1D47H         LINE#         107
  C:1D47H         LINE#         108
  C:1D4CH         LINE#         109
  C:1D4CH         LINE#         111
  C:1D4CH         LINE#         112
  -------         ENDPROC       UART0_IRQHANDLER
  -------         ENDMOD        UART0

  -------         MODULE        MAIN
  C:0000H         SYMBOL        _ICE_DUMMY_
  D:00D9H         PUBLIC        WDT_KEY
  C:1721H         PUBLIC        main
  -------         PROC          MAIN
  C:1721H         LINE#         103
  C:1721H         LINE#         104
  C:1721H         LINE#         106
  C:1724H         LINE#         108
  C:1727H         LINE#         111
  C:172AH         LINE#         112
  C:1731H         LINE#         113
  C:1734H         LINE#         115
  C:1737H         LINE#         116
  C:173AH         LINE#         117
  C:173DH         LINE#         118
  C:1740H         LINE#         119
  C:1743H         LINE#         120
  C:1746H         LINE#         122
  C:1749H         LINE#         123
  C:174CH         LINE#         127
  C:174FH         LINE#         128
  C:1752H         LINE#         131
  C:1755H         LINE#         132
  C:1758H         LINE#         133
  C:1761H         LINE#         136
  C:1768H         LINE#         138
  C:1768H         LINE#         139
  C:1768H         LINE#         140
  C:1771H         LINE#         141
  C:1774H         LINE#         143
  C:1777H         LINE#         145
  C:177AH         LINE#         152
  -------         ENDPROC       MAIN
  -------         ENDMOD        MAIN
BL51 BANKED LINKER/LOCATER V6.22.4.0                                                  03/30/2026  17:26:30  PAGE 20



  -------         MODULE        UART_DATA_HANDLE
  C:0000H         SYMBOL        _ICE_DUMMY_
  B:00A0H.3       PUBLIC        P23
  C:1FA8H         PUBLIC        uart_receiver_reset
  C:000FH         PUBLIC        uart_receiver_timeout_add
  C:1DA1H         PUBLIC        uart_receiver_process_checksum
  C:1260H         PUBLIC        _uart_receiver_process_byte
  C:1FBDH         PUBLIC        uart_receiver_timeout_handler
  C:1511H         PUBLIC        uart_data_handle
  C:1A28H         PUBLIC        _uart_data_send_cmd
  X:6152H         SYMBOL        uart_receiver
  C:20C6H         SYMBOL        _?ix1000
  C:1F66H         SYMBOL        Com0039
  C:1F66H         SYMBOL        L?0058
  C:1F66H         SYMBOL        L?0059
  -------         PROC          COM0039
  -------         ENDPROC       COM0039
  -------         PROC          UART_RECEIVER_RESET
  C:1FA8H         LINE#         13
  C:1FA8H         LINE#         14
  C:1FA8H         LINE#         15
  C:1FB7H         LINE#         16
  C:1FBCH         LINE#         17
  -------         ENDPROC       UART_RECEIVER_RESET
  -------         PROC          UART_RECEIVER_TIMEOUT_ADD
  C:000FH         LINE#         23
  C:000FH         LINE#         24
  C:000FH         LINE#         25
  C:0015H         LINE#         26
  C:0015H         LINE#         27
  C:001DH         LINE#         28
  C:001DH         LINE#         29
  -------         ENDPROC       UART_RECEIVER_TIMEOUT_ADD
  -------         PROC          UART_RECEIVER_PROCESS_CHECKSUM
  -------         DO            
  D:0006H         SYMBOL        i
  D:0007H         SYMBOL        check_sum
  -------         ENDDO         
  C:1DA1H         LINE#         36
  C:1DA1H         LINE#         37
  C:1DA1H         LINE#         39
  C:1DA3H         LINE#         40
  C:1DA4H         LINE#         41
  C:1DA4H         LINE#         42
  C:1DB1H         LINE#         43
  C:1DB6H         LINE#         45
  C:1DBDH         LINE#         46
  C:1DBDH         LINE#         47
  C:1DC0H         LINE#         48
  C:1DC0H         LINE#         50
  C:1DC0H         LINE#         57
  C:1DC2H         LINE#         58
  C:1DC2H         LINE#         59
  -------         ENDPROC       UART_RECEIVER_PROCESS_CHECKSUM
  -------         PROC          _UART_RECEIVER_PROCESS_BYTE
  D:0005H         SYMBOL        byte
BL51 BANKED LINKER/LOCATER V6.22.4.0                                                  03/30/2026  17:26:30  PAGE 21


  C:1260H         LINE#         68
  C:1262H         LINE#         69
  C:1262H         LINE#         70
  C:1285H         LINE#         71
  C:1285H         LINE#         72
  C:1285H         LINE#         73
  C:1289H         LINE#         74
  C:1289H         LINE#         75
  C:1289H         LINE#         76
  C:128EH         LINE#         77
  C:1291H         LINE#         78
  C:1291H         LINE#         80
  C:1291H         LINE#         81
  C:1294H         LINE#         82
  C:1294H         LINE#         84
  C:1294H         LINE#         86
  C:1294H         LINE#         87
  C:1298H         LINE#         88
  C:1298H         LINE#         89
  C:1298H         LINE#         90
  C:129DH         LINE#         91
  C:12A0H         LINE#         92
  C:12A0H         LINE#         94
  C:12A0H         LINE#         96
  C:12A3H         LINE#         97
  C:12A3H         LINE#         98
  C:12A3H         LINE#         100
  C:12A3H         LINE#         101
  C:12A6H         LINE#         102
  C:12A6H         LINE#         103
  C:12A6H         LINE#         104
  C:12ABH         LINE#         105
  C:12AEH         LINE#         106
  C:12AEH         LINE#         108
  C:12AEH         LINE#         109
  C:12B1H         LINE#         110
  C:12B1H         LINE#         111
  C:12B1H         LINE#         113
  C:12B1H         LINE#         115
  C:12B1H         LINE#         116
  C:12B6H         LINE#         117
  C:12B8H         LINE#         118
  C:12B8H         LINE#         120
  C:12B8H         LINE#         122
  C:12B8H         LINE#         123
  C:12BDH         LINE#         124
  C:12BFH         LINE#         125
  C:12BFH         LINE#         127
  C:12BFH         LINE#         128
  C:12C2H         LINE#         129
  C:12C2H         LINE#         130
  C:12C2H         LINE#         131
  C:12C7H         LINE#         132
  C:12C9H         LINE#         133
  C:12C9H         LINE#         135
  C:12C9H         LINE#         136
  C:12CCH         LINE#         137
BL51 BANKED LINKER/LOCATER V6.22.4.0                                                  03/30/2026  17:26:30  PAGE 22


  C:12CCH         LINE#         139
  C:12CCH         LINE#         141
  C:12CCH         LINE#         142
  C:12D2H         LINE#         143
  C:12D8H         LINE#         144
  C:12D8H         LINE#         146
  C:12DBH         LINE#         147
  C:12DBH         LINE#         149
  C:12DBH         LINE#         150
  C:12DEH         LINE#         151
  C:12DEH         LINE#         152
  C:12DEH         LINE#         154
  C:12DEH         LINE#         155
  C:12E2H         LINE#         156
  C:12E2H         LINE#         157
  C:12F6H         LINE#         158
  C:12FCH         LINE#         159
  C:12FFH         LINE#         160
  C:12FFH         LINE#         162
  C:12FFH         LINE#         163
  C:1302H         LINE#         164
  C:1302H         LINE#         165
  C:1302H         LINE#         167
  C:1302H         LINE#         168
  C:1302H         LINE#         169
  C:1302H         LINE#         171
  C:1304H         LINE#         172
  -------         ENDPROC       _UART_RECEIVER_PROCESS_BYTE
  -------         PROC          UART_RECEIVER_TIMEOUT_HANDLER
  -------         DO            
  X:60BDH         SYMBOL        i
  -------         ENDDO         
  C:1FBDH         LINE#         175
  C:1FBDH         LINE#         176
  C:1FBDH         LINE#         181
  C:1FCCH         LINE#         182
  C:1FCCH         LINE#         196
  C:1FCFH         LINE#         197
  C:1FCFH         LINE#         198
  -------         ENDPROC       UART_RECEIVER_TIMEOUT_HANDLER
  -------         PROC          UART_DATA_HANDLE
  -------         DO            
  X:60BCH         SYMBOL        i
  D:0004H         SYMBOL        recv_byte
  X:6151H         SYMBOL        initialized
  -------         ENDDO         
  C:1511H         LINE#         199
  C:1511H         LINE#         200
  C:1511H         LINE#         208
  C:1517H         LINE#         209
  C:1517H         LINE#         210
  C:151AH         LINE#         211
  C:1520H         LINE#         212
  C:1520H         LINE#         217
  C:1526H         LINE#         218
  C:1526H         LINE#         219
  C:1529H         LINE#         220
BL51 BANKED LINKER/LOCATER V6.22.4.0                                                  03/30/2026  17:26:30  PAGE 23


  C:1529H         LINE#         222
  C:152FH         LINE#         223
  C:152FH         LINE#         225
  C:152FH         LINE#         228
  C:152FH         LINE#         229
  C:152FH         LINE#         230
  C:153DH         LINE#         232
  C:153DH         LINE#         246
  C:153DH         LINE#         247
  C:153DH         LINE#         249
  C:1542H         LINE#         252
  C:1548H         LINE#         253
  C:154DH         LINE#         256
  C:1553H         LINE#         257
  C:1553H         LINE#         265
  C:1556H         LINE#         266
  C:1556H         LINE#         267
  C:1558H         LINE#         269
  C:155FH         LINE#         270
  C:155FH         LINE#         272
  C:155FH         LINE#         292
  C:156FH         LINE#         293
  C:156FH         LINE#         294
  C:156FH         LINE#         296
  C:1574H         LINE#         297
  C:1576H         LINE#         298
  C:1576H         LINE#         300
  C:157CH         LINE#         301
  C:157EH         LINE#         302
  C:157EH         LINE#         305
  C:1580H         LINE#         306
  C:1585H         LINE#         307
  C:1585H         LINE#         309
  C:1585H         LINE#         311
  C:1585H         LINE#         312
  C:1585H         LINE#         315
  C:1588H         LINE#         316
  -------         ENDPROC       UART_DATA_HANDLE
  -------         PROC          _UART_DATA_SEND_CMD
  X:60BCH         SYMBOL        cmd
  -------         DO            
  X:60BDH         SYMBOL        buf
  -------         ENDDO         
  C:1A28H         LINE#         320
  C:1A2DH         LINE#         321
  C:1A2DH         LINE#         322
  C:1A40H         LINE#         333
  C:1A49H         LINE#         334
  C:1A62H         LINE#         336
  -------         ENDPROC       _UART_DATA_SEND_CMD
  -------         ENDMOD        UART_DATA_HANDLE

  -------         MODULE        KEY_DRIVER
  C:0000H         SYMBOL        _ICE_DUMMY_
  C:0814H         PUBLIC        _key_driver_scan
  X:6176H         SYMBOL        is_key_active
  X:6177H         PUBLIC        scan_para
BL51 BANKED LINKER/LOCATER V6.22.4.0                                                  03/30/2026  17:26:30  PAGE 24


  C:1E29H         SYMBOL        Com0021
  C:1E29H         SYMBOL        L?0034
  C:1E2CH         SYMBOL        L?0035
  C:1E2DH         SYMBOL        L?0036
  C:1E33H         SYMBOL        L?0037
  C:1E36H         SYMBOL        L?0038
  C:1E3AH         SYMBOL        L?0039
  C:1E40H         SYMBOL        L?0040
  C:1E43H         SYMBOL        L?0041
  -------         PROC          COM0021
  -------         ENDPROC       COM0021
  -------         PROC          _KEY_DRIVER_SCAN
  D:0001H         SYMBOL        _scan_para
  -------         DO            
  X:60BCH         SYMBOL        key_event
  D:0007H         SYMBOL        cur_key_value
  X:60BDH         SYMBOL        key_value
  C:097CH         SYMBOL        _notify
  C:099CH         SYMBOL        _scan_end
  -------         ENDDO         
  C:0814H         LINE#         17
  C:0814H         LINE#         19
  C:0814H         LINE#         24
  C:0819H         LINE#         25
  C:081BH         LINE#         26
  C:081FH         LINE#         30
  C:0825H         LINE#         33
  C:0838H         LINE#         34
  C:0838H         LINE#         36
  C:0838H         LINE#         38
  C:0842H         LINE#         40
  C:084BH         LINE#         46
  C:084FH         LINE#         47
  C:084FH         LINE#         48
  C:0855H         LINE#         49
  C:0857H         LINE#         50
  C:085DH         LINE#         51
  C:085DH         LINE#         52
  C:0860H         LINE#         53
  C:0860H         LINE#         56
  C:0874H         LINE#         57
  C:0874H         LINE#         59
  C:087BH         LINE#         60
  C:0881H         LINE#         62
  C:0881H         LINE#         65
  C:0892H         LINE#         66
  C:0892H         LINE#         67
  C:089DH         LINE#         69
  C:089DH         LINE#         72
  C:08A9H         LINE#         73
  C:08A9H         LINE#         80
  C:08ADH         LINE#         81
  C:08ADH         LINE#         82
  C:08B4H         LINE#         83
  C:08B4H         LINE#         84
  C:08B6H         LINE#         85
  C:08BCH         LINE#         86
BL51 BANKED LINKER/LOCATER V6.22.4.0                                                  03/30/2026  17:26:30  PAGE 25


  C:08BEH         LINE#         88
  C:08BEH         LINE#         91
  C:08BEH         LINE#         92
  C:08C6H         LINE#         93
  C:08C6H         LINE#         94
  C:08C9H         LINE#         96
  C:08C9H         LINE#         101
  C:08D1H         LINE#         102
  C:08DDH         LINE#         103
  C:08DDH         LINE#         104
  C:08E2H         LINE#         105
  C:08E6H         LINE#         106
  C:08E9H         LINE#         108
  C:08E9H         LINE#         109
  C:08EFH         LINE#         110
  C:08EFH         LINE#         111
  C:08EFH         LINE#         113
  C:08F1H         LINE#         118
  C:08F1H         LINE#         120
  C:08F1H         LINE#         125
  C:08F5H         LINE#         126
  C:08F5H         LINE#         128
  C:0906H         LINE#         129
  C:0906H         LINE#         133
  C:0917H         LINE#         134
  C:0917H         LINE#         154
  C:0917H         LINE#         155
  C:0919H         LINE#         157
  C:0919H         LINE#         158
  C:0926H         LINE#         160
  C:0928H         LINE#         162
  C:0928H         LINE#         164
  C:0928H         LINE#         165
  C:0933H         LINE#         166
  C:0936H         LINE#         168
  C:0936H         LINE#         169
  C:0936H         LINE#         171
  C:0936H         LINE#         172
  C:0936H         LINE#         174
  C:0936H         LINE#         175
  C:0936H         LINE#         177
  C:0936H         LINE#         179
  C:0941H         LINE#         180
  C:0941H         LINE#         181
  C:0949H         LINE#         182
  C:0949H         LINE#         186
  C:094FH         LINE#         187
  C:094FH         LINE#         188
  C:0955H         LINE#         193
  C:0957H         LINE#         194
  C:0963H         LINE#         195
  C:0963H         LINE#         196
  C:0968H         LINE#         197
  C:0977H         LINE#         199
  C:0977H         LINE#         201
  C:0977H         LINE#         202
  C:0977H         LINE#         204
BL51 BANKED LINKER/LOCATER V6.22.4.0                                                  03/30/2026  17:26:30  PAGE 26


  C:0977H         LINE#         207
  C:097CH         LINE#         208
  C:097CH         LINE#         210
  C:097CH         LINE#         211
  C:097CH         LINE#         213
  C:097CH         LINE#         216
  C:097CH         LINE#         218
  C:097CH         LINE#         219
  C:0980H         LINE#         220
  C:0988H         LINE#         222
  C:0992H         LINE#         223
  C:099CH         LINE#         226
  C:099CH         LINE#         235
  C:099CH         LINE#         237
  C:099CH         LINE#         238
  C:09A6H         LINE#         241
  -------         ENDPROC       _KEY_DRIVER_SCAN
  -------         ENDMOD        KEY_DRIVER

  -------         MODULE        AD_KEY
  C:0000H         SYMBOL        _ICE_DUMMY_
  B:00A0H.3       PUBLIC        P23
  X:6085H         PUBLIC        ad_key_para
  C:0DF0H         PUBLIC        ad_key_handle
  X:6098H         SYMBOL        ad_key_scan_table
  X:60A8H         SYMBOL        ad_key_event_table
  C:1B1DH         PUBLIC        ad_key_get_key_val
  C:18BFH         SYMBOL        _ad_key_val_to_ad_key_index
  C:190BH         SYMBOL        _ad_key_get_event
  C:2003H         SYMBOL        Com003C
  C:2003H         SYMBOL        L?0061
  -------         PROC          COM003C
  -------         ENDPROC       COM003C
  -------         PROC          _AD_KEY_VAL_TO_AD_KEY_INDEX
  D:0006H         SYMBOL        ad_key_val
  -------         DO            
  D:0005H         SYMBOL        i
  X:60BDH         SYMBOL        ad_key_index
  -------         ENDDO         
  C:18BFH         LINE#         53
  C:18BFH         LINE#         54
  C:18BFH         LINE#         55
  C:18C1H         LINE#         56
  C:18C9H         LINE#         59
  C:18C9H         LINE#         60
  C:18C9H         LINE#         61
  C:18E1H         LINE#         62
  C:18E1H         LINE#         63
  C:18FBH         LINE#         64
  C:18FDH         LINE#         65
  C:18FDH         LINE#         66
  C:1902H         LINE#         68
  C:190AH         LINE#         69
  -------         ENDPROC       _AD_KEY_VAL_TO_AD_KEY_INDEX
  -------         PROC          _AD_KEY_GET_EVENT
  D:0007H         SYMBOL        key_val
  D:0005H         SYMBOL        key_event
BL51 BANKED LINKER/LOCATER V6.22.4.0                                                  03/30/2026  17:26:30  PAGE 27


  -------         DO            
  D:0006H         SYMBOL        ret_key_event
  D:0004H         SYMBOL        key_event_index
  D:0003H         SYMBOL        i
  -------         ENDDO         
  C:190BH         LINE#         79
  C:190BH         LINE#         80
  C:190BH         LINE#         81
  C:190DH         LINE#         82
  C:190EH         LINE#         83
  C:190FH         LINE#         86
  C:1913H         LINE#         87
  C:1913H         LINE#         88
  C:1914H         LINE#         89
  C:1916H         LINE#         90
  C:191AH         LINE#         91
  C:191AH         LINE#         92
  C:191CH         LINE#         93
  C:191EH         LINE#         94
  C:1922H         LINE#         95
  C:1922H         LINE#         96
  C:1924H         LINE#         97
  C:1926H         LINE#         98
  C:192AH         LINE#         99
  C:192AH         LINE#         100
  C:192CH         LINE#         101
  C:192EH         LINE#         103
  C:192EH         LINE#         104
  C:1931H         LINE#         105
  C:1931H         LINE#         107
  C:1937H         LINE#         108
  C:1937H         LINE#         109
  C:193EH         LINE#         110
  C:193EH         LINE#         111
  C:194DH         LINE#         112
  C:194FH         LINE#         113
  C:194FH         LINE#         114
  C:1952H         LINE#         116
  C:1954H         LINE#         117
  -------         ENDPROC       _AD_KEY_GET_EVENT
  -------         PROC          AD_KEY_GET_KEY_VAL
  -------         DO            
  X:6083H         SYMBOL        val
  X:60BCH         SYMBOL        ret
  -------         ENDDO         
  C:1B1DH         LINE#         130
  C:1B1DH         LINE#         131
  C:1B1DH         LINE#         133
  C:1B23H         LINE#         136
  C:1B2BH         LINE#         137
  C:1B2BH         LINE#         138
  C:1B30H         LINE#         139
  C:1B3DH         LINE#         142
  C:1B3DH         LINE#         144
  C:1B4DH         LINE#         145
  C:1B4FH         LINE#         146
  -------         ENDPROC       AD_KEY_GET_KEY_VAL
BL51 BANKED LINKER/LOCATER V6.22.4.0                                                  03/30/2026  17:26:30  PAGE 28


  -------         PROC          AD_KEY_HANDLE
  -------         DO            
  D:0007H         SYMBOL        ad_key_event
  -------         ENDDO         
  C:0DF0H         LINE#         148
  C:0DF0H         LINE#         149
  C:0DF0H         LINE#         150
  C:0DF0H         LINE#         152
  C:0DF9H         LINE#         153
  C:0DF9H         LINE#         155
  C:0DF9H         LINE#         172
  C:0E01H         LINE#         173
  C:0E06H         LINE#         174
  C:0E08H         LINE#         176
  C:0E40H         LINE#         177
  C:0E40H         LINE#         180
  C:0E40H         LINE#         182
  C:0E49H         LINE#         184
  C:0E4BH         LINE#         185
  C:0E4EH         LINE#         187
  C:0E4EH         LINE#         189
  C:0E57H         LINE#         193
  C:0E59H         LINE#         194
  C:0E5CH         LINE#         196
  C:0E5CH         LINE#         198
  C:0E65H         LINE#         202
  C:0E67H         LINE#         203
  C:0E6AH         LINE#         205
  C:0E6AH         LINE#         207
  C:0E70H         LINE#         209
  C:0E73H         LINE#         213
  C:0E73H         LINE#         215
  C:0E7CH         LINE#         217
  C:0E7FH         LINE#         218
  C:0E7FH         LINE#         220
  C:0E7FH         LINE#         222
  C:0E85H         LINE#         224
  C:0E88H         LINE#         226
  C:0E88H         LINE#         228
  C:0E8EH         LINE#         230
  C:0E91H         LINE#         232
  C:0E91H         LINE#         234
  C:0E97H         LINE#         236
  C:0E9AH         LINE#         241
  C:0E9AH         LINE#         243
  C:0EA3H         LINE#         246
  C:0EA5H         LINE#         247
  C:0EA7H         LINE#         249
  C:0EA7H         LINE#         251
  C:0EB0H         LINE#         255
  C:0EB2H         LINE#         256
  C:0EB4H         LINE#         258
  C:0EB4H         LINE#         260
  C:0EBDH         LINE#         264
  C:0EBFH         LINE#         265
  C:0EC1H         LINE#         267
  C:0EC1H         LINE#         269
BL51 BANKED LINKER/LOCATER V6.22.4.0                                                  03/30/2026  17:26:30  PAGE 29


  C:0EC7H         LINE#         271
  C:0EC9H         LINE#         275
  C:0EC9H         LINE#         277
  C:0ED2H         LINE#         281
  C:0ED8H         LINE#         282
  C:0ED8H         LINE#         283
  C:0EDAH         LINE#         284
  C:0EDCH         LINE#         285
  C:0EE4H         LINE#         286
  C:0EE4H         LINE#         287
  C:0EE6H         LINE#         288
  C:0EE6H         LINE#         289
  C:0EE8H         LINE#         291
  C:0EE8H         LINE#         293
  C:0EF1H         LINE#         297
  C:0EF7H         LINE#         298
  C:0EF7H         LINE#         299
  C:0EFCH         LINE#         301
  C:0EFCH         LINE#         303
  C:0EFCH         LINE#         304
  C:0EFEH         LINE#         305
  C:0F05H         LINE#         306
  C:0F0AH         LINE#         307
  C:0F10H         LINE#         308
  C:0F10H         LINE#         309
  C:0F11H         LINE#         311
  C:0F11H         LINE#         313
  C:0F17H         LINE#         315
  C:0F19H         LINE#         317
  C:0F19H         LINE#         319
  C:0F22H         LINE#         321
  C:0F22H         LINE#         323
  C:0F22H         LINE#         324
  C:0F22H         LINE#         325
  C:0F22H         LINE#         326
  -------         ENDPROC       AD_KEY_HANDLE
  -------         ENDMOD        AD_KEY

  -------         MODULE        USER_TEST
  C:0000H         SYMBOL        _ICE_DUMMY_
  B:0080H.0       PUBLIC        P00
  B:0080H.5       PUBLIC        P05
  B:0080H.6       PUBLIC        P06
  B:0090H.3       PUBLIC        P13
  B:0090H.7       PUBLIC        P17
  X:6122H         PUBLIC        timebase_array
  X:613AH         PUBLIC        user_debug_val_u16
  C:1FD0H         PUBLIC        user_debug_pin_init
  C:1C3CH         PUBLIC        timebase_init
  C:1AA9H         PUBLIC        timebase_update
  C:1E4AH         PUBLIC        _timebase_enable
  C:207EH         PUBLIC        _timebase_disable
  C:2012H         PUBLIC        _is_timebase_triggered
  C:208AH         PUBLIC        _timebase_clear_flag
  C:11AAH         PUBLIC        user_test_adc_scan
  C:1DC3H         PUBLIC        user_test_led
  C:20E4H         PUBLIC        user_test_main
BL51 BANKED LINKER/LOCATER V6.22.4.0                                                  03/30/2026  17:26:30  PAGE 30


  C:1872H         SYMBOL        Com0021
  C:1872H         SYMBOL        L?0034
  C:1881H         SYMBOL        L?0035
  C:1882H         SYMBOL        L?0036
  C:1891H         SYMBOL        L?0037
  C:1892H         SYMBOL        L?0038
  C:18A1H         SYMBOL        L?0039
  C:18A1H         SYMBOL        L?0040
  C:18B0H         SYMBOL        L?0043
  -------         PROC          COM0021
  -------         ENDPROC       COM0021
  -------         PROC          USER_DEBUG_PIN_INIT
  C:1FD0H         LINE#         15
  C:1FD0H         LINE#         16
  C:1FD0H         LINE#         17
  C:1FD6H         LINE#         18
  C:1FDAH         LINE#         19
  C:1FDFH         LINE#         20
  C:1FE1H         LINE#         21
  -------         ENDPROC       USER_DEBUG_PIN_INIT
  -------         PROC          TIMEBASE_INIT
  -------         DO            
  D:0007H         SYMBOL        i
  -------         ENDDO         
  C:1C3CH         LINE#         39
  C:1C3CH         LINE#         40
  C:1C3CH         LINE#         42
  C:1C3EH         LINE#         43
  C:1C3EH         LINE#         44
  C:1C44H         LINE#         45
  C:1C4BH         LINE#         46
  C:1C4BH         LINE#         47
  C:1C50H         LINE#         48
  C:1C55H         LINE#         51
  C:1C5EH         LINE#         52
  -------         ENDPROC       TIMEBASE_INIT
  -------         PROC          TIMEBASE_UPDATE
  -------         DO            
  D:0007H         SYMBOL        i
  -------         ENDDO         
  C:1AA9H         LINE#         58
  C:1AA9H         LINE#         59
  C:1AA9H         LINE#         61
  C:1AABH         LINE#         62
  C:1AABH         LINE#         63
  C:1AB1H         LINE#         64
  C:1AB1H         LINE#         65
  C:1ABBH         LINE#         66
  C:1AD0H         LINE#         67
  C:1AD0H         LINE#         68
  C:1AD7H         LINE#         69
  C:1ADDH         LINE#         70
  C:1ADDH         LINE#         71
  C:1ADDH         LINE#         72
  C:1AE3H         LINE#         73
  -------         ENDPROC       TIMEBASE_UPDATE
  -------         PROC          _TIMEBASE_ENABLE
BL51 BANKED LINKER/LOCATER V6.22.4.0                                                  03/30/2026  17:26:30  PAGE 31


  D:0007H         SYMBOL        id
  D:0004H         SYMBOL        interval_ms
  C:1E4AH         LINE#         80
  C:1E4AH         LINE#         81
  C:1E4AH         LINE#         82
  C:1E50H         LINE#         83
  C:1E50H         LINE#         84
  C:1E57H         LINE#         85
  C:1E5EH         LINE#         86
  C:1E63H         LINE#         87
  C:1E68H         LINE#         88
  C:1E68H         LINE#         89
  -------         ENDPROC       _TIMEBASE_ENABLE
  -------         PROC          _TIMEBASE_DISABLE
  D:0007H         SYMBOL        id
  C:207EH         LINE#         95
  C:207EH         LINE#         96
  C:207EH         LINE#         97
  C:2084H         LINE#         98
  C:2084H         LINE#         99
  C:2084H         LINE#         100
  C:2089H         LINE#         101
  C:2089H         LINE#         102
  -------         ENDPROC       _TIMEBASE_DISABLE
  -------         PROC          _IS_TIMEBASE_TRIGGERED
  D:0007H         SYMBOL        id
  C:2012H         LINE#         109
  C:2012H         LINE#         110
  C:2012H         LINE#         111
  C:2018H         LINE#         112
  C:2018H         LINE#         113
  C:201EH         LINE#         114
  C:201EH         LINE#         115
  C:2020H         LINE#         116
  -------         ENDPROC       _IS_TIMEBASE_TRIGGERED
  -------         PROC          _TIMEBASE_CLEAR_FLAG
  D:0007H         SYMBOL        id
  C:208AH         LINE#         122
  C:208AH         LINE#         123
  C:208AH         LINE#         124
  C:2090H         LINE#         125
  C:2090H         LINE#         126
  C:2095H         LINE#         127
  C:2095H         LINE#         128
  -------         ENDPROC       _TIMEBASE_CLEAR_FLAG
  C:1246H         SYMBOL        L?0041
  C:1254H         SYMBOL        L?0042
  -------         PROC          USER_TEST_ADC_SCAN
  -------         DO            
  X:6121H         SYMBOL        dir
  X:617AH         SYMBOL        adc_val
  -------         ENDDO         
  C:11AAH         LINE#         149
  C:11AAH         LINE#         150
  C:11AAH         LINE#         152
  C:11B1H         LINE#         156
  C:11BBH         LINE#         157
BL51 BANKED LINKER/LOCATER V6.22.4.0                                                  03/30/2026  17:26:30  PAGE 32


  C:11BBH         LINE#         158
  C:11C0H         LINE#         162
  C:11C6H         LINE#         163
  C:11C6H         LINE#         164
  C:11CDH         LINE#         165
  C:11CDH         LINE#         166
  C:11D2H         LINE#         167
  C:11D4H         LINE#         168
  C:11DEH         LINE#         169
  C:11E4H         LINE#         170
  C:11E4H         LINE#         171
  C:11E5H         LINE#         172
  C:11EDH         LINE#         173
  C:11EDH         LINE#         174
  C:11F5H         LINE#         175
  C:11F5H         LINE#         176
  C:11FAH         LINE#         177
  C:11FCH         LINE#         178
  C:1206H         LINE#         179
  C:120CH         LINE#         180
  C:120CH         LINE#         181
  C:120DH         LINE#         182
  C:1215H         LINE#         183
  C:1215H         LINE#         184
  C:121DH         LINE#         185
  C:121DH         LINE#         186
  C:1222H         LINE#         187
  C:122FH         LINE#         188
  C:1240H         LINE#         189
  C:1245H         LINE#         190
  C:1245H         LINE#         191
  C:1245H         LINE#         192
  C:1245H         LINE#         193
  -------         ENDPROC       USER_TEST_ADC_SCAN
  -------         PROC          USER_TEST_LED
  C:1DC3H         LINE#         195
  C:1DC3H         LINE#         196
  C:1DC3H         LINE#         198
  C:1DCBH         LINE#         199
  C:1DCBH         LINE#         200
  C:1DD0H         LINE#         201
  C:1DD5H         LINE#         202
  C:1DDAH         LINE#         203
  C:1DDFH         LINE#         204
  C:1DE4H         LINE#         210
  C:1DE4H         LINE#         213
  -------         ENDPROC       USER_TEST_LED
  -------         PROC          USER_TEST_MAIN
  C:20E4H         LINE#         217
  C:20E4H         LINE#         218
  C:20E4H         LINE#         220
  -------         ENDPROC       USER_TEST_MAIN
  -------         ENDMOD        USER_TEST

  -------         MODULE        LED
  C:0000H         SYMBOL        _ICE_DUMMY_
  B:0080H.0       PUBLIC        P00
BL51 BANKED LINKER/LOCATER V6.22.4.0                                                  03/30/2026  17:26:30  PAGE 33


  B:0080H.1       PUBLIC        P01
  B:0080H.2       PUBLIC        P02
  B:0080H.5       PUBLIC        P05
  B:0080H.6       PUBLIC        P06
  B:0090H.3       PUBLIC        P13
  B:00A0H.7       PUBLIC        P27
  B:00B0H.0       PUBLIC        P30
  X:6162H         PUBLIC        led_ctl
  C:1824H         PUBLIC        led_init
  C:2021H         PUBLIC        led_ctl_init
  C:1C91H         PUBLIC        led_status_switch
  C:1589H         PUBLIC        _led_status_set
  C:0F23H         PUBLIC        led_red_blue_flash_1ms_isr
  C:141CH         PUBLIC        led_slow_adjust_isr
  C:2030H         PUBLIC        led_yellow_on
  C:20CEH         PUBLIC        led_yellow_off
  C:203EH         PUBLIC        led_white_on
  C:20D6H         PUBLIC        led_white_off
  C:15F9H         SYMBOL        Com003E
  C:15F9H         SYMBOL        L?0063
  C:1605H         SYMBOL        L?0064
  C:1613H         SYMBOL        L?0065
  C:1614H         SYMBOL        L?0066
  C:1619H         SYMBOL        L?0067
  C:1620H         SYMBOL        L?0068
  C:1631H         SYMBOL        L?0069
  C:1640H         SYMBOL        L?0070
  C:1640H         SYMBOL        L?0071
  C:1649H         SYMBOL        L?0072
  C:1656H         SYMBOL        L?0073
  C:1661H         SYMBOL        L?0074
  C:1661H         SYMBOL        L?0075
  -------         PROC          COM003E
  -------         ENDPROC       COM003E
[...]
  C:195EH         LINE#         112
  C:1961H         LINE#         113
  C:1961H         LINE#         114
  C:196AH         LINE#         115
BL51 BANKED LINKER/LOCATER V6.22.4.0                                                  03/30/2026  17:26:30  PAGE 40


  C:196AH         LINE#         116
  C:196DH         LINE#         117
  C:196DH         LINE#         120
  C:198CH         LINE#         123
  C:199CH         LINE#         124
  -------         ENDPROC       _GET_BATTERY_PERCENTAGE_BY_VOLTAGE
  -------         PROC          _BAT_VOL_HISTORY_BUFF_INIT
  D:0006H         SYMBOL        voltage_mv
  -------         DO            
  D:0005H         SYMBOL        i
  -------         ENDDO         
  C:1FE2H         LINE#         129
  C:1FE2H         LINE#         130
  C:1FE2H         LINE#         132
  C:1FE4H         LINE#         133
  C:1FE4H         LINE#         134
  C:1FEDH         LINE#         135
  C:1FF2H         LINE#         136
  -------         ENDPROC       _BAT_VOL_HISTORY_BUFF_INIT
  -------         PROC          _BAT_VOL_HISTORY_BUFF_ADD
  D:0006H         SYMBOL        voltage_mv
  C:1E07H         LINE#         138
  C:1E07H         LINE#         139
  C:1E07H         LINE#         140
  C:1E13H         LINE#         141
  C:1E28H         LINE#         147
  -------         ENDPROC       _BAT_VOL_HISTORY_BUFF_ADD
  -------         PROC          BAT_VOL_HISTORY_BUFF_GET_AVG
  -------         DO            
  X:60C2H         SYMBOL        i
  X:60C3H         SYMBOL        ret
  -------         ENDDO         
  C:199DH         LINE#         149
  C:199DH         LINE#         150
  C:199DH         LINE#         152
  C:19A7H         LINE#         153
  C:19ACH         LINE#         154
  C:19ACH         LINE#         155
  C:19CAH         LINE#         156
  C:19D4H         LINE#         157
  -------         ENDPROC       BAT_VOL_HISTORY_BUFF_GET_AVG
  -------         PROC          SYS_TIME_ADD
  C:1ED6H         LINE#         163
  C:1ED6H         LINE#         164
  C:1ED6H         LINE#         165
  -------         ENDPROC       SYS_TIME_ADD
  -------         PROC          GET_SYSTEM_TICK_COUNT
  C:20DEH         LINE#         168
  C:20DEH         LINE#         169
  C:20DEH         LINE#         170
  -------         ENDPROC       GET_SYSTEM_TICK_COUNT
  C:0C8BH         SYMBOL        L?0061
  -------         PROC          BATTERY_MONITOR_HANDLE
  -------         DO            
  X:60FCH         SYMBOL        voltage_mv
  X:60FEH         SYMBOL        max_voltage_mv
  X:6100H         SYMBOL        avg_voltage_mv
BL51 BANKED LINKER/LOCATER V6.22.4.0                                                  03/30/2026  17:26:30  PAGE 41


  X:60BCH         SYMBOL        percent
  X:60BDH         SYMBOL        last_percent
  X:60BEH         SYMBOL        adc_val
  X:60C0H         SYMBOL        cur_voltage_mv
  -------         ENDDO         
  C:0B2DH         LINE#         174
  C:0B2DH         LINE#         175
  C:0B2DH         LINE#         179
  C:0B32H         LINE#         180
  C:0B34H         LINE#         182
  C:0B38H         LINE#         183
  C:0B3CH         LINE#         186
  C:0B47H         LINE#         187
  C:0B47H         LINE#         188
  C:0B4CH         LINE#         189
  C:0B59H         LINE#         191
  C:0B64H         LINE#         193
  C:0B6EH         LINE#         194
  C:0B6EH         LINE#         196
  C:0B7DH         LINE#         199
  C:0B88H         LINE#         200
  C:0B8BH         LINE#         201
  C:0B9BH         LINE#         202
  C:0B9EH         LINE#         203
  C:0B9EH         LINE#         206
  C:0BA5H         LINE#         207
  C:0BA5H         LINE#         208
  C:0BB4H         LINE#         209
  C:0BBBH         LINE#         210
  C:0BBFH         LINE#         214
  C:0BC1H         LINE#         215
  C:0BC8H         LINE#         216
  C:0BC8H         LINE#         217
  C:0BDDH         LINE#         218
  C:0BDDH         LINE#         219
  C:0BE2H         LINE#         220
  C:0BE2H         LINE#         221
  C:0BE2H         LINE#         222
  C:0BE2H         LINE#         230
  C:0BEFH         LINE#         231
  C:0BEFH         LINE#         233
  C:0BEFH         LINE#         236
  C:0BF5H         LINE#         237
  C:0BF5H         LINE#         238
  C:0C00H         LINE#         239
  C:0C05H         LINE#         240
  C:0C05H         LINE#         243
  C:0C0BH         LINE#         244
  C:0C0BH         LINE#         245
  C:0C0EH         LINE#         246
  C:0C26H         LINE#         248
  C:0C36H         LINE#         249
  C:0C49H         LINE#         251
  C:0C4EH         LINE#         252
  C:0C4EH         LINE#         255
  C:0C5AH         LINE#         256
  C:0C5AH         LINE#         258
BL51 BANKED LINKER/LOCATER V6.22.4.0                                                  03/30/2026  17:26:30  PAGE 42


  C:0C60H         LINE#         259
  C:0C60H         LINE#         260
  C:0C62H         LINE#         261
  C:0C64H         LINE#         269
  C:0C64H         LINE#         270
  C:0C6AH         LINE#         271
  C:0C6AH         LINE#         272
  C:0C6CH         LINE#         273
  C:0C6EH         LINE#         275
  C:0C6EH         LINE#         276
  C:0C73H         LINE#         277
  C:0C73H         LINE#         278
  C:0C73H         LINE#         281
  C:0C79H         LINE#         282
  C:0C79H         LINE#         283
  C:0C7BH         LINE#         284
  C:0C7DH         LINE#         285
  C:0C7FH         LINE#         286
  C:0C81H         LINE#         287
  C:0C82H         LINE#         289
  C:0C82H         LINE#         290
  C:0C84H         LINE#         291
  C:0C86H         LINE#         292
  C:0C88H         LINE#         293
  C:0C8AH         LINE#         294
  C:0C8AH         LINE#         314
  -------         ENDPROC       BATTERY_MONITOR_HANDLE
  -------         ENDMOD        BATTERY_MONITOR

  -------         MODULE        BLUETOOTH_IC_HANDLE
  C:0000H         SYMBOL        _ICE_DUMMY_
  B:00A0H.3       PUBLIC        P23
  X:617CH         PUBLIC        ble_ic
  C:1EBCH         PUBLIC        bluetooth_ic_handle_init
  -------         PROC          BLUETOOTH_IC_HANDLE_INIT
  C:1EBCH         LINE#         7
  C:1EBCH         LINE#         8
  C:1EBCH         LINE#         10
  C:1EC2H         LINE#         11
  C:1EC6H         LINE#         12
  C:1ECBH         LINE#         13
  C:1ECDH         LINE#         15
  C:1ED2H         LINE#         18
  C:1ED5H         LINE#         19
  -------         ENDPROC       BLUETOOTH_IC_HANDLE_INIT
  -------         ENDMOD        BLUETOOTH_IC_HANDLE

  -------         MODULE        CHARGE_DET
  C:0000H         SYMBOL        _ICE_DUMMY_
  B:00A0H.1       PUBLIC        P21
  B:00A0H.2       PUBLIC        P22
  X:614FH         PUBLIC        is_in_charging_by_solar_panel
  X:6150H         PUBLIC        is_in_charging_by_charger
  C:1EEFH         PUBLIC        charge_det_init
  C:177CH         PUBLIC        charge_det
  C:0C97H         PUBLIC        detect_1khz_signal_100us
  C:17D2H         PUBLIC        charge_ic_sacn_100us_isr
BL51 BANKED LINKER/LOCATER V6.22.4.0                                                  03/30/2026  17:26:30  PAGE 43


  C:1C10H         SYMBOL        Com0027
  C:1C10H         SYMBOL        L?0040
  C:1C13H         SYMBOL        L?0041
  C:1C14H         SYMBOL        L?0042
  C:1C1AH         SYMBOL        L?0043
  C:1C1DH         SYMBOL        L?0044
  C:1C24H         SYMBOL        L?0045
  C:1C30H         SYMBOL        L?0046
  -------         PROC          COM0027
  -------         ENDPROC       COM0027
  -------         PROC          CHARGE_DET_INIT
  C:1EEFH         LINE#         8
  C:1EEFH         LINE#         9
  C:1EEFH         LINE#         12
  C:1EF5H         LINE#         13
  C:1EFBH         LINE#         15
  C:1F01H         LINE#         16
  C:1F07H         LINE#         17
  -------         ENDPROC       CHARGE_DET_INIT
  -------         PROC          CHARGE_IC_SACN_100US_ISR
  -------         DO            
  X:613CH         SYMBOL        cur_scan_cnt
  X:613EH         SYMBOL        toggle_cnt
  X:6140H         SYMBOL        last_pin_level
  D:0007H         SYMBOL        cur_pin_level
  -------         ENDDO         
  C:17D2H         LINE#         21
  C:17D2H         LINE#         22
  C:17D2H         LINE#         26
  C:17D7H         LINE#         28
  C:17DAH         LINE#         29
  C:17DAH         LINE#         31
  C:17E1H         LINE#         32
  C:17E6H         LINE#         34
  C:17E6H         LINE#         36
  C:17ECH         LINE#         40
  C:17F3H         LINE#         41
  C:17F3H         LINE#         42
  C:17F9H         LINE#         43
  C:17FEH         LINE#         44
  C:17FEH         LINE#         46
  C:180DH         LINE#         47
  C:180DH         LINE#         48
  C:1811H         LINE#         53
  C:181FH         LINE#         54
  C:181FH         LINE#         55
  C:1823H         LINE#         57
  C:1823H         LINE#         58
  C:1823H         LINE#         59
  -------         ENDPROC       CHARGE_IC_SACN_100US_ISR
  -------         PROC          DETECT_1KHZ_SIGNAL_100US
  -------         DO            
  X:6141H         SYMBOL        signal_high_duration
  X:6143H         SYMBOL        signal_low_duration
  X:6145H         SYMBOL        detection_state
  X:6146H         SYMBOL        toggle_count_in_period
  X:6148H         SYMBOL        measurement_period_counter
BL51 BANKED LINKER/LOCATER V6.22.4.0                                                  03/30/2026  17:26:30  PAGE 44


  X:614AH         SYMBOL        detected_signal_pattern
  X:614BH         SYMBOL        last_pin_state
  X:60EEH         SYMBOL        current_pin_state
  X:60EFH         SYMBOL        pin_changed
  X:614CH         SYMBOL        consecutive_detection_count
  -------         ENDDO         
  C:0C97H         LINE#         63
  C:0C97H         LINE#         64
  C:0C97H         LINE#         76
  C:0C9FH         LINE#         77
  C:0CB7H         LINE#         82
  C:0CBAH         LINE#         83
  C:0CBAH         LINE#         85
  C:0CBFH         LINE#         86
  C:0CBFH         LINE#         87
  C:0CC3H         LINE#         88
  C:0CC6H         LINE#         89
  C:0CCAH         LINE#         90
  C:0CCCH         LINE#         91
  C:0CD0H         LINE#         92
  C:0CD6H         LINE#         94
  C:0CD6H         LINE#         97
  C:0CDCH         LINE#         99
  C:0CEDH         LINE#         100
  C:0CEDH         LINE#         101
  C:0CEDH         LINE#         102
  C:0CF4H         LINE#         103
  C:0CF4H         LINE#         104
  C:0CF4H         LINE#         105
  C:0CF7H         LINE#         106
  C:0CF9H         LINE#         107
  C:0CFCH         LINE#         109
  C:0CFCH         LINE#         110
  C:0CFFH         LINE#         111
  C:0D00H         LINE#         112
  C:0D05H         LINE#         113
  C:0D05H         LINE#         114
  C:0D08H         LINE#         116
  C:0D08H         LINE#         117
  C:0D0CH         LINE#         118
  C:0D0CH         LINE#         119
  C:0D23H         LINE#         120
  C:0D23H         LINE#         121
  C:0D29H         LINE#         122
  C:0D29H         LINE#         124
  C:0D2DH         LINE#         125
  C:0D30H         LINE#         127
  C:0D30H         LINE#         128
  C:0D36H         LINE#         129
  C:0D3EH         LINE#         134
  C:0D4FH         LINE#         135
  C:0D4FH         LINE#         136
  C:0D52H         LINE#         137
  C:0D52H         LINE#         138
  C:0D56H         LINE#         139
  C:0D56H         LINE#         140
  C:0D58H         LINE#         142
BL51 BANKED LINKER/LOCATER V6.22.4.0                                                  03/30/2026  17:26:30  PAGE 45


  C:0D58H         LINE#         143
  C:0D5EH         LINE#         144
  C:0D5EH         LINE#         145
  C:0D64H         LINE#         146
  C:0D68H         LINE#         147
  C:0D6AH         LINE#         149
  C:0D6AH         LINE#         150
  C:0D6DH         LINE#         151
  C:0D70H         LINE#         156
  C:0D7FH         LINE#         157
  C:0D7FH         LINE#         158
  C:0D82H         LINE#         159
  C:0D82H         LINE#         161
  C:0D89H         LINE#         162
  C:0D89H         LINE#         163
  C:0D89H         LINE#         164
  C:0D89H         LINE#         166
  C:0D98H         LINE#         167
  C:0D98H         LINE#         168
  C:0D9CH         LINE#         174
  C:0DAAH         LINE#         175
  C:0DAAH         LINE#         176
  C:0DB0H         LINE#         177
  C:0DB2H         LINE#         179
  C:0DB2H         LINE#         180
  C:0DB7H         LINE#         181
  C:0DB7H         LINE#         182
  C:0DBEH         LINE#         183
  C:0DBEH         LINE#         185
  C:0DC4H         LINE#         186
  C:0DC4H         LINE#         187
  C:0DCAH         LINE#         188
  C:0DD0H         LINE#         189
  C:0DD0H         LINE#         190
  C:0DD6H         LINE#         191
  C:0DDCH         LINE#         192
  C:0DDCH         LINE#         193
  C:0DDEH         LINE#         195
  C:0DDEH         LINE#         196
  C:0DE3H         LINE#         197
  C:0DE7H         LINE#         198
  C:0DE7H         LINE#         200
  C:0DEFH         LINE#         201
  -------         ENDPROC       DETECT_1KHZ_SIGNAL_100US
  -------         PROC          CHARGE_DET
  -------         DO            
  X:614DH         SYMBOL        adc_val
  X:617EH         SYMBOL        voltage_mv
  -------         ENDDO         
  C:177CH         LINE#         203
  C:177CH         LINE#         204
  C:177CH         LINE#         206
  C:1783H         LINE#         208
  C:178BH         LINE#         209
  C:178BH         LINE#         210
  C:1790H         LINE#         211
  C:179DH         LINE#         212
BL51 BANKED LINKER/LOCATER V6.22.4.0                                                  03/30/2026  17:26:30  PAGE 46


  C:179DH         LINE#         219
  C:17BDH         LINE#         221
  C:17C5H         LINE#         222
  C:17C5H         LINE#         223
  C:17CBH         LINE#         224
  C:17CCH         LINE#         226
  C:17CCH         LINE#         227
  C:17D1H         LINE#         228
  C:17D1H         LINE#         229
  -------         ENDPROC       CHARGE_DET
  -------         ENDMOD        CHARGE_DET

  -------         MODULE        ?C?COPY
  C:011EH         PUBLIC        ?C?COPY
  -------         ENDMOD        ?C?COPY

  -------         MODULE        ?C?CLDPTR
  C:0144H         PUBLIC        ?C?CLDPTR
  -------         ENDMOD        ?C?CLDPTR

  -------         MODULE        ?C?CLDOPTR
  C:015DH         PUBLIC        ?C?CLDOPTR
  -------         ENDMOD        ?C?CLDOPTR

  -------         MODULE        ?C?CILDOPTR
  C:018AH         PUBLIC        ?C?CILDOPTR
  -------         ENDMOD        ?C?CILDOPTR

  -------         MODULE        ?C?CSTOPTR
  C:01BDH         PUBLIC        ?C?CSTOPTR
  -------         ENDMOD        ?C?CSTOPTR

  -------         MODULE        ?C?UIDIV
  C:01DFH         PUBLIC        ?C?UIDIV
  -------         ENDMOD        ?C?UIDIV

  -------         MODULE        ?C?IILDX
  C:0234H         PUBLIC        ?C?IILDX
  -------         ENDMOD        ?C?IILDX

  -------         MODULE        ?C?LADD
  C:024AH         PUBLIC        ?C?LADD
  -------         ENDMOD        ?C?LADD

  -------         MODULE        ?C?ULDIV
  C:0293H         PUBLIC        ?C?ULDIV
  -------         ENDMOD        ?C?ULDIV

  -------         MODULE        ?C?SLCMP
  C:0325H         PUBLIC        ?C?SLCMP
  -------         ENDMOD        ?C?SLCMP

  -------         MODULE        ?C?ULCMP
  C:033BH         PUBLIC        ?C?ULCMP
  -------         ENDMOD        ?C?ULCMP

  -------         MODULE        ?C?LLDXDATA
BL51 BANKED LINKER/LOCATER V6.22.4.0                                                  03/30/2026  17:26:30  PAGE 47


  C:034CH         PUBLIC        ?C?LLDXDATA
  -------         ENDMOD        ?C?LLDXDATA

  -------         MODULE        ?C?LLDXDATA0
  C:0358H         PUBLIC        ?C?LLDXDATA0
  -------         ENDMOD        ?C?LLDXDATA0

  -------         MODULE        ?C?LSTXDATA
  C:0364H         PUBLIC        ?C?LSTXDATA
  -------         ENDMOD        ?C?LSTXDATA

  -------         MODULE        ?C?LSTKXDATA
  C:0370H         PUBLIC        ?C?LSTKXDATA
  -------         ENDMOD        ?C?LSTKXDATA

  -------         MODULE        ?C?PLDXDATA
  C:03A1H         PUBLIC        ?C?PLDXDATA
  -------         ENDMOD        ?C?PLDXDATA

  -------         MODULE        ?C?PSTXDATA
  C:03AAH         PUBLIC        ?C?PSTXDATA
  -------         ENDMOD        ?C?PSTXDATA

  -------         MODULE        ?C?PLDOPTR
  C:03B3H         PUBLIC        ?C?PLDOPTR
  -------         ENDMOD        ?C?PLDOPTR

  -------         MODULE        ?C?CCASE
  C:03E3H         PUBLIC        ?C?CCASE
  -------         ENDMOD        ?C?CCASE

  -------         MODULE        ?C?ICALL
  C:0409H         PUBLIC        ?C?ICALL
  C:040DH         PUBLIC        ?C?ICALL2
  -------         ENDMOD        ?C?ICALL

  -------         MODULE        ?C?LIMUL
  C:040FH         PUBLIC        ?C?LIMUL
  -------         ENDMOD        ?C?LIMUL

  -------         MODULE        PRINTF
  X:60C2H         PUBLIC        ?_PRINTF517?BYTE
  X:60C2H         PUBLIC        ?_PRINTF?BYTE
  X:60C2H         PUBLIC        ?_SPRINTF517?BYTE
  X:60C2H         PUBLIC        ?_SPRINTF?BYTE
  C:051AH         PUBLIC        _PRINTF
  C:051AH         PUBLIC        _PRINTF517
  C:0514H         PUBLIC        _SPRINTF
  C:0514H         PUBLIC        _SPRINTF517
  -------         ENDMOD        PRINTF

  -------         MODULE        ?C?MEMSET
  C:043CH         PUBLIC        ?C?MEMSET
  -------         ENDMOD        ?C?MEMSET

  -------         MODULE        ?C?CSTPTR
  C:0468H         PUBLIC        ?C?CSTPTR
BL51 BANKED LINKER/LOCATER V6.22.4.0                                                  03/30/2026  17:26:30  PAGE 48


  -------         ENDMOD        ?C?CSTPTR

  -------         MODULE        ?C?PLDIDATA
  C:047AH         PUBLIC        ?C?PLDIDATA
  -------         ENDMOD        ?C?PLDIDATA

  -------         MODULE        ?C?PLDIXDATA
  C:0483H         PUBLIC        ?C?PLDIXDATA
  -------         ENDMOD        ?C?PLDIXDATA

  -------         MODULE        ?C?PLDPDATA
  C:049AH         PUBLIC        ?C?PLDPDATA
  -------         ENDMOD        ?C?PLDPDATA

  -------         MODULE        ?C?PLDCODE
  C:04A3H         PUBLIC        ?C?PLDCODE
  -------         ENDMOD        ?C?PLDCODE

*** WARNING L16: UNCALLED SEGMENT, IGNORED FOR OVERLAY PROCESS
    SEGMENT: ?PR?PWM_GET_CHANNEL_0_STATUS?PWM

*** WARNING L16: UNCALLED SEGMENT, IGNORED FOR OVERLAY PROCESS
    SEGMENT: ?PR?PWM_GET_CHANNEL_1_STATUS?PWM

*** WARNING L16: UNCALLED SEGMENT, IGNORED FOR OVERLAY PROCESS
    SEGMENT: ?PR?TIMEBASE_UPDATE?USER_TEST

*** WARNING L16: UNCALLED SEGMENT, IGNORED FOR OVERLAY PROCESS
    SEGMENT: ?PR?_TIMEBASE_DISABLE?USER_TEST

*** WARNING L16: UNCALLED SEGMENT, IGNORED FOR OVERLAY PROCESS
    SEGMENT: ?PR?USER_TEST_LED?USER_TEST

*** WARNING L16: UNCALLED SEGMENT, IGNORED FOR OVERLAY PROCESS
    SEGMENT: ?PR?USER_TEST_MAIN?USER_TEST

*** WARNING L16: UNCALLED SEGMENT, IGNORED FOR OVERLAY PROCESS
    SEGMENT: ?PR?SEND_LOW_BATTERY_TIMER_CALLBACK?BATTERY_MONITOR

*** WARNING L16: UNCALLED SEGMENT, IGNORED FOR OVERLAY PROCESS
    SEGMENT: ?PR?SYS_TIME_ADD?BATTERY_MONITOR

*** WARNING L16: UNCALLED SEGMENT, IGNORED FOR OVERLAY PROCESS
    SEGMENT: ?PR?GET_SYSTEM_TICK_COUNT?BATTERY_MONITOR

*** WARNING L16: UNCALLED SEGMENT, IGNORED FOR OVERLAY PROCESS
    SEGMENT: ?PR?CHARGE_IC_SACN_100US_ISR?CHARGE_DET

*** WARNING L16: UNCALLED SEGMENT, IGNORED FOR OVERLAY PROCESS
    SEGMENT: ?PR?CHARGE_DET?CHARGE_DET

Program Size: data=15.4 xdata=384 code=8423
LINK/LOCATE RUN COMPLETE.  11 WARNING(S),  0 ERROR(S)
