BL51 BANKED LINKER/LOCATER V6.22.4.0                                                    07/29/2026  17:46:39  PAGE 1


BL51 BANKED LINKER/LOCATER V6.22.4.0, INVOKED BY:
C:\KEIL_V5\C51\BIN\BL51.EXE .\Release\Objects\STARTUP.obj, .\Release\Objects\system.obj, .\Release\Objects\adc.obj, .\Re
>> lease\Objects\pwm.obj, .\Release\Objects\timer0.obj, .\Release\Objects\timer1.obj, .\Release\Objects\uart0.obj, .\Rel
>> ease\Objects\main.obj, .\Release\Objects\uart_data_handle.obj, .\Release\Objects\key_driver.obj, .\Release\Objects\ad
>> _key.obj, .\Release\Objects\user_test.obj, .\Release\Objects\led.obj, .\Release\Objects\battery_monitor.obj, .\Releas
>> e\Objects\bluetooth_ic_handle.obj, .\Release\Objects\charge_det.obj, .\Release\Objects\low_power.obj, .\Release\Objec
>> ts\bat_scan.obj, .\Release\Objects\led_bat_lev.obj TO .\Release\Objects\Demo PRINT (.\Release\Listings\Demo.m51) RAMS
>> IZE (256) CODE (0X0000-0X3EEF) XDATA (0X6000-0X66FF)


MEMORY MODEL: LARGE


INPUT MODULES INCLUDED:
  .\Release\Objects\STARTUP.obj (?C_STARTUP)
  .\Release\Objects\system.obj (SYSTEM)
  .\Release\Objects\adc.obj (ADC)
  .\Release\Objects\pwm.obj (PWM)
  .\Release\Objects\timer0.obj (TIMER0)
  .\Release\Objects\timer1.obj (TIMER1)
  .\Release\Objects\uart0.obj (UART0)
  .\Release\Objects\main.obj (MAIN)
  .\Release\Objects\uart_data_handle.obj (UART_DATA_HANDLE)
  .\Release\Objects\key_driver.obj (KEY_DRIVER)
  .\Release\Objects\ad_key.obj (AD_KEY)
  .\Release\Objects\user_test.obj (USER_TEST)
  .\Release\Objects\led.obj (LED)
  .\Release\Objects\battery_monitor.obj (BATTERY_MONITOR)
  .\Release\Objects\bluetooth_ic_handle.obj (BLUETOOTH_IC_HANDLE)
  .\Release\Objects\charge_det.obj (CHARGE_DET)
  .\Release\Objects\low_power.obj (LOW_POWER)
  .\Release\Objects\bat_scan.obj (BAT_SCAN)
  .\Release\Objects\led_bat_lev.obj (LED_BAT_LEV)
  C:\KEIL_V5\C51\LIB\C51L.LIB (?C_INIT)
  C:\KEIL_V5\C51\LIB\C51L.LIB (?C?COPY)
  C:\KEIL_V5\C51\LIB\C51L.LIB (?C?CLDPTR)
  C:\KEIL_V5\C51\LIB\C51L.LIB (?C?CLDOPTR)
  C:\KEIL_V5\C51\LIB\C51L.LIB (?C?CILDOPTR)
  C:\KEIL_V5\C51\LIB\C51L.LIB (?C?CSTOPTR)
  C:\KEIL_V5\C51\LIB\C51L.LIB (?C?UIDIV)
  C:\KEIL_V5\C51\LIB\C51L.LIB (?C?IILDX)
  C:\KEIL_V5\C51\LIB\C51L.LIB (?C?LADD)
  C:\KEIL_V5\C51\LIB\C51L.LIB (?C?ULDIV)
  C:\KEIL_V5\C51\LIB\C51L.LIB (?C?SLCMP)
  C:\KEIL_V5\C51\LIB\C51L.LIB (?C?ULCMP)
  C:\KEIL_V5\C51\LIB\C51L.LIB (?C?LLDXDATA)
  C:\KEIL_V5\C51\LIB\C51L.LIB (?C?LLDXDATA0)
  C:\KEIL_V5\C51\LIB\C51L.LIB (?C?LSTXDATA)
  C:\KEIL_V5\C51\LIB\C51L.LIB (?C?LSTKXDATA)
  C:\KEIL_V5\C51\LIB\C51L.LIB (?C?PLDXDATA)
  C:\KEIL_V5\C51\LIB\C51L.LIB (?C?PSTXDATA)
  C:\KEIL_V5\C51\LIB\C51L.LIB (?C?PLDOPTR)
  C:\KEIL_V5\C51\LIB\C51L.LIB (?C?CCASE)
  C:\KEIL_V5\C51\LIB\C51L.LIB (?C?ICALL)
  C:\KEIL_V5\C51\LIB\C51L.LIB (?C?LIMUL)
  C:\KEIL_V5\C51\LIB\C51L.LIB (?C?MEMSET)
  C:\KEIL_V5\C51\LIB\C51L.LIB (?C?PLDIDATA)
  C:\KEIL_V5\C51\LIB\C51L.LIB (?C?PLDPDATA)
BL51 BANKED LINKER/LOCATER V6.22.4.0                                                  07/29/2026  17:46:39  PAGE 2


  C:\KEIL_V5\C51\LIB\C51L.LIB (?C?PLDCODE)


LINK MAP OF MODULE:  .\Release\Objects\Demo (?C_STARTUP)


            TYPE    BASE      LENGTH    RELOCATION   SEGMENT NAME
            -----------------------------------------------------

            * * * * * * *   D A T A   M E M O R Y   * * * * * * *
            REG     0000H     0008H     ABSOLUTE     "REG BANK 0"
                    0008H     0018H                  *** GAP ***
            BIT     0020H.0   0000H.4   UNIT         ?BI?ADC
            BIT     0020H.4   0000H.1   UNIT         ?BI?CHARGE_DET
                    0020H.5   0000H.3                *** GAP ***
            IDATA   0021H     0001H     UNIT         ?STACK

            * * * * * * *  X D A T A   M E M O R Y  * * * * * * *
                    0000H     6000H                  *** GAP ***
            XDATA   6000H     00DBH     UNIT         ?XD?BAT_SCAN
            XDATA   60DBH     0086H     UNIT         ?XD?UART0
            XDATA   6161H     0039H     UNIT         ?XD?AD_KEY
            XDATA   619AH     0027H     UNIT         ?XD?CHARGE_DET
            XDATA   61C1H     001AH     UNIT         ?XD?UART_DATA_HANDLE
            XDATA   61DBH     0019H     UNIT         _XDATA_GROUP_
            XDATA   61F4H     0016H     UNIT         ?XD?BATTERY_MONITOR
            XDATA   620AH     000FH     UNIT         ?XD?LED
            XDATA   6219H     000FH     UNIT         ?XD?LED_BAT_LEV
            XDATA   6228H     0009H     UNIT         ?XD?ADC
            XDATA   6231H     0006H     UNIT         ?XD?LOW_POWER
            XDATA   6237H     0004H     UNIT         ?XD?KEY_DRIVER
            XDATA   623BH     0002H     UNIT         ?XD?BLUETOOTH_IC_HANDLE

            * * * * * * *   C O D E   M E M O R Y   * * * * * * *
            CODE    0000H     0003H     ABSOLUTE     
            CODE    0003H     000CH     ABSOLUTE     
            CODE    000FH     000FH     UNIT         ?PR?UART_RECEIVER_TIMEOUT_ADD?UART_DATA_HANDLE
            CODE    001EH     0003H     ABSOLUTE     
            CODE    0021H     0003H     ABSOLUTE     
            CODE    0024H     001BH     UNIT         ?PR?_ADC_CLEAR_UPDATE_FLAG?ADC
            CODE    003FH     0003H     ABSOLUTE     
            CODE    0042H     0003H     ABSOLUTE     
            CODE    0045H     0006H     UNIT         ?PR?LED_BAT_LEV_STA_IDLE_HANDLE?LED_BAT_LEV
            CODE    004BH     0003H     ABSOLUTE     
            CODE    004EH     0438H     UNIT         ?C?LIB_CODE
            CODE    0486H     02C9H     UNIT         ?C_INITSEG
            CODE    074FH     027BH     UNIT         ?PR?LED_BAT_LEV_STA_DISCHARGE_HANDLE?LED_BAT_LEV
            CODE    09CAH     01AAH     UNIT         ?PR?DETECT_1KHZ_SIGNAL_100US?CHARGE_DET
            CODE    0B74H     0193H     UNIT         ?PR?_KEY_DRIVER_SCAN?KEY_DRIVER
            CODE    0D07H     0157H     UNIT         ?PR?DETECT_DISCHARGE_1KHZ_SIGNAL_100US?CHARGE_DET
            CODE    0E5EH     0144H     UNIT         ?PR?LOW_POWER_HANDLE?LOW_POWER
            CODE    0FA2H     012DH     UNIT         ?PR?CHARGE_DET?CHARGE_DET
            CODE    10CFH     0114H     UNIT         ?PR?LED_BAT_LEV_STA_CHARGING_HANDLE?LED_BAT_LEV
            CODE    11E3H     010BH     UNIT         ?PR?LOW_POWER_IN?LOW_POWER
            CODE    12EEH     0101H     UNIT         ?PR?LED_SLOW_ADJUST_ISR?LED
            CODE    13EFH     00EAH     UNIT         ?PR?LED_RED_BLUE_FLASH_1MS_ISR?LED
            CODE    14D9H     00D1H     UNIT         ?PR?BATTTERY_MONITOR_1MS_ISR?BATTERY_MONITOR
BL51 BANKED LINKER/LOCATER V6.22.4.0                                                  07/29/2026  17:46:39  PAGE 3


            CODE    15AAH     00CFH     UNIT         ?PR?SYSTEM_INIT?SYSTEM
            CODE    1679H     00ADH     UNIT         ?PR?_BAT_DISCHARGE_TIME_CNT_UPDATE?BATTERY_MONITOR
            CODE    1726H     00A5H     UNIT         ?PR?_UART_RECEIVER_PROCESS_BYTE?UART_DATA_HANDLE
            CODE    17CBH     009CH     UNIT         ?PR?LED
            CODE    1867H     009BH     UNIT         ?PR?AD_KEY_HANDLE?AD_KEY
            CODE    1902H     008FH     UNIT         ?PR?LED_BAT_LEV
            CODE    1991H     008DH     UNIT         ?PR?_LED_STATUS_SET?LED
            CODE    1A1EH     008CH     UNIT         ?C_C51STARTUP
            CODE    1AAAH     008BH     UNIT         ?PR?PWM_INIT?PWM
            CODE    1B35H     0087H     UNIT         ?PR?ADC_IRQHANDLER?ADC
            CODE    1BBCH     0087H     UNIT         ?PR?_BAT_CHARGE_TIME_CNT_UPDATE?BATTERY_MONITOR
            CODE    1C43H     0083H     UNIT         ?PR?BATTERY_MONITOR_HANDLE?BATTERY_MONITOR
            CODE    1CC6H     0079H     UNIT         ?PR?UART_DATA_HANDLE?UART_DATA_HANDLE
            CODE    1D3FH     0076H     UNIT         ?PR?BATTERY_VOLTAGE_UPDATE_BY_ISR?BAT_SCAN
            CODE    1DB5H     006CH     UNIT         ?PR?TIMR0_IRQHANDLER?TIMER0
            CODE    1E21H     0067H     UNIT         ?PR?LED_BAT_LEV_HANDLE?LED_BAT_LEV
            CODE    1E88H     0066H     UNIT         ?PR?ADC_SCAN?ADC
            CODE    1EEEH     0065H     UNIT         ?PR?LED_BAT_LEV_STA_CHARGE_BEGIN_ANIM_HANDLE?LED_BAT_LEV
            CODE    1F53H     005FH     UNIT         ?PR?SEND_LOW_BAT_TIMER_CALLBACK?BATTERY_MONITOR
            CODE    1FB2H     0057H     UNIT         ?PR?LOW_POWER_ENTER_TIMER_CALLBACK?LOW_POWER
            CODE    2009H     0053H     UNIT         ?PR?MAIN?MAIN
            CODE    205CH     0053H     UNIT         ?PR?_LED_BAT_LEV_INIT_BY_VOL?LED_BAT_LEV
            CODE    20AFH     004EH     UNIT         ?PR?LED_INIT?LED
            CODE    20FDH     004DH     UNIT         ?PR?CHARGE_DET
            CODE    214AH     004CH     UNIT         ?PR?_AD_KEY_VAL_TO_AD_KEY_INDEX?AD_KEY
            CODE    2196H     004BH     UNIT         ?PR?_ADC_CHANNEL_SEL?ADC
            CODE    21E1H     004AH     UNIT         ?PR?_AD_KEY_GET_EVENT?AD_KEY
            CODE    222BH     004AH     UNIT         ?PR?LOW_POWER_OUT?LOW_POWER
            CODE    2275H     0048H     UNIT         ?PR?TIMR1_IRQHANDLER?TIMER1
            CODE    22BDH     0047H     UNIT         ?PR?_UART0_RXBUFFER_PUT_BYTE?UART0
            CODE    2304H     0045H     UNIT         ?PR?_UART_DATA_SEND_CMD?UART_DATA_HANDLE
            CODE    2349H     0045H     UNIT         ?PR?BAT_VOL_HISTORY_BUFF_GET_AVG?BAT_SCAN
            CODE    238EH     0043H     UNIT         ?PR?BAT_SCAN
            CODE    23D1H     0042H     UNIT         ?PR?UART0_RXBUFFER_GET_BYTE?UART0
            CODE    2413H     003DH     UNIT         ?PR?_ADC_UPDATE_VAL?ADC
            CODE    2450H     003CH     UNIT         ?PR?BATTERY_MONITOR
            CODE    248CH     003AH     UNIT         ?PR?UART0_INIT?UART0
            CODE    24C6H     003AH     UNIT         ?PR?LED_STATUS_SWITCH?LED
            CODE    2500H     0039H     UNIT         ?PR?BAT_VOL_UPDATE_TIMER_CALLBACK?BAT_SCAN
            CODE    2539H     0036H     UNIT         ?PR?LED_BAT_LEV_DISLPLAY_1MS_ISR?LED_BAT_LEV
            CODE    256FH     0034H     UNIT         ?PR?UART0_IRQHANDLER?UART0
            CODE    25A3H     0033H     UNIT         ?PR?AD_KEY_GET_KEY_VAL?AD_KEY
            CODE    25D6H     002FH     UNIT         ?PR?BAT_SCAN?BAT_SCAN
            CODE    2605H     002EH     UNIT         ?PR?_ADC_GET_VAL?ADC
            CODE    2633H     002EH     UNIT         ?PR?ADC
            CODE    2661H     002EH     UNIT         ?PR?BAT_VOL_HISTORY_BUFF_ADD_TIMER_CALLBACK?BAT_SCAN
            CODE    268FH     0026H     UNIT         ?PR?LED_BAT_LEV_STA_ALERT_HANDLE?LED_BAT_LEV
            CODE    26B5H     0025H     UNIT         ?PR?_ADC_GET_UPDATE_FLAG?ADC
            CODE    26DAH     0024H     UNIT         ?PR?IS_LOW_POWER_CONDITION_ESTABLISH?LOW_POWER
            CODE    26FEH     0023H     UNIT         ?PR?_UART0_SENDBUF?UART0
            CODE    2721H     0022H     UNIT         ?PR?ADC_INIT?ADC
            CODE    2743H     0022H     UNIT         ?PR?UART_RECEIVER_PROCESS_CHECKSUM?UART_DATA_HANDLE
            CODE    2765H     0022H     UNIT         ?PR?_GET_BATTERY_VOLTAGE_BY_ADC?BAT_SCAN
            CODE    2787H     0021H     UNIT         ?PR?USER_INIT?MAIN
            CODE    27A8H     0021H     UNIT         ?PR?KEY_DRIVER
            CODE    27C9H     001BH     UNIT         ?PR?TIMER0_INIT?TIMER0
            CODE    27E4H     001BH     UNIT         ?PR?TIMER1_INIT?TIMER1
BL51 BANKED LINKER/LOCATER V6.22.4.0                                                  07/29/2026  17:46:39  PAGE 4


            CODE    27FFH     001AH     UNIT         ?PR?BLUETOOTH_IC_HANDLE_INIT?BLUETOOTH_IC_HANDLE
            CODE    2819H     001AH     UNIT         ?PR?_BAT_VOL_HISTORY_BUFF_ADD?BAT_SCAN
            CODE    2833H     0019H     UNIT         ?PR?CHARGE_DET_INIT?CHARGE_DET
            CODE    284CH     0018H     UNIT         ?PR?_DELAY_MS?SYSTEM
            CODE    2864H     0018H     UNIT         ?PR?WUT_IRQHANDLER?LOW_POWER
            CODE    287CH     0017H     UNIT         ?PR?ADC_GET_VAL_ONCE?ADC
            CODE    2893H     0017H     UNIT         ?PR?UART_DATA_HANDLE
            CODE    28AAH     0016H     UNIT         ?PR?PWM
            CODE    28C0H     0016H     UNIT         ?PR?BAT_GET_AVG_VOL_PERIOD_ADD?BAT_SCAN
            CODE    28D6H     0016H     UNIT         ?PR?_BAT_VOL_HISTORY_BUFF_INIT?BAT_SCAN
            CODE    28ECH     0015H     UNIT         ?PR?BLE_IC_ENABLE?BLUETOOTH_IC_HANDLE
            CODE    2901H     0015H     UNIT         ?PR?LED_BAT_LEV_STA_CHARGE_BEGIN_HANDLE?LED_BAT_LEV
            CODE    2916H     0013H     UNIT         ?PR?UART_RECEIVER_TIMEOUT_HANDLER?UART_DATA_HANDLE
            CODE    2929H     0012H     UNIT         ?PR?ADC_INIT_WHEN_LOW_PWR_OUT?ADC
            CODE    293BH     0012H     UNIT         ?PR?UART_RECEIVER_RESET?UART_DATA_HANDLE
            CODE    294DH     0011H     UNIT         ?PR?ADC_PIN_INIT?ADC
            CODE    295EH     000FH     UNIT         ?PR?AD_KEY
            CODE    296DH     000FH     UNIT         ?PR?LED_CTL_INIT?LED
            CODE    297CH     000DH     UNIT         ?PR?LED_YELLOW_ON?LED
            CODE    2989H     000DH     UNIT         ?PR?LED_WHITE_ON?LED
            CODE    2996H     000BH     UNIT         ?PR?_DELAY?SYSTEM
            CODE    29A1H     000AH     UNIT         ?PR?LOW_POWER
            CODE    29ABH     0009H     UNIT         ?PR?_PWM_SET_CHANNEL_0_DUTY?PWM
            CODE    29B4H     0009H     UNIT         ?PR?_PWM_SET_CHANNEL_1_DUTY?PWM
            CODE    29BDH     0009H     UNIT         ?PR?UART0_RXBUFFER_GET_COUNT?UART0
            CODE    29C6H     0009H     UNIT         ?PR?LED_BAT_LEV_STA_CHARGE_END_HANDLE?LED_BAT_LEV
            CODE    29CFH     0008H     UNIT         ?PR?_UART0_SENDBYTE?UART0
            CODE    29D7H     0008H     UNIT         ?CO?UART_DATA_HANDLE
            CODE    29DFH     0008H     UNIT         ?PR?LED_YELLOW_OFF?LED
            CODE    29E7H     0008H     UNIT         ?PR?LED_WHITE_OFF?LED
            CODE    29EFH     0008H     UNIT         ?PR?BLE_IC_DISABLE_POST?BLUETOOTH_IC_HANDLE
            CODE    29F7H     0007H     UNIT         ?PR?UART0
            CODE    29FEH     0005H     UNIT         ?PR?BLE_IC_DISABLE_PRE?BLUETOOTH_IC_HANDLE
            CODE    2A03H     0003H     UNIT         ?PR?CHARGE_DET_TIME_ADD?CHARGE_DET



OVERLAY MAP OF MODULE:   .\Release\Objects\Demo (?C_STARTUP)


SEGMENT                                            XDATA_GROUP
  +--> CALLED SEGMENT                            START    LENGTH
----------------------------------------------------------------
?C_C51STARTUP                                    -----    -----
  +--> ?PR?MAIN?MAIN
  +--> ?C_INITSEG

?PR?MAIN?MAIN                                    -----    -----
  +--> ?PR?SYSTEM_INIT?SYSTEM
  +--> ?PR?USER_INIT?MAIN
  +--> ?PR?_DELAY_MS?SYSTEM
  +--> ?PR?_KEY_DRIVER_SCAN?KEY_DRIVER
  +--> ?PR?AD_KEY_HANDLE?AD_KEY
  +--> ?PR?UART_DATA_HANDLE?UART_DATA_HANDLE
  +--> ?PR?CHARGE_DET?CHARGE_DET
  +--> ?PR?BAT_SCAN?BAT_SCAN
  +--> ?PR?LED_BAT_LEV_HANDLE?LED_BAT_LEV
BL51 BANKED LINKER/LOCATER V6.22.4.0                                                  07/29/2026  17:46:39  PAGE 5


  +--> ?PR?BATTERY_MONITOR_HANDLE?BATTERY_MO...
  +--> ?PR?LOW_POWER_HANDLE?LOW_POWER

?PR?SYSTEM_INIT?SYSTEM                           -----    -----
  +--> ?PR?_DELAY?SYSTEM
  +--> ?PR?_DELAY_MS?SYSTEM

?PR?_DELAY_MS?SYSTEM                             -----    -----
  +--> ?PR?_DELAY?SYSTEM

?PR?USER_INIT?MAIN                               -----    -----
  +--> ?PR?ADC_PIN_INIT?ADC
  +--> ?PR?ADC_INIT?ADC
  +--> ?PR?LED_INIT?LED
  +--> ?PR?UART0_INIT?UART0
  +--> ?PR?PWM_INIT?PWM
  +--> ?PR?BLUETOOTH_IC_HANDLE_INIT?BLUETOOT...
  +--> ?PR?UART_RECEIVER_RESET?UART_DATA_HANDLE
  +--> ?PR?LED_CTL_INIT?LED
  +--> ?PR?CHARGE_DET_INIT?CHARGE_DET
  +--> ?PR?TIMER0_INIT?TIMER0
  +--> ?PR?TIMER1_INIT?TIMER1

?PR?ADC_INIT?ADC                                 -----    -----
  +--> ?PR?_DELAY_MS?SYSTEM

?PR?LED_INIT?LED                                 -----    -----
  +--> ?PR?LED

?PR?PWM_INIT?PWM                                 -----    -----
  +--> ?PR?PWM

?PR?_KEY_DRIVER_SCAN?KEY_DRIVER                  61DBH    0002H
  +--> ?PR?KEY_DRIVER

?PR?AD_KEY_HANDLE?AD_KEY                         61DBH    0001H
  +--> ?PR?_AD_KEY_GET_EVENT?AD_KEY
  +--> ?PR?LED_STATUS_SWITCH?LED
  +--> ?PR?_UART_DATA_SEND_CMD?UART_DATA_HANDLE
  +--> ?PR?BLE_IC_DISABLE_PRE?BLUETOOTH_IC_H...
  +--> ?PR?BLE_IC_ENABLE?BLUETOOTH_IC_HANDLE

?PR?_AD_KEY_GET_EVENT?AD_KEY                     -----    -----
  +--> ?PR?AD_KEY

?PR?LED_STATUS_SWITCH?LED                        -----    -----
  +--> ?PR?_LED_STATUS_SET?LED

?PR?_LED_STATUS_SET?LED                          61DCH    0001H
  +--> ?PR?LED_YELLOW_OFF?LED
  +--> ?PR?LED_WHITE_OFF?LED
  +--> ?PR?LED_WHITE_ON?LED
  +--> ?PR?LED_YELLOW_ON?LED

?PR?LED_WHITE_ON?LED                             -----    -----
  +--> ?PR?LED
  +--> ?PR?_PWM_SET_CHANNEL_1_DUTY?PWM
BL51 BANKED LINKER/LOCATER V6.22.4.0                                                  07/29/2026  17:46:39  PAGE 6



?PR?_PWM_SET_CHANNEL_1_DUTY?PWM                  -----    -----
  +--> ?PR?PWM

?PR?LED_YELLOW_ON?LED                            -----    -----
  +--> ?PR?LED
  +--> ?PR?_PWM_SET_CHANNEL_0_DUTY?PWM

?PR?_PWM_SET_CHANNEL_0_DUTY?PWM                  -----    -----
  +--> ?PR?PWM

?PR?_UART_DATA_SEND_CMD?UART_DATA_HANDLE         61DCH    0009H
  +--> ?CO?UART_DATA_HANDLE
  +--> ?PR?_UART0_SENDBUF?UART0

?PR?_UART0_SENDBUF?UART0                         61E5H    0003H
  +--> ?PR?_UART0_SENDBYTE?UART0

?PR?BLE_IC_DISABLE_PRE?BLUETOOTH_IC_H...         -----    -----
  +--> ?PR?_UART_DATA_SEND_CMD?UART_DATA_HANDLE

?PR?BLE_IC_ENABLE?BLUETOOTH_IC_HANDLE            -----    -----
  +--> ?PR?_DELAY_MS?SYSTEM
  +--> ?PR?_UART_DATA_SEND_CMD?UART_DATA_HANDLE

?PR?UART_DATA_HANDLE?UART_DATA_HANDLE            -----    -----
  +--> ?PR?UART_RECEIVER_RESET?UART_DATA_HANDLE
  +--> ?PR?UART_RECEIVER_TIMEOUT_HANDLER?UAR...
  +--> ?PR?UART0_RXBUFFER_GET_COUNT?UART0
  +--> ?PR?UART0_RXBUFFER_GET_BYTE?UART0
  +--> ?PR?_UART_RECEIVER_PROCESS_BYTE?UART_...
  +--> ?PR?BLE_IC_DISABLE_POST?BLUETOOTH_IC_...

?PR?UART_RECEIVER_TIMEOUT_HANDLER?UAR...         -----    -----
  +--> ?PR?UART_RECEIVER_RESET?UART_DATA_HANDLE

?PR?UART0_RXBUFFER_GET_BYTE?UART0                -----    -----
  +--> ?PR?UART0

?PR?_UART_RECEIVER_PROCESS_BYTE?UART_...         -----    -----
  +--> ?PR?UART_DATA_HANDLE
  +--> ?PR?UART_RECEIVER_PROCESS_CHECKSUM?UA...

?PR?CHARGE_DET?CHARGE_DET                        61DBH    0004H
  +--> ?PR?_ADC_GET_UPDATE_FLAG?ADC
  +--> ?PR?_ADC_CLEAR_UPDATE_FLAG?ADC
  +--> ?PR?_ADC_GET_VAL?ADC
  +--> ?PR?CHARGE_DET

?PR?BAT_SCAN?BAT_SCAN                            -----    -----
  +--> ?PR?BAT_SCAN
  +--> ?PR?BAT_VOL_HISTORY_BUFF_GET_AVG?BAT_...

?PR?BAT_VOL_HISTORY_BUFF_GET_AVG?BAT_...         61DBH    0005H
  +--> ?PR?BAT_SCAN

?PR?BATTERY_MONITOR_HANDLE?BATTERY_MO...         -----    -----
BL51 BANKED LINKER/LOCATER V6.22.4.0                                                  07/29/2026  17:46:39  PAGE 7


  +--> ?PR?_LED_STATUS_SET?LED
  +--> ?PR?_UART_DATA_SEND_CMD?UART_DATA_HANDLE
  +--> ?PR?_DELAY_MS?SYSTEM
  +--> ?PR?BLE_IC_DISABLE_PRE?BLUETOOTH_IC_H...
  +--> ?PR?BLE_IC_ENABLE?BLUETOOTH_IC_HANDLE

?PR?LOW_POWER_HANDLE?LOW_POWER                   61DBH    0007H
  +--> ?PR?LOW_POWER
  +--> ?PR?LOW_POWER_IN?LOW_POWER
  +--> ?PR?LOW_POWER_OUT?LOW_POWER
  +--> ?PR?ADC_PIN_INIT?ADC
  +--> ?PR?ADC_INIT_WHEN_LOW_PWR_OUT?ADC
  +--> ?PR?_ADC_CHANNEL_SEL?ADC
  +--> ?PR?_DELAY_MS?SYSTEM
  +--> ?PR?ADC_GET_VAL_ONCE?ADC
  +--> ?PR?_GET_BATTERY_VOLTAGE_BY_ADC?BAT_SCAN
  +--> ?PR?USER_INIT?MAIN

?PR?LOW_POWER_IN?LOW_POWER                       -----    -----
  +--> ?PR?_DELAY_MS?SYSTEM

?PR?ADC_GET_VAL_ONCE?ADC                         -----    -----
  +--> ?PR?ADC

?PR?ADC                                          -----    -----
  +--> ?PR?_ADC_CHANNEL_SEL?ADC

?C_INITSEG                                       -----    -----
  +--> ?PR?AD_KEY_GET_KEY_VAL?AD_KEY

?PR?AD_KEY_GET_KEY_VAL?AD_KEY                    61DBH    0001H
  +--> ?PR?_ADC_GET_UPDATE_FLAG?ADC
  +--> ?PR?_ADC_CLEAR_UPDATE_FLAG?ADC
  +--> ?PR?_ADC_GET_VAL?ADC
  +--> ?PR?_AD_KEY_VAL_TO_AD_KEY_INDEX?AD_KEY

?PR?_AD_KEY_VAL_TO_AD_KEY_INDEX?AD_KEY           61DCH    0002H

*** NEW ROOT ***************************************************

?PR?ADC_IRQHANDLER?ADC                           61E8H    0002H
  +--> ?PR?ADC
  +--> ?PR?_ADC_UPDATE_VAL?ADC
  +--> ?PR?BATTERY_VOLTAGE_UPDATE_BY_ISR?BAT...

?PR?BATTERY_VOLTAGE_UPDATE_BY_ISR?BAT...         61EAH    0004H
  +--> ?PR?_ADC_GET_UPDATE_FLAG?ADC
  +--> ?PR?_ADC_CLEAR_UPDATE_FLAG?ADC
  +--> ?PR?_ADC_GET_VAL?ADC
  +--> ?PR?_GET_BATTERY_VOLTAGE_BY_ADC?BAT_SCAN
  +--> ?PR?BAT_SCAN
  +--> ?PR?_BAT_VOL_HISTORY_BUFF_INIT?BAT_SCAN
  +--> ?PR?_LED_BAT_LEV_INIT_BY_VOL?LED_BAT_LEV
  +--> ?PR?_BAT_CHARGE_TIME_CNT_UPDATE?BATTE...
  +--> ?PR?_BAT_DISCHARGE_TIME_CNT_UPDATE?BA...

?PR?_BAT_VOL_HISTORY_BUFF_INIT?BAT_SCAN          -----    -----
BL51 BANKED LINKER/LOCATER V6.22.4.0                                                  07/29/2026  17:46:39  PAGE 8


  +--> ?PR?BAT_SCAN

?PR?_BAT_DISCHARGE_TIME_CNT_UPDATE?BA...         61F0H    0002H
  +--> ?PR?BATTERY_MONITOR

*** NEW ROOT ***************************************************

?PR?TIMR0_IRQHANDLER?TIMER0                      -----    -----
  +--> ?PR?ADC_SCAN?ADC
  +--> ?PR?CHARGE_DET_TIME_ADD?CHARGE_DET
  +--> ?PR?UART_RECEIVER_TIMEOUT_ADD?UART_DA...
  +--> ?PR?BAT_VOL_UPDATE_TIMER_CALLBACK?BAT...
  +--> ?PR?BAT_VOL_HISTORY_BUFF_ADD_TIMER_CA...
  +--> ?PR?BAT_GET_AVG_VOL_PERIOD_ADD?BAT_SCAN
  +--> ?PR?LED_SLOW_ADJUST_ISR?LED
  +--> ?PR?LED_RED_BLUE_FLASH_1MS_ISR?LED
  +--> ?PR?LOW_POWER_ENTER_TIMER_CALLBACK?LO...
  +--> ?PR?SEND_LOW_BAT_TIMER_CALLBACK?BATTE...
  +--> ?PR?LED_BAT_LEV_DISLPLAY_1MS_ISR?LED_...
  +--> ?PR?BATTTERY_MONITOR_1MS_ISR?BATTERY_...

?PR?ADC_SCAN?ADC                                 -----    -----
  +--> ?PR?ADC

?PR?BAT_VOL_HISTORY_BUFF_ADD_TIMER_CA...         -----    -----
  +--> ?PR?BAT_SCAN
  +--> ?PR?_BAT_VOL_HISTORY_BUFF_ADD?BAT_SCAN

?PR?_BAT_VOL_HISTORY_BUFF_ADD?BAT_SCAN           -----    -----
  +--> ?PR?BAT_SCAN

?PR?BAT_GET_AVG_VOL_PERIOD_ADD?BAT_SCAN          -----    -----
  +--> ?PR?BAT_SCAN

?PR?LED_SLOW_ADJUST_ISR?LED                      -----    -----
  +--> ?PR?LED
  +--> ?PR?_PWM_SET_CHANNEL_0_DUTY?PWM
  +--> ?PR?_PWM_SET_CHANNEL_1_DUTY?PWM

?PR?LED_RED_BLUE_FLASH_1MS_ISR?LED               61F0H    0002H
  +--> ?PR?LED

?PR?LOW_POWER_ENTER_TIMER_CALLBACK?LO...         -----    -----
  +--> ?PR?IS_LOW_POWER_CONDITION_ESTABLISH?...

?PR?SEND_LOW_BAT_TIMER_CALLBACK?BATTE...         -----    -----
  +--> ?PR?BATTERY_MONITOR

?PR?LED_BAT_LEV_DISLPLAY_1MS_ISR?LED_...         -----    -----
  +--> ?PR?LED_BAT_LEV_STA_IDLE_HANDLE?LED_B...
  +--> ?PR?LED_BAT_LEV_STA_CHARGE_BEGIN_HAND...
  +--> ?PR?LED_BAT_LEV_STA_CHARGE_BEGIN_ANIM...
  +--> ?PR?LED_BAT_LEV_STA_CHARGING_HANDLE?L...
  +--> ?PR?LED_BAT_LEV_STA_CHARGE_END_HANDLE...
  +--> ?PR?LED_BAT_LEV_STA_ALERT_HANDLE?LED_...
  +--> ?PR?LED_BAT_LEV_STA_DISCHARGE_HANDLE?...

BL51 BANKED LINKER/LOCATER V6.22.4.0                                                  07/29/2026  17:46:39  PAGE 9


?PR?LED_BAT_LEV_STA_IDLE_HANDLE?LED_B...         -----    -----
  +--> ?PR?LED_BAT_LEV

?PR?LED_BAT_LEV_STA_CHARGE_BEGIN_HAND...         -----    -----
  +--> ?PR?LED_BAT_LEV

?PR?LED_BAT_LEV_STA_CHARGE_BEGIN_ANIM...         -----    -----
  +--> ?PR?LED_BAT_LEV

?PR?LED_BAT_LEV_STA_CHARGING_HANDLE?L...         -----    -----
  +--> ?PR?LED_BAT_LEV

?PR?LED_BAT_LEV_STA_ALERT_HANDLE?LED_...         -----    -----
  +--> ?PR?LED_BAT_LEV

?PR?LED_BAT_LEV_STA_DISCHARGE_HANDLE?...         61F0H    0001H
  +--> ?PR?LED_BAT_LEV

?PR?BATTTERY_MONITOR_1MS_ISR?BATTERY_...         -----    -----
  +--> ?PR?BATTERY_MONITOR
  +--> ?PR?_BAT_VOL_HISTORY_BUFF_INIT?BAT_SCAN
  +--> ?PR?_BAT_DISCHARGE_TIME_CNT_UPDATE?BA...
  +--> ?PR?_BAT_CHARGE_TIME_CNT_UPDATE?BATTE...

*** NEW ROOT ***************************************************

?PR?TIMR1_IRQHANDLER?TIMER1                      -----    -----
  +--> ?PR?DETECT_1KHZ_SIGNAL_100US?CHARGE_DET
  +--> ?PR?DETECT_DISCHARGE_1KHZ_SIGNAL_100U...

?PR?DETECT_1KHZ_SIGNAL_100US?CHARGE_DET          61F2H    0001H
  +--> ?PR?CHARGE_DET

?PR?DETECT_DISCHARGE_1KHZ_SIGNAL_100U...         61F2H    0001H
  +--> ?PR?CHARGE_DET

*** NEW ROOT ***************************************************

?PR?UART0_IRQHANDLER?UART0                       61F3H    0001H
  +--> ?PR?_UART0_RXBUFFER_PUT_BYTE?UART0

?PR?_UART0_RXBUFFER_PUT_BYTE?UART0               -----    -----
  +--> ?PR?UART0



SYMBOL TABLE OF MODULE:  .\Release\Objects\Demo (?C_STARTUP)

  VALUE           TYPE          NAME
  ----------------------------------

  -------         MODULE        ?C_STARTUP
  C:1A1EH         SEGMENT       ?C_C51STARTUP
  I:0021H         SEGMENT       ?STACK
  C:0000H         PUBLIC        ?C_STARTUP
  D:00E0H         SYMBOL        ACC
  D:00F0H         SYMBOL        B
BL51 BANKED LINKER/LOCATER V6.22.4.0                                                  07/29/2026  17:46:39  PAGE 10


  D:0083H         SYMBOL        DPH
  D:0082H         SYMBOL        DPL
  N:0000H         SYMBOL        IBPSTACK
  N:0100H         SYMBOL        IBPSTACKTOP
  N:0080H         SYMBOL        IDATALEN
  C:1A21H         SYMBOL        IDATALOOP
  N:0000H         SYMBOL        PBPSTACK
  N:0100H         SYMBOL        PBPSTACKTOP
  N:0000H         SYMBOL        PDATALEN
  N:0000H         SYMBOL        PDATASTART
  N:0000H         SYMBOL        PPAGE
  N:0000H         SYMBOL        PPAGEENABLE
  D:00A0H         SYMBOL        PPAGE_SFR
  D:0081H         SYMBOL        SP
  C:1A1EH         SYMBOL        STARTUP1
  N:0000H         SYMBOL        XBPSTACK
  N:0000H         SYMBOL        XBPSTACKTOP
  N:0000H         SYMBOL        XDATALEN
  N:0000H         SYMBOL        XDATASTART
  C:0000H         LINE#         126
  C:1A1EH         LINE#         133
  C:1A20H         LINE#         134
  C:1A21H         LINE#         135
  C:1A22H         LINE#         136
  C:1A24H         LINE#         185
  C:1A27H         LINE#         196
  -------         ENDMOD        ?C_STARTUP

  -------         MODULE        SYSTEM
  C:0000H         SYMBOL        _ICE_DUMMY_
  D:00A7H         PUBLIC        FLASH_TIMEREG0
  D:00ACH         PUBLIC        FLASH_TIMEREG1
  C:2996H         PUBLIC        _delay
  C:284CH         PUBLIC        _delay_ms
  C:15AAH         PUBLIC        system_init
  -------         PROC          _DELAY
  D:0006H         SYMBOL        cnt
  C:2996H         LINE#         37
  C:2996H         LINE#         38
  C:2996H         LINE#         39
  C:29A0H         LINE#         40
  C:29A0H         LINE#         41
  C:29A0H         LINE#         42
  -------         ENDPROC       _DELAY
  -------         PROC          _DELAY_MS
  D:0002H         SYMBOL        ms
  C:284CH         LINE#         49
  C:2850H         LINE#         50
  C:2850H         LINE#         51
  C:285AH         LINE#         52
  C:285AH         LINE#         53
  C:2861H         LINE#         54
  C:2863H         LINE#         55
  -------         ENDPROC       _DELAY_MS
  -------         PROC          SYSTEM_INIT
  -------         DO            
  D:0007H         SYMBOL        i
BL51 BANKED LINKER/LOCATER V6.22.4.0                                                  07/29/2026  17:46:39  PAGE 11


  -------         ENDDO         
  C:15AAH         LINE#         62
  C:15AAH         LINE#         63
  C:15AAH         LINE#         66
  C:15B1H         LINE#         67
  C:15BEH         LINE#         68
  C:15C1H         LINE#         69
  C:15C4H         LINE#         70
  C:15CAH         LINE#         71
  C:15D0H         LINE#         72
  C:15D6H         LINE#         76
  C:15D8H         LINE#         77
  C:15D8H         LINE#         78
  C:15E5H         LINE#         79
  C:15EAH         LINE#         81
  C:1678H         LINE#         82
  -------         ENDPROC       SYSTEM_INIT
  -------         ENDMOD        SYSTEM

  -------         MODULE        ADC
  C:0000H         SYMBOL        _ICE_DUMMY_
  D:00A8H         PUBLIC        IE0
  D:00A9H         PUBLIC        IE1
  D:00AAH         PUBLIC        IE2
  D:00ABH         PUBLIC        IE3
  B:00A8H.7       PUBLIC        IE_EA
  D:00B8H         PUBLIC        IP0
  D:00B1H         PUBLIC        IP1
  D:00B2H         PUBLIC        IP2
  D:00B3H         PUBLIC        IP3
  D:00B4H         PUBLIC        IP4
  D:00B5H         PUBLIC        IP5
  D:00B6H         PUBLIC        IP6
  D:00B7H         PUBLIC        IP7
  D:0093H         PUBLIC        ADC_DATAH0
  D:0094H         PUBLIC        ADC_DATAL0
  D:0099H         PUBLIC        ADC_CHS0
  X:6228H         PUBLIC        cur_adc_status
  C:294DH         PUBLIC        adc_pin_init
  C:2721H         PUBLIC        adc_init
  C:1E88H         PUBLIC        adc_scan
  C:2929H         PUBLIC        adc_init_when_low_pwr_out
  C:2413H         PUBLIC        _adc_update_val
  C:2605H         PUBLIC        _adc_get_val
  C:26B5H         PUBLIC        _adc_get_update_flag
  C:0024H         PUBLIC        _adc_clear_update_flag
  C:2196H         PUBLIC        _adc_channel_sel
  C:287CH         PUBLIC        adc_get_val_once
  X:6229H         SYMBOL        adc_adkey_val
  B:0020H.0       SYMBOL        flag_is_adkey_val_update
  X:622BH         SYMBOL        adc_bat_det_val
  B:0020H.1       SYMBOL        flag_is_adc_bat_det_val_update
  X:622DH         SYMBOL        adc_solar_det_val
  B:0020H.2       SYMBOL        flag_is_adc_solar_det_val_update
  X:622FH         SYMBOL        adc_type_c_det_val
  B:0020H.3       SYMBOL        flag_is_adc_type_c_det_val_update
  C:1B35H         PUBLIC        ADC_IRQHandler
BL51 BANKED LINKER/LOCATER V6.22.4.0                                                  07/29/2026  17:46:39  PAGE 12


  C:2633H         SYMBOL        Com0067
  C:2633H         SYMBOL        L?0104
  C:2633H         SYMBOL        L?0105
  C:263DH         SYMBOL        L?0106
  C:263DH         SYMBOL        L?0107
  C:2646H         SYMBOL        L?0108
  C:2646H         SYMBOL        L?0109
  C:264DH         SYMBOL        L?0110
  C:2657H         SYMBOL        L?0111
  -------         PROC          COM0067
  -------         ENDPROC       COM0067
  -------         PROC          ADC_PIN_INIT
  C:294DH         LINE#         24
  C:294DH         LINE#         25
  C:294DH         LINE#         27
  C:2953H         LINE#         30
  C:2959H         LINE#         33
  C:295DH         LINE#         34
  -------         ENDPROC       ADC_PIN_INIT
  -------         PROC          ADC_INIT
  C:2721H         LINE#         36
  C:2721H         LINE#         37
  C:2721H         LINE#         38
  C:2726H         LINE#         40
  C:272CH         LINE#         44
  C:272FH         LINE#         45
  C:2731H         LINE#         47
  C:2737H         LINE#         49
  C:273CH         LINE#         52
  -------         ENDPROC       ADC_INIT
  -------         PROC          _ADC_UPDATE_VAL
  D:0007H         SYMBOL        adc_channel
  D:0004H         SYMBOL        adc_val
  C:2413H         LINE#         61
  C:2413H         LINE#         62
  C:2413H         LINE#         63
  C:2422H         LINE#         64
  C:2422H         LINE#         65
  C:2422H         LINE#         66
  C:242AH         LINE#         67
  C:242CH         LINE#         68
  C:242DH         LINE#         69
  C:242DH         LINE#         70
  C:2435H         LINE#         71
  C:2437H         LINE#         72
  C:2438H         LINE#         73
  C:2438H         LINE#         74
  C:2440H         LINE#         75
  C:2442H         LINE#         76
  C:2443H         LINE#         77
  C:2443H         LINE#         78
  C:244DH         LINE#         79
  C:244FH         LINE#         80
  C:244FH         LINE#         81
  C:244FH         LINE#         82
  -------         ENDPROC       _ADC_UPDATE_VAL
  -------         PROC          _ADC_GET_VAL
BL51 BANKED LINKER/LOCATER V6.22.4.0                                                  07/29/2026  17:46:39  PAGE 13


  D:0007H         SYMBOL        adc_channel
  -------         DO            
  D:0004H         SYMBOL        ret
  -------         ENDDO         
  C:2605H         LINE#         84
  C:2605H         LINE#         85
  C:2605H         LINE#         86
  C:2608H         LINE#         87
  C:2617H         LINE#         88
  C:2617H         LINE#         89
  C:2617H         LINE#         90
  C:261AH         LINE#         91
  C:261CH         LINE#         92
  C:261CH         LINE#         93
  C:261FH         LINE#         94
  C:2621H         LINE#         95
  C:2621H         LINE#         96
  C:2624H         LINE#         97
  C:2626H         LINE#         98
  C:2626H         LINE#         99
  C:262EH         LINE#         100
  C:262EH         LINE#         102
  C:262EH         LINE#         103
  C:262EH         LINE#         104
  C:262EH         LINE#         106
  C:2632H         LINE#         107
  -------         ENDPROC       _ADC_GET_VAL
  -------         PROC          _ADC_GET_UPDATE_FLAG
  D:0007H         SYMBOL        adc_channel
  -------         DO            
  D:0006H         SYMBOL        ret
  -------         ENDDO         
  C:26B5H         LINE#         110
  C:26B5H         LINE#         111
  C:26B5H         LINE#         112
  C:26B7H         LINE#         113
  C:26C6H         LINE#         114
  C:26C6H         LINE#         115
  C:26C6H         LINE#         116
  C:26C8H         LINE#         117
  C:26CAH         LINE#         118
  C:26CAH         LINE#         119
  C:26CCH         LINE#         120
  C:26CEH         LINE#         121
  C:26CEH         LINE#         122
  C:26D0H         LINE#         123
  C:26D2H         LINE#         124
  C:26D2H         LINE#         125
  C:26D7H         LINE#         126
  C:26D7H         LINE#         128
  C:26D7H         LINE#         129
  C:26D7H         LINE#         130
  C:26D7H         LINE#         132
  C:26D9H         LINE#         133
  -------         ENDPROC       _ADC_GET_UPDATE_FLAG
  -------         PROC          _ADC_CLEAR_UPDATE_FLAG
  D:0007H         SYMBOL        adc_channel
BL51 BANKED LINKER/LOCATER V6.22.4.0                                                  07/29/2026  17:46:39  PAGE 14


  C:0024H         LINE#         136
  C:0024H         LINE#         137
  C:0024H         LINE#         138
  C:0033H         LINE#         139
  C:0033H         LINE#         140
  C:0033H         LINE#         141
  C:0035H         LINE#         142
  C:0036H         LINE#         143
  C:0036H         LINE#         144
  C:0038H         LINE#         145
  C:0039H         LINE#         146
  C:0039H         LINE#         147
  C:003BH         LINE#         148
  C:003CH         LINE#         149
  C:003CH         LINE#         150
  C:003EH         LINE#         151
  C:003EH         LINE#         153
  C:003EH         LINE#         154
  C:003EH         LINE#         155
  C:003EH         LINE#         156
  -------         ENDPROC       _ADC_CLEAR_UPDATE_FLAG
  -------         PROC          _ADC_CHANNEL_SEL
  D:0007H         SYMBOL        adc_channel
  C:2196H         LINE#         158
  C:2196H         LINE#         159
  C:2196H         LINE#         160
  C:219DH         LINE#         164
  C:21ACH         LINE#         165
  C:21ACH         LINE#         166
  C:21ACH         LINE#         168
  C:21B3H         LINE#         170
  C:21B6H         LINE#         171
  C:21B8H         LINE#         172
  C:21B8H         LINE#         173
  C:21BFH         LINE#         176
  C:21C2H         LINE#         178
  C:21C4H         LINE#         179
  C:21C4H         LINE#         183
  C:21CBH         LINE#         186
  C:21CEH         LINE#         187
  C:21D0H         LINE#         189
  C:21D0H         LINE#         190
  C:21D7H         LINE#         193
  C:21DAH         LINE#         194
  C:21DAH         LINE#         196
  C:21DAH         LINE#         197
  C:21DAH         LINE#         198
  C:21DAH         LINE#         200
  C:21E0H         LINE#         202
  -------         ENDPROC       _ADC_CHANNEL_SEL
  -------         PROC          ADC_INIT_WHEN_LOW_PWR_OUT
  C:2929H         LINE#         205
  C:2929H         LINE#         206
  C:2929H         LINE#         207
  C:292FH         LINE#         210
  C:2935H         LINE#         211
  C:293AH         LINE#         213
BL51 BANKED LINKER/LOCATER V6.22.4.0                                                  07/29/2026  17:46:39  PAGE 15


  -------         ENDPROC       ADC_INIT_WHEN_LOW_PWR_OUT
  -------         PROC          ADC_GET_VAL_ONCE
  C:287CH         LINE#         216
  C:287CH         LINE#         217
  C:287CH         LINE#         218
  C:2882H         LINE#         219
  C:2888H         LINE#         221
  C:288AH         LINE#         222
  C:2892H         LINE#         223
  -------         ENDPROC       ADC_GET_VAL_ONCE
  -------         PROC          ADC_SCAN
  C:1E88H         LINE#         226
  C:1E88H         LINE#         227
  C:1E88H         LINE#         229
  C:1EAEH         LINE#         230
  C:1EAEH         LINE#         231
  C:1EAEH         LINE#         233
  C:1EAEH         LINE#         234
  C:1EB0H         LINE#         235
  C:1EB6H         LINE#         236
  C:1EB7H         LINE#         237
  C:1EB7H         LINE#         239
  C:1EB7H         LINE#         240
  C:1EBDH         LINE#         241
  C:1EBEH         LINE#         242
  C:1EBEH         LINE#         243
  C:1EC0H         LINE#         244
  C:1EC6H         LINE#         245
  C:1EC7H         LINE#         246
  C:1EC7H         LINE#         248
  C:1EC7H         LINE#         249
  C:1ECDH         LINE#         250
  C:1ECEH         LINE#         251
  C:1ECEH         LINE#         252
  C:1ED0H         LINE#         253
  C:1ED6H         LINE#         254
  C:1ED7H         LINE#         255
  C:1ED7H         LINE#         256
  C:1ED7H         LINE#         257
  C:1EDDH         LINE#         258
  C:1EDEH         LINE#         259
  C:1EDEH         LINE#         260
  C:1EE0H         LINE#         261
  C:1EE6H         LINE#         262
  C:1EE7H         LINE#         263
  C:1EE7H         LINE#         264
  C:1EE7H         LINE#         265
  C:1EEDH         LINE#         266
  C:1EEDH         LINE#         268
  C:1EEDH         LINE#         269
  C:1EEDH         LINE#         270
  C:1EEDH         LINE#         271
  -------         ENDPROC       ADC_SCAN
  -------         PROC          ADC_IRQHANDLER
  -------         DO            
  X:61E8H         SYMBOL        adc_val
  -------         ENDDO         
BL51 BANKED LINKER/LOCATER V6.22.4.0                                                  07/29/2026  17:46:39  PAGE 16


  C:1B35H         LINE#         273
  C:1B52H         LINE#         278
  C:1B52H         LINE#         282
  C:1B58H         LINE#         283
  C:1B58H         LINE#         284
  C:1B5BH         LINE#         285
  C:1B6AH         LINE#         287
  C:1B7EH         LINE#         288
  C:1B7EH         LINE#         289
  C:1B7EH         LINE#         290
  C:1B83H         LINE#         291
  C:1B85H         LINE#         292
  C:1B85H         LINE#         293
  C:1B8DH         LINE#         294
  C:1B90H         LINE#         295
  C:1B92H         LINE#         296
  C:1B92H         LINE#         297
  C:1B97H         LINE#         298
  C:1B99H         LINE#         299
  C:1B99H         LINE#         300
  C:1BA1H         LINE#         301
  C:1BA1H         LINE#         303
  C:1BA1H         LINE#         304
  C:1BA1H         LINE#         305
  C:1BA1H         LINE#         306
  C:1BA1H         LINE#         309
  C:1BA1H         LINE#         310
  -------         ENDPROC       ADC_IRQHANDLER
  -------         ENDMOD        ADC

  -------         MODULE        PWM
  C:0000H         SYMBOL        _ICE_DUMMY_
  B:00A0H.7       PUBLIC        P27
  B:00B0H.0       PUBLIC        P30
  C:1AAAH         PUBLIC        pwm_init
  C:29ABH         PUBLIC        _pwm_set_channel_0_duty
  C:29B4H         PUBLIC        _pwm_set_channel_1_duty
  C:28AAH         SYMBOL        Com0004
  C:28AAH         SYMBOL        L?0005
  C:28B5H         SYMBOL        L?0006
  -------         PROC          COM0004
  -------         ENDPROC       COM0004
  -------         PROC          PWM_INIT
  C:1AAAH         LINE#         3
  C:1AAAH         LINE#         4
  C:1AAAH         LINE#         6
  C:1AB0H         LINE#         7
  C:1AB4H         LINE#         9
  C:1AB6H         LINE#         10
  C:1ABBH         LINE#         13
  C:1AC1H         LINE#         14
  C:1AC5H         LINE#         16
  C:1AC7H         LINE#         17
  C:1ACCH         LINE#         21
  C:1AD2H         LINE#         22
  C:1AD7H         LINE#         23
  C:1ADCH         LINE#         24
BL51 BANKED LINKER/LOCATER V6.22.4.0                                                  07/29/2026  17:46:39  PAGE 17


  C:1AE0H         LINE#         25
  C:1AE2H         LINE#         26
  C:1AE2H         LINE#         27
  C:1AE2H         LINE#         29
  C:1AE8H         LINE#         30
  C:1AEEH         LINE#         31
  C:1AF4H         LINE#         32
  C:1AFAH         LINE#         33
  C:1B00H         LINE#         37
  C:1B06H         LINE#         38
  C:1B0BH         LINE#         39
  C:1B10H         LINE#         40
  C:1B14H         LINE#         41
  C:1B16H         LINE#         42
  C:1B16H         LINE#         43
  C:1B16H         LINE#         45
  C:1B1CH         LINE#         46
  C:1B22H         LINE#         47
  C:1B28H         LINE#         48
  C:1B2EH         LINE#         49
  C:1B34H         LINE#         50
  -------         ENDPROC       PWM_INIT
  -------         PROC          _PWM_SET_CHANNEL_0_DUTY
  D:0004H         SYMBOL        channel_duty
  C:29ABH         LINE#         53
  C:29ABH         LINE#         54
  C:29ABH         LINE#         55
  C:29ADH         LINE#         56
  C:29ADH         LINE#         57
  C:29B3H         LINE#         58
  -------         ENDPROC       _PWM_SET_CHANNEL_0_DUTY
  -------         PROC          _PWM_SET_CHANNEL_1_DUTY
  D:0004H         SYMBOL        channel_duty
  C:29B4H         LINE#         61
  C:29B4H         LINE#         62
  C:29B4H         LINE#         63
  C:29B6H         LINE#         64
  C:29B6H         LINE#         65
  C:29BCH         LINE#         66
  -------         ENDPROC       _PWM_SET_CHANNEL_1_DUTY
  -------         ENDMOD        PWM

  -------         MODULE        TIMER0
  C:0000H         SYMBOL        _ICE_DUMMY_
  D:00A8H         PUBLIC        IE0
  D:00A9H         PUBLIC        IE1
  D:00AAH         PUBLIC        IE2
  D:00ABH         PUBLIC        IE3
  B:00A8H.7       PUBLIC        IE_EA
  D:00B8H         PUBLIC        IP0
  D:00B1H         PUBLIC        IP1
  D:00B2H         PUBLIC        IP2
  D:00B3H         PUBLIC        IP3
  D:00B4H         PUBLIC        IP4
  D:00B5H         PUBLIC        IP5
  D:00B6H         PUBLIC        IP6
  D:00B7H         PUBLIC        IP7
BL51 BANKED LINKER/LOCATER V6.22.4.0                                                  07/29/2026  17:46:39  PAGE 18


  D:00D1H         PUBLIC        TMR_ALLCON
  C:27C9H         PUBLIC        timer0_init
  C:1DB5H         PUBLIC        TIMR0_IRQHandler
  -------         PROC          TIMER0_INIT
  C:27C9H         LINE#         12
  C:27C9H         LINE#         13
  C:27C9H         LINE#         14
  C:27CCH         LINE#         15
  C:27CEH         LINE#         17
  C:27D1H         LINE#         18
  C:27D6H         LINE#         19
  C:27DAH         LINE#         20
  C:27DFH         LINE#         21
  C:27E3H         LINE#         22
  -------         ENDPROC       TIMER0_INIT
  -------         PROC          TIMR0_IRQHANDLER
  C:1DB5H         LINE#         26
  C:1DD2H         LINE#         29
  C:1DD2H         LINE#         34
  C:1DD8H         LINE#         35
  C:1DD8H         LINE#         36
  C:1DDCH         LINE#         42
  C:1DE2H         LINE#         43
  C:1DE5H         LINE#         45
  C:1DE8H         LINE#         46
  C:1DEBH         LINE#         49
  C:1DEEH         LINE#         50
  C:1DF1H         LINE#         51
  C:1DF4H         LINE#         53
  C:1DF7H         LINE#         54
  C:1DFAH         LINE#         57
  C:1DFDH         LINE#         58
  C:1E00H         LINE#         60
  C:1E03H         LINE#         62
  C:1E06H         LINE#         68
  C:1E06H         LINE#         71
  C:1E06H         LINE#         72
  -------         ENDPROC       TIMR0_IRQHANDLER
  -------         ENDMOD        TIMER0

  -------         MODULE        TIMER1
  C:0000H         SYMBOL        _ICE_DUMMY_
  D:00A8H         PUBLIC        IE0
  D:00A9H         PUBLIC        IE1
  D:00AAH         PUBLIC        IE2
  D:00ABH         PUBLIC        IE3
  B:00A8H.7       PUBLIC        IE_EA
  D:00B8H         PUBLIC        IP0
  D:00B1H         PUBLIC        IP1
  D:00B2H         PUBLIC        IP2
  D:00B3H         PUBLIC        IP3
  D:00B4H         PUBLIC        IP4
  D:00B5H         PUBLIC        IP5
  D:00B6H         PUBLIC        IP6
  D:00B7H         PUBLIC        IP7
  D:00D1H         PUBLIC        TMR_ALLCON
  C:27E4H         PUBLIC        timer1_init
BL51 BANKED LINKER/LOCATER V6.22.4.0                                                  07/29/2026  17:46:39  PAGE 19


  C:2275H         PUBLIC        TIMR1_IRQHandler
  -------         PROC          TIMER1_INIT
  C:27E4H         LINE#         9
  C:27E4H         LINE#         10
  C:27E4H         LINE#         12
  C:27E7H         LINE#         13
  C:27E9H         LINE#         15
  C:27ECH         LINE#         16
  C:27F1H         LINE#         17
  C:27F5H         LINE#         18
  C:27FAH         LINE#         19
  C:27FEH         LINE#         23
  -------         ENDPROC       TIMER1_INIT
  -------         PROC          TIMR1_IRQHANDLER
  C:2275H         LINE#         27
  C:2292H         LINE#         30
  C:2292H         LINE#         34
  C:2298H         LINE#         35
  C:2298H         LINE#         36
  C:229CH         LINE#         39
  C:229FH         LINE#         40
  C:22A2H         LINE#         41
  C:22A2H         LINE#         44
  C:22A2H         LINE#         45
  -------         ENDPROC       TIMR1_IRQHANDLER
  -------         ENDMOD        TIMER1

  -------         MODULE        UART0
  C:0000H         SYMBOL        _ICE_DUMMY_
  D:00A8H         PUBLIC        IE0
  D:00A9H         PUBLIC        IE1
  D:00AAH         PUBLIC        IE2
  D:00ABH         PUBLIC        IE3
  B:00A8H.7       PUBLIC        IE_EA
  D:00B8H         PUBLIC        IP0
  D:00B1H         PUBLIC        IP1
  D:00B2H         PUBLIC        IP2
  D:00B3H         PUBLIC        IP3
  D:00B4H         PUBLIC        IP4
  D:00B5H         PUBLIC        IP5
  D:00B6H         PUBLIC        IP6
  D:00B7H         PUBLIC        IP7
  D:00D2H         PUBLIC        UART0_CON0
  D:00D4H         PUBLIC        UART0_STA
  D:00D5H         PUBLIC        UART0_BAUD0
  D:00D6H         PUBLIC        UART0_BAUD1
  D:00D7H         PUBLIC        UART0_DATA
  C:248CH         PUBLIC        uart0_init
  C:29CFH         PUBLIC        _uart0_sendbyte
  C:26FEH         PUBLIC        _uart0_sendbuf
  C:29BDH         PUBLIC        uart0_rxbuffer_get_count
  C:23D1H         PUBLIC        uart0_rxbuffer_get_byte
  X:60DBH         PUBLIC        uart0_rx_buffer
  C:22BDH         SYMBOL        _uart0_rxbuffer_put_byte
  C:256FH         PUBLIC        UART0_IRQHandler
  C:29F7H         SYMBOL        Com0047
  C:29F7H         SYMBOL        L?0072
BL51 BANKED LINKER/LOCATER V6.22.4.0                                                  07/29/2026  17:46:39  PAGE 20


  C:29F7H         SYMBOL        L?0073
  -------         PROC          COM0047
  -------         ENDPROC       COM0047
  -------         PROC          UART0_INIT
  C:248CH         LINE#         17
  C:248CH         LINE#         18
  C:248CH         LINE#         19
  C:2492H         LINE#         20
  C:2496H         LINE#         21
  C:249DH         LINE#         23
  C:24A3H         LINE#         24
  C:24A9H         LINE#         25
  C:24AFH         LINE#         27
  C:24B2H         LINE#         28
  C:24B5H         LINE#         29
  C:24B8H         LINE#         33
  C:24C0H         LINE#         34
  C:24C3H         LINE#         35
  C:24C5H         LINE#         36
  -------         ENDPROC       UART0_INIT
  -------         PROC          _UART0_SENDBYTE
  D:0007H         SYMBOL        byte
  C:29CFH         LINE#         39
  C:29CFH         LINE#         40
  C:29CFH         LINE#         41
  C:29D4H         LINE#         44
  C:29D6H         LINE#         48
  -------         ENDPROC       _UART0_SENDBYTE
  -------         PROC          _UART0_SENDBUF
  X:61E5H         SYMBOL        buf
  D:0005H         SYMBOL        len
  -------         DO            
  D:0006H         SYMBOL        i
  -------         ENDDO         
  C:26FEH         LINE#         50
  C:2704H         LINE#         51
  C:2704H         LINE#         52
  C:2706H         LINE#         53
  C:270BH         LINE#         54
  C:270BH         LINE#         55
  C:271DH         LINE#         56
  C:2720H         LINE#         57
  -------         ENDPROC       _UART0_SENDBUF
  -------         PROC          UART0_RXBUFFER_GET_COUNT
  C:29BDH         LINE#         60
  C:29BDH         LINE#         61
  C:29BDH         LINE#         62
  C:29C5H         LINE#         63
  -------         ENDPROC       UART0_RXBUFFER_GET_COUNT
  -------         PROC          UART0_RXBUFFER_GET_BYTE
  -------         DO            
  D:0007H         SYMBOL        rxbyte
  -------         ENDDO         
  C:23D1H         LINE#         66
  C:23D1H         LINE#         67
  C:23D1H         LINE#         70
  C:23DBH         LINE#         71
BL51 BANKED LINKER/LOCATER V6.22.4.0                                                  07/29/2026  17:46:39  PAGE 21


  C:23DBH         LINE#         73
  C:23DDH         LINE#         74
  C:23DDH         LINE#         80
  C:23E3H         LINE#         81
  C:23F2H         LINE#         82
  C:23F2H         LINE#         83
  C:23F6H         LINE#         84
  C:23F6H         LINE#         85
  C:2408H         LINE#         87
  C:2412H         LINE#         89
  C:2412H         LINE#         90
  -------         ENDPROC       UART0_RXBUFFER_GET_BYTE
  -------         PROC          _UART0_RXBUFFER_PUT_BYTE
  D:0007H         SYMBOL        byte
  C:22BDH         LINE#         92
  C:22BDH         LINE#         93
  C:22BDH         LINE#         100
  C:22C3H         LINE#         101
  C:22D2H         LINE#         102
  C:22D2H         LINE#         103
  C:22D6H         LINE#         104
  C:22D6H         LINE#         105
  C:22E8H         LINE#         107
  C:22EEH         LINE#         108
  C:22FDH         LINE#         109
  C:22FDH         LINE#         110
  C:2303H         LINE#         111
  C:2303H         LINE#         112
  -------         ENDPROC       _UART0_RXBUFFER_PUT_BYTE
  -------         PROC          UART0_IRQHANDLER
  -------         DO            
  X:61F3H         SYMBOL        recv_byte
  -------         ENDDO         
  C:256FH         LINE#         115
  C:2582H         LINE#         118
  C:2582H         LINE#         121
  C:2587H         LINE#         122
  C:2587H         LINE#         123
  C:258DH         LINE#         124
  C:2592H         LINE#         127
  C:2592H         LINE#         129
  C:2592H         LINE#         130
  -------         ENDPROC       UART0_IRQHANDLER
  -------         ENDMOD        UART0

  -------         MODULE        MAIN
  C:0000H         SYMBOL        _ICE_DUMMY_
  D:00D9H         PUBLIC        WDT_KEY
  C:2787H         PUBLIC        user_init
  C:2009H         PUBLIC        main
  -------         PROC          USER_INIT
  C:2787H         LINE#         37
  C:2787H         LINE#         38
  C:2787H         LINE#         39
  C:278AH         LINE#         40
  C:278DH         LINE#         41
  C:2790H         LINE#         42
BL51 BANKED LINKER/LOCATER V6.22.4.0                                                  07/29/2026  17:46:39  PAGE 22


  C:2793H         LINE#         43
  C:2796H         LINE#         44
  C:2799H         LINE#         46
  C:279CH         LINE#         47
  C:279FH         LINE#         48
  C:27A2H         LINE#         51
  C:27A5H         LINE#         52
  -------         ENDPROC       USER_INIT
  -------         PROC          MAIN
  C:2009H         LINE#         60
  C:2009H         LINE#         61
  C:2009H         LINE#         63
  C:200CH         LINE#         64
  C:200FH         LINE#         67
  C:2012H         LINE#         68
  C:2019H         LINE#         69
  C:201CH         LINE#         72
  C:2021H         LINE#         73
  C:2023H         LINE#         74
  C:2026H         LINE#         75
  C:2028H         LINE#         76
  C:202BH         LINE#         77
  C:202DH         LINE#         78
  C:2030H         LINE#         79
  C:2032H         LINE#         81
  C:2035H         LINE#         82
  C:203CH         LINE#         84
  C:203CH         LINE#         85
  C:203CH         LINE#         86
  C:2045H         LINE#         87
  C:2048H         LINE#         88
  C:204BH         LINE#         90
  C:204EH         LINE#         92
  C:2051H         LINE#         93
  C:2054H         LINE#         94
  C:2057H         LINE#         96
  C:205AH         LINE#         102
  -------         ENDPROC       MAIN
  -------         ENDMOD        MAIN

  -------         MODULE        UART_DATA_HANDLE
  C:0000H         SYMBOL        _ICE_DUMMY_
  C:293BH         PUBLIC        uart_receiver_reset
  C:000FH         PUBLIC        uart_receiver_timeout_add
  C:2743H         PUBLIC        uart_receiver_process_checksum
  C:1726H         PUBLIC        _uart_receiver_process_byte
  C:2916H         PUBLIC        uart_receiver_timeout_handler
  C:1CC6H         PUBLIC        uart_data_handle
  C:2304H         PUBLIC        _uart_data_send_cmd
  X:61C2H         SYMBOL        uart_receiver
  C:29D7H         SYMBOL        _?ix1000
  C:2893H         SYMBOL        Com0038
  C:2893H         SYMBOL        L?0057
  C:2893H         SYMBOL        L?0058
  -------         PROC          COM0038
  -------         ENDPROC       COM0038
  -------         PROC          UART_RECEIVER_RESET
BL51 BANKED LINKER/LOCATER V6.22.4.0                                                  07/29/2026  17:46:39  PAGE 23


  C:293BH         LINE#         13
  C:293BH         LINE#         14
  C:293BH         LINE#         16
  C:2940H         LINE#         17
  C:2944H         LINE#         18
  C:2948H         LINE#         19
  C:294CH         LINE#         20
  -------         ENDPROC       UART_RECEIVER_RESET
  -------         PROC          UART_RECEIVER_TIMEOUT_ADD
  C:000FH         LINE#         26
  C:000FH         LINE#         27
  C:000FH         LINE#         28
  C:0015H         LINE#         29
  C:0015H         LINE#         30
  C:001DH         LINE#         31
  C:001DH         LINE#         32
  -------         ENDPROC       UART_RECEIVER_TIMEOUT_ADD
  -------         PROC          UART_RECEIVER_PROCESS_CHECKSUM
  -------         DO            
  D:0006H         SYMBOL        i
  D:0007H         SYMBOL        check_sum
  -------         ENDDO         
  C:2743H         LINE#         39
  C:2743H         LINE#         40
  C:2743H         LINE#         42
  C:2745H         LINE#         43
  C:2746H         LINE#         44
  C:2746H         LINE#         45
  C:2753H         LINE#         46
  C:2758H         LINE#         48
  C:275FH         LINE#         49
  C:275FH         LINE#         50
  C:2762H         LINE#         51
  C:2762H         LINE#         53
  C:2762H         LINE#         60
  C:2764H         LINE#         61
  C:2764H         LINE#         62
  -------         ENDPROC       UART_RECEIVER_PROCESS_CHECKSUM
  -------         PROC          _UART_RECEIVER_PROCESS_BYTE
  D:0005H         SYMBOL        byte
  C:1726H         LINE#         71
  C:1728H         LINE#         72
  C:1728H         LINE#         74
  C:174BH         LINE#         75
  C:174BH         LINE#         76
  C:174BH         LINE#         77
  C:174FH         LINE#         78
  C:174FH         LINE#         79
  C:174FH         LINE#         80
  C:1754H         LINE#         81
  C:1757H         LINE#         82
  C:1757H         LINE#         84
  C:1757H         LINE#         85
  C:175AH         LINE#         86
  C:175AH         LINE#         87
  C:175AH         LINE#         89
  C:175AH         LINE#         90
BL51 BANKED LINKER/LOCATER V6.22.4.0                                                  07/29/2026  17:46:39  PAGE 24


  C:175EH         LINE#         91
  C:175EH         LINE#         92
  C:175EH         LINE#         93
  C:1763H         LINE#         94
  C:1766H         LINE#         95
  C:1766H         LINE#         97
  C:1766H         LINE#         99
  C:1769H         LINE#         100
  C:1769H         LINE#         101
  C:1769H         LINE#         103
  C:1769H         LINE#         104
  C:176CH         LINE#         105
  C:176CH         LINE#         106
  C:176CH         LINE#         107
  C:1771H         LINE#         108
  C:1774H         LINE#         109
  C:1774H         LINE#         111
  C:1774H         LINE#         112
  C:1777H         LINE#         113
  C:1777H         LINE#         114
  C:1777H         LINE#         116
  C:1777H         LINE#         118
  C:1777H         LINE#         119
  C:177CH         LINE#         120
  C:177EH         LINE#         121
  C:177EH         LINE#         123
  C:177EH         LINE#         125
  C:177EH         LINE#         126
  C:1783H         LINE#         127
  C:1785H         LINE#         128
  C:1785H         LINE#         130
  C:1785H         LINE#         131
  C:1788H         LINE#         132
  C:1788H         LINE#         133
  C:1788H         LINE#         134
  C:178DH         LINE#         135
  C:178FH         LINE#         136
  C:178FH         LINE#         138
  C:178FH         LINE#         139
  C:1792H         LINE#         140
  C:1792H         LINE#         141
  C:1792H         LINE#         143
  C:1792H         LINE#         145
  C:1792H         LINE#         146
  C:1798H         LINE#         147
  C:179EH         LINE#         148
  C:179EH         LINE#         150
  C:17A1H         LINE#         151
  C:17A1H         LINE#         153
  C:17A1H         LINE#         154
  C:17A4H         LINE#         155
  C:17A4H         LINE#         156
  C:17A4H         LINE#         158
  C:17A4H         LINE#         159
  C:17A8H         LINE#         160
  C:17A8H         LINE#         161
  C:17BCH         LINE#         162
BL51 BANKED LINKER/LOCATER V6.22.4.0                                                  07/29/2026  17:46:39  PAGE 25


  C:17C2H         LINE#         163
  C:17C5H         LINE#         164
  C:17C5H         LINE#         166
  C:17C5H         LINE#         167
  C:17C8H         LINE#         168
  C:17C8H         LINE#         169
  C:17C8H         LINE#         171
  C:17C8H         LINE#         172
  C:17C8H         LINE#         173
  C:17C8H         LINE#         175
  C:17CAH         LINE#         176
  -------         ENDPROC       _UART_RECEIVER_PROCESS_BYTE
  -------         PROC          UART_RECEIVER_TIMEOUT_HANDLER
  C:2916H         LINE#         179
  C:2916H         LINE#         180
  C:2916H         LINE#         185
  C:2925H         LINE#         186
  C:2925H         LINE#         200
  C:2928H         LINE#         201
  C:2928H         LINE#         202
  -------         ENDPROC       UART_RECEIVER_TIMEOUT_HANDLER
  -------         PROC          UART_DATA_HANDLE
  -------         DO            
  D:0004H         SYMBOL        recv_byte
  X:61C1H         SYMBOL        initialized
  -------         ENDDO         
  C:1CC6H         LINE#         203
  C:1CC6H         LINE#         204
  C:1CC6H         LINE#         212
  C:1CCCH         LINE#         213
  C:1CCCH         LINE#         214
  C:1CCFH         LINE#         215
  C:1CD5H         LINE#         216
  C:1CD5H         LINE#         221
  C:1CDBH         LINE#         222
  C:1CDBH         LINE#         223
  C:1CDEH         LINE#         224
  C:1CDEH         LINE#         233
  C:1CDEH         LINE#         234
  C:1CDEH         LINE#         235
  C:1CF2H         LINE#         238
  C:1CF2H         LINE#         252
  C:1CF2H         LINE#         253
  C:1CF2H         LINE#         255
  C:1CF7H         LINE#         258
  C:1CFDH         LINE#         259
  C:1D02H         LINE#         262
  C:1D08H         LINE#         263
  C:1D08H         LINE#         276
  C:1D0BH         LINE#         277
  C:1D0BH         LINE#         278
  C:1D0DH         LINE#         308
  C:1D19H         LINE#         310
  C:1D19H         LINE#         312
  C:1D19H         LINE#         332
  C:1D29H         LINE#         333
  C:1D29H         LINE#         334
BL51 BANKED LINKER/LOCATER V6.22.4.0                                                  07/29/2026  17:46:39  PAGE 26


  C:1D29H         LINE#         336
  C:1D2EH         LINE#         337
  C:1D30H         LINE#         338
  C:1D30H         LINE#         340
  C:1D36H         LINE#         341
  C:1D38H         LINE#         342
  C:1D38H         LINE#         350
  C:1D3BH         LINE#         351
  C:1D3BH         LINE#         353
  C:1D3BH         LINE#         357
  C:1D3BH         LINE#         358
  C:1D3BH         LINE#         361
  C:1D3EH         LINE#         362
  -------         ENDPROC       UART_DATA_HANDLE
  -------         PROC          _UART_DATA_SEND_CMD
  X:61DCH         SYMBOL        cmd
  -------         DO            
  X:61DDH         SYMBOL        buf
  -------         ENDDO         
  C:2304H         LINE#         366
  C:2309H         LINE#         367
  C:2309H         LINE#         368
  C:231CH         LINE#         379
  C:2325H         LINE#         380
  C:233EH         LINE#         382
  -------         ENDPROC       _UART_DATA_SEND_CMD
  -------         ENDMOD        UART_DATA_HANDLE

  -------         MODULE        KEY_DRIVER
  C:0000H         SYMBOL        _ICE_DUMMY_
  C:0B74H         PUBLIC        _key_driver_scan
  X:6237H         SYMBOL        is_key_active
  X:6238H         PUBLIC        scan_para
  C:27A8H         SYMBOL        Com0021
  C:27A8H         SYMBOL        L?0034
  C:27ABH         SYMBOL        L?0035
  C:27ACH         SYMBOL        L?0036
  C:27B2H         SYMBOL        L?0037
  C:27B5H         SYMBOL        L?0038
  C:27B9H         SYMBOL        L?0039
  C:27BFH         SYMBOL        L?0040
  C:27C2H         SYMBOL        L?0041
  -------         PROC          COM0021
  -------         ENDPROC       COM0021
  -------         PROC          _KEY_DRIVER_SCAN
  D:0001H         SYMBOL        _scan_para
  -------         DO            
  X:61DBH         SYMBOL        key_event
  D:0007H         SYMBOL        cur_key_value
  X:61DCH         SYMBOL        key_value
  C:0CDCH         SYMBOL        _notify
  C:0CFCH         SYMBOL        _scan_end
  -------         ENDDO         
  C:0B74H         LINE#         17
  C:0B74H         LINE#         19
  C:0B74H         LINE#         24
  C:0B79H         LINE#         25
BL51 BANKED LINKER/LOCATER V6.22.4.0                                                  07/29/2026  17:46:39  PAGE 27


  C:0B7BH         LINE#         26
  C:0B7FH         LINE#         30
  C:0B85H         LINE#         33
  C:0B98H         LINE#         34
  C:0B98H         LINE#         36
  C:0B98H         LINE#         38
  C:0BA2H         LINE#         40
  C:0BABH         LINE#         46
  C:0BAFH         LINE#         47
  C:0BAFH         LINE#         48
  C:0BB5H         LINE#         49
  C:0BB7H         LINE#         50
  C:0BBDH         LINE#         51
  C:0BBDH         LINE#         52
  C:0BC0H         LINE#         53
  C:0BC0H         LINE#         56
  C:0BD4H         LINE#         57
  C:0BD4H         LINE#         59
  C:0BDBH         LINE#         60
  C:0BE1H         LINE#         62
  C:0BE1H         LINE#         65
  C:0BF2H         LINE#         66
  C:0BF2H         LINE#         67
  C:0BFDH         LINE#         69
  C:0BFDH         LINE#         72
  C:0C09H         LINE#         73
  C:0C09H         LINE#         80
  C:0C0DH         LINE#         81
  C:0C0DH         LINE#         82
  C:0C14H         LINE#         83
  C:0C14H         LINE#         84
  C:0C16H         LINE#         85
  C:0C1CH         LINE#         86
  C:0C1EH         LINE#         88
  C:0C1EH         LINE#         91
  C:0C1EH         LINE#         92
  C:0C26H         LINE#         93
  C:0C26H         LINE#         94
  C:0C29H         LINE#         96
  C:0C29H         LINE#         101
  C:0C31H         LINE#         102
  C:0C3DH         LINE#         103
  C:0C3DH         LINE#         104
  C:0C42H         LINE#         105
  C:0C46H         LINE#         106
  C:0C49H         LINE#         108
  C:0C49H         LINE#         109
  C:0C4FH         LINE#         110
  C:0C4FH         LINE#         111
  C:0C4FH         LINE#         113
  C:0C51H         LINE#         118
  C:0C51H         LINE#         120
  C:0C51H         LINE#         125
  C:0C55H         LINE#         126
  C:0C55H         LINE#         128
  C:0C66H         LINE#         129
  C:0C66H         LINE#         133
BL51 BANKED LINKER/LOCATER V6.22.4.0                                                  07/29/2026  17:46:39  PAGE 28


  C:0C77H         LINE#         134
  C:0C77H         LINE#         154
  C:0C77H         LINE#         155
  C:0C79H         LINE#         157
  C:0C79H         LINE#         158
  C:0C86H         LINE#         160
  C:0C88H         LINE#         162
  C:0C88H         LINE#         164
  C:0C88H         LINE#         165
  C:0C93H         LINE#         166
  C:0C96H         LINE#         168
  C:0C96H         LINE#         169
  C:0C96H         LINE#         171
  C:0C96H         LINE#         172
  C:0C96H         LINE#         174
  C:0C96H         LINE#         175
  C:0C96H         LINE#         177
  C:0C96H         LINE#         179
  C:0CA1H         LINE#         180
  C:0CA1H         LINE#         181
  C:0CA9H         LINE#         182
  C:0CA9H         LINE#         186
  C:0CAFH         LINE#         187
  C:0CAFH         LINE#         188
  C:0CB5H         LINE#         193
  C:0CB7H         LINE#         194
  C:0CC3H         LINE#         195
  C:0CC3H         LINE#         196
  C:0CC8H         LINE#         197
  C:0CD7H         LINE#         199
  C:0CD7H         LINE#         201
  C:0CD7H         LINE#         202
  C:0CD7H         LINE#         204
  C:0CD7H         LINE#         207
  C:0CDCH         LINE#         208
  C:0CDCH         LINE#         210
  C:0CDCH         LINE#         211
  C:0CDCH         LINE#         213
  C:0CDCH         LINE#         216
  C:0CDCH         LINE#         218
  C:0CDCH         LINE#         219
  C:0CE0H         LINE#         220
  C:0CE8H         LINE#         222
  C:0CF2H         LINE#         223
  C:0CFCH         LINE#         226
  C:0CFCH         LINE#         235
  C:0CFCH         LINE#         237
  C:0CFCH         LINE#         238
  C:0D06H         LINE#         241
  -------         ENDPROC       _KEY_DRIVER_SCAN
  -------         ENDMOD        KEY_DRIVER

  -------         MODULE        AD_KEY
  C:0000H         SYMBOL        _ICE_DUMMY_
  X:6163H         PUBLIC        ad_key_para
  C:1867H         PUBLIC        ad_key_handle
  X:6176H         SYMBOL        ad_key_scan_table
BL51 BANKED LINKER/LOCATER V6.22.4.0                                                  07/29/2026  17:46:39  PAGE 29


  X:6186H         SYMBOL        ad_key_event_table
  C:25A3H         PUBLIC        ad_key_get_key_val
  C:214AH         SYMBOL        _ad_key_val_to_ad_key_index
  C:21E1H         SYMBOL        _ad_key_get_event
  C:295EH         SYMBOL        Com0036
  C:295EH         SYMBOL        L?0055
  -------         PROC          COM0036
  -------         ENDPROC       COM0036
  -------         PROC          _AD_KEY_VAL_TO_AD_KEY_INDEX
  D:0006H         SYMBOL        ad_key_val
  -------         DO            
  D:0005H         SYMBOL        i
  X:61DCH         SYMBOL        ad_key_index
  -------         ENDDO         
  C:214AH         LINE#         55
  C:214AH         LINE#         56
  C:214AH         LINE#         57
  C:214CH         LINE#         58
  C:2154H         LINE#         61
  C:2154H         LINE#         62
  C:2154H         LINE#         63
  C:216CH         LINE#         64
  C:216CH         LINE#         65
  C:2186H         LINE#         66
  C:2188H         LINE#         67
  C:2188H         LINE#         68
  C:218DH         LINE#         70
  C:2195H         LINE#         71
  -------         ENDPROC       _AD_KEY_VAL_TO_AD_KEY_INDEX
  -------         PROC          _AD_KEY_GET_EVENT
  D:0007H         SYMBOL        key_val
  D:0005H         SYMBOL        key_event
  -------         DO            
  D:0006H         SYMBOL        ret_key_event
  D:0004H         SYMBOL        key_event_index
  D:0003H         SYMBOL        i
  -------         ENDDO         
  C:21E1H         LINE#         81
  C:21E1H         LINE#         82
  C:21E1H         LINE#         83
  C:21E3H         LINE#         84
  C:21E4H         LINE#         85
  C:21E5H         LINE#         88
  C:21E9H         LINE#         89
  C:21E9H         LINE#         90
  C:21EAH         LINE#         91
  C:21ECH         LINE#         92
  C:21F0H         LINE#         93
  C:21F0H         LINE#         94
  C:21F2H         LINE#         95
  C:21F4H         LINE#         96
  C:21F8H         LINE#         97
  C:21F8H         LINE#         98
  C:21FAH         LINE#         99
  C:21FCH         LINE#         100
  C:2200H         LINE#         101
  C:2200H         LINE#         102
BL51 BANKED LINKER/LOCATER V6.22.4.0                                                  07/29/2026  17:46:39  PAGE 30


  C:2202H         LINE#         103
  C:2204H         LINE#         105
  C:2204H         LINE#         106
  C:2207H         LINE#         107
  C:2207H         LINE#         109
  C:220DH         LINE#         110
  C:220DH         LINE#         111
  C:2214H         LINE#         112
  C:2214H         LINE#         113
  C:2223H         LINE#         114
  C:2225H         LINE#         115
  C:2225H         LINE#         116
  C:2228H         LINE#         118
  C:222AH         LINE#         119
  -------         ENDPROC       _AD_KEY_GET_EVENT
  -------         PROC          AD_KEY_GET_KEY_VAL
  -------         DO            
  X:6161H         SYMBOL        val
  X:61DBH         SYMBOL        ret
  -------         ENDDO         
  C:25A3H         LINE#         132
  C:25A3H         LINE#         133
  C:25A3H         LINE#         135
  C:25A9H         LINE#         138
  C:25B1H         LINE#         139
  C:25B1H         LINE#         140
  C:25B6H         LINE#         141
  C:25C3H         LINE#         144
  C:25C3H         LINE#         146
  C:25D3H         LINE#         147
  C:25D5H         LINE#         148
  -------         ENDPROC       AD_KEY_GET_KEY_VAL
  -------         PROC          AD_KEY_HANDLE
  -------         DO            
  X:61DBH         SYMBOL        ad_key_event
  -------         ENDDO         
  C:1867H         LINE#         150
  C:1867H         LINE#         151
  C:1867H         LINE#         152
  C:186CH         LINE#         154
  C:1875H         LINE#         155
  C:1875H         LINE#         157
  C:1875H         LINE#         159
  C:1882H         LINE#         160
  C:1887H         LINE#         161
  C:1889H         LINE#         165
  C:1898H         LINE#         166
  C:1898H         LINE#         176
  C:189EH         LINE#         178
  C:189EH         LINE#         180
  C:18C4H         LINE#         181
  C:18C4H         LINE#         184
  C:18C4H         LINE#         188
  C:18C7H         LINE#         189
  C:18C7H         LINE#         191
  C:18C7H         LINE#         195
  C:18C7H         LINE#         197
BL51 BANKED LINKER/LOCATER V6.22.4.0                                                  07/29/2026  17:46:39  PAGE 31


  C:18C7H         LINE#         202
  C:18C7H         LINE#         204
  C:18C7H         LINE#         208
  C:18C7H         LINE#         212
  C:18C7H         LINE#         216
  C:18C9H         LINE#         217
  C:18CBH         LINE#         219
  C:18CBH         LINE#         224
  C:18CDH         LINE#         225
  C:18CFH         LINE#         227
  C:18CFH         LINE#         232
  C:18D1H         LINE#         233
  C:18D3H         LINE#         235
  C:18D3H         LINE#         239
  C:18D3H         LINE#         244
  C:18D3H         LINE#         249
  C:18D5H         LINE#         250
  C:18D7H         LINE#         252
  C:18D7H         LINE#         258
  C:18D9H         LINE#         259
  C:18DBH         LINE#         261
  C:18DBH         LINE#         267
  C:18DDH         LINE#         268
  C:18DFH         LINE#         270
  C:18DFH         LINE#         274
  C:18DFH         LINE#         278
  C:18DFH         LINE#         284
  C:18E5H         LINE#         285
  C:18E5H         LINE#         286
  C:18E7H         LINE#         287
  C:18E9H         LINE#         288
  C:18F0H         LINE#         289
  C:18F0H         LINE#         290
  C:18F5H         LINE#         291
  C:18F5H         LINE#         292
  C:18F5H         LINE#         294
  C:18F5H         LINE#         300
  C:18FBH         LINE#         301
  C:18FBH         LINE#         304
  C:18FEH         LINE#         305
  C:18FEH         LINE#         307
  C:18FEH         LINE#         312
  C:1901H         LINE#         313
  C:1901H         LINE#         314
  C:1901H         LINE#         316
  C:1901H         LINE#         320
  C:1901H         LINE#         322
  C:1901H         LINE#         326
  C:1901H         LINE#         328
  C:1901H         LINE#         329
  C:1901H         LINE#         330
  C:1901H         LINE#         331
  -------         ENDPROC       AD_KEY_HANDLE
  -------         ENDMOD        AD_KEY

  -------         MODULE        USER_TEST
  C:0000H         SYMBOL        _ICE_DUMMY_
BL51 BANKED LINKER/LOCATER V6.22.4.0                                                  07/29/2026  17:46:39  PAGE 32


  -------         ENDMOD        USER_TEST

  -------         MODULE        LED
  C:0000H         SYMBOL        _ICE_DUMMY_
  B:0080H.0       PUBLIC        P00
  B:0080H.1       PUBLIC        P01
  B:0080H.2       PUBLIC        P02
  B:0080H.5       PUBLIC        P05
  B:0080H.6       PUBLIC        P06
  B:0090H.3       PUBLIC        P13
  B:00A0H.7       PUBLIC        P27
  B:00B0H.0       PUBLIC        P30
  X:620AH         PUBLIC        led_ctl
  C:20AFH         PUBLIC        led_init
  C:297CH         PUBLIC        led_yellow_on
  C:29DFH         PUBLIC        led_yellow_off
  C:2989H         PUBLIC        led_white_on
  C:29E7H         PUBLIC        led_white_off
  C:296DH         PUBLIC        led_ctl_init
  C:24C6H         PUBLIC        led_status_switch
  C:1991H         PUBLIC        _led_status_set
  C:13EFH         PUBLIC        led_red_blue_flash_1ms_isr
  C:12EEH         PUBLIC        led_slow_adjust_isr
  C:17CBH         SYMBOL        Com0052
  C:17CBH         SYMBOL        L?0083
  C:17D7H         SYMBOL        L?0084
  C:17E5H         SYMBOL        L?0085
  C:17E5H         SYMBOL        L?0086
  C:17EEH         SYMBOL        L?0087
  C:17EFH         SYMBOL        L?0088
  C:17F4H         SYMBOL        L?0089
  C:17FBH         SYMBOL        L?0090
  C:17FEH         SYMBOL        L?0091
  C:1801H         SYMBOL        L?0092
  C:1808H         SYMBOL        L?0093
  C:1808H         SYMBOL        L?0094
  C:1815H         SYMBOL        L?0095
  C:1826H         SYMBOL        L?0096
  C:1835H         SYMBOL        L?0097
  C:1835H         SYMBOL        L?0098
  C:183EH         SYMBOL        L?0099
  C:1849H         SYMBOL        L?0100
  C:184AH         SYMBOL        L?0101
  C:1851H         SYMBOL        L?0102
  C:1851H         SYMBOL        L?0103
  C:1857H         SYMBOL        L?0104
  C:1860H         SYMBOL        L?0105
  C:1860H         SYMBOL        L?0106
  -------         PROC          COM0052
  -------         ENDPROC       COM0052
  -------         PROC          LED_INIT
  C:20AFH         LINE#         14
  C:20AFH         LINE#         15
  C:20AFH         LINE#         17
  C:20B5H         LINE#         18
  C:20B9H         LINE#         19
  C:20BBH         LINE#         20
BL51 BANKED LINKER/LOCATER V6.22.4.0                                                  07/29/2026  17:46:39  PAGE 33


  C:20C0H         LINE#         23
  C:20C6H         LINE#         24
  C:20CAH         LINE#         25
  C:20CCH         LINE#         26
  C:20CFH         LINE#         29
  C:20CFH         LINE#         30
  C:20D2H         LINE#         31
  C:20D4H         LINE#         32
  C:20D9H         LINE#         35
  C:20DEH         LINE#         36
  C:20E2H         LINE#         37
  C:20E4H         LINE#         38
  C:20E7H         LINE#         41
  C:20E7H         LINE#         42
  C:20EAH         LINE#         43
  C:20ECH         LINE#         44
  C:20EFH         LINE#         47
  C:20F3H         LINE#         48
  C:20F7H         LINE#         49
  C:20F9H         LINE#         50
  C:20FCH         LINE#         51
  -------         ENDPROC       LED_INIT
  -------         PROC          LED_CTL_INIT
  C:296DH         LINE#         53
  C:296DH         LINE#         54
  C:296DH         LINE#         63
  -------         ENDPROC       LED_CTL_INIT
  -------         PROC          LED_YELLOW_ON
  C:297CH         LINE#         66
  C:297CH         LINE#         67
  C:297CH         LINE#         68
  C:2982H         LINE#         69
  C:2988H         LINE#         70
  -------         ENDPROC       LED_YELLOW_ON
  -------         PROC          LED_YELLOW_OFF
  C:29DFH         LINE#         72
  C:29DFH         LINE#         73
  C:29DFH         LINE#         74
  C:29E1H         LINE#         75
  C:29E6H         LINE#         76
  -------         ENDPROC       LED_YELLOW_OFF
  -------         PROC          LED_WHITE_ON
  C:2989H         LINE#         78
  C:2989H         LINE#         79
  C:2989H         LINE#         80
  C:298FH         LINE#         81
  C:2995H         LINE#         82
  -------         ENDPROC       LED_WHITE_ON
  -------         PROC          LED_WHITE_OFF
  C:29E7H         LINE#         84
  C:29E7H         LINE#         85
  C:29E7H         LINE#         86
  C:29E9H         LINE#         87
  C:29EEH         LINE#         88
  -------         ENDPROC       LED_WHITE_OFF
  -------         PROC          LED_STATUS_SWITCH
  C:24C6H         LINE#         90
BL51 BANKED LINKER/LOCATER V6.22.4.0                                                  07/29/2026  17:46:39  PAGE 34


  C:24C6H         LINE#         91
  C:24C6H         LINE#         93
  C:24DAH         LINE#         94
  C:24DAH         LINE#         95
  C:24DAH         LINE#         97
  C:24DCH         LINE#         98
  C:24DEH         LINE#         99
  C:24DEH         LINE#         101
  C:24E0H         LINE#         102
  C:24E2H         LINE#         103
  C:24E2H         LINE#         105
  C:24E4H         LINE#         106
  C:24E6H         LINE#         107
  C:24E6H         LINE#         109
  C:24E8H         LINE#         110
  C:24EAH         LINE#         111
[...]
  C:1E5AH         LINE#         71
  C:1E5AH         LINE#         79
  C:1E5EH         LINE#         80
  C:1E5FH         LINE#         81
  C:1E77H         LINE#         85
  C:1E77H         LINE#         86
  C:1E84H         LINE#         88
  C:1E84H         LINE#         90
  C:1E87H         LINE#         91
  C:1E87H         LINE#         92
  C:1E87H         LINE#         93
  -------         ENDPROC       LED_BAT_LEV_HANDLE
  -------         PROC          LED_BAT_LEV_STA_DISCHARGE_HANDLE
  -------         DO            
  X:6219H         SYMBOL        jump_down_cnt_ms
  X:61F0H         SYMBOL        target_bat_lev
  -------         ENDDO         
  C:074FH         LINE#         96
  C:074FH         LINE#         97
  C:074FH         LINE#         100
  C:0755H         LINE#         102
  C:0764H         LINE#         105
  C:0764H         LINE#         107
  C:0769H         LINE#         108
  C:0769H         LINE#         109
  C:0769H         LINE#         110
  C:076BH         LINE#         111
  C:0770H         LINE#         112
  C:0770H         LINE#         113
  C:0770H         LINE#         114
  C:0772H         LINE#         115
  C:077EH         LINE#         116
  C:077EH         LINE#         117
  C:077EH         LINE#         118
  C:0780H         LINE#         119
  C:078CH         LINE#         120
  C:078CH         LINE#         121
  C:078FH         LINE#         122
  C:0791H         LINE#         123
  C:079DH         LINE#         124
  C:079DH         LINE#         125
  C:07A0H         LINE#         126
  C:07A2H         LINE#         128
  C:07A2H         LINE#         131
  C:07A2H         LINE#         132
BL51 BANKED LINKER/LOCATER V6.22.4.0                                                  07/29/2026  17:46:39  PAGE 58


  C:07A2H         LINE#         135
  C:07A2H         LINE#         137
  C:07A7H         LINE#         138
  C:07A7H         LINE#         139
  C:07ADH         LINE#         140
  C:07AFH         LINE#         141
  C:07BEH         LINE#         142
  C:07BEH         LINE#         143
  C:07C4H         LINE#         144
  C:07C6H         LINE#         145
  C:07CBH         LINE#         146
  C:07CBH         LINE#         147
  C:07D1H         LINE#         148
  C:07D3H         LINE#         149
  C:07E2H         LINE#         150
  C:07E2H         LINE#         151
  C:07E5H         LINE#         152
  C:07E7H         LINE#         154
  C:07E7H         LINE#         155
  C:07EAH         LINE#         156
  C:07EAH         LINE#         157
  C:07EAH         LINE#         179
  C:07F4H         LINE#         180
  C:07F4H         LINE#         181
  C:0800H         LINE#         182
  C:0800H         LINE#         187
  C:080AH         LINE#         189
  C:0819H         LINE#         192
  C:0819H         LINE#         194
  C:082CH         LINE#         195
  C:082CH         LINE#         196
  C:082CH         LINE#         197
  C:0834H         LINE#         198
  C:0834H         LINE#         199
  C:0834H         LINE#         200
  C:0834H         LINE#         201
  C:0837H         LINE#         203
  C:0837H         LINE#         204
  C:0842H         LINE#         205
  C:0842H         LINE#         206
  C:0842H         LINE#         207
  C:0842H         LINE#         208
  C:0844H         LINE#         210
  C:0844H         LINE#         211
  C:0853H         LINE#         212
  C:0853H         LINE#         213
  C:0853H         LINE#         214
  C:0853H         LINE#         215
  C:0855H         LINE#         217
  C:0855H         LINE#         218
  C:0855H         LINE#         219
  C:0855H         LINE#         220
  C:0855H         LINE#         221
  C:0855H         LINE#         222
  C:0855H         LINE#         223
  C:0857H         LINE#         225
  C:0857H         LINE#         227
BL51 BANKED LINKER/LOCATER V6.22.4.0                                                  07/29/2026  17:46:39  PAGE 59


  C:0857H         LINE#         228
  C:0857H         LINE#         229
  C:0857H         LINE#         230
  C:0857H         LINE#         233
  C:0857H         LINE#         235
  C:086AH         LINE#         236
  C:086AH         LINE#         237
  C:086AH         LINE#         238
  C:0875H         LINE#         239
  C:0875H         LINE#         240
  C:0875H         LINE#         241
  C:0875H         LINE#         242
  C:0877H         LINE#         244
  C:0877H         LINE#         245
  C:0886H         LINE#         246
  C:0886H         LINE#         247
  C:0886H         LINE#         248
  C:0886H         LINE#         249
  C:0888H         LINE#         251
  C:0888H         LINE#         252
  C:0893H         LINE#         253
  C:0893H         LINE#         254
  C:089BH         LINE#         255
  C:089BH         LINE#         256
  C:089EH         LINE#         258
  C:089EH         LINE#         259
  C:08A6H         LINE#         260
  C:08A7H         LINE#         261
  C:08A7H         LINE#         262
  C:08A7H         LINE#         263
  C:08A7H         LINE#         264
  C:08AAH         LINE#         266
  C:08AAH         LINE#         268
  C:08AAH         LINE#         269
  C:08AAH         LINE#         270
  C:08AAH         LINE#         271
  C:08AAH         LINE#         272
  C:08AAH         LINE#         274
  C:08AAH         LINE#         282
  C:08B6H         LINE#         283
  C:08C8H         LINE#         284
  C:08C8H         LINE#         285
  C:08D2H         LINE#         291
  C:08DBH         LINE#         292
  C:08DBH         LINE#         293
  C:08DEH         LINE#         294
  C:08DEH         LINE#         296
  C:08EDH         LINE#         299
  C:08EDH         LINE#         301
  C:08FEH         LINE#         302
  C:08FEH         LINE#         303
  C:08FEH         LINE#         304
  C:0906H         LINE#         305
  C:0906H         LINE#         309
  C:0910H         LINE#         311
  C:0910H         LINE#         312
  C:0913H         LINE#         314
BL51 BANKED LINKER/LOCATER V6.22.4.0                                                  07/29/2026  17:46:39  PAGE 60


  C:0913H         LINE#         315
  C:091BH         LINE#         316
  C:091BH         LINE#         320
  C:0925H         LINE#         322
  C:0925H         LINE#         323
  C:0928H         LINE#         325
  C:0928H         LINE#         326
  C:0934H         LINE#         327
  C:0934H         LINE#         331
  C:093EH         LINE#         333
  C:093EH         LINE#         334
  C:0940H         LINE#         336
  C:0940H         LINE#         337
  C:0940H         LINE#         338
  C:0940H         LINE#         339
  C:0940H         LINE#         342
  C:0940H         LINE#         344
  C:094EH         LINE#         345
  C:094EH         LINE#         346
  C:094EH         LINE#         347
  C:0956H         LINE#         348
  C:0956H         LINE#         352
  C:0960H         LINE#         354
  C:0960H         LINE#         355
  C:0962H         LINE#         357
  C:0962H         LINE#         358
  C:0971H         LINE#         359
  C:0971H         LINE#         363
  C:097BH         LINE#         365
  C:097BH         LINE#         366
  C:097DH         LINE#         368
  C:097DH         LINE#         369
  C:0985H         LINE#         370
  C:0985H         LINE#         374
  C:098FH         LINE#         376
  C:098FH         LINE#         377
  C:098FH         LINE#         379
  C:098FH         LINE#         380
  C:098FH         LINE#         381
  C:098FH         LINE#         382
  C:098FH         LINE#         383
  C:098FH         LINE#         384
  C:098FH         LINE#         385
  C:098FH         LINE#         401
  C:09A3H         LINE#         402
  C:09A3H         LINE#         403
  C:09A3H         LINE#         404
  C:09A3H         LINE#         406
  C:09A9H         LINE#         407
  C:09A9H         LINE#         408
  C:09A9H         LINE#         409
  C:09ACH         LINE#         410
  C:09AEH         LINE#         411
  C:09AFH         LINE#         412
  C:09AFH         LINE#         413
  C:09AFH         LINE#         414
  C:09AFH         LINE#         415
BL51 BANKED LINKER/LOCATER V6.22.4.0                                                  07/29/2026  17:46:39  PAGE 61


  C:09B2H         LINE#         416
  C:09B4H         LINE#         417
  C:09B5H         LINE#         418
  C:09B5H         LINE#         419
  C:09B7H         LINE#         420
  C:09B9H         LINE#         421
  C:09B9H         LINE#         422
  C:09B9H         LINE#         423
  C:09BBH         LINE#         424
  C:09BBH         LINE#         425
  C:09BDH         LINE#         426
  C:09BFH         LINE#         427
  C:09BFH         LINE#         428
  C:09BFH         LINE#         429
  C:09C1H         LINE#         430
  C:09C1H         LINE#         431
  C:09C3H         LINE#         432
  C:09C5H         LINE#         433
  C:09C7H         LINE#         434
  C:09C9H         LINE#         435
  C:09C9H         LINE#         436
  C:09C9H         LINE#         437
  -------         ENDPROC       LED_BAT_LEV_STA_DISCHARGE_HANDLE
  -------         PROC          LED_BAT_LEV_STA_ALERT_HANDLE
  -------         DO            
  X:621DH         SYMBOL        cnt
  -------         ENDDO         
  C:268FH         LINE#         439
  C:268FH         LINE#         440
  C:268FH         LINE#         443
  C:268FH         LINE#         444
  C:268FH         LINE#         445
  C:2692H         LINE#         447
  C:269CH         LINE#         448
  C:26ABH         LINE#         449
  C:26ABH         LINE#         450
  C:26AFH         LINE#         451
  C:26B4H         LINE#         452
  C:26B4H         LINE#         453
  -------         ENDPROC       LED_BAT_LEV_STA_ALERT_HANDLE
  -------         PROC          LED_BAT_LEV_STA_IDLE_HANDLE
  C:0045H         LINE#         455
  C:0045H         LINE#         456
  C:0045H         LINE#         457
  C:0045H         LINE#         458
  C:0045H         LINE#         459
  C:0048H         LINE#         460
  C:004AH         LINE#         461
  -------         ENDPROC       LED_BAT_LEV_STA_IDLE_HANDLE
  -------         PROC          LED_BAT_LEV_STA_CHARGE_BEGIN_HANDLE
  C:2901H         LINE#         463
  C:2901H         LINE#         464
  C:2901H         LINE#         465
  C:2901H         LINE#         466
  C:2901H         LINE#         467
  C:2904H         LINE#         468
  C:2906H         LINE#         469
BL51 BANKED LINKER/LOCATER V6.22.4.0                                                  07/29/2026  17:46:39  PAGE 62


  C:290BH         LINE#         470
  C:290FH         LINE#         471
  C:2915H         LINE#         472
  -------         ENDPROC       LED_BAT_LEV_STA_CHARGE_BEGIN_HANDLE
  -------         PROC          LED_BAT_LEV_STA_CHARGE_BEGIN_ANIM_HANDLE
  C:1EEEH         LINE#         474
  C:1EEEH         LINE#         475
  C:1EEEH         LINE#         476
  C:1EEEH         LINE#         477
  C:1EF3H         LINE#         478
  C:1EF3H         LINE#         479
  C:1EF7H         LINE#         480
  C:1F08H         LINE#         482
  C:1F08H         LINE#         483
  C:1F0AH         LINE#         484
  C:1F10H         LINE#         485
  C:1F11H         LINE#         486
  C:1F23H         LINE#         488
  C:1F23H         LINE#         489
  C:1F25H         LINE#         490
  C:1F2BH         LINE#         491
  C:1F2CH         LINE#         492
  C:1F3EH         LINE#         494
  C:1F3EH         LINE#         495
  C:1F40H         LINE#         496
  C:1F43H         LINE#         497
  C:1F45H         LINE#         499
  C:1F45H         LINE#         500
  C:1F4CH         LINE#         503
  C:1F52H         LINE#         504
  C:1F52H         LINE#         505
  C:1F52H         LINE#         506
  -------         ENDPROC       LED_BAT_LEV_STA_CHARGE_BEGIN_ANIM_HANDLE
  -------         PROC          LED_BAT_LEV_STA_CHARGING_HANDLE
  -------         DO            
  X:621FH         SYMBOL        led_quick_fill_cnt
  -------         ENDDO         
  C:10CFH         LINE#         508
  C:10CFH         LINE#         509
  C:10CFH         LINE#         512
  C:10CFH         LINE#         515
  C:10DBH         LINE#         516
  C:10DBH         LINE#         517
  C:10E2H         LINE#         520
  C:10F3H         LINE#         521
  C:10F3H         LINE#         522
  C:10F3H         LINE#         523
  C:10F8H         LINE#         524
  C:10FAH         LINE#         525
  C:10FAH         LINE#         526
  C:10FFH         LINE#         527
  C:1101H         LINE#         528
  C:1101H         LINE#         529
  C:1106H         LINE#         530
  C:1108H         LINE#         531
  C:1108H         LINE#         532
  C:110DH         LINE#         533
BL51 BANKED LINKER/LOCATER V6.22.4.0                                                  07/29/2026  17:46:39  PAGE 63


  C:110DH         LINE#         534
  C:110DH         LINE#         535
  C:110DH         LINE#         537
  C:111FH         LINE#         540
  C:111FH         LINE#         542
  C:1128H         LINE#         543
  C:1128H         LINE#         544
  C:112CH         LINE#         545
  C:112EH         LINE#         547
  C:112EH         LINE#         550
  C:113CH         LINE#         551
  C:113CH         LINE#         552
  C:1148H         LINE#         553
  C:1148H         LINE#         555
  C:1157H         LINE#         556
  C:1157H         LINE#         557
  C:1161H         LINE#         563
  C:1167H         LINE#         564
  C:116DH         LINE#         565
  C:116DH         LINE#         566
  C:116DH         LINE#         567
  C:116FH         LINE#         569
  C:116FH         LINE#         570
  C:1179H         LINE#         571
  C:1179H         LINE#         573
  C:1194H         LINE#         576
  C:1194H         LINE#         577
  C:119AH         LINE#         578
  C:119CH         LINE#         580
  C:119CH         LINE#         581
  C:119EH         LINE#         582
  C:11B9H         LINE#         585
  C:11B9H         LINE#         586
  C:11BFH         LINE#         587
  C:11C1H         LINE#         589
  C:11C1H         LINE#         590
  C:11C3H         LINE#         591
  C:11D5H         LINE#         594
  C:11D5H         LINE#         595
  C:11DBH         LINE#         596
  C:11DDH         LINE#         598
  C:11E2H         LINE#         599
  C:11E2H         LINE#         600
  -------         ENDPROC       LED_BAT_LEV_STA_CHARGING_HANDLE
  -------         PROC          LED_BAT_LEV_STA_CHARGE_END_HANDLE
  C:29C6H         LINE#         602
  C:29C6H         LINE#         603
  C:29C6H         LINE#         605
  C:29C8H         LINE#         606
  C:29CAH         LINE#         607
  C:29CCH         LINE#         608
  C:29CEH         LINE#         609
  -------         ENDPROC       LED_BAT_LEV_STA_CHARGE_END_HANDLE
  -------         PROC          LED_BAT_LEV_DISLPLAY_1MS_ISR
  C:2539H         LINE#         611
  C:2539H         LINE#         612
  C:2539H         LINE#         613
BL51 BANKED LINKER/LOCATER V6.22.4.0                                                  07/29/2026  17:46:39  PAGE 64


  C:2559H         LINE#         614
  C:2559H         LINE#         615
  C:2559H         LINE#         616
  C:255CH         LINE#         617
  C:255CH         LINE#         618
  C:255CH         LINE#         619
  C:255FH         LINE#         620
  C:255FH         LINE#         622
  C:255FH         LINE#         623
  C:2562H         LINE#         624
  C:2562H         LINE#         626
  C:2562H         LINE#         627
  C:2565H         LINE#         628
  C:2565H         LINE#         630
  C:2565H         LINE#         631
  C:2568H         LINE#         632
  C:2568H         LINE#         634
  C:2568H         LINE#         635
  C:256BH         LINE#         636
  C:256BH         LINE#         638
  C:256BH         LINE#         639
  C:256EH         LINE#         640
  C:256EH         LINE#         641
  C:256EH         LINE#         642
  -------         ENDPROC       LED_BAT_LEV_DISLPLAY_1MS_ISR
  -------         ENDMOD        LED_BAT_LEV

  -------         MODULE        ?C?COPY
  C:011EH         PUBLIC        ?C?COPY
  -------         ENDMOD        ?C?COPY

  -------         MODULE        ?C?CLDPTR
  C:0144H         PUBLIC        ?C?CLDPTR
  -------         ENDMOD        ?C?CLDPTR

  -------         MODULE        ?C?CLDOPTR
  C:015DH         PUBLIC        ?C?CLDOPTR
  -------         ENDMOD        ?C?CLDOPTR

  -------         MODULE        ?C?CILDOPTR
  C:018AH         PUBLIC        ?C?CILDOPTR
  -------         ENDMOD        ?C?CILDOPTR

  -------         MODULE        ?C?CSTOPTR
  C:01BDH         PUBLIC        ?C?CSTOPTR
  -------         ENDMOD        ?C?CSTOPTR

  -------         MODULE        ?C?UIDIV
  C:01DFH         PUBLIC        ?C?UIDIV
  -------         ENDMOD        ?C?UIDIV

  -------         MODULE        ?C?IILDX
  C:0234H         PUBLIC        ?C?IILDX
  -------         ENDMOD        ?C?IILDX

  -------         MODULE        ?C?LADD
  C:024AH         PUBLIC        ?C?LADD
BL51 BANKED LINKER/LOCATER V6.22.4.0                                                  07/29/2026  17:46:39  PAGE 65


  -------         ENDMOD        ?C?LADD

  -------         MODULE        ?C?ULDIV
  C:0293H         PUBLIC        ?C?ULDIV
  -------         ENDMOD        ?C?ULDIV

  -------         MODULE        ?C?SLCMP
  C:0325H         PUBLIC        ?C?SLCMP
  -------         ENDMOD        ?C?SLCMP

  -------         MODULE        ?C?ULCMP
  C:033BH         PUBLIC        ?C?ULCMP
  -------         ENDMOD        ?C?ULCMP

  -------         MODULE        ?C?LLDXDATA
  C:034CH         PUBLIC        ?C?LLDXDATA
  -------         ENDMOD        ?C?LLDXDATA

  -------         MODULE        ?C?LLDXDATA0
  C:0358H         PUBLIC        ?C?LLDXDATA0
  -------         ENDMOD        ?C?LLDXDATA0

  -------         MODULE        ?C?LSTXDATA
  C:0364H         PUBLIC        ?C?LSTXDATA
  -------         ENDMOD        ?C?LSTXDATA

  -------         MODULE        ?C?LSTKXDATA
  C:0370H         PUBLIC        ?C?LSTKXDATA
  -------         ENDMOD        ?C?LSTKXDATA

  -------         MODULE        ?C?PLDXDATA
  C:03A1H         PUBLIC        ?C?PLDXDATA
  -------         ENDMOD        ?C?PLDXDATA

  -------         MODULE        ?C?PSTXDATA
  C:03AAH         PUBLIC        ?C?PSTXDATA
  -------         ENDMOD        ?C?PSTXDATA

  -------         MODULE        ?C?PLDOPTR
  C:03B3H         PUBLIC        ?C?PLDOPTR
  -------         ENDMOD        ?C?PLDOPTR

  -------         MODULE        ?C?CCASE
  C:03E3H         PUBLIC        ?C?CCASE
  -------         ENDMOD        ?C?CCASE

  -------         MODULE        ?C?ICALL
  C:0409H         PUBLIC        ?C?ICALL
  C:040DH         PUBLIC        ?C?ICALL2
  -------         ENDMOD        ?C?ICALL

  -------         MODULE        ?C?LIMUL
  C:040FH         PUBLIC        ?C?LIMUL
  -------         ENDMOD        ?C?LIMUL

  -------         MODULE        ?C?MEMSET
  C:043CH         PUBLIC        ?C?MEMSET
BL51 BANKED LINKER/LOCATER V6.22.4.0                                                  07/29/2026  17:46:39  PAGE 66


  -------         ENDMOD        ?C?MEMSET

  -------         MODULE        ?C?PLDIDATA
  C:0468H         PUBLIC        ?C?PLDIDATA
  -------         ENDMOD        ?C?PLDIDATA

  -------         MODULE        ?C?PLDPDATA
  C:0471H         PUBLIC        ?C?PLDPDATA
  -------         ENDMOD        ?C?PLDPDATA

  -------         MODULE        ?C?PLDCODE
  C:047AH         PUBLIC        ?C?PLDCODE
  -------         ENDMOD        ?C?PLDCODE

*** WARNING L15: MULTIPLE CALL TO SEGMENT
    SEGMENT: ?PR?_BAT_DISCHARGE_TIME_CNT_UPDATE?BATTERY_MONITOR
    CALLER1: ?PR?ADC_IRQHANDLER?ADC
    CALLER2: ?PR?TIMR0_IRQHANDLER?TIMER0

Program Size: data=9.5 xdata=573 code=10758
LINK/LOCATE RUN COMPLETE.  1 WARNING(S),  0 ERROR(S)
