BL51 BANKED LINKER/LOCATER V6.22.4.0                                                    03/31/2026  18:04:00  PAGE 1


BL51 BANKED LINKER/LOCATER V6.22.4.0, INVOKED BY:
C:\KEIL_V5\C51\BIN\BL51.EXE .\Release\Objects\STARTUP.obj, .\Release\Objects\system.obj, .\Release\Objects\adc.obj, .\Re
>> lease\Objects\pwm.obj, .\Release\Objects\timer0.obj, .\Release\Objects\timer1.obj, .\Release\Objects\uart0.obj, .\Rel
>> ease\Objects\main.obj, .\Release\Objects\uart_data_handle.obj, .\Release\Objects\key_driver.obj, .\Release\Objects\ad
>> _key.obj, .\Release\Objects\user_test.obj, .\Release\Objects\led.obj, .\Release\Objects\battery_monitor.obj, .\Releas
>> e\Objects\bluetooth_ic_handle.obj, .\Release\Objects\charge_det.obj, .\Release\Objects\low_power.obj TO .\Release\Obj
>> ects\Demo PRINT (.\Release\Listings\Demo.m51) RAMSIZE (256) CODE (0X0000-0X3EEF) XDATA (0X6000-0X66FF)


MEMORY MODEL: LARGE


INPUT MODULES INCLUDED:
  .\Release\Objects\STARTUP.obj (?C_STARTUP)
  .\Release\Objects\system.obj (SYSTEM)
  .\Release\Objects\adc.obj (ADC)
  .\Release\Objects\pwm.obj (PWM)
  .\Release\Objects\timer0.obj (TIMER0)
  .\Release\Objects\timer1.obj (TIMER1)
  .\Release\Objects\uart0.obj (UART0)
  .\Release\Objects\main.obj (MAIN)
  .\Release\Objects\uart_data_handle.obj (UART_DATA_HANDLE)
  .\Release\Objects\key_driver.obj (KEY_DRIVER)
  .\Release\Objects\ad_key.obj (AD_KEY)
  .\Release\Objects\user_test.obj (USER_TEST)
  .\Release\Objects\led.obj (LED)
  .\Release\Objects\battery_monitor.obj (BATTERY_MONITOR)
  .\Release\Objects\bluetooth_ic_handle.obj (BLUETOOTH_IC_HANDLE)
  .\Release\Objects\charge_det.obj (CHARGE_DET)
  .\Release\Objects\low_power.obj (LOW_POWER)
  C:\KEIL_V5\C51\LIB\C51L.LIB (?C_INIT)
  C:\KEIL_V5\C51\LIB\C51L.LIB (?C?COPY)
  C:\KEIL_V5\C51\LIB\C51L.LIB (?C?CLDPTR)
  C:\KEIL_V5\C51\LIB\C51L.LIB (?C?CLDOPTR)
  C:\KEIL_V5\C51\LIB\C51L.LIB (?C?CILDOPTR)
  C:\KEIL_V5\C51\LIB\C51L.LIB (?C?CSTOPTR)
  C:\KEIL_V5\C51\LIB\C51L.LIB (?C?UIDIV)
  C:\KEIL_V5\C51\LIB\C51L.LIB (?C?IILDX)
  C:\KEIL_V5\C51\LIB\C51L.LIB (?C?LADD)
  C:\KEIL_V5\C51\LIB\C51L.LIB (?C?ULDIV)
  C:\KEIL_V5\C51\LIB\C51L.LIB (?C?SLCMP)
  C:\KEIL_V5\C51\LIB\C51L.LIB (?C?ULCMP)
  C:\KEIL_V5\C51\LIB\C51L.LIB (?C?LLDXDATA)
  C:\KEIL_V5\C51\LIB\C51L.LIB (?C?LLDXDATA0)
  C:\KEIL_V5\C51\LIB\C51L.LIB (?C?LSTXDATA)
  C:\KEIL_V5\C51\LIB\C51L.LIB (?C?LSTKXDATA)
  C:\KEIL_V5\C51\LIB\C51L.LIB (?C?PLDXDATA)
  C:\KEIL_V5\C51\LIB\C51L.LIB (?C?PSTXDATA)
  C:\KEIL_V5\C51\LIB\C51L.LIB (?C?PLDOPTR)
  C:\KEIL_V5\C51\LIB\C51L.LIB (?C?CCASE)
  C:\KEIL_V5\C51\LIB\C51L.LIB (?C?ICALL)
  C:\KEIL_V5\C51\LIB\C51L.LIB (?C?LIMUL)
  C:\KEIL_V5\C51\LIB\C51L.LIB (PRINTF)
  C:\KEIL_V5\C51\LIB\C51L.LIB (?C?MEMSET)
  C:\KEIL_V5\C51\LIB\C51L.LIB (?C?CSTPTR)
  C:\KEIL_V5\C51\LIB\C51L.LIB (?C?PLDIDATA)
  C:\KEIL_V5\C51\LIB\C51L.LIB (?C?PLDIXDATA)
  C:\KEIL_V5\C51\LIB\C51L.LIB (?C?PLDPDATA)
BL51 BANKED LINKER/LOCATER V6.22.4.0                                                  03/31/2026  18:04:00  PAGE 2


  C:\KEIL_V5\C51\LIB\C51L.LIB (?C?PLDCODE)


LINK MAP OF MODULE:  .\Release\Objects\Demo (?C_STARTUP)


            TYPE    BASE      LENGTH    RELOCATION   SEGMENT NAME
            -----------------------------------------------------

            * * * * * * *   D A T A   M E M O R Y   * * * * * * *
            REG     0000H     0008H     ABSOLUTE     "REG BANK 0"
            DATA    0008H     0005H     UNIT         _DATA_GROUP_
                    000DH     0013H                  *** GAP ***
            BIT     0020H.0   0001H.1   UNIT         _BIT_GROUP_
            BIT     0021H.1   0000H.3   UNIT         ?BI?ADC
                    0021H.4   0000H.4                *** GAP ***
            IDATA   0022H     0001H     UNIT         ?STACK

            * * * * * * *  X D A T A   M E M O R Y  * * * * * * *
                    0000H     6000H                  *** GAP ***
            XDATA   6000H     0083H     UNIT         ?XD?UART0
            XDATA   6083H     0039H     UNIT         ?XD?AD_KEY
            XDATA   60BCH     0032H     UNIT         _XDATA_GROUP_
            XDATA   60EEH     0030H     UNIT         ?XD?BATTERY_MONITOR
            XDATA   611EH     0013H     UNIT         ?XD?CHARGE_DET
            XDATA   6131H     0011H     UNIT         ?XD?UART_DATA_HANDLE
            XDATA   6142H     0011H     UNIT         ?XD?LED
            XDATA   6153H     0007H     UNIT         ?XD?ADC
            XDATA   615AH     0004H     UNIT         ?XD?KEY_DRIVER
            XDATA   615EH     0004H     UNIT         ?XD?LOW_POWER
            XDATA   6162H     0003H     UNIT         ?XD?USER_TEST
            XDATA   6165H     0002H     UNIT         ?XD?BLUETOOTH_IC_HANDLE

            * * * * * * *   C O D E   M E M O R Y   * * * * * * *
            CODE    0000H     0003H     ABSOLUTE     
            CODE    0003H     000CH     ABSOLUTE     
            CODE    000FH     000FH     UNIT         ?PR?UART_RECEIVER_TIMEOUT_ADD?UART_DATA_HANDLE
            CODE    001EH     0003H     ABSOLUTE     
            CODE    0021H     0003H     ABSOLUTE     
            CODE    0024H     001BH     UNIT         ?PR?TIMER0_INIT?TIMER0
            CODE    003FH     0003H     ABSOLUTE     
            CODE    0042H     0003H     ABSOLUTE     
            CODE    0045H     0006H     UNIT         ?PR?UART0_RXBUFFER_GET_COUNT?UART0
            CODE    004BH     0003H     ABSOLUTE     
            CODE    004EH     0461H     UNIT         ?C?LIB_CODE
            CODE    04AFH     0365H     UNIT         ?PR?PRINTF?PRINTF
            CODE    0814H     0202H     UNIT         ?PR?BATTERY_MONITOR_HANDLE?BATTERY_MONITOR
            CODE    0A16H     01A4H     UNIT         ?C_INITSEG
            CODE    0BBAH     0193H     UNIT         ?PR?_KEY_DRIVER_SCAN?KEY_DRIVER
            CODE    0D4DH     0172H     UNIT         ?PR?DETECT_1KHZ_SIGNAL_100US?CHARGE_DET
            CODE    0EBFH     013FH     UNIT         ?PR?AD_KEY_HANDLE?AD_KEY
            CODE    0FFEH     013AH     UNIT         ?PR?LED_BAT_INSTRUCTION_TIMER_CALLBACK?LED
            CODE    1138H     00F0H     UNIT         ?PR?LED_RED_BLUE_FLASH_1MS_ISR?LED
            CODE    1228H     00CFH     UNIT         ?PR?SYSTEM_INIT?SYSTEM
            CODE    12F7H     00C8H     UNIT         ?CO?AD_KEY
            CODE    13BFH     00A5H     UNIT         ?PR?_UART_RECEIVER_PROCESS_BYTE?UART_DATA_HANDLE
            CODE    1464H     008CH     UNIT         ?C_C51STARTUP
BL51 BANKED LINKER/LOCATER V6.22.4.0                                                  03/31/2026  18:04:00  PAGE 3


            CODE    14F0H     008BH     UNIT         ?PR?PWM_INIT?PWM
            CODE    157BH     0083H     UNIT         ?PR?LED
            CODE    15FEH     007FH     UNIT         ?PR?LOW_POWER_HANDLE?LOW_POWER
            CODE    167DH     007AH     UNIT         ?PR?CHARGE_DET?CHARGE_DET
            CODE    16F7H     0079H     UNIT         ?PR?ADC_IRQHANDLER?ADC
            CODE    1770H     0078H     UNIT         ?PR?UART_DATA_HANDLE?UART_DATA_HANDLE
            CODE    17E8H     0078H     UNIT         ?PR?LED_SLOW_ADJUST_ISR?LED
            CODE    1860H     0070H     UNIT         ?PR?_LED_STATUS_SET?LED
            CODE    18D0H     0066H     UNIT         ?PR?TIMR0_IRQHANDLER?TIMER0
            CODE    1936H     005DH     UNIT         ?PR?ADC_SCAN?ADC
            CODE    1993H     0058H     UNIT         ?PR?USER_DEINIT?LOW_POWER
            CODE    19EBH     004EH     UNIT         ?PR?LED_INIT?LED
            CODE    1A39H     004CH     UNIT         ?PR?_AD_KEY_VAL_TO_AD_KEY_INDEX?AD_KEY
            CODE    1A85H     004AH     UNIT         ?PR?_AD_KEY_GET_EVENT?AD_KEY
            CODE    1ACFH     004AH     UNIT         ?CO?BATTERY_MONITOR
            CODE    1B19H     0048H     UNIT         ?PR?_GET_BATTERY_PERCENTAGE_BY_VOLTAGE?BATTERY_MONITOR
            CODE    1B61H     0046H     UNIT         ?PR?BAT_VOL_HISTORY_BUFF_GET_AVG?BATTERY_MONITOR
            CODE    1BA7H     0045H     UNIT         ?PR?TIMR1_IRQHANDLER?TIMER1
            CODE    1BECH     0045H     UNIT         ?PR?_UART_DATA_SEND_CMD?UART_DATA_HANDLE
            CODE    1C31H     0041H     UNIT         ?PR?_GET_BATTERY_VOLTAGE_BY_ADC?BATTERY_MONITOR
            CODE    1C72H     003CH     UNIT         ?PR?_ADC_CHANNEL_SEL?ADC
            CODE    1CAEH     0039H     UNIT         ?PR?BAT_VOL_UPDATE_TIMER_CALLBACK?BATTERY_MONITOR
            CODE    1CE7H     0035H     UNIT         ?PR?LOW_POWER_ENTER_TIMER_CALLBACK?LOW_POWER
            CODE    1D1CH     0034H     UNIT         ?PR?MAIN?MAIN
            CODE    1D50H     0033H     UNIT         ?PR?AD_KEY_GET_KEY_VAL?AD_KEY
            CODE    1D83H     0033H     UNIT         ?PR?BATTERY_MONITOR
            CODE    1DB6H     002FH     UNIT         ?PR?_ADC_UPDATE_VAL?ADC
            CODE    1DE5H     002DH     UNIT         ?PR?BAT_VOL_BUFF_GET_AVG_TIMER_CALLBACK?BATTERY_MONITOR
            CODE    1E12H     002AH     UNIT         ?PR?UART0_INIT?UART0
            CODE    1E3CH     002AH     UNIT         ?PR?USER_INIT?MAIN
            CODE    1E66H     002AH     UNIT         ?PR?LED_STATUS_SWITCH?LED
            CODE    1E90H     0029H     UNIT         ?PR?BAT_VOL_BUFF_ADD_TIMER_CALLBACK?BATTERY_MONITOR
            CODE    1EB9H     0029H     UNIT         ?PR?SEND_LOW_BATTERY_TIMER_CALLBACK?BATTERY_MONITOR
            CODE    1EE2H     0026H     UNIT         ?PR?_ADC_GET_VAL?ADC
            CODE    1F08H     0026H     UNIT         ?PR?UART0_IRQHANDLER?UART0
            CODE    1F2EH     0023H     UNIT         ?PR?_UART0_SENDBUF?UART0
            CODE    1F51H     0022H     UNIT         ?PR?UART_RECEIVER_PROCESS_CHECKSUM?UART_DATA_HANDLE
            CODE    1F73H     0022H     UNIT         ?PR?_BAT_VOL_HISTORY_BUFF_ADD?BATTERY_MONITOR
            CODE    1F95H     0022H     UNIT         ?PR?CHARGE_DET
            CODE    1FB7H     0021H     UNIT         ?PR?KEY_DRIVER
            CODE    1FD8H     0021H     UNIT         ?PR?DEBUG_TIME_ADD?USER_TEST
            CODE    1FF9H     001EH     UNIT         ?PR?_ADC_GET_UPDATE_FLAG?ADC
            CODE    2017H     001DH     UNIT         ?PR?ADC_INIT?ADC
            CODE    2034H     001BH     UNIT         ?PR?TIMER1_INIT?TIMER1
            CODE    204FH     001AH     UNIT         ?PR?BLUETOOTH_IC_HANDLE_INIT?BLUETOOTH_IC_HANDLE
            CODE    2069H     0019H     UNIT         ?PR?CHARGE_DET_INIT?CHARGE_DET
            CODE    2082H     0018H     UNIT         ?PR?_DELAY_MS?SYSTEM
            CODE    209AH     0018H     UNIT         ?PR?_UART0_RXBUFFER_PUT_BYTE?UART0
            CODE    20B2H     0018H     UNIT         ?PR?IS_LOW_POWER_CONDITION_ESTABLISH?LOW_POWER
            CODE    20CAH     0018H     UNIT         ?PR?WUT_IRQHANDLER?LOW_POWER
            CODE    20E2H     0017H     UNIT         ?PR?ADC
            CODE    20F9H     0017H     UNIT         ?PR?UART0_RXBUFFER_GET_BYTE?UART0
            CODE    2110H     0017H     UNIT         ?PR?UART_DATA_HANDLE
            CODE    2127H     0016H     UNIT         ?PR?PWM
            CODE    213DH     0015H     UNIT         ?PR?_ADC_CLEAR_UPDATE_FLAG?ADC
            CODE    2152H     0015H     UNIT         ?PR?UART_RECEIVER_RESET?UART_DATA_HANDLE
            CODE    2167H     0013H     UNIT         ?PR?UART_RECEIVER_TIMEOUT_HANDLER?UART_DATA_HANDLE
BL51 BANKED LINKER/LOCATER V6.22.4.0                                                  03/31/2026  18:04:00  PAGE 4


            CODE    217AH     0013H     UNIT         ?CO?LOW_POWER
            CODE    218DH     0012H     UNIT         ?PR?USER_DEBUG_PIN_INIT?USER_TEST
            CODE    219FH     0011H     UNIT         ?PR?_BAT_VOL_HISTORY_BUFF_INIT?BATTERY_MONITOR
            CODE    21B0H     0010H     UNIT         ?PR?UART0
            CODE    21C0H     000FH     UNIT         ?PR?AD_KEY
            CODE    21CFH     000FH     UNIT         ?PR?LED_CTL_INIT?LED
            CODE    21DEH     000EH     UNIT         ?PR?LED_YELLOW_ON?LED
            CODE    21ECH     000EH     UNIT         ?PR?LED_WHITE_ON?LED
            CODE    21FAH     000DH     UNIT         ?PR?ADC_PIN_INIT?ADC
            CODE    2207H     000DH     UNIT         ?PR?_UART0_SENDBYTE?UART0
            CODE    2214H     000CH     UNIT         ?PR?PWM_GET_CHANNEL_0_STATUS?PWM
            CODE    2220H     000CH     UNIT         ?PR?PWM_GET_CHANNEL_1_STATUS?PWM
            CODE    222CH     000BH     UNIT         ?PR?_DELAY?SYSTEM
            CODE    2237H     000AH     UNIT         ?CO?MAIN
            CODE    2241H     0009H     UNIT         ?PR?_PWM_SET_CHANNEL_0_DUTY?PWM
            CODE    224AH     0009H     UNIT         ?PR?_PWM_SET_CHANNEL_1_DUTY?PWM
            CODE    2253H     0008H     UNIT         ?PR?_PUTCHAR?UART0
            CODE    225BH     0008H     UNIT         ?CO?UART_DATA_HANDLE
            CODE    2263H     0008H     UNIT         ?PR?LED_YELLOW_OFF?LED
            CODE    226BH     0008H     UNIT         ?PR?LED_WHITE_OFF?LED
            CODE    2273H     0001H     UNIT         ?PR?BLE_IC_ENABLE?BLUETOOTH_IC_HANDLE
            CODE    2274H     0001H     UNIT         ?PR?BLE_IC_DISABLE_PRE?BLUETOOTH_IC_HANDLE
            CODE    2275H     0001H     UNIT         ?PR?BLE_IC_DISABLE_POST?BLUETOOTH_IC_HANDLE



OVERLAY MAP OF MODULE:   .\Release\Objects\Demo (?C_STARTUP)


SEGMENT                                             BIT_GROUP          DATA_GROUP          XDATA_GROUP
  +--> CALLED SEGMENT                            START    LENGTH     START    LENGTH     START    LENGTH
--------------------------------------------------------------------------------------------------------
?C_C51STARTUP                                    -----    -----      -----    -----      -----    -----
  +--> ?PR?MAIN?MAIN
  +--> ?C_INITSEG

?PR?MAIN?MAIN                                    -----    -----      -----    -----      -----    -----
  +--> ?PR?SYSTEM_INIT?SYSTEM
  +--> ?PR?USER_INIT?MAIN
  +--> ?PR?_DELAY_MS?SYSTEM
  +--> ?PR?_KEY_DRIVER_SCAN?KEY_DRIVER
  +--> ?PR?AD_KEY_HANDLE?AD_KEY
  +--> ?PR?UART_DATA_HANDLE?UART_DATA_HANDLE
  +--> ?PR?BATTERY_MONITOR_HANDLE?BATTERY_MO...
  +--> ?PR?CHARGE_DET?CHARGE_DET

?PR?SYSTEM_INIT?SYSTEM                           -----    -----      -----    -----      -----    -----
  +--> ?PR?_DELAY?SYSTEM
  +--> ?PR?_DELAY_MS?SYSTEM

?PR?_DELAY_MS?SYSTEM                             -----    -----      -----    -----      -----    -----
  +--> ?PR?_DELAY?SYSTEM

?PR?USER_INIT?MAIN                               -----    -----      -----    -----      -----    -----
  +--> ?PR?ADC_PIN_INIT?ADC
  +--> ?PR?ADC_INIT?ADC
  +--> ?PR?LED_INIT?LED
BL51 BANKED LINKER/LOCATER V6.22.4.0                                                  03/31/2026  18:04:00  PAGE 5


  +--> ?PR?UART0_INIT?UART0
  +--> ?PR?PWM_INIT?PWM
  +--> ?PR?BLUETOOTH_IC_HANDLE_INIT?BLUETOOT...
  +--> ?PR?LED_CTL_INIT?LED
  +--> ?PR?CHARGE_DET_INIT?CHARGE_DET
  +--> ?PR?TIMER0_INIT?TIMER0
  +--> ?PR?TIMER1_INIT?TIMER1
  +--> ?PR?USER_DEBUG_PIN_INIT?USER_TEST
  +--> ?CO?MAIN
  +--> ?PR?PRINTF?PRINTF

?PR?ADC_INIT?ADC                                 -----    -----      -----    -----      -----    -----
  +--> ?PR?_DELAY_MS?SYSTEM

?PR?LED_INIT?LED                                 -----    -----      -----    -----      -----    -----
  +--> ?PR?LED

?PR?PWM_INIT?PWM                                 -----    -----      -----    -----      -----    -----
  +--> ?PR?PWM

?PR?PRINTF?PRINTF                                0020H.0  0001H.1    0008H    0005H      60C0H    0028H
  +--> ?PR?_PUTCHAR?UART0

?PR?_KEY_DRIVER_SCAN?KEY_DRIVER                  -----    -----      -----    -----      60BCH    0002H
  +--> ?PR?KEY_DRIVER

?PR?AD_KEY_HANDLE?AD_KEY                         -----    -----      -----    -----      -----    -----
  +--> ?PR?_AD_KEY_GET_EVENT?AD_KEY
  +--> ?CO?AD_KEY
  +--> ?PR?PRINTF?PRINTF
  +--> ?PR?LED_STATUS_SWITCH?LED
  +--> ?PR?_UART_DATA_SEND_CMD?UART_DATA_HANDLE
  +--> ?PR?_DELAY_MS?SYSTEM

?PR?_AD_KEY_GET_EVENT?AD_KEY                     -----    -----      -----    -----      -----    -----
  +--> ?PR?AD_KEY

?PR?LED_STATUS_SWITCH?LED                        -----    -----      -----    -----      -----    -----
  +--> ?PR?_LED_STATUS_SET?LED

?PR?_LED_STATUS_SET?LED                          -----    -----      -----    -----      60BCH    0001H
  +--> ?PR?LED_YELLOW_OFF?LED
  +--> ?PR?LED_WHITE_OFF?LED
  +--> ?PR?LED_WHITE_ON?LED
  +--> ?PR?LED_YELLOW_ON?LED

?PR?LED_WHITE_ON?LED                             -----    -----      -----    -----      -----    -----
  +--> ?PR?_PWM_SET_CHANNEL_1_DUTY?PWM

?PR?_PWM_SET_CHANNEL_1_DUTY?PWM                  -----    -----      -----    -----      -----    -----
  +--> ?PR?PWM

?PR?LED_YELLOW_ON?LED                            -----    -----      -----    -----      -----    -----
  +--> ?PR?_PWM_SET_CHANNEL_0_DUTY?PWM

?PR?_PWM_SET_CHANNEL_0_DUTY?PWM                  -----    -----      -----    -----      -----    -----
  +--> ?PR?PWM
BL51 BANKED LINKER/LOCATER V6.22.4.0                                                  03/31/2026  18:04:00  PAGE 6



?PR?_UART_DATA_SEND_CMD?UART_DATA_HANDLE         -----    -----      -----    -----      60BCH    0009H
  +--> ?CO?UART_DATA_HANDLE
  +--> ?PR?_UART0_SENDBUF?UART0

?PR?_UART0_SENDBUF?UART0                         -----    -----      -----    -----      60C5H    0003H
  +--> ?PR?_UART0_SENDBYTE?UART0

?PR?UART_DATA_HANDLE?UART_DATA_HANDLE            -----    -----      -----    -----      60BCH    0001H
  +--> ?PR?UART_RECEIVER_RESET?UART_DATA_HANDLE
  +--> ?PR?UART_RECEIVER_TIMEOUT_HANDLER?UAR...
  +--> ?PR?UART0_RXBUFFER_GET_COUNT?UART0
  +--> ?PR?UART0_RXBUFFER_GET_BYTE?UART0
  +--> ?PR?_UART_RECEIVER_PROCESS_BYTE?UART_...

?PR?UART_RECEIVER_TIMEOUT_HANDLER?UAR...         -----    -----      -----    -----      60BDH    0001H
  +--> ?PR?UART_RECEIVER_RESET?UART_DATA_HANDLE

?PR?UART0_RXBUFFER_GET_BYTE?UART0                -----    -----      -----    -----      -----    -----
  +--> ?PR?UART0

?PR?_UART_RECEIVER_PROCESS_BYTE?UART_...         -----    -----      -----    -----      -----    -----
  +--> ?PR?UART_DATA_HANDLE
  +--> ?PR?UART_RECEIVER_PROCESS_CHECKSUM?UA...

?PR?BATTERY_MONITOR_HANDLE?BATTERY_MO...         -----    -----      -----    -----      60BCH    0004H
  +--> ?PR?_ADC_GET_UPDATE_FLAG?ADC
  +--> ?PR?_ADC_CLEAR_UPDATE_FLAG?ADC
  +--> ?PR?_ADC_GET_VAL?ADC
  +--> ?PR?_GET_BATTERY_VOLTAGE_BY_ADC?BATTE...
  +--> ?PR?_BAT_VOL_HISTORY_BUFF_INIT?BATTER...
  +--> ?PR?_GET_BATTERY_PERCENTAGE_BY_VOLTAG...
  +--> ?CO?BATTERY_MONITOR
  +--> ?PR?PRINTF?PRINTF
  +--> ?PR?_BAT_VOL_HISTORY_BUFF_ADD?BATTERY...
  +--> ?PR?BATTERY_MONITOR
  +--> ?PR?BAT_VOL_HISTORY_BUFF_GET_AVG?BATT...

?PR?_BAT_VOL_HISTORY_BUFF_INIT?BATTER...         -----    -----      -----    -----      -----    -----
  +--> ?PR?BATTERY_MONITOR

?PR?_GET_BATTERY_PERCENTAGE_BY_VOLTAG...         -----    -----      -----    -----      60C0H    0004H

?PR?_BAT_VOL_HISTORY_BUFF_ADD?BATTERY...         -----    -----      -----    -----      -----    -----
  +--> ?PR?BATTERY_MONITOR

?PR?BAT_VOL_HISTORY_BUFF_GET_AVG?BATT...         -----    -----      -----    -----      60C0H    0005H
  +--> ?PR?BATTERY_MONITOR

?PR?CHARGE_DET?CHARGE_DET                        -----    -----      -----    -----      60BCH    0002H
  +--> ?PR?_ADC_GET_UPDATE_FLAG?ADC
  +--> ?PR?_ADC_CLEAR_UPDATE_FLAG?ADC
  +--> ?PR?_ADC_GET_VAL?ADC

?C_INITSEG                                       -----    -----      -----    -----      -----    -----
  +--> ?PR?AD_KEY_GET_KEY_VAL?AD_KEY

BL51 BANKED LINKER/LOCATER V6.22.4.0                                                  03/31/2026  18:04:00  PAGE 7


?PR?AD_KEY_GET_KEY_VAL?AD_KEY                    -----    -----      -----    -----      60BCH    0001H
  +--> ?PR?_ADC_GET_UPDATE_FLAG?ADC
  +--> ?PR?_ADC_CLEAR_UPDATE_FLAG?ADC
  +--> ?PR?_ADC_GET_VAL?ADC
  +--> ?PR?_AD_KEY_VAL_TO_AD_KEY_INDEX?AD_KEY

?PR?_AD_KEY_VAL_TO_AD_KEY_INDEX?AD_KEY           -----    -----      -----    -----      60BDH    0002H

*** NEW ROOT ***************************************************

?PR?ADC_IRQHANDLER?ADC                           -----    -----      -----    -----      60E8H    0002H
  +--> ?PR?ADC
  +--> ?PR?_ADC_UPDATE_VAL?ADC

?PR?ADC                                          -----    -----      -----    -----      -----    -----
  +--> ?PR?_ADC_CHANNEL_SEL?ADC

*** NEW ROOT ***************************************************

?PR?TIMR0_IRQHANDLER?TIMER0                      -----    -----      -----    -----      -----    -----
  +--> ?PR?ADC_SCAN?ADC
  +--> ?PR?UART_RECEIVER_TIMEOUT_ADD?UART_DA...
  +--> ?PR?BAT_VOL_UPDATE_TIMER_CALLBACK?BAT...
  +--> ?PR?BAT_VOL_BUFF_ADD_TIMER_CALLBACK?B...
  +--> ?PR?BAT_VOL_BUFF_GET_AVG_TIMER_CALLBA...
  +--> ?PR?LED_SLOW_ADJUST_ISR?LED
  +--> ?PR?LED_RED_BLUE_FLASH_1MS_ISR?LED
  +--> ?PR?LED_BAT_INSTRUCTION_TIMER_CALLBAC...
  +--> ?PR?LOW_POWER_ENTER_TIMER_CALLBACK?LO...
  +--> ?PR?DEBUG_TIME_ADD?USER_TEST

?PR?ADC_SCAN?ADC                                 -----    -----      -----    -----      -----    -----
  +--> ?PR?ADC

?PR?BAT_VOL_BUFF_ADD_TIMER_CALLBACK?B...         -----    -----      -----    -----      -----    -----
  +--> ?PR?BATTERY_MONITOR

?PR?BAT_VOL_BUFF_GET_AVG_TIMER_CALLBA...         -----    -----      -----    -----      -----    -----
  +--> ?PR?BATTERY_MONITOR

?PR?LED_SLOW_ADJUST_ISR?LED                      -----    -----      -----    -----      -----    -----
  +--> ?PR?LED
  +--> ?PR?_PWM_SET_CHANNEL_0_DUTY?PWM
  +--> ?PR?_PWM_SET_CHANNEL_1_DUTY?PWM

?PR?LED_RED_BLUE_FLASH_1MS_ISR?LED               -----    -----      -----    -----      60EAH    0002H
  +--> ?PR?LED

?PR?LED_BAT_INSTRUCTION_TIMER_CALLBAC...         -----    -----      -----    -----      -----    -----
  +--> ?PR?LED

?PR?LOW_POWER_ENTER_TIMER_CALLBACK?LO...         -----    -----      -----    -----      -----    -----
  +--> ?PR?IS_LOW_POWER_CONDITION_ESTABLISH?...

*** NEW ROOT ***************************************************

?PR?TIMR1_IRQHANDLER?TIMER1                      -----    -----      -----    -----      -----    -----
BL51 BANKED LINKER/LOCATER V6.22.4.0                                                  03/31/2026  18:04:00  PAGE 8


  +--> ?PR?DETECT_1KHZ_SIGNAL_100US?CHARGE_DET

?PR?DETECT_1KHZ_SIGNAL_100US?CHARGE_DET          -----    -----      -----    -----      60ECH    0002H
  +--> ?PR?CHARGE_DET

*** NEW ROOT ***************************************************

?PR?UART0_IRQHANDLER?UART0                       -----    -----      -----    -----      -----    -----
  +--> ?PR?_UART0_RXBUFFER_PUT_BYTE?UART0

?PR?_UART0_RXBUFFER_PUT_BYTE?UART0               -----    -----      -----    -----      -----    -----
  +--> ?PR?UART0



SYMBOL TABLE OF MODULE:  .\Release\Objects\Demo (?C_STARTUP)

  VALUE           TYPE          NAME
  ----------------------------------

  -------         MODULE        ?C_STARTUP
  C:1464H         SEGMENT       ?C_C51STARTUP
  I:0022H         SEGMENT       ?STACK
  C:0000H         PUBLIC        ?C_STARTUP
  D:00E0H         SYMBOL        ACC
  D:00F0H         SYMBOL        B
  D:0083H         SYMBOL        DPH
  D:0082H         SYMBOL        DPL
  N:0000H         SYMBOL        IBPSTACK
  N:0100H         SYMBOL        IBPSTACKTOP
  N:0080H         SYMBOL        IDATALEN
  C:1467H         SYMBOL        IDATALOOP
  N:0000H         SYMBOL        PBPSTACK
  N:0100H         SYMBOL        PBPSTACKTOP
  N:0000H         SYMBOL        PDATALEN
  N:0000H         SYMBOL        PDATASTART
  N:0000H         SYMBOL        PPAGE
  N:0000H         SYMBOL        PPAGEENABLE
  D:00A0H         SYMBOL        PPAGE_SFR
  D:0081H         SYMBOL        SP
  C:1464H         SYMBOL        STARTUP1
  N:0000H         SYMBOL        XBPSTACK
  N:0000H         SYMBOL        XBPSTACKTOP
  N:0000H         SYMBOL        XDATALEN
  N:0000H         SYMBOL        XDATASTART
  C:0000H         LINE#         126
  C:1464H         LINE#         133
  C:1466H         LINE#         134
  C:1467H         LINE#         135
  C:1468H         LINE#         136
  C:146AH         LINE#         185
  C:146DH         LINE#         196
  -------         ENDMOD        ?C_STARTUP

  -------         MODULE        SYSTEM
  C:0000H         SYMBOL        _ICE_DUMMY_
  D:00A7H         PUBLIC        FLASH_TIMEREG0
BL51 BANKED LINKER/LOCATER V6.22.4.0                                                  03/31/2026  18:04:00  PAGE 9


  D:00ACH         PUBLIC        FLASH_TIMEREG1
  C:222CH         PUBLIC        _delay
  C:2082H         PUBLIC        _delay_ms
  C:1228H         PUBLIC        system_init
  -------         PROC          _DELAY
  D:0006H         SYMBOL        cnt
  C:222CH         LINE#         37
  C:222CH         LINE#         38
  C:222CH         LINE#         39
  C:2236H         LINE#         40
  C:2236H         LINE#         41
  C:2236H         LINE#         42
  -------         ENDPROC       _DELAY
  -------         PROC          _DELAY_MS
  D:0002H         SYMBOL        ms
  C:2082H         LINE#         49
  C:2086H         LINE#         50
  C:2086H         LINE#         51
  C:2090H         LINE#         52
  C:2090H         LINE#         53
  C:2097H         LINE#         54
  C:2099H         LINE#         55
  -------         ENDPROC       _DELAY_MS
  -------         PROC          SYSTEM_INIT
  -------         DO            
  D:0007H         SYMBOL        i
  -------         ENDDO         
  C:1228H         LINE#         62
  C:1228H         LINE#         63
  C:1228H         LINE#         66
  C:122FH         LINE#         67
  C:123CH         LINE#         68
  C:123FH         LINE#         69
  C:1242H         LINE#         70
  C:1248H         LINE#         71
  C:124EH         LINE#         72
  C:1254H         LINE#         76
  C:1256H         LINE#         77
  C:1256H         LINE#         78
  C:1263H         LINE#         79
  C:1268H         LINE#         81
  C:12F6H         LINE#         82
  -------         ENDPROC       SYSTEM_INIT
  -------         ENDMOD        SYSTEM

  -------         MODULE        ADC
  C:0000H         SYMBOL        _ICE_DUMMY_
  D:00A8H         PUBLIC        IE0
  D:00A9H         PUBLIC        IE1
  D:00AAH         PUBLIC        IE2
  D:00ABH         PUBLIC        IE3
  B:00A8H.7       PUBLIC        IE_EA
  D:00B8H         PUBLIC        IP0
  D:00B1H         PUBLIC        IP1
  D:00B2H         PUBLIC        IP2
  D:00B3H         PUBLIC        IP3
  D:00B4H         PUBLIC        IP4
BL51 BANKED LINKER/LOCATER V6.22.4.0                                                  03/31/2026  18:04:00  PAGE 10


  D:00B5H         PUBLIC        IP5
  D:00B6H         PUBLIC        IP6
  D:00B7H         PUBLIC        IP7
  D:0093H         PUBLIC        ADC_DATAH0
  D:0094H         PUBLIC        ADC_DATAL0
  D:0099H         PUBLIC        ADC_CHS0
  X:6153H         PUBLIC        cur_adc_status
  C:21FAH         PUBLIC        adc_pin_init
  C:2017H         PUBLIC        adc_init
  C:1936H         PUBLIC        adc_scan
  C:1DB6H         PUBLIC        _adc_update_val
  C:1EE2H         PUBLIC        _adc_get_val
  C:1FF9H         PUBLIC        _adc_get_update_flag
  C:213DH         PUBLIC        _adc_clear_update_flag
  X:6154H         SYMBOL        adc_adkey_val
  B:0021H.1       SYMBOL        flag_is_adkey_val_update
  X:6156H         SYMBOL        adc_bat_det_val
  B:0021H.2       SYMBOL        flag_is_adc_bat_det_val_update
  X:6158H         SYMBOL        adc_solar_det_val
  B:0021H.3       SYMBOL        flag_is_adc_solar_det_val_update
  C:1C72H         PUBLIC        _adc_channel_sel
  C:16F7H         PUBLIC        ADC_IRQHandler
  C:20E2H         SYMBOL        Com005C
  C:20E2H         SYMBOL        L?0093
  C:20E2H         SYMBOL        L?0094
  C:20EBH         SYMBOL        L?0095
  C:20EBH         SYMBOL        L?0096
  C:20F2H         SYMBOL        L?0097
  C:20F2H         SYMBOL        L?0098
  -------         PROC          COM005C
  -------         ENDPROC       COM005C
  -------         PROC          ADC_PIN_INIT
  C:21FAH         LINE#         17
  C:21FAH         LINE#         18
  C:21FAH         LINE#         20
  C:2200H         LINE#         23
  C:2206H         LINE#         24
  -------         ENDPROC       ADC_PIN_INIT
  -------         PROC          ADC_INIT
  C:2017H         LINE#         26
  C:2017H         LINE#         27
  C:2017H         LINE#         35
  C:201DH         LINE#         39
  C:2020H         LINE#         40
  C:2022H         LINE#         42
  C:2028H         LINE#         44
  C:202DH         LINE#         47
  -------         ENDPROC       ADC_INIT
  -------         PROC          _ADC_UPDATE_VAL
  D:0007H         SYMBOL        adc_channel
  D:0004H         SYMBOL        adc_val
  C:1DB6H         LINE#         56
  C:1DB6H         LINE#         57
  C:1DB6H         LINE#         58
  C:1DC2H         LINE#         59
  C:1DC2H         LINE#         60
  C:1DC2H         LINE#         61
BL51 BANKED LINKER/LOCATER V6.22.4.0                                                  03/31/2026  18:04:00  PAGE 11


  C:1DCAH         LINE#         62
  C:1DCCH         LINE#         63
  C:1DCDH         LINE#         64
  C:1DCDH         LINE#         65
  C:1DD5H         LINE#         66
  C:1DD7H         LINE#         67
  C:1DD8H         LINE#         68
  C:1DD8H         LINE#         69
  C:1DE2H         LINE#         70
  C:1DE4H         LINE#         71
  C:1DE4H         LINE#         72
  C:1DE4H         LINE#         73
  -------         ENDPROC       _ADC_UPDATE_VAL
  -------         PROC          _ADC_GET_VAL
  D:0007H         SYMBOL        adc_channel
  -------         DO            
  D:0004H         SYMBOL        ret
  -------         ENDDO         
  C:1EE2H         LINE#         75
  C:1EE2H         LINE#         76
  C:1EE2H         LINE#         77
  C:1EE5H         LINE#         78
  C:1EF1H         LINE#         79
  C:1EF1H         LINE#         80
  C:1EF1H         LINE#         81
  C:1EF4H         LINE#         82
  C:1EF6H         LINE#         83
  C:1EF6H         LINE#         84
  C:1EF9H         LINE#         85
  C:1EFBH         LINE#         86
  C:1EFBH         LINE#         87
  C:1F03H         LINE#         88
  C:1F03H         LINE#         90
  C:1F03H         LINE#         91
  C:1F03H         LINE#         92
  C:1F03H         LINE#         94
  C:1F07H         LINE#         95
  -------         ENDPROC       _ADC_GET_VAL
  -------         PROC          _ADC_GET_UPDATE_FLAG
  D:0007H         SYMBOL        adc_channel
  -------         DO            
  D:0006H         SYMBOL        ret
  -------         ENDDO         
  C:1FF9H         LINE#         98
  C:1FF9H         LINE#         99
  C:1FF9H         LINE#         100
  C:1FFBH         LINE#         101
  C:2007H         LINE#         102
  C:2007H         LINE#         103
  C:2007H         LINE#         104
  C:2009H         LINE#         105
  C:200BH         LINE#         106
  C:200BH         LINE#         107
  C:200DH         LINE#         108
  C:200FH         LINE#         109
  C:200FH         LINE#         110
  C:2014H         LINE#         111
BL51 BANKED LINKER/LOCATER V6.22.4.0                                                  03/31/2026  18:04:00  PAGE 12


  C:2014H         LINE#         113
  C:2014H         LINE#         114
  C:2014H         LINE#         115
  C:2014H         LINE#         117
  C:2016H         LINE#         118
  -------         ENDPROC       _ADC_GET_UPDATE_FLAG
  -------         PROC          _ADC_CLEAR_UPDATE_FLAG
  D:0007H         SYMBOL        adc_channel
  C:213DH         LINE#         121
  C:213DH         LINE#         122
  C:213DH         LINE#         123
  C:2149H         LINE#         124
  C:2149H         LINE#         125
  C:2149H         LINE#         126
  C:214BH         LINE#         127
  C:214CH         LINE#         128
  C:214CH         LINE#         129
  C:214EH         LINE#         130
  C:214FH         LINE#         131
  C:214FH         LINE#         132
  C:2151H         LINE#         133
  C:2151H         LINE#         135
  C:2151H         LINE#         136
  C:2151H         LINE#         137
  C:2151H         LINE#         138
  -------         ENDPROC       _ADC_CLEAR_UPDATE_FLAG
  -------         PROC          _ADC_CHANNEL_SEL
  D:0007H         SYMBOL        adc_channel
  C:1C72H         LINE#         140
  C:1C72H         LINE#         141
  C:1C72H         LINE#         142
  C:1C79H         LINE#         146
  C:1C85H         LINE#         147
  C:1C85H         LINE#         148
  C:1C85H         LINE#         150
  C:1C8CH         LINE#         152
  C:1C8FH         LINE#         153
  C:1C91H         LINE#         154
  C:1C91H         LINE#         155
  C:1C98H         LINE#         158
  C:1C9BH         LINE#         160
  C:1C9DH         LINE#         161
  C:1C9DH         LINE#         165
  C:1CA4H         LINE#         168
  C:1CA7H         LINE#         169
  C:1CA7H         LINE#         171
  C:1CA7H         LINE#         172
  C:1CA7H         LINE#         173
  C:1CA7H         LINE#         175
  C:1CADH         LINE#         177
  -------         ENDPROC       _ADC_CHANNEL_SEL
  -------         PROC          ADC_SCAN
  C:1936H         LINE#         180
  C:1936H         LINE#         181
  C:1936H         LINE#         182
  C:1940H         LINE#         184
  C:1940H         LINE#         185
BL51 BANKED LINKER/LOCATER V6.22.4.0                                                  03/31/2026  18:04:00  PAGE 13


  C:1942H         LINE#         186
  C:1948H         LINE#         187
  C:1949H         LINE#         188
  C:1950H         LINE#         189
  C:1950H         LINE#         191
  C:1953H         LINE#         192
  C:1956H         LINE#         193
  C:1957H         LINE#         194
  C:195EH         LINE#         195
  C:195EH         LINE#         196
  C:1960H         LINE#         197
  C:1966H         LINE#         198
  C:1967H         LINE#         199
  C:196EH         LINE#         200
  C:196EH         LINE#         202
  C:1971H         LINE#         203
  C:1974H         LINE#         204
  C:1975H         LINE#         205
  C:197CH         LINE#         206
  C:197CH         LINE#         207
  C:197EH         LINE#         208
  C:1984H         LINE#         209
  C:1985H         LINE#         210
  C:198CH         LINE#         211
  C:198CH         LINE#         213
  C:198FH         LINE#         214
  C:1992H         LINE#         215
  C:1992H         LINE#         216
  -------         ENDPROC       ADC_SCAN
  -------         PROC          ADC_IRQHANDLER
  -------         DO            
  X:60E8H         SYMBOL        adc_val
  -------         ENDDO         
  C:16F7H         LINE#         218
  C:170CH         LINE#         223
  C:170CH         LINE#         227
  C:1712H         LINE#         228
  C:1712H         LINE#         229
  C:172CH         LINE#         230
  C:1733H         LINE#         231
  C:1733H         LINE#         232
  C:1738H         LINE#         233
  C:173AH         LINE#         234
  C:1741H         LINE#         235
  C:1741H         LINE#         236
  C:1746H         LINE#         237
  C:1748H         LINE#         238
  C:174FH         LINE#         239
  C:174FH         LINE#         240
  C:1757H         LINE#         241
  C:1757H         LINE#         243
  C:175DH         LINE#         244
  C:175DH         LINE#         247
  C:175DH         LINE#         248
  -------         ENDPROC       ADC_IRQHANDLER
  -------         ENDMOD        ADC

BL51 BANKED LINKER/LOCATER V6.22.4.0                                                  03/31/2026  18:04:00  PAGE 14


  -------         MODULE        PWM
  C:0000H         SYMBOL        _ICE_DUMMY_
  B:00A0H.7       PUBLIC        P27
  B:00B0H.0       PUBLIC        P30
  C:14F0H         PUBLIC        pwm_init
  C:2241H         PUBLIC        _pwm_set_channel_0_duty
  C:224AH         PUBLIC        _pwm_set_channel_1_duty
  C:2214H         PUBLIC        pwm_get_channel_0_status
  C:2220H         PUBLIC        pwm_get_channel_1_status
  C:2127H         SYMBOL        Com000A
  C:2127H         SYMBOL        L?0011
  C:2132H         SYMBOL        L?0012
  -------         PROC          COM000A
  -------         ENDPROC       COM000A
  -------         PROC          PWM_INIT
  C:14F0H         LINE#         3
  C:14F0H         LINE#         4
  C:14F0H         LINE#         6
  C:14F6H         LINE#         7
  C:14FAH         LINE#         9
  C:14FCH         LINE#         10
  C:1501H         LINE#         13
  C:1507H         LINE#         14
  C:150BH         LINE#         16
  C:150DH         LINE#         17
  C:1512H         LINE#         21
  C:1518H         LINE#         22
  C:151DH         LINE#         23
  C:1522H         LINE#         24
  C:1526H         LINE#         25
  C:1528H         LINE#         26
  C:1528H         LINE#         27
  C:1528H         LINE#         29
  C:152EH         LINE#         30
  C:1534H         LINE#         31
  C:153AH         LINE#         32
  C:1540H         LINE#         33
  C:1546H         LINE#         37
  C:154CH         LINE#         38
  C:1551H         LINE#         39
  C:1556H         LINE#         40
  C:155AH         LINE#         41
  C:155CH         LINE#         42
  C:155CH         LINE#         43
  C:155CH         LINE#         45
  C:1562H         LINE#         46
  C:1568H         LINE#         47
  C:156EH         LINE#         48
  C:1574H         LINE#         49
  C:157AH         LINE#         50
  -------         ENDPROC       PWM_INIT
  -------         PROC          _PWM_SET_CHANNEL_0_DUTY
  D:0004H         SYMBOL        channel_duty
  C:2241H         LINE#         53
  C:2241H         LINE#         54
  C:2241H         LINE#         55
  C:2243H         LINE#         56
BL51 BANKED LINKER/LOCATER V6.22.4.0                                                  03/31/2026  18:04:00  PAGE 15


  C:2243H         LINE#         57
  C:2249H         LINE#         58
  -------         ENDPROC       _PWM_SET_CHANNEL_0_DUTY
  -------         PROC          _PWM_SET_CHANNEL_1_DUTY
  D:0004H         SYMBOL        channel_duty
  C:224AH         LINE#         61
  C:224AH         LINE#         62
  C:224AH         LINE#         63
  C:224CH         LINE#         64
  C:224CH         LINE#         65
  C:2252H         LINE#         66
  -------         ENDPROC       _PWM_SET_CHANNEL_1_DUTY
  -------         PROC          PWM_GET_CHANNEL_0_STATUS
  C:2214H         LINE#         73
  C:2214H         LINE#         74
  C:2214H         LINE#         75
  C:221AH         LINE#         76
  C:221AH         LINE#         77
  C:221DH         LINE#         78
  C:221DH         LINE#         80
  C:221DH         LINE#         81
  C:221FH         LINE#         82
  C:221FH         LINE#         83
  -------         ENDPROC       PWM_GET_CHANNEL_0_STATUS
  -------         PROC          PWM_GET_CHANNEL_1_STATUS
  C:2220H         LINE#         90
  C:2220H         LINE#         91
  C:2220H         LINE#         92
  C:2226H         LINE#         93
  C:2226H         LINE#         94
  C:2229H         LINE#         95
  C:2229H         LINE#         97
  C:2229H         LINE#         98
  C:222BH         LINE#         99
  C:222BH         LINE#         100
  -------         ENDPROC       PWM_GET_CHANNEL_1_STATUS
  -------         ENDMOD        PWM

  -------         MODULE        TIMER0
  C:0000H         SYMBOL        _ICE_DUMMY_
  D:00A8H         PUBLIC        IE0
  D:00A9H         PUBLIC        IE1
  D:00AAH         PUBLIC        IE2
  D:00ABH         PUBLIC        IE3
  B:00A8H.7       PUBLIC        IE_EA
  D:00B8H         PUBLIC        IP0
  D:00B1H         PUBLIC        IP1
  D:00B2H         PUBLIC        IP2
  D:00B3H         PUBLIC        IP3
  D:00B4H         PUBLIC        IP4
  D:00B5H         PUBLIC        IP5
  D:00B6H         PUBLIC        IP6
  D:00B7H         PUBLIC        IP7
  D:00D1H         PUBLIC        TMR_ALLCON
  C:0024H         PUBLIC        timer0_init
  C:18D0H         PUBLIC        TIMR0_IRQHandler
  -------         PROC          TIMER0_INIT
BL51 BANKED LINKER/LOCATER V6.22.4.0                                                  03/31/2026  18:04:00  PAGE 16


  C:0024H         LINE#         10
  C:0024H         LINE#         11
  C:0024H         LINE#         12
  C:0027H         LINE#         13
  C:0029H         LINE#         15
  C:002CH         LINE#         16
  C:0031H         LINE#         17
  C:0035H         LINE#         18
  C:003AH         LINE#         19
  C:003EH         LINE#         20
  -------         ENDPROC       TIMER0_INIT
  -------         PROC          TIMR0_IRQHANDLER
  C:18D0H         LINE#         24
  C:18EDH         LINE#         27
  C:18EDH         LINE#         32
  C:18F3H         LINE#         33
  C:18F3H         LINE#         34
  C:18F7H         LINE#         40
  C:18FDH         LINE#         41
  C:1900H         LINE#         43
  C:1903H         LINE#         45
  C:1906H         LINE#         46
  C:1909H         LINE#         47
  C:190CH         LINE#         49
  C:190FH         LINE#         50
  C:1912H         LINE#         51
  C:1915H         LINE#         53
  C:1918H         LINE#         55
  C:191BH         LINE#         57
  C:191BH         LINE#         60
  C:191BH         LINE#         61
  -------         ENDPROC       TIMR0_IRQHANDLER
  -------         ENDMOD        TIMER0

  -------         MODULE        TIMER1
  C:0000H         SYMBOL        _ICE_DUMMY_
  D:00A8H         PUBLIC        IE0
  D:00A9H         PUBLIC        IE1
  D:00AAH         PUBLIC        IE2
  D:00ABH         PUBLIC        IE3
  B:00A8H.7       PUBLIC        IE_EA
  D:00B8H         PUBLIC        IP0
  D:00B1H         PUBLIC        IP1
  D:00B2H         PUBLIC        IP2
  D:00B3H         PUBLIC        IP3
  D:00B4H         PUBLIC        IP4
  D:00B5H         PUBLIC        IP5
  D:00B6H         PUBLIC        IP6
  D:00B7H         PUBLIC        IP7
  D:00D1H         PUBLIC        TMR_ALLCON
  C:2034H         PUBLIC        timer1_init
  C:1BA7H         PUBLIC        TIMR1_IRQHandler
  -------         PROC          TIMER1_INIT
  C:2034H         LINE#         9
  C:2034H         LINE#         10
  C:2034H         LINE#         11
  C:2037H         LINE#         12
BL51 BANKED LINKER/LOCATER V6.22.4.0                                                  03/31/2026  18:04:00  PAGE 17


  C:2039H         LINE#         14
  C:203CH         LINE#         15
  C:2041H         LINE#         16
  C:2045H         LINE#         17
  C:204AH         LINE#         18
  C:204EH         LINE#         21
  -------         ENDPROC       TIMER1_INIT
  -------         PROC          TIMR1_IRQHANDLER
  C:1BA7H         LINE#         25
  C:1BC4H         LINE#         28
  C:1BC4H         LINE#         32
  C:1BCAH         LINE#         33
  C:1BCAH         LINE#         34
  C:1BCEH         LINE#         37
  C:1BD1H         LINE#         38
  C:1BD1H         LINE#         41
  C:1BD1H         LINE#         42
  -------         ENDPROC       TIMR1_IRQHANDLER
  -------         ENDMOD        TIMER1

  -------         MODULE        UART0
  C:0000H         SYMBOL        _ICE_DUMMY_
  D:00A8H         PUBLIC        IE0
  D:00A9H         PUBLIC        IE1
  D:00AAH         PUBLIC        IE2
  D:00ABH         PUBLIC        IE3
  B:00A8H.7       PUBLIC        IE_EA
  D:00B8H         PUBLIC        IP0
  D:00B1H         PUBLIC        IP1
  D:00B2H         PUBLIC        IP2
  D:00B3H         PUBLIC        IP3
  D:00B4H         PUBLIC        IP4
  D:00B5H         PUBLIC        IP5
  D:00B6H         PUBLIC        IP6
  D:00B7H         PUBLIC        IP7
  D:00D2H         PUBLIC        UART0_CON0
  D:00D4H         PUBLIC        UART0_STA
  D:00D5H         PUBLIC        UART0_BAUD0
  D:00D6H         PUBLIC        UART0_BAUD1
  D:00D7H         PUBLIC        UART0_DATA
  C:1E12H         PUBLIC        uart0_init
  C:2207H         PUBLIC        _uart0_sendbyte
  C:1F2EH         PUBLIC        _uart0_sendbuf
  C:0045H         PUBLIC        uart0_rxbuffer_get_count
  C:20F9H         PUBLIC        uart0_rxbuffer_get_byte
  C:2253H         PUBLIC        _putchar
  X:6000H         PUBLIC        uart0_rx_buffer
  C:209AH         SYMBOL        _uart0_rxbuffer_put_byte
  C:1F08H         PUBLIC        UART0_IRQHandler
  C:21B0H         SYMBOL        Com0037
  C:21B0H         SYMBOL        L?0056
  -------         PROC          COM0037
  -------         ENDPROC       COM0037
  -------         PROC          _PUTCHAR
  D:0007H         SYMBOL        c
  C:2253H         LINE#         8
  C:2253H         LINE#         9
BL51 BANKED LINKER/LOCATER V6.22.4.0                                                  03/31/2026  18:04:00  PAGE 18


  C:2253H         LINE#         10
  C:2258H         LINE#         12
  C:225AH         LINE#         13
  C:225AH         LINE#         14
  -------         ENDPROC       _PUTCHAR
  -------         PROC          UART0_INIT
  C:1E12H         LINE#         17
  C:1E12H         LINE#         18
  C:1E12H         LINE#         19
  C:1E18H         LINE#         20
  C:1E1CH         LINE#         21
  C:1E23H         LINE#         23
  C:1E27H         LINE#         24
  C:1E2DH         LINE#         26
  C:1E30H         LINE#         27
  C:1E33H         LINE#         28
  C:1E36H         LINE#         32
  C:1E39H         LINE#         33
  C:1E3BH         LINE#         34
  -------         ENDPROC       UART0_INIT
  -------         PROC          _UART0_SENDBYTE
  D:0007H         SYMBOL        byte
  C:2207H         LINE#         37
  C:2207H         LINE#         38
  C:2207H         LINE#         39
  C:220CH         LINE#         42
  C:220EH         LINE#         44
  C:2213H         LINE#         46
  -------         ENDPROC       _UART0_SENDBYTE
  -------         PROC          _UART0_SENDBUF
  X:60C5H         SYMBOL        buf
  D:0005H         SYMBOL        len
  -------         DO            
  D:0006H         SYMBOL        i
  -------         ENDDO         
  C:1F2EH         LINE#         48
  C:1F34H         LINE#         49
  C:1F34H         LINE#         50
  C:1F36H         LINE#         51
  C:1F3BH         LINE#         52
  C:1F3BH         LINE#         53
  C:1F4DH         LINE#         54
  C:1F50H         LINE#         55
  -------         ENDPROC       _UART0_SENDBUF
  -------         PROC          UART0_RXBUFFER_GET_COUNT
  C:0045H         LINE#         58
  C:0045H         LINE#         59
  C:0045H         LINE#         60
  C:004AH         LINE#         61
  -------         ENDPROC       UART0_RXBUFFER_GET_COUNT
  -------         PROC          UART0_RXBUFFER_GET_BYTE
  -------         DO            
  D:0007H         SYMBOL        rxbyte
  -------         ENDDO         
  C:20F9H         LINE#         64
  C:20F9H         LINE#         65
  C:20F9H         LINE#         68
BL51 BANKED LINKER/LOCATER V6.22.4.0                                                  03/31/2026  18:04:00  PAGE 19


  C:20FFH         LINE#         69
  C:20FFH         LINE#         71
  C:2101H         LINE#         72
  C:2101H         LINE#         75
  C:2104H         LINE#         76
  C:2109H         LINE#         78
  C:210FH         LINE#         80
  C:210FH         LINE#         81
  -------         ENDPROC       UART0_RXBUFFER_GET_BYTE
  -------         PROC          _UART0_RXBUFFER_PUT_BYTE
  D:0005H         SYMBOL        byte
  C:209AH         LINE#         83
  C:209AH         LINE#         84
  C:209AH         LINE#         88
  C:209DH         LINE#         89
  C:20A2H         LINE#         91
  C:20A8H         LINE#         93
  C:20AEH         LINE#         94
  C:20AEH         LINE#         95
  C:20B1H         LINE#         96
  C:20B1H         LINE#         97
  -------         ENDPROC       _UART0_RXBUFFER_PUT_BYTE
  -------         PROC          UART0_IRQHANDLER
  C:1F08H         LINE#         100
  C:1F17H         LINE#         103
  C:1F17H         LINE#         106
  C:1F1CH         LINE#         107
  C:1F1CH         LINE#         108
  C:1F21H         LINE#         109
  C:1F21H         LINE#         111
  C:1F21H         LINE#         112
  -------         ENDPROC       UART0_IRQHANDLER
  -------         ENDMOD        UART0

  -------         MODULE        MAIN
  C:0000H         SYMBOL        _ICE_DUMMY_
  D:00D9H         PUBLIC        WDT_KEY
  C:1E3CH         PUBLIC        user_init
  C:1D1CH         PUBLIC        main
  -------         PROC          USER_INIT
  C:1E3CH         LINE#         103
  C:1E3CH         LINE#         104
  C:1E3CH         LINE#         105
  C:1E3FH         LINE#         106
  C:1E42H         LINE#         107
  C:1E45H         LINE#         108
  C:1E48H         LINE#         109
  C:1E4BH         LINE#         110
  C:1E4EH         LINE#         112
  C:1E51H         LINE#         113
  C:1E54H         LINE#         117
  C:1E57H         LINE#         118
  C:1E5AH         LINE#         121
  C:1E5DH         LINE#         123
  -------         ENDPROC       USER_INIT
  -------         PROC          MAIN
  C:1D1CH         LINE#         127
BL51 BANKED LINKER/LOCATER V6.22.4.0                                                  03/31/2026  18:04:00  PAGE 20


  C:1D1CH         LINE#         128
  C:1D1CH         LINE#         130
  C:1D1FH         LINE#         131
  C:1D22H         LINE#         134
  C:1D25H         LINE#         135
  C:1D2CH         LINE#         136
  C:1D2FH         LINE#         138
  C:1D32H         LINE#         139
  C:1D39H         LINE#         141
  C:1D39H         LINE#         142
  C:1D39H         LINE#         143
  C:1D42H         LINE#         144
  C:1D45H         LINE#         146
  C:1D48H         LINE#         148
  C:1D4BH         LINE#         150
  C:1D4EH         LINE#         157
  -------         ENDPROC       MAIN
  -------         ENDMOD        MAIN

  -------         MODULE        UART_DATA_HANDLE
  C:0000H         SYMBOL        _ICE_DUMMY_
  B:00A0H.3       PUBLIC        P23
  C:2152H         PUBLIC        uart_receiver_reset
  C:000FH         PUBLIC        uart_receiver_timeout_add
  C:1F51H         PUBLIC        uart_receiver_process_checksum
  C:13BFH         PUBLIC        _uart_receiver_process_byte
  C:2167H         PUBLIC        uart_receiver_timeout_handler
  C:1770H         PUBLIC        uart_data_handle
  C:1BECH         PUBLIC        _uart_data_send_cmd
  X:6132H         SYMBOL        uart_receiver
  C:225BH         SYMBOL        _?ix1000
  C:2110H         SYMBOL        Com0039
  C:2110H         SYMBOL        L?0058
  C:2110H         SYMBOL        L?0059
  -------         PROC          COM0039
  -------         ENDPROC       COM0039
  -------         PROC          UART_RECEIVER_RESET
  C:2152H         LINE#         13
  C:2152H         LINE#         14
  C:2152H         LINE#         15
  C:2161H         LINE#         16
  C:2166H         LINE#         17
  -------         ENDPROC       UART_RECEIVER_RESET
  -------         PROC          UART_RECEIVER_TIMEOUT_ADD
  C:000FH         LINE#         23
  C:000FH         LINE#         24
  C:000FH         LINE#         25
  C:0015H         LINE#         26
  C:0015H         LINE#         27
  C:001DH         LINE#         28
  C:001DH         LINE#         29
  -------         ENDPROC       UART_RECEIVER_TIMEOUT_ADD
  -------         PROC          UART_RECEIVER_PROCESS_CHECKSUM
  -------         DO            
  D:0006H         SYMBOL        i
  D:0007H         SYMBOL        check_sum
  -------         ENDDO         
BL51 BANKED LINKER/LOCATER V6.22.4.0                                                  03/31/2026  18:04:00  PAGE 21


  C:1F51H         LINE#         36
  C:1F51H         LINE#         37
  C:1F51H         LINE#         39
  C:1F53H         LINE#         40
  C:1F54H         LINE#         41
  C:1F54H         LINE#         42
  C:1F61H         LINE#         43
  C:1F66H         LINE#         45
  C:1F6DH         LINE#         46
  C:1F6DH         LINE#         47
  C:1F70H         LINE#         48
  C:1F70H         LINE#         50
  C:1F70H         LINE#         57
  C:1F72H         LINE#         58
  C:1F72H         LINE#         59
  -------         ENDPROC       UART_RECEIVER_PROCESS_CHECKSUM
  -------         PROC          _UART_RECEIVER_PROCESS_BYTE
  D:0005H         SYMBOL        byte
  C:13BFH         LINE#         68
  C:13C1H         LINE#         69
  C:13C1H         LINE#         70
  C:13E4H         LINE#         71
  C:13E4H         LINE#         72
  C:13E4H         LINE#         73
  C:13E8H         LINE#         74
  C:13E8H         LINE#         75
  C:13E8H         LINE#         76
  C:13EDH         LINE#         77
  C:13F0H         LINE#         78
  C:13F0H         LINE#         80
  C:13F0H         LINE#         81
  C:13F3H         LINE#         82
  C:13F3H         LINE#         84
  C:13F3H         LINE#         86
  C:13F3H         LINE#         87
  C:13F7H         LINE#         88
  C:13F7H         LINE#         89
  C:13F7H         LINE#         90
  C:13FCH         LINE#         91
  C:13FFH         LINE#         92
  C:13FFH         LINE#         94
  C:13FFH         LINE#         96
  C:1402H         LINE#         97
  C:1402H         LINE#         98
  C:1402H         LINE#         100
  C:1402H         LINE#         101
  C:1405H         LINE#         102
  C:1405H         LINE#         103
  C:1405H         LINE#         104
  C:140AH         LINE#         105
  C:140DH         LINE#         106
  C:140DH         LINE#         108
  C:140DH         LINE#         109
  C:1410H         LINE#         110
  C:1410H         LINE#         111
  C:1410H         LINE#         113
  C:1410H         LINE#         115
BL51 BANKED LINKER/LOCATER V6.22.4.0                                                  03/31/2026  18:04:00  PAGE 22


  C:1410H         LINE#         116
  C:1415H         LINE#         117
  C:1417H         LINE#         118
  C:1417H         LINE#         120
  C:1417H         LINE#         122
  C:1417H         LINE#         123
  C:141CH         LINE#         124
  C:141EH         LINE#         125
  C:141EH         LINE#         127
  C:141EH         LINE#         128
  C:1421H         LINE#         129
  C:1421H         LINE#         130
  C:1421H         LINE#         131
  C:1426H         LINE#         132
  C:1428H         LINE#         133
  C:1428H         LINE#         135
  C:1428H         LINE#         136
  C:142BH         LINE#         137
  C:142BH         LINE#         139
  C:142BH         LINE#         141
  C:142BH         LINE#         142
  C:1431H         LINE#         143
  C:1437H         LINE#         144
  C:1437H         LINE#         146
  C:143AH         LINE#         147
  C:143AH         LINE#         149
  C:143AH         LINE#         150
  C:143DH         LINE#         151
  C:143DH         LINE#         152
  C:143DH         LINE#         154
  C:143DH         LINE#         155
  C:1441H         LINE#         156
  C:1441H         LINE#         157
  C:1455H         LINE#         158
  C:145BH         LINE#         159
  C:145EH         LINE#         160
  C:145EH         LINE#         162
  C:145EH         LINE#         163
  C:1461H         LINE#         164
  C:1461H         LINE#         165
  C:1461H         LINE#         167
  C:1461H         LINE#         168
  C:1461H         LINE#         169
  C:1461H         LINE#         171
  C:1463H         LINE#         172
  -------         ENDPROC       _UART_RECEIVER_PROCESS_BYTE
  -------         PROC          UART_RECEIVER_TIMEOUT_HANDLER
  -------         DO            
  X:60BDH         SYMBOL        i
  -------         ENDDO         
  C:2167H         LINE#         175
  C:2167H         LINE#         176
  C:2167H         LINE#         181
  C:2176H         LINE#         182
  C:2176H         LINE#         196
  C:2179H         LINE#         197
  C:2179H         LINE#         198
BL51 BANKED LINKER/LOCATER V6.22.4.0                                                  03/31/2026  18:04:00  PAGE 23


  -------         ENDPROC       UART_RECEIVER_TIMEOUT_HANDLER
  -------         PROC          UART_DATA_HANDLE
  -------         DO            
  X:60BCH         SYMBOL        i
  D:0004H         SYMBOL        recv_byte
  X:6131H         SYMBOL        initialized
  -------         ENDDO         
  C:1770H         LINE#         199
  C:1770H         LINE#         200
  C:1770H         LINE#         208
  C:1776H         LINE#         209
  C:1776H         LINE#         210
  C:1779H         LINE#         211
  C:177FH         LINE#         212
  C:177FH         LINE#         217
  C:1785H         LINE#         218
  C:1785H         LINE#         219
  C:1788H         LINE#         220
  C:1788H         LINE#         222
  C:178EH         LINE#         223
  C:178EH         LINE#         225
  C:178EH         LINE#         228
  C:178EH         LINE#         229
  C:178EH         LINE#         230
  C:179CH         LINE#         232
  C:179CH         LINE#         246
  C:179CH         LINE#         247
  C:179CH         LINE#         249
  C:17A1H         LINE#         252
  C:17A7H         LINE#         253
  C:17ACH         LINE#         256
  C:17B2H         LINE#         257
  C:17B2H         LINE#         265
  C:17B5H         LINE#         266
  C:17B5H         LINE#         267
  C:17B7H         LINE#         269
  C:17BEH         LINE#         270
  C:17BEH         LINE#         272
  C:17BEH         LINE#         292
  C:17CEH         LINE#         293
  C:17CEH         LINE#         294
  C:17CEH         LINE#         296
  C:17D3H         LINE#         297
  C:17D5H         LINE#         298
  C:17D5H         LINE#         300
  C:17DBH         LINE#         301
  C:17DDH         LINE#         302
  C:17DDH         LINE#         305
  C:17DFH         LINE#         306
  C:17E4H         LINE#         307
  C:17E4H         LINE#         309
  C:17E4H         LINE#         311
  C:17E4H         LINE#         312
  C:17E4H         LINE#         315
  C:17E7H         LINE#         316
  -------         ENDPROC       UART_DATA_HANDLE
  -------         PROC          _UART_DATA_SEND_CMD
BL51 BANKED LINKER/LOCATER V6.22.4.0                                                  03/31/2026  18:04:00  PAGE 24


  X:60BCH         SYMBOL        cmd
  -------         DO            
  X:60BDH         SYMBOL        buf
  -------         ENDDO         
  C:1BECH         LINE#         320
  C:1BF1H         LINE#         321
  C:1BF1H         LINE#         322
  C:1C04H         LINE#         333
  C:1C0DH         LINE#         334
  C:1C26H         LINE#         336
  -------         ENDPROC       _UART_DATA_SEND_CMD
  -------         ENDMOD        UART_DATA_HANDLE

  -------         MODULE        KEY_DRIVER
  C:0000H         SYMBOL        _ICE_DUMMY_
  C:0BBAH         PUBLIC        _key_driver_scan
  X:615AH         SYMBOL        is_key_active
  X:615BH         PUBLIC        scan_para
  C:1FB7H         SYMBOL        Com0021
  C:1FB7H         SYMBOL        L?0034
  C:1FBAH         SYMBOL        L?0035
  C:1FBBH         SYMBOL        L?0036
  C:1FC1H         SYMBOL        L?0037
  C:1FC4H         SYMBOL        L?0038
  C:1FC8H         SYMBOL        L?0039
  C:1FCEH         SYMBOL        L?0040
  C:1FD1H         SYMBOL        L?0041
  -------         PROC          COM0021
  -------         ENDPROC       COM0021
  -------         PROC          _KEY_DRIVER_SCAN
  D:0001H         SYMBOL        _scan_para
  -------         DO            
  X:60BCH         SYMBOL        key_event
  D:0007H         SYMBOL        cur_key_value
  X:60BDH         SYMBOL        key_value
  C:0D22H         SYMBOL        _notify
  C:0D42H         SYMBOL        _scan_end
  -------         ENDDO         
  C:0BBAH         LINE#         17
  C:0BBAH         LINE#         19
  C:0BBAH         LINE#         24
  C:0BBFH         LINE#         25
  C:0BC1H         LINE#         26
  C:0BC5H         LINE#         30
  C:0BCBH         LINE#         33
  C:0BDEH         LINE#         34
  C:0BDEH         LINE#         36
  C:0BDEH         LINE#         38
  C:0BE8H         LINE#         40
  C:0BF1H         LINE#         46
  C:0BF5H         LINE#         47
  C:0BF5H         LINE#         48
  C:0BFBH         LINE#         49
  C:0BFDH         LINE#         50
  C:0C03H         LINE#         51
  C:0C03H         LINE#         52
  C:0C06H         LINE#         53
BL51 BANKED LINKER/LOCATER V6.22.4.0                                                  03/31/2026  18:04:00  PAGE 25


  C:0C06H         LINE#         56
  C:0C1AH         LINE#         57
  C:0C1AH         LINE#         59
  C:0C21H         LINE#         60
  C:0C27H         LINE#         62
  C:0C27H         LINE#         65
  C:0C38H         LINE#         66
  C:0C38H         LINE#         67
  C:0C43H         LINE#         69
  C:0C43H         LINE#         72
  C:0C4FH         LINE#         73
  C:0C4FH         LINE#         80
  C:0C53H         LINE#         81
  C:0C53H         LINE#         82
  C:0C5AH         LINE#         83
  C:0C5AH         LINE#         84
  C:0C5CH         LINE#         85
  C:0C62H         LINE#         86
  C:0C64H         LINE#         88
  C:0C64H         LINE#         91
  C:0C64H         LINE#         92
  C:0C6CH         LINE#         93
  C:0C6CH         LINE#         94
  C:0C6FH         LINE#         96
  C:0C6FH         LINE#         101
  C:0C77H         LINE#         102
  C:0C83H         LINE#         103
  C:0C83H         LINE#         104
  C:0C88H         LINE#         105
  C:0C8CH         LINE#         106
  C:0C8FH         LINE#         108
  C:0C8FH         LINE#         109
  C:0C95H         LINE#         110
  C:0C95H         LINE#         111
  C:0C95H         LINE#         113
  C:0C97H         LINE#         118
  C:0C97H         LINE#         120
  C:0C97H         LINE#         125
  C:0C9BH         LINE#         126
  C:0C9BH         LINE#         128
  C:0CACH         LINE#         129
  C:0CACH         LINE#         133
  C:0CBDH         LINE#         134
  C:0CBDH         LINE#         154
  C:0CBDH         LINE#         155
  C:0CBFH         LINE#         157
  C:0CBFH         LINE#         158
  C:0CCCH         LINE#         160
  C:0CCEH         LINE#         162
  C:0CCEH         LINE#         164
  C:0CCEH         LINE#         165
  C:0CD9H         LINE#         166
  C:0CDCH         LINE#         168
  C:0CDCH         LINE#         169
  C:0CDCH         LINE#         171
  C:0CDCH         LINE#         172
  C:0CDCH         LINE#         174
BL51 BANKED LINKER/LOCATER V6.22.4.0                                                  03/31/2026  18:04:00  PAGE 26


  C:0CDCH         LINE#         175
  C:0CDCH         LINE#         177
  C:0CDCH         LINE#         179
  C:0CE7H         LINE#         180
  C:0CE7H         LINE#         181
  C:0CEFH         LINE#         182
  C:0CEFH         LINE#         186
  C:0CF5H         LINE#         187
  C:0CF5H         LINE#         188
  C:0CFBH         LINE#         193
  C:0CFDH         LINE#         194
  C:0D09H         LINE#         195
  C:0D09H         LINE#         196
  C:0D0EH         LINE#         197
  C:0D1DH         LINE#         199
  C:0D1DH         LINE#         201
  C:0D1DH         LINE#         202
  C:0D1DH         LINE#         204
  C:0D1DH         LINE#         207
  C:0D22H         LINE#         208
  C:0D22H         LINE#         210
  C:0D22H         LINE#         211
  C:0D22H         LINE#         213
  C:0D22H         LINE#         216
  C:0D22H         LINE#         218
  C:0D22H         LINE#         219
  C:0D26H         LINE#         220
  C:0D2EH         LINE#         222
  C:0D38H         LINE#         223
  C:0D42H         LINE#         226
  C:0D42H         LINE#         235
  C:0D42H         LINE#         237
  C:0D42H         LINE#         238
  C:0D4CH         LINE#         241
  -------         ENDPROC       _KEY_DRIVER_SCAN
  -------         ENDMOD        KEY_DRIVER

  -------         MODULE        AD_KEY
  C:0000H         SYMBOL        _ICE_DUMMY_
  B:00A0H.3       PUBLIC        P23
  X:6085H         PUBLIC        ad_key_para
  C:0EBFH         PUBLIC        ad_key_handle
  X:6098H         SYMBOL        ad_key_scan_table
  X:60A8H         SYMBOL        ad_key_event_table
  C:1D50H         PUBLIC        ad_key_get_key_val
  C:1A39H         SYMBOL        _ad_key_val_to_ad_key_index
  C:1A85H         SYMBOL        _ad_key_get_event
  C:21C0H         SYMBOL        Com003D
  C:21C0H         SYMBOL        L?0062
  -------         PROC          COM003D
  -------         ENDPROC       COM003D
  -------         PROC          _AD_KEY_VAL_TO_AD_KEY_INDEX
  D:0006H         SYMBOL        ad_key_val
  -------         DO            
  D:0005H         SYMBOL        i
  X:60BDH         SYMBOL        ad_key_index
  -------         ENDDO         
BL51 BANKED LINKER/LOCATER V6.22.4.0                                                  03/31/2026  18:04:00  PAGE 27


  C:1A39H         LINE#         53
  C:1A39H         LINE#         54
  C:1A39H         LINE#         55
  C:1A3BH         LINE#         56
  C:1A43H         LINE#         59
  C:1A43H         LINE#         60
  C:1A43H         LINE#         61
  C:1A5BH         LINE#         62
  C:1A5BH         LINE#         63
  C:1A75H         LINE#         64
  C:1A77H         LINE#         65
  C:1A77H         LINE#         66
  C:1A7CH         LINE#         68
  C:1A84H         LINE#         69
  -------         ENDPROC       _AD_KEY_VAL_TO_AD_KEY_INDEX
  -------         PROC          _AD_KEY_GET_EVENT
  D:0007H         SYMBOL        key_val
  D:0005H         SYMBOL        key_event
  -------         DO            
  D:0006H         SYMBOL        ret_key_event
  D:0004H         SYMBOL        key_event_index
  D:0003H         SYMBOL        i
  -------         ENDDO         
  C:1A85H         LINE#         79
  C:1A85H         LINE#         80
  C:1A85H         LINE#         81
  C:1A87H         LINE#         82
  C:1A88H         LINE#         83
  C:1A89H         LINE#         86
  C:1A8DH         LINE#         87
  C:1A8DH         LINE#         88
  C:1A8EH         LINE#         89
  C:1A90H         LINE#         90
  C:1A94H         LINE#         91
  C:1A94H         LINE#         92
  C:1A96H         LINE#         93
  C:1A98H         LINE#         94
  C:1A9CH         LINE#         95
  C:1A9CH         LINE#         96
  C:1A9EH         LINE#         97
  C:1AA0H         LINE#         98
  C:1AA4H         LINE#         99
  C:1AA4H         LINE#         100
  C:1AA6H         LINE#         101
  C:1AA8H         LINE#         103
  C:1AA8H         LINE#         104
  C:1AABH         LINE#         105
  C:1AABH         LINE#         107
  C:1AB1H         LINE#         108
  C:1AB1H         LINE#         109
  C:1AB8H         LINE#         110
  C:1AB8H         LINE#         111
  C:1AC7H         LINE#         112
  C:1AC9H         LINE#         113
  C:1AC9H         LINE#         114
  C:1ACCH         LINE#         116
  C:1ACEH         LINE#         117
BL51 BANKED LINKER/LOCATER V6.22.4.0                                                  03/31/2026  18:04:00  PAGE 28


  -------         ENDPROC       _AD_KEY_GET_EVENT
  -------         PROC          AD_KEY_GET_KEY_VAL
  -------         DO            
  X:6083H         SYMBOL        val
  X:60BCH         SYMBOL        ret
  -------         ENDDO         
  C:1D50H         LINE#         130
  C:1D50H         LINE#         131
  C:1D50H         LINE#         133
  C:1D56H         LINE#         136
  C:1D5EH         LINE#         137
  C:1D5EH         LINE#         138
  C:1D63H         LINE#         139
  C:1D70H         LINE#         142
  C:1D70H         LINE#         144
  C:1D80H         LINE#         145
  C:1D82H         LINE#         146
  -------         ENDPROC       AD_KEY_GET_KEY_VAL
  -------         PROC          AD_KEY_HANDLE
  -------         DO            
  D:0007H         SYMBOL        ad_key_event
  -------         ENDDO         
  C:0EBFH         LINE#         148
  C:0EBFH         LINE#         149
  C:0EBFH         LINE#         150
  C:0EBFH         LINE#         152
  C:0EC8H         LINE#         153
  C:0EC8H         LINE#         155
  C:0EC8H         LINE#         172
  C:0ED1H         LINE#         173
  C:0ED1H         LINE#         175
  C:0ED1H         LINE#         178
  C:0EDCH         LINE#         179
  C:0EE1H         LINE#         180
  C:0EE3H         LINE#         182
  C:0F1BH         LINE#         183
  C:0F1BH         LINE#         186
  C:0F1BH         LINE#         188
  C:0F24H         LINE#         190
  C:0F26H         LINE#         191
  C:0F29H         LINE#         193
  C:0F29H         LINE#         195
  C:0F32H         LINE#         199
  C:0F34H         LINE#         200
  C:0F37H         LINE#         202
  C:0F37H         LINE#         204
  C:0F40H         LINE#         208
  C:0F42H         LINE#         209
  C:0F45H         LINE#         211
  C:0F45H         LINE#         213
  C:0F4BH         LINE#         215
  C:0F4EH         LINE#         219
  C:0F4EH         LINE#         221
  C:0F57H         LINE#         223
  C:0F5AH         LINE#         224
  C:0F5AH         LINE#         226
  C:0F5AH         LINE#         228
BL51 BANKED LINKER/LOCATER V6.22.4.0                                                  03/31/2026  18:04:00  PAGE 29


  C:0F60H         LINE#         230
  C:0F63H         LINE#         232
  C:0F63H         LINE#         234
  C:0F69H         LINE#         236
  C:0F6CH         LINE#         238
  C:0F6CH         LINE#         240
  C:0F72H         LINE#         242
  C:0F75H         LINE#         247
  C:0F75H         LINE#         249
  C:0F7EH         LINE#         252
  C:0F80H         LINE#         253
  C:0F82H         LINE#         255
  C:0F82H         LINE#         257
  C:0F8BH         LINE#         261
  C:0F8DH         LINE#         262
  C:0F8FH         LINE#         264
  C:0F8FH         LINE#         266
  C:0F98H         LINE#         270
  C:0F9AH         LINE#         271
  C:0F9CH         LINE#         273
  C:0F9CH         LINE#         275
  C:0FA2H         LINE#         277
  C:0FA4H         LINE#         281
  C:0FA4H         LINE#         283
  C:0FADH         LINE#         287
  C:0FB3H         LINE#         288
  C:0FB3H         LINE#         289
  C:0FB5H         LINE#         290
  C:0FB7H         LINE#         291
  C:0FBFH         LINE#         292
  C:0FBFH         LINE#         293
  C:0FC1H         LINE#         294
  C:0FC1H         LINE#         295
  C:0FC3H         LINE#         297
  C:0FC3H         LINE#         299
  C:0FCCH         LINE#         303
  C:0FD2H         LINE#         304
  C:0FD2H         LINE#         305
  C:0FD7H         LINE#         307
  C:0FD7H         LINE#         309
  C:0FD7H         LINE#         310
  C:0FD9H         LINE#         311
  C:0FE0H         LINE#         312
  C:0FE5H         LINE#         313
  C:0FEBH         LINE#         314
  C:0FEBH         LINE#         315
  C:0FECH         LINE#         317
  C:0FECH         LINE#         319
  C:0FF2H         LINE#         321
  C:0FF4H         LINE#         323
  C:0FF4H         LINE#         325
  C:0FFDH         LINE#         327
  C:0FFDH         LINE#         329
  C:0FFDH         LINE#         330
  C:0FFDH         LINE#         331
  C:0FFDH         LINE#         332
  -------         ENDPROC       AD_KEY_HANDLE
BL51 BANKED LINKER/LOCATER V6.22.4.0                                                  03/31/2026  18:04:00  PAGE 30


  -------         ENDMOD        AD_KEY

  -------         MODULE        USER_TEST
  C:0000H         SYMBOL        _ICE_DUMMY_
  B:0090H.7       PUBLIC        P17
  X:6164H         PUBLIC        flag_debug
  C:1FD8H         PUBLIC        debug_time_add
  C:218DH         PUBLIC        user_debug_pin_init
  -------         PROC          DEBUG_TIME_ADD
  -------         DO            
  X:6162H         SYMBOL        cnt
  -------         ENDDO         
  C:1FD8H         LINE#         12
  C:1FD8H         LINE#         13
  C:1FD8H         LINE#         16
  C:1FE2H         LINE#         17
  C:1FF1H         LINE#         18
  C:1FF1H         LINE#         19
  C:1FF5H         LINE#         20
  C:1FF8H         LINE#         21
  C:1FF8H         LINE#         23
  -------         ENDPROC       DEBUG_TIME_ADD
  -------         PROC          USER_DEBUG_PIN_INIT
  C:218DH         LINE#         25
  C:218DH         LINE#         26
  C:218DH         LINE#         27
  C:2193H         LINE#         28
  C:2197H         LINE#         29
  C:219CH         LINE#         30
  C:219EH         LINE#         31
  -------         ENDPROC       USER_DEBUG_PIN_INIT
  -------         ENDMOD        USER_TEST

  -------         MODULE        LED
  C:0000H         SYMBOL        _ICE_DUMMY_
  B:0080H.0       PUBLIC        P00
  B:0080H.1       PUBLIC        P01
  B:0080H.2       PUBLIC        P02
  B:0080H.5       PUBLIC        P05
  B:0080H.6       PUBLIC        P06
  B:0090H.3       PUBLIC        P13
  B:00A0H.7       PUBLIC        P27
  B:00B0H.0       PUBLIC        P30
  X:6142H         PUBLIC        led_ctl
  X:614FH         PUBLIC        led_bat_level_sta
  C:19EBH         PUBLIC        led_init
  C:21CFH         PUBLIC        led_ctl_init
  C:1E66H         PUBLIC        led_status_switch
  C:1860H         PUBLIC        _led_status_set
  C:1138H         PUBLIC        led_red_blue_flash_1ms_isr
  C:17E8H         PUBLIC        led_slow_adjust_isr
  C:0FFEH         PUBLIC        led_bat_instruction_timer_callback
  C:21DEH         PUBLIC        led_yellow_on
  C:2263H         PUBLIC        led_yellow_off
  C:21ECH         PUBLIC        led_white_on
  C:226BH         PUBLIC        led_white_off
  X:6150H         PUBLIC        led_charge_anim_phase
BL51 BANKED LINKER/LOCATER V6.22.4.0                                                  03/31/2026  18:04:00  PAGE 31


  X:6151H         PUBLIC        led_charge_anim_cnt
  C:157BH         SYMBOL        Com0062
  C:157BH         SYMBOL        L?0099
  C:1587H         SYMBOL        L?0100
  C:1595H         SYMBOL        L?0101
  C:1596H         SYMBOL        L?0102
  C:159BH         SYMBOL        L?0103
  C:15A2H         SYMBOL        L?0104
  C:15B3H         SYMBOL        L?0105
  C:15C2H         SYMBOL        L?0106
  C:15C2H         SYMBOL        L?0107
  C:15CBH         SYMBOL        L?0108
  C:15D9H         SYMBOL        L?0109
  C:15E6H         SYMBOL        L?0110
  C:15F1H         SYMBOL        L?0111
  C:15F2H         SYMBOL        L?0112
  C:15F8H         SYMBOL        L?0113
  C:15F8H         SYMBOL        L?0114
  -------         PROC          COM0062
  -------         ENDPROC       COM0062
  -------         PROC          LED_INIT
  C:19EBH         LINE#         9
  C:19EBH         LINE#         10
  C:19EBH         LINE#         12
  C:19F1H         LINE#         13
  C:19F5H         LINE#         14
  C:19F7H         LINE#         15
  C:19FCH         LINE#         18
  C:1A02H         LINE#         19
  C:1A06H         LINE#         20
  C:1A08H         LINE#         21
  C:1A0BH         LINE#         24
  C:1A0BH         LINE#         25
  C:1A0EH         LINE#         26
  C:1A10H         LINE#         27
  C:1A15H         LINE#         30
  C:1A1AH         LINE#         31
  C:1A1EH         LINE#         32
  C:1A20H         LINE#         33
  C:1A23H         LINE#         36
  C:1A23H         LINE#         37
  C:1A26H         LINE#         38
  C:1A28H         LINE#         39
  C:1A2BH         LINE#         42
  C:1A2FH         LINE#         43
  C:1A33H         LINE#         44
  C:1A35H         LINE#         45
  C:1A38H         LINE#         46
  -------         ENDPROC       LED_INIT
  -------         PROC          LED_CTL_INIT
  C:21CFH         LINE#         48
  C:21CFH         LINE#         49
  C:21CFH         LINE#         58
  -------         ENDPROC       LED_CTL_INIT
  -------         PROC          LED_YELLOW_ON
  C:21DEH         LINE#         61
  C:21DEH         LINE#         62
BL51 BANKED LINKER/LOCATER V6.22.4.0                                                  03/31/2026  18:04:00  PAGE 32


  C:21DEH         LINE#         63
  C:21E5H         LINE#         64
  C:21EBH         LINE#         65
  -------         ENDPROC       LED_YELLOW_ON
  -------         PROC          LED_YELLOW_OFF
  C:2263H         LINE#         67
  C:2263H         LINE#         68
  C:2263H         LINE#         69
  C:2265H         LINE#         70
  C:226AH         LINE#         71
  -------         ENDPROC       LED_YELLOW_OFF
  -------         PROC          LED_WHITE_ON
  C:21ECH         LINE#         73
  C:21ECH         LINE#         74
  C:21ECH         LINE#         75
  C:21F3H         LINE#         76
  C:21F9H         LINE#         77
  -------         ENDPROC       LED_WHITE_ON
  -------         PROC          LED_WHITE_OFF
  C:226BH         LINE#         79
  C:226BH         LINE#         80
  C:226BH         LINE#         81
  C:226DH         LINE#         82
  C:2272H         LINE#         83
  -------         ENDPROC       LED_WHITE_OFF
  -------         PROC          LED_STATUS_SWITCH
  C:1E66H         LINE#         85
  C:1E66H         LINE#         86
  C:1E66H         LINE#         88
  C:1E7AH         LINE#         89
  C:1E7AH         LINE#         90
  C:1E7AH         LINE#         94
  C:1E7CH         LINE#         95
  C:1E7EH         LINE#         96
  C:1E7EH         LINE#         101
  C:1E80H         LINE#         102
  C:1E82H         LINE#         103
  C:1E82H         LINE#         107
  C:1E84H         LINE#         108
  C:1E86H         LINE#         109
  C:1E86H         LINE#         115
  C:1E88H         LINE#         116
  C:1E8AH         LINE#         117
  C:1E8AH         LINE#         128
  C:1E8FH         LINE#         129
  C:1E8FH         LINE#         130
  C:1E8FH         LINE#         131
  -------         ENDPROC       LED_STATUS_SWITCH
  -------         PROC          _LED_STATUS_SET
  X:60BCH         SYMBOL        status
  C:1860H         LINE#         134
  C:1865H         LINE#         135
  C:1865H         LINE#         137
  C:1875H         LINE#         138
  C:1875H         LINE#         139
  C:1875H         LINE#         140
  C:1878H         LINE#         141
BL51 BANKED LINKER/LOCATER V6.22.4.0                                                  03/31/2026  18:04:00  PAGE 33


  C:187BH         LINE#         142
  C:187DH         LINE#         143
  C:187FH         LINE#         145
  C:1889H         LINE#         146
  C:1890H         LINE#         147
  C:1894H         LINE#         148
  C:1896H         LINE#         149
  C:1896H         LINE#         150
  C:1899H         LINE#         151
  C:189BH         LINE#         152
  C:189DH         LINE#         154
  C:189DH         LINE#         155
  C:189FH         LINE#         156
  C:189FH         LINE#         157
  C:18A2H         LINE#         158
  C:18A4H         LINE#         159
  C:18A6H         LINE#         161
  C:18A9H         LINE#         162
  C:18ABH         LINE#         164
  C:18ABH         LINE#         165
  C:18ADH         LINE#         166
  C:18AFH         LINE#         169
  C:18B2H         LINE#         170
  C:18B5H         LINE#         171
  C:18B7H         LINE#         173
  C:18B7H         LINE#         174
  C:18BAH         LINE#         175
  C:18BDH         LINE#         177
  C:18C7H         LINE#         178
  C:18C7H         LINE#         179
  C:18C7H         LINE#         181
  C:18CFH         LINE#         182
  -------         ENDPROC       _LED_STATUS_SET
  -------         PROC          LED_RED_BLUE_FLASH_1MS_ISR
  -------         DO            
  X:60EAH         SYMBOL        time_in_cycle
  -------         ENDDO         
[...]
  C:0964H         LINE#         291
  C:0964H         LINE#         293
  C:0981H         LINE#         298
  C:0981H         LINE#         299
  C:0984H         LINE#         300
  C:0985H         LINE#         303
  C:0997H         LINE#         306
  C:0997H         LINE#         307
  C:099BH         LINE#         308
  C:099DH         LINE#         309
  C:099FH         LINE#         310
  C:09A1H         LINE#         311
  C:09A3H         LINE#         312
  C:09A4H         LINE#         314
  C:09B6H         LINE#         316
  C:09B6H         LINE#         317
BL51 BANKED LINKER/LOCATER V6.22.4.0                                                  03/31/2026  18:04:00  PAGE 42


  C:09BFH         LINE#         318
  C:09BFH         LINE#         319
  C:09C1H         LINE#         320
  C:09C1H         LINE#         322
  C:09CAH         LINE#         323
  C:09CAH         LINE#         324
  C:09CCH         LINE#         325
  C:09CCH         LINE#         327
  C:09D5H         LINE#         328
  C:09D5H         LINE#         329
  C:09D7H         LINE#         330
  C:09D7H         LINE#         332
  C:09E0H         LINE#         333
  C:09E0H         LINE#         334
  C:09E2H         LINE#         335
  C:09E2H         LINE#         338
  C:09E8H         LINE#         339
  C:09E8H         LINE#         340
  C:09E8H         LINE#         341
  C:09E8H         LINE#         358
  -------         ENDPROC       BATTERY_MONITOR_HANDLE
  -------         ENDMOD        BATTERY_MONITOR

  -------         MODULE        BLUETOOTH_IC_HANDLE
  C:0000H         SYMBOL        _ICE_DUMMY_
  B:00A0H.3       PUBLIC        P23
  X:6165H         PUBLIC        ble_ic
  C:204FH         PUBLIC        bluetooth_ic_handle_init
  C:2273H         PUBLIC        ble_ic_enable
  C:2274H         PUBLIC        ble_ic_disable_pre
  C:2275H         PUBLIC        ble_ic_disable_post
  -------         PROC          BLE_IC_ENABLE
  C:2273H         LINE#         7
  C:2273H         LINE#         8
  C:2273H         LINE#         9
  -------         ENDPROC       BLE_IC_ENABLE
  -------         PROC          BLE_IC_DISABLE_PRE
  C:2274H         LINE#         12
  C:2274H         LINE#         13
  C:2274H         LINE#         14
  -------         ENDPROC       BLE_IC_DISABLE_PRE
  -------         PROC          BLE_IC_DISABLE_POST
  C:2275H         LINE#         17
  C:2275H         LINE#         18
  C:2275H         LINE#         19
  -------         ENDPROC       BLE_IC_DISABLE_POST
  -------         PROC          BLUETOOTH_IC_HANDLE_INIT
  C:204FH         LINE#         21
  C:204FH         LINE#         22
  C:204FH         LINE#         24
  C:2055H         LINE#         25
  C:2059H         LINE#         26
  C:205EH         LINE#         27
  C:2060H         LINE#         29
  C:2065H         LINE#         32
  C:2068H         LINE#         33
  -------         ENDPROC       BLUETOOTH_IC_HANDLE_INIT
BL51 BANKED LINKER/LOCATER V6.22.4.0                                                  03/31/2026  18:04:00  PAGE 43


  -------         ENDMOD        BLUETOOTH_IC_HANDLE

  -------         MODULE        CHARGE_DET
  C:0000H         SYMBOL        _ICE_DUMMY_
  B:00A0H.1       PUBLIC        P21
  X:612EH         PUBLIC        is_in_charging
  C:2069H         PUBLIC        charge_det_init
  C:167DH         PUBLIC        charge_det
  C:0D4DH         PUBLIC        detect_1khz_signal_100us
  X:612FH         SYMBOL        is_in_charging_by_solar_panel
  X:6130H         SYMBOL        is_in_charging_by_charger
  C:1F95H         SYMBOL        Com0027
  C:1F95H         SYMBOL        L?0040
  C:1F98H         SYMBOL        L?0041
  C:1F99H         SYMBOL        L?0042
  C:1F9FH         SYMBOL        L?0043
  C:1FABH         SYMBOL        L?0044
  -------         PROC          COM0027
  -------         ENDPROC       COM0027
  -------         PROC          CHARGE_DET_INIT
  C:2069H         LINE#         10
  C:2069H         LINE#         11
  C:2069H         LINE#         14
  C:206FH         LINE#         15
  C:2075H         LINE#         17
  C:207BH         LINE#         18
  C:2081H         LINE#         19
  -------         ENDPROC       CHARGE_DET_INIT
  -------         PROC          DETECT_1KHZ_SIGNAL_100US
  -------         DO            
  X:611EH         SYMBOL        signal_high_duration
  X:6120H         SYMBOL        signal_low_duration
  X:6122H         SYMBOL        detection_state
  X:6123H         SYMBOL        toggle_count_in_period
  X:6125H         SYMBOL        measurement_period_counter
  X:6127H         SYMBOL        is_detected_signal
  X:6128H         SYMBOL        last_pin_state
  X:60ECH         SYMBOL        current_pin_state
  X:60EDH         SYMBOL        pin_changed
  X:6129H         SYMBOL        consecutive_detection_count
  X:612AH         SYMBOL        undetected_charging_count
  -------         ENDDO         
  C:0D4DH         LINE#         23
  C:0D4DH         LINE#         24
  C:0D4DH         LINE#         36
  C:0D55H         LINE#         37
  C:0D6DH         LINE#         45
  C:0D73H         LINE#         48
  C:0D7CH         LINE#         49
  C:0D7CH         LINE#         50
  C:0D80H         LINE#         51
  C:0D8FH         LINE#         52
  C:0D8FH         LINE#         53
  C:0D93H         LINE#         54
  C:0D97H         LINE#         55
  C:0D97H         LINE#         56
  C:0D99H         LINE#         58
BL51 BANKED LINKER/LOCATER V6.22.4.0                                                  03/31/2026  18:04:00  PAGE 44


  C:0D99H         LINE#         59
  C:0DA0H         LINE#         60
  C:0DA0H         LINE#         62
  C:0DB4H         LINE#         63
  C:0DB4H         LINE#         64
  C:0DB4H         LINE#         65
  C:0DBEH         LINE#         66
  C:0DBEH         LINE#         67
  C:0DBEH         LINE#         68
  C:0DC1H         LINE#         69
  C:0DC3H         LINE#         70
  C:0DC6H         LINE#         72
  C:0DC6H         LINE#         73
  C:0DC9H         LINE#         74
  C:0DD0H         LINE#         75
  C:0DD5H         LINE#         76
  C:0DD5H         LINE#         77
  C:0DD8H         LINE#         79
  C:0DD8H         LINE#         80
  C:0DDFH         LINE#         81
  C:0DDFH         LINE#         82
  C:0DF6H         LINE#         83
  C:0DF6H         LINE#         84
  C:0DFCH         LINE#         85
  C:0DFCH         LINE#         87
  C:0E00H         LINE#         88
  C:0E03H         LINE#         90
  C:0E03H         LINE#         91
  C:0E09H         LINE#         92
  C:0E11H         LINE#         97
  C:0E22H         LINE#         98
  C:0E22H         LINE#         99
  C:0E25H         LINE#         100
  C:0E25H         LINE#         101
  C:0E29H         LINE#         102
  C:0E29H         LINE#         103
  C:0E2BH         LINE#         105
  C:0E2BH         LINE#         106
  C:0E31H         LINE#         107
  C:0E31H         LINE#         108
  C:0E37H         LINE#         109
  C:0E3BH         LINE#         110
  C:0E3DH         LINE#         112
  C:0E3DH         LINE#         113
  C:0E40H         LINE#         114
  C:0E43H         LINE#         119
  C:0E52H         LINE#         120
  C:0E52H         LINE#         121
  C:0E55H         LINE#         122
  C:0E55H         LINE#         124
  C:0E5CH         LINE#         125
  C:0E5CH         LINE#         126
  C:0E5CH         LINE#         127
  C:0E5CH         LINE#         129
  C:0E6BH         LINE#         130
  C:0E6BH         LINE#         131
  C:0E6FH         LINE#         137
BL51 BANKED LINKER/LOCATER V6.22.4.0                                                  03/31/2026  18:04:00  PAGE 45


  C:0E7DH         LINE#         138
  C:0E7DH         LINE#         139
  C:0E83H         LINE#         140
  C:0E85H         LINE#         142
  C:0E85H         LINE#         143
  C:0E8AH         LINE#         144
  C:0E8AH         LINE#         145
  C:0E91H         LINE#         146
  C:0E91H         LINE#         148
  C:0E97H         LINE#         149
  C:0E97H         LINE#         150
  C:0E9DH         LINE#         151
  C:0EA3H         LINE#         152
  C:0EA3H         LINE#         153
  C:0EA9H         LINE#         154
  C:0EAFH         LINE#         155
  C:0EAFH         LINE#         156
  C:0EB1H         LINE#         158
  C:0EB1H         LINE#         159
  C:0EB6H         LINE#         161
  C:0EB6H         LINE#         163
  C:0EBEH         LINE#         164
  -------         ENDPROC       DETECT_1KHZ_SIGNAL_100US
  -------         PROC          CHARGE_DET
  -------         DO            
  X:612CH         SYMBOL        adc_val
  X:60BCH         SYMBOL        voltage_mv
  -------         ENDDO         
  C:167DH         LINE#         167
  C:167DH         LINE#         168
  C:167DH         LINE#         170
  C:1684H         LINE#         172
  C:168CH         LINE#         173
  C:168CH         LINE#         174
  C:1691H         LINE#         175
  C:169EH         LINE#         176
  C:169EH         LINE#         183
  C:16BEH         LINE#         185
  C:16C6H         LINE#         186
  C:16C6H         LINE#         187
  C:16CCH         LINE#         188
  C:16CEH         LINE#         190
  C:16CEH         LINE#         191
  C:16D3H         LINE#         192
  C:16D3H         LINE#         194
  C:16DFH         LINE#         195
  C:16DFH         LINE#         196
  C:16E5H         LINE#         197
  C:16E6H         LINE#         198
  C:16F2H         LINE#         199
  C:16F2H         LINE#         200
  C:16F6H         LINE#         201
  C:16F6H         LINE#         212
  -------         ENDPROC       CHARGE_DET
  -------         ENDMOD        CHARGE_DET

  -------         MODULE        LOW_POWER
BL51 BANKED LINKER/LOCATER V6.22.4.0                                                  03/31/2026  18:04:00  PAGE 46


  C:0000H         SYMBOL        _ICE_DUMMY_
  D:00BAH         PUBLIC        LP_CON
  D:008DH         PUBLIC        LP_WKCON
  D:008EH         PUBLIC        LP_WKPND
  D:00A8H         PUBLIC        IE0
  D:00A9H         PUBLIC        IE1
  D:00AAH         PUBLIC        IE2
  D:00ABH         PUBLIC        IE3
  B:00A8H.7       PUBLIC        IE_EA
  D:00B8H         PUBLIC        IP0
  D:00B1H         PUBLIC        IP1
  D:00B2H         PUBLIC        IP2
  D:00B3H         PUBLIC        IP3
  D:00B4H         PUBLIC        IP4
  D:00B5H         PUBLIC        IP5
  D:00B6H         PUBLIC        IP6
  D:00B7H         PUBLIC        IP7
  B:00A0H.7       PUBLIC        P27
  B:00B0H.0       PUBLIC        P30
  D:00D2H         PUBLIC        UART0_CON0
  D:00D1H         PUBLIC        TMR_ALLCON
  C:15FEH         PUBLIC        low_power_handle
  C:1CE7H         PUBLIC        low_power_enter_timer_callback
  X:6160H         SYMBOL        is_low_power_enter_enable
  C:20B2H         PUBLIC        is_low_power_condition_establish
  C:1993H         PUBLIC        user_deinit
  C:20CAH         PUBLIC        WUT_IRQHandler
  -------         PROC          IS_LOW_POWER_CONDITION_ESTABLISH
  C:20B2H         LINE#         8
  C:20B2H         LINE#         9
  C:20B2H         LINE#         11
  C:20C9H         LINE#         12
  -------         ENDPROC       IS_LOW_POWER_CONDITION_ESTABLISH
  -------         PROC          LOW_POWER_ENTER_TIMER_CALLBACK
  -------         DO            
  X:615EH         SYMBOL        cnt
  -------         ENDDO         
  C:1CE7H         LINE#         15
  C:1CE7H         LINE#         16
  C:1CE7H         LINE#         18
  C:1CEDH         LINE#         19
  C:1CEDH         LINE#         20
  C:1CF7H         LINE#         21
  C:1D06H         LINE#         22
  C:1D06H         LINE#         23
  C:1D0AH         LINE#         24
  C:1D0FH         LINE#         25
  C:1D0FH         LINE#         26
  C:1D10H         LINE#         28
  C:1D10H         LINE#         29
  C:1D17H         LINE#         30
  C:1D1BH         LINE#         31
  C:1D1BH         LINE#         32
  -------         ENDPROC       LOW_POWER_ENTER_TIMER_CALLBACK
  -------         PROC          USER_DEINIT
  C:1993H         LINE#         34
  C:1993H         LINE#         35
BL51 BANKED LINKER/LOCATER V6.22.4.0                                                  03/31/2026  18:04:00  PAGE 47


  C:1993H         LINE#         36
  C:1996H         LINE#         37
  C:1999H         LINE#         38
  C:199CH         LINE#         39
  C:199FH         LINE#         41
  C:19A5H         LINE#         42
  C:19ABH         LINE#         45
  C:19ADH         LINE#         46
  C:19B2H         LINE#         47
  C:19B4H         LINE#         48
  C:19B8H         LINE#         49
  C:19BEH         LINE#         50
  C:19C4H         LINE#         51
  C:19CAH         LINE#         52
  C:19D0H         LINE#         54
  C:19D6H         LINE#         59
  C:19DCH         LINE#         60
  C:19E0H         LINE#         61
  C:19E5H         LINE#         62
  C:19E7H         LINE#         63
  C:19EAH         LINE#         64
  -------         ENDPROC       USER_DEINIT
  -------         PROC          LOW_POWER_HANDLE
  C:15FEH         LINE#         66
  C:15FEH         LINE#         67
  C:15FEH         LINE#         68
  C:1608H         LINE#         69
  C:1608H         LINE#         70
  C:160FH         LINE#         71
  C:160FH         LINE#         73
  C:160FH         LINE#         75
  C:160FH         LINE#         78
  C:1618H         LINE#         82
  C:161BH         LINE#         83
  C:161DH         LINE#         85
  C:1620H         LINE#         90
  C:1625H         LINE#         91
  C:162BH         LINE#         92
  C:1631H         LINE#         93
  C:1637H         LINE#         95
  C:163AH         LINE#         96
  C:163DH         LINE#         99
  C:1644H         LINE#         100
  C:164BH         LINE#         105
  C:164EH         LINE#         111
  C:1651H         LINE#         112
  C:1658H         LINE#         113
  C:165FH         LINE#         115
  C:1666H         LINE#         116
  C:1669H         LINE#         117
  C:1670H         LINE#         122
  C:1679H         LINE#         124
  C:167CH         LINE#         125
  -------         ENDPROC       LOW_POWER_HANDLE
  -------         PROC          WUT_IRQHANDLER
  C:20CAH         LINE#         128
  C:20D0H         LINE#         131
BL51 BANKED LINKER/LOCATER V6.22.4.0                                                  03/31/2026  18:04:00  PAGE 48


  C:20D0H         LINE#         136
  C:20D7H         LINE#         137
  C:20D7H         LINE#         138
  C:20DBH         LINE#         139
  C:20DBH         LINE#         142
  C:20DBH         LINE#         143
  -------         ENDPROC       WUT_IRQHANDLER
  -------         ENDMOD        LOW_POWER

  -------         MODULE        ?C?COPY
  C:011EH         PUBLIC        ?C?COPY
  -------         ENDMOD        ?C?COPY

  -------         MODULE        ?C?CLDPTR
  C:0144H         PUBLIC        ?C?CLDPTR
  -------         ENDMOD        ?C?CLDPTR

  -------         MODULE        ?C?CLDOPTR
  C:015DH         PUBLIC        ?C?CLDOPTR
  -------         ENDMOD        ?C?CLDOPTR

  -------         MODULE        ?C?CILDOPTR
  C:018AH         PUBLIC        ?C?CILDOPTR
  -------         ENDMOD        ?C?CILDOPTR

  -------         MODULE        ?C?CSTOPTR
  C:01BDH         PUBLIC        ?C?CSTOPTR
  -------         ENDMOD        ?C?CSTOPTR

  -------         MODULE        ?C?UIDIV
  C:01DFH         PUBLIC        ?C?UIDIV
  -------         ENDMOD        ?C?UIDIV

  -------         MODULE        ?C?IILDX
  C:0234H         PUBLIC        ?C?IILDX
  -------         ENDMOD        ?C?IILDX

  -------         MODULE        ?C?LADD
  C:024AH         PUBLIC        ?C?LADD
  -------         ENDMOD        ?C?LADD

  -------         MODULE        ?C?ULDIV
  C:0293H         PUBLIC        ?C?ULDIV
  -------         ENDMOD        ?C?ULDIV

  -------         MODULE        ?C?SLCMP
  C:0325H         PUBLIC        ?C?SLCMP
  -------         ENDMOD        ?C?SLCMP

  -------         MODULE        ?C?ULCMP
  C:033BH         PUBLIC        ?C?ULCMP
  -------         ENDMOD        ?C?ULCMP

  -------         MODULE        ?C?LLDXDATA
  C:034CH         PUBLIC        ?C?LLDXDATA
  -------         ENDMOD        ?C?LLDXDATA

BL51 BANKED LINKER/LOCATER V6.22.4.0                                                  03/31/2026  18:04:00  PAGE 49


  -------         MODULE        ?C?LLDXDATA0
  C:0358H         PUBLIC        ?C?LLDXDATA0
  -------         ENDMOD        ?C?LLDXDATA0

  -------         MODULE        ?C?LSTXDATA
  C:0364H         PUBLIC        ?C?LSTXDATA
  -------         ENDMOD        ?C?LSTXDATA

  -------         MODULE        ?C?LSTKXDATA
  C:0370H         PUBLIC        ?C?LSTKXDATA
  -------         ENDMOD        ?C?LSTKXDATA

  -------         MODULE        ?C?PLDXDATA
  C:03A1H         PUBLIC        ?C?PLDXDATA
  -------         ENDMOD        ?C?PLDXDATA

  -------         MODULE        ?C?PSTXDATA
  C:03AAH         PUBLIC        ?C?PSTXDATA
  -------         ENDMOD        ?C?PSTXDATA

  -------         MODULE        ?C?PLDOPTR
  C:03B3H         PUBLIC        ?C?PLDOPTR
  -------         ENDMOD        ?C?PLDOPTR

  -------         MODULE        ?C?CCASE
  C:03E3H         PUBLIC        ?C?CCASE
  -------         ENDMOD        ?C?CCASE

  -------         MODULE        ?C?ICALL
  C:0409H         PUBLIC        ?C?ICALL
  C:040DH         PUBLIC        ?C?ICALL2
  -------         ENDMOD        ?C?ICALL

  -------         MODULE        ?C?LIMUL
  C:040FH         PUBLIC        ?C?LIMUL
  -------         ENDMOD        ?C?LIMUL

  -------         MODULE        PRINTF
  X:60C0H         PUBLIC        ?_PRINTF517?BYTE
  X:60C0H         PUBLIC        ?_PRINTF?BYTE
  X:60C0H         PUBLIC        ?_SPRINTF517?BYTE
  X:60C0H         PUBLIC        ?_SPRINTF?BYTE
  C:051AH         PUBLIC        _PRINTF
  C:051AH         PUBLIC        _PRINTF517
  C:0514H         PUBLIC        _SPRINTF
  C:0514H         PUBLIC        _SPRINTF517
  -------         ENDMOD        PRINTF

  -------         MODULE        ?C?MEMSET
  C:043CH         PUBLIC        ?C?MEMSET
  -------         ENDMOD        ?C?MEMSET

  -------         MODULE        ?C?CSTPTR
  C:0468H         PUBLIC        ?C?CSTPTR
  -------         ENDMOD        ?C?CSTPTR

  -------         MODULE        ?C?PLDIDATA
BL51 BANKED LINKER/LOCATER V6.22.4.0                                                  03/31/2026  18:04:00  PAGE 50


  C:047AH         PUBLIC        ?C?PLDIDATA
  -------         ENDMOD        ?C?PLDIDATA

  -------         MODULE        ?C?PLDIXDATA
  C:0483H         PUBLIC        ?C?PLDIXDATA
  -------         ENDMOD        ?C?PLDIXDATA

  -------         MODULE        ?C?PLDPDATA
  C:049AH         PUBLIC        ?C?PLDPDATA
  -------         ENDMOD        ?C?PLDPDATA

  -------         MODULE        ?C?PLDCODE
  C:04A3H         PUBLIC        ?C?PLDCODE
  -------         ENDMOD        ?C?PLDCODE

*** WARNING L16: UNCALLED SEGMENT, IGNORED FOR OVERLAY PROCESS
    SEGMENT: ?PR?PWM_GET_CHANNEL_0_STATUS?PWM

*** WARNING L16: UNCALLED SEGMENT, IGNORED FOR OVERLAY PROCESS
    SEGMENT: ?PR?PWM_GET_CHANNEL_1_STATUS?PWM

*** WARNING L16: UNCALLED SEGMENT, IGNORED FOR OVERLAY PROCESS
    SEGMENT: ?PR?SEND_LOW_BATTERY_TIMER_CALLBACK?BATTERY_MONITOR

*** WARNING L16: UNCALLED SEGMENT, IGNORED FOR OVERLAY PROCESS
    SEGMENT: ?PR?BLE_IC_ENABLE?BLUETOOTH_IC_HANDLE

*** WARNING L16: UNCALLED SEGMENT, IGNORED FOR OVERLAY PROCESS
    SEGMENT: ?PR?BLE_IC_DISABLE_PRE?BLUETOOTH_IC_HANDLE

*** WARNING L16: UNCALLED SEGMENT, IGNORED FOR OVERLAY PROCESS
    SEGMENT: ?PR?BLE_IC_DISABLE_POST?BLUETOOTH_IC_HANDLE

*** WARNING L16: UNCALLED SEGMENT, IGNORED FOR OVERLAY PROCESS
    SEGMENT: ?PR?USER_DEINIT?LOW_POWER

*** WARNING L16: UNCALLED SEGMENT, IGNORED FOR OVERLAY PROCESS
    SEGMENT: ?PR?LOW_POWER_HANDLE?LOW_POWER

Program Size: data=15.4 xdata=359 code=8822
LINK/LOCATE RUN COMPLETE.  8 WARNING(S),  0 ERROR(S)
