BL51 BANKED LINKER/LOCATER V6.22.4.0                                                    07/30/2026  16:03:36  PAGE 1


BL51 BANKED LINKER/LOCATER V6.22.4.0, INVOKED BY:
C:\KEIL_V5\C51\BIN\BL51.EXE .\Release\Objects\STARTUP.obj, .\Release\Objects\system.obj, .\Release\Objects\adc.obj, .\Re
>> lease\Objects\pwm.obj, .\Release\Objects\timer0.obj, .\Release\Objects\timer1.obj, .\Release\Objects\uart0.obj, .\Rel
>> ease\Objects\main.obj, .\Release\Objects\uart_data_handle.obj, .\Release\Objects\key_driver.obj, .\Release\Objects\ad
>> _key.obj, .\Release\Objects\user_test.obj, .\Release\Objects\led.obj, .\Release\Objects\battery_monitor.obj, .\Releas
>> e\Objects\bluetooth_ic_handle.obj, .\Release\Objects\charge_det.obj, .\Release\Objects\low_power.obj, .\Release\Objec
>> ts\bat_scan.obj, .\Release\Objects\led_bat_lev.obj TO .\Release\Objects\Demo PRINT (.\Release\Listings\Demo.m51) RAMS
>> IZE (256) CODE (0X0000-0X3EEF) XDATA (0X6000-0X66FF)


MEMORY MODEL: LARGE


INPUT MODULES INCLUDED:
  .\Release\Objects\STARTUP.obj (?C_STARTUP)
  .\Release\Objects\system.obj (SYSTEM)
  .\Release\Objects\adc.obj (ADC)
  .\Release\Objects\pwm.obj (PWM)
  .\Release\Objects\timer0.obj (TIMER0)
  .\Release\Objects\timer1.obj (TIMER1)
  .\Release\Objects\uart0.obj (UART0)
  .\Release\Objects\main.obj (MAIN)
  .\Release\Objects\uart_data_handle.obj (UART_DATA_HANDLE)
  .\Release\Objects\key_driver.obj (KEY_DRIVER)
  .\Release\Objects\ad_key.obj (AD_KEY)
  .\Release\Objects\user_test.obj (USER_TEST)
  .\Release\Objects\led.obj (LED)
  .\Release\Objects\battery_monitor.obj (BATTERY_MONITOR)
  .\Release\Objects\bluetooth_ic_handle.obj (BLUETOOTH_IC_HANDLE)
  .\Release\Objects\charge_det.obj (CHARGE_DET)
  .\Release\Objects\low_power.obj (LOW_POWER)
  .\Release\Objects\bat_scan.obj (BAT_SCAN)
  .\Release\Objects\led_bat_lev.obj (LED_BAT_LEV)
  C:\KEIL_V5\C51\LIB\C51L.LIB (?C_INIT)
  C:\KEIL_V5\C51\LIB\C51L.LIB (?C?COPY)
  C:\KEIL_V5\C51\LIB\C51L.LIB (?C?CLDPTR)
  C:\KEIL_V5\C51\LIB\C51L.LIB (?C?CLDOPTR)
  C:\KEIL_V5\C51\LIB\C51L.LIB (?C?CILDOPTR)
  C:\KEIL_V5\C51\LIB\C51L.LIB (?C?CSTOPTR)
  C:\KEIL_V5\C51\LIB\C51L.LIB (?C?UIDIV)
  C:\KEIL_V5\C51\LIB\C51L.LIB (?C?IILDX)
  C:\KEIL_V5\C51\LIB\C51L.LIB (?C?LADD)
  C:\KEIL_V5\C51\LIB\C51L.LIB (?C?ULDIV)
  C:\KEIL_V5\C51\LIB\C51L.LIB (?C?SLCMP)
  C:\KEIL_V5\C51\LIB\C51L.LIB (?C?ULCMP)
  C:\KEIL_V5\C51\LIB\C51L.LIB (?C?LLDXDATA)
  C:\KEIL_V5\C51\LIB\C51L.LIB (?C?LLDXDATA0)
  C:\KEIL_V5\C51\LIB\C51L.LIB (?C?LSTXDATA)
  C:\KEIL_V5\C51\LIB\C51L.LIB (?C?LSTKXDATA)
  C:\KEIL_V5\C51\LIB\C51L.LIB (?C?PLDXDATA)
  C:\KEIL_V5\C51\LIB\C51L.LIB (?C?PSTXDATA)
  C:\KEIL_V5\C51\LIB\C51L.LIB (?C?PLDOPTR)
  C:\KEIL_V5\C51\LIB\C51L.LIB (?C?CCASE)
  C:\KEIL_V5\C51\LIB\C51L.LIB (?C?ICALL)
  C:\KEIL_V5\C51\LIB\C51L.LIB (?C?LIMUL)
  C:\KEIL_V5\C51\LIB\C51L.LIB (?C?MEMSET)
  C:\KEIL_V5\C51\LIB\C51L.LIB (?C?PLDIDATA)
  C:\KEIL_V5\C51\LIB\C51L.LIB (?C?PLDPDATA)
BL51 BANKED LINKER/LOCATER V6.22.4.0                                                  07/30/2026  16:03:36  PAGE 2


  C:\KEIL_V5\C51\LIB\C51L.LIB (?C?PLDCODE)


LINK MAP OF MODULE:  .\Release\Objects\Demo (?C_STARTUP)


            TYPE    BASE      LENGTH    RELOCATION   SEGMENT NAME
            -----------------------------------------------------

            * * * * * * *   D A T A   M E M O R Y   * * * * * * *
            REG     0000H     0008H     ABSOLUTE     "REG BANK 0"
                    0008H     0018H                  *** GAP ***
            BIT     0020H.0   0000H.4   UNIT         ?BI?ADC
            BIT     0020H.4   0000H.1   UNIT         ?BI?CHARGE_DET
                    0020H.5   0000H.3                *** GAP ***
            IDATA   0021H     0001H     UNIT         ?STACK

            * * * * * * *  X D A T A   M E M O R Y  * * * * * * *
                    0000H     6000H                  *** GAP ***
            XDATA   6000H     00DBH     UNIT         ?XD?BAT_SCAN
            XDATA   60DBH     0086H     UNIT         ?XD?UART0
            XDATA   6161H     0039H     UNIT         ?XD?AD_KEY
            XDATA   619AH     0027H     UNIT         ?XD?CHARGE_DET
            XDATA   61C1H     001AH     UNIT         ?XD?UART_DATA_HANDLE
            XDATA   61DBH     0019H     UNIT         _XDATA_GROUP_
            XDATA   61F4H     0017H     UNIT         ?XD?BATTERY_MONITOR
            XDATA   620BH     000FH     UNIT         ?XD?LED
            XDATA   621AH     000FH     UNIT         ?XD?LED_BAT_LEV
            XDATA   6229H     0009H     UNIT         ?XD?ADC
            XDATA   6232H     0006H     UNIT         ?XD?LOW_POWER
            XDATA   6238H     0004H     UNIT         ?XD?KEY_DRIVER
            XDATA   623CH     0002H     UNIT         ?XD?BLUETOOTH_IC_HANDLE

            * * * * * * *   C O D E   M E M O R Y   * * * * * * *
            CODE    0000H     0003H     ABSOLUTE     
            CODE    0003H     000CH     ABSOLUTE     
            CODE    000FH     000FH     UNIT         ?PR?UART_RECEIVER_TIMEOUT_ADD?UART_DATA_HANDLE
            CODE    001EH     0003H     ABSOLUTE     
            CODE    0021H     0003H     ABSOLUTE     
            CODE    0024H     001BH     UNIT         ?PR?_ADC_CLEAR_UPDATE_FLAG?ADC
            CODE    003FH     0003H     ABSOLUTE     
            CODE    0042H     0003H     ABSOLUTE     
            CODE    0045H     0006H     UNIT         ?PR?LED_BAT_LEV_STA_IDLE_HANDLE?LED_BAT_LEV
            CODE    004BH     0003H     ABSOLUTE     
            CODE    004EH     0438H     UNIT         ?C?LIB_CODE
            CODE    0486H     02EDH     UNIT         ?PR?LED_BAT_LEV_STA_DISCHARGE_HANDLE?LED_BAT_LEV
            CODE    0773H     02CDH     UNIT         ?C_INITSEG
            CODE    0A40H     01AAH     UNIT         ?PR?DETECT_1KHZ_SIGNAL_100US?CHARGE_DET
            CODE    0BEAH     0193H     UNIT         ?PR?_KEY_DRIVER_SCAN?KEY_DRIVER
            CODE    0D7DH     0157H     UNIT         ?PR?DETECT_DISCHARGE_1KHZ_SIGNAL_100US?CHARGE_DET
            CODE    0ED4H     0147H     UNIT         ?PR?LOW_POWER_HANDLE?LOW_POWER
            CODE    101BH     0131H     UNIT         ?PR?CHARGE_DET?CHARGE_DET
            CODE    114CH     0114H     UNIT         ?PR?LED_BAT_LEV_STA_CHARGING_HANDLE?LED_BAT_LEV
            CODE    1260H     010BH     UNIT         ?PR?LOW_POWER_IN?LOW_POWER
            CODE    136BH     0101H     UNIT         ?PR?LED_SLOW_ADJUST_ISR?LED
            CODE    146CH     00EAH     UNIT         ?PR?LED_RED_BLUE_FLASH_1MS_ISR?LED
            CODE    1556H     00D1H     UNIT         ?PR?BATTTERY_MONITOR_1MS_ISR?BATTERY_MONITOR
BL51 BANKED LINKER/LOCATER V6.22.4.0                                                  07/30/2026  16:03:36  PAGE 3


            CODE    1627H     00CFH     UNIT         ?PR?SYSTEM_INIT?SYSTEM
            CODE    16F6H     00ADH     UNIT         ?PR?_BAT_DISCHARGE_TIME_CNT_UPDATE?BATTERY_MONITOR
            CODE    17A3H     00ABH     UNIT         ?PR?LED_BAT_LEV
            CODE    184EH     00A5H     UNIT         ?PR?_UART_RECEIVER_PROCESS_BYTE?UART_DATA_HANDLE
            CODE    18F3H     009CH     UNIT         ?PR?LED
            CODE    198FH     009BH     UNIT         ?PR?AD_KEY_HANDLE?AD_KEY
            CODE    1A2AH     0099H     UNIT         ?PR?BATTERY_MONITOR_HANDLE?BATTERY_MONITOR
            CODE    1AC3H     008DH     UNIT         ?PR?_LED_STATUS_SET?LED
            CODE    1B50H     008CH     UNIT         ?C_C51STARTUP
            CODE    1BDCH     008BH     UNIT         ?PR?PWM_INIT?PWM
            CODE    1C67H     0087H     UNIT         ?PR?ADC_IRQHANDLER?ADC
            CODE    1CEEH     0087H     UNIT         ?PR?_BAT_CHARGE_TIME_CNT_UPDATE?BATTERY_MONITOR
            CODE    1D75H     0079H     UNIT         ?PR?UART_DATA_HANDLE?UART_DATA_HANDLE
            CODE    1DEEH     0076H     UNIT         ?PR?BATTERY_VOLTAGE_UPDATE_BY_ISR?BAT_SCAN
            CODE    1E64H     006CH     UNIT         ?PR?TIMR0_IRQHANDLER?TIMER0
            CODE    1ED0H     006BH     UNIT         ?PR?LED_BAT_LEV_HANDLE?LED_BAT_LEV
            CODE    1F3BH     0066H     UNIT         ?PR?ADC_SCAN?ADC
            CODE    1FA1H     0065H     UNIT         ?PR?LED_BAT_LEV_STA_CHARGE_BEGIN_ANIM_HANDLE?LED_BAT_LEV
            CODE    2006H     005FH     UNIT         ?PR?SEND_LOW_BAT_TIMER_CALLBACK?BATTERY_MONITOR
            CODE    2065H     0057H     UNIT         ?PR?LOW_POWER_ENTER_TIMER_CALLBACK?LOW_POWER
            CODE    20BCH     0053H     UNIT         ?PR?MAIN?MAIN
            CODE    210FH     0053H     UNIT         ?PR?_LED_BAT_LEV_INIT_BY_VOL?LED_BAT_LEV
            CODE    2162H     004EH     UNIT         ?PR?LED_INIT?LED
            CODE    21B0H     004DH     UNIT         ?PR?CHARGE_DET
            CODE    21FDH     004CH     UNIT         ?PR?_AD_KEY_VAL_TO_AD_KEY_INDEX?AD_KEY
            CODE    2249H     004BH     UNIT         ?PR?_ADC_CHANNEL_SEL?ADC
            CODE    2294H     004AH     UNIT         ?PR?_AD_KEY_GET_EVENT?AD_KEY
            CODE    22DEH     004AH     UNIT         ?PR?LOW_POWER_OUT?LOW_POWER
            CODE    2328H     0048H     UNIT         ?PR?TIMR1_IRQHANDLER?TIMER1
            CODE    2370H     0047H     UNIT         ?PR?_UART0_RXBUFFER_PUT_BYTE?UART0
            CODE    23B7H     0045H     UNIT         ?PR?_UART_DATA_SEND_CMD?UART_DATA_HANDLE
            CODE    23FCH     0045H     UNIT         ?PR?BAT_VOL_HISTORY_BUFF_GET_AVG?BAT_SCAN
            CODE    2441H     0043H     UNIT         ?PR?BAT_SCAN
            CODE    2484H     0042H     UNIT         ?PR?UART0_RXBUFFER_GET_BYTE?UART0
            CODE    24C6H     0040H     UNIT         ?PR?LED_STATUS_SWITCH?LED
            CODE    2506H     003DH     UNIT         ?PR?_ADC_UPDATE_VAL?ADC
            CODE    2543H     003CH     UNIT         ?PR?BATTERY_MONITOR
            CODE    257FH     003AH     UNIT         ?PR?UART0_INIT?UART0
            CODE    25B9H     0039H     UNIT         ?PR?BAT_VOL_UPDATE_TIMER_CALLBACK?BAT_SCAN
            CODE    25F2H     0036H     UNIT         ?PR?LED_BAT_LEV_DISLPLAY_1MS_ISR?LED_BAT_LEV
            CODE    2628H     0034H     UNIT         ?PR?UART0_IRQHANDLER?UART0
            CODE    265CH     0033H     UNIT         ?PR?AD_KEY_GET_KEY_VAL?AD_KEY
            CODE    268FH     002FH     UNIT         ?PR?BAT_SCAN?BAT_SCAN
            CODE    26BEH     002EH     UNIT         ?PR?_ADC_GET_VAL?ADC
            CODE    26ECH     002EH     UNIT         ?PR?ADC
            CODE    271AH     002EH     UNIT         ?PR?BAT_VOL_HISTORY_BUFF_ADD_TIMER_CALLBACK?BAT_SCAN
            CODE    2748H     0026H     UNIT         ?PR?LED_BAT_LEV_STA_ALERT_HANDLE?LED_BAT_LEV
            CODE    276EH     0025H     UNIT         ?PR?_ADC_GET_UPDATE_FLAG?ADC
            CODE    2793H     0024H     UNIT         ?PR?IS_LOW_POWER_CONDITION_ESTABLISH?LOW_POWER
            CODE    27B7H     0023H     UNIT         ?PR?_UART0_SENDBUF?UART0
            CODE    27DAH     0022H     UNIT         ?PR?ADC_INIT?ADC
            CODE    27FCH     0022H     UNIT         ?PR?UART_RECEIVER_PROCESS_CHECKSUM?UART_DATA_HANDLE
            CODE    281EH     0022H     UNIT         ?PR?_GET_BATTERY_VOLTAGE_BY_ADC?BAT_SCAN
            CODE    2840H     0021H     UNIT         ?PR?USER_INIT?MAIN
            CODE    2861H     0021H     UNIT         ?PR?KEY_DRIVER
            CODE    2882H     001BH     UNIT         ?PR?TIMER0_INIT?TIMER0
            CODE    289DH     001BH     UNIT         ?PR?TIMER1_INIT?TIMER1
BL51 BANKED LINKER/LOCATER V6.22.4.0                                                  07/30/2026  16:03:36  PAGE 4


            CODE    28B8H     001AH     UNIT         ?PR?BLUETOOTH_IC_HANDLE_INIT?BLUETOOTH_IC_HANDLE
            CODE    28D2H     001AH     UNIT         ?PR?_BAT_VOL_HISTORY_BUFF_ADD?BAT_SCAN
            CODE    28ECH     0019H     UNIT         ?PR?CHARGE_DET_INIT?CHARGE_DET
            CODE    2905H     0018H     UNIT         ?PR?_DELAY_MS?SYSTEM
            CODE    291DH     0018H     UNIT         ?PR?WUT_IRQHANDLER?LOW_POWER
            CODE    2935H     0017H     UNIT         ?PR?ADC_GET_VAL_ONCE?ADC
            CODE    294CH     0017H     UNIT         ?PR?UART_DATA_HANDLE
            CODE    2963H     0016H     UNIT         ?PR?PWM
            CODE    2979H     0016H     UNIT         ?PR?BAT_GET_AVG_VOL_PERIOD_ADD?BAT_SCAN
            CODE    298FH     0016H     UNIT         ?PR?_BAT_VOL_HISTORY_BUFF_INIT?BAT_SCAN
            CODE    29A5H     0015H     UNIT         ?PR?BLE_IC_ENABLE?BLUETOOTH_IC_HANDLE
            CODE    29BAH     0015H     UNIT         ?PR?LED_BAT_LEV_STA_CHARGE_BEGIN_HANDLE?LED_BAT_LEV
            CODE    29CFH     0013H     UNIT         ?PR?UART_RECEIVER_TIMEOUT_HANDLER?UART_DATA_HANDLE
            CODE    29E2H     0012H     UNIT         ?PR?ADC_INIT_WHEN_LOW_PWR_OUT?ADC
            CODE    29F4H     0012H     UNIT         ?PR?UART_RECEIVER_RESET?UART_DATA_HANDLE
            CODE    2A06H     0011H     UNIT         ?PR?ADC_PIN_INIT?ADC
            CODE    2A17H     000FH     UNIT         ?PR?AD_KEY
            CODE    2A26H     000FH     UNIT         ?PR?LED_CTL_INIT?LED
            CODE    2A35H     000DH     UNIT         ?PR?LED_YELLOW_ON?LED
            CODE    2A42H     000DH     UNIT         ?PR?LED_WHITE_ON?LED
            CODE    2A4FH     000BH     UNIT         ?PR?_DELAY?SYSTEM
            CODE    2A5AH     000AH     UNIT         ?PR?LOW_POWER
            CODE    2A64H     0009H     UNIT         ?PR?_PWM_SET_CHANNEL_0_DUTY?PWM
            CODE    2A6DH     0009H     UNIT         ?PR?_PWM_SET_CHANNEL_1_DUTY?PWM
            CODE    2A76H     0009H     UNIT         ?PR?UART0_RXBUFFER_GET_COUNT?UART0
            CODE    2A7FH     0009H     UNIT         ?PR?LED_BAT_LEV_STA_CHARGE_END_HANDLE?LED_BAT_LEV
            CODE    2A88H     0008H     UNIT         ?PR?_UART0_SENDBYTE?UART0
            CODE    2A90H     0008H     UNIT         ?CO?UART_DATA_HANDLE
            CODE    2A98H     0008H     UNIT         ?PR?LED_YELLOW_OFF?LED
            CODE    2AA0H     0008H     UNIT         ?PR?LED_WHITE_OFF?LED
            CODE    2AA8H     0008H     UNIT         ?PR?BLE_IC_DISABLE_POST?BLUETOOTH_IC_HANDLE
            CODE    2AB0H     0007H     UNIT         ?PR?UART0
            CODE    2AB7H     0005H     UNIT         ?PR?BLE_IC_DISABLE_PRE?BLUETOOTH_IC_HANDLE
            CODE    2ABCH     0003H     UNIT         ?PR?CHARGE_DET_TIME_ADD?CHARGE_DET



OVERLAY MAP OF MODULE:   .\Release\Objects\Demo (?C_STARTUP)


SEGMENT                                            XDATA_GROUP
  +--> CALLED SEGMENT                            START    LENGTH
----------------------------------------------------------------
?C_C51STARTUP                                    -----    -----
  +--> ?PR?MAIN?MAIN
  +--> ?C_INITSEG

?PR?MAIN?MAIN                                    -----    -----
  +--> ?PR?SYSTEM_INIT?SYSTEM
  +--> ?PR?USER_INIT?MAIN
  +--> ?PR?_DELAY_MS?SYSTEM
  +--> ?PR?_KEY_DRIVER_SCAN?KEY_DRIVER
  +--> ?PR?AD_KEY_HANDLE?AD_KEY
  +--> ?PR?UART_DATA_HANDLE?UART_DATA_HANDLE
  +--> ?PR?CHARGE_DET?CHARGE_DET
  +--> ?PR?BAT_SCAN?BAT_SCAN
  +--> ?PR?LED_BAT_LEV_HANDLE?LED_BAT_LEV
BL51 BANKED LINKER/LOCATER V6.22.4.0                                                  07/30/2026  16:03:36  PAGE 5


  +--> ?PR?BATTERY_MONITOR_HANDLE?BATTERY_MO...
  +--> ?PR?LOW_POWER_HANDLE?LOW_POWER

?PR?SYSTEM_INIT?SYSTEM                           -----    -----
  +--> ?PR?_DELAY?SYSTEM
  +--> ?PR?_DELAY_MS?SYSTEM

?PR?_DELAY_MS?SYSTEM                             -----    -----
  +--> ?PR?_DELAY?SYSTEM

?PR?USER_INIT?MAIN                               -----    -----
  +--> ?PR?ADC_PIN_INIT?ADC
  +--> ?PR?ADC_INIT?ADC
  +--> ?PR?LED_INIT?LED
  +--> ?PR?UART0_INIT?UART0
  +--> ?PR?PWM_INIT?PWM
  +--> ?PR?BLUETOOTH_IC_HANDLE_INIT?BLUETOOT...
  +--> ?PR?UART_RECEIVER_RESET?UART_DATA_HANDLE
  +--> ?PR?LED_CTL_INIT?LED
  +--> ?PR?CHARGE_DET_INIT?CHARGE_DET
  +--> ?PR?TIMER0_INIT?TIMER0
  +--> ?PR?TIMER1_INIT?TIMER1

?PR?ADC_INIT?ADC                                 -----    -----
  +--> ?PR?_DELAY_MS?SYSTEM

?PR?LED_INIT?LED                                 -----    -----
  +--> ?PR?LED

?PR?PWM_INIT?PWM                                 -----    -----
  +--> ?PR?PWM

?PR?_KEY_DRIVER_SCAN?KEY_DRIVER                  61DBH    0002H
  +--> ?PR?KEY_DRIVER

?PR?AD_KEY_HANDLE?AD_KEY                         61DBH    0001H
  +--> ?PR?_AD_KEY_GET_EVENT?AD_KEY
  +--> ?PR?LED_STATUS_SWITCH?LED
  +--> ?PR?_UART_DATA_SEND_CMD?UART_DATA_HANDLE
  +--> ?PR?BLE_IC_DISABLE_PRE?BLUETOOTH_IC_H...
  +--> ?PR?BLE_IC_ENABLE?BLUETOOTH_IC_HANDLE

?PR?_AD_KEY_GET_EVENT?AD_KEY                     -----    -----
  +--> ?PR?AD_KEY

?PR?LED_STATUS_SWITCH?LED                        -----    -----
  +--> ?PR?_LED_STATUS_SET?LED

?PR?_LED_STATUS_SET?LED                          61DCH    0001H
  +--> ?PR?LED_YELLOW_OFF?LED
  +--> ?PR?LED_WHITE_OFF?LED
  +--> ?PR?LED_WHITE_ON?LED
  +--> ?PR?LED_YELLOW_ON?LED

?PR?LED_WHITE_ON?LED                             -----    -----
  +--> ?PR?LED
  +--> ?PR?_PWM_SET_CHANNEL_1_DUTY?PWM
BL51 BANKED LINKER/LOCATER V6.22.4.0                                                  07/30/2026  16:03:36  PAGE 6



?PR?_PWM_SET_CHANNEL_1_DUTY?PWM                  -----    -----
  +--> ?PR?PWM

?PR?LED_YELLOW_ON?LED                            -----    -----
  +--> ?PR?LED
  +--> ?PR?_PWM_SET_CHANNEL_0_DUTY?PWM

?PR?_PWM_SET_CHANNEL_0_DUTY?PWM                  -----    -----
  +--> ?PR?PWM

?PR?_UART_DATA_SEND_CMD?UART_DATA_HANDLE         61DCH    0009H
  +--> ?CO?UART_DATA_HANDLE
  +--> ?PR?_UART0_SENDBUF?UART0

?PR?_UART0_SENDBUF?UART0                         61E5H    0003H
  +--> ?PR?_UART0_SENDBYTE?UART0

?PR?BLE_IC_DISABLE_PRE?BLUETOOTH_IC_H...         -----    -----
  +--> ?PR?_UART_DATA_SEND_CMD?UART_DATA_HANDLE

?PR?BLE_IC_ENABLE?BLUETOOTH_IC_HANDLE            -----    -----
  +--> ?PR?_DELAY_MS?SYSTEM
  +--> ?PR?_UART_DATA_SEND_CMD?UART_DATA_HANDLE

?PR?UART_DATA_HANDLE?UART_DATA_HANDLE            -----    -----
  +--> ?PR?UART_RECEIVER_RESET?UART_DATA_HANDLE
  +--> ?PR?UART_RECEIVER_TIMEOUT_HANDLER?UAR...
  +--> ?PR?UART0_RXBUFFER_GET_COUNT?UART0
  +--> ?PR?UART0_RXBUFFER_GET_BYTE?UART0
  +--> ?PR?_UART_RECEIVER_PROCESS_BYTE?UART_...
  +--> ?PR?BLE_IC_DISABLE_POST?BLUETOOTH_IC_...

?PR?UART_RECEIVER_TIMEOUT_HANDLER?UAR...         -----    -----
  +--> ?PR?UART_RECEIVER_RESET?UART_DATA_HANDLE

?PR?UART0_RXBUFFER_GET_BYTE?UART0                -----    -----
  +--> ?PR?UART0

?PR?_UART_RECEIVER_PROCESS_BYTE?UART_...         -----    -----
  +--> ?PR?UART_DATA_HANDLE
  +--> ?PR?UART_RECEIVER_PROCESS_CHECKSUM?UA...

?PR?CHARGE_DET?CHARGE_DET                        61DBH    0004H
  +--> ?PR?_ADC_GET_UPDATE_FLAG?ADC
  +--> ?PR?_ADC_CLEAR_UPDATE_FLAG?ADC
  +--> ?PR?_ADC_GET_VAL?ADC
  +--> ?PR?CHARGE_DET

?PR?BAT_SCAN?BAT_SCAN                            -----    -----
  +--> ?PR?BAT_SCAN
  +--> ?PR?BAT_VOL_HISTORY_BUFF_GET_AVG?BAT_...

?PR?BAT_VOL_HISTORY_BUFF_GET_AVG?BAT_...         61DBH    0005H
  +--> ?PR?BAT_SCAN

?PR?BATTERY_MONITOR_HANDLE?BATTERY_MO...         -----    -----
BL51 BANKED LINKER/LOCATER V6.22.4.0                                                  07/30/2026  16:03:36  PAGE 7


  +--> ?PR?_LED_STATUS_SET?LED
  +--> ?PR?_UART_DATA_SEND_CMD?UART_DATA_HANDLE
  +--> ?PR?_DELAY_MS?SYSTEM
  +--> ?PR?BLE_IC_DISABLE_PRE?BLUETOOTH_IC_H...
  +--> ?PR?BLE_IC_ENABLE?BLUETOOTH_IC_HANDLE

?PR?LOW_POWER_HANDLE?LOW_POWER                   61DBH    0007H
  +--> ?PR?LOW_POWER
  +--> ?PR?LOW_POWER_IN?LOW_POWER
  +--> ?PR?LOW_POWER_OUT?LOW_POWER
  +--> ?PR?ADC_PIN_INIT?ADC
  +--> ?PR?ADC_INIT_WHEN_LOW_PWR_OUT?ADC
  +--> ?PR?_ADC_CHANNEL_SEL?ADC
  +--> ?PR?_DELAY_MS?SYSTEM
  +--> ?PR?ADC_GET_VAL_ONCE?ADC
  +--> ?PR?_GET_BATTERY_VOLTAGE_BY_ADC?BAT_SCAN
  +--> ?PR?USER_INIT?MAIN

?PR?LOW_POWER_IN?LOW_POWER                       -----    -----
  +--> ?PR?_DELAY_MS?SYSTEM

?PR?ADC_GET_VAL_ONCE?ADC                         -----    -----
  +--> ?PR?ADC

?PR?ADC                                          -----    -----
  +--> ?PR?_ADC_CHANNEL_SEL?ADC

?C_INITSEG                                       -----    -----
  +--> ?PR?AD_KEY_GET_KEY_VAL?AD_KEY

?PR?AD_KEY_GET_KEY_VAL?AD_KEY                    61DBH    0001H
  +--> ?PR?_ADC_GET_UPDATE_FLAG?ADC
  +--> ?PR?_ADC_CLEAR_UPDATE_FLAG?ADC
  +--> ?PR?_ADC_GET_VAL?ADC
  +--> ?PR?_AD_KEY_VAL_TO_AD_KEY_INDEX?AD_KEY

?PR?_AD_KEY_VAL_TO_AD_KEY_INDEX?AD_KEY           61DCH    0002H

*** NEW ROOT ***************************************************

?PR?ADC_IRQHANDLER?ADC                           61E8H    0002H
  +--> ?PR?ADC
  +--> ?PR?_ADC_UPDATE_VAL?ADC
  +--> ?PR?BATTERY_VOLTAGE_UPDATE_BY_ISR?BAT...

?PR?BATTERY_VOLTAGE_UPDATE_BY_ISR?BAT...         61EAH    0004H
  +--> ?PR?_ADC_GET_UPDATE_FLAG?ADC
  +--> ?PR?_ADC_CLEAR_UPDATE_FLAG?ADC
  +--> ?PR?_ADC_GET_VAL?ADC
  +--> ?PR?_GET_BATTERY_VOLTAGE_BY_ADC?BAT_SCAN
  +--> ?PR?BAT_SCAN
  +--> ?PR?_BAT_VOL_HISTORY_BUFF_INIT?BAT_SCAN
  +--> ?PR?_LED_BAT_LEV_INIT_BY_VOL?LED_BAT_LEV
  +--> ?PR?_BAT_CHARGE_TIME_CNT_UPDATE?BATTE...
  +--> ?PR?_BAT_DISCHARGE_TIME_CNT_UPDATE?BA...

?PR?_BAT_VOL_HISTORY_BUFF_INIT?BAT_SCAN          -----    -----
BL51 BANKED LINKER/LOCATER V6.22.4.0                                                  07/30/2026  16:03:36  PAGE 8


  +--> ?PR?BAT_SCAN

?PR?_BAT_DISCHARGE_TIME_CNT_UPDATE?BA...         61F0H    0002H
  +--> ?PR?BATTERY_MONITOR

*** NEW ROOT ***************************************************

?PR?TIMR0_IRQHANDLER?TIMER0                      -----    -----
  +--> ?PR?ADC_SCAN?ADC
  +--> ?PR?CHARGE_DET_TIME_ADD?CHARGE_DET
  +--> ?PR?UART_RECEIVER_TIMEOUT_ADD?UART_DA...
  +--> ?PR?BAT_VOL_UPDATE_TIMER_CALLBACK?BAT...
  +--> ?PR?BAT_VOL_HISTORY_BUFF_ADD_TIMER_CA...
  +--> ?PR?BAT_GET_AVG_VOL_PERIOD_ADD?BAT_SCAN
  +--> ?PR?LED_SLOW_ADJUST_ISR?LED
  +--> ?PR?LED_RED_BLUE_FLASH_1MS_ISR?LED
  +--> ?PR?LOW_POWER_ENTER_TIMER_CALLBACK?LO...
  +--> ?PR?SEND_LOW_BAT_TIMER_CALLBACK?BATTE...
  +--> ?PR?LED_BAT_LEV_DISLPLAY_1MS_ISR?LED_...
  +--> ?PR?BATTTERY_MONITOR_1MS_ISR?BATTERY_...

?PR?ADC_SCAN?ADC                                 -----    -----
  +--> ?PR?ADC

?PR?BAT_VOL_HISTORY_BUFF_ADD_TIMER_CA...         -----    -----
  +--> ?PR?BAT_SCAN
  +--> ?PR?_BAT_VOL_HISTORY_BUFF_ADD?BAT_SCAN

?PR?_BAT_VOL_HISTORY_BUFF_ADD?BAT_SCAN           -----    -----
  +--> ?PR?BAT_SCAN

?PR?BAT_GET_AVG_VOL_PERIOD_ADD?BAT_SCAN          -----    -----
  +--> ?PR?BAT_SCAN

?PR?LED_SLOW_ADJUST_ISR?LED                      -----    -----
  +--> ?PR?LED
  +--> ?PR?_PWM_SET_CHANNEL_0_DUTY?PWM
  +--> ?PR?_PWM_SET_CHANNEL_1_DUTY?PWM

?PR?LED_RED_BLUE_FLASH_1MS_ISR?LED               61F0H    0002H
  +--> ?PR?LED

?PR?LOW_POWER_ENTER_TIMER_CALLBACK?LO...         -----    -----
  +--> ?PR?IS_LOW_POWER_CONDITION_ESTABLISH?...

?PR?SEND_LOW_BAT_TIMER_CALLBACK?BATTE...         -----    -----
  +--> ?PR?BATTERY_MONITOR

?PR?LED_BAT_LEV_DISLPLAY_1MS_ISR?LED_...         -----    -----
  +--> ?PR?LED_BAT_LEV_STA_IDLE_HANDLE?LED_B...
  +--> ?PR?LED_BAT_LEV_STA_CHARGE_BEGIN_HAND...
  +--> ?PR?LED_BAT_LEV_STA_CHARGE_BEGIN_ANIM...
  +--> ?PR?LED_BAT_LEV_STA_CHARGING_HANDLE?L...
  +--> ?PR?LED_BAT_LEV_STA_CHARGE_END_HANDLE...
  +--> ?PR?LED_BAT_LEV_STA_ALERT_HANDLE?LED_...
  +--> ?PR?LED_BAT_LEV_STA_DISCHARGE_HANDLE?...

BL51 BANKED LINKER/LOCATER V6.22.4.0                                                  07/30/2026  16:03:36  PAGE 9


?PR?LED_BAT_LEV_STA_IDLE_HANDLE?LED_B...         -----    -----
  +--> ?PR?LED_BAT_LEV

?PR?LED_BAT_LEV_STA_CHARGE_BEGIN_HAND...         -----    -----
  +--> ?PR?LED_BAT_LEV

?PR?LED_BAT_LEV_STA_CHARGE_BEGIN_ANIM...         -----    -----
  +--> ?PR?LED_BAT_LEV

?PR?LED_BAT_LEV_STA_CHARGING_HANDLE?L...         -----    -----
  +--> ?PR?LED_BAT_LEV

?PR?LED_BAT_LEV_STA_ALERT_HANDLE?LED_...         -----    -----
  +--> ?PR?LED_BAT_LEV

?PR?LED_BAT_LEV_STA_DISCHARGE_HANDLE?...         61F0H    0001H
  +--> ?PR?LED_BAT_LEV

?PR?BATTTERY_MONITOR_1MS_ISR?BATTERY_...         -----    -----
  +--> ?PR?BATTERY_MONITOR
  +--> ?PR?_BAT_VOL_HISTORY_BUFF_INIT?BAT_SCAN
  +--> ?PR?_BAT_DISCHARGE_TIME_CNT_UPDATE?BA...
  +--> ?PR?_BAT_CHARGE_TIME_CNT_UPDATE?BATTE...

*** NEW ROOT ***************************************************

?PR?TIMR1_IRQHANDLER?TIMER1                      -----    -----
  +--> ?PR?DETECT_1KHZ_SIGNAL_100US?CHARGE_DET
  +--> ?PR?DETECT_DISCHARGE_1KHZ_SIGNAL_100U...

?PR?DETECT_1KHZ_SIGNAL_100US?CHARGE_DET          61F2H    0001H
  +--> ?PR?CHARGE_DET

?PR?DETECT_DISCHARGE_1KHZ_SIGNAL_100U...         61F2H    0001H
  +--> ?PR?CHARGE_DET

*** NEW ROOT ***************************************************

?PR?UART0_IRQHANDLER?UART0                       61F3H    0001H
  +--> ?PR?_UART0_RXBUFFER_PUT_BYTE?UART0

?PR?_UART0_RXBUFFER_PUT_BYTE?UART0               -----    -----
  +--> ?PR?UART0



SYMBOL TABLE OF MODULE:  .\Release\Objects\Demo (?C_STARTUP)

  VALUE           TYPE          NAME
  ----------------------------------

  -------         MODULE        ?C_STARTUP
  C:1B50H         SEGMENT       ?C_C51STARTUP
  I:0021H         SEGMENT       ?STACK
  C:0000H         PUBLIC        ?C_STARTUP
  D:00E0H         SYMBOL        ACC
  D:00F0H         SYMBOL        B
BL51 BANKED LINKER/LOCATER V6.22.4.0                                                  07/30/2026  16:03:36  PAGE 10


  D:0083H         SYMBOL        DPH
  D:0082H         SYMBOL        DPL
  N:0000H         SYMBOL        IBPSTACK
  N:0100H         SYMBOL        IBPSTACKTOP
  N:0080H         SYMBOL        IDATALEN
  C:1B53H         SYMBOL        IDATALOOP
  N:0000H         SYMBOL        PBPSTACK
  N:0100H         SYMBOL        PBPSTACKTOP
  N:0000H         SYMBOL        PDATALEN
  N:0000H         SYMBOL        PDATASTART
  N:0000H         SYMBOL        PPAGE
  N:0000H         SYMBOL        PPAGEENABLE
  D:00A0H         SYMBOL        PPAGE_SFR
  D:0081H         SYMBOL        SP
  C:1B50H         SYMBOL        STARTUP1
  N:0000H         SYMBOL        XBPSTACK
  N:0000H         SYMBOL        XBPSTACKTOP
  N:0000H         SYMBOL        XDATALEN
  N:0000H         SYMBOL        XDATASTART
  C:0000H         LINE#         126
  C:1B50H         LINE#         133
  C:1B52H         LINE#         134
  C:1B53H         LINE#         135
  C:1B54H         LINE#         136
  C:1B56H         LINE#         185
  C:1B59H         LINE#         196
  -------         ENDMOD        ?C_STARTUP

  -------         MODULE        SYSTEM
  C:0000H         SYMBOL        _ICE_DUMMY_
  D:00A7H         PUBLIC        FLASH_TIMEREG0
  D:00ACH         PUBLIC        FLASH_TIMEREG1
  C:2A4FH         PUBLIC        _delay
  C:2905H         PUBLIC        _delay_ms
  C:1627H         PUBLIC        system_init
  -------         PROC          _DELAY
  D:0006H         SYMBOL        cnt
  C:2A4FH         LINE#         37
  C:2A4FH         LINE#         38
  C:2A4FH         LINE#         39
  C:2A59H         LINE#         40
  C:2A59H         LINE#         41
  C:2A59H         LINE#         42
  -------         ENDPROC       _DELAY
  -------         PROC          _DELAY_MS
  D:0002H         SYMBOL        ms
  C:2905H         LINE#         49
  C:2909H         LINE#         50
  C:2909H         LINE#         51
  C:2913H         LINE#         52
  C:2913H         LINE#         53
  C:291AH         LINE#         54
  C:291CH         LINE#         55
  -------         ENDPROC       _DELAY_MS
  -------         PROC          SYSTEM_INIT
  -------         DO            
  D:0007H         SYMBOL        i
BL51 BANKED LINKER/LOCATER V6.22.4.0                                                  07/30/2026  16:03:36  PAGE 11


  -------         ENDDO         
  C:1627H         LINE#         62
  C:1627H         LINE#         63
  C:1627H         LINE#         66
  C:162EH         LINE#         67
  C:163BH         LINE#         68
  C:163EH         LINE#         69
  C:1641H         LINE#         70
  C:1647H         LINE#         71
  C:164DH         LINE#         72
  C:1653H         LINE#         76
  C:1655H         LINE#         77
  C:1655H         LINE#         78
  C:1662H         LINE#         79
  C:1667H         LINE#         81
  C:16F5H         LINE#         82
  -------         ENDPROC       SYSTEM_INIT
  -------         ENDMOD        SYSTEM

  -------         MODULE        ADC
  C:0000H         SYMBOL        _ICE_DUMMY_
  D:00A8H         PUBLIC        IE0
  D:00A9H         PUBLIC        IE1
  D:00AAH         PUBLIC        IE2
  D:00ABH         PUBLIC        IE3
  B:00A8H.7       PUBLIC        IE_EA
  D:00B8H         PUBLIC        IP0
  D:00B1H         PUBLIC        IP1
  D:00B2H         PUBLIC        IP2
  D:00B3H         PUBLIC        IP3
  D:00B4H         PUBLIC        IP4
  D:00B5H         PUBLIC        IP5
  D:00B6H         PUBLIC        IP6
  D:00B7H         PUBLIC        IP7
  D:0093H         PUBLIC        ADC_DATAH0
  D:0094H         PUBLIC        ADC_DATAL0
  D:0099H         PUBLIC        ADC_CHS0
  X:6229H         PUBLIC        cur_adc_status
  C:2A06H         PUBLIC        adc_pin_init
  C:27DAH         PUBLIC        adc_init
  C:1F3BH         PUBLIC        adc_scan
  C:29E2H         PUBLIC        adc_init_when_low_pwr_out
  C:2506H         PUBLIC        _adc_update_val
  C:26BEH         PUBLIC        _adc_get_val
  C:276EH         PUBLIC        _adc_get_update_flag
  C:0024H         PUBLIC        _adc_clear_update_flag
  C:2249H         PUBLIC        _adc_channel_sel
  C:2935H         PUBLIC        adc_get_val_once
  X:622AH         SYMBOL        adc_adkey_val
  B:0020H.0       SYMBOL        flag_is_adkey_val_update
  X:622CH         SYMBOL        adc_bat_det_val
  B:0020H.1       SYMBOL        flag_is_adc_bat_det_val_update
  X:622EH         SYMBOL        adc_solar_det_val
  B:0020H.2       SYMBOL        flag_is_adc_solar_det_val_update
  X:6230H         SYMBOL        adc_type_c_det_val
  B:0020H.3       SYMBOL        flag_is_adc_type_c_det_val_update
  C:1C67H         PUBLIC        ADC_IRQHandler
BL51 BANKED LINKER/LOCATER V6.22.4.0                                                  07/30/2026  16:03:36  PAGE 12


  C:26ECH         SYMBOL        Com0067
  C:26ECH         SYMBOL        L?0104
  C:26ECH         SYMBOL        L?0105
  C:26F6H         SYMBOL        L?0106
  C:26F6H         SYMBOL        L?0107
  C:26FFH         SYMBOL        L?0108
  C:26FFH         SYMBOL        L?0109
  C:2706H         SYMBOL        L?0110
  C:2710H         SYMBOL        L?0111
  -------         PROC          COM0067
  -------         ENDPROC       COM0067
  -------         PROC          ADC_PIN_INIT
  C:2A06H         LINE#         24
  C:2A06H         LINE#         25
  C:2A06H         LINE#         27
  C:2A0CH         LINE#         30
  C:2A12H         LINE#         33
  C:2A16H         LINE#         34
  -------         ENDPROC       ADC_PIN_INIT
  -------         PROC          ADC_INIT
  C:27DAH         LINE#         36
  C:27DAH         LINE#         37
  C:27DAH         LINE#         38
  C:27DFH         LINE#         40
  C:27E5H         LINE#         44
  C:27E8H         LINE#         45
  C:27EAH         LINE#         47
  C:27F0H         LINE#         49
  C:27F5H         LINE#         52
  -------         ENDPROC       ADC_INIT
  -------         PROC          _ADC_UPDATE_VAL
  D:0007H         SYMBOL        adc_channel
  D:0004H         SYMBOL        adc_val
  C:2506H         LINE#         61
  C:2506H         LINE#         62
  C:2506H         LINE#         63
  C:2515H         LINE#         64
  C:2515H         LINE#         65
  C:2515H         LINE#         66
  C:251DH         LINE#         67
  C:251FH         LINE#         68
  C:2520H         LINE#         69
  C:2520H         LINE#         70
  C:2528H         LINE#         71
  C:252AH         LINE#         72
  C:252BH         LINE#         73
  C:252BH         LINE#         74
  C:2533H         LINE#         75
  C:2535H         LINE#         76
  C:2536H         LINE#         77
  C:2536H         LINE#         78
  C:2540H         LINE#         79
  C:2542H         LINE#         80
  C:2542H         LINE#         81
  C:2542H         LINE#         82
  -------         ENDPROC       _ADC_UPDATE_VAL
  -------         PROC          _ADC_GET_VAL
BL51 BANKED LINKER/LOCATER V6.22.4.0                                                  07/30/2026  16:03:36  PAGE 13


  D:0007H         SYMBOL        adc_channel
  -------         DO            
  D:0004H         SYMBOL        ret
  -------         ENDDO         
  C:26BEH         LINE#         84
  C:26BEH         LINE#         85
  C:26BEH         LINE#         86
  C:26C1H         LINE#         87
  C:26D0H         LINE#         88
  C:26D0H         LINE#         89
  C:26D0H         LINE#         90
  C:26D3H         LINE#         91
  C:26D5H         LINE#         92
  C:26D5H         LINE#         93
  C:26D8H         LINE#         94
  C:26DAH         LINE#         95
  C:26DAH         LINE#         96
  C:26DDH         LINE#         97
  C:26DFH         LINE#         98
  C:26DFH         LINE#         99
  C:26E7H         LINE#         100
  C:26E7H         LINE#         102
  C:26E7H         LINE#         103
  C:26E7H         LINE#         104
  C:26E7H         LINE#         106
  C:26EBH         LINE#         107
  -------         ENDPROC       _ADC_GET_VAL
  -------         PROC          _ADC_GET_UPDATE_FLAG
  D:0007H         SYMBOL        adc_channel
  -------         DO            
  D:0006H         SYMBOL        ret
  -------         ENDDO         
  C:276EH         LINE#         110
  C:276EH         LINE#         111
  C:276EH         LINE#         112
  C:2770H         LINE#         113
  C:277FH         LINE#         114
  C:277FH         LINE#         115
  C:277FH         LINE#         116
  C:2781H         LINE#         117
  C:2783H         LINE#         118
  C:2783H         LINE#         119
  C:2785H         LINE#         120
  C:2787H         LINE#         121
  C:2787H         LINE#         122
  C:2789H         LINE#         123
  C:278BH         LINE#         124
  C:278BH         LINE#         125
  C:2790H         LINE#         126
  C:2790H         LINE#         128
  C:2790H         LINE#         129
  C:2790H         LINE#         130
  C:2790H         LINE#         132
  C:2792H         LINE#         133
  -------         ENDPROC       _ADC_GET_UPDATE_FLAG
  -------         PROC          _ADC_CLEAR_UPDATE_FLAG
  D:0007H         SYMBOL        adc_channel
BL51 BANKED LINKER/LOCATER V6.22.4.0                                                  07/30/2026  16:03:36  PAGE 14


  C:0024H         LINE#         136
  C:0024H         LINE#         137
  C:0024H         LINE#         138
  C:0033H         LINE#         139
  C:0033H         LINE#         140
  C:0033H         LINE#         141
  C:0035H         LINE#         142
  C:0036H         LINE#         143
  C:0036H         LINE#         144
  C:0038H         LINE#         145
  C:0039H         LINE#         146
  C:0039H         LINE#         147
  C:003BH         LINE#         148
  C:003CH         LINE#         149
  C:003CH         LINE#         150
  C:003EH         LINE#         151
  C:003EH         LINE#         153
  C:003EH         LINE#         154
  C:003EH         LINE#         155
  C:003EH         LINE#         156
  -------         ENDPROC       _ADC_CLEAR_UPDATE_FLAG
  -------         PROC          _ADC_CHANNEL_SEL
  D:0007H         SYMBOL        adc_channel
  C:2249H         LINE#         158
  C:2249H         LINE#         159
  C:2249H         LINE#         160
  C:2250H         LINE#         164
  C:225FH         LINE#         165
  C:225FH         LINE#         166
  C:225FH         LINE#         168
  C:2266H         LINE#         170
  C:2269H         LINE#         171
  C:226BH         LINE#         172
  C:226BH         LINE#         173
  C:2272H         LINE#         176
  C:2275H         LINE#         178
  C:2277H         LINE#         179
  C:2277H         LINE#         183
  C:227EH         LINE#         186
  C:2281H         LINE#         187
  C:2283H         LINE#         189
  C:2283H         LINE#         190
  C:228AH         LINE#         193
  C:228DH         LINE#         194
  C:228DH         LINE#         196
  C:228DH         LINE#         197
  C:228DH         LINE#         198
  C:228DH         LINE#         200
  C:2293H         LINE#         202
  -------         ENDPROC       _ADC_CHANNEL_SEL
  -------         PROC          ADC_INIT_WHEN_LOW_PWR_OUT
  C:29E2H         LINE#         205
  C:29E2H         LINE#         206
  C:29E2H         LINE#         207
  C:29E8H         LINE#         210
  C:29EEH         LINE#         211
  C:29F3H         LINE#         213
BL51 BANKED LINKER/LOCATER V6.22.4.0                                                  07/30/2026  16:03:36  PAGE 15


  -------         ENDPROC       ADC_INIT_WHEN_LOW_PWR_OUT
  -------         PROC          ADC_GET_VAL_ONCE
  C:2935H         LINE#         216
  C:2935H         LINE#         217
  C:2935H         LINE#         218
  C:293BH         LINE#         219
  C:2941H         LINE#         221
  C:2943H         LINE#         222
  C:294BH         LINE#         223
  -------         ENDPROC       ADC_GET_VAL_ONCE
  -------         PROC          ADC_SCAN
  C:1F3BH         LINE#         226
  C:1F3BH         LINE#         227
  C:1F3BH         LINE#         229
  C:1F61H         LINE#         230
  C:1F61H         LINE#         231
  C:1F61H         LINE#         233
  C:1F61H         LINE#         234
  C:1F63H         LINE#         235
  C:1F69H         LINE#         236
  C:1F6AH         LINE#         237
  C:1F6AH         LINE#         239
  C:1F6AH         LINE#         240
  C:1F70H         LINE#         241
  C:1F71H         LINE#         242
  C:1F71H         LINE#         243
  C:1F73H         LINE#         244
  C:1F79H         LINE#         245
  C:1F7AH         LINE#         246
  C:1F7AH         LINE#         248
  C:1F7AH         LINE#         249
  C:1F80H         LINE#         250
  C:1F81H         LINE#         251
  C:1F81H         LINE#         252
  C:1F83H         LINE#         253
  C:1F89H         LINE#         254
  C:1F8AH         LINE#         255
  C:1F8AH         LINE#         256
  C:1F8AH         LINE#         257
  C:1F90H         LINE#         258
  C:1F91H         LINE#         259
  C:1F91H         LINE#         260
  C:1F93H         LINE#         261
  C:1F99H         LINE#         262
  C:1F9AH         LINE#         263
  C:1F9AH         LINE#         264
  C:1F9AH         LINE#         265
  C:1FA0H         LINE#         266
  C:1FA0H         LINE#         268
  C:1FA0H         LINE#         269
  C:1FA0H         LINE#         270
  C:1FA0H         LINE#         271
  -------         ENDPROC       ADC_SCAN
  -------         PROC          ADC_IRQHANDLER
  -------         DO            
  X:61E8H         SYMBOL        adc_val
  -------         ENDDO         
BL51 BANKED LINKER/LOCATER V6.22.4.0                                                  07/30/2026  16:03:36  PAGE 16


  C:1C67H         LINE#         273
  C:1C84H         LINE#         278
  C:1C84H         LINE#         282
  C:1C8AH         LINE#         283
  C:1C8AH         LINE#         284
  C:1C8DH         LINE#         285
  C:1C9CH         LINE#         287
  C:1CB0H         LINE#         288
  C:1CB0H         LINE#         289
  C:1CB0H         LINE#         290
  C:1CB5H         LINE#         291
  C:1CB7H         LINE#         292
  C:1CB7H         LINE#         293
  C:1CBFH         LINE#         294
  C:1CC2H         LINE#         295
  C:1CC4H         LINE#         296
  C:1CC4H         LINE#         297
  C:1CC9H         LINE#         298
  C:1CCBH         LINE#         299
  C:1CCBH         LINE#         300
  C:1CD3H         LINE#         301
  C:1CD3H         LINE#         303
  C:1CD3H         LINE#         304
  C:1CD3H         LINE#         305
  C:1CD3H         LINE#         306
  C:1CD3H         LINE#         309
  C:1CD3H         LINE#         310
  -------         ENDPROC       ADC_IRQHANDLER
  -------         ENDMOD        ADC

  -------         MODULE        PWM
  C:0000H         SYMBOL        _ICE_DUMMY_
  B:00A0H.7       PUBLIC        P27
  B:00B0H.0       PUBLIC        P30
  C:1BDCH         PUBLIC        pwm_init
  C:2A64H         PUBLIC        _pwm_set_channel_0_duty
  C:2A6DH         PUBLIC        _pwm_set_channel_1_duty
  C:2963H         SYMBOL        Com0004
  C:2963H         SYMBOL        L?0005
  C:296EH         SYMBOL        L?0006
  -------         PROC          COM0004
  -------         ENDPROC       COM0004
  -------         PROC          PWM_INIT
  C:1BDCH         LINE#         3
  C:1BDCH         LINE#         4
  C:1BDCH         LINE#         6
  C:1BE2H         LINE#         7
  C:1BE6H         LINE#         9
  C:1BE8H         LINE#         10
  C:1BEDH         LINE#         13
  C:1BF3H         LINE#         14
  C:1BF7H         LINE#         16
  C:1BF9H         LINE#         17
  C:1BFEH         LINE#         21
  C:1C04H         LINE#         22
  C:1C09H         LINE#         23
  C:1C0EH         LINE#         24
BL51 BANKED LINKER/LOCATER V6.22.4.0                                                  07/30/2026  16:03:36  PAGE 17


  C:1C12H         LINE#         25
  C:1C14H         LINE#         26
  C:1C14H         LINE#         27
  C:1C14H         LINE#         29
  C:1C1AH         LINE#         30
  C:1C20H         LINE#         31
  C:1C26H         LINE#         32
  C:1C2CH         LINE#         33
  C:1C32H         LINE#         37
  C:1C38H         LINE#         38
  C:1C3DH         LINE#         39
  C:1C42H         LINE#         40
  C:1C46H         LINE#         41
  C:1C48H         LINE#         42
  C:1C48H         LINE#         43
  C:1C48H         LINE#         45
  C:1C4EH         LINE#         46
  C:1C54H         LINE#         47
  C:1C5AH         LINE#         48
  C:1C60H         LINE#         49
  C:1C66H         LINE#         50
  -------         ENDPROC       PWM_INIT
  -------         PROC          _PWM_SET_CHANNEL_0_DUTY
  D:0004H         SYMBOL        channel_duty
  C:2A64H         LINE#         53
  C:2A64H         LINE#         54
  C:2A64H         LINE#         55
  C:2A66H         LINE#         56
  C:2A66H         LINE#         57
  C:2A6CH         LINE#         58
  -------         ENDPROC       _PWM_SET_CHANNEL_0_DUTY
  -------         PROC          _PWM_SET_CHANNEL_1_DUTY
  D:0004H         SYMBOL        channel_duty
  C:2A6DH         LINE#         61
  C:2A6DH         LINE#         62
  C:2A6DH         LINE#         63
  C:2A6FH         LINE#         64
  C:2A6FH         LINE#         65
  C:2A75H         LINE#         66
  -------         ENDPROC       _PWM_SET_CHANNEL_1_DUTY
  -------         ENDMOD        PWM

  -------         MODULE        TIMER0
  C:0000H         SYMBOL        _ICE_DUMMY_
  D:00A8H         PUBLIC        IE0
  D:00A9H         PUBLIC        IE1
  D:00AAH         PUBLIC        IE2
  D:00ABH         PUBLIC        IE3
  B:00A8H.7       PUBLIC        IE_EA
  D:00B8H         PUBLIC        IP0
  D:00B1H         PUBLIC        IP1
  D:00B2H         PUBLIC        IP2
  D:00B3H         PUBLIC        IP3
  D:00B4H         PUBLIC        IP4
  D:00B5H         PUBLIC        IP5
  D:00B6H         PUBLIC        IP6
  D:00B7H         PUBLIC        IP7
BL51 BANKED LINKER/LOCATER V6.22.4.0                                                  07/30/2026  16:03:36  PAGE 18


  D:00D1H         PUBLIC        TMR_ALLCON
  C:2882H         PUBLIC        timer0_init
  C:1E64H         PUBLIC        TIMR0_IRQHandler
  -------         PROC          TIMER0_INIT
  C:2882H         LINE#         12
  C:2882H         LINE#         13
  C:2882H         LINE#         14
  C:2885H         LINE#         15
  C:2887H         LINE#         17
  C:288AH         LINE#         18
  C:288FH         LINE#         19
  C:2893H         LINE#         20
  C:2898H         LINE#         21
  C:289CH         LINE#         22
  -------         ENDPROC       TIMER0_INIT
  -------         PROC          TIMR0_IRQHANDLER
  C:1E64H         LINE#         26
  C:1E81H         LINE#         29
  C:1E81H         LINE#         34
  C:1E87H         LINE#         35
  C:1E87H         LINE#         36
  C:1E8BH         LINE#         42
  C:1E91H         LINE#         43
  C:1E94H         LINE#         45
  C:1E97H         LINE#         46
  C:1E9AH         LINE#         49
  C:1E9DH         LINE#         50
  C:1EA0H         LINE#         51
  C:1EA3H         LINE#         53
  C:1EA6H         LINE#         54
  C:1EA9H         LINE#         57
  C:1EACH         LINE#         58
  C:1EAFH         LINE#         60
  C:1EB2H         LINE#         62
  C:1EB5H         LINE#         68
  C:1EB5H         LINE#         71
  C:1EB5H         LINE#         72
  -------         ENDPROC       TIMR0_IRQHANDLER
  -------         ENDMOD        TIMER0

  -------         MODULE        TIMER1
  C:0000H         SYMBOL        _ICE_DUMMY_
  D:00A8H         PUBLIC        IE0
  D:00A9H         PUBLIC        IE1
  D:00AAH         PUBLIC        IE2
  D:00ABH         PUBLIC        IE3
  B:00A8H.7       PUBLIC        IE_EA
  D:00B8H         PUBLIC        IP0
  D:00B1H         PUBLIC        IP1
  D:00B2H         PUBLIC        IP2
  D:00B3H         PUBLIC        IP3
  D:00B4H         PUBLIC        IP4
  D:00B5H         PUBLIC        IP5
  D:00B6H         PUBLIC        IP6
  D:00B7H         PUBLIC        IP7
  D:00D1H         PUBLIC        TMR_ALLCON
  C:289DH         PUBLIC        timer1_init
BL51 BANKED LINKER/LOCATER V6.22.4.0                                                  07/30/2026  16:03:36  PAGE 19


  C:2328H         PUBLIC        TIMR1_IRQHandler
  -------         PROC          TIMER1_INIT
  C:289DH         LINE#         9
  C:289DH         LINE#         10
  C:289DH         LINE#         12
  C:28A0H         LINE#         13
  C:28A2H         LINE#         15
  C:28A5H         LINE#         16
  C:28AAH         LINE#         17
  C:28AEH         LINE#         18
  C:28B3H         LINE#         19
  C:28B7H         LINE#         23
  -------         ENDPROC       TIMER1_INIT
  -------         PROC          TIMR1_IRQHANDLER
  C:2328H         LINE#         27
  C:2345H         LINE#         30
  C:2345H         LINE#         34
  C:234BH         LINE#         35
  C:234BH         LINE#         36
  C:234FH         LINE#         39
  C:2352H         LINE#         40
  C:2355H         LINE#         41
  C:2355H         LINE#         44
  C:2355H         LINE#         45
  -------         ENDPROC       TIMR1_IRQHANDLER
  -------         ENDMOD        TIMER1

  -------         MODULE        UART0
  C:0000H         SYMBOL        _ICE_DUMMY_
  D:00A8H         PUBLIC        IE0
  D:00A9H         PUBLIC        IE1
  D:00AAH         PUBLIC        IE2
  D:00ABH         PUBLIC        IE3
  B:00A8H.7       PUBLIC        IE_EA
  D:00B8H         PUBLIC        IP0
  D:00B1H         PUBLIC        IP1
  D:00B2H         PUBLIC        IP2
  D:00B3H         PUBLIC        IP3
  D:00B4H         PUBLIC        IP4
  D:00B5H         PUBLIC        IP5
  D:00B6H         PUBLIC        IP6
  D:00B7H         PUBLIC        IP7
  D:00D2H         PUBLIC        UART0_CON0
  D:00D4H         PUBLIC        UART0_STA
  D:00D5H         PUBLIC        UART0_BAUD0
  D:00D6H         PUBLIC        UART0_BAUD1
  D:00D7H         PUBLIC        UART0_DATA
  C:257FH         PUBLIC        uart0_init
  C:2A88H         PUBLIC        _uart0_sendbyte
  C:27B7H         PUBLIC        _uart0_sendbuf
  C:2A76H         PUBLIC        uart0_rxbuffer_get_count
  C:2484H         PUBLIC        uart0_rxbuffer_get_byte
  X:60DBH         PUBLIC        uart0_rx_buffer
  C:2370H         SYMBOL        _uart0_rxbuffer_put_byte
  C:2628H         PUBLIC        UART0_IRQHandler
  C:2AB0H         SYMBOL        Com0047
  C:2AB0H         SYMBOL        L?0072
BL51 BANKED LINKER/LOCATER V6.22.4.0                                                  07/30/2026  16:03:36  PAGE 20


  C:2AB0H         SYMBOL        L?0073
  -------         PROC          COM0047
  -------         ENDPROC       COM0047
  -------         PROC          UART0_INIT
  C:257FH         LINE#         17
  C:257FH         LINE#         18
  C:257FH         LINE#         19
  C:2585H         LINE#         20
  C:2589H         LINE#         21
  C:2590H         LINE#         23
  C:2596H         LINE#         24
  C:259CH         LINE#         25
  C:25A2H         LINE#         27
  C:25A5H         LINE#         28
  C:25A8H         LINE#         29
  C:25ABH         LINE#         33
  C:25B3H         LINE#         34
  C:25B6H         LINE#         35
  C:25B8H         LINE#         36
  -------         ENDPROC       UART0_INIT
  -------         PROC          _UART0_SENDBYTE
  D:0007H         SYMBOL        byte
  C:2A88H         LINE#         39
  C:2A88H         LINE#         40
  C:2A88H         LINE#         41
  C:2A8DH         LINE#         44
  C:2A8FH         LINE#         48
  -------         ENDPROC       _UART0_SENDBYTE
  -------         PROC          _UART0_SENDBUF
  X:61E5H         SYMBOL        buf
  D:0005H         SYMBOL        len
  -------         DO            
  D:0006H         SYMBOL        i
  -------         ENDDO         
  C:27B7H         LINE#         50
  C:27BDH         LINE#         51
  C:27BDH         LINE#         52
  C:27BFH         LINE#         53
  C:27C4H         LINE#         54
  C:27C4H         LINE#         55
  C:27D6H         LINE#         56
  C:27D9H         LINE#         57
  -------         ENDPROC       _UART0_SENDBUF
  -------         PROC          UART0_RXBUFFER_GET_COUNT
  C:2A76H         LINE#         60
  C:2A76H         LINE#         61
  C:2A76H         LINE#         62
  C:2A7EH         LINE#         63
  -------         ENDPROC       UART0_RXBUFFER_GET_COUNT
  -------         PROC          UART0_RXBUFFER_GET_BYTE
  -------         DO            
  D:0007H         SYMBOL        rxbyte
  -------         ENDDO         
  C:2484H         LINE#         66
  C:2484H         LINE#         67
  C:2484H         LINE#         70
  C:248EH         LINE#         71
BL51 BANKED LINKER/LOCATER V6.22.4.0                                                  07/30/2026  16:03:36  PAGE 21


  C:248EH         LINE#         73
  C:2490H         LINE#         74
  C:2490H         LINE#         80
  C:2496H         LINE#         81
  C:24A5H         LINE#         82
  C:24A5H         LINE#         83
  C:24A9H         LINE#         84
  C:24A9H         LINE#         85
  C:24BBH         LINE#         87
  C:24C5H         LINE#         89
  C:24C5H         LINE#         90
  -------         ENDPROC       UART0_RXBUFFER_GET_BYTE
  -------         PROC          _UART0_RXBUFFER_PUT_BYTE
  D:0007H         SYMBOL        byte
  C:2370H         LINE#         92
  C:2370H         LINE#         93
  C:2370H         LINE#         100
  C:2376H         LINE#         101
  C:2385H         LINE#         102
  C:2385H         LINE#         103
  C:2389H         LINE#         104
  C:2389H         LINE#         105
  C:239BH         LINE#         107
  C:23A1H         LINE#         108
  C:23B0H         LINE#         109
  C:23B0H         LINE#         110
  C:23B6H         LINE#         111
  C:23B6H         LINE#         112
  -------         ENDPROC       _UART0_RXBUFFER_PUT_BYTE
  -------         PROC          UART0_IRQHANDLER
  -------         DO            
  X:61F3H         SYMBOL        recv_byte
  -------         ENDDO         
  C:2628H         LINE#         115
  C:263BH         LINE#         118
  C:263BH         LINE#         121
  C:2640H         LINE#         122
  C:2640H         LINE#         123
  C:2646H         LINE#         124
  C:264BH         LINE#         127
  C:264BH         LINE#         129
  C:264BH         LINE#         130
  -------         ENDPROC       UART0_IRQHANDLER
  -------         ENDMOD        UART0

  -------         MODULE        MAIN
  C:0000H         SYMBOL        _ICE_DUMMY_
  D:00D9H         PUBLIC        WDT_KEY
  C:2840H         PUBLIC        user_init
  C:20BCH         PUBLIC        main
  -------         PROC          USER_INIT
  C:2840H         LINE#         37
  C:2840H         LINE#         38
  C:2840H         LINE#         39
  C:2843H         LINE#         40
  C:2846H         LINE#         41
  C:2849H         LINE#         42
BL51 BANKED LINKER/LOCATER V6.22.4.0                                                  07/30/2026  16:03:36  PAGE 22


  C:284CH         LINE#         43
  C:284FH         LINE#         44
  C:2852H         LINE#         46
  C:2855H         LINE#         47
  C:2858H         LINE#         48
  C:285BH         LINE#         51
  C:285EH         LINE#         52
  -------         ENDPROC       USER_INIT
  -------         PROC          MAIN
  C:20BCH         LINE#         60
  C:20BCH         LINE#         61
  C:20BCH         LINE#         63
  C:20BFH         LINE#         64
  C:20C2H         LINE#         67
  C:20C5H         LINE#         68
  C:20CCH         LINE#         69
  C:20CFH         LINE#         72
  C:20D4H         LINE#         73
  C:20D6H         LINE#         74
  C:20D9H         LINE#         75
  C:20DBH         LINE#         76
  C:20DEH         LINE#         77
  C:20E0H         LINE#         78
  C:20E3H         LINE#         79
  C:20E5H         LINE#         81
  C:20E8H         LINE#         82
  C:20EFH         LINE#         84
  C:20EFH         LINE#         85
  C:20EFH         LINE#         86
  C:20F8H         LINE#         87
  C:20FBH         LINE#         88
  C:20FEH         LINE#         90
  C:2101H         LINE#         92
  C:2104H         LINE#         93
  C:2107H         LINE#         94
  C:210AH         LINE#         96
  C:210DH         LINE#         102
  -------         ENDPROC       MAIN
  -------         ENDMOD        MAIN

  -------         MODULE        UART_DATA_HANDLE
  C:0000H         SYMBOL        _ICE_DUMMY_
  C:29F4H         PUBLIC        uart_receiver_reset
  C:000FH         PUBLIC        uart_receiver_timeout_add
  C:27FCH         PUBLIC        uart_receiver_process_checksum
  C:184EH         PUBLIC        _uart_receiver_process_byte
  C:29CFH         PUBLIC        uart_receiver_timeout_handler
  C:1D75H         PUBLIC        uart_data_handle
  C:23B7H         PUBLIC        _uart_data_send_cmd
  X:61C2H         SYMBOL        uart_receiver
  C:2A90H         SYMBOL        _?ix1000
  C:294CH         SYMBOL        Com0038
  C:294CH         SYMBOL        L?0057
  C:294CH         SYMBOL        L?0058
  -------         PROC          COM0038
  -------         ENDPROC       COM0038
  -------         PROC          UART_RECEIVER_RESET
BL51 BANKED LINKER/LOCATER V6.22.4.0                                                  07/30/2026  16:03:36  PAGE 23


  C:29F4H         LINE#         13
  C:29F4H         LINE#         14
  C:29F4H         LINE#         16
  C:29F9H         LINE#         17
  C:29FDH         LINE#         18
  C:2A01H         LINE#         19
  C:2A05H         LINE#         20
  -------         ENDPROC       UART_RECEIVER_RESET
  -------         PROC          UART_RECEIVER_TIMEOUT_ADD
  C:000FH         LINE#         26
  C:000FH         LINE#         27
  C:000FH         LINE#         28
  C:0015H         LINE#         29
  C:0015H         LINE#         30
  C:001DH         LINE#         31
  C:001DH         LINE#         32
  -------         ENDPROC       UART_RECEIVER_TIMEOUT_ADD
  -------         PROC          UART_RECEIVER_PROCESS_CHECKSUM
  -------         DO            
  D:0006H         SYMBOL        i
  D:0007H         SYMBOL        check_sum
  -------         ENDDO         
  C:27FCH         LINE#         39
  C:27FCH         LINE#         40
  C:27FCH         LINE#         42
  C:27FEH         LINE#         43
  C:27FFH         LINE#         44
  C:27FFH         LINE#         45
  C:280CH         LINE#         46
  C:2811H         LINE#         48
  C:2818H         LINE#         49
  C:2818H         LINE#         50
  C:281BH         LINE#         51
  C:281BH         LINE#         53
  C:281BH         LINE#         60
  C:281DH         LINE#         61
  C:281DH         LINE#         62
  -------         ENDPROC       UART_RECEIVER_PROCESS_CHECKSUM
  -------         PROC          _UART_RECEIVER_PROCESS_BYTE
  D:0005H         SYMBOL        byte
  C:184EH         LINE#         71
  C:1850H         LINE#         72
  C:1850H         LINE#         74
  C:1873H         LINE#         75
  C:1873H         LINE#         76
  C:1873H         LINE#         77
  C:1877H         LINE#         78
  C:1877H         LINE#         79
  C:1877H         LINE#         80
  C:187CH         LINE#         81
  C:187FH         LINE#         82
  C:187FH         LINE#         84
  C:187FH         LINE#         85
  C:1882H         LINE#         86
  C:1882H         LINE#         87
  C:1882H         LINE#         89
  C:1882H         LINE#         90
BL51 BANKED LINKER/LOCATER V6.22.4.0                                                  07/30/2026  16:03:36  PAGE 24


  C:1886H         LINE#         91
  C:1886H         LINE#         92
  C:1886H         LINE#         93
  C:188BH         LINE#         94
  C:188EH         LINE#         95
  C:188EH         LINE#         97
  C:188EH         LINE#         99
  C:1891H         LINE#         100
  C:1891H         LINE#         101
  C:1891H         LINE#         103
  C:1891H         LINE#         104
  C:1894H         LINE#         105
  C:1894H         LINE#         106
  C:1894H         LINE#         107
  C:1899H         LINE#         108
  C:189CH         LINE#         109
  C:189CH         LINE#         111
  C:189CH         LINE#         112
  C:189FH         LINE#         113
  C:189FH         LINE#         114
  C:189FH         LINE#         116
  C:189FH         LINE#         118
  C:189FH         LINE#         119
  C:18A4H         LINE#         120
  C:18A6H         LINE#         121
  C:18A6H         LINE#         123
  C:18A6H         LINE#         125
  C:18A6H         LINE#         126
  C:18ABH         LINE#         127
  C:18ADH         LINE#         128
  C:18ADH         LINE#         130
  C:18ADH         LINE#         131
  C:18B0H         LINE#         132
  C:18B0H         LINE#         133
  C:18B0H         LINE#         134
  C:18B5H         LINE#         135
  C:18B7H         LINE#         136
  C:18B7H         LINE#         138
  C:18B7H         LINE#         139
  C:18BAH         LINE#         140
  C:18BAH         LINE#         141
  C:18BAH         LINE#         143
  C:18BAH         LINE#         145
  C:18BAH         LINE#         146
  C:18C0H         LINE#         147
  C:18C6H         LINE#         148
  C:18C6H         LINE#         150
  C:18C9H         LINE#         151
  C:18C9H         LINE#         153
  C:18C9H         LINE#         154
  C:18CCH         LINE#         155
  C:18CCH         LINE#         156
  C:18CCH         LINE#         158
  C:18CCH         LINE#         159
  C:18D0H         LINE#         160
  C:18D0H         LINE#         161
  C:18E4H         LINE#         162
BL51 BANKED LINKER/LOCATER V6.22.4.0                                                  07/30/2026  16:03:36  PAGE 25


  C:18EAH         LINE#         163
  C:18EDH         LINE#         164
  C:18EDH         LINE#         166
  C:18EDH         LINE#         167
  C:18F0H         LINE#         168
  C:18F0H         LINE#         169
  C:18F0H         LINE#         171
  C:18F0H         LINE#         172
  C:18F0H         LINE#         173
  C:18F0H         LINE#         175
  C:18F2H         LINE#         176
  -------         ENDPROC       _UART_RECEIVER_PROCESS_BYTE
  -------         PROC          UART_RECEIVER_TIMEOUT_HANDLER
  C:29CFH         LINE#         179
  C:29CFH         LINE#         180
  C:29CFH         LINE#         185
  C:29DEH         LINE#         186
  C:29DEH         LINE#         200
  C:29E1H         LINE#         201
  C:29E1H         LINE#         202
  -------         ENDPROC       UART_RECEIVER_TIMEOUT_HANDLER
  -------         PROC          UART_DATA_HANDLE
  -------         DO            
  D:0004H         SYMBOL        recv_byte
  X:61C1H         SYMBOL        initialized
  -------         ENDDO         
  C:1D75H         LINE#         203
  C:1D75H         LINE#         204
  C:1D75H         LINE#         212
  C:1D7BH         LINE#         213
  C:1D7BH         LINE#         214
  C:1D7EH         LINE#         215
  C:1D84H         LINE#         216
  C:1D84H         LINE#         221
  C:1D8AH         LINE#         222
  C:1D8AH         LINE#         223
  C:1D8DH         LINE#         224
  C:1D8DH         LINE#         233
  C:1D8DH         LINE#         234
  C:1D8DH         LINE#         235
  C:1DA1H         LINE#         238
  C:1DA1H         LINE#         252
  C:1DA1H         LINE#         253
  C:1DA1H         LINE#         255
  C:1DA6H         LINE#         258
  C:1DACH         LINE#         259
  C:1DB1H         LINE#         262
  C:1DB7H         LINE#         263
  C:1DB7H         LINE#         276
  C:1DBAH         LINE#         277
  C:1DBAH         LINE#         278
  C:1DBCH         LINE#         308
  C:1DC8H         LINE#         310
  C:1DC8H         LINE#         312
  C:1DC8H         LINE#         332
  C:1DD8H         LINE#         333
  C:1DD8H         LINE#         334
BL51 BANKED LINKER/LOCATER V6.22.4.0                                                  07/30/2026  16:03:36  PAGE 26


  C:1DD8H         LINE#         336
  C:1DDDH         LINE#         337
  C:1DDFH         LINE#         338
  C:1DDFH         LINE#         340
  C:1DE5H         LINE#         341
  C:1DE7H         LINE#         342
  C:1DE7H         LINE#         350
  C:1DEAH         LINE#         351
  C:1DEAH         LINE#         353
  C:1DEAH         LINE#         357
  C:1DEAH         LINE#         358
  C:1DEAH         LINE#         361
  C:1DEDH         LINE#         362
  -------         ENDPROC       UART_DATA_HANDLE
  -------         PROC          _UART_DATA_SEND_CMD
  X:61DCH         SYMBOL        cmd
  -------         DO            
  X:61DDH         SYMBOL        buf
  -------         ENDDO         
  C:23B7H         LINE#         366
  C:23BCH         LINE#         367
  C:23BCH         LINE#         368
  C:23CFH         LINE#         379
  C:23D8H         LINE#         380
  C:23F1H         LINE#         382
  -------         ENDPROC       _UART_DATA_SEND_CMD
  -------         ENDMOD        UART_DATA_HANDLE

  -------         MODULE        KEY_DRIVER
  C:0000H         SYMBOL        _ICE_DUMMY_
  C:0BEAH         PUBLIC        _key_driver_scan
  X:6238H         SYMBOL        is_key_active
  X:6239H         PUBLIC        scan_para
  C:2861H         SYMBOL        Com0021
  C:2861H         SYMBOL        L?0034
  C:2864H         SYMBOL        L?0035
  C:2865H         SYMBOL        L?0036
  C:286BH         SYMBOL        L?0037
  C:286EH         SYMBOL        L?0038
  C:2872H         SYMBOL        L?0039
  C:2878H         SYMBOL        L?0040
  C:287BH         SYMBOL        L?0041
  -------         PROC          COM0021
  -------         ENDPROC       COM0021
  -------         PROC          _KEY_DRIVER_SCAN
  D:0001H         SYMBOL        _scan_para
  -------         DO            
  X:61DBH         SYMBOL        key_event
  D:0007H         SYMBOL        cur_key_value
  X:61DCH         SYMBOL        key_value
  C:0D52H         SYMBOL        _notify
  C:0D72H         SYMBOL        _scan_end
  -------         ENDDO         
  C:0BEAH         LINE#         17
  C:0BEAH         LINE#         19
  C:0BEAH         LINE#         24
  C:0BEFH         LINE#         25
BL51 BANKED LINKER/LOCATER V6.22.4.0                                                  07/30/2026  16:03:36  PAGE 27


  C:0BF1H         LINE#         26
  C:0BF5H         LINE#         30
  C:0BFBH         LINE#         33
  C:0C0EH         LINE#         34
  C:0C0EH         LINE#         36
  C:0C0EH         LINE#         38
  C:0C18H         LINE#         40
  C:0C21H         LINE#         46
  C:0C25H         LINE#         47
  C:0C25H         LINE#         48
  C:0C2BH         LINE#         49
  C:0C2DH         LINE#         50
  C:0C33H         LINE#         51
  C:0C33H         LINE#         52
  C:0C36H         LINE#         53
  C:0C36H         LINE#         56
  C:0C4AH         LINE#         57
  C:0C4AH         LINE#         59
  C:0C51H         LINE#         60
  C:0C57H         LINE#         62
  C:0C57H         LINE#         65
  C:0C68H         LINE#         66
  C:0C68H         LINE#         67
  C:0C73H         LINE#         69
  C:0C73H         LINE#         72
  C:0C7FH         LINE#         73
  C:0C7FH         LINE#         80
  C:0C83H         LINE#         81
  C:0C83H         LINE#         82
  C:0C8AH         LINE#         83
  C:0C8AH         LINE#         84
  C:0C8CH         LINE#         85
  C:0C92H         LINE#         86
  C:0C94H         LINE#         88
  C:0C94H         LINE#         91
  C:0C94H         LINE#         92
  C:0C9CH         LINE#         93
  C:0C9CH         LINE#         94
  C:0C9FH         LINE#         96
  C:0C9FH         LINE#         101
  C:0CA7H         LINE#         102
  C:0CB3H         LINE#         103
  C:0CB3H         LINE#         104
  C:0CB8H         LINE#         105
  C:0CBCH         LINE#         106
  C:0CBFH         LINE#         108
  C:0CBFH         LINE#         109
  C:0CC5H         LINE#         110
  C:0CC5H         LINE#         111
  C:0CC5H         LINE#         113
  C:0CC7H         LINE#         118
  C:0CC7H         LINE#         120
  C:0CC7H         LINE#         125
  C:0CCBH         LINE#         126
  C:0CCBH         LINE#         128
  C:0CDCH         LINE#         129
  C:0CDCH         LINE#         133
BL51 BANKED LINKER/LOCATER V6.22.4.0                                                  07/30/2026  16:03:36  PAGE 28


  C:0CEDH         LINE#         134
  C:0CEDH         LINE#         154
  C:0CEDH         LINE#         155
  C:0CEFH         LINE#         157
  C:0CEFH         LINE#         158
  C:0CFCH         LINE#         160
  C:0CFEH         LINE#         162
  C:0CFEH         LINE#         164
  C:0CFEH         LINE#         165
  C:0D09H         LINE#         166
  C:0D0CH         LINE#         168
  C:0D0CH         LINE#         169
  C:0D0CH         LINE#         171
  C:0D0CH         LINE#         172
  C:0D0CH         LINE#         174
  C:0D0CH         LINE#         175
  C:0D0CH         LINE#         177
  C:0D0CH         LINE#         179
  C:0D17H         LINE#         180
  C:0D17H         LINE#         181
  C:0D1FH         LINE#         182
  C:0D1FH         LINE#         186
  C:0D25H         LINE#         187
  C:0D25H         LINE#         188
  C:0D2BH         LINE#         193
  C:0D2DH         LINE#         194
  C:0D39H         LINE#         195
  C:0D39H         LINE#         196
  C:0D3EH         LINE#         197
  C:0D4DH         LINE#         199
  C:0D4DH         LINE#         201
  C:0D4DH         LINE#         202
  C:0D4DH         LINE#         204
  C:0D4DH         LINE#         207
  C:0D52H         LINE#         208
  C:0D52H         LINE#         210
  C:0D52H         LINE#         211
  C:0D52H         LINE#         213
  C:0D52H         LINE#         216
  C:0D52H         LINE#         218
  C:0D52H         LINE#         219
  C:0D56H         LINE#         220
  C:0D5EH         LINE#         222
  C:0D68H         LINE#         223
  C:0D72H         LINE#         226
  C:0D72H         LINE#         235
  C:0D72H         LINE#         237
  C:0D72H         LINE#         238
  C:0D7CH         LINE#         241
  -------         ENDPROC       _KEY_DRIVER_SCAN
  -------         ENDMOD        KEY_DRIVER

  -------         MODULE        AD_KEY
  C:0000H         SYMBOL        _ICE_DUMMY_
  X:6163H         PUBLIC        ad_key_para
  C:198FH         PUBLIC        ad_key_handle
  X:6176H         SYMBOL        ad_key_scan_table
BL51 BANKED LINKER/LOCATER V6.22.4.0                                                  07/30/2026  16:03:36  PAGE 29


  X:6186H         SYMBOL        ad_key_event_table
  C:265CH         PUBLIC        ad_key_get_key_val
  C:21FDH         SYMBOL        _ad_key_val_to_ad_key_index
  C:2294H         SYMBOL        _ad_key_get_event
  C:2A17H         SYMBOL        Com0036
  C:2A17H         SYMBOL        L?0055
  -------         PROC          COM0036
  -------         ENDPROC       COM0036
  -------         PROC          _AD_KEY_VAL_TO_AD_KEY_INDEX
  D:0006H         SYMBOL        ad_key_val
  -------         DO            
  D:0005H         SYMBOL        i
  X:61DCH         SYMBOL        ad_key_index
  -------         ENDDO         
  C:21FDH         LINE#         55
  C:21FDH         LINE#         56
  C:21FDH         LINE#         57
  C:21FFH         LINE#         58
  C:2207H         LINE#         61
  C:2207H         LINE#         62
  C:2207H         LINE#         63
  C:221FH         LINE#         64
  C:221FH         LINE#         65
  C:2239H         LINE#         66
  C:223BH         LINE#         67
  C:223BH         LINE#         68
  C:2240H         LINE#         70
  C:2248H         LINE#         71
  -------         ENDPROC       _AD_KEY_VAL_TO_AD_KEY_INDEX
  -------         PROC          _AD_KEY_GET_EVENT
  D:0007H         SYMBOL        key_val
  D:0005H         SYMBOL        key_event
  -------         DO            
  D:0006H         SYMBOL        ret_key_event
  D:0004H         SYMBOL        key_event_index
  D:0003H         SYMBOL        i
  -------         ENDDO         
  C:2294H         LINE#         81
  C:2294H         LINE#         82
  C:2294H         LINE#         83
  C:2296H         LINE#         84
  C:2297H         LINE#         85
  C:2298H         LINE#         88
  C:229CH         LINE#         89
  C:229CH         LINE#         90
  C:229DH         LINE#         91
  C:229FH         LINE#         92
  C:22A3H         LINE#         93
  C:22A3H         LINE#         94
  C:22A5H         LINE#         95
  C:22A7H         LINE#         96
  C:22ABH         LINE#         97
  C:22ABH         LINE#         98
  C:22ADH         LINE#         99
  C:22AFH         LINE#         100
  C:22B3H         LINE#         101
  C:22B3H         LINE#         102
BL51 BANKED LINKER/LOCATER V6.22.4.0                                                  07/30/2026  16:03:36  PAGE 30


  C:22B5H         LINE#         103
  C:22B7H         LINE#         105
  C:22B7H         LINE#         106
  C:22BAH         LINE#         107
  C:22BAH         LINE#         109
  C:22C0H         LINE#         110
  C:22C0H         LINE#         111
  C:22C7H         LINE#         112
  C:22C7H         LINE#         113
  C:22D6H         LINE#         114
  C:22D8H         LINE#         115
  C:22D8H         LINE#         116
  C:22DBH         LINE#         118
  C:22DDH         LINE#         119
  -------         ENDPROC       _AD_KEY_GET_EVENT
  -------         PROC          AD_KEY_GET_KEY_VAL
  -------         DO            
  X:6161H         SYMBOL        val
  X:61DBH         SYMBOL        ret
  -------         ENDDO         
  C:265CH         LINE#         132
  C:265CH         LINE#         133
  C:265CH         LINE#         135
  C:2662H         LINE#         138
  C:266AH         LINE#         139
  C:266AH         LINE#         140
  C:266FH         LINE#         141
  C:267CH         LINE#         144
  C:267CH         LINE#         146
  C:268CH         LINE#         147
  C:268EH         LINE#         148
  -------         ENDPROC       AD_KEY_GET_KEY_VAL
  -------         PROC          AD_KEY_HANDLE
  -------         DO            
  X:61DBH         SYMBOL        ad_key_event
  -------         ENDDO         
  C:198FH         LINE#         150
  C:198FH         LINE#         151
  C:198FH         LINE#         152
  C:1994H         LINE#         154
  C:199DH         LINE#         155
  C:199DH         LINE#         157
  C:199DH         LINE#         159
  C:19AAH         LINE#         160
  C:19AFH         LINE#         161
  C:19B1H         LINE#         165
  C:19C0H         LINE#         166
  C:19C0H         LINE#         176
  C:19C6H         LINE#         178
  C:19C6H         LINE#         180
  C:19ECH         LINE#         181
  C:19ECH         LINE#         184
  C:19ECH         LINE#         188
  C:19EFH         LINE#         189
  C:19EFH         LINE#         191
  C:19EFH         LINE#         195
  C:19EFH         LINE#         197
BL51 BANKED LINKER/LOCATER V6.22.4.0                                                  07/30/2026  16:03:36  PAGE 31


  C:19EFH         LINE#         202
  C:19EFH         LINE#         204
  C:19EFH         LINE#         208
  C:19EFH         LINE#         212
  C:19EFH         LINE#         216
  C:19F1H         LINE#         217
  C:19F3H         LINE#         219
  C:19F3H         LINE#         224
  C:19F5H         LINE#         225
  C:19F7H         LINE#         227
  C:19F7H         LINE#         232
  C:19F9H         LINE#         233
  C:19FBH         LINE#         235
  C:19FBH         LINE#         239
  C:19FBH         LINE#         244
  C:19FBH         LINE#         249
  C:19FDH         LINE#         250
  C:19FFH         LINE#         252
  C:19FFH         LINE#         258
  C:1A01H         LINE#         259
  C:1A03H         LINE#         261
  C:1A03H         LINE#         267
  C:1A05H         LINE#         268
  C:1A07H         LINE#         270
  C:1A07H         LINE#         274
  C:1A07H         LINE#         278
  C:1A07H         LINE#         284
  C:1A0DH         LINE#         285
  C:1A0DH         LINE#         286
  C:1A0FH         LINE#         287
  C:1A11H         LINE#         288
  C:1A18H         LINE#         289
  C:1A18H         LINE#         290
  C:1A1DH         LINE#         291
  C:1A1DH         LINE#         292
  C:1A1DH         LINE#         294
  C:1A1DH         LINE#         300
  C:1A23H         LINE#         301
  C:1A23H         LINE#         304
  C:1A26H         LINE#         305
  C:1A26H         LINE#         307
  C:1A26H         LINE#         312
  C:1A29H         LINE#         313
  C:1A29H         LINE#         314
  C:1A29H         LINE#         316
  C:1A29H         LINE#         320
  C:1A29H         LINE#         322
  C:1A29H         LINE#         326
  C:1A29H         LINE#         328
  C:1A29H         LINE#         329
  C:1A29H         LINE#         330
  C:1A29H         LINE#         331
  -------         ENDPROC       AD_KEY_HANDLE
  -------         ENDMOD        AD_KEY

  -------         MODULE        USER_TEST
  C:0000H         SYMBOL        _ICE_DUMMY_
BL51 BANKED LINKER/LOCATER V6.22.4.0                                                  07/30/2026  16:03:36  PAGE 32


  -------         ENDMOD        USER_TEST

  -------         MODULE        LED
  C:0000H         SYMBOL        _ICE_DUMMY_
  B:0080H.0       PUBLIC        P00
  B:0080H.1       PUBLIC        P01
  B:0080H.2       PUBLIC        P02
  B:0080H.5       PUBLIC        P05
  B:0080H.6       PUBLIC        P06
  B:0090H.3       PUBLIC        P13
  B:00A0H.7       PUBLIC        P27
  B:00B0H.0       PUBLIC        P30
  X:620BH         PUBLIC        led_ctl
  C:2162H         PUBLIC        led_init
  C:2A35H         PUBLIC        led_yellow_on
  C:2A98H         PUBLIC        led_yellow_off
  C:2A42H         PUBLIC        led_white_on
  C:2AA0H         PUBLIC        led_white_off
  C:2A26H         PUBLIC        led_ctl_init
  C:24C6H         PUBLIC        led_status_switch
  C:1AC3H         PUBLIC        _led_status_set
  C:146CH         PUBLIC        led_red_blue_flash_1ms_isr
  C:136BH         PUBLIC        led_slow_adjust_isr
  C:18F3H         SYMBOL        Com0053
  C:18F3H         SYMBOL        L?0084
  C:18FFH         SYMBOL        L?0085
  C:190DH         SYMBOL        L?0086
  C:190DH         SYMBOL        L?0087
  C:1916H         SYMBOL        L?0088
  C:1917H         SYMBOL        L?0089
  C:191CH         SYMBOL        L?0090
  C:1923H         SYMBOL        L?0091
  C:1926H         SYMBOL        L?0092
  C:1929H         SYMBOL        L?0093
  C:1930H         SYMBOL        L?0094
  C:1930H         SYMBOL        L?0095
  C:193DH         SYMBOL        L?0096
  C:194EH         SYMBOL        L?0097
  C:195DH         SYMBOL        L?0098
  C:195DH         SYMBOL        L?0099
  C:1966H         SYMBOL        L?0100
  C:1971H         SYMBOL        L?0101
  C:1972H         SYMBOL        L?0102
  C:1979H         SYMBOL        L?0103
  C:1979H         SYMBOL        L?0104
  C:197FH         SYMBOL        L?0105
  C:1988H         SYMBOL        L?0106
  C:1988H         SYMBOL        L?0107
  -------         PROC          COM0053
  -------         ENDPROC       COM0053
  -------         PROC          LED_INIT
  C:2162H         LINE#         14
  C:2162H         LINE#         15
  C:2162H         LINE#         17
  C:2168H         LINE#         18
  C:216CH         LINE#         19
  C:216EH         LINE#         20
BL51 BANKED LINKER/LOCATER V6.22.4.0                                                  07/30/2026  16:03:36  PAGE 33


  C:2173H         LINE#         23
  C:2179H         LINE#         24
  C:217DH         LINE#         25
  C:217FH         LINE#         26
  C:2182H         LINE#         29
  C:2182H         LINE#         30
  C:2185H         LINE#         31
  C:2187H         LINE#         32
  C:218CH         LINE#         35
  C:2191H         LINE#         36
  C:2195H         LINE#         37
  C:2197H         LINE#         38
  C:219AH         LINE#         41
  C:219AH         LINE#         42
  C:219DH         LINE#         43
  C:219FH         LINE#         44
  C:21A2H         LINE#         47
  C:21A6H         LINE#         48
  C:21AAH         LINE#         49
  C:21ACH         LINE#         50
  C:21AFH         LINE#         51
  -------         ENDPROC       LED_INIT
  -------         PROC          LED_CTL_INIT
  C:2A26H         LINE#         53
  C:2A26H         LINE#         54
  C:2A26H         LINE#         63
  -------         ENDPROC       LED_CTL_INIT
  -------         PROC          LED_YELLOW_ON
  C:2A35H         LINE#         66
  C:2A35H         LINE#         67
  C:2A35H         LINE#         68
  C:2A3BH         LINE#         69
  C:2A41H         LINE#         70
  -------         ENDPROC       LED_YELLOW_ON
  -------         PROC          LED_YELLOW_OFF
  C:2A98H         LINE#         72
  C:2A98H         LINE#         73
  C:2A98H         LINE#         74
  C:2A9AH         LINE#         75
  C:2A9FH         LINE#         76
  -------         ENDPROC       LED_YELLOW_OFF
  -------         PROC          LED_WHITE_ON
  C:2A42H         LINE#         78
  C:2A42H         LINE#         79
  C:2A42H         LINE#         80
  C:2A48H         LINE#         81
  C:2A4EH         LINE#         82
  -------         ENDPROC       LED_WHITE_ON
  -------         PROC          LED_WHITE_OFF
  C:2AA0H         LINE#         84
  C:2AA0H         LINE#         85
  C:2AA0H         LINE#         86
  C:2AA2H         LINE#         87
  C:2AA7H         LINE#         88
  -------         ENDPROC       LED_WHITE_OFF
  -------         PROC          LED_STATUS_SWITCH
  C:24C6H         LINE#         90
BL51 BANKED LINKER/LOCATER V6.22.4.0                                                  07/30/2026  16:03:36  PAGE 34


  C:24C6H         LINE#         91
  C:24C6H         LINE#         102
  C:24CCH         LINE#         103
  C:24CCH         LINE#         104
  C:24D6H         LINE#         105
  C:24DCH         LINE#         106
  C:24DCH         LINE#         109
  C:24F0H         LINE#         110
  C:24F0H         LINE#         111
  C:24F0H         LINE#         113
  C:24F2H         LINE#         114
  C:24F4H         LINE#         115
  C:24F4H         LINE#         117
  C:24F6H         LINE#         118
  C:24F8H         LINE#         119
  C:24F8H         LINE#         121
[...]
  C:052FH         LINE#         518
  C:0532H         LINE#         519
  C:0532H         LINE#         520
  C:0532H         LINE#         542
BL51 BANKED LINKER/LOCATER V6.22.4.0                                                  07/30/2026  16:03:36  PAGE 59


  C:053CH         LINE#         543
  C:053CH         LINE#         544
  C:0548H         LINE#         545
  C:0548H         LINE#         550
  C:0552H         LINE#         552
  C:055CH         LINE#         554
  C:055CH         LINE#         556
  C:056FH         LINE#         557
  C:056FH         LINE#         558
  C:056FH         LINE#         559
  C:057EH         LINE#         560
  C:057EH         LINE#         561
  C:057EH         LINE#         562
  C:057EH         LINE#         563
  C:0581H         LINE#         565
  C:0581H         LINE#         566
  C:0590H         LINE#         567
  C:0590H         LINE#         568
  C:0590H         LINE#         569
  C:0590H         LINE#         570
  C:0593H         LINE#         572
  C:0593H         LINE#         573
  C:059EH         LINE#         574
  C:059EH         LINE#         575
  C:059EH         LINE#         576
  C:059EH         LINE#         577
  C:05A1H         LINE#         579
  C:05A1H         LINE#         580
  C:05A1H         LINE#         581
  C:05A1H         LINE#         582
  C:05A1H         LINE#         583
  C:05A1H         LINE#         584
  C:05A1H         LINE#         585
  C:05A4H         LINE#         587
  C:05A4H         LINE#         589
  C:05A4H         LINE#         590
  C:05A4H         LINE#         591
  C:05A4H         LINE#         592
  C:05A4H         LINE#         593
  C:05A9H         LINE#         594
  C:05A9H         LINE#         596
  C:05BCH         LINE#         597
  C:05BCH         LINE#         598
  C:05BCH         LINE#         599
  C:05C7H         LINE#         600
  C:05C7H         LINE#         601
  C:05C7H         LINE#         602
  C:05C7H         LINE#         603
  C:05CAH         LINE#         605
  C:05CAH         LINE#         606
  C:05D5H         LINE#         607
  C:05D5H         LINE#         608
  C:05D5H         LINE#         609
  C:05D5H         LINE#         610
  C:05D7H         LINE#         612
  C:05D7H         LINE#         613
  C:05DFH         LINE#         614
BL51 BANKED LINKER/LOCATER V6.22.4.0                                                  07/30/2026  16:03:36  PAGE 60


  C:05DFH         LINE#         615
  C:05DFH         LINE#         616
  C:05DFH         LINE#         617
  C:05E1H         LINE#         619
  C:05E1H         LINE#         620
  C:05E1H         LINE#         621
  C:05E1H         LINE#         622
  C:05E1H         LINE#         623
  C:05E1H         LINE#         624
  C:05E1H         LINE#         625
  C:05E3H         LINE#         627
  C:05E3H         LINE#         629
  C:05E3H         LINE#         630
  C:05E3H         LINE#         631
  C:05E3H         LINE#         632
  C:05E3H         LINE#         634
  C:05E3H         LINE#         636
  C:05F6H         LINE#         637
  C:05F6H         LINE#         638
  C:05F6H         LINE#         639
  C:0601H         LINE#         640
  C:0601H         LINE#         641
  C:0601H         LINE#         642
  C:0601H         LINE#         643
  C:0603H         LINE#         645
  C:0603H         LINE#         646
  C:060EH         LINE#         647
  C:060EH         LINE#         648
  C:060EH         LINE#         649
  C:060EH         LINE#         650
  C:0610H         LINE#         652
  C:0610H         LINE#         653
  C:0618H         LINE#         654
  C:0618H         LINE#         655
  C:0620H         LINE#         656
  C:0620H         LINE#         657
  C:0623H         LINE#         659
  C:0623H         LINE#         660
  C:062BH         LINE#         661
  C:062CH         LINE#         662
  C:062CH         LINE#         663
  C:062CH         LINE#         664
  C:062CH         LINE#         665
  C:062FH         LINE#         667
  C:062FH         LINE#         669
  C:062FH         LINE#         670
  C:062FH         LINE#         671
  C:062FH         LINE#         672
  C:062FH         LINE#         673
  C:062FH         LINE#         675
  C:062FH         LINE#         683
  C:063BH         LINE#         684
  C:064DH         LINE#         685
  C:064DH         LINE#         686
  C:0657H         LINE#         692
  C:0660H         LINE#         693
  C:0660H         LINE#         694
BL51 BANKED LINKER/LOCATER V6.22.4.0                                                  07/30/2026  16:03:36  PAGE 61


  C:0663H         LINE#         695
  C:0663H         LINE#         697
  C:066DH         LINE#         699
  C:066DH         LINE#         701
  C:067BH         LINE#         702
  C:067BH         LINE#         703
  C:067BH         LINE#         704
  C:068AH         LINE#         705
  C:068AH         LINE#         709
  C:0694H         LINE#         711
  C:0694H         LINE#         712
  C:0697H         LINE#         714
  C:0697H         LINE#         715
  C:06A9H         LINE#         716
  C:06A9H         LINE#         720
  C:06B3H         LINE#         722
  C:06B3H         LINE#         723
  C:06B6H         LINE#         725
  C:06B6H         LINE#         726
  C:06BEH         LINE#         727
  C:06BEH         LINE#         731
  C:06C8H         LINE#         733
  C:06C8H         LINE#         734
  C:06CBH         LINE#         736
  C:06CBH         LINE#         737
  C:06CBH         LINE#         738
  C:06CBH         LINE#         739
  C:06CBH         LINE#         740
  C:06D0H         LINE#         741
  C:06D0H         LINE#         743
  C:06DBH         LINE#         744
  C:06DBH         LINE#         745
  C:06DBH         LINE#         746
  C:06E3H         LINE#         747
  C:06E3H         LINE#         751
  C:06E3H         LINE#         753
  C:06E3H         LINE#         754
  C:06E5H         LINE#         756
  C:06E5H         LINE#         757
  C:06EDH         LINE#         758
  C:06EDH         LINE#         762
  C:06EDH         LINE#         764
  C:06EDH         LINE#         765
  C:06EFH         LINE#         767
  C:06EFH         LINE#         768
  C:06F4H         LINE#         769
  C:06F4H         LINE#         773
  C:06F4H         LINE#         775
  C:06F4H         LINE#         776
  C:06F6H         LINE#         778
  C:06F6H         LINE#         779
  C:06F6H         LINE#         780
  C:06F6H         LINE#         781
  C:06F6H         LINE#         783
  C:06F6H         LINE#         785
  C:0701H         LINE#         786
  C:0701H         LINE#         787
BL51 BANKED LINKER/LOCATER V6.22.4.0                                                  07/30/2026  16:03:36  PAGE 62


  C:0701H         LINE#         788
  C:0709H         LINE#         789
  C:0709H         LINE#         793
  C:0713H         LINE#         795
  C:0713H         LINE#         796
  C:0715H         LINE#         798
  C:0715H         LINE#         799
  C:071DH         LINE#         800
  C:071DH         LINE#         804
  C:0727H         LINE#         806
  C:0727H         LINE#         807
  C:0729H         LINE#         809
  C:0729H         LINE#         810
  C:072EH         LINE#         811
  C:072EH         LINE#         815
  C:0738H         LINE#         817
  C:0738H         LINE#         818
  C:0738H         LINE#         820
  C:0738H         LINE#         821
  C:0738H         LINE#         822
  C:0738H         LINE#         823
  C:0738H         LINE#         824
  C:0738H         LINE#         825
  C:0738H         LINE#         826
  C:0738H         LINE#         843
  C:074CH         LINE#         844
  C:074CH         LINE#         845
  C:074CH         LINE#         846
  C:074CH         LINE#         848
  C:0752H         LINE#         849
  C:0752H         LINE#         850
  C:0752H         LINE#         851
  C:0755H         LINE#         852
  C:0757H         LINE#         853
  C:0758H         LINE#         854
  C:0758H         LINE#         855
  C:0758H         LINE#         856
  C:0758H         LINE#         857
  C:075BH         LINE#         858
  C:075DH         LINE#         859
  C:075EH         LINE#         860
  C:075EH         LINE#         861
  C:0760H         LINE#         862
  C:0762H         LINE#         863
  C:0762H         LINE#         864
  C:0762H         LINE#         865
  C:0764H         LINE#         866
  C:0764H         LINE#         867
  C:0766H         LINE#         868
  C:0768H         LINE#         869
  C:0768H         LINE#         870
  C:0768H         LINE#         871
  C:076AH         LINE#         872
  C:076AH         LINE#         873
  C:076CH         LINE#         874
  C:076EH         LINE#         875
  C:0770H         LINE#         876
BL51 BANKED LINKER/LOCATER V6.22.4.0                                                  07/30/2026  16:03:36  PAGE 63


  C:0772H         LINE#         877
  C:0772H         LINE#         878
  C:0772H         LINE#         879
  -------         ENDPROC       LED_BAT_LEV_STA_DISCHARGE_HANDLE
  -------         PROC          LED_BAT_LEV_STA_ALERT_HANDLE
  -------         DO            
  X:621EH         SYMBOL        cnt
  -------         ENDDO         
  C:2748H         LINE#         884
  C:2748H         LINE#         885
  C:2748H         LINE#         888
  C:2748H         LINE#         889
  C:2748H         LINE#         890
  C:274BH         LINE#         892
  C:2755H         LINE#         893
  C:2764H         LINE#         894
  C:2764H         LINE#         895
  C:2768H         LINE#         896
  C:276DH         LINE#         897
  C:276DH         LINE#         898
  -------         ENDPROC       LED_BAT_LEV_STA_ALERT_HANDLE
  -------         PROC          LED_BAT_LEV_STA_IDLE_HANDLE
  C:0045H         LINE#         900
  C:0045H         LINE#         901
  C:0045H         LINE#         902
  C:0045H         LINE#         903
  C:0045H         LINE#         904
  C:0048H         LINE#         905
  C:004AH         LINE#         906
  -------         ENDPROC       LED_BAT_LEV_STA_IDLE_HANDLE
  -------         PROC          LED_BAT_LEV_STA_CHARGE_BEGIN_HANDLE
  C:29BAH         LINE#         908
  C:29BAH         LINE#         909
  C:29BAH         LINE#         910
  C:29BAH         LINE#         911
  C:29BAH         LINE#         912
  C:29BDH         LINE#         913
  C:29BFH         LINE#         914
  C:29C4H         LINE#         915
  C:29C8H         LINE#         916
  C:29CEH         LINE#         917
  -------         ENDPROC       LED_BAT_LEV_STA_CHARGE_BEGIN_HANDLE
  -------         PROC          LED_BAT_LEV_STA_CHARGE_BEGIN_ANIM_HANDLE
  C:1FA1H         LINE#         919
  C:1FA1H         LINE#         920
  C:1FA1H         LINE#         921
  C:1FA1H         LINE#         922
  C:1FA6H         LINE#         923
  C:1FA6H         LINE#         924
  C:1FAAH         LINE#         925
  C:1FBBH         LINE#         927
  C:1FBBH         LINE#         928
  C:1FBDH         LINE#         929
  C:1FC3H         LINE#         930
  C:1FC4H         LINE#         931
  C:1FD6H         LINE#         933
  C:1FD6H         LINE#         934
BL51 BANKED LINKER/LOCATER V6.22.4.0                                                  07/30/2026  16:03:36  PAGE 64


  C:1FD8H         LINE#         935
  C:1FDEH         LINE#         936
  C:1FDFH         LINE#         937
  C:1FF1H         LINE#         939
  C:1FF1H         LINE#         940
  C:1FF3H         LINE#         941
  C:1FF6H         LINE#         942
  C:1FF8H         LINE#         944
  C:1FF8H         LINE#         945
  C:1FFFH         LINE#         948
  C:2005H         LINE#         949
  C:2005H         LINE#         950
  C:2005H         LINE#         951
  -------         ENDPROC       LED_BAT_LEV_STA_CHARGE_BEGIN_ANIM_HANDLE
  -------         PROC          LED_BAT_LEV_STA_CHARGING_HANDLE
  -------         DO            
  X:6220H         SYMBOL        led_quick_fill_cnt
  -------         ENDDO         
  C:114CH         LINE#         953
  C:114CH         LINE#         954
  C:114CH         LINE#         957
  C:114CH         LINE#         960
  C:1158H         LINE#         961
  C:1158H         LINE#         962
  C:115FH         LINE#         965
  C:1170H         LINE#         966
  C:1170H         LINE#         967
  C:1170H         LINE#         968
  C:1175H         LINE#         969
  C:1177H         LINE#         970
  C:1177H         LINE#         971
  C:117CH         LINE#         972
  C:117EH         LINE#         973
  C:117EH         LINE#         974
  C:1183H         LINE#         975
  C:1185H         LINE#         976
  C:1185H         LINE#         977
  C:118AH         LINE#         978
  C:118AH         LINE#         979
  C:118AH         LINE#         980
  C:118AH         LINE#         982
  C:119CH         LINE#         985
  C:119CH         LINE#         987
  C:11A5H         LINE#         988
  C:11A5H         LINE#         989
  C:11A9H         LINE#         990
  C:11ABH         LINE#         992
  C:11ABH         LINE#         995
  C:11B9H         LINE#         996
  C:11B9H         LINE#         997
  C:11C5H         LINE#         998
  C:11C5H         LINE#         1000
  C:11D4H         LINE#         1001
  C:11D4H         LINE#         1002
  C:11DEH         LINE#         1008
  C:11E4H         LINE#         1009
  C:11EAH         LINE#         1010
BL51 BANKED LINKER/LOCATER V6.22.4.0                                                  07/30/2026  16:03:36  PAGE 65


  C:11EAH         LINE#         1011
  C:11EAH         LINE#         1012
  C:11ECH         LINE#         1014
  C:11ECH         LINE#         1015
  C:11F6H         LINE#         1016
  C:11F6H         LINE#         1018
  C:1211H         LINE#         1021
  C:1211H         LINE#         1022
  C:1217H         LINE#         1023
  C:1219H         LINE#         1025
  C:1219H         LINE#         1026
  C:121BH         LINE#         1027
  C:122FH         LINE#         1030
  C:122FH         LINE#         1031
  C:1235H         LINE#         1032
  C:1237H         LINE#         1034
  C:1237H         LINE#         1035
  C:1239H         LINE#         1036
  C:1252H         LINE#         1039
  C:1252H         LINE#         1040
  C:1258H         LINE#         1041
  C:125AH         LINE#         1043
  C:125FH         LINE#         1044
  C:125FH         LINE#         1045
  -------         ENDPROC       LED_BAT_LEV_STA_CHARGING_HANDLE
  -------         PROC          LED_BAT_LEV_STA_CHARGE_END_HANDLE
  C:2A7FH         LINE#         1047
  C:2A7FH         LINE#         1048
  C:2A7FH         LINE#         1050
  C:2A81H         LINE#         1051
  C:2A83H         LINE#         1052
  C:2A85H         LINE#         1053
  C:2A87H         LINE#         1054
  -------         ENDPROC       LED_BAT_LEV_STA_CHARGE_END_HANDLE
  -------         PROC          LED_BAT_LEV_DISLPLAY_1MS_ISR
  C:25F2H         LINE#         1056
  C:25F2H         LINE#         1057
  C:25F2H         LINE#         1058
  C:2612H         LINE#         1059
  C:2612H         LINE#         1060
  C:2612H         LINE#         1061
  C:2615H         LINE#         1062
  C:2615H         LINE#         1063
  C:2615H         LINE#         1064
  C:2618H         LINE#         1065
  C:2618H         LINE#         1067
  C:2618H         LINE#         1068
  C:261BH         LINE#         1069
  C:261BH         LINE#         1071
  C:261BH         LINE#         1072
  C:261EH         LINE#         1073
  C:261EH         LINE#         1075
  C:261EH         LINE#         1076
  C:2621H         LINE#         1077
  C:2621H         LINE#         1079
  C:2621H         LINE#         1080
  C:2624H         LINE#         1081
BL51 BANKED LINKER/LOCATER V6.22.4.0                                                  07/30/2026  16:03:36  PAGE 66


  C:2624H         LINE#         1083
  C:2624H         LINE#         1084
  C:2627H         LINE#         1085
  C:2627H         LINE#         1086
  C:2627H         LINE#         1087
  -------         ENDPROC       LED_BAT_LEV_DISLPLAY_1MS_ISR
  -------         ENDMOD        LED_BAT_LEV

  -------         MODULE        ?C?COPY
  C:011EH         PUBLIC        ?C?COPY
  -------         ENDMOD        ?C?COPY

  -------         MODULE        ?C?CLDPTR
  C:0144H         PUBLIC        ?C?CLDPTR
  -------         ENDMOD        ?C?CLDPTR

  -------         MODULE        ?C?CLDOPTR
  C:015DH         PUBLIC        ?C?CLDOPTR
  -------         ENDMOD        ?C?CLDOPTR

  -------         MODULE        ?C?CILDOPTR
  C:018AH         PUBLIC        ?C?CILDOPTR
  -------         ENDMOD        ?C?CILDOPTR

  -------         MODULE        ?C?CSTOPTR
  C:01BDH         PUBLIC        ?C?CSTOPTR
  -------         ENDMOD        ?C?CSTOPTR

  -------         MODULE        ?C?UIDIV
  C:01DFH         PUBLIC        ?C?UIDIV
  -------         ENDMOD        ?C?UIDIV

  -------         MODULE        ?C?IILDX
  C:0234H         PUBLIC        ?C?IILDX
  -------         ENDMOD        ?C?IILDX

  -------         MODULE        ?C?LADD
  C:024AH         PUBLIC        ?C?LADD
  -------         ENDMOD        ?C?LADD

  -------         MODULE        ?C?ULDIV
  C:0293H         PUBLIC        ?C?ULDIV
  -------         ENDMOD        ?C?ULDIV

  -------         MODULE        ?C?SLCMP
  C:0325H         PUBLIC        ?C?SLCMP
  -------         ENDMOD        ?C?SLCMP

  -------         MODULE        ?C?ULCMP
  C:033BH         PUBLIC        ?C?ULCMP
  -------         ENDMOD        ?C?ULCMP

  -------         MODULE        ?C?LLDXDATA
  C:034CH         PUBLIC        ?C?LLDXDATA
  -------         ENDMOD        ?C?LLDXDATA

  -------         MODULE        ?C?LLDXDATA0
BL51 BANKED LINKER/LOCATER V6.22.4.0                                                  07/30/2026  16:03:36  PAGE 67


  C:0358H         PUBLIC        ?C?LLDXDATA0
  -------         ENDMOD        ?C?LLDXDATA0

  -------         MODULE        ?C?LSTXDATA
  C:0364H         PUBLIC        ?C?LSTXDATA
  -------         ENDMOD        ?C?LSTXDATA

  -------         MODULE        ?C?LSTKXDATA
  C:0370H         PUBLIC        ?C?LSTKXDATA
  -------         ENDMOD        ?C?LSTKXDATA

  -------         MODULE        ?C?PLDXDATA
  C:03A1H         PUBLIC        ?C?PLDXDATA
  -------         ENDMOD        ?C?PLDXDATA

  -------         MODULE        ?C?PSTXDATA
  C:03AAH         PUBLIC        ?C?PSTXDATA
  -------         ENDMOD        ?C?PSTXDATA

  -------         MODULE        ?C?PLDOPTR
  C:03B3H         PUBLIC        ?C?PLDOPTR
  -------         ENDMOD        ?C?PLDOPTR

  -------         MODULE        ?C?CCASE
  C:03E3H         PUBLIC        ?C?CCASE
  -------         ENDMOD        ?C?CCASE

  -------         MODULE        ?C?ICALL
  C:0409H         PUBLIC        ?C?ICALL
  C:040DH         PUBLIC        ?C?ICALL2
  -------         ENDMOD        ?C?ICALL

  -------         MODULE        ?C?LIMUL
  C:040FH         PUBLIC        ?C?LIMUL
  -------         ENDMOD        ?C?LIMUL

  -------         MODULE        ?C?MEMSET
  C:043CH         PUBLIC        ?C?MEMSET
  -------         ENDMOD        ?C?MEMSET

  -------         MODULE        ?C?PLDIDATA
  C:0468H         PUBLIC        ?C?PLDIDATA
  -------         ENDMOD        ?C?PLDIDATA

  -------         MODULE        ?C?PLDPDATA
  C:0471H         PUBLIC        ?C?PLDPDATA
  -------         ENDMOD        ?C?PLDPDATA

  -------         MODULE        ?C?PLDCODE
  C:047AH         PUBLIC        ?C?PLDCODE
  -------         ENDMOD        ?C?PLDCODE

*** WARNING L15: MULTIPLE CALL TO SEGMENT
    SEGMENT: ?PR?_BAT_DISCHARGE_TIME_CNT_UPDATE?BATTERY_MONITOR
    CALLER1: ?PR?ADC_IRQHANDLER?ADC
    CALLER2: ?PR?TIMR0_IRQHANDLER?TIMER0

BL51 BANKED LINKER/LOCATER V6.22.4.0                                                  07/30/2026  16:03:36  PAGE 68


Program Size: data=9.5 xdata=574 code=10943
LINK/LOCATE RUN COMPLETE.  1 WARNING(S),  0 ERROR(S)
