BL51 BANKED LINKER/LOCATER V6.22.4.0                                                    04/01/2026  14:58:20  PAGE 1


BL51 BANKED LINKER/LOCATER V6.22.4.0, INVOKED BY:
C:\KEIL_V5\C51\BIN\BL51.EXE .\Release\Objects\STARTUP.obj, .\Release\Objects\system.obj, .\Release\Objects\adc.obj, .\Re
>> lease\Objects\pwm.obj, .\Release\Objects\timer0.obj, .\Release\Objects\timer1.obj, .\Release\Objects\uart0.obj, .\Rel
>> ease\Objects\main.obj, .\Release\Objects\uart_data_handle.obj, .\Release\Objects\key_driver.obj, .\Release\Objects\ad
>> _key.obj, .\Release\Objects\user_test.obj, .\Release\Objects\led.obj, .\Release\Objects\battery_monitor.obj, .\Releas
>> e\Objects\bluetooth_ic_handle.obj, .\Release\Objects\charge_det.obj, .\Release\Objects\low_power.obj TO .\Release\Obj
>> ects\Demo PRINT (.\Release\Listings\Demo.m51) RAMSIZE (256) CODE (0X0000-0X3EEF) XDATA (0X6000-0X66FF)


MEMORY MODEL: LARGE


INPUT MODULES INCLUDED:
  .\Release\Objects\STARTUP.obj (?C_STARTUP)
  .\Release\Objects\system.obj (SYSTEM)
  .\Release\Objects\adc.obj (ADC)
  .\Release\Objects\pwm.obj (PWM)
  .\Release\Objects\timer0.obj (TIMER0)
  .\Release\Objects\timer1.obj (TIMER1)
  .\Release\Objects\uart0.obj (UART0)
  .\Release\Objects\main.obj (MAIN)
  .\Release\Objects\uart_data_handle.obj (UART_DATA_HANDLE)
  .\Release\Objects\key_driver.obj (KEY_DRIVER)
  .\Release\Objects\ad_key.obj (AD_KEY)
  .\Release\Objects\user_test.obj (USER_TEST)
  .\Release\Objects\led.obj (LED)
  .\Release\Objects\battery_monitor.obj (BATTERY_MONITOR)
  .\Release\Objects\bluetooth_ic_handle.obj (BLUETOOTH_IC_HANDLE)
  .\Release\Objects\charge_det.obj (CHARGE_DET)
  .\Release\Objects\low_power.obj (LOW_POWER)
  C:\KEIL_V5\C51\LIB\C51L.LIB (?C_INIT)
  C:\KEIL_V5\C51\LIB\C51L.LIB (?C?COPY)
  C:\KEIL_V5\C51\LIB\C51L.LIB (?C?CLDPTR)
  C:\KEIL_V5\C51\LIB\C51L.LIB (?C?CLDOPTR)
  C:\KEIL_V5\C51\LIB\C51L.LIB (?C?CILDOPTR)
  C:\KEIL_V5\C51\LIB\C51L.LIB (?C?CSTOPTR)
  C:\KEIL_V5\C51\LIB\C51L.LIB (?C?UIDIV)
  C:\KEIL_V5\C51\LIB\C51L.LIB (?C?IILDX)
  C:\KEIL_V5\C51\LIB\C51L.LIB (?C?LADD)
  C:\KEIL_V5\C51\LIB\C51L.LIB (?C?ULDIV)
  C:\KEIL_V5\C51\LIB\C51L.LIB (?C?SLCMP)
  C:\KEIL_V5\C51\LIB\C51L.LIB (?C?ULCMP)
  C:\KEIL_V5\C51\LIB\C51L.LIB (?C?LLDXDATA)
  C:\KEIL_V5\C51\LIB\C51L.LIB (?C?LLDXDATA0)
  C:\KEIL_V5\C51\LIB\C51L.LIB (?C?LSTXDATA)
  C:\KEIL_V5\C51\LIB\C51L.LIB (?C?LSTKXDATA)
  C:\KEIL_V5\C51\LIB\C51L.LIB (?C?PLDXDATA)
  C:\KEIL_V5\C51\LIB\C51L.LIB (?C?PSTXDATA)
  C:\KEIL_V5\C51\LIB\C51L.LIB (?C?PLDOPTR)
  C:\KEIL_V5\C51\LIB\C51L.LIB (?C?CCASE)
  C:\KEIL_V5\C51\LIB\C51L.LIB (?C?ICALL)
  C:\KEIL_V5\C51\LIB\C51L.LIB (?C?LIMUL)
  C:\KEIL_V5\C51\LIB\C51L.LIB (PRINTF)
  C:\KEIL_V5\C51\LIB\C51L.LIB (?C?MEMSET)
  C:\KEIL_V5\C51\LIB\C51L.LIB (?C?CSTPTR)
  C:\KEIL_V5\C51\LIB\C51L.LIB (?C?PLDIDATA)
  C:\KEIL_V5\C51\LIB\C51L.LIB (?C?PLDIXDATA)
  C:\KEIL_V5\C51\LIB\C51L.LIB (?C?PLDPDATA)
BL51 BANKED LINKER/LOCATER V6.22.4.0                                                  04/01/2026  14:58:20  PAGE 2


  C:\KEIL_V5\C51\LIB\C51L.LIB (?C?PLDCODE)


LINK MAP OF MODULE:  .\Release\Objects\Demo (?C_STARTUP)


            TYPE    BASE      LENGTH    RELOCATION   SEGMENT NAME
            -----------------------------------------------------

            * * * * * * *   D A T A   M E M O R Y   * * * * * * *
            REG     0000H     0008H     ABSOLUTE     "REG BANK 0"
            DATA    0008H     000AH     UNIT         _DATA_GROUP_
                    0012H     000EH                  *** GAP ***
            BIT     0020H.0   0002H.2   UNIT         _BIT_GROUP_
            BIT     0022H.2   0000H.3   UNIT         ?BI?ADC
                    0022H.5   0000H.3                *** GAP ***
            IDATA   0023H     0001H     UNIT         ?STACK

            * * * * * * *  X D A T A   M E M O R Y  * * * * * * *
                    0000H     6000H                  *** GAP ***
            XDATA   6000H     0083H     UNIT         ?XD?UART0
            XDATA   6083H     0058H     UNIT         _XDATA_GROUP_
            XDATA   60DBH     0039H     UNIT         ?XD?AD_KEY
            XDATA   6114H     002CH     UNIT         ?XD?BATTERY_MONITOR
            XDATA   6140H     0015H     UNIT         ?XD?CHARGE_DET
            XDATA   6155H     0011H     UNIT         ?XD?UART_DATA_HANDLE
            XDATA   6166H     0011H     UNIT         ?XD?LED
            XDATA   6177H     0007H     UNIT         ?XD?ADC
            XDATA   617EH     0004H     UNIT         ?XD?KEY_DRIVER
            XDATA   6182H     0004H     UNIT         ?XD?LOW_POWER
            XDATA   6186H     0003H     UNIT         ?XD?USER_TEST
            XDATA   6189H     0002H     UNIT         ?XD?BLUETOOTH_IC_HANDLE
            XDATA   618BH     0001H     UNIT         ?XD?LOW_POWER_HANDLE?LOW_POWER

            * * * * * * *   C O D E   M E M O R Y   * * * * * * *
            CODE    0000H     0003H     ABSOLUTE     
            CODE    0003H     000CH     ABSOLUTE     
            CODE    000FH     000FH     UNIT         ?PR?UART_RECEIVER_TIMEOUT_ADD?UART_DATA_HANDLE
            CODE    001EH     0003H     ABSOLUTE     
            CODE    0021H     0003H     ABSOLUTE     
            CODE    0024H     001BH     UNIT         ?PR?TIMER0_INIT?TIMER0
            CODE    003FH     0003H     ABSOLUTE     
            CODE    0042H     0003H     ABSOLUTE     
            CODE    0045H     0006H     UNIT         ?PR?UART0_RXBUFFER_GET_COUNT?UART0
            CODE    004BH     0003H     ABSOLUTE     
            CODE    004EH     0461H     UNIT         ?C?LIB_CODE
            CODE    04AFH     0365H     UNIT         ?PR?PRINTF?PRINTF
            CODE    0814H     0222H     UNIT         ?PR?BATTERY_MONITOR_HANDLE?BATTERY_MONITOR
            CODE    0A36H     01A2H     UNIT         ?C_INITSEG
            CODE    0BD8H     01A1H     UNIT         ?PR?DETECT_1KHZ_SIGNAL_100US?CHARGE_DET
            CODE    0D79H     0193H     UNIT         ?PR?_KEY_DRIVER_SCAN?KEY_DRIVER
            CODE    0F0CH     0160H     UNIT         ?PR?LED_BAT_INSTRUCTION_TIMER_CALLBACK?LED
            CODE    106CH     013BH     UNIT         ?PR?AD_KEY_HANDLE?AD_KEY
            CODE    11A7H     00F0H     UNIT         ?PR?LED_RED_BLUE_FLASH_1MS_ISR?LED
            CODE    1297H     00CFH     UNIT         ?PR?SYSTEM_INIT?SYSTEM
            CODE    1366H     00C8H     UNIT         ?CO?AD_KEY
            CODE    142EH     00A5H     UNIT         ?PR?_UART_RECEIVER_PROCESS_BYTE?UART_DATA_HANDLE
BL51 BANKED LINKER/LOCATER V6.22.4.0                                                  04/01/2026  14:58:20  PAGE 3


            CODE    14D3H     009CH     UNIT         ?PR?CHARGE_DET?CHARGE_DET
            CODE    156FH     0093H     UNIT         ?PR?LED
            CODE    1602H     008DH     UNIT         ?PR?LOW_POWER_IN?LOW_POWER
            CODE    168FH     008CH     UNIT         ?C_C51STARTUP
            CODE    171BH     008BH     UNIT         ?PR?PWM_INIT?PWM
            CODE    17A6H     0078H     UNIT         ?PR?LED_SLOW_ADJUST_ISR?LED
            CODE    181EH     0074H     UNIT         ?PR?UART_DATA_HANDLE?UART_DATA_HANDLE
            CODE    1892H     0074H     UNIT         ?CO?BATTERY_MONITOR
            CODE    1906H     0073H     UNIT         ?PR?ADC_IRQHANDLER?ADC
            CODE    1979H     0070H     UNIT         ?PR?_LED_STATUS_SET?LED
            CODE    19E9H     0066H     UNIT         ?PR?TIMR0_IRQHANDLER?TIMER0
            CODE    1A4FH     005DH     UNIT         ?PR?ADC_SCAN?ADC
            CODE    1AACH     004EH     UNIT         ?PR?LED_INIT?LED
            CODE    1AFAH     004EH     UNIT         ?PR?BATTERY_MONITOR
            CODE    1B48H     004CH     UNIT         ?PR?_AD_KEY_VAL_TO_AD_KEY_INDEX?AD_KEY
            CODE    1B94H     004AH     UNIT         ?PR?_AD_KEY_GET_EVENT?AD_KEY
            CODE    1BDEH     0048H     UNIT         ?PR?_GET_BATTERY_PERCENTAGE_BY_VOLTAGE?BATTERY_MONITOR
            CODE    1C26H     0046H     UNIT         ?PR?BAT_VOL_HISTORY_BUFF_GET_AVG?BATTERY_MONITOR
            CODE    1C6CH     0045H     UNIT         ?PR?TIMR1_IRQHANDLER?TIMER1
            CODE    1CB1H     0045H     UNIT         ?PR?_UART_DATA_SEND_CMD?UART_DATA_HANDLE
            CODE    1CF6H     0041H     UNIT         ?PR?_GET_BATTERY_VOLTAGE_BY_ADC?BATTERY_MONITOR
            CODE    1D37H     003CH     UNIT         ?PR?_ADC_CHANNEL_SEL?ADC
            CODE    1D73H     0039H     UNIT         ?PR?BAT_VOL_UPDATE_TIMER_CALLBACK?BATTERY_MONITOR
            CODE    1DACH     0035H     UNIT         ?PR?LOW_POWER_ENTER_TIMER_CALLBACK?LOW_POWER
            CODE    1DE1H     0034H     UNIT         ?PR?MAIN?MAIN
            CODE    1E15H     0033H     UNIT         ?PR?AD_KEY_GET_KEY_VAL?AD_KEY
            CODE    1E48H     0031H     UNIT         ?PR?BAT_VOL_BUFF_GET_AVG_TIMER_CALLBACK?BATTERY_MONITOR
            CODE    1E79H     0030H     UNIT         ?PR?BAT_VOL_BUFF_ADD_TIMER_CALLBACK?BATTERY_MONITOR
            CODE    1EA9H     002FH     UNIT         ?PR?_ADC_UPDATE_VAL?ADC
            CODE    1ED8H     002BH     UNIT         ?PR?LOW_POWER_OUT?LOW_POWER
            CODE    1F03H     002AH     UNIT         ?PR?UART0_INIT?UART0
            CODE    1F2DH     002AH     UNIT         ?PR?USER_INIT?MAIN
            CODE    1F57H     002AH     UNIT         ?PR?LED_STATUS_SWITCH?LED
            CODE    1F81H     0029H     UNIT         ?PR?LOW_POWER_HANDLE?LOW_POWER
            CODE    1FAAH     0026H     UNIT         ?PR?_ADC_GET_VAL?ADC
            CODE    1FD0H     0026H     UNIT         ?PR?UART0_IRQHANDLER?UART0
            CODE    1FF6H     0023H     UNIT         ?PR?_UART0_SENDBUF?UART0
            CODE    2019H     0022H     UNIT         ?PR?UART_RECEIVER_PROCESS_CHECKSUM?UART_DATA_HANDLE
            CODE    203BH     0022H     UNIT         ?PR?_BAT_VOL_HISTORY_BUFF_ADD?BATTERY_MONITOR
            CODE    205DH     0022H     UNIT         ?PR?CHARGE_DET
            CODE    207FH     0021H     UNIT         ?PR?ADC
            CODE    20A0H     0021H     UNIT         ?PR?KEY_DRIVER
            CODE    20C1H     0021H     UNIT         ?PR?DEBUG_TIME_ADD?USER_TEST
            CODE    20E2H     001EH     UNIT         ?PR?_ADC_GET_UPDATE_FLAG?ADC
            CODE    2100H     001DH     UNIT         ?PR?ADC_INIT?ADC
            CODE    211DH     001BH     UNIT         ?PR?TIMER1_INIT?TIMER1
            CODE    2138H     001AH     UNIT         ?PR?ADC_GET_VAL_ONCE?ADC
            CODE    2152H     001AH     UNIT         ?PR?BLUETOOTH_IC_HANDLE_INIT?BLUETOOTH_IC_HANDLE
            CODE    216CH     0019H     UNIT         ?PR?_BATTERY_MONITOR_INIT_BY_ADC_VAL?BATTERY_MONITOR
            CODE    2185H     0019H     UNIT         ?PR?CHARGE_DET_INIT?CHARGE_DET
            CODE    219EH     0018H     UNIT         ?PR?_DELAY_MS?SYSTEM
            CODE    21B6H     0018H     UNIT         ?PR?_UART0_RXBUFFER_PUT_BYTE?UART0
            CODE    21CEH     0018H     UNIT         ?PR?IS_LOW_POWER_CONDITION_ESTABLISH?LOW_POWER
            CODE    21E6H     0018H     UNIT         ?PR?WUT_IRQHANDLER?LOW_POWER
            CODE    21FEH     0017H     UNIT         ?PR?UART0_RXBUFFER_GET_BYTE?UART0
            CODE    2215H     0017H     UNIT         ?PR?UART_DATA_HANDLE
            CODE    222CH     0017H     UNIT         ?PR?_USER_TEST_INIT_BY_VOLTAGE_MV?BATTERY_MONITOR
BL51 BANKED LINKER/LOCATER V6.22.4.0                                                  04/01/2026  14:58:20  PAGE 4


            CODE    2243H     0016H     UNIT         ?PR?PWM
            CODE    2259H     0015H     UNIT         ?PR?_ADC_CLEAR_UPDATE_FLAG?ADC
            CODE    226EH     0015H     UNIT         ?PR?UART_RECEIVER_RESET?UART_DATA_HANDLE
            CODE    2283H     0015H     UNIT         ?PR?BLE_IC_ENABLE?BLUETOOTH_IC_HANDLE
            CODE    2298H     0013H     UNIT         ?PR?UART_RECEIVER_TIMEOUT_HANDLER?UART_DATA_HANDLE
            CODE    22ABH     0013H     UNIT         ?CO?LED
            CODE    22BEH     0013H     UNIT         ?CO?LOW_POWER
            CODE    22D1H     0012H     UNIT         ?PR?USER_DEBUG_PIN_INIT?USER_TEST
            CODE    22E3H     0011H     UNIT         ?PR?_BAT_VOL_HISTORY_BUFF_INIT?BATTERY_MONITOR
            CODE    22F4H     0010H     UNIT         ?PR?UART0
            CODE    2304H     000FH     UNIT         ?PR?AD_KEY
            CODE    2313H     000FH     UNIT         ?PR?LED_CTL_INIT?LED
            CODE    2322H     000EH     UNIT         ?PR?LED_YELLOW_ON?LED
            CODE    2330H     000EH     UNIT         ?PR?LED_WHITE_ON?LED
            CODE    233EH     000DH     UNIT         ?PR?ADC_PIN_INIT?ADC
            CODE    234BH     000DH     UNIT         ?PR?_UART0_SENDBYTE?UART0
            CODE    2358H     000CH     UNIT         ?PR?PWM_GET_CHANNEL_0_STATUS?PWM
            CODE    2364H     000CH     UNIT         ?PR?PWM_GET_CHANNEL_1_STATUS?PWM
            CODE    2370H     000BH     UNIT         ?PR?_DELAY?SYSTEM
            CODE    237BH     000AH     UNIT         ?CO?MAIN
            CODE    2385H     0009H     UNIT         ?PR?_PWM_SET_CHANNEL_0_DUTY?PWM
            CODE    238EH     0009H     UNIT         ?PR?_PWM_SET_CHANNEL_1_DUTY?PWM
            CODE    2397H     0008H     UNIT         ?PR?_PUTCHAR?UART0
            CODE    239FH     0008H     UNIT         ?CO?UART_DATA_HANDLE
            CODE    23A7H     0008H     UNIT         ?PR?LED_YELLOW_OFF?LED
            CODE    23AFH     0008H     UNIT         ?PR?LED_WHITE_OFF?LED
            CODE    23B7H     0008H     UNIT         ?PR?BLE_IC_DISABLE_POST?BLUETOOTH_IC_HANDLE
            CODE    23BFH     0005H     UNIT         ?PR?BLE_IC_DISABLE_PRE?BLUETOOTH_IC_HANDLE



OVERLAY MAP OF MODULE:   .\Release\Objects\Demo (?C_STARTUP)


SEGMENT                                             BIT_GROUP          DATA_GROUP          XDATA_GROUP
  +--> CALLED SEGMENT                            START    LENGTH     START    LENGTH     START    LENGTH
--------------------------------------------------------------------------------------------------------
?C_C51STARTUP                                    -----    -----      -----    -----      -----    -----
  +--> ?PR?MAIN?MAIN
  +--> ?C_INITSEG

?PR?MAIN?MAIN                                    -----    -----      -----    -----      -----    -----
  +--> ?PR?SYSTEM_INIT?SYSTEM
  +--> ?PR?USER_INIT?MAIN
  +--> ?PR?_DELAY_MS?SYSTEM
  +--> ?PR?_KEY_DRIVER_SCAN?KEY_DRIVER
  +--> ?PR?AD_KEY_HANDLE?AD_KEY
  +--> ?PR?UART_DATA_HANDLE?UART_DATA_HANDLE
  +--> ?PR?BATTERY_MONITOR_HANDLE?BATTERY_MO...
  +--> ?PR?CHARGE_DET?CHARGE_DET

?PR?SYSTEM_INIT?SYSTEM                           -----    -----      -----    -----      -----    -----
  +--> ?PR?_DELAY?SYSTEM
  +--> ?PR?_DELAY_MS?SYSTEM

?PR?_DELAY_MS?SYSTEM                             -----    -----      -----    -----      -----    -----
  +--> ?PR?_DELAY?SYSTEM
BL51 BANKED LINKER/LOCATER V6.22.4.0                                                  04/01/2026  14:58:20  PAGE 5



?PR?USER_INIT?MAIN                               -----    -----      -----    -----      -----    -----
  +--> ?PR?ADC_PIN_INIT?ADC
  +--> ?PR?ADC_INIT?ADC
  +--> ?PR?LED_INIT?LED
  +--> ?PR?UART0_INIT?UART0
  +--> ?PR?PWM_INIT?PWM
  +--> ?PR?BLUETOOTH_IC_HANDLE_INIT?BLUETOOT...
  +--> ?PR?LED_CTL_INIT?LED
  +--> ?PR?CHARGE_DET_INIT?CHARGE_DET
  +--> ?PR?TIMER0_INIT?TIMER0
  +--> ?PR?TIMER1_INIT?TIMER1
  +--> ?PR?USER_DEBUG_PIN_INIT?USER_TEST
  +--> ?CO?MAIN
  +--> ?PR?PRINTF?PRINTF

?PR?ADC_INIT?ADC                                 -----    -----      -----    -----      -----    -----
  +--> ?PR?_DELAY_MS?SYSTEM

?PR?LED_INIT?LED                                 -----    -----      -----    -----      -----    -----
  +--> ?PR?LED

?PR?PWM_INIT?PWM                                 -----    -----      -----    -----      -----    -----
  +--> ?PR?PWM

?PR?PRINTF?PRINTF                                0021H.1  0001H.1    000DH    0005H      60B1H    0028H
  +--> ?PR?_PUTCHAR?UART0

?PR?_KEY_DRIVER_SCAN?KEY_DRIVER                  -----    -----      -----    -----      6083H    0002H
  +--> ?PR?KEY_DRIVER

?PR?AD_KEY_HANDLE?AD_KEY                         -----    -----      -----    -----      -----    -----
  +--> ?PR?_AD_KEY_GET_EVENT?AD_KEY
  +--> ?CO?AD_KEY
  +--> ?PR?PRINTF?PRINTF
  +--> ?PR?LED_STATUS_SWITCH?LED
  +--> ?PR?_USER_TEST_INIT_BY_VOLTAGE_MV?BAT...
  +--> ?PR?_UART_DATA_SEND_CMD?UART_DATA_HANDLE
  +--> ?PR?BLE_IC_DISABLE_PRE?BLUETOOTH_IC_H...
  +--> ?PR?BLE_IC_ENABLE?BLUETOOTH_IC_HANDLE

?PR?_AD_KEY_GET_EVENT?AD_KEY                     -----    -----      -----    -----      -----    -----
  +--> ?PR?AD_KEY

?PR?LED_STATUS_SWITCH?LED                        -----    -----      -----    -----      -----    -----
  +--> ?PR?_LED_STATUS_SET?LED

?PR?_LED_STATUS_SET?LED                          -----    -----      -----    -----      6087H    0001H
  +--> ?PR?LED_YELLOW_OFF?LED
  +--> ?PR?LED_WHITE_OFF?LED
  +--> ?PR?LED_WHITE_ON?LED
  +--> ?PR?LED_YELLOW_ON?LED

?PR?LED_WHITE_ON?LED                             -----    -----      -----    -----      -----    -----
  +--> ?PR?_PWM_SET_CHANNEL_1_DUTY?PWM

?PR?_PWM_SET_CHANNEL_1_DUTY?PWM                  -----    -----      -----    -----      -----    -----
BL51 BANKED LINKER/LOCATER V6.22.4.0                                                  04/01/2026  14:58:20  PAGE 6


  +--> ?PR?PWM

?PR?LED_YELLOW_ON?LED                            -----    -----      -----    -----      -----    -----
  +--> ?PR?_PWM_SET_CHANNEL_0_DUTY?PWM

?PR?_PWM_SET_CHANNEL_0_DUTY?PWM                  -----    -----      -----    -----      -----    -----
  +--> ?PR?PWM

?PR?_USER_TEST_INIT_BY_VOLTAGE_MV?BAT...         -----    -----      -----    -----      -----    -----
  +--> ?PR?BATTERY_MONITOR
  +--> ?PR?_BAT_VOL_HISTORY_BUFF_INIT?BATTER...
  +--> ?PR?_GET_BATTERY_PERCENTAGE_BY_VOLTAG...

?PR?_BAT_VOL_HISTORY_BUFF_INIT?BATTER...         -----    -----      -----    -----      -----    -----
  +--> ?PR?BATTERY_MONITOR

?PR?_GET_BATTERY_PERCENTAGE_BY_VOLTAG...         -----    -----      -----    -----      6087H    0004H

?PR?_UART_DATA_SEND_CMD?UART_DATA_HANDLE         -----    -----      -----    -----      6087H    0009H
  +--> ?CO?UART_DATA_HANDLE
  +--> ?PR?_UART0_SENDBUF?UART0

?PR?_UART0_SENDBUF?UART0                         -----    -----      -----    -----      6090H    0003H
  +--> ?PR?_UART0_SENDBYTE?UART0

?PR?BLE_IC_DISABLE_PRE?BLUETOOTH_IC_H...         -----    -----      -----    -----      -----    -----
  +--> ?PR?_UART_DATA_SEND_CMD?UART_DATA_HANDLE

?PR?BLE_IC_ENABLE?BLUETOOTH_IC_HANDLE            -----    -----      -----    -----      -----    -----
  +--> ?PR?_DELAY_MS?SYSTEM
  +--> ?PR?_UART_DATA_SEND_CMD?UART_DATA_HANDLE

?PR?UART_DATA_HANDLE?UART_DATA_HANDLE            -----    -----      -----    -----      6083H    0001H
  +--> ?PR?UART_RECEIVER_RESET?UART_DATA_HANDLE
  +--> ?PR?UART_RECEIVER_TIMEOUT_HANDLER?UAR...
  +--> ?PR?UART0_RXBUFFER_GET_COUNT?UART0
  +--> ?PR?UART0_RXBUFFER_GET_BYTE?UART0
  +--> ?PR?_UART_RECEIVER_PROCESS_BYTE?UART_...
  +--> ?PR?BLE_IC_DISABLE_POST?BLUETOOTH_IC_...

?PR?UART_RECEIVER_TIMEOUT_HANDLER?UAR...         -----    -----      -----    -----      6084H    0001H
  +--> ?PR?UART_RECEIVER_RESET?UART_DATA_HANDLE

?PR?UART0_RXBUFFER_GET_BYTE?UART0                -----    -----      -----    -----      -----    -----
  +--> ?PR?UART0

?PR?_UART_RECEIVER_PROCESS_BYTE?UART_...         -----    -----      -----    -----      -----    -----
  +--> ?PR?UART_DATA_HANDLE
  +--> ?PR?UART_RECEIVER_PROCESS_CHECKSUM?UA...

?PR?BATTERY_MONITOR_HANDLE?BATTERY_MO...         -----    -----      -----    -----      6083H    0004H
  +--> ?PR?_ADC_GET_UPDATE_FLAG?ADC
  +--> ?PR?_ADC_CLEAR_UPDATE_FLAG?ADC
  +--> ?PR?_ADC_GET_VAL?ADC
  +--> ?PR?_GET_BATTERY_VOLTAGE_BY_ADC?BATTE...
  +--> ?PR?BATTERY_MONITOR
  +--> ?PR?_BAT_VOL_HISTORY_BUFF_INIT?BATTER...
BL51 BANKED LINKER/LOCATER V6.22.4.0                                                  04/01/2026  14:58:20  PAGE 7


  +--> ?PR?_GET_BATTERY_PERCENTAGE_BY_VOLTAG...
  +--> ?CO?BATTERY_MONITOR
  +--> ?PR?PRINTF?PRINTF
  +--> ?PR?_BAT_VOL_HISTORY_BUFF_ADD?BATTERY...
  +--> ?PR?BLE_IC_ENABLE?BLUETOOTH_IC_HANDLE
  +--> ?PR?_UART_DATA_SEND_CMD?UART_DATA_HANDLE
  +--> ?PR?_DELAY_MS?SYSTEM
  +--> ?PR?BLE_IC_DISABLE_PRE?BLUETOOTH_IC_H...
  +--> ?PR?_LED_STATUS_SET?LED
  +--> ?PR?BAT_VOL_HISTORY_BUFF_GET_AVG?BATT...

?PR?_BAT_VOL_HISTORY_BUFF_ADD?BATTERY...         -----    -----      -----    -----      -----    -----
  +--> ?PR?BATTERY_MONITOR

?PR?BAT_VOL_HISTORY_BUFF_GET_AVG?BATT...         -----    -----      -----    -----      6087H    0005H
  +--> ?PR?BATTERY_MONITOR

?PR?CHARGE_DET?CHARGE_DET                        -----    -----      -----    -----      6083H    0002H
  +--> ?PR?_ADC_GET_UPDATE_FLAG?ADC
  +--> ?PR?_ADC_CLEAR_UPDATE_FLAG?ADC
  +--> ?PR?_ADC_GET_VAL?ADC
  +--> ?PR?_LED_STATUS_SET?LED
  +--> ?PR?BLE_IC_DISABLE_PRE?BLUETOOTH_IC_H...
  +--> ?PR?_DELAY_MS?SYSTEM

?C_INITSEG                                       -----    -----      -----    -----      -----    -----
  +--> ?PR?AD_KEY_GET_KEY_VAL?AD_KEY

?PR?AD_KEY_GET_KEY_VAL?AD_KEY                    -----    -----      -----    -----      6083H    0001H
  +--> ?PR?_ADC_GET_UPDATE_FLAG?ADC
  +--> ?PR?_ADC_CLEAR_UPDATE_FLAG?ADC
  +--> ?PR?_ADC_GET_VAL?ADC
  +--> ?PR?_AD_KEY_VAL_TO_AD_KEY_INDEX?AD_KEY

?PR?_AD_KEY_VAL_TO_AD_KEY_INDEX?AD_KEY           -----    -----      -----    -----      6084H    0002H

*** NEW ROOT ***************************************************

?PR?ADC_IRQHANDLER?ADC                           -----    -----      -----    -----      60AFH    0002H
  +--> ?PR?ADC
  +--> ?PR?_ADC_UPDATE_VAL?ADC

?PR?ADC                                          -----    -----      -----    -----      -----    -----
  +--> ?PR?_ADC_CHANNEL_SEL?ADC

*** NEW ROOT ***************************************************

?PR?TIMR0_IRQHANDLER?TIMER0                      -----    -----      -----    -----      -----    -----
  +--> ?PR?ADC_SCAN?ADC
  +--> ?PR?UART_RECEIVER_TIMEOUT_ADD?UART_DA...
  +--> ?PR?BAT_VOL_UPDATE_TIMER_CALLBACK?BAT...
  +--> ?PR?BAT_VOL_BUFF_ADD_TIMER_CALLBACK?B...
  +--> ?PR?BAT_VOL_BUFF_GET_AVG_TIMER_CALLBA...
  +--> ?PR?LED_SLOW_ADJUST_ISR?LED
  +--> ?PR?LED_RED_BLUE_FLASH_1MS_ISR?LED
  +--> ?PR?LED_BAT_INSTRUCTION_TIMER_CALLBAC...
  +--> ?PR?LOW_POWER_ENTER_TIMER_CALLBACK?LO...
BL51 BANKED LINKER/LOCATER V6.22.4.0                                                  04/01/2026  14:58:20  PAGE 8


  +--> ?PR?DEBUG_TIME_ADD?USER_TEST

?PR?ADC_SCAN?ADC                                 -----    -----      -----    -----      -----    -----
  +--> ?PR?ADC

?PR?BAT_VOL_BUFF_ADD_TIMER_CALLBACK?B...         -----    -----      -----    -----      -----    -----
  +--> ?PR?BATTERY_MONITOR

?PR?BAT_VOL_BUFF_GET_AVG_TIMER_CALLBA...         -----    -----      -----    -----      -----    -----
  +--> ?PR?BATTERY_MONITOR

?PR?LED_SLOW_ADJUST_ISR?LED                      -----    -----      -----    -----      -----    -----
  +--> ?PR?LED
  +--> ?PR?_PWM_SET_CHANNEL_0_DUTY?PWM
  +--> ?PR?_PWM_SET_CHANNEL_1_DUTY?PWM

?PR?LED_RED_BLUE_FLASH_1MS_ISR?LED               -----    -----      -----    -----      60B1H    0002H
  +--> ?PR?LED

?PR?LED_BAT_INSTRUCTION_TIMER_CALLBAC...         -----    -----      -----    -----      -----    -----
  +--> ?PR?LED
  +--> ?CO?LED
  +--> ?PR?PRINTF?PRINTF

?PR?LOW_POWER_ENTER_TIMER_CALLBACK?LO...         -----    -----      -----    -----      -----    -----
  +--> ?PR?IS_LOW_POWER_CONDITION_ESTABLISH?...

*** NEW ROOT ***************************************************

?PR?TIMR1_IRQHANDLER?TIMER1                      -----    -----      -----    -----      -----    -----
  +--> ?PR?DETECT_1KHZ_SIGNAL_100US?CHARGE_DET

?PR?DETECT_1KHZ_SIGNAL_100US?CHARGE_DET          -----    -----      -----    -----      60D9H    0002H
  +--> ?PR?CHARGE_DET

*** NEW ROOT ***************************************************

?PR?UART0_IRQHANDLER?UART0                       -----    -----      -----    -----      -----    -----
  +--> ?PR?_UART0_RXBUFFER_PUT_BYTE?UART0

?PR?_UART0_RXBUFFER_PUT_BYTE?UART0               -----    -----      -----    -----      -----    -----
  +--> ?PR?UART0



SYMBOL TABLE OF MODULE:  .\Release\Objects\Demo (?C_STARTUP)

  VALUE           TYPE          NAME
  ----------------------------------

  -------         MODULE        ?C_STARTUP
  C:168FH         SEGMENT       ?C_C51STARTUP
  I:0023H         SEGMENT       ?STACK
  C:0000H         PUBLIC        ?C_STARTUP
  D:00E0H         SYMBOL        ACC
  D:00F0H         SYMBOL        B
  D:0083H         SYMBOL        DPH
BL51 BANKED LINKER/LOCATER V6.22.4.0                                                  04/01/2026  14:58:20  PAGE 9


  D:0082H         SYMBOL        DPL
  N:0000H         SYMBOL        IBPSTACK
  N:0100H         SYMBOL        IBPSTACKTOP
  N:0080H         SYMBOL        IDATALEN
  C:1692H         SYMBOL        IDATALOOP
  N:0000H         SYMBOL        PBPSTACK
  N:0100H         SYMBOL        PBPSTACKTOP
  N:0000H         SYMBOL        PDATALEN
  N:0000H         SYMBOL        PDATASTART
  N:0000H         SYMBOL        PPAGE
  N:0000H         SYMBOL        PPAGEENABLE
  D:00A0H         SYMBOL        PPAGE_SFR
  D:0081H         SYMBOL        SP
  C:168FH         SYMBOL        STARTUP1
  N:0000H         SYMBOL        XBPSTACK
  N:0000H         SYMBOL        XBPSTACKTOP
  N:0000H         SYMBOL        XDATALEN
  N:0000H         SYMBOL        XDATASTART
  C:0000H         LINE#         126
  C:168FH         LINE#         133
  C:1691H         LINE#         134
  C:1692H         LINE#         135
  C:1693H         LINE#         136
  C:1695H         LINE#         185
  C:1698H         LINE#         196
  -------         ENDMOD        ?C_STARTUP

  -------         MODULE        SYSTEM
  C:0000H         SYMBOL        _ICE_DUMMY_
  D:00A7H         PUBLIC        FLASH_TIMEREG0
  D:00ACH         PUBLIC        FLASH_TIMEREG1
  C:2370H         PUBLIC        _delay
  C:219EH         PUBLIC        _delay_ms
  C:1297H         PUBLIC        system_init
  -------         PROC          _DELAY
  D:0006H         SYMBOL        cnt
  C:2370H         LINE#         37
  C:2370H         LINE#         38
  C:2370H         LINE#         39
  C:237AH         LINE#         40
  C:237AH         LINE#         41
  C:237AH         LINE#         42
  -------         ENDPROC       _DELAY
  -------         PROC          _DELAY_MS
  D:0002H         SYMBOL        ms
  C:219EH         LINE#         49
  C:21A2H         LINE#         50
  C:21A2H         LINE#         51
  C:21ACH         LINE#         52
  C:21ACH         LINE#         53
  C:21B3H         LINE#         54
  C:21B5H         LINE#         55
  -------         ENDPROC       _DELAY_MS
  -------         PROC          SYSTEM_INIT
  -------         DO            
  D:0007H         SYMBOL        i
  -------         ENDDO         
BL51 BANKED LINKER/LOCATER V6.22.4.0                                                  04/01/2026  14:58:20  PAGE 10


  C:1297H         LINE#         62
  C:1297H         LINE#         63
  C:1297H         LINE#         66
  C:129EH         LINE#         67
  C:12ABH         LINE#         68
  C:12AEH         LINE#         69
  C:12B1H         LINE#         70
  C:12B7H         LINE#         71
  C:12BDH         LINE#         72
  C:12C3H         LINE#         76
  C:12C5H         LINE#         77
  C:12C5H         LINE#         78
  C:12D2H         LINE#         79
  C:12D7H         LINE#         81
  C:1365H         LINE#         82
  -------         ENDPROC       SYSTEM_INIT
  -------         ENDMOD        SYSTEM

  -------         MODULE        ADC
  C:0000H         SYMBOL        _ICE_DUMMY_
  D:00A8H         PUBLIC        IE0
  D:00A9H         PUBLIC        IE1
  D:00AAH         PUBLIC        IE2
  D:00ABH         PUBLIC        IE3
  B:00A8H.7       PUBLIC        IE_EA
  D:00B8H         PUBLIC        IP0
  D:00B1H         PUBLIC        IP1
  D:00B2H         PUBLIC        IP2
  D:00B3H         PUBLIC        IP3
  D:00B4H         PUBLIC        IP4
  D:00B5H         PUBLIC        IP5
  D:00B6H         PUBLIC        IP6
  D:00B7H         PUBLIC        IP7
  D:0093H         PUBLIC        ADC_DATAH0
  D:0094H         PUBLIC        ADC_DATAL0
  D:0099H         PUBLIC        ADC_CHS0
  X:6177H         PUBLIC        cur_adc_status
  C:233EH         PUBLIC        adc_pin_init
  C:2100H         PUBLIC        adc_init
  C:1A4FH         PUBLIC        adc_scan
  C:1EA9H         PUBLIC        _adc_update_val
  C:1FAAH         PUBLIC        _adc_get_val
  C:20E2H         PUBLIC        _adc_get_update_flag
  C:2259H         PUBLIC        _adc_clear_update_flag
  C:1D37H         PUBLIC        _adc_channel_sel
  C:2138H         PUBLIC        adc_get_val_once
  X:6178H         SYMBOL        adc_adkey_val
  B:0022H.2       SYMBOL        flag_is_adkey_val_update
  X:617AH         SYMBOL        adc_bat_det_val
  B:0022H.3       SYMBOL        flag_is_adc_bat_det_val_update
  X:617CH         SYMBOL        adc_solar_det_val
  B:0022H.4       SYMBOL        flag_is_adc_solar_det_val_update
  C:1906H         PUBLIC        ADC_IRQHandler
  C:207FH         SYMBOL        Com005F
  C:207FH         SYMBOL        L?0096
  C:207FH         SYMBOL        L?0097
  C:2088H         SYMBOL        L?0098
BL51 BANKED LINKER/LOCATER V6.22.4.0                                                  04/01/2026  14:58:20  PAGE 11


  C:2088H         SYMBOL        L?0099
  C:208FH         SYMBOL        L?0100
  C:2099H         SYMBOL        L?0101
  C:2099H         SYMBOL        L?0102
  -------         PROC          COM005F
  -------         ENDPROC       COM005F
  -------         PROC          ADC_PIN_INIT
  C:233EH         LINE#         17
  C:233EH         LINE#         18
  C:233EH         LINE#         20
  C:2344H         LINE#         23
  C:234AH         LINE#         24
  -------         ENDPROC       ADC_PIN_INIT
  -------         PROC          ADC_INIT
  C:2100H         LINE#         26
  C:2100H         LINE#         27
  C:2100H         LINE#         35
  C:2106H         LINE#         39
  C:2109H         LINE#         40
  C:210BH         LINE#         42
  C:2111H         LINE#         44
  C:2116H         LINE#         47
  -------         ENDPROC       ADC_INIT
  -------         PROC          _ADC_UPDATE_VAL
  D:0007H         SYMBOL        adc_channel
  D:0004H         SYMBOL        adc_val
  C:1EA9H         LINE#         56
  C:1EA9H         LINE#         57
  C:1EA9H         LINE#         58
  C:1EB5H         LINE#         59
  C:1EB5H         LINE#         60
  C:1EB5H         LINE#         61
  C:1EBDH         LINE#         62
  C:1EBFH         LINE#         63
  C:1EC0H         LINE#         64
  C:1EC0H         LINE#         65
  C:1EC8H         LINE#         66
  C:1ECAH         LINE#         67
  C:1ECBH         LINE#         68
  C:1ECBH         LINE#         69
  C:1ED5H         LINE#         70
  C:1ED7H         LINE#         71
  C:1ED7H         LINE#         72
  C:1ED7H         LINE#         73
  -------         ENDPROC       _ADC_UPDATE_VAL
  -------         PROC          _ADC_GET_VAL
  D:0007H         SYMBOL        adc_channel
  -------         DO            
  D:0004H         SYMBOL        ret
  -------         ENDDO         
  C:1FAAH         LINE#         75
  C:1FAAH         LINE#         76
  C:1FAAH         LINE#         77
  C:1FADH         LINE#         78
  C:1FB9H         LINE#         79
  C:1FB9H         LINE#         80
  C:1FB9H         LINE#         81
BL51 BANKED LINKER/LOCATER V6.22.4.0                                                  04/01/2026  14:58:20  PAGE 12


  C:1FBCH         LINE#         82
  C:1FBEH         LINE#         83
  C:1FBEH         LINE#         84
  C:1FC1H         LINE#         85
  C:1FC3H         LINE#         86
  C:1FC3H         LINE#         87
  C:1FCBH         LINE#         88
  C:1FCBH         LINE#         90
  C:1FCBH         LINE#         91
  C:1FCBH         LINE#         92
  C:1FCBH         LINE#         94
  C:1FCFH         LINE#         95
  -------         ENDPROC       _ADC_GET_VAL
  -------         PROC          _ADC_GET_UPDATE_FLAG
  D:0007H         SYMBOL        adc_channel
  -------         DO            
  D:0006H         SYMBOL        ret
  -------         ENDDO         
  C:20E2H         LINE#         98
  C:20E2H         LINE#         99
  C:20E2H         LINE#         100
  C:20E4H         LINE#         101
  C:20F0H         LINE#         102
  C:20F0H         LINE#         103
  C:20F0H         LINE#         104
  C:20F2H         LINE#         105
  C:20F4H         LINE#         106
  C:20F4H         LINE#         107
  C:20F6H         LINE#         108
  C:20F8H         LINE#         109
  C:20F8H         LINE#         110
  C:20FDH         LINE#         111
  C:20FDH         LINE#         113
  C:20FDH         LINE#         114
  C:20FDH         LINE#         115
  C:20FDH         LINE#         117
  C:20FFH         LINE#         118
  -------         ENDPROC       _ADC_GET_UPDATE_FLAG
  -------         PROC          _ADC_CLEAR_UPDATE_FLAG
  D:0007H         SYMBOL        adc_channel
  C:2259H         LINE#         121
  C:2259H         LINE#         122
  C:2259H         LINE#         123
  C:2265H         LINE#         124
  C:2265H         LINE#         125
  C:2265H         LINE#         126
  C:2267H         LINE#         127
  C:2268H         LINE#         128
  C:2268H         LINE#         129
  C:226AH         LINE#         130
  C:226BH         LINE#         131
  C:226BH         LINE#         132
  C:226DH         LINE#         133
  C:226DH         LINE#         135
  C:226DH         LINE#         136
  C:226DH         LINE#         137
  C:226DH         LINE#         138
BL51 BANKED LINKER/LOCATER V6.22.4.0                                                  04/01/2026  14:58:20  PAGE 13


  -------         ENDPROC       _ADC_CLEAR_UPDATE_FLAG
  -------         PROC          _ADC_CHANNEL_SEL
  D:0007H         SYMBOL        adc_channel
  C:1D37H         LINE#         140
  C:1D37H         LINE#         141
  C:1D37H         LINE#         142
  C:1D3EH         LINE#         146
  C:1D4AH         LINE#         147
  C:1D4AH         LINE#         148
  C:1D4AH         LINE#         150
  C:1D51H         LINE#         152
  C:1D54H         LINE#         153
  C:1D56H         LINE#         154
  C:1D56H         LINE#         155
  C:1D5DH         LINE#         158
  C:1D60H         LINE#         160
  C:1D62H         LINE#         161
  C:1D62H         LINE#         165
  C:1D69H         LINE#         168
  C:1D6CH         LINE#         169
  C:1D6CH         LINE#         171
  C:1D6CH         LINE#         172
  C:1D6CH         LINE#         173
  C:1D6CH         LINE#         175
  C:1D72H         LINE#         177
  -------         ENDPROC       _ADC_CHANNEL_SEL
  -------         PROC          ADC_GET_VAL_ONCE
  C:2138H         LINE#         179
  C:2138H         LINE#         180
  C:2138H         LINE#         181
  C:213BH         LINE#         182
  C:2141H         LINE#         184
  C:2144H         LINE#         185
  C:2151H         LINE#         186
  -------         ENDPROC       ADC_GET_VAL_ONCE
  -------         PROC          ADC_SCAN
  C:1A4FH         LINE#         189
  C:1A4FH         LINE#         190
  C:1A4FH         LINE#         191
  C:1A59H         LINE#         193
  C:1A59H         LINE#         194
  C:1A5BH         LINE#         195
  C:1A61H         LINE#         196
  C:1A62H         LINE#         197
  C:1A69H         LINE#         198
  C:1A69H         LINE#         200
  C:1A6CH         LINE#         201
  C:1A6FH         LINE#         202
  C:1A70H         LINE#         203
  C:1A77H         LINE#         204
  C:1A77H         LINE#         205
  C:1A79H         LINE#         206
  C:1A7FH         LINE#         207
  C:1A80H         LINE#         208
  C:1A87H         LINE#         209
  C:1A87H         LINE#         211
  C:1A8AH         LINE#         212
BL51 BANKED LINKER/LOCATER V6.22.4.0                                                  04/01/2026  14:58:20  PAGE 14


  C:1A8DH         LINE#         213
  C:1A8EH         LINE#         214
  C:1A95H         LINE#         215
  C:1A95H         LINE#         216
  C:1A97H         LINE#         217
  C:1A9DH         LINE#         218
  C:1A9EH         LINE#         219
  C:1AA5H         LINE#         220
  C:1AA5H         LINE#         222
  C:1AA8H         LINE#         223
  C:1AABH         LINE#         224
  C:1AABH         LINE#         225
  -------         ENDPROC       ADC_SCAN
  -------         PROC          ADC_IRQHANDLER
  -------         DO            
  X:60AFH         SYMBOL        adc_val
  -------         ENDDO         
  C:1906H         LINE#         227
  C:191BH         LINE#         232
  C:191BH         LINE#         236
  C:1921H         LINE#         237
  C:1921H         LINE#         238
  C:1935H         LINE#         239
  C:193CH         LINE#         240
  C:193CH         LINE#         241
  C:1941H         LINE#         242
  C:1943H         LINE#         243
  C:194AH         LINE#         244
  C:194AH         LINE#         245
  C:194FH         LINE#         246
  C:1951H         LINE#         247
  C:1958H         LINE#         248
  C:1958H         LINE#         249
  C:1960H         LINE#         250
  C:1960H         LINE#         252
  C:1966H         LINE#         253
  C:1966H         LINE#         256
  C:1966H         LINE#         257
  -------         ENDPROC       ADC_IRQHANDLER
  -------         ENDMOD        ADC

  -------         MODULE        PWM
  C:0000H         SYMBOL        _ICE_DUMMY_
  B:00A0H.7       PUBLIC        P27
  B:00B0H.0       PUBLIC        P30
  C:171BH         PUBLIC        pwm_init
  C:2385H         PUBLIC        _pwm_set_channel_0_duty
  C:238EH         PUBLIC        _pwm_set_channel_1_duty
  C:2358H         PUBLIC        pwm_get_channel_0_status
  C:2364H         PUBLIC        pwm_get_channel_1_status
  C:2243H         SYMBOL        Com000A
  C:2243H         SYMBOL        L?0011
  C:224EH         SYMBOL        L?0012
  -------         PROC          COM000A
  -------         ENDPROC       COM000A
  -------         PROC          PWM_INIT
  C:171BH         LINE#         3
BL51 BANKED LINKER/LOCATER V6.22.4.0                                                  04/01/2026  14:58:20  PAGE 15


  C:171BH         LINE#         4
  C:171BH         LINE#         6
  C:1721H         LINE#         7
  C:1725H         LINE#         9
  C:1727H         LINE#         10
  C:172CH         LINE#         13
  C:1732H         LINE#         14
  C:1736H         LINE#         16
  C:1738H         LINE#         17
  C:173DH         LINE#         21
  C:1743H         LINE#         22
  C:1748H         LINE#         23
  C:174DH         LINE#         24
  C:1751H         LINE#         25
  C:1753H         LINE#         26
  C:1753H         LINE#         27
  C:1753H         LINE#         29
  C:1759H         LINE#         30
  C:175FH         LINE#         31
  C:1765H         LINE#         32
  C:176BH         LINE#         33
  C:1771H         LINE#         37
  C:1777H         LINE#         38
  C:177CH         LINE#         39
  C:1781H         LINE#         40
  C:1785H         LINE#         41
  C:1787H         LINE#         42
  C:1787H         LINE#         43
  C:1787H         LINE#         45
  C:178DH         LINE#         46
  C:1793H         LINE#         47
  C:1799H         LINE#         48
  C:179FH         LINE#         49
  C:17A5H         LINE#         50
  -------         ENDPROC       PWM_INIT
  -------         PROC          _PWM_SET_CHANNEL_0_DUTY
  D:0004H         SYMBOL        channel_duty
  C:2385H         LINE#         53
  C:2385H         LINE#         54
  C:2385H         LINE#         55
  C:2387H         LINE#         56
  C:2387H         LINE#         57
  C:238DH         LINE#         58
  -------         ENDPROC       _PWM_SET_CHANNEL_0_DUTY
  -------         PROC          _PWM_SET_CHANNEL_1_DUTY
  D:0004H         SYMBOL        channel_duty
  C:238EH         LINE#         61
  C:238EH         LINE#         62
  C:238EH         LINE#         63
  C:2390H         LINE#         64
  C:2390H         LINE#         65
  C:2396H         LINE#         66
  -------         ENDPROC       _PWM_SET_CHANNEL_1_DUTY
  -------         PROC          PWM_GET_CHANNEL_0_STATUS
  C:2358H         LINE#         73
  C:2358H         LINE#         74
  C:2358H         LINE#         75
BL51 BANKED LINKER/LOCATER V6.22.4.0                                                  04/01/2026  14:58:20  PAGE 16


  C:235EH         LINE#         76
  C:235EH         LINE#         77
  C:2361H         LINE#         78
  C:2361H         LINE#         80
  C:2361H         LINE#         81
  C:2363H         LINE#         82
  C:2363H         LINE#         83
  -------         ENDPROC       PWM_GET_CHANNEL_0_STATUS
  -------         PROC          PWM_GET_CHANNEL_1_STATUS
  C:2364H         LINE#         90
  C:2364H         LINE#         91
  C:2364H         LINE#         92
  C:236AH         LINE#         93
  C:236AH         LINE#         94
  C:236DH         LINE#         95
  C:236DH         LINE#         97
  C:236DH         LINE#         98
  C:236FH         LINE#         99
  C:236FH         LINE#         100
  -------         ENDPROC       PWM_GET_CHANNEL_1_STATUS
  -------         ENDMOD        PWM

  -------         MODULE        TIMER0
  C:0000H         SYMBOL        _ICE_DUMMY_
  D:00A8H         PUBLIC        IE0
  D:00A9H         PUBLIC        IE1
  D:00AAH         PUBLIC        IE2
  D:00ABH         PUBLIC        IE3
  B:00A8H.7       PUBLIC        IE_EA
  D:00B8H         PUBLIC        IP0
  D:00B1H         PUBLIC        IP1
  D:00B2H         PUBLIC        IP2
  D:00B3H         PUBLIC        IP3
  D:00B4H         PUBLIC        IP4
  D:00B5H         PUBLIC        IP5
  D:00B6H         PUBLIC        IP6
  D:00B7H         PUBLIC        IP7
  D:00D1H         PUBLIC        TMR_ALLCON
  C:0024H         PUBLIC        timer0_init
  C:19E9H         PUBLIC        TIMR0_IRQHandler
  -------         PROC          TIMER0_INIT
  C:0024H         LINE#         10
  C:0024H         LINE#         11
  C:0024H         LINE#         12
  C:0027H         LINE#         13
  C:0029H         LINE#         15
  C:002CH         LINE#         16
  C:0031H         LINE#         17
  C:0035H         LINE#         18
  C:003AH         LINE#         19
  C:003EH         LINE#         20
  -------         ENDPROC       TIMER0_INIT
  -------         PROC          TIMR0_IRQHANDLER
  C:19E9H         LINE#         24
  C:1A06H         LINE#         27
  C:1A06H         LINE#         32
  C:1A0CH         LINE#         33
BL51 BANKED LINKER/LOCATER V6.22.4.0                                                  04/01/2026  14:58:20  PAGE 17


  C:1A0CH         LINE#         34
  C:1A10H         LINE#         40
  C:1A16H         LINE#         41
  C:1A19H         LINE#         43
  C:1A1CH         LINE#         45
  C:1A1FH         LINE#         46
  C:1A22H         LINE#         47
  C:1A25H         LINE#         49
  C:1A28H         LINE#         50
  C:1A2BH         LINE#         51
  C:1A2EH         LINE#         53
  C:1A31H         LINE#         55
  C:1A34H         LINE#         57
  C:1A34H         LINE#         60
  C:1A34H         LINE#         61
  -------         ENDPROC       TIMR0_IRQHANDLER
  -------         ENDMOD        TIMER0

  -------         MODULE        TIMER1
  C:0000H         SYMBOL        _ICE_DUMMY_
  D:00A8H         PUBLIC        IE0
  D:00A9H         PUBLIC        IE1
  D:00AAH         PUBLIC        IE2
  D:00ABH         PUBLIC        IE3
  B:00A8H.7       PUBLIC        IE_EA
  D:00B8H         PUBLIC        IP0
  D:00B1H         PUBLIC        IP1
  D:00B2H         PUBLIC        IP2
  D:00B3H         PUBLIC        IP3
  D:00B4H         PUBLIC        IP4
  D:00B5H         PUBLIC        IP5
  D:00B6H         PUBLIC        IP6
  D:00B7H         PUBLIC        IP7
  D:00D1H         PUBLIC        TMR_ALLCON
  C:211DH         PUBLIC        timer1_init
  C:1C6CH         PUBLIC        TIMR1_IRQHandler
  -------         PROC          TIMER1_INIT
  C:211DH         LINE#         9
  C:211DH         LINE#         10
  C:211DH         LINE#         11
  C:2120H         LINE#         12
  C:2122H         LINE#         14
  C:2125H         LINE#         15
  C:212AH         LINE#         16
  C:212EH         LINE#         17
  C:2133H         LINE#         18
  C:2137H         LINE#         21
  -------         ENDPROC       TIMER1_INIT
  -------         PROC          TIMR1_IRQHANDLER
  C:1C6CH         LINE#         25
  C:1C89H         LINE#         28
  C:1C89H         LINE#         32
  C:1C8FH         LINE#         33
  C:1C8FH         LINE#         34
  C:1C93H         LINE#         37
  C:1C96H         LINE#         38
  C:1C96H         LINE#         41
BL51 BANKED LINKER/LOCATER V6.22.4.0                                                  04/01/2026  14:58:20  PAGE 18


  C:1C96H         LINE#         42
  -------         ENDPROC       TIMR1_IRQHANDLER
  -------         ENDMOD        TIMER1

  -------         MODULE        UART0
  C:0000H         SYMBOL        _ICE_DUMMY_
  D:00A8H         PUBLIC        IE0
  D:00A9H         PUBLIC        IE1
  D:00AAH         PUBLIC        IE2
  D:00ABH         PUBLIC        IE3
  B:00A8H.7       PUBLIC        IE_EA
  D:00B8H         PUBLIC        IP0
  D:00B1H         PUBLIC        IP1
  D:00B2H         PUBLIC        IP2
  D:00B3H         PUBLIC        IP3
  D:00B4H         PUBLIC        IP4
  D:00B5H         PUBLIC        IP5
  D:00B6H         PUBLIC        IP6
  D:00B7H         PUBLIC        IP7
  D:00D2H         PUBLIC        UART0_CON0
  D:00D4H         PUBLIC        UART0_STA
  D:00D5H         PUBLIC        UART0_BAUD0
  D:00D6H         PUBLIC        UART0_BAUD1
  D:00D7H         PUBLIC        UART0_DATA
  C:1F03H         PUBLIC        uart0_init
  C:234BH         PUBLIC        _uart0_sendbyte
  C:1FF6H         PUBLIC        _uart0_sendbuf
  C:0045H         PUBLIC        uart0_rxbuffer_get_count
  C:21FEH         PUBLIC        uart0_rxbuffer_get_byte
  C:2397H         PUBLIC        _putchar
  X:6000H         PUBLIC        uart0_rx_buffer
  C:21B6H         SYMBOL        _uart0_rxbuffer_put_byte
  C:1FD0H         PUBLIC        UART0_IRQHandler
  C:22F4H         SYMBOL        Com0037
  C:22F4H         SYMBOL        L?0056
  -------         PROC          COM0037
  -------         ENDPROC       COM0037
  -------         PROC          _PUTCHAR
  D:0007H         SYMBOL        c
  C:2397H         LINE#         8
  C:2397H         LINE#         9
  C:2397H         LINE#         10
  C:239CH         LINE#         12
  C:239EH         LINE#         13
  C:239EH         LINE#         14
  -------         ENDPROC       _PUTCHAR
  -------         PROC          UART0_INIT
  C:1F03H         LINE#         17
  C:1F03H         LINE#         18
  C:1F03H         LINE#         19
  C:1F09H         LINE#         20
  C:1F0DH         LINE#         21
  C:1F14H         LINE#         23
  C:1F18H         LINE#         24
  C:1F1EH         LINE#         26
  C:1F21H         LINE#         27
  C:1F24H         LINE#         28
BL51 BANKED LINKER/LOCATER V6.22.4.0                                                  04/01/2026  14:58:20  PAGE 19


  C:1F27H         LINE#         32
  C:1F2AH         LINE#         33
  C:1F2CH         LINE#         34
  -------         ENDPROC       UART0_INIT
  -------         PROC          _UART0_SENDBYTE
  D:0007H         SYMBOL        byte
  C:234BH         LINE#         37
  C:234BH         LINE#         38
  C:234BH         LINE#         39
  C:2350H         LINE#         42
  C:2352H         LINE#         44
  C:2357H         LINE#         46
  -------         ENDPROC       _UART0_SENDBYTE
  -------         PROC          _UART0_SENDBUF
  X:6090H         SYMBOL        buf
  D:0005H         SYMBOL        len
  -------         DO            
  D:0006H         SYMBOL        i
  -------         ENDDO         
  C:1FF6H         LINE#         48
  C:1FFCH         LINE#         49
  C:1FFCH         LINE#         50
  C:1FFEH         LINE#         51
  C:2003H         LINE#         52
  C:2003H         LINE#         53
  C:2015H         LINE#         54
  C:2018H         LINE#         55
  -------         ENDPROC       _UART0_SENDBUF
  -------         PROC          UART0_RXBUFFER_GET_COUNT
  C:0045H         LINE#         58
  C:0045H         LINE#         59
  C:0045H         LINE#         60
  C:004AH         LINE#         61
  -------         ENDPROC       UART0_RXBUFFER_GET_COUNT
  -------         PROC          UART0_RXBUFFER_GET_BYTE
  -------         DO            
  D:0007H         SYMBOL        rxbyte
  -------         ENDDO         
  C:21FEH         LINE#         64
  C:21FEH         LINE#         65
  C:21FEH         LINE#         68
  C:2204H         LINE#         69
  C:2204H         LINE#         71
  C:2206H         LINE#         72
  C:2206H         LINE#         75
  C:2209H         LINE#         76
  C:220EH         LINE#         78
  C:2214H         LINE#         80
  C:2214H         LINE#         81
  -------         ENDPROC       UART0_RXBUFFER_GET_BYTE
  -------         PROC          _UART0_RXBUFFER_PUT_BYTE
  D:0005H         SYMBOL        byte
  C:21B6H         LINE#         83
  C:21B6H         LINE#         84
  C:21B6H         LINE#         88
  C:21B9H         LINE#         89
  C:21BEH         LINE#         91
BL51 BANKED LINKER/LOCATER V6.22.4.0                                                  04/01/2026  14:58:20  PAGE 20


  C:21C4H         LINE#         93
  C:21CAH         LINE#         94
  C:21CAH         LINE#         95
  C:21CDH         LINE#         96
  C:21CDH         LINE#         97
  -------         ENDPROC       _UART0_RXBUFFER_PUT_BYTE
  -------         PROC          UART0_IRQHANDLER
  C:1FD0H         LINE#         100
  C:1FDFH         LINE#         103
  C:1FDFH         LINE#         106
  C:1FE4H         LINE#         107
  C:1FE4H         LINE#         108
  C:1FE9H         LINE#         109
  C:1FE9H         LINE#         111
  C:1FE9H         LINE#         112
  -------         ENDPROC       UART0_IRQHANDLER
  -------         ENDMOD        UART0

  -------         MODULE        MAIN
  C:0000H         SYMBOL        _ICE_DUMMY_
  D:00D9H         PUBLIC        WDT_KEY
  C:1F2DH         PUBLIC        user_init
  C:1DE1H         PUBLIC        main
  -------         PROC          USER_INIT
  C:1F2DH         LINE#         103
  C:1F2DH         LINE#         104
  C:1F2DH         LINE#         105
  C:1F30H         LINE#         106
  C:1F33H         LINE#         107
  C:1F36H         LINE#         108
  C:1F39H         LINE#         109
  C:1F3CH         LINE#         110
  C:1F3FH         LINE#         112
  C:1F42H         LINE#         113
  C:1F45H         LINE#         117
  C:1F48H         LINE#         118
  C:1F4BH         LINE#         121
  C:1F4EH         LINE#         123
  -------         ENDPROC       USER_INIT
  -------         PROC          MAIN
  C:1DE1H         LINE#         127
  C:1DE1H         LINE#         128
  C:1DE1H         LINE#         130
  C:1DE4H         LINE#         131
  C:1DE7H         LINE#         134
  C:1DEAH         LINE#         135
  C:1DF1H         LINE#         136
  C:1DF4H         LINE#         138
  C:1DF7H         LINE#         139
  C:1DFEH         LINE#         141
  C:1DFEH         LINE#         142
  C:1DFEH         LINE#         143
  C:1E07H         LINE#         144
  C:1E0AH         LINE#         146
  C:1E0DH         LINE#         148
  C:1E10H         LINE#         150
  C:1E13H         LINE#         157
BL51 BANKED LINKER/LOCATER V6.22.4.0                                                  04/01/2026  14:58:20  PAGE 21


  -------         ENDPROC       MAIN
  -------         ENDMOD        MAIN

  -------         MODULE        UART_DATA_HANDLE
  C:0000H         SYMBOL        _ICE_DUMMY_
  C:226EH         PUBLIC        uart_receiver_reset
  C:000FH         PUBLIC        uart_receiver_timeout_add
  C:2019H         PUBLIC        uart_receiver_process_checksum
  C:142EH         PUBLIC        _uart_receiver_process_byte
  C:2298H         PUBLIC        uart_receiver_timeout_handler
  C:181EH         PUBLIC        uart_data_handle
  C:1CB1H         PUBLIC        _uart_data_send_cmd
  X:6156H         SYMBOL        uart_receiver
  C:239FH         SYMBOL        _?ix1000
  C:2215H         SYMBOL        Com0039
  C:2215H         SYMBOL        L?0058
  C:2215H         SYMBOL        L?0059
  -------         PROC          COM0039
  -------         ENDPROC       COM0039
  -------         PROC          UART_RECEIVER_RESET
  C:226EH         LINE#         13
  C:226EH         LINE#         14
  C:226EH         LINE#         15
  C:227DH         LINE#         16
  C:2282H         LINE#         17
  -------         ENDPROC       UART_RECEIVER_RESET
  -------         PROC          UART_RECEIVER_TIMEOUT_ADD
  C:000FH         LINE#         23
  C:000FH         LINE#         24
  C:000FH         LINE#         25
  C:0015H         LINE#         26
  C:0015H         LINE#         27
  C:001DH         LINE#         28
  C:001DH         LINE#         29
  -------         ENDPROC       UART_RECEIVER_TIMEOUT_ADD
  -------         PROC          UART_RECEIVER_PROCESS_CHECKSUM
  -------         DO            
  D:0006H         SYMBOL        i
  D:0007H         SYMBOL        check_sum
  -------         ENDDO         
  C:2019H         LINE#         36
  C:2019H         LINE#         37
  C:2019H         LINE#         39
  C:201BH         LINE#         40
  C:201CH         LINE#         41
  C:201CH         LINE#         42
  C:2029H         LINE#         43
  C:202EH         LINE#         45
  C:2035H         LINE#         46
  C:2035H         LINE#         47
  C:2038H         LINE#         48
  C:2038H         LINE#         50
  C:2038H         LINE#         57
  C:203AH         LINE#         58
  C:203AH         LINE#         59
  -------         ENDPROC       UART_RECEIVER_PROCESS_CHECKSUM
  -------         PROC          _UART_RECEIVER_PROCESS_BYTE
BL51 BANKED LINKER/LOCATER V6.22.4.0                                                  04/01/2026  14:58:20  PAGE 22


  D:0005H         SYMBOL        byte
  C:142EH         LINE#         68
  C:1430H         LINE#         69
  C:1430H         LINE#         70
  C:1453H         LINE#         71
  C:1453H         LINE#         72
  C:1453H         LINE#         73
  C:1457H         LINE#         74
  C:1457H         LINE#         75
  C:1457H         LINE#         76
  C:145CH         LINE#         77
  C:145FH         LINE#         78
  C:145FH         LINE#         80
  C:145FH         LINE#         81
  C:1462H         LINE#         82
  C:1462H         LINE#         84
  C:1462H         LINE#         86
  C:1462H         LINE#         87
  C:1466H         LINE#         88
  C:1466H         LINE#         89
  C:1466H         LINE#         90
  C:146BH         LINE#         91
  C:146EH         LINE#         92
  C:146EH         LINE#         94
  C:146EH         LINE#         96
  C:1471H         LINE#         97
  C:1471H         LINE#         98
  C:1471H         LINE#         100
  C:1471H         LINE#         101
  C:1474H         LINE#         102
  C:1474H         LINE#         103
  C:1474H         LINE#         104
  C:1479H         LINE#         105
  C:147CH         LINE#         106
  C:147CH         LINE#         108
  C:147CH         LINE#         109
  C:147FH         LINE#         110
  C:147FH         LINE#         111
  C:147FH         LINE#         113
  C:147FH         LINE#         115
  C:147FH         LINE#         116
  C:1484H         LINE#         117
  C:1486H         LINE#         118
  C:1486H         LINE#         120
  C:1486H         LINE#         122
  C:1486H         LINE#         123
  C:148BH         LINE#         124
  C:148DH         LINE#         125
  C:148DH         LINE#         127
  C:148DH         LINE#         128
  C:1490H         LINE#         129
  C:1490H         LINE#         130
  C:1490H         LINE#         131
  C:1495H         LINE#         132
  C:1497H         LINE#         133
  C:1497H         LINE#         135
  C:1497H         LINE#         136
BL51 BANKED LINKER/LOCATER V6.22.4.0                                                  04/01/2026  14:58:20  PAGE 23


  C:149AH         LINE#         137
  C:149AH         LINE#         139
  C:149AH         LINE#         141
  C:149AH         LINE#         142
  C:14A0H         LINE#         143
  C:14A6H         LINE#         144
  C:14A6H         LINE#         146
  C:14A9H         LINE#         147
  C:14A9H         LINE#         149
  C:14A9H         LINE#         150
  C:14ACH         LINE#         151
  C:14ACH         LINE#         152
  C:14ACH         LINE#         154
  C:14ACH         LINE#         155
  C:14B0H         LINE#         156
  C:14B0H         LINE#         157
  C:14C4H         LINE#         158
  C:14CAH         LINE#         159
  C:14CDH         LINE#         160
  C:14CDH         LINE#         162
  C:14CDH         LINE#         163
  C:14D0H         LINE#         164
  C:14D0H         LINE#         165
  C:14D0H         LINE#         167
  C:14D0H         LINE#         168
  C:14D0H         LINE#         169
  C:14D0H         LINE#         171
  C:14D2H         LINE#         172
  -------         ENDPROC       _UART_RECEIVER_PROCESS_BYTE
  -------         PROC          UART_RECEIVER_TIMEOUT_HANDLER
  -------         DO            
  X:6084H         SYMBOL        i
  -------         ENDDO         
  C:2298H         LINE#         175
  C:2298H         LINE#         176
  C:2298H         LINE#         181
  C:22A7H         LINE#         182
  C:22A7H         LINE#         196
  C:22AAH         LINE#         197
  C:22AAH         LINE#         198
  -------         ENDPROC       UART_RECEIVER_TIMEOUT_HANDLER
  -------         PROC          UART_DATA_HANDLE
  -------         DO            
  X:6083H         SYMBOL        i
  D:0004H         SYMBOL        recv_byte
  X:6155H         SYMBOL        initialized
  -------         ENDDO         
  C:181EH         LINE#         199
  C:181EH         LINE#         200
  C:181EH         LINE#         208
  C:1824H         LINE#         209
  C:1824H         LINE#         210
  C:1827H         LINE#         211
  C:182DH         LINE#         212
  C:182DH         LINE#         217
  C:1833H         LINE#         218
  C:1833H         LINE#         219
BL51 BANKED LINKER/LOCATER V6.22.4.0                                                  04/01/2026  14:58:20  PAGE 24


  C:1836H         LINE#         220
  C:1836H         LINE#         222
  C:183CH         LINE#         223
  C:183CH         LINE#         225
  C:183CH         LINE#         228
  C:183CH         LINE#         229
  C:183CH         LINE#         230
  C:184AH         LINE#         232
  C:184AH         LINE#         246
  C:184AH         LINE#         247
  C:184AH         LINE#         249
  C:184FH         LINE#         252
  C:1855H         LINE#         253
  C:185AH         LINE#         256
  C:1860H         LINE#         257
  C:1860H         LINE#         265
  C:1863H         LINE#         266
  C:1863H         LINE#         267
  C:1865H         LINE#         269
  C:186CH         LINE#         270
  C:186CH         LINE#         272
  C:186CH         LINE#         292
  C:187CH         LINE#         293
  C:187CH         LINE#         294
  C:187CH         LINE#         296
  C:1881H         LINE#         297
  C:1883H         LINE#         298
  C:1883H         LINE#         300
  C:1889H         LINE#         301
  C:188BH         LINE#         302
  C:188BH         LINE#         308
  C:188EH         LINE#         309
  C:188EH         LINE#         311
  C:188EH         LINE#         313
  C:188EH         LINE#         314
  C:188EH         LINE#         317
  C:1891H         LINE#         318
  -------         ENDPROC       UART_DATA_HANDLE
  -------         PROC          _UART_DATA_SEND_CMD
  X:6087H         SYMBOL        cmd
  -------         DO            
  X:6088H         SYMBOL        buf
  -------         ENDDO         
  C:1CB1H         LINE#         322
  C:1CB6H         LINE#         323
  C:1CB6H         LINE#         324
  C:1CC9H         LINE#         335
  C:1CD2H         LINE#         336
  C:1CEBH         LINE#         338
  -------         ENDPROC       _UART_DATA_SEND_CMD
  -------         ENDMOD        UART_DATA_HANDLE

  -------         MODULE        KEY_DRIVER
  C:0000H         SYMBOL        _ICE_DUMMY_
  C:0D79H         PUBLIC        _key_driver_scan
  X:617EH         SYMBOL        is_key_active
  X:617FH         PUBLIC        scan_para
BL51 BANKED LINKER/LOCATER V6.22.4.0                                                  04/01/2026  14:58:20  PAGE 25


  C:20A0H         SYMBOL        Com0021
  C:20A0H         SYMBOL        L?0034
  C:20A3H         SYMBOL        L?0035
  C:20A4H         SYMBOL        L?0036
  C:20AAH         SYMBOL        L?0037
  C:20ADH         SYMBOL        L?0038
  C:20B1H         SYMBOL        L?0039
  C:20B7H         SYMBOL        L?0040
  C:20BAH         SYMBOL        L?0041
  -------         PROC          COM0021
  -------         ENDPROC       COM0021
  -------         PROC          _KEY_DRIVER_SCAN
  D:0001H         SYMBOL        _scan_para
  -------         DO            
  X:6083H         SYMBOL        key_event
  D:0007H         SYMBOL        cur_key_value
  X:6084H         SYMBOL        key_value
  C:0EE1H         SYMBOL        _notify
  C:0F01H         SYMBOL        _scan_end
  -------         ENDDO         
  C:0D79H         LINE#         17
  C:0D79H         LINE#         19
  C:0D79H         LINE#         24
  C:0D7EH         LINE#         25
  C:0D80H         LINE#         26
  C:0D84H         LINE#         30
  C:0D8AH         LINE#         33
  C:0D9DH         LINE#         34
  C:0D9DH         LINE#         36
  C:0D9DH         LINE#         38
  C:0DA7H         LINE#         40
  C:0DB0H         LINE#         46
  C:0DB4H         LINE#         47
  C:0DB4H         LINE#         48
  C:0DBAH         LINE#         49
  C:0DBCH         LINE#         50
  C:0DC2H         LINE#         51
  C:0DC2H         LINE#         52
  C:0DC5H         LINE#         53
  C:0DC5H         LINE#         56
  C:0DD9H         LINE#         57
  C:0DD9H         LINE#         59
  C:0DE0H         LINE#         60
  C:0DE6H         LINE#         62
  C:0DE6H         LINE#         65
  C:0DF7H         LINE#         66
  C:0DF7H         LINE#         67
  C:0E02H         LINE#         69
  C:0E02H         LINE#         72
  C:0E0EH         LINE#         73
  C:0E0EH         LINE#         80
  C:0E12H         LINE#         81
  C:0E12H         LINE#         82
  C:0E19H         LINE#         83
  C:0E19H         LINE#         84
  C:0E1BH         LINE#         85
  C:0E21H         LINE#         86
BL51 BANKED LINKER/LOCATER V6.22.4.0                                                  04/01/2026  14:58:20  PAGE 26


  C:0E23H         LINE#         88
  C:0E23H         LINE#         91
  C:0E23H         LINE#         92
  C:0E2BH         LINE#         93
  C:0E2BH         LINE#         94
  C:0E2EH         LINE#         96
  C:0E2EH         LINE#         101
  C:0E36H         LINE#         102
  C:0E42H         LINE#         103
  C:0E42H         LINE#         104
  C:0E47H         LINE#         105
  C:0E4BH         LINE#         106
  C:0E4EH         LINE#         108
  C:0E4EH         LINE#         109
  C:0E54H         LINE#         110
  C:0E54H         LINE#         111
  C:0E54H         LINE#         113
  C:0E56H         LINE#         118
  C:0E56H         LINE#         120
  C:0E56H         LINE#         125
  C:0E5AH         LINE#         126
  C:0E5AH         LINE#         128
  C:0E6BH         LINE#         129
  C:0E6BH         LINE#         133
  C:0E7CH         LINE#         134
  C:0E7CH         LINE#         154
  C:0E7CH         LINE#         155
  C:0E7EH         LINE#         157
  C:0E7EH         LINE#         158
  C:0E8BH         LINE#         160
  C:0E8DH         LINE#         162
  C:0E8DH         LINE#         164
  C:0E8DH         LINE#         165
  C:0E98H         LINE#         166
  C:0E9BH         LINE#         168
  C:0E9BH         LINE#         169
  C:0E9BH         LINE#         171
  C:0E9BH         LINE#         172
  C:0E9BH         LINE#         174
  C:0E9BH         LINE#         175
  C:0E9BH         LINE#         177
  C:0E9BH         LINE#         179
  C:0EA6H         LINE#         180
  C:0EA6H         LINE#         181
  C:0EAEH         LINE#         182
  C:0EAEH         LINE#         186
  C:0EB4H         LINE#         187
  C:0EB4H         LINE#         188
  C:0EBAH         LINE#         193
  C:0EBCH         LINE#         194
  C:0EC8H         LINE#         195
  C:0EC8H         LINE#         196
  C:0ECDH         LINE#         197
  C:0EDCH         LINE#         199
  C:0EDCH         LINE#         201
  C:0EDCH         LINE#         202
  C:0EDCH         LINE#         204
BL51 BANKED LINKER/LOCATER V6.22.4.0                                                  04/01/2026  14:58:20  PAGE 27


  C:0EDCH         LINE#         207
  C:0EE1H         LINE#         208
  C:0EE1H         LINE#         210
  C:0EE1H         LINE#         211
  C:0EE1H         LINE#         213
  C:0EE1H         LINE#         216
  C:0EE1H         LINE#         218
  C:0EE1H         LINE#         219
  C:0EE5H         LINE#         220
  C:0EEDH         LINE#         222
  C:0EF7H         LINE#         223
  C:0F01H         LINE#         226
  C:0F01H         LINE#         235
  C:0F01H         LINE#         237
  C:0F01H         LINE#         238
  C:0F0BH         LINE#         241
  -------         ENDPROC       _KEY_DRIVER_SCAN
  -------         ENDMOD        KEY_DRIVER

  -------         MODULE        AD_KEY
  C:0000H         SYMBOL        _ICE_DUMMY_
  X:60DDH         PUBLIC        ad_key_para
  C:106CH         PUBLIC        ad_key_handle
  X:60F0H         SYMBOL        ad_key_scan_table
  X:6100H         SYMBOL        ad_key_event_table
  C:1E15H         PUBLIC        ad_key_get_key_val
  C:1B48H         SYMBOL        _ad_key_val_to_ad_key_index
  C:1B94H         SYMBOL        _ad_key_get_event
  C:2304H         SYMBOL        Com003C
  C:2304H         SYMBOL        L?0061
  -------         PROC          COM003C
  -------         ENDPROC       COM003C
  -------         PROC          _AD_KEY_VAL_TO_AD_KEY_INDEX
  D:0006H         SYMBOL        ad_key_val
  -------         DO            
  D:0005H         SYMBOL        i
  X:6084H         SYMBOL        ad_key_index
  -------         ENDDO         
  C:1B48H         LINE#         53
  C:1B48H         LINE#         54
  C:1B48H         LINE#         55
  C:1B4AH         LINE#         56
  C:1B52H         LINE#         59
  C:1B52H         LINE#         60
  C:1B52H         LINE#         61
  C:1B6AH         LINE#         62
  C:1B6AH         LINE#         63
  C:1B84H         LINE#         64
  C:1B86H         LINE#         65
  C:1B86H         LINE#         66
  C:1B8BH         LINE#         68
  C:1B93H         LINE#         69
  -------         ENDPROC       _AD_KEY_VAL_TO_AD_KEY_INDEX
  -------         PROC          _AD_KEY_GET_EVENT
  D:0007H         SYMBOL        key_val
  D:0005H         SYMBOL        key_event
  -------         DO            
BL51 BANKED LINKER/LOCATER V6.22.4.0                                                  04/01/2026  14:58:20  PAGE 28


  D:0006H         SYMBOL        ret_key_event
  D:0004H         SYMBOL        key_event_index
  D:0003H         SYMBOL        i
  -------         ENDDO         
  C:1B94H         LINE#         79
  C:1B94H         LINE#         80
  C:1B94H         LINE#         81
  C:1B96H         LINE#         82
  C:1B97H         LINE#         83
  C:1B98H         LINE#         86
  C:1B9CH         LINE#         87
  C:1B9CH         LINE#         88
  C:1B9DH         LINE#         89
  C:1B9FH         LINE#         90
  C:1BA3H         LINE#         91
  C:1BA3H         LINE#         92
  C:1BA5H         LINE#         93
  C:1BA7H         LINE#         94
  C:1BABH         LINE#         95
  C:1BABH         LINE#         96
  C:1BADH         LINE#         97
  C:1BAFH         LINE#         98
  C:1BB3H         LINE#         99
  C:1BB3H         LINE#         100
  C:1BB5H         LINE#         101
  C:1BB7H         LINE#         103
  C:1BB7H         LINE#         104
  C:1BBAH         LINE#         105
  C:1BBAH         LINE#         107
  C:1BC0H         LINE#         108
  C:1BC0H         LINE#         109
  C:1BC7H         LINE#         110
  C:1BC7H         LINE#         111
  C:1BD6H         LINE#         112
  C:1BD8H         LINE#         113
  C:1BD8H         LINE#         114
  C:1BDBH         LINE#         116
  C:1BDDH         LINE#         117
  -------         ENDPROC       _AD_KEY_GET_EVENT
  -------         PROC          AD_KEY_GET_KEY_VAL
  -------         DO            
  X:60DBH         SYMBOL        val
  X:6083H         SYMBOL        ret
  -------         ENDDO         
  C:1E15H         LINE#         130
  C:1E15H         LINE#         131
  C:1E15H         LINE#         133
  C:1E1BH         LINE#         136
  C:1E23H         LINE#         137
  C:1E23H         LINE#         138
  C:1E28H         LINE#         139
  C:1E35H         LINE#         142
  C:1E35H         LINE#         144
  C:1E45H         LINE#         145
  C:1E47H         LINE#         146
  -------         ENDPROC       AD_KEY_GET_KEY_VAL
  -------         PROC          AD_KEY_HANDLE
BL51 BANKED LINKER/LOCATER V6.22.4.0                                                  04/01/2026  14:58:20  PAGE 29


  -------         DO            
  D:0007H         SYMBOL        ad_key_event
  -------         ENDDO         
  C:106CH         LINE#         148
  C:106CH         LINE#         149
  C:106CH         LINE#         150
  C:106CH         LINE#         152
  C:1075H         LINE#         153
  C:1075H         LINE#         155
  C:1075H         LINE#         157
  C:107DH         LINE#         158
  C:1082H         LINE#         159
  C:1084H         LINE#         162
  C:1099H         LINE#         163
  C:1099H         LINE#         168
  C:109AH         LINE#         170
  C:109AH         LINE#         172
  C:10D2H         LINE#         173
  C:10D2H         LINE#         176
  C:10D2H         LINE#         178
  C:10DBH         LINE#         180
  C:10DDH         LINE#         181
  C:10E0H         LINE#         183
  C:10E0H         LINE#         185
  C:10E9H         LINE#         189
  C:10EBH         LINE#         190
  C:10EEH         LINE#         192
  C:10EEH         LINE#         194
  C:10F7H         LINE#         198
  C:10F9H         LINE#         199
  C:10FCH         LINE#         201
  C:10FCH         LINE#         203
  C:1102H         LINE#         205
  C:1105H         LINE#         209
  C:1105H         LINE#         211
  C:110EH         LINE#         213
  C:1111H         LINE#         214
  C:1111H         LINE#         216
  C:1111H         LINE#         218
  C:111AH         LINE#         221
  C:1121H         LINE#         223
  C:1121H         LINE#         225
  C:1121H         LINE#         227
  C:1127H         LINE#         229
  C:1129H         LINE#         231
  C:1129H         LINE#         233
  C:112FH         LINE#         235
  C:1131H         LINE#         240
  C:1131H         LINE#         242
  C:113AH         LINE#         245
  C:113CH         LINE#         246
  C:113EH         LINE#         248
  C:113EH         LINE#         250
  C:1147H         LINE#         254
  C:1149H         LINE#         255
  C:114BH         LINE#         257
  C:114BH         LINE#         259
BL51 BANKED LINKER/LOCATER V6.22.4.0                                                  04/01/2026  14:58:20  PAGE 30


  C:1154H         LINE#         263
  C:1156H         LINE#         264
  C:1158H         LINE#         266
  C:1158H         LINE#         268
  C:115EH         LINE#         270
  C:1160H         LINE#         274
  C:1160H         LINE#         276
  C:1169H         LINE#         280
  C:116FH         LINE#         281
  C:116FH         LINE#         282
  C:1171H         LINE#         283
  C:1173H         LINE#         284
  C:117BH         LINE#         285
  C:117BH         LINE#         286
  C:1180H         LINE#         287
  C:1180H         LINE#         288
  C:1180H         LINE#         290
  C:1180H         LINE#         292
  C:1189H         LINE#         296
  C:118FH         LINE#         297
  C:118FH         LINE#         300
  C:1192H         LINE#         301
  C:1192H         LINE#         303
  C:1192H         LINE#         308
  C:1195H         LINE#         309
  C:1195H         LINE#         310
  C:1195H         LINE#         312
  C:1195H         LINE#         314
  C:119BH         LINE#         316
  C:119DH         LINE#         318
  C:119DH         LINE#         320
  C:11A6H         LINE#         322
  C:11A6H         LINE#         324
  C:11A6H         LINE#         325
  C:11A6H         LINE#         326
  C:11A6H         LINE#         327
  -------         ENDPROC       AD_KEY_HANDLE
  -------         ENDMOD        AD_KEY

  -------         MODULE        USER_TEST
  C:0000H         SYMBOL        _ICE_DUMMY_
  B:0090H.7       PUBLIC        P17
  X:6188H         PUBLIC        flag_debug
  C:20C1H         PUBLIC        debug_time_add
  C:22D1H         PUBLIC        user_debug_pin_init
  -------         PROC          DEBUG_TIME_ADD
  -------         DO            
  X:6186H         SYMBOL        cnt
  -------         ENDDO         
  C:20C1H         LINE#         12
  C:20C1H         LINE#         13
  C:20C1H         LINE#         16
  C:20CBH         LINE#         17
  C:20DAH         LINE#         18
  C:20DAH         LINE#         19
  C:20DEH         LINE#         20
  C:20E1H         LINE#         21
BL51 BANKED LINKER/LOCATER V6.22.4.0                                                  04/01/2026  14:58:20  PAGE 31


  C:20E1H         LINE#         23
  -------         ENDPROC       DEBUG_TIME_ADD
  -------         PROC          USER_DEBUG_PIN_INIT
  C:22D1H         LINE#         25
  C:22D1H         LINE#         26
  C:22D1H         LINE#         27
  C:22D7H         LINE#         28
  C:22DBH         LINE#         29
  C:22E0H         LINE#         30
  C:22E2H         LINE#         31
  -------         ENDPROC       USER_DEBUG_PIN_INIT
  -------         ENDMOD        USER_TEST

  -------         MODULE        LED
  C:0000H         SYMBOL        _ICE_DUMMY_
  B:0080H.0       PUBLIC        P00
  B:0080H.1       PUBLIC        P01
  B:0080H.2       PUBLIC        P02
  B:0080H.5       PUBLIC        P05
  B:0080H.6       PUBLIC        P06
  B:0090H.3       PUBLIC        P13
  B:00A0H.7       PUBLIC        P27
  B:00B0H.0       PUBLIC        P30
  X:6166H         PUBLIC        led_ctl
  X:6173H         PUBLIC        led_bat_level_sta
  C:1AACH         PUBLIC        led_init
  C:2313H         PUBLIC        led_ctl_init
  C:1F57H         PUBLIC        led_status_switch
  C:1979H         PUBLIC        _led_status_set
  C:11A7H         PUBLIC        led_red_blue_flash_1ms_isr
  C:17A6H         PUBLIC        led_slow_adjust_isr
  C:0F0CH         PUBLIC        led_bat_instruction_timer_callback
  C:2322H         PUBLIC        led_yellow_on
  C:23A7H         PUBLIC        led_yellow_off
  C:2330H         PUBLIC        led_white_on
  C:23AFH         PUBLIC        led_white_off
  X:6174H         PUBLIC        led_charge_anim_phase
  X:6175H         PUBLIC        led_charge_anim_cnt
  C:156FH         SYMBOL        Com0066
  C:156FH         SYMBOL        L?0103
  C:157BH         SYMBOL        L?0104
  C:1589H         SYMBOL        L?0105
  C:158AH         SYMBOL        L?0106
  C:158FH         SYMBOL        L?0107
  C:1596H         SYMBOL        L?0108
  C:15A7H         SYMBOL        L?0109
  C:15B6H         SYMBOL        L?0110
  C:15B6H         SYMBOL        L?0111
  C:15BFH         SYMBOL        L?0112
  C:15CDH         SYMBOL        L?0113
  C:15DAH         SYMBOL        L?0114
  C:15DAH         SYMBOL        L?0115
  C:15E2H         SYMBOL        L?0116
  C:15E2H         SYMBOL        L?0117
  C:15EAH         SYMBOL        L?0118
  C:15F5H         SYMBOL        L?0119
  C:15F6H         SYMBOL        L?0120
BL51 BANKED LINKER/LOCATER V6.22.4.0                                                  04/01/2026  14:58:20  PAGE 32


  C:15FCH         SYMBOL        L?0121
  C:15FCH         SYMBOL        L?0122
  -------         PROC          COM0066
  -------         ENDPROC       COM0066
  -------         PROC          LED_INIT
  C:1AACH         LINE#         9
  C:1AACH         LINE#         10
  C:1AACH         LINE#         12
  C:1AB2H         LINE#         13
  C:1AB6H         LINE#         14
  C:1AB8H         LINE#         15
  C:1ABDH         LINE#         18
  C:1AC3H         LINE#         19
  C:1AC7H         LINE#         20
  C:1AC9H         LINE#         21
  C:1ACCH         LINE#         24
  C:1ACCH         LINE#         25
  C:1ACFH         LINE#         26
  C:1AD1H         LINE#         27
  C:1AD6H         LINE#         30
  C:1ADBH         LINE#         31
  C:1ADFH         LINE#         32
  C:1AE1H         LINE#         33
  C:1AE4H         LINE#         36
  C:1AE4H         LINE#         37
  C:1AE7H         LINE#         38
  C:1AE9H         LINE#         39
  C:1AECH         LINE#         42
  C:1AF0H         LINE#         43
  C:1AF4H         LINE#         44
  C:1AF6H         LINE#         45
  C:1AF9H         LINE#         46
  -------         ENDPROC       LED_INIT
  -------         PROC          LED_CTL_INIT
  C:2313H         LINE#         48
  C:2313H         LINE#         49
  C:2313H         LINE#         58
  -------         ENDPROC       LED_CTL_INIT
  -------         PROC          LED_YELLOW_ON
  C:2322H         LINE#         61
  C:2322H         LINE#         62
  C:2322H         LINE#         63
  C:2329H         LINE#         64
  C:232FH         LINE#         65
  -------         ENDPROC       LED_YELLOW_ON
  -------         PROC          LED_YELLOW_OFF
  C:23A7H         LINE#         67
  C:23A7H         LINE#         68
  C:23A7H         LINE#         69
  C:23A9H         LINE#         70
  C:23AEH         LINE#         71
  -------         ENDPROC       LED_YELLOW_OFF
  -------         PROC          LED_WHITE_ON
  C:2330H         LINE#         73
  C:2330H         LINE#         74
  C:2330H         LINE#         75
  C:2337H         LINE#         76
BL51 BANKED LINKER/LOCATER V6.22.4.0                                                  04/01/2026  14:58:20  PAGE 33


  C:233DH         LINE#         77
  -------         ENDPROC       LED_WHITE_ON
  -------         PROC          LED_WHITE_OFF
  C:23AFH         LINE#         79
  C:23AFH         LINE#         80
  C:23AFH         LINE#         81
  C:23B1H         LINE#         82
  C:23B6H         LINE#         83
  -------         ENDPROC       LED_WHITE_OFF
  -------         PROC          LED_STATUS_SWITCH
  C:1F57H         LINE#         85
  C:1F57H         LINE#         86
  C:1F57H         LINE#         88
  C:1F6BH         LINE#         89
  C:1F6BH         LINE#         90
  C:1F6BH         LINE#         94
  C:1F6DH         LINE#         95
  C:1F6FH         LINE#         96
  C:1F6FH         LINE#         101
  C:1F71H         LINE#         102
  C:1F73H         LINE#         103
  C:1F73H         LINE#         107
  C:1F75H         LINE#         108
  C:1F77H         LINE#         109
  C:1F77H         LINE#         115
  C:1F79H         LINE#         116
[...]
  C:2283H         LINE#         11
  C:2285H         LINE#         12
  C:228CH         LINE#         13
BL51 BANKED LINKER/LOCATER V6.22.4.0                                                  04/01/2026  14:58:20  PAGE 44


  C:2291H         LINE#         14
  C:2297H         LINE#         15
  -------         ENDPROC       BLE_IC_ENABLE
  -------         PROC          BLE_IC_DISABLE_PRE
  C:23BFH         LINE#         18
  C:23BFH         LINE#         19
  C:23BFH         LINE#         20
  -------         ENDPROC       BLE_IC_DISABLE_PRE
  -------         PROC          BLE_IC_DISABLE_POST
  C:23B7H         LINE#         25
  C:23B7H         LINE#         26
  C:23B7H         LINE#         28
  C:23B9H         LINE#         29
  C:23BEH         LINE#         30
  -------         ENDPROC       BLE_IC_DISABLE_POST
  -------         PROC          BLUETOOTH_IC_HANDLE_INIT
  C:2152H         LINE#         32
  C:2152H         LINE#         33
  C:2152H         LINE#         35
  C:2158H         LINE#         36
  C:215CH         LINE#         37
  C:2161H         LINE#         38
  C:2163H         LINE#         40
  C:2168H         LINE#         43
  C:216BH         LINE#         44
  -------         ENDPROC       BLUETOOTH_IC_HANDLE_INIT
  -------         ENDMOD        BLUETOOTH_IC_HANDLE

  -------         MODULE        CHARGE_DET
  C:0000H         SYMBOL        _ICE_DUMMY_
  B:00A0H.1       PUBLIC        P21
  X:6151H         PUBLIC        is_in_charging
  X:6152H         PUBLIC        is_charging_ic_stop
  C:2185H         PUBLIC        charge_det_init
  C:14D3H         PUBLIC        charge_det
  C:0BD8H         PUBLIC        detect_1khz_signal_100us
  X:6153H         SYMBOL        is_in_charging_by_solar_panel
  X:6154H         SYMBOL        is_in_charging_by_charger
  C:205DH         SYMBOL        Com002C
  C:205DH         SYMBOL        L?0045
  C:2060H         SYMBOL        L?0046
  C:2061H         SYMBOL        L?0047
  C:2067H         SYMBOL        L?0048
  C:2073H         SYMBOL        L?0049
  -------         PROC          COM002C
  -------         ENDPROC       COM002C
  -------         PROC          CHARGE_DET_INIT
  C:2185H         LINE#         11
  C:2185H         LINE#         12
  C:2185H         LINE#         15
  C:218BH         LINE#         16
  C:2191H         LINE#         18
  C:2197H         LINE#         19
  C:219DH         LINE#         20
  -------         ENDPROC       CHARGE_DET_INIT
  -------         PROC          DETECT_1KHZ_SIGNAL_100US
  -------         DO            
BL51 BANKED LINKER/LOCATER V6.22.4.0                                                  04/01/2026  14:58:20  PAGE 45


  X:6140H         SYMBOL        signal_high_duration
  X:6142H         SYMBOL        signal_low_duration
  X:6144H         SYMBOL        detection_state
  X:6145H         SYMBOL        toggle_count_in_period
  X:6147H         SYMBOL        measurement_period_counter
  X:6149H         SYMBOL        is_detected_signal
  X:614AH         SYMBOL        last_pin_state
  X:60D9H         SYMBOL        current_pin_state
  X:60DAH         SYMBOL        pin_changed
  X:614BH         SYMBOL        consecutive_detection_count
  X:614DH         SYMBOL        undetected_charging_count
  -------         ENDDO         
  C:0BD8H         LINE#         24
  C:0BD8H         LINE#         25
  C:0BD8H         LINE#         37
  C:0BE0H         LINE#         38
  C:0BF8H         LINE#         48
  C:0BFEH         LINE#         51
  C:0C0BH         LINE#         52
  C:0C0BH         LINE#         53
  C:0C11H         LINE#         54
  C:0C20H         LINE#         55
  C:0C20H         LINE#         56
  C:0C24H         LINE#         57
  C:0C28H         LINE#         58
  C:0C2CH         LINE#         59
  C:0C2CH         LINE#         60
  C:0C2EH         LINE#         62
  C:0C2EH         LINE#         63
  C:0C35H         LINE#         64
  C:0C35H         LINE#         66
  C:0C49H         LINE#         67
  C:0C49H         LINE#         68
  C:0C49H         LINE#         69
  C:0C53H         LINE#         70
  C:0C53H         LINE#         71
  C:0C53H         LINE#         72
  C:0C56H         LINE#         73
  C:0C58H         LINE#         74
  C:0C5BH         LINE#         76
  C:0C5BH         LINE#         77
  C:0C5EH         LINE#         78
  C:0C65H         LINE#         79
  C:0C6AH         LINE#         80
  C:0C6AH         LINE#         81
  C:0C6DH         LINE#         83
  C:0C6DH         LINE#         84
  C:0C74H         LINE#         85
  C:0C74H         LINE#         86
  C:0C8BH         LINE#         87
  C:0C8BH         LINE#         88
  C:0C91H         LINE#         89
  C:0C91H         LINE#         91
  C:0C95H         LINE#         92
  C:0C98H         LINE#         94
  C:0C98H         LINE#         95
  C:0C9EH         LINE#         96
BL51 BANKED LINKER/LOCATER V6.22.4.0                                                  04/01/2026  14:58:20  PAGE 46


  C:0CA6H         LINE#         101
  C:0CB7H         LINE#         102
  C:0CB7H         LINE#         103
  C:0CBAH         LINE#         104
  C:0CBAH         LINE#         105
  C:0CBEH         LINE#         106
  C:0CBEH         LINE#         107
  C:0CC0H         LINE#         109
  C:0CC0H         LINE#         110
  C:0CC6H         LINE#         111
  C:0CC6H         LINE#         112
  C:0CCCH         LINE#         113
  C:0CD0H         LINE#         114
  C:0CD2H         LINE#         116
  C:0CD2H         LINE#         117
  C:0CD5H         LINE#         118
  C:0CD8H         LINE#         123
  C:0CE7H         LINE#         124
  C:0CE7H         LINE#         125
  C:0CEAH         LINE#         126
  C:0CEAH         LINE#         128
  C:0CF1H         LINE#         129
  C:0CF1H         LINE#         130
  C:0CF1H         LINE#         131
  C:0CF1H         LINE#         133
  C:0D00H         LINE#         134
  C:0D00H         LINE#         135
  C:0D04H         LINE#         141
  C:0D12H         LINE#         142
  C:0D12H         LINE#         143
  C:0D18H         LINE#         144
  C:0D1AH         LINE#         146
  C:0D1AH         LINE#         147
  C:0D1FH         LINE#         148
  C:0D1FH         LINE#         149
  C:0D26H         LINE#         150
  C:0D26H         LINE#         152
  C:0D2CH         LINE#         153
  C:0D2CH         LINE#         163
  C:0D32H         LINE#         164
  C:0D42H         LINE#         165
  C:0D42H         LINE#         166
  C:0D48H         LINE#         167
  C:0D48H         LINE#         170
  C:0D57H         LINE#         171
  C:0D57H         LINE#         172
  C:0D5DH         LINE#         174
  C:0D67H         LINE#         175
  C:0D67H         LINE#         176
  C:0D69H         LINE#         178
  C:0D69H         LINE#         179
  C:0D70H         LINE#         180
  C:0D70H         LINE#         182
  C:0D78H         LINE#         183
  -------         ENDPROC       DETECT_1KHZ_SIGNAL_100US
  -------         PROC          CHARGE_DET
  -------         DO            
BL51 BANKED LINKER/LOCATER V6.22.4.0                                                  04/01/2026  14:58:20  PAGE 47


  X:614FH         SYMBOL        adc_val
  X:6083H         SYMBOL        voltage_mv
  -------         ENDDO         
  C:14D3H         LINE#         186
  C:14D3H         LINE#         187
  C:14D3H         LINE#         189
  C:14DAH         LINE#         191
  C:14E2H         LINE#         192
  C:14E2H         LINE#         193
  C:14E7H         LINE#         194
  C:14F4H         LINE#         195
  C:14F4H         LINE#         202
  C:1514H         LINE#         204
  C:151CH         LINE#         205
  C:151CH         LINE#         206
  C:1522H         LINE#         207
  C:1524H         LINE#         209
  C:1524H         LINE#         210
  C:1529H         LINE#         211
  C:1529H         LINE#         213
  C:1535H         LINE#         214
  C:1535H         LINE#         215
  C:153BH         LINE#         216
  C:153DH         LINE#         217
  C:1549H         LINE#         218
  C:1549H         LINE#         219
  C:154DH         LINE#         220
  C:154DH         LINE#         223
  C:1553H         LINE#         224
  C:1553H         LINE#         225
  C:1559H         LINE#         226
  C:1559H         LINE#         227
  C:155EH         LINE#         228
  C:155EH         LINE#         230
  C:1564H         LINE#         231
  C:1564H         LINE#         232
  C:1567H         LINE#         233
  C:156EH         LINE#         234
  C:156EH         LINE#         235
  C:156EH         LINE#         236
  -------         ENDPROC       CHARGE_DET
  -------         ENDMOD        CHARGE_DET

  -------         MODULE        LOW_POWER
  C:0000H         SYMBOL        _ICE_DUMMY_
  D:00BAH         PUBLIC        LP_CON
  D:008DH         PUBLIC        LP_WKCON
  D:008EH         PUBLIC        LP_WKPND
  D:00A8H         PUBLIC        IE0
  D:00A9H         PUBLIC        IE1
  D:00AAH         PUBLIC        IE2
  D:00ABH         PUBLIC        IE3
  B:00A8H.7       PUBLIC        IE_EA
  D:00B8H         PUBLIC        IP0
  D:00B1H         PUBLIC        IP1
  D:00B2H         PUBLIC        IP2
  D:00B3H         PUBLIC        IP3
BL51 BANKED LINKER/LOCATER V6.22.4.0                                                  04/01/2026  14:58:20  PAGE 48


  D:00B4H         PUBLIC        IP4
  D:00B5H         PUBLIC        IP5
  D:00B6H         PUBLIC        IP6
  D:00B7H         PUBLIC        IP7
  B:00A0H.7       PUBLIC        P27
  B:00B0H.0       PUBLIC        P30
  D:00D2H         PUBLIC        UART0_CON0
  D:00D1H         PUBLIC        TMR_ALLCON
  C:1F81H         PUBLIC        low_power_handle
  C:1DACH         PUBLIC        low_power_enter_timer_callback
  X:6184H         SYMBOL        is_low_power_enter_enable
  C:21CEH         PUBLIC        is_low_power_condition_establish
  C:1602H         PUBLIC        low_power_in
  C:1ED8H         PUBLIC        low_power_out
  C:21E6H         PUBLIC        WUT_IRQHandler
  -------         PROC          IS_LOW_POWER_CONDITION_ESTABLISH
  C:21CEH         LINE#         8
  C:21CEH         LINE#         9
  C:21CEH         LINE#         11
  C:21E5H         LINE#         12
  -------         ENDPROC       IS_LOW_POWER_CONDITION_ESTABLISH
  -------         PROC          LOW_POWER_ENTER_TIMER_CALLBACK
  -------         DO            
  X:6182H         SYMBOL        cnt
  -------         ENDDO         
  C:1DACH         LINE#         15
  C:1DACH         LINE#         16
  C:1DACH         LINE#         18
  C:1DB2H         LINE#         19
  C:1DB2H         LINE#         20
  C:1DBCH         LINE#         21
  C:1DCBH         LINE#         22
  C:1DCBH         LINE#         23
  C:1DCFH         LINE#         24
  C:1DD4H         LINE#         25
  C:1DD4H         LINE#         26
  C:1DD5H         LINE#         28
  C:1DD5H         LINE#         29
  C:1DDCH         LINE#         30
  C:1DE0H         LINE#         31
  C:1DE0H         LINE#         32
  -------         ENDPROC       LOW_POWER_ENTER_TIMER_CALLBACK
  -------         PROC          LOW_POWER_IN
  C:1602H         LINE#         34
  C:1602H         LINE#         35
  C:1602H         LINE#         36
  C:1605H         LINE#         37
  C:1608H         LINE#         38
  C:160BH         LINE#         39
  C:160EH         LINE#         41
  C:1614H         LINE#         42
  C:161AH         LINE#         45
  C:161CH         LINE#         46
  C:1621H         LINE#         47
  C:1623H         LINE#         48
  C:1627H         LINE#         49
  C:162DH         LINE#         50
BL51 BANKED LINKER/LOCATER V6.22.4.0                                                  04/01/2026  14:58:20  PAGE 49


  C:1633H         LINE#         51
  C:1639H         LINE#         52
  C:163FH         LINE#         54
  C:1645H         LINE#         59
  C:164BH         LINE#         60
  C:164FH         LINE#         61
  C:1654H         LINE#         62
  C:1656H         LINE#         63
  C:1659H         LINE#         67
  C:165CH         LINE#         68
  C:165EH         LINE#         69
  C:1661H         LINE#         73
  C:1665H         LINE#         74
  C:166BH         LINE#         75
  C:1671H         LINE#         76
  C:1677H         LINE#         78
  C:167AH         LINE#         79
  C:167DH         LINE#         82
  C:1684H         LINE#         83
  C:168BH         LINE#         88
  C:168EH         LINE#         92
  -------         ENDPROC       LOW_POWER_IN
  -------         PROC          LOW_POWER_OUT
  C:1ED8H         LINE#         94
  C:1ED8H         LINE#         95
  C:1ED8H         LINE#         97
  C:1EDBH         LINE#         98
  C:1EE2H         LINE#         99
  C:1EE9H         LINE#         101
  C:1EF0H         LINE#         102
  C:1EF3H         LINE#         103
  C:1EFAH         LINE#         106
  -------         ENDPROC       LOW_POWER_OUT
  -------         PROC          LOW_POWER_HANDLE
  -------         DO            
  D:0006H         SYMBOL        adc_val
  C:1F92H         SYMBOL        label_low_power_in
  -------         DO            
  X:618BH         SYMBOL        is_back_to_low_power
  -------         ENDDO         
  -------         ENDDO         
  C:1F81H         LINE#         110
  C:1F81H         LINE#         111
  C:1F81H         LINE#         114
  C:1F8BH         LINE#         115
  C:1F8BH         LINE#         116
  C:1F92H         LINE#         117
  C:1F92H         LINE#         119
  C:1F92H         LINE#         121
  C:1F92H         LINE#         122
  C:1F92H         LINE#         125
  C:1F9BH         LINE#         128
  C:1F9EH         LINE#         129
  C:1FA1H         LINE#         130
  C:1FA6H         LINE#         135
  C:1FA6H         LINE#         136
  C:1FA6H         LINE#         137
BL51 BANKED LINKER/LOCATER V6.22.4.0                                                  04/01/2026  14:58:20  PAGE 50


  C:1FA6H         LINE#         141
  C:1FA6H         LINE#         142
  C:1FA6H         LINE#         143
  C:1FA6H         LINE#         145
  C:1FA6H         LINE#         146
  C:1FA6H         LINE#         148
  C:1FA6H         LINE#         149
  C:1FA6H         LINE#         151
  C:1FA6H         LINE#         155
  C:1FA6H         LINE#         157
  C:1FA6H         LINE#         165
  C:1FA6H         LINE#         166
  C:1FA6H         LINE#         167
  C:1FA6H         LINE#         168
  C:1FA6H         LINE#         170
  C:1FA9H         LINE#         171
  -------         ENDPROC       LOW_POWER_HANDLE
  -------         PROC          WUT_IRQHANDLER
  C:21E6H         LINE#         174
  C:21ECH         LINE#         177
  C:21ECH         LINE#         182
  C:21F3H         LINE#         183
  C:21F3H         LINE#         184
  C:21F7H         LINE#         185
  C:21F7H         LINE#         188
  C:21F7H         LINE#         189
  -------         ENDPROC       WUT_IRQHANDLER
  -------         ENDMOD        LOW_POWER

  -------         MODULE        ?C?COPY
  C:011EH         PUBLIC        ?C?COPY
  -------         ENDMOD        ?C?COPY

  -------         MODULE        ?C?CLDPTR
  C:0144H         PUBLIC        ?C?CLDPTR
  -------         ENDMOD        ?C?CLDPTR

  -------         MODULE        ?C?CLDOPTR
  C:015DH         PUBLIC        ?C?CLDOPTR
  -------         ENDMOD        ?C?CLDOPTR

  -------         MODULE        ?C?CILDOPTR
  C:018AH         PUBLIC        ?C?CILDOPTR
  -------         ENDMOD        ?C?CILDOPTR

  -------         MODULE        ?C?CSTOPTR
  C:01BDH         PUBLIC        ?C?CSTOPTR
  -------         ENDMOD        ?C?CSTOPTR

  -------         MODULE        ?C?UIDIV
  C:01DFH         PUBLIC        ?C?UIDIV
  -------         ENDMOD        ?C?UIDIV

  -------         MODULE        ?C?IILDX
  C:0234H         PUBLIC        ?C?IILDX
  -------         ENDMOD        ?C?IILDX

BL51 BANKED LINKER/LOCATER V6.22.4.0                                                  04/01/2026  14:58:20  PAGE 51


  -------         MODULE        ?C?LADD
  C:024AH         PUBLIC        ?C?LADD
  -------         ENDMOD        ?C?LADD

  -------         MODULE        ?C?ULDIV
  C:0293H         PUBLIC        ?C?ULDIV
  -------         ENDMOD        ?C?ULDIV

  -------         MODULE        ?C?SLCMP
  C:0325H         PUBLIC        ?C?SLCMP
  -------         ENDMOD        ?C?SLCMP

  -------         MODULE        ?C?ULCMP
  C:033BH         PUBLIC        ?C?ULCMP
  -------         ENDMOD        ?C?ULCMP

  -------         MODULE        ?C?LLDXDATA
  C:034CH         PUBLIC        ?C?LLDXDATA
  -------         ENDMOD        ?C?LLDXDATA

  -------         MODULE        ?C?LLDXDATA0
  C:0358H         PUBLIC        ?C?LLDXDATA0
  -------         ENDMOD        ?C?LLDXDATA0

  -------         MODULE        ?C?LSTXDATA
  C:0364H         PUBLIC        ?C?LSTXDATA
  -------         ENDMOD        ?C?LSTXDATA

  -------         MODULE        ?C?LSTKXDATA
  C:0370H         PUBLIC        ?C?LSTKXDATA
  -------         ENDMOD        ?C?LSTKXDATA

  -------         MODULE        ?C?PLDXDATA
  C:03A1H         PUBLIC        ?C?PLDXDATA
  -------         ENDMOD        ?C?PLDXDATA

  -------         MODULE        ?C?PSTXDATA
  C:03AAH         PUBLIC        ?C?PSTXDATA
  -------         ENDMOD        ?C?PSTXDATA

  -------         MODULE        ?C?PLDOPTR
  C:03B3H         PUBLIC        ?C?PLDOPTR
  -------         ENDMOD        ?C?PLDOPTR

  -------         MODULE        ?C?CCASE
  C:03E3H         PUBLIC        ?C?CCASE
  -------         ENDMOD        ?C?CCASE

  -------         MODULE        ?C?ICALL
  C:0409H         PUBLIC        ?C?ICALL
  C:040DH         PUBLIC        ?C?ICALL2
  -------         ENDMOD        ?C?ICALL

  -------         MODULE        ?C?LIMUL
  C:040FH         PUBLIC        ?C?LIMUL
  -------         ENDMOD        ?C?LIMUL

BL51 BANKED LINKER/LOCATER V6.22.4.0                                                  04/01/2026  14:58:20  PAGE 52


  -------         MODULE        PRINTF
  X:60B1H         PUBLIC        ?_PRINTF517?BYTE
  X:60B1H         PUBLIC        ?_PRINTF?BYTE
  X:60B1H         PUBLIC        ?_SPRINTF517?BYTE
  X:60B1H         PUBLIC        ?_SPRINTF?BYTE
  C:051AH         PUBLIC        _PRINTF
  C:051AH         PUBLIC        _PRINTF517
  C:0514H         PUBLIC        _SPRINTF
  C:0514H         PUBLIC        _SPRINTF517
  -------         ENDMOD        PRINTF

  -------         MODULE        ?C?MEMSET
  C:043CH         PUBLIC        ?C?MEMSET
  -------         ENDMOD        ?C?MEMSET

  -------         MODULE        ?C?CSTPTR
  C:0468H         PUBLIC        ?C?CSTPTR
  -------         ENDMOD        ?C?CSTPTR

  -------         MODULE        ?C?PLDIDATA
  C:047AH         PUBLIC        ?C?PLDIDATA
  -------         ENDMOD        ?C?PLDIDATA

  -------         MODULE        ?C?PLDIXDATA
  C:0483H         PUBLIC        ?C?PLDIXDATA
  -------         ENDMOD        ?C?PLDIXDATA

  -------         MODULE        ?C?PLDPDATA
  C:049AH         PUBLIC        ?C?PLDPDATA
  -------         ENDMOD        ?C?PLDPDATA

  -------         MODULE        ?C?PLDCODE
  C:04A3H         PUBLIC        ?C?PLDCODE
  -------         ENDMOD        ?C?PLDCODE

*** WARNING L16: UNCALLED SEGMENT, IGNORED FOR OVERLAY PROCESS
    SEGMENT: ?PR?ADC_GET_VAL_ONCE?ADC

*** WARNING L16: UNCALLED SEGMENT, IGNORED FOR OVERLAY PROCESS
    SEGMENT: ?PR?PWM_GET_CHANNEL_0_STATUS?PWM

*** WARNING L16: UNCALLED SEGMENT, IGNORED FOR OVERLAY PROCESS
    SEGMENT: ?PR?PWM_GET_CHANNEL_1_STATUS?PWM

*** WARNING L16: UNCALLED SEGMENT, IGNORED FOR OVERLAY PROCESS
    SEGMENT: ?PR?_BATTERY_MONITOR_INIT_BY_ADC_VAL?BATTERY_MONITOR

*** WARNING L16: UNCALLED SEGMENT, IGNORED FOR OVERLAY PROCESS
    SEGMENT: ?PR?LOW_POWER_HANDLE?LOW_POWER

*** WARNING L15: MULTIPLE CALL TO SEGMENT
    SEGMENT: ?PR?PRINTF?PRINTF
    CALLER1: ?C_C51STARTUP
    CALLER2: ?PR?TIMR0_IRQHANDLER?TIMER0

Program Size: data=21.5 xdata=396 code=9156
LINK/LOCATE RUN COMPLETE.  6 WARNING(S),  0 ERROR(S)
