BL51 BANKED LINKER/LOCATER V6.22.4.0                                                    05/21/2026  17:49:00  PAGE 1


BL51 BANKED LINKER/LOCATER V6.22.4.0, INVOKED BY:
C:\KEIL_V5\C51\BIN\BL51.EXE .\Release\Objects\STARTUP.obj, .\Release\Objects\system.obj, .\Release\Objects\adc.obj, .\Re
>> lease\Objects\pwm.obj, .\Release\Objects\timer0.obj, .\Release\Objects\timer1.obj, .\Release\Objects\uart0.obj, .\Rel
>> ease\Objects\main.obj, .\Release\Objects\uart_data_handle.obj, .\Release\Objects\key_driver.obj, .\Release\Objects\ad
>> _key.obj, .\Release\Objects\user_test.obj, .\Release\Objects\led.obj, .\Release\Objects\battery_monitor.obj, .\Releas
>> e\Objects\bluetooth_ic_handle.obj, .\Release\Objects\charge_det.obj, .\Release\Objects\low_power.obj TO .\Release\Obj
>> ects\Demo PRINT (.\Release\Listings\Demo.m51) RAMSIZE (256) CODE (0X0000-0X3EEF) XDATA (0X6000-0X66FF)


MEMORY MODEL: LARGE


INPUT MODULES INCLUDED:
  .\Release\Objects\STARTUP.obj (?C_STARTUP)
  .\Release\Objects\system.obj (SYSTEM)
  .\Release\Objects\adc.obj (ADC)
  .\Release\Objects\pwm.obj (PWM)
  .\Release\Objects\timer0.obj (TIMER0)
  .\Release\Objects\timer1.obj (TIMER1)
  .\Release\Objects\uart0.obj (UART0)
  .\Release\Objects\main.obj (MAIN)
  .\Release\Objects\uart_data_handle.obj (UART_DATA_HANDLE)
  .\Release\Objects\key_driver.obj (KEY_DRIVER)
  .\Release\Objects\ad_key.obj (AD_KEY)
  .\Release\Objects\user_test.obj (USER_TEST)
  .\Release\Objects\led.obj (LED)
  .\Release\Objects\battery_monitor.obj (BATTERY_MONITOR)
  .\Release\Objects\bluetooth_ic_handle.obj (BLUETOOTH_IC_HANDLE)
  .\Release\Objects\charge_det.obj (CHARGE_DET)
  .\Release\Objects\low_power.obj (LOW_POWER)
  C:\KEIL_V5\C51\LIB\C51L.LIB (?C_INIT)
  C:\KEIL_V5\C51\LIB\C51L.LIB (?C?COPY)
  C:\KEIL_V5\C51\LIB\C51L.LIB (?C?CLDPTR)
  C:\KEIL_V5\C51\LIB\C51L.LIB (?C?CLDOPTR)
  C:\KEIL_V5\C51\LIB\C51L.LIB (?C?CILDOPTR)
  C:\KEIL_V5\C51\LIB\C51L.LIB (?C?CSTOPTR)
  C:\KEIL_V5\C51\LIB\C51L.LIB (?C?UIDIV)
  C:\KEIL_V5\C51\LIB\C51L.LIB (?C?IILDX)
  C:\KEIL_V5\C51\LIB\C51L.LIB (?C?LADD)
  C:\KEIL_V5\C51\LIB\C51L.LIB (?C?ULDIV)
  C:\KEIL_V5\C51\LIB\C51L.LIB (?C?SLCMP)
  C:\KEIL_V5\C51\LIB\C51L.LIB (?C?ULCMP)
  C:\KEIL_V5\C51\LIB\C51L.LIB (?C?LLDXDATA)
  C:\KEIL_V5\C51\LIB\C51L.LIB (?C?LLDXDATA0)
  C:\KEIL_V5\C51\LIB\C51L.LIB (?C?LSTXDATA)
  C:\KEIL_V5\C51\LIB\C51L.LIB (?C?LSTKXDATA)
  C:\KEIL_V5\C51\LIB\C51L.LIB (?C?PLDXDATA)
  C:\KEIL_V5\C51\LIB\C51L.LIB (?C?PSTXDATA)
  C:\KEIL_V5\C51\LIB\C51L.LIB (?C?PLDOPTR)
  C:\KEIL_V5\C51\LIB\C51L.LIB (?C?CCASE)
  C:\KEIL_V5\C51\LIB\C51L.LIB (?C?ICALL)
  C:\KEIL_V5\C51\LIB\C51L.LIB (?C?LIMUL)
  C:\KEIL_V5\C51\LIB\C51L.LIB (?C?MEMSET)
  C:\KEIL_V5\C51\LIB\C51L.LIB (?C?PLDIDATA)
  C:\KEIL_V5\C51\LIB\C51L.LIB (?C?PLDPDATA)
  C:\KEIL_V5\C51\LIB\C51L.LIB (?C?PLDCODE)


BL51 BANKED LINKER/LOCATER V6.22.4.0                                                  05/21/2026  17:49:00  PAGE 2


LINK MAP OF MODULE:  .\Release\Objects\Demo (?C_STARTUP)


            TYPE    BASE      LENGTH    RELOCATION   SEGMENT NAME
            -----------------------------------------------------

            * * * * * * *   D A T A   M E M O R Y   * * * * * * *
            REG     0000H     0008H     ABSOLUTE     "REG BANK 0"
                    0008H     0018H                  *** GAP ***
            BIT     0020H.0   0000H.4   UNIT         ?BI?ADC
            BIT     0020H.4   0000H.1   UNIT         ?BI?CHARGE_DET
                    0020H.5   0000H.3                *** GAP ***
            IDATA   0021H     0001H     UNIT         ?STACK

            * * * * * * *  X D A T A   M E M O R Y  * * * * * * *
                    0000H     6000H                  *** GAP ***
            XDATA   6000H     0206H     UNIT         ?XD?UART0
            XDATA   6206H     0039H     UNIT         ?XD?AD_KEY
            XDATA   623FH     0033H     UNIT         ?XD?BATTERY_MONITOR
            XDATA   6272H     0026H     UNIT         ?XD?CHARGE_DET
            XDATA   6298H     001CH     UNIT         _XDATA_GROUP_
            XDATA   62B4H     001AH     UNIT         ?XD?UART_DATA_HANDLE
            XDATA   62CEH     0011H     UNIT         ?XD?LED
            XDATA   62DFH     0009H     UNIT         ?XD?ADC
            XDATA   62E8H     0004H     UNIT         ?XD?KEY_DRIVER
            XDATA   62ECH     0004H     UNIT         ?XD?LOW_POWER
            XDATA   62F0H     0002H     UNIT         ?XD?BLUETOOTH_IC_HANDLE

            * * * * * * *   C O D E   M E M O R Y   * * * * * * *
            CODE    0000H     0003H     ABSOLUTE     
            CODE    0003H     000CH     ABSOLUTE     
            CODE    000FH     000FH     UNIT         ?PR?UART_RECEIVER_TIMEOUT_ADD?UART_DATA_HANDLE
            CODE    001EH     0003H     ABSOLUTE     
            CODE    0021H     0003H     ABSOLUTE     
            CODE    0024H     001BH     UNIT         ?PR?_ADC_CLEAR_UPDATE_FLAG?ADC
            CODE    003FH     0003H     ABSOLUTE     
            CODE    0042H     0003H     ABSOLUTE     
            CODE    0045H     0005H     UNIT         ?PR?BLE_IC_DISABLE_PRE?BLUETOOTH_IC_HANDLE
                    004AH     0001H                  *** GAP ***
            CODE    004BH     0003H     ABSOLUTE     
            CODE    004EH     0438H     UNIT         ?C?LIB_CODE
            CODE    0486H     036AH     UNIT         ?C_INITSEG
            CODE    07F0H     01BDH     UNIT         ?PR?LED_BAT_INSTRUCTION_TIMER_CALLBACK?LED
            CODE    09ADH     01AAH     UNIT         ?PR?DETECT_1KHZ_SIGNAL_100US?CHARGE_DET
            CODE    0B57H     0193H     UNIT         ?PR?_KEY_DRIVER_SCAN?KEY_DRIVER
            CODE    0CEAH     015BH     UNIT         ?PR?BATTERY_MONITOR_HANDLE?BATTERY_MONITOR
            CODE    0E45H     0157H     UNIT         ?PR?DETECT_DISCHARGE_1KHZ_SIGNAL_100US?CHARGE_DET
            CODE    0F9CH     0113H     UNIT         ?PR?CHARGE_DET?CHARGE_DET
            CODE    10AFH     010BH     UNIT         ?PR?LOW_POWER_IN?LOW_POWER
            CODE    11BAH     00EAH     UNIT         ?PR?LED_RED_BLUE_FLASH_1MS_ISR?LED
            CODE    12A4H     00CFH     UNIT         ?PR?SYSTEM_INIT?SYSTEM
            CODE    1373H     00BAH     UNIT         ?PR?BATTERY_VOLTAGE_UPDATE_BY_ISR?BATTERY_MONITOR
            CODE    142DH     00A9H     UNIT         ?PR?LED
            CODE    14D6H     00A5H     UNIT         ?PR?_UART_RECEIVER_PROCESS_BYTE?UART_DATA_HANDLE
            CODE    157BH     00A4H     UNIT         ?PR?LOW_POWER_HANDLE?LOW_POWER
            CODE    161FH     009BH     UNIT         ?PR?AD_KEY_HANDLE?AD_KEY
            CODE    16BAH     008CH     UNIT         ?C_C51STARTUP
BL51 BANKED LINKER/LOCATER V6.22.4.0                                                  05/21/2026  17:49:00  PAGE 3


            CODE    1746H     008CH     UNIT         ?PR?LED_SLOW_ADJUST_ISR?LED
            CODE    17D2H     008BH     UNIT         ?PR?PWM_INIT?PWM
            CODE    185DH     008AH     UNIT         ?PR?ADC_IRQHANDLER?ADC
            CODE    18E7H     0079H     UNIT         ?PR?UART_DATA_HANDLE?UART_DATA_HANDLE
            CODE    1960H     006CH     UNIT         ?PR?TIMR0_IRQHANDLER?TIMER0
            CODE    19CCH     0069H     UNIT         ?PR?ADC_SCAN?ADC
            CODE    1A35H     0069H     UNIT         ?PR?_LED_STATUS_SET?LED
            CODE    1A9EH     004EH     UNIT         ?PR?LED_INIT?LED
            CODE    1AECH     004DH     UNIT         ?PR?MAIN?MAIN
            CODE    1B39H     004CH     UNIT         ?PR?_AD_KEY_VAL_TO_AD_KEY_INDEX?AD_KEY
            CODE    1B85H     004BH     UNIT         ?PR?_ADC_CHANNEL_SEL?ADC
            CODE    1BD0H     004BH     UNIT         ?PR?SEND_LOW_BAT_TIMER_CALLBACK?BATTERY_MONITOR
            CODE    1C1BH     004AH     UNIT         ?PR?_AD_KEY_GET_EVENT?AD_KEY
            CODE    1C65H     004AH     UNIT         ?PR?BATTERY_MONITOR
            CODE    1CAFH     004AH     UNIT         ?PR?LOW_POWER_OUT?LOW_POWER
            CODE    1CF9H     0048H     UNIT         ?PR?TIMR1_IRQHANDLER?TIMER1
            CODE    1D41H     0048H     UNIT         ?PR?_GET_BATTERY_PERCENTAGE_BY_VOLTAGE?BATTERY_MONITOR
            CODE    1D89H     0046H     UNIT         ?PR?BAT_VOL_HISTORY_BUFF_GET_AVG?BATTERY_MONITOR
            CODE    1DCFH     0045H     UNIT         ?PR?_UART_DATA_SEND_CMD?UART_DATA_HANDLE
            CODE    1E14H     0041H     UNIT         ?PR?_UART0_RXBUFFER_PUT_BYTE?UART0
            CODE    1E55H     0041H     UNIT         ?PR?_GET_BATTERY_VOLTAGE_BY_ADC?BATTERY_MONITOR
            CODE    1E96H     003DH     UNIT         ?PR?_ADC_UPDATE_VAL?ADC
            CODE    1ED3H     003CH     UNIT         ?PR?UART0_RXBUFFER_GET_BYTE?UART0
            CODE    1F0FH     003AH     UNIT         ?PR?UART0_INIT?UART0
            CODE    1F49H     0039H     UNIT         ?PR?BAT_VOL_UPDATE_TIMER_CALLBACK?BATTERY_MONITOR
            CODE    1F82H     0038H     UNIT         ?PR?LED_RESUME?LED
            CODE    1FBAH     0035H     UNIT         ?PR?LOW_POWER_ENTER_TIMER_CALLBACK?LOW_POWER
            CODE    1FEFH     0034H     UNIT         ?PR?UART0_IRQHANDLER?UART0
            CODE    2023H     0033H     UNIT         ?PR?AD_KEY_GET_KEY_VAL?AD_KEY
            CODE    2056H     002EH     UNIT         ?PR?_ADC_GET_VAL?ADC
            CODE    2084H     002EH     UNIT         ?PR?ADC
            CODE    20B2H     002AH     UNIT         ?PR?LED_STATUS_SWITCH?LED
            CODE    20DCH     0029H     UNIT         ?PR?BAT_VOL_BUFF_GET_AVG_TIMER_CALLBACK?BATTERY_MONITOR
            CODE    2105H     0028H     UNIT         ?PR?BAT_VOL_BUFF_ADD_TIMER_CALLBACK?BATTERY_MONITOR
            CODE    212DH     0025H     UNIT         ?PR?_ADC_GET_UPDATE_FLAG?ADC
            CODE    2152H     0023H     UNIT         ?PR?_UART0_SENDBUF?UART0
            CODE    2175H     0022H     UNIT         ?PR?ADC_INIT?ADC
            CODE    2197H     0022H     UNIT         ?PR?UART_RECEIVER_PROCESS_CHECKSUM?UART_DATA_HANDLE
            CODE    21B9H     0022H     UNIT         ?PR?_BAT_VOL_HISTORY_BUFF_ADD?BATTERY_MONITOR
            CODE    21DBH     0021H     UNIT         ?PR?USER_INIT?MAIN
            CODE    21FCH     0021H     UNIT         ?PR?KEY_DRIVER
            CODE    221DH     0021H     UNIT         ?PR?CHARGE_DET
            CODE    223EH     001EH     UNIT         ?PR?IS_LOW_POWER_CONDITION_ESTABLISH?LOW_POWER
            CODE    225CH     001BH     UNIT         ?PR?TIMER0_INIT?TIMER0
            CODE    2277H     001BH     UNIT         ?PR?TIMER1_INIT?TIMER1
            CODE    2292H     001AH     UNIT         ?PR?BLUETOOTH_IC_HANDLE_INIT?BLUETOOTH_IC_HANDLE
            CODE    22ACH     0019H     UNIT         ?PR?CHARGE_DET_INIT?CHARGE_DET
            CODE    22C5H     0018H     UNIT         ?PR?_DELAY_MS?SYSTEM
            CODE    22DDH     0018H     UNIT         ?PR?WUT_IRQHANDLER?LOW_POWER
            CODE    22F5H     0017H     UNIT         ?PR?ADC_GET_VAL_ONCE?ADC
            CODE    230CH     0017H     UNIT         ?PR?UART_DATA_HANDLE
            CODE    2323H     0017H     UNIT         ?PR?BAT_PERCENT_UPDATE_TIME_ADD?BATTERY_MONITOR
            CODE    233AH     0016H     UNIT         ?PR?PWM
            CODE    2350H     0016H     UNIT         ?PR?_BAT_VOL_HISTORY_BUFF_INIT?BATTERY_MONITOR
            CODE    2366H     0015H     UNIT         ?PR?BAT_PERCENT_UPDATE_TIME_IS_COMES?BATTERY_MONITOR
            CODE    237BH     0015H     UNIT         ?PR?BLE_IC_ENABLE?BLUETOOTH_IC_HANDLE
            CODE    2390H     0013H     UNIT         ?PR?UART_RECEIVER_TIMEOUT_HANDLER?UART_DATA_HANDLE
BL51 BANKED LINKER/LOCATER V6.22.4.0                                                  05/21/2026  17:49:00  PAGE 4


            CODE    23A3H     0012H     UNIT         ?PR?ADC_INIT_WHEN_LOW_PWR_OUT?ADC
            CODE    23B5H     0012H     UNIT         ?PR?UART_RECEIVER_RESET?UART_DATA_HANDLE
            CODE    23C7H     0011H     UNIT         ?PR?ADC_PIN_INIT?ADC
            CODE    23D8H     000FH     UNIT         ?PR?AD_KEY
            CODE    23E7H     000FH     UNIT         ?PR?LED_CTL_INIT?LED
            CODE    23F6H     000DH     UNIT         ?PR?LED_YELLOW_ON?LED
            CODE    2403H     000DH     UNIT         ?PR?__LED_YELLOW_RESUME__?LED
            CODE    2410H     000DH     UNIT         ?PR?LED_WHITE_ON?LED
            CODE    241DH     000DH     UNIT         ?PR?__LED_WHITE_RESUME__?LED
            CODE    242AH     000BH     UNIT         ?PR?_DELAY?SYSTEM
            CODE    2435H     0009H     UNIT         ?PR?_PWM_SET_CHANNEL_0_DUTY?PWM
            CODE    243EH     0009H     UNIT         ?PR?_PWM_SET_CHANNEL_1_DUTY?PWM
            CODE    2447H     0009H     UNIT         ?PR?UART0_RXBUFFER_GET_COUNT?UART0
            CODE    2450H     0008H     UNIT         ?PR?_UART0_SENDBYTE?UART0
            CODE    2458H     0008H     UNIT         ?CO?UART_DATA_HANDLE
            CODE    2460H     0008H     UNIT         ?PR?LED_YELLOW_OFF?LED
            CODE    2468H     0008H     UNIT         ?PR?LED_WHITE_OFF?LED
            CODE    2470H     0008H     UNIT         ?PR?BAT_PERCENT_UPDATE_TIME_RESET?BATTERY_MONITOR
            CODE    2478H     0008H     UNIT         ?PR?BLE_IC_DISABLE_POST?BLUETOOTH_IC_HANDLE
            CODE    2480H     0007H     UNIT         ?PR?UART0
            CODE    2487H     0004H     UNIT         ?PR?LED_SUSPEND?LED
            CODE    248BH     0003H     UNIT         ?PR?CHARGE_DET_TIME_ADD?CHARGE_DET



OVERLAY MAP OF MODULE:   .\Release\Objects\Demo (?C_STARTUP)


SEGMENT                                            XDATA_GROUP
  +--> CALLED SEGMENT                            START    LENGTH
----------------------------------------------------------------
?C_C51STARTUP                                    -----    -----
  +--> ?PR?MAIN?MAIN
  +--> ?C_INITSEG

?PR?MAIN?MAIN                                    -----    -----
  +--> ?PR?SYSTEM_INIT?SYSTEM
  +--> ?PR?USER_INIT?MAIN
  +--> ?PR?_DELAY_MS?SYSTEM
  +--> ?PR?_KEY_DRIVER_SCAN?KEY_DRIVER
  +--> ?PR?AD_KEY_HANDLE?AD_KEY
  +--> ?PR?UART_DATA_HANDLE?UART_DATA_HANDLE
  +--> ?PR?BATTERY_MONITOR_HANDLE?BATTERY_MO...
  +--> ?PR?CHARGE_DET?CHARGE_DET
  +--> ?PR?LOW_POWER_HANDLE?LOW_POWER

?PR?SYSTEM_INIT?SYSTEM                           -----    -----
  +--> ?PR?_DELAY?SYSTEM
  +--> ?PR?_DELAY_MS?SYSTEM

?PR?_DELAY_MS?SYSTEM                             -----    -----
  +--> ?PR?_DELAY?SYSTEM

?PR?USER_INIT?MAIN                               -----    -----
  +--> ?PR?ADC_PIN_INIT?ADC
  +--> ?PR?ADC_INIT?ADC
  +--> ?PR?LED_INIT?LED
BL51 BANKED LINKER/LOCATER V6.22.4.0                                                  05/21/2026  17:49:00  PAGE 5


  +--> ?PR?UART0_INIT?UART0
  +--> ?PR?PWM_INIT?PWM
  +--> ?PR?BLUETOOTH_IC_HANDLE_INIT?BLUETOOT...
  +--> ?PR?UART_RECEIVER_RESET?UART_DATA_HANDLE
  +--> ?PR?LED_CTL_INIT?LED
  +--> ?PR?CHARGE_DET_INIT?CHARGE_DET
  +--> ?PR?TIMER0_INIT?TIMER0
  +--> ?PR?TIMER1_INIT?TIMER1

?PR?ADC_INIT?ADC                                 -----    -----
  +--> ?PR?_DELAY_MS?SYSTEM

?PR?LED_INIT?LED                                 -----    -----
  +--> ?PR?LED

?PR?LED                                          -----    -----
  +--> ?PR?LED_YELLOW_OFF?LED
  +--> ?PR?LED_WHITE_OFF?LED

?PR?PWM_INIT?PWM                                 -----    -----
  +--> ?PR?PWM

?PR?_KEY_DRIVER_SCAN?KEY_DRIVER                  6298H    0002H
  +--> ?PR?KEY_DRIVER

?PR?AD_KEY_HANDLE?AD_KEY                         6298H    0001H
  +--> ?PR?_AD_KEY_GET_EVENT?AD_KEY
  +--> ?PR?LED_STATUS_SWITCH?LED
  +--> ?PR?_UART_DATA_SEND_CMD?UART_DATA_HANDLE
  +--> ?PR?BLE_IC_DISABLE_PRE?BLUETOOTH_IC_H...
  +--> ?PR?BLE_IC_ENABLE?BLUETOOTH_IC_HANDLE

?PR?_AD_KEY_GET_EVENT?AD_KEY                     -----    -----
  +--> ?PR?AD_KEY

?PR?LED_STATUS_SWITCH?LED                        -----    -----
  +--> ?PR?_LED_STATUS_SET?LED

?PR?_LED_STATUS_SET?LED                          629AH    0001H
  +--> ?PR?LED
  +--> ?PR?LED_YELLOW_OFF?LED
  +--> ?PR?LED_WHITE_ON?LED
  +--> ?PR?LED_YELLOW_ON?LED
  +--> ?PR?LED_WHITE_OFF?LED

?PR?LED_WHITE_ON?LED                             -----    -----
  +--> ?PR?_PWM_SET_CHANNEL_1_DUTY?PWM

?PR?_PWM_SET_CHANNEL_1_DUTY?PWM                  -----    -----
  +--> ?PR?PWM

?PR?LED_YELLOW_ON?LED                            -----    -----
  +--> ?PR?_PWM_SET_CHANNEL_0_DUTY?PWM

?PR?_PWM_SET_CHANNEL_0_DUTY?PWM                  -----    -----
  +--> ?PR?PWM

BL51 BANKED LINKER/LOCATER V6.22.4.0                                                  05/21/2026  17:49:00  PAGE 6


?PR?_UART_DATA_SEND_CMD?UART_DATA_HANDLE         629AH    0009H
  +--> ?CO?UART_DATA_HANDLE
  +--> ?PR?_UART0_SENDBUF?UART0

?PR?_UART0_SENDBUF?UART0                         62A3H    0003H
  +--> ?PR?_UART0_SENDBYTE?UART0

?PR?BLE_IC_DISABLE_PRE?BLUETOOTH_IC_H...         -----    -----
  +--> ?PR?_UART_DATA_SEND_CMD?UART_DATA_HANDLE

?PR?BLE_IC_ENABLE?BLUETOOTH_IC_HANDLE            -----    -----
  +--> ?PR?_DELAY_MS?SYSTEM
  +--> ?PR?_UART_DATA_SEND_CMD?UART_DATA_HANDLE

?PR?UART_DATA_HANDLE?UART_DATA_HANDLE            -----    -----
  +--> ?PR?UART_RECEIVER_RESET?UART_DATA_HANDLE
  +--> ?PR?UART_RECEIVER_TIMEOUT_HANDLER?UAR...
  +--> ?PR?UART0_RXBUFFER_GET_COUNT?UART0
  +--> ?PR?UART0_RXBUFFER_GET_BYTE?UART0
  +--> ?PR?_UART_RECEIVER_PROCESS_BYTE?UART_...
  +--> ?PR?BLE_IC_DISABLE_POST?BLUETOOTH_IC_...

?PR?UART_RECEIVER_TIMEOUT_HANDLER?UAR...         -----    -----
  +--> ?PR?UART_RECEIVER_RESET?UART_DATA_HANDLE

?PR?UART0_RXBUFFER_GET_BYTE?UART0                -----    -----
  +--> ?PR?UART0

?PR?_UART_RECEIVER_PROCESS_BYTE?UART_...         -----    -----
  +--> ?PR?UART_DATA_HANDLE
  +--> ?PR?UART_RECEIVER_PROCESS_CHECKSUM?UA...

?PR?BATTERY_MONITOR_HANDLE?BATTERY_MO...         -----    -----
  +--> ?PR?_BAT_VOL_HISTORY_BUFF_ADD?BATTERY...
  +--> ?PR?BAT_VOL_HISTORY_BUFF_GET_AVG?BATT...
  +--> ?PR?BATTERY_MONITOR
  +--> ?PR?_GET_BATTERY_PERCENTAGE_BY_VOLTAG...
  +--> ?PR?BAT_PERCENT_UPDATE_TIME_IS_COMES?...
  +--> ?PR?BAT_PERCENT_UPDATE_TIME_RESET?BAT...
  +--> ?PR?_LED_STATUS_SET?LED
  +--> ?PR?_UART_DATA_SEND_CMD?UART_DATA_HANDLE
  +--> ?PR?_DELAY_MS?SYSTEM
  +--> ?PR?BLE_IC_DISABLE_PRE?BLUETOOTH_IC_H...
  +--> ?PR?BLE_IC_ENABLE?BLUETOOTH_IC_HANDLE

?PR?_BAT_VOL_HISTORY_BUFF_ADD?BATTERY...         -----    -----
  +--> ?PR?BATTERY_MONITOR

?PR?BAT_VOL_HISTORY_BUFF_GET_AVG?BATT...         6298H    0005H
  +--> ?PR?BATTERY_MONITOR

?PR?_GET_BATTERY_PERCENTAGE_BY_VOLTAG...         62ACH    0004H

?PR?CHARGE_DET?CHARGE_DET                        6298H    0002H
  +--> ?PR?_ADC_GET_UPDATE_FLAG?ADC
  +--> ?PR?_ADC_CLEAR_UPDATE_FLAG?ADC
  +--> ?PR?_ADC_GET_VAL?ADC
BL51 BANKED LINKER/LOCATER V6.22.4.0                                                  05/21/2026  17:49:00  PAGE 7


  +--> ?PR?_LED_STATUS_SET?LED
  +--> ?PR?BLE_IC_DISABLE_PRE?BLUETOOTH_IC_H...

?PR?LOW_POWER_HANDLE?LOW_POWER                   6298H    0001H
  +--> ?PR?LOW_POWER_IN?LOW_POWER
  +--> ?PR?LOW_POWER_OUT?LOW_POWER
  +--> ?PR?ADC_PIN_INIT?ADC
  +--> ?PR?ADC_INIT_WHEN_LOW_PWR_OUT?ADC
  +--> ?PR?USER_INIT?MAIN
  +--> ?PR?_ADC_CHANNEL_SEL?ADC
  +--> ?PR?_DELAY_MS?SYSTEM
  +--> ?PR?ADC_GET_VAL_ONCE?ADC

?PR?LOW_POWER_IN?LOW_POWER                       -----    -----
  +--> ?PR?_DELAY_MS?SYSTEM

?PR?ADC_GET_VAL_ONCE?ADC                         -----    -----
  +--> ?PR?ADC

?PR?ADC                                          -----    -----
  +--> ?PR?_ADC_CHANNEL_SEL?ADC

?C_INITSEG                                       -----    -----
  +--> ?PR?AD_KEY_GET_KEY_VAL?AD_KEY

?PR?AD_KEY_GET_KEY_VAL?AD_KEY                    6298H    0001H
  +--> ?PR?_ADC_GET_UPDATE_FLAG?ADC
  +--> ?PR?_ADC_CLEAR_UPDATE_FLAG?ADC
  +--> ?PR?_ADC_GET_VAL?ADC
  +--> ?PR?_AD_KEY_VAL_TO_AD_KEY_INDEX?AD_KEY

?PR?_AD_KEY_VAL_TO_AD_KEY_INDEX?AD_KEY           6299H    0002H

*** NEW ROOT ***************************************************

?PR?ADC_IRQHANDLER?ADC                           62A6H    0002H
  +--> ?PR?ADC
  +--> ?PR?_ADC_UPDATE_VAL?ADC
  +--> ?PR?LED_RESUME?LED
  +--> ?PR?BATTERY_VOLTAGE_UPDATE_BY_ISR?BAT...

?PR?LED_RESUME?LED                               -----    -----
  +--> ?PR?LED
  +--> ?PR?__LED_YELLOW_RESUME__?LED
  +--> ?PR?LED_YELLOW_OFF?LED
  +--> ?PR?__LED_WHITE_RESUME__?LED
  +--> ?PR?LED_WHITE_OFF?LED

?PR?__LED_YELLOW_RESUME__?LED                    -----    -----
  +--> ?PR?LED
  +--> ?PR?_PWM_SET_CHANNEL_0_DUTY?PWM

?PR?__LED_WHITE_RESUME__?LED                     -----    -----
  +--> ?PR?LED
  +--> ?PR?_PWM_SET_CHANNEL_1_DUTY?PWM

?PR?BATTERY_VOLTAGE_UPDATE_BY_ISR?BAT...         62A8H    0004H
BL51 BANKED LINKER/LOCATER V6.22.4.0                                                  05/21/2026  17:49:00  PAGE 8


  +--> ?PR?_ADC_GET_UPDATE_FLAG?ADC
  +--> ?PR?_ADC_CLEAR_UPDATE_FLAG?ADC
  +--> ?PR?_ADC_GET_VAL?ADC
  +--> ?PR?_GET_BATTERY_VOLTAGE_BY_ADC?BATTE...
  +--> ?PR?BATTERY_MONITOR
  +--> ?PR?_BAT_VOL_HISTORY_BUFF_INIT?BATTER...
  +--> ?PR?_GET_BATTERY_PERCENTAGE_BY_VOLTAG...

?PR?_BAT_VOL_HISTORY_BUFF_INIT?BATTER...         -----    -----
  +--> ?PR?BATTERY_MONITOR

*** NEW ROOT ***************************************************

?PR?TIMR0_IRQHANDLER?TIMER0                      -----    -----
  +--> ?PR?ADC_SCAN?ADC
  +--> ?PR?CHARGE_DET_TIME_ADD?CHARGE_DET
  +--> ?PR?UART_RECEIVER_TIMEOUT_ADD?UART_DA...
  +--> ?PR?BAT_VOL_UPDATE_TIMER_CALLBACK?BAT...
  +--> ?PR?BAT_VOL_BUFF_ADD_TIMER_CALLBACK?B...
  +--> ?PR?BAT_VOL_BUFF_GET_AVG_TIMER_CALLBA...
  +--> ?PR?LED_SLOW_ADJUST_ISR?LED
  +--> ?PR?LED_RED_BLUE_FLASH_1MS_ISR?LED
  +--> ?PR?LED_BAT_INSTRUCTION_TIMER_CALLBAC...
  +--> ?PR?LOW_POWER_ENTER_TIMER_CALLBACK?LO...
  +--> ?PR?SEND_LOW_BAT_TIMER_CALLBACK?BATTE...
  +--> ?PR?BAT_PERCENT_UPDATE_TIME_ADD?BATTE...

?PR?ADC_SCAN?ADC                                 -----    -----
  +--> ?PR?ADC
  +--> ?PR?LED_SUSPEND?LED

?PR?LED_SUSPEND?LED                              -----    -----
  +--> ?PR?LED

?PR?BAT_VOL_BUFF_ADD_TIMER_CALLBACK?B...         -----    -----
  +--> ?PR?BATTERY_MONITOR

?PR?BAT_VOL_BUFF_GET_AVG_TIMER_CALLBA...         -----    -----
  +--> ?PR?BATTERY_MONITOR

?PR?LED_SLOW_ADJUST_ISR?LED                      -----    -----
  +--> ?PR?LED
  +--> ?PR?_PWM_SET_CHANNEL_0_DUTY?PWM
  +--> ?PR?_PWM_SET_CHANNEL_1_DUTY?PWM

?PR?LED_RED_BLUE_FLASH_1MS_ISR?LED               62B0H    0002H
  +--> ?PR?LED

?PR?LED_BAT_INSTRUCTION_TIMER_CALLBAC...         -----    -----
  +--> ?PR?LED

?PR?LOW_POWER_ENTER_TIMER_CALLBACK?LO...         -----    -----
  +--> ?PR?IS_LOW_POWER_CONDITION_ESTABLISH?...

?PR?SEND_LOW_BAT_TIMER_CALLBACK?BATTE...         -----    -----
  +--> ?PR?BATTERY_MONITOR

BL51 BANKED LINKER/LOCATER V6.22.4.0                                                  05/21/2026  17:49:00  PAGE 9


*** NEW ROOT ***************************************************

?PR?TIMR1_IRQHANDLER?TIMER1                      -----    -----
  +--> ?PR?DETECT_1KHZ_SIGNAL_100US?CHARGE_DET
  +--> ?PR?DETECT_DISCHARGE_1KHZ_SIGNAL_100U...

?PR?DETECT_1KHZ_SIGNAL_100US?CHARGE_DET          62B2H    0001H
  +--> ?PR?CHARGE_DET

?PR?DETECT_DISCHARGE_1KHZ_SIGNAL_100U...         62B2H    0001H
  +--> ?PR?CHARGE_DET

*** NEW ROOT ***************************************************

?PR?UART0_IRQHANDLER?UART0                       62B3H    0001H
  +--> ?PR?_UART0_RXBUFFER_PUT_BYTE?UART0

?PR?_UART0_RXBUFFER_PUT_BYTE?UART0               -----    -----
  +--> ?PR?UART0



SYMBOL TABLE OF MODULE:  .\Release\Objects\Demo (?C_STARTUP)

  VALUE           TYPE          NAME
  ----------------------------------

  -------         MODULE        ?C_STARTUP
  C:16BAH         SEGMENT       ?C_C51STARTUP
  I:0021H         SEGMENT       ?STACK
  C:0000H         PUBLIC        ?C_STARTUP
  D:00E0H         SYMBOL        ACC
  D:00F0H         SYMBOL        B
  D:0083H         SYMBOL        DPH
  D:0082H         SYMBOL        DPL
  N:0000H         SYMBOL        IBPSTACK
  N:0100H         SYMBOL        IBPSTACKTOP
  N:0080H         SYMBOL        IDATALEN
  C:16BDH         SYMBOL        IDATALOOP
  N:0000H         SYMBOL        PBPSTACK
  N:0100H         SYMBOL        PBPSTACKTOP
  N:0000H         SYMBOL        PDATALEN
  N:0000H         SYMBOL        PDATASTART
  N:0000H         SYMBOL        PPAGE
  N:0000H         SYMBOL        PPAGEENABLE
  D:00A0H         SYMBOL        PPAGE_SFR
  D:0081H         SYMBOL        SP
  C:16BAH         SYMBOL        STARTUP1
  N:0000H         SYMBOL        XBPSTACK
  N:0000H         SYMBOL        XBPSTACKTOP
  N:0000H         SYMBOL        XDATALEN
  N:0000H         SYMBOL        XDATASTART
  C:0000H         LINE#         126
  C:16BAH         LINE#         133
  C:16BCH         LINE#         134
  C:16BDH         LINE#         135
  C:16BEH         LINE#         136
BL51 BANKED LINKER/LOCATER V6.22.4.0                                                  05/21/2026  17:49:00  PAGE 10


  C:16C0H         LINE#         185
  C:16C3H         LINE#         196
  -------         ENDMOD        ?C_STARTUP

  -------         MODULE        SYSTEM
  C:0000H         SYMBOL        _ICE_DUMMY_
  D:00A7H         PUBLIC        FLASH_TIMEREG0
  D:00ACH         PUBLIC        FLASH_TIMEREG1
  C:242AH         PUBLIC        _delay
  C:22C5H         PUBLIC        _delay_ms
  C:12A4H         PUBLIC        system_init
  -------         PROC          _DELAY
  D:0006H         SYMBOL        cnt
  C:242AH         LINE#         37
  C:242AH         LINE#         38
  C:242AH         LINE#         39
  C:2434H         LINE#         40
  C:2434H         LINE#         41
  C:2434H         LINE#         42
  -------         ENDPROC       _DELAY
  -------         PROC          _DELAY_MS
  D:0002H         SYMBOL        ms
  C:22C5H         LINE#         49
  C:22C9H         LINE#         50
  C:22C9H         LINE#         51
  C:22D3H         LINE#         52
  C:22D3H         LINE#         53
  C:22DAH         LINE#         54
  C:22DCH         LINE#         55
  -------         ENDPROC       _DELAY_MS
  -------         PROC          SYSTEM_INIT
  -------         DO            
  D:0007H         SYMBOL        i
  -------         ENDDO         
  C:12A4H         LINE#         62
  C:12A4H         LINE#         63
  C:12A4H         LINE#         66
  C:12ABH         LINE#         67
  C:12B8H         LINE#         68
  C:12BBH         LINE#         69
  C:12BEH         LINE#         70
  C:12C4H         LINE#         71
  C:12CAH         LINE#         72
  C:12D0H         LINE#         76
  C:12D2H         LINE#         77
  C:12D2H         LINE#         78
  C:12DFH         LINE#         79
  C:12E4H         LINE#         81
  C:1372H         LINE#         82
  -------         ENDPROC       SYSTEM_INIT
  -------         ENDMOD        SYSTEM

  -------         MODULE        ADC
  C:0000H         SYMBOL        _ICE_DUMMY_
  D:00A8H         PUBLIC        IE0
  D:00A9H         PUBLIC        IE1
  D:00AAH         PUBLIC        IE2
BL51 BANKED LINKER/LOCATER V6.22.4.0                                                  05/21/2026  17:49:00  PAGE 11


  D:00ABH         PUBLIC        IE3
  B:00A8H.7       PUBLIC        IE_EA
  D:00B8H         PUBLIC        IP0
  D:00B1H         PUBLIC        IP1
  D:00B2H         PUBLIC        IP2
  D:00B3H         PUBLIC        IP3
  D:00B4H         PUBLIC        IP4
  D:00B5H         PUBLIC        IP5
  D:00B6H         PUBLIC        IP6
  D:00B7H         PUBLIC        IP7
  D:0093H         PUBLIC        ADC_DATAH0
  D:0094H         PUBLIC        ADC_DATAL0
  D:0099H         PUBLIC        ADC_CHS0
  X:62DFH         PUBLIC        cur_adc_status
  C:23C7H         PUBLIC        adc_pin_init
  C:2175H         PUBLIC        adc_init
  C:19CCH         PUBLIC        adc_scan
  C:23A3H         PUBLIC        adc_init_when_low_pwr_out
  C:1E96H         PUBLIC        _adc_update_val
  C:2056H         PUBLIC        _adc_get_val
  C:212DH         PUBLIC        _adc_get_update_flag
  C:0024H         PUBLIC        _adc_clear_update_flag
  C:1B85H         PUBLIC        _adc_channel_sel
  C:22F5H         PUBLIC        adc_get_val_once
  X:62E0H         SYMBOL        adc_adkey_val
  B:0020H.0       SYMBOL        flag_is_adkey_val_update
  X:62E2H         SYMBOL        adc_bat_det_val
  B:0020H.1       SYMBOL        flag_is_adc_bat_det_val_update
  X:62E4H         SYMBOL        adc_solar_det_val
  B:0020H.2       SYMBOL        flag_is_adc_solar_det_val_update
  X:62E6H         SYMBOL        adc_type_c_det_val
  B:0020H.3       SYMBOL        flag_is_adc_type_c_det_val_update
  C:185DH         PUBLIC        ADC_IRQHandler
  C:2084H         SYMBOL        Com0067
  C:2084H         SYMBOL        L?0104
  C:2084H         SYMBOL        L?0105
  C:208EH         SYMBOL        L?0106
  C:208EH         SYMBOL        L?0107
  C:2097H         SYMBOL        L?0108
  C:2097H         SYMBOL        L?0109
  C:209EH         SYMBOL        L?0110
  C:20A8H         SYMBOL        L?0111
  -------         PROC          COM0067
  -------         ENDPROC       COM0067
  -------         PROC          ADC_PIN_INIT
  C:23C7H         LINE#         22
  C:23C7H         LINE#         23
  C:23C7H         LINE#         25
  C:23CDH         LINE#         28
  C:23D3H         LINE#         31
  C:23D7H         LINE#         32
  -------         ENDPROC       ADC_PIN_INIT
  -------         PROC          ADC_INIT
  C:2175H         LINE#         34
  C:2175H         LINE#         35
  C:2175H         LINE#         36
  C:217AH         LINE#         38
BL51 BANKED LINKER/LOCATER V6.22.4.0                                                  05/21/2026  17:49:00  PAGE 12


  C:2180H         LINE#         42
  C:2183H         LINE#         43
  C:2185H         LINE#         45
  C:218BH         LINE#         47
  C:2190H         LINE#         50
  -------         ENDPROC       ADC_INIT
  -------         PROC          _ADC_UPDATE_VAL
  D:0007H         SYMBOL        adc_channel
  D:0004H         SYMBOL        adc_val
  C:1E96H         LINE#         59
  C:1E96H         LINE#         60
  C:1E96H         LINE#         61
  C:1EA5H         LINE#         62
  C:1EA5H         LINE#         63
  C:1EA5H         LINE#         64
  C:1EADH         LINE#         65
  C:1EAFH         LINE#         66
  C:1EB0H         LINE#         67
  C:1EB0H         LINE#         68
  C:1EB8H         LINE#         69
  C:1EBAH         LINE#         70
  C:1EBBH         LINE#         71
  C:1EBBH         LINE#         72
  C:1EC3H         LINE#         73
  C:1EC5H         LINE#         74
  C:1EC6H         LINE#         75
  C:1EC6H         LINE#         76
  C:1ED0H         LINE#         77
  C:1ED2H         LINE#         78
  C:1ED2H         LINE#         79
  C:1ED2H         LINE#         80
  -------         ENDPROC       _ADC_UPDATE_VAL
  -------         PROC          _ADC_GET_VAL
  D:0007H         SYMBOL        adc_channel
  -------         DO            
  D:0004H         SYMBOL        ret
  -------         ENDDO         
  C:2056H         LINE#         82
  C:2056H         LINE#         83
  C:2056H         LINE#         84
  C:2059H         LINE#         85
  C:2068H         LINE#         86
  C:2068H         LINE#         87
  C:2068H         LINE#         88
  C:206BH         LINE#         89
  C:206DH         LINE#         90
  C:206DH         LINE#         91
  C:2070H         LINE#         92
  C:2072H         LINE#         93
  C:2072H         LINE#         94
  C:2075H         LINE#         95
  C:2077H         LINE#         96
  C:2077H         LINE#         97
  C:207FH         LINE#         98
  C:207FH         LINE#         100
  C:207FH         LINE#         101
  C:207FH         LINE#         102
BL51 BANKED LINKER/LOCATER V6.22.4.0                                                  05/21/2026  17:49:00  PAGE 13


  C:207FH         LINE#         104
  C:2083H         LINE#         105
  -------         ENDPROC       _ADC_GET_VAL
  -------         PROC          _ADC_GET_UPDATE_FLAG
  D:0007H         SYMBOL        adc_channel
  -------         DO            
  D:0006H         SYMBOL        ret
  -------         ENDDO         
  C:212DH         LINE#         108
  C:212DH         LINE#         109
  C:212DH         LINE#         110
  C:212FH         LINE#         111
  C:213EH         LINE#         112
  C:213EH         LINE#         113
  C:213EH         LINE#         114
  C:2140H         LINE#         115
  C:2142H         LINE#         116
  C:2142H         LINE#         117
  C:2144H         LINE#         118
  C:2146H         LINE#         119
  C:2146H         LINE#         120
  C:2148H         LINE#         121
  C:214AH         LINE#         122
  C:214AH         LINE#         123
  C:214FH         LINE#         124
  C:214FH         LINE#         126
  C:214FH         LINE#         127
  C:214FH         LINE#         128
  C:214FH         LINE#         130
  C:2151H         LINE#         131
  -------         ENDPROC       _ADC_GET_UPDATE_FLAG
  -------         PROC          _ADC_CLEAR_UPDATE_FLAG
  D:0007H         SYMBOL        adc_channel
  C:0024H         LINE#         134
  C:0024H         LINE#         135
  C:0024H         LINE#         136
  C:0033H         LINE#         137
  C:0033H         LINE#         138
  C:0033H         LINE#         139
  C:0035H         LINE#         140
  C:0036H         LINE#         141
  C:0036H         LINE#         142
  C:0038H         LINE#         143
  C:0039H         LINE#         144
  C:0039H         LINE#         145
  C:003BH         LINE#         146
  C:003CH         LINE#         147
  C:003CH         LINE#         148
  C:003EH         LINE#         149
  C:003EH         LINE#         151
  C:003EH         LINE#         152
  C:003EH         LINE#         153
  C:003EH         LINE#         154
  -------         ENDPROC       _ADC_CLEAR_UPDATE_FLAG
  -------         PROC          _ADC_CHANNEL_SEL
  D:0007H         SYMBOL        adc_channel
  C:1B85H         LINE#         156
BL51 BANKED LINKER/LOCATER V6.22.4.0                                                  05/21/2026  17:49:00  PAGE 14


  C:1B85H         LINE#         157
  C:1B85H         LINE#         158
  C:1B8CH         LINE#         162
  C:1B9BH         LINE#         163
  C:1B9BH         LINE#         164
  C:1B9BH         LINE#         166
  C:1BA2H         LINE#         168
  C:1BA5H         LINE#         169
  C:1BA7H         LINE#         170
  C:1BA7H         LINE#         171
  C:1BAEH         LINE#         174
  C:1BB1H         LINE#         176
  C:1BB3H         LINE#         177
  C:1BB3H         LINE#         181
  C:1BBAH         LINE#         184
  C:1BBDH         LINE#         185
  C:1BBFH         LINE#         187
  C:1BBFH         LINE#         188
  C:1BC6H         LINE#         191
  C:1BC9H         LINE#         192
  C:1BC9H         LINE#         194
  C:1BC9H         LINE#         195
  C:1BC9H         LINE#         196
  C:1BC9H         LINE#         198
  C:1BCFH         LINE#         200
  -------         ENDPROC       _ADC_CHANNEL_SEL
  -------         PROC          ADC_INIT_WHEN_LOW_PWR_OUT
  C:23A3H         LINE#         203
  C:23A3H         LINE#         204
  C:23A3H         LINE#         205
  C:23A9H         LINE#         208
  C:23AFH         LINE#         209
  C:23B4H         LINE#         211
  -------         ENDPROC       ADC_INIT_WHEN_LOW_PWR_OUT
  -------         PROC          ADC_GET_VAL_ONCE
  C:22F5H         LINE#         214
  C:22F5H         LINE#         215
  C:22F5H         LINE#         216
  C:22FBH         LINE#         217
  C:2301H         LINE#         219
  C:2303H         LINE#         220
  C:230BH         LINE#         221
  -------         ENDPROC       ADC_GET_VAL_ONCE
  -------         PROC          ADC_SCAN
  C:19CCH         LINE#         224
  C:19CCH         LINE#         225
  C:19CCH         LINE#         227
  C:19F2H         LINE#         228
  C:19F2H         LINE#         229
  C:19F2H         LINE#         231
  C:19F2H         LINE#         232
  C:19F4H         LINE#         233
  C:19FAH         LINE#         234
  C:19FBH         LINE#         235
  C:19FBH         LINE#         237
  C:19FBH         LINE#         238
  C:1A01H         LINE#         239
BL51 BANKED LINKER/LOCATER V6.22.4.0                                                  05/21/2026  17:49:00  PAGE 15


  C:1A02H         LINE#         240
  C:1A02H         LINE#         241
  C:1A04H         LINE#         242
  C:1A0AH         LINE#         243
  C:1A0BH         LINE#         244
  C:1A0BH         LINE#         246
  C:1A0EH         LINE#         249
  C:1A0EH         LINE#         250
  C:1A14H         LINE#         251
  C:1A15H         LINE#         252
  C:1A15H         LINE#         253
  C:1A17H         LINE#         254
  C:1A1DH         LINE#         255
  C:1A1EH         LINE#         256
  C:1A1EH         LINE#         257
  C:1A1EH         LINE#         258
  C:1A24H         LINE#         259
  C:1A25H         LINE#         260
  C:1A25H         LINE#         261
  C:1A27H         LINE#         262
  C:1A2DH         LINE#         263
  C:1A2EH         LINE#         264
  C:1A2EH         LINE#         265
  C:1A2EH         LINE#         266
  C:1A34H         LINE#         267
  C:1A34H         LINE#         269
  C:1A34H         LINE#         270
  C:1A34H         LINE#         271
  C:1A34H         LINE#         272
  -------         ENDPROC       ADC_SCAN
  -------         PROC          ADC_IRQHANDLER
  -------         DO            
  X:62A6H         SYMBOL        adc_val
  -------         ENDDO         
  C:185DH         LINE#         274
  C:187AH         LINE#         279
  C:187AH         LINE#         283
  C:1880H         LINE#         284
  C:1880H         LINE#         285
  C:1883H         LINE#         286
  C:1892H         LINE#         288
  C:18A6H         LINE#         289
  C:18A6H         LINE#         290
  C:18A6H         LINE#         291
  C:18ABH         LINE#         292
  C:18ADH         LINE#         293
  C:18ADH         LINE#         294
  C:18B5H         LINE#         297
  C:18B8H         LINE#         299
  C:18BBH         LINE#         300
  C:18BDH         LINE#         301
  C:18BDH         LINE#         302
  C:18C2H         LINE#         303
  C:18C4H         LINE#         304
  C:18C4H         LINE#         305
  C:18CCH         LINE#         306
  C:18CCH         LINE#         308
BL51 BANKED LINKER/LOCATER V6.22.4.0                                                  05/21/2026  17:49:00  PAGE 16


  C:18CCH         LINE#         309
  C:18CCH         LINE#         310
  C:18CCH         LINE#         311
  C:18CCH         LINE#         314
  C:18CCH         LINE#         315
  -------         ENDPROC       ADC_IRQHANDLER
  -------         ENDMOD        ADC

  -------         MODULE        PWM
  C:0000H         SYMBOL        _ICE_DUMMY_
  B:00A0H.7       PUBLIC        P27
  B:00B0H.0       PUBLIC        P30
  C:17D2H         PUBLIC        pwm_init
  C:2435H         PUBLIC        _pwm_set_channel_0_duty
  C:243EH         PUBLIC        _pwm_set_channel_1_duty
  C:233AH         SYMBOL        Com0004
  C:233AH         SYMBOL        L?0005
  C:2345H         SYMBOL        L?0006
  -------         PROC          COM0004
  -------         ENDPROC       COM0004
  -------         PROC          PWM_INIT
  C:17D2H         LINE#         3
  C:17D2H         LINE#         4
  C:17D2H         LINE#         6
  C:17D8H         LINE#         7
  C:17DCH         LINE#         9
  C:17DEH         LINE#         10
  C:17E3H         LINE#         13
  C:17E9H         LINE#         14
  C:17EDH         LINE#         16
  C:17EFH         LINE#         17
  C:17F4H         LINE#         21
  C:17FAH         LINE#         22
  C:17FFH         LINE#         23
  C:1804H         LINE#         24
  C:1808H         LINE#         25
  C:180AH         LINE#         26
  C:180AH         LINE#         27
  C:180AH         LINE#         29
  C:1810H         LINE#         30
  C:1816H         LINE#         31
  C:181CH         LINE#         32
  C:1822H         LINE#         33
  C:1828H         LINE#         37
  C:182EH         LINE#         38
  C:1833H         LINE#         39
  C:1838H         LINE#         40
  C:183CH         LINE#         41
  C:183EH         LINE#         42
  C:183EH         LINE#         43
  C:183EH         LINE#         45
  C:1844H         LINE#         46
  C:184AH         LINE#         47
  C:1850H         LINE#         48
  C:1856H         LINE#         49
  C:185CH         LINE#         50
  -------         ENDPROC       PWM_INIT
BL51 BANKED LINKER/LOCATER V6.22.4.0                                                  05/21/2026  17:49:00  PAGE 17


  -------         PROC          _PWM_SET_CHANNEL_0_DUTY
  D:0004H         SYMBOL        channel_duty
  C:2435H         LINE#         53
  C:2435H         LINE#         54
  C:2435H         LINE#         55
  C:2437H         LINE#         56
  C:2437H         LINE#         57
  C:243DH         LINE#         58
  -------         ENDPROC       _PWM_SET_CHANNEL_0_DUTY
  -------         PROC          _PWM_SET_CHANNEL_1_DUTY
  D:0004H         SYMBOL        channel_duty
  C:243EH         LINE#         61
  C:243EH         LINE#         62
  C:243EH         LINE#         63
  C:2440H         LINE#         64
  C:2440H         LINE#         65
  C:2446H         LINE#         66
  -------         ENDPROC       _PWM_SET_CHANNEL_1_DUTY
  -------         ENDMOD        PWM

  -------         MODULE        TIMER0
  C:0000H         SYMBOL        _ICE_DUMMY_
  D:00A8H         PUBLIC        IE0
  D:00A9H         PUBLIC        IE1
  D:00AAH         PUBLIC        IE2
  D:00ABH         PUBLIC        IE3
  B:00A8H.7       PUBLIC        IE_EA
  D:00B8H         PUBLIC        IP0
  D:00B1H         PUBLIC        IP1
  D:00B2H         PUBLIC        IP2
  D:00B3H         PUBLIC        IP3
  D:00B4H         PUBLIC        IP4
  D:00B5H         PUBLIC        IP5
  D:00B6H         PUBLIC        IP6
  D:00B7H         PUBLIC        IP7
  D:00D1H         PUBLIC        TMR_ALLCON
  C:225CH         PUBLIC        timer0_init
  C:1960H         PUBLIC        TIMR0_IRQHandler
  -------         PROC          TIMER0_INIT
  C:225CH         LINE#         10
  C:225CH         LINE#         11
  C:225CH         LINE#         12
  C:225FH         LINE#         13
  C:2261H         LINE#         15
  C:2264H         LINE#         16
  C:2269H         LINE#         17
  C:226DH         LINE#         18
  C:2272H         LINE#         19
  C:2276H         LINE#         20
  -------         ENDPROC       TIMER0_INIT
  -------         PROC          TIMR0_IRQHANDLER
  C:1960H         LINE#         24
  C:197DH         LINE#         27
  C:197DH         LINE#         32
  C:1983H         LINE#         33
  C:1983H         LINE#         34
  C:1987H         LINE#         40
BL51 BANKED LINKER/LOCATER V6.22.4.0                                                  05/21/2026  17:49:00  PAGE 18


  C:198DH         LINE#         41
  C:1990H         LINE#         43
  C:1993H         LINE#         44
  C:1996H         LINE#         46
  C:1999H         LINE#         47
  C:199CH         LINE#         48
  C:199FH         LINE#         50
  C:19A2H         LINE#         51
  C:19A5H         LINE#         52
  C:19A8H         LINE#         54
  C:19ABH         LINE#         55
  C:19AEH         LINE#         57
  C:19B1H         LINE#         63
  C:19B1H         LINE#         66
  C:19B1H         LINE#         67
  -------         ENDPROC       TIMR0_IRQHANDLER
  -------         ENDMOD        TIMER0

  -------         MODULE        TIMER1
  C:0000H         SYMBOL        _ICE_DUMMY_
  D:00A8H         PUBLIC        IE0
  D:00A9H         PUBLIC        IE1
  D:00AAH         PUBLIC        IE2
  D:00ABH         PUBLIC        IE3
  B:00A8H.7       PUBLIC        IE_EA
  D:00B8H         PUBLIC        IP0
  D:00B1H         PUBLIC        IP1
  D:00B2H         PUBLIC        IP2
  D:00B3H         PUBLIC        IP3
  D:00B4H         PUBLIC        IP4
  D:00B5H         PUBLIC        IP5
  D:00B6H         PUBLIC        IP6
  D:00B7H         PUBLIC        IP7
  D:00D1H         PUBLIC        TMR_ALLCON
  C:2277H         PUBLIC        timer1_init
  C:1CF9H         PUBLIC        TIMR1_IRQHandler
  -------         PROC          TIMER1_INIT
  C:2277H         LINE#         9
  C:2277H         LINE#         10
  C:2277H         LINE#         12
  C:227AH         LINE#         13
  C:227CH         LINE#         15
  C:227FH         LINE#         16
  C:2284H         LINE#         17
  C:2288H         LINE#         18
  C:228DH         LINE#         19
  C:2291H         LINE#         23
  -------         ENDPROC       TIMER1_INIT
  -------         PROC          TIMR1_IRQHANDLER
  C:1CF9H         LINE#         27
  C:1D16H         LINE#         30
  C:1D16H         LINE#         34
  C:1D1CH         LINE#         35
  C:1D1CH         LINE#         36
  C:1D20H         LINE#         39
  C:1D23H         LINE#         40
  C:1D26H         LINE#         41
BL51 BANKED LINKER/LOCATER V6.22.4.0                                                  05/21/2026  17:49:00  PAGE 19


  C:1D26H         LINE#         44
  C:1D26H         LINE#         45
  -------         ENDPROC       TIMR1_IRQHANDLER
  -------         ENDMOD        TIMER1

  -------         MODULE        UART0
  C:0000H         SYMBOL        _ICE_DUMMY_
  D:00A8H         PUBLIC        IE0
  D:00A9H         PUBLIC        IE1
  D:00AAH         PUBLIC        IE2
  D:00ABH         PUBLIC        IE3
  B:00A8H.7       PUBLIC        IE_EA
  D:00B8H         PUBLIC        IP0
  D:00B1H         PUBLIC        IP1
  D:00B2H         PUBLIC        IP2
  D:00B3H         PUBLIC        IP3
  D:00B4H         PUBLIC        IP4
  D:00B5H         PUBLIC        IP5
  D:00B6H         PUBLIC        IP6
  D:00B7H         PUBLIC        IP7
  D:00D2H         PUBLIC        UART0_CON0
  D:00D4H         PUBLIC        UART0_STA
  D:00D5H         PUBLIC        UART0_BAUD0
  D:00D6H         PUBLIC        UART0_BAUD1
  D:00D7H         PUBLIC        UART0_DATA
  C:1F0FH         PUBLIC        uart0_init
  C:2450H         PUBLIC        _uart0_sendbyte
  C:2152H         PUBLIC        _uart0_sendbuf
  C:2447H         PUBLIC        uart0_rxbuffer_get_count
  C:1ED3H         PUBLIC        uart0_rxbuffer_get_byte
  X:6000H         PUBLIC        uart0_rx_buffer
  C:1E14H         SYMBOL        _uart0_rxbuffer_put_byte
  C:1FEFH         PUBLIC        UART0_IRQHandler
  C:2480H         SYMBOL        Com0047
  C:2480H         SYMBOL        L?0072
  C:2480H         SYMBOL        L?0073
  -------         PROC          COM0047
  -------         ENDPROC       COM0047
  -------         PROC          UART0_INIT
  C:1F0FH         LINE#         17
  C:1F0FH         LINE#         18
  C:1F0FH         LINE#         19
  C:1F15H         LINE#         20
  C:1F19H         LINE#         21
  C:1F20H         LINE#         23
  C:1F26H         LINE#         24
  C:1F2CH         LINE#         25
  C:1F32H         LINE#         27
  C:1F35H         LINE#         28
  C:1F38H         LINE#         29
  C:1F3BH         LINE#         33
  C:1F43H         LINE#         34
  C:1F46H         LINE#         35
  C:1F48H         LINE#         36
  -------         ENDPROC       UART0_INIT
  -------         PROC          _UART0_SENDBYTE
  D:0007H         SYMBOL        byte
BL51 BANKED LINKER/LOCATER V6.22.4.0                                                  05/21/2026  17:49:00  PAGE 20


  C:2450H         LINE#         39
  C:2450H         LINE#         40
  C:2450H         LINE#         41
  C:2455H         LINE#         44
  C:2457H         LINE#         48
  -------         ENDPROC       _UART0_SENDBYTE
  -------         PROC          _UART0_SENDBUF
  X:62A3H         SYMBOL        buf
  D:0005H         SYMBOL        len
  -------         DO            
  D:0006H         SYMBOL        i
  -------         ENDDO         
  C:2152H         LINE#         50
  C:2158H         LINE#         51
  C:2158H         LINE#         52
  C:215AH         LINE#         53
  C:215FH         LINE#         54
  C:215FH         LINE#         55
  C:2171H         LINE#         56
  C:2174H         LINE#         57
  -------         ENDPROC       _UART0_SENDBUF
  -------         PROC          UART0_RXBUFFER_GET_COUNT
  C:2447H         LINE#         60
  C:2447H         LINE#         61
  C:2447H         LINE#         62
  C:244FH         LINE#         63
  -------         ENDPROC       UART0_RXBUFFER_GET_COUNT
  -------         PROC          UART0_RXBUFFER_GET_BYTE
  -------         DO            
  D:0007H         SYMBOL        rxbyte
  -------         ENDDO         
  C:1ED3H         LINE#         66
  C:1ED3H         LINE#         67
  C:1ED3H         LINE#         70
  C:1EDDH         LINE#         71
  C:1EDDH         LINE#         73
  C:1EDFH         LINE#         74
  C:1EDFH         LINE#         80
  C:1EE5H         LINE#         81
  C:1EEEH         LINE#         82
  C:1EEEH         LINE#         83
  C:1EF2H         LINE#         84
  C:1EF2H         LINE#         85
  C:1F04H         LINE#         87
  C:1F0EH         LINE#         89
  C:1F0EH         LINE#         90
  -------         ENDPROC       UART0_RXBUFFER_GET_BYTE
  -------         PROC          _UART0_RXBUFFER_PUT_BYTE
  D:0007H         SYMBOL        byte
  C:1E14H         LINE#         92
  C:1E14H         LINE#         93
  C:1E14H         LINE#         100
  C:1E1AH         LINE#         101
  C:1E23H         LINE#         102
  C:1E23H         LINE#         103
  C:1E27H         LINE#         104
  C:1E27H         LINE#         105
BL51 BANKED LINKER/LOCATER V6.22.4.0                                                  05/21/2026  17:49:00  PAGE 21


  C:1E39H         LINE#         107
  C:1E3FH         LINE#         108
  C:1E4EH         LINE#         109
  C:1E4EH         LINE#         110
  C:1E54H         LINE#         111
  C:1E54H         LINE#         112
  -------         ENDPROC       _UART0_RXBUFFER_PUT_BYTE
  -------         PROC          UART0_IRQHANDLER
  -------         DO            
  X:62B3H         SYMBOL        recv_byte
  -------         ENDDO         
  C:1FEFH         LINE#         115
  C:2002H         LINE#         118
  C:2002H         LINE#         121
  C:2007H         LINE#         122
  C:2007H         LINE#         123
  C:200DH         LINE#         124
  C:2012H         LINE#         127
  C:2012H         LINE#         129
  C:2012H         LINE#         130
  -------         ENDPROC       UART0_IRQHANDLER
  -------         ENDMOD        UART0

  -------         MODULE        MAIN
  C:0000H         SYMBOL        _ICE_DUMMY_
  D:00D9H         PUBLIC        WDT_KEY
  C:21DBH         PUBLIC        user_init
  C:1AECH         PUBLIC        main
  -------         PROC          USER_INIT
  C:21DBH         LINE#         103
  C:21DBH         LINE#         104
  C:21DBH         LINE#         105
  C:21DEH         LINE#         106
  C:21E1H         LINE#         107
  C:21E4H         LINE#         108
  C:21E7H         LINE#         109
  C:21EAH         LINE#         110
  C:21EDH         LINE#         112
  C:21F0H         LINE#         113
  C:21F3H         LINE#         114
  C:21F6H         LINE#         117
  C:21F9H         LINE#         118
  -------         ENDPROC       USER_INIT
  -------         PROC          MAIN
  C:1AECH         LINE#         126
  C:1AECH         LINE#         127
  C:1AECH         LINE#         129
  C:1AEFH         LINE#         130
  C:1AF2H         LINE#         133
  C:1AF5H         LINE#         134
  C:1AFCH         LINE#         135
  C:1AFFH         LINE#         138
  C:1B04H         LINE#         139
  C:1B06H         LINE#         140
  C:1B09H         LINE#         141
  C:1B0BH         LINE#         142
  C:1B0EH         LINE#         143
BL51 BANKED LINKER/LOCATER V6.22.4.0                                                  05/21/2026  17:49:00  PAGE 22


  C:1B10H         LINE#         144
  C:1B13H         LINE#         145
  C:1B15H         LINE#         147
  C:1B18H         LINE#         148
  C:1B1FH         LINE#         150
  C:1B1FH         LINE#         151
  C:1B1FH         LINE#         152
  C:1B28H         LINE#         153
  C:1B2BH         LINE#         155
  C:1B2EH         LINE#         157
  C:1B31H         LINE#         159
  C:1B34H         LINE#         166
  C:1B37H         LINE#         171
  -------         ENDPROC       MAIN
  -------         ENDMOD        MAIN

  -------         MODULE        UART_DATA_HANDLE
  C:0000H         SYMBOL        _ICE_DUMMY_
  C:23B5H         PUBLIC        uart_receiver_reset
  C:000FH         PUBLIC        uart_receiver_timeout_add
  C:2197H         PUBLIC        uart_receiver_process_checksum
  C:14D6H         PUBLIC        _uart_receiver_process_byte
  C:2390H         PUBLIC        uart_receiver_timeout_handler
  C:18E7H         PUBLIC        uart_data_handle
  C:1DCFH         PUBLIC        _uart_data_send_cmd
  X:62B5H         SYMBOL        uart_receiver
  C:2458H         SYMBOL        _?ix1000
  C:230CH         SYMBOL        Com0038
  C:230CH         SYMBOL        L?0057
  C:230CH         SYMBOL        L?0058
  -------         PROC          COM0038
  -------         ENDPROC       COM0038
  -------         PROC          UART_RECEIVER_RESET
  C:23B5H         LINE#         13
  C:23B5H         LINE#         14
  C:23B5H         LINE#         16
  C:23BAH         LINE#         17
  C:23BEH         LINE#         18
  C:23C2H         LINE#         19
  C:23C6H         LINE#         20
  -------         ENDPROC       UART_RECEIVER_RESET
  -------         PROC          UART_RECEIVER_TIMEOUT_ADD
  C:000FH         LINE#         26
  C:000FH         LINE#         27
  C:000FH         LINE#         28
  C:0015H         LINE#         29
  C:0015H         LINE#         30
  C:001DH         LINE#         31
  C:001DH         LINE#         32
  -------         ENDPROC       UART_RECEIVER_TIMEOUT_ADD
  -------         PROC          UART_RECEIVER_PROCESS_CHECKSUM
  -------         DO            
  D:0006H         SYMBOL        i
  D:0007H         SYMBOL        check_sum
  -------         ENDDO         
  C:2197H         LINE#         39
  C:2197H         LINE#         40
BL51 BANKED LINKER/LOCATER V6.22.4.0                                                  05/21/2026  17:49:00  PAGE 23


  C:2197H         LINE#         42
  C:2199H         LINE#         43
  C:219AH         LINE#         44
  C:219AH         LINE#         45
  C:21A7H         LINE#         46
  C:21ACH         LINE#         48
  C:21B3H         LINE#         49
  C:21B3H         LINE#         50
  C:21B6H         LINE#         51
  C:21B6H         LINE#         53
  C:21B6H         LINE#         60
  C:21B8H         LINE#         61
  C:21B8H         LINE#         62
  -------         ENDPROC       UART_RECEIVER_PROCESS_CHECKSUM
  -------         PROC          _UART_RECEIVER_PROCESS_BYTE
  D:0005H         SYMBOL        byte
  C:14D6H         LINE#         71
  C:14D8H         LINE#         72
  C:14D8H         LINE#         74
  C:14FBH         LINE#         75
  C:14FBH         LINE#         76
  C:14FBH         LINE#         77
  C:14FFH         LINE#         78
  C:14FFH         LINE#         79
  C:14FFH         LINE#         80
  C:1504H         LINE#         81
  C:1507H         LINE#         82
  C:1507H         LINE#         84
  C:1507H         LINE#         85
  C:150AH         LINE#         86
  C:150AH         LINE#         87
  C:150AH         LINE#         89
  C:150AH         LINE#         90
  C:150EH         LINE#         91
  C:150EH         LINE#         92
  C:150EH         LINE#         93
  C:1513H         LINE#         94
  C:1516H         LINE#         95
  C:1516H         LINE#         97
  C:1516H         LINE#         99
  C:1519H         LINE#         100
  C:1519H         LINE#         101
  C:1519H         LINE#         103
  C:1519H         LINE#         104
  C:151CH         LINE#         105
  C:151CH         LINE#         106
  C:151CH         LINE#         107
  C:1521H         LINE#         108
  C:1524H         LINE#         109
  C:1524H         LINE#         111
  C:1524H         LINE#         112
  C:1527H         LINE#         113
  C:1527H         LINE#         114
  C:1527H         LINE#         116
  C:1527H         LINE#         118
  C:1527H         LINE#         119
  C:152CH         LINE#         120
BL51 BANKED LINKER/LOCATER V6.22.4.0                                                  05/21/2026  17:49:00  PAGE 24


  C:152EH         LINE#         121
  C:152EH         LINE#         123
  C:152EH         LINE#         125
  C:152EH         LINE#         126
  C:1533H         LINE#         127
  C:1535H         LINE#         128
  C:1535H         LINE#         130
  C:1535H         LINE#         131
  C:1538H         LINE#         132
  C:1538H         LINE#         133
  C:1538H         LINE#         134
  C:153DH         LINE#         135
  C:153FH         LINE#         136
  C:153FH         LINE#         138
  C:153FH         LINE#         139
  C:1542H         LINE#         140
  C:1542H         LINE#         141
  C:1542H         LINE#         143
  C:1542H         LINE#         145
  C:1542H         LINE#         146
  C:1548H         LINE#         147
  C:154EH         LINE#         148
  C:154EH         LINE#         150
  C:1551H         LINE#         151
  C:1551H         LINE#         153
  C:1551H         LINE#         154
  C:1554H         LINE#         155
  C:1554H         LINE#         156
  C:1554H         LINE#         158
  C:1554H         LINE#         159
  C:1558H         LINE#         160
  C:1558H         LINE#         161
  C:156CH         LINE#         162
  C:1572H         LINE#         163
  C:1575H         LINE#         164
  C:1575H         LINE#         166
  C:1575H         LINE#         167
  C:1578H         LINE#         168
  C:1578H         LINE#         169
  C:1578H         LINE#         171
  C:1578H         LINE#         172
  C:1578H         LINE#         173
  C:1578H         LINE#         175
  C:157AH         LINE#         176
  -------         ENDPROC       _UART_RECEIVER_PROCESS_BYTE
  -------         PROC          UART_RECEIVER_TIMEOUT_HANDLER
  C:2390H         LINE#         179
  C:2390H         LINE#         180
  C:2390H         LINE#         185
  C:239FH         LINE#         186
  C:239FH         LINE#         200
  C:23A2H         LINE#         201
  C:23A2H         LINE#         202
  -------         ENDPROC       UART_RECEIVER_TIMEOUT_HANDLER
  -------         PROC          UART_DATA_HANDLE
  -------         DO            
  D:0004H         SYMBOL        recv_byte
BL51 BANKED LINKER/LOCATER V6.22.4.0                                                  05/21/2026  17:49:00  PAGE 25


  X:62B4H         SYMBOL        initialized
  -------         ENDDO         
  C:18E7H         LINE#         203
  C:18E7H         LINE#         204
  C:18E7H         LINE#         212
  C:18EDH         LINE#         213
  C:18EDH         LINE#         214
  C:18F0H         LINE#         215
  C:18F6H         LINE#         216
  C:18F6H         LINE#         221
  C:18FCH         LINE#         222
  C:18FCH         LINE#         223
  C:18FFH         LINE#         224
  C:18FFH         LINE#         233
  C:18FFH         LINE#         234
  C:18FFH         LINE#         235
  C:1913H         LINE#         238
  C:1913H         LINE#         252
  C:1913H         LINE#         253
  C:1913H         LINE#         255
  C:1918H         LINE#         258
  C:191EH         LINE#         259
  C:1923H         LINE#         262
  C:1929H         LINE#         263
  C:1929H         LINE#         276
  C:192CH         LINE#         277
  C:192CH         LINE#         278
  C:192EH         LINE#         308
  C:193AH         LINE#         310
  C:193AH         LINE#         312
  C:193AH         LINE#         332
  C:194AH         LINE#         333
  C:194AH         LINE#         334
  C:194AH         LINE#         336
  C:194FH         LINE#         337
  C:1951H         LINE#         338
  C:1951H         LINE#         340
  C:1957H         LINE#         341
  C:1959H         LINE#         342
  C:1959H         LINE#         350
  C:195CH         LINE#         351
  C:195CH         LINE#         353
  C:195CH         LINE#         357
  C:195CH         LINE#         358
  C:195CH         LINE#         361
  C:195FH         LINE#         362
  -------         ENDPROC       UART_DATA_HANDLE
  -------         PROC          _UART_DATA_SEND_CMD
  X:629AH         SYMBOL        cmd
  -------         DO            
  X:629BH         SYMBOL        buf
  -------         ENDDO         
  C:1DCFH         LINE#         366
  C:1DD4H         LINE#         367
  C:1DD4H         LINE#         368
  C:1DE7H         LINE#         379
  C:1DF0H         LINE#         380
BL51 BANKED LINKER/LOCATER V6.22.4.0                                                  05/21/2026  17:49:00  PAGE 26


  C:1E09H         LINE#         382
  -------         ENDPROC       _UART_DATA_SEND_CMD
  -------         ENDMOD        UART_DATA_HANDLE

  -------         MODULE        KEY_DRIVER
  C:0000H         SYMBOL        _ICE_DUMMY_
  C:0B57H         PUBLIC        _key_driver_scan
  X:62E8H         SYMBOL        is_key_active
  X:62E9H         PUBLIC        scan_para
  C:21FCH         SYMBOL        Com0021
  C:21FCH         SYMBOL        L?0034
  C:21FFH         SYMBOL        L?0035
  C:2200H         SYMBOL        L?0036
  C:2206H         SYMBOL        L?0037
  C:2209H         SYMBOL        L?0038
  C:220DH         SYMBOL        L?0039
  C:2213H         SYMBOL        L?0040
  C:2216H         SYMBOL        L?0041
  -------         PROC          COM0021
  -------         ENDPROC       COM0021
  -------         PROC          _KEY_DRIVER_SCAN
  D:0001H         SYMBOL        _scan_para
  -------         DO            
  X:6298H         SYMBOL        key_event
  D:0007H         SYMBOL        cur_key_value
  X:6299H         SYMBOL        key_value
  C:0CBFH         SYMBOL        _notify
  C:0CDFH         SYMBOL        _scan_end
  -------         ENDDO         
  C:0B57H         LINE#         17
  C:0B57H         LINE#         19
  C:0B57H         LINE#         24
  C:0B5CH         LINE#         25
  C:0B5EH         LINE#         26
  C:0B62H         LINE#         30
  C:0B68H         LINE#         33
  C:0B7BH         LINE#         34
  C:0B7BH         LINE#         36
  C:0B7BH         LINE#         38
  C:0B85H         LINE#         40
  C:0B8EH         LINE#         46
  C:0B92H         LINE#         47
  C:0B92H         LINE#         48
  C:0B98H         LINE#         49
  C:0B9AH         LINE#         50
  C:0BA0H         LINE#         51
  C:0BA0H         LINE#         52
  C:0BA3H         LINE#         53
  C:0BA3H         LINE#         56
  C:0BB7H         LINE#         57
  C:0BB7H         LINE#         59
  C:0BBEH         LINE#         60
  C:0BC4H         LINE#         62
  C:0BC4H         LINE#         65
  C:0BD5H         LINE#         66
  C:0BD5H         LINE#         67
  C:0BE0H         LINE#         69
BL51 BANKED LINKER/LOCATER V6.22.4.0                                                  05/21/2026  17:49:00  PAGE 27


  C:0BE0H         LINE#         72
  C:0BECH         LINE#         73
  C:0BECH         LINE#         80
  C:0BF0H         LINE#         81
  C:0BF0H         LINE#         82
  C:0BF7H         LINE#         83
  C:0BF7H         LINE#         84
  C:0BF9H         LINE#         85
  C:0BFFH         LINE#         86
  C:0C01H         LINE#         88
  C:0C01H         LINE#         91
  C:0C01H         LINE#         92
  C:0C09H         LINE#         93
  C:0C09H         LINE#         94
  C:0C0CH         LINE#         96
  C:0C0CH         LINE#         101
  C:0C14H         LINE#         102
  C:0C20H         LINE#         103
  C:0C20H         LINE#         104
  C:0C25H         LINE#         105
  C:0C29H         LINE#         106
  C:0C2CH         LINE#         108
  C:0C2CH         LINE#         109
  C:0C32H         LINE#         110
  C:0C32H         LINE#         111
  C:0C32H         LINE#         113
  C:0C34H         LINE#         118
  C:0C34H         LINE#         120
  C:0C34H         LINE#         125
  C:0C38H         LINE#         126
  C:0C38H         LINE#         128
  C:0C49H         LINE#         129
  C:0C49H         LINE#         133
  C:0C5AH         LINE#         134
  C:0C5AH         LINE#         154
  C:0C5AH         LINE#         155
  C:0C5CH         LINE#         157
  C:0C5CH         LINE#         158
  C:0C69H         LINE#         160
  C:0C6BH         LINE#         162
  C:0C6BH         LINE#         164
  C:0C6BH         LINE#         165
  C:0C76H         LINE#         166
  C:0C79H         LINE#         168
  C:0C79H         LINE#         169
  C:0C79H         LINE#         171
  C:0C79H         LINE#         172
  C:0C79H         LINE#         174
  C:0C79H         LINE#         175
  C:0C79H         LINE#         177
  C:0C79H         LINE#         179
  C:0C84H         LINE#         180
  C:0C84H         LINE#         181
  C:0C8CH         LINE#         182
  C:0C8CH         LINE#         186
  C:0C92H         LINE#         187
  C:0C92H         LINE#         188
BL51 BANKED LINKER/LOCATER V6.22.4.0                                                  05/21/2026  17:49:00  PAGE 28


  C:0C98H         LINE#         193
  C:0C9AH         LINE#         194
  C:0CA6H         LINE#         195
  C:0CA6H         LINE#         196
  C:0CABH         LINE#         197
  C:0CBAH         LINE#         199
  C:0CBAH         LINE#         201
  C:0CBAH         LINE#         202
  C:0CBAH         LINE#         204
  C:0CBAH         LINE#         207
  C:0CBFH         LINE#         208
  C:0CBFH         LINE#         210
  C:0CBFH         LINE#         211
  C:0CBFH         LINE#         213
  C:0CBFH         LINE#         216
  C:0CBFH         LINE#         218
  C:0CBFH         LINE#         219
  C:0CC3H         LINE#         220
  C:0CCBH         LINE#         222
  C:0CD5H         LINE#         223
  C:0CDFH         LINE#         226
  C:0CDFH         LINE#         235
  C:0CDFH         LINE#         237
  C:0CDFH         LINE#         238
  C:0CE9H         LINE#         241
  -------         ENDPROC       _KEY_DRIVER_SCAN
  -------         ENDMOD        KEY_DRIVER

  -------         MODULE        AD_KEY
  C:0000H         SYMBOL        _ICE_DUMMY_
  X:6208H         PUBLIC        ad_key_para
  C:161FH         PUBLIC        ad_key_handle
  X:621BH         SYMBOL        ad_key_scan_table
  X:622BH         SYMBOL        ad_key_event_table
  C:2023H         PUBLIC        ad_key_get_key_val
  C:1B39H         SYMBOL        _ad_key_val_to_ad_key_index
  C:1C1BH         SYMBOL        _ad_key_get_event
  C:23D8H         SYMBOL        Com0037
  C:23D8H         SYMBOL        L?0056
  -------         PROC          COM0037
  -------         ENDPROC       COM0037
  -------         PROC          _AD_KEY_VAL_TO_AD_KEY_INDEX
  D:0006H         SYMBOL        ad_key_val
  -------         DO            
  D:0005H         SYMBOL        i
  X:6299H         SYMBOL        ad_key_index
  -------         ENDDO         
  C:1B39H         LINE#         53
  C:1B39H         LINE#         54
  C:1B39H         LINE#         55
  C:1B3BH         LINE#         56
  C:1B43H         LINE#         59
  C:1B43H         LINE#         60
  C:1B43H         LINE#         61
  C:1B5BH         LINE#         62
  C:1B5BH         LINE#         63
  C:1B75H         LINE#         64
BL51 BANKED LINKER/LOCATER V6.22.4.0                                                  05/21/2026  17:49:00  PAGE 29


  C:1B77H         LINE#         65
  C:1B77H         LINE#         66
  C:1B7CH         LINE#         68
  C:1B84H         LINE#         69
  -------         ENDPROC       _AD_KEY_VAL_TO_AD_KEY_INDEX
  -------         PROC          _AD_KEY_GET_EVENT
  D:0007H         SYMBOL        key_val
  D:0005H         SYMBOL        key_event
  -------         DO            
  D:0006H         SYMBOL        ret_key_event
  D:0004H         SYMBOL        key_event_index
  D:0003H         SYMBOL        i
  -------         ENDDO         
  C:1C1BH         LINE#         79
  C:1C1BH         LINE#         80
  C:1C1BH         LINE#         81
  C:1C1DH         LINE#         82
  C:1C1EH         LINE#         83
  C:1C1FH         LINE#         86
  C:1C23H         LINE#         87
  C:1C23H         LINE#         88
  C:1C24H         LINE#         89
  C:1C26H         LINE#         90
  C:1C2AH         LINE#         91
  C:1C2AH         LINE#         92
  C:1C2CH         LINE#         93
  C:1C2EH         LINE#         94
  C:1C32H         LINE#         95
  C:1C32H         LINE#         96
  C:1C34H         LINE#         97
  C:1C36H         LINE#         98
  C:1C3AH         LINE#         99
  C:1C3AH         LINE#         100
  C:1C3CH         LINE#         101
  C:1C3EH         LINE#         103
  C:1C3EH         LINE#         104
  C:1C41H         LINE#         105
  C:1C41H         LINE#         107
  C:1C47H         LINE#         108
  C:1C47H         LINE#         109
  C:1C4EH         LINE#         110
  C:1C4EH         LINE#         111
  C:1C5DH         LINE#         112
  C:1C5FH         LINE#         113
  C:1C5FH         LINE#         114
  C:1C62H         LINE#         116
  C:1C64H         LINE#         117
  -------         ENDPROC       _AD_KEY_GET_EVENT
  -------         PROC          AD_KEY_GET_KEY_VAL
  -------         DO            
  X:6206H         SYMBOL        val
  X:6298H         SYMBOL        ret
  -------         ENDDO         
  C:2023H         LINE#         130
  C:2023H         LINE#         131
  C:2023H         LINE#         133
  C:2029H         LINE#         136
BL51 BANKED LINKER/LOCATER V6.22.4.0                                                  05/21/2026  17:49:00  PAGE 30


  C:2031H         LINE#         137
  C:2031H         LINE#         138
  C:2036H         LINE#         139
  C:2043H         LINE#         142
  C:2043H         LINE#         144
  C:2053H         LINE#         145
  C:2055H         LINE#         146
  -------         ENDPROC       AD_KEY_GET_KEY_VAL
  -------         PROC          AD_KEY_HANDLE
  -------         DO            
  X:6298H         SYMBOL        ad_key_event
  -------         ENDDO         
  C:161FH         LINE#         148
  C:161FH         LINE#         149
  C:161FH         LINE#         150
  C:1624H         LINE#         152
  C:162DH         LINE#         153
  C:162DH         LINE#         155
  C:162DH         LINE#         157
  C:163AH         LINE#         158
  C:163FH         LINE#         159
  C:1641H         LINE#         163
  C:1650H         LINE#         164
  C:1650H         LINE#         169
  C:1656H         LINE#         171
  C:1656H         LINE#         173
  C:167CH         LINE#         174
  C:167CH         LINE#         177
  C:167CH         LINE#         181
  C:167FH         LINE#         182
  C:167FH         LINE#         184
  C:167FH         LINE#         188
  C:167FH         LINE#         190
  C:167FH         LINE#         195
  C:167FH         LINE#         197
  C:167FH         LINE#         201
  C:167FH         LINE#         205
  C:167FH         LINE#         209
  C:1681H         LINE#         210
  C:1683H         LINE#         212
  C:1683H         LINE#         217
  C:1685H         LINE#         218
  C:1687H         LINE#         220
  C:1687H         LINE#         225
  C:1689H         LINE#         226
  C:168BH         LINE#         228
  C:168BH         LINE#         232
  C:168BH         LINE#         237
  C:168BH         LINE#         242
  C:168DH         LINE#         243
  C:168FH         LINE#         245
  C:168FH         LINE#         251
  C:1691H         LINE#         252
  C:1693H         LINE#         254
  C:1693H         LINE#         260
  C:1695H         LINE#         261
  C:1697H         LINE#         263
BL51 BANKED LINKER/LOCATER V6.22.4.0                                                  05/21/2026  17:49:00  PAGE 31


  C:1697H         LINE#         267
  C:1697H         LINE#         271
  C:1697H         LINE#         277
  C:169DH         LINE#         278
  C:169DH         LINE#         279
  C:169FH         LINE#         280
  C:16A1H         LINE#         281
  C:16A8H         LINE#         282
  C:16A8H         LINE#         283
  C:16ADH         LINE#         284
  C:16ADH         LINE#         285
  C:16ADH         LINE#         287
  C:16ADH         LINE#         293
  C:16B3H         LINE#         294
  C:16B3H         LINE#         297
  C:16B6H         LINE#         298
  C:16B6H         LINE#         300
  C:16B6H         LINE#         305
  C:16B9H         LINE#         306
  C:16B9H         LINE#         307
  C:16B9H         LINE#         309
  C:16B9H         LINE#         313
  C:16B9H         LINE#         315
  C:16B9H         LINE#         319
  C:16B9H         LINE#         321
  C:16B9H         LINE#         322
  C:16B9H         LINE#         323
  C:16B9H         LINE#         324
  -------         ENDPROC       AD_KEY_HANDLE
  -------         ENDMOD        AD_KEY

  -------         MODULE        USER_TEST
  C:0000H         SYMBOL        _ICE_DUMMY_
  -------         ENDMOD        USER_TEST

  -------         MODULE        LED
  C:0000H         SYMBOL        _ICE_DUMMY_
  B:0080H.0       PUBLIC        P00
  B:0080H.1       PUBLIC        P01
  B:0080H.2       PUBLIC        P02
  B:0080H.5       PUBLIC        P05
  B:0080H.6       PUBLIC        P06
  B:0090H.3       PUBLIC        P13
  B:00A0H.7       PUBLIC        P27
  B:00B0H.0       PUBLIC        P30
  X:62CEH         PUBLIC        led_ctl
  X:62DBH         PUBLIC        led_bat_level_sta
  C:1A9EH         PUBLIC        led_init
  C:23F6H         PUBLIC        led_yellow_on
  C:2460H         PUBLIC        led_yellow_off
  C:2410H         PUBLIC        led_white_on
  C:2468H         PUBLIC        led_white_off
  C:2487H         PUBLIC        led_suspend
  C:1F82H         PUBLIC        led_resume
  C:23E7H         PUBLIC        led_ctl_init
  C:20B2H         PUBLIC        led_status_switch
  C:1A35H         PUBLIC        _led_status_set
BL51 BANKED LINKER/LOCATER V6.22.4.0                                                  05/21/2026  17:49:00  PAGE 32


  C:11BAH         PUBLIC        led_red_blue_flash_1ms_isr
  C:1746H         PUBLIC        led_slow_adjust_isr
  C:07F0H         PUBLIC        led_bat_instruction_timer_callback
  X:62DCH         PUBLIC        led_charge_anim_phase
  X:62DDH         PUBLIC        led_charge_anim_cnt
  C:2403H         PUBLIC        __led_yellow_resume__
  C:241DH         PUBLIC        __led_white_resume__
  C:142DH         SYMBOL        Com007B
  C:142DH         SYMBOL        L?0124
  C:1439H         SYMBOL        L?0125
  C:1447H         SYMBOL        L?0126
  C:1448H         SYMBOL        L?0127
  C:144DH         SYMBOL        L?0128
  C:1454H         SYMBOL        L?0129
  C:1454H         SYMBOL        L?0130
  C:1457H         SYMBOL        L?0131
  C:145FH         SYMBOL        L?0132
  C:145FH         SYMBOL        L?0133
  C:1468H         SYMBOL        L?0134
  C:1479H         SYMBOL        L?0135
  C:1488H         SYMBOL        L?0136
  C:1488H         SYMBOL        L?0137
  C:1491H         SYMBOL        L?0138
  C:149FH         SYMBOL        L?0139
  C:14ACH         SYMBOL        L?0140
  C:14ACH         SYMBOL        L?0141
  C:14B4H         SYMBOL        L?0142
  C:14B4H         SYMBOL        L?0143
  C:14BCH         SYMBOL        L?0144
  C:14C7H         SYMBOL        L?0145
  C:14C7H         SYMBOL        L?0146
  C:14CDH         SYMBOL        L?0147
  -------         PROC          COM007B
  -------         ENDPROC       COM007B
  -------         PROC          LED_INIT
  C:1A9EH         LINE#         14
  C:1A9EH         LINE#         15
  C:1A9EH         LINE#         17
  C:1AA4H         LINE#         18
  C:1AA8H         LINE#         19
  C:1AAAH         LINE#         20
  C:1AAFH         LINE#         23
  C:1AB5H         LINE#         24
  C:1AB9H         LINE#         25
  C:1ABBH         LINE#         26
  C:1ABEH         LINE#         29
  C:1ABEH         LINE#         30
  C:1AC1H         LINE#         31
  C:1AC3H         LINE#         32
  C:1AC8H         LINE#         35
  C:1ACDH         LINE#         36
  C:1AD1H         LINE#         37
  C:1AD3H         LINE#         38
  C:1AD6H         LINE#         41
  C:1AD6H         LINE#         42
  C:1AD9H         LINE#         43
  C:1ADBH         LINE#         44
BL51 BANKED LINKER/LOCATER V6.22.4.0                                                  05/21/2026  17:49:00  PAGE 33


  C:1ADEH         LINE#         47
  C:1AE2H         LINE#         48
  C:1AE6H         LINE#         49
  C:1AE8H         LINE#         50
  C:1AEBH         LINE#         51
  -------         ENDPROC       LED_INIT
  -------         PROC          LED_CTL_INIT
  C:23E7H         LINE#         53
  C:23E7H         LINE#         54
  C:23E7H         LINE#         63
  -------         ENDPROC       LED_CTL_INIT
  -------         PROC          LED_YELLOW_ON
  C:23F6H         LINE#         66
  C:23F6H         LINE#         67
  C:23F6H         LINE#         69
  C:23FCH         LINE#         71
  C:2402H         LINE#         72
  -------         ENDPROC       LED_YELLOW_ON
  -------         PROC          __LED_YELLOW_RESUME__
  C:2403H         LINE#         75
  C:2403H         LINE#         76
  C:2403H         LINE#         77
  C:2409H         LINE#         78
  C:240FH         LINE#         79
  -------         ENDPROC       __LED_YELLOW_RESUME__
  -------         PROC          LED_YELLOW_OFF
  C:2460H         LINE#         81
  C:2460H         LINE#         82
  C:2460H         LINE#         83
  C:2462H         LINE#         84
  C:2467H         LINE#         85
  -------         ENDPROC       LED_YELLOW_OFF
  -------         PROC          LED_WHITE_ON
  C:2410H         LINE#         87
  C:2410H         LINE#         88
  C:2410H         LINE#         90
  C:2416H         LINE#         92
  C:241CH         LINE#         93
  -------         ENDPROC       LED_WHITE_ON
  -------         PROC          __LED_WHITE_RESUME__
  C:241DH         LINE#         96
  C:241DH         LINE#         97
  C:241DH         LINE#         98
  C:2423H         LINE#         99
  C:2429H         LINE#         100
  -------         ENDPROC       __LED_WHITE_RESUME__
  -------         PROC          LED_WHITE_OFF
  C:2468H         LINE#         102
  C:2468H         LINE#         103
  C:2468H         LINE#         104
  C:246AH         LINE#         105
  C:246FH         LINE#         106
  -------         ENDPROC       LED_WHITE_OFF
  -------         PROC          LED_STATUS_SWITCH
  C:20B2H         LINE#         108
  C:20B2H         LINE#         109
  C:20B2H         LINE#         111
BL51 BANKED LINKER/LOCATER V6.22.4.0                                                  05/21/2026  17:49:00  PAGE 34


  C:20C6H         LINE#         112
  C:20C6H         LINE#         113
  C:20C6H         LINE#         117
  C:20C8H         LINE#         118
  C:20CAH         LINE#         119
  C:20CAH         LINE#         124
  C:20CCH         LINE#         125
  C:20CEH         LINE#         126
  C:20CEH         LINE#         130
  C:20D0H         LINE#         131
  C:20D2H         LINE#         132
  C:20D2H         LINE#         138
  C:20D4H         LINE#         139
  C:20D6H         LINE#         140
  C:20D6H         LINE#         151
  C:20DBH         LINE#         152
  C:20DBH         LINE#         153
  C:20DBH         LINE#         154
  -------         ENDPROC       LED_STATUS_SWITCH
  -------         PROC          _LED_STATUS_SET
  X:629AH         SYMBOL        status
  C:1A35H         LINE#         157
  C:1A3AH         LINE#         158
[...]
  C:0B0BH         LINE#         165
  C:0B1AH         LINE#         166
  C:0B1AH         LINE#         167
  C:0B20H         LINE#         168
  C:0B20H         LINE#         171
  C:0B2FH         LINE#         172
  C:0B2FH         LINE#         173
  C:0B35H         LINE#         175
  C:0B3FH         LINE#         176
  C:0B3FH         LINE#         177
  C:0B40H         LINE#         179
  C:0B40H         LINE#         180
  C:0B4FH         LINE#         181
  C:0B4FH         LINE#         182
  C:0B56H         LINE#         183
  C:0B56H         LINE#         184
  C:0B56H         LINE#         187
  -------         ENDPROC       DETECT_1KHZ_SIGNAL_100US
  -------         PROC          DETECT_DISCHARGE_1KHZ_SIGNAL_100US
  -------         DO            
  X:6280H         SYMBOL        signal_high_duration
  X:6282H         SYMBOL        signal_low_duration
  X:6284H         SYMBOL        detection_state
  X:6285H         SYMBOL        toggle_count_in_period
  X:6287H         SYMBOL        measurement_period_counter
  X:62B2H         SYMBOL        current_pin_state
  X:6289H         SYMBOL        is_detected_signal
  X:628AH         SYMBOL        detect_discharge_signal_cnt
  X:628BH         SYMBOL        undetect_discharge_signal_cnt
  -------         ENDDO         
  C:0E45H         LINE#         190
  C:0E45H         LINE#         191
  C:0E45H         LINE#         207
  C:0E4DH         LINE#         219
  C:0E53H         LINE#         224
  C:0E67H         LINE#         225
  C:0E67H         LINE#         226
  C:0E67H         LINE#         227
  C:0E71H         LINE#         228
  C:0E71H         LINE#         233
  C:0E74H         LINE#         234
  C:0E7CH         LINE#         235
  C:0E7CH         LINE#         236
  C:0E7FH         LINE#         238
  C:0E7FH         LINE#         239
  C:0E82H         LINE#         240
  C:0E89H         LINE#         241
  C:0E90H         LINE#         242
  C:0E90H         LINE#         243
  C:0E93H         LINE#         245
  C:0E93H         LINE#         246
BL51 BANKED LINKER/LOCATER V6.22.4.0                                                  05/21/2026  17:49:00  PAGE 50


  C:0E9AH         LINE#         247
  C:0E9AH         LINE#         248
  C:0EA5H         LINE#         249
  C:0EA5H         LINE#         250
  C:0EABH         LINE#         251
  C:0EABH         LINE#         253
  C:0EABH         LINE#         254
  C:0EAEH         LINE#         256
  C:0EAEH         LINE#         257
  C:0EB4H         LINE#         258
  C:0EB7H         LINE#         263
  C:0ED5H         LINE#         264
  C:0ED5H         LINE#         265
  C:0EDBH         LINE#         266
  C:0EDBH         LINE#         267
  C:0EDBH         LINE#         268
  C:0EDBH         LINE#         269
  C:0EDDH         LINE#         271
  C:0EDDH         LINE#         272
  C:0EE3H         LINE#         273
  C:0EE3H         LINE#         274
  C:0EE9H         LINE#         275
  C:0EEDH         LINE#         276
  C:0EEFH         LINE#         278
  C:0EEFH         LINE#         279
  C:0EF5H         LINE#         280
  C:0EF8H         LINE#         285
  C:0F16H         LINE#         286
  C:0F16H         LINE#         287
  C:0F1CH         LINE#         288
  C:0F1CH         LINE#         290
  C:0F23H         LINE#         291
  C:0F23H         LINE#         292
  C:0F23H         LINE#         293
  C:0F23H         LINE#         295
  C:0F32H         LINE#         296
  C:0F32H         LINE#         297
  C:0F36H         LINE#         303
  C:0F44H         LINE#         304
  C:0F44H         LINE#         305
  C:0F4AH         LINE#         306
  C:0F4CH         LINE#         307
  C:0F5BH         LINE#         308
  C:0F5BH         LINE#         309
  C:0F60H         LINE#         310
  C:0F60H         LINE#         313
  C:0F67H         LINE#         315
  C:0F6DH         LINE#         316
  C:0F6DH         LINE#         317
  C:0F72H         LINE#         318
  C:0F78H         LINE#         319
  C:0F7EH         LINE#         320
  C:0F7EH         LINE#         321
  C:0F80H         LINE#         322
  C:0F85H         LINE#         323
  C:0F85H         LINE#         324
  C:0F86H         LINE#         326
BL51 BANKED LINKER/LOCATER V6.22.4.0                                                  05/21/2026  17:49:00  PAGE 51


  C:0F86H         LINE#         327
  C:0F8BH         LINE#         328
  C:0F8FH         LINE#         329
  C:0F95H         LINE#         330
  C:0F95H         LINE#         331
  C:0F97H         LINE#         332
  C:0F9BH         LINE#         333
  C:0F9BH         LINE#         334
  C:0F9BH         LINE#         335
  C:0F9BH         LINE#         336
  -------         ENDPROC       DETECT_DISCHARGE_1KHZ_SIGNAL_100US
  -------         PROC          CHARGE_DET_TIME_ADD
  C:248BH         LINE#         338
  C:248BH         LINE#         339
  C:248BH         LINE#         340
  C:248DH         LINE#         341
  -------         ENDPROC       CHARGE_DET_TIME_ADD
  -------         PROC          CHARGE_DET
  -------         DO            
  X:628CH         SYMBOL        adc_val_of_solar_panel
  X:628EH         SYMBOL        adc_val_of_type_c
  X:6298H         SYMBOL        voltage_mv
  -------         ENDDO         
  C:0F9CH         LINE#         345
  C:0F9CH         LINE#         346
  C:0F9CH         LINE#         349
  C:0FA3H         LINE#         351
  C:0FABH         LINE#         352
  C:0FABH         LINE#         353
  C:0FB0H         LINE#         354
  C:0FBDH         LINE#         355
  C:0FBDH         LINE#         357
  C:0FC5H         LINE#         358
  C:0FC5H         LINE#         359
  C:0FCAH         LINE#         360
  C:0FD7H         LINE#         361
  C:0FD7H         LINE#         363
  C:0FDDH         LINE#         364
  C:0FDDH         LINE#         365
  C:0FDFH         LINE#         366
  C:0FDFH         LINE#         368
  C:0FDFH         LINE#         371
  C:0FDFH         LINE#         378
  C:0FFFH         LINE#         380
  C:1007H         LINE#         381
  C:1007H         LINE#         382
  C:100CH         LINE#         383
  C:1012H         LINE#         384
  C:1017H         LINE#         385
  C:1017H         LINE#         386
  C:1019H         LINE#         388
  C:101EH         LINE#         393
  C:101EH         LINE#         394
  C:1020H         LINE#         396
  C:1020H         LINE#         397
  C:1025H         LINE#         398
  C:1029H         LINE#         399
BL51 BANKED LINKER/LOCATER V6.22.4.0                                                  05/21/2026  17:49:00  PAGE 52


  C:102FH         LINE#         400
  C:102FH         LINE#         401
  C:1031H         LINE#         403
  C:1035H         LINE#         408
  C:1035H         LINE#         409
  C:1035H         LINE#         422
  C:1045H         LINE#         423
  C:1045H         LINE#         424
  C:104BH         LINE#         425
  C:1051H         LINE#         426
  C:1051H         LINE#         427
  C:1053H         LINE#         428
  C:1057H         LINE#         429
  C:1057H         LINE#         430
  C:1059H         LINE#         431
  C:1062H         LINE#         432
  C:1062H         LINE#         433
  C:1067H         LINE#         434
  C:1067H         LINE#         438
  C:1073H         LINE#         439
  C:1073H         LINE#         440
  C:1079H         LINE#         443
  C:107EH         LINE#         444
  C:1082H         LINE#         445
  C:1084H         LINE#         446
  C:1090H         LINE#         447
  C:1090H         LINE#         448
  C:1094H         LINE#         449
  C:1094H         LINE#         452
  C:109AH         LINE#         453
  C:109AH         LINE#         454
  C:10A0H         LINE#         455
  C:10A0H         LINE#         456
  C:10A5H         LINE#         457
  C:10A5H         LINE#         459
  C:10ABH         LINE#         460
  C:10ABH         LINE#         461
  C:10AEH         LINE#         463
  C:10AEH         LINE#         464
  C:10AEH         LINE#         465
  -------         ENDPROC       CHARGE_DET
  -------         ENDMOD        CHARGE_DET

  -------         MODULE        LOW_POWER
  C:0000H         SYMBOL        _ICE_DUMMY_
  D:00BAH         PUBLIC        LP_CON
  D:008DH         PUBLIC        LP_WKCON
  D:008EH         PUBLIC        LP_WKPND
  D:00A8H         PUBLIC        IE0
  D:00A9H         PUBLIC        IE1
  D:00AAH         PUBLIC        IE2
  D:00ABH         PUBLIC        IE3
  B:00A8H.7       PUBLIC        IE_EA
  D:00B8H         PUBLIC        IP0
  D:00B1H         PUBLIC        IP1
  D:00B2H         PUBLIC        IP2
  D:00B3H         PUBLIC        IP3
BL51 BANKED LINKER/LOCATER V6.22.4.0                                                  05/21/2026  17:49:00  PAGE 53


  D:00B4H         PUBLIC        IP4
  D:00B5H         PUBLIC        IP5
  D:00B6H         PUBLIC        IP6
  D:00B7H         PUBLIC        IP7
  D:00D2H         PUBLIC        UART0_CON0
  D:00D1H         PUBLIC        TMR_ALLCON
  D:00ACH         PUBLIC        FLASH_TIMEREG1
  D:0099H         PUBLIC        ADC_CHS0
  C:157BH         PUBLIC        low_power_handle
  C:1FBAH         PUBLIC        low_power_enter_timer_callback
  X:62EEH         SYMBOL        is_low_power_enter_enable
  C:223EH         PUBLIC        is_low_power_condition_establish
  C:10AFH         PUBLIC        low_power_in
  C:1CAFH         PUBLIC        low_power_out
  C:22DDH         PUBLIC        WUT_IRQHandler
  -------         PROC          IS_LOW_POWER_CONDITION_ESTABLISH
  C:223EH         LINE#         8
  C:223EH         LINE#         9
  C:223EH         LINE#         15
  C:225BH         LINE#         19
  -------         ENDPROC       IS_LOW_POWER_CONDITION_ESTABLISH
  -------         PROC          LOW_POWER_ENTER_TIMER_CALLBACK
  -------         DO            
  X:62ECH         SYMBOL        cnt
  -------         ENDDO         
  C:1FBAH         LINE#         22
  C:1FBAH         LINE#         23
  C:1FBAH         LINE#         25
  C:1FC0H         LINE#         26
  C:1FC0H         LINE#         27
  C:1FCAH         LINE#         28
  C:1FD9H         LINE#         29
  C:1FD9H         LINE#         30
  C:1FDDH         LINE#         31
  C:1FE2H         LINE#         32
  C:1FE2H         LINE#         33
  C:1FE3H         LINE#         35
  C:1FE3H         LINE#         36
  C:1FEAH         LINE#         37
  C:1FEEH         LINE#         38
  C:1FEEH         LINE#         39
  -------         ENDPROC       LOW_POWER_ENTER_TIMER_CALLBACK
  -------         PROC          LOW_POWER_IN
  C:10AFH         LINE#         41
  C:10AFH         LINE#         42
  C:10AFH         LINE#         47
  C:10B2H         LINE#         48
  C:10B5H         LINE#         49
  C:10B8H         LINE#         50
  C:10BBH         LINE#         52
  C:10C1H         LINE#         53
  C:10C7H         LINE#         55
  C:10CEH         LINE#         57
  C:10D1H         LINE#         58
  C:10D7H         LINE#         60
  C:10DCH         LINE#         61
  C:10DFH         LINE#         70
BL51 BANKED LINKER/LOCATER V6.22.4.0                                                  05/21/2026  17:49:00  PAGE 54


  C:10E5H         LINE#         71
  C:10EBH         LINE#         73
  C:10F1H         LINE#         74
  C:10F7H         LINE#         77
  C:10FDH         LINE#         78
  C:1101H         LINE#         79
  C:1107H         LINE#         82
  C:110BH         LINE#         83
  C:1111H         LINE#         84
  C:1115H         LINE#         85
  C:111AH         LINE#         103
  C:111EH         LINE#         104
  C:1124H         LINE#         107
  C:1129H         LINE#         109
  C:112DH         LINE#         112
  C:1131H         LINE#         113
  C:1137H         LINE#         115
  C:113EH         LINE#         121
  C:1141H         LINE#         129
  C:1147H         LINE#         130
  C:114DH         LINE#         131
  C:1153H         LINE#         132
  C:1159H         LINE#         136
  C:115CH         LINE#         137
  C:115FH         LINE#         138
  C:1162H         LINE#         141
  C:1165H         LINE#         142
  C:1168H         LINE#         144
  C:116BH         LINE#         145
  C:116EH         LINE#         148
  C:1171H         LINE#         149
  C:1174H         LINE#         152
  C:1177H         LINE#         153
  C:1179H         LINE#         156
  C:1180H         LINE#         157
  C:1184H         LINE#         161
  C:1189H         LINE#         162
  C:1190H         LINE#         164
  C:1197H         LINE#         166
  C:119EH         LINE#         167
  C:11A5H         LINE#         168
  C:11A8H         LINE#         170
  C:11AFH         LINE#         171
  C:11B6H         LINE#         176
  C:11B9H         LINE#         182
  -------         ENDPROC       LOW_POWER_IN
  -------         PROC          LOW_POWER_OUT
  C:1CAFH         LINE#         184
  C:1CAFH         LINE#         185
  C:1CAFH         LINE#         187
  C:1CB2H         LINE#         188
  C:1CB9H         LINE#         189
  C:1CC0H         LINE#         192
  C:1CC3H         LINE#         196
  C:1CC8H         LINE#         197
  C:1CCAH         LINE#         203
  C:1CD1H         LINE#         204
BL51 BANKED LINKER/LOCATER V6.22.4.0                                                  05/21/2026  17:49:00  PAGE 55


  C:1CD6H         LINE#         205
  C:1CDDH         LINE#         207
  C:1CE4H         LINE#         208
  C:1CEBH         LINE#         210
  C:1CEEH         LINE#         211
  C:1CF1H         LINE#         212
  C:1CF8H         LINE#         218
  -------         ENDPROC       LOW_POWER_OUT
  C:1611H         SYMBOL        L?0106
  -------         PROC          LOW_POWER_HANDLE
  -------         DO            
  X:6298H         SYMBOL        is_back_to_low_power
  D:0006H         SYMBOL        adc_val
  C:1595H         SYMBOL        label_low_power_in
  -------         ENDDO         
  C:157BH         LINE#         220
  C:157BH         LINE#         221
  C:157BH         LINE#         222
  C:1581H         LINE#         225
  C:158EH         LINE#         226
  C:158EH         LINE#         227
  C:1595H         LINE#         228
  C:1595H         LINE#         230
  C:1595H         LINE#         232
  C:1595H         LINE#         237
  C:1595H         LINE#         239
  C:1598H         LINE#         240
  C:159BH         LINE#         243
  C:159EH         LINE#         244
  C:15A1H         LINE#         246
  C:15A3H         LINE#         247
  C:15A3H         LINE#         248
  C:15A6H         LINE#         250
  C:15AFH         LINE#         251
  C:15AFH         LINE#         253
  C:15B4H         LINE#         257
  C:15B4H         LINE#         259
  C:15B6H         LINE#         260
  C:15B6H         LINE#         261
  C:15B9H         LINE#         263
  C:15E0H         LINE#         264
  C:15E0H         LINE#         265
  C:15E5H         LINE#         269
  C:15E5H         LINE#         292
  C:15EAH         LINE#         293
  C:15EAH         LINE#         294
  C:15EFH         LINE#         298
  C:15F2H         LINE#         299
  C:15F2H         LINE#         301
  C:15F7H         LINE#         302
  C:15F7H         LINE#         303
  C:15FAH         LINE#         305
  C:15FFH         LINE#         310
  C:15FFH         LINE#         312
  C:1605H         LINE#         313
  C:1605H         LINE#         317
  C:1605H         LINE#         318
BL51 BANKED LINKER/LOCATER V6.22.4.0                                                  05/21/2026  17:49:00  PAGE 56


  C:1605H         LINE#         321
  C:1609H         LINE#         322
  C:160DH         LINE#         323
  C:1610H         LINE#         324
  -------         ENDPROC       LOW_POWER_HANDLE
  -------         PROC          WUT_IRQHANDLER
  C:22DDH         LINE#         327
  C:22E3H         LINE#         330
  C:22E3H         LINE#         335
  C:22EAH         LINE#         336
  C:22EAH         LINE#         337
  C:22EEH         LINE#         338
  C:22EEH         LINE#         341
  C:22EEH         LINE#         342
  -------         ENDPROC       WUT_IRQHANDLER
  -------         ENDMOD        LOW_POWER

  -------         MODULE        ?C?COPY
  C:011EH         PUBLIC        ?C?COPY
  -------         ENDMOD        ?C?COPY

  -------         MODULE        ?C?CLDPTR
  C:0144H         PUBLIC        ?C?CLDPTR
  -------         ENDMOD        ?C?CLDPTR

  -------         MODULE        ?C?CLDOPTR
  C:015DH         PUBLIC        ?C?CLDOPTR
  -------         ENDMOD        ?C?CLDOPTR

  -------         MODULE        ?C?CILDOPTR
  C:018AH         PUBLIC        ?C?CILDOPTR
  -------         ENDMOD        ?C?CILDOPTR

  -------         MODULE        ?C?CSTOPTR
  C:01BDH         PUBLIC        ?C?CSTOPTR
  -------         ENDMOD        ?C?CSTOPTR

  -------         MODULE        ?C?UIDIV
  C:01DFH         PUBLIC        ?C?UIDIV
  -------         ENDMOD        ?C?UIDIV

  -------         MODULE        ?C?IILDX
  C:0234H         PUBLIC        ?C?IILDX
  -------         ENDMOD        ?C?IILDX

  -------         MODULE        ?C?LADD
  C:024AH         PUBLIC        ?C?LADD
  -------         ENDMOD        ?C?LADD

  -------         MODULE        ?C?ULDIV
  C:0293H         PUBLIC        ?C?ULDIV
  -------         ENDMOD        ?C?ULDIV

  -------         MODULE        ?C?SLCMP
  C:0325H         PUBLIC        ?C?SLCMP
  -------         ENDMOD        ?C?SLCMP

BL51 BANKED LINKER/LOCATER V6.22.4.0                                                  05/21/2026  17:49:00  PAGE 57


  -------         MODULE        ?C?ULCMP
  C:033BH         PUBLIC        ?C?ULCMP
  -------         ENDMOD        ?C?ULCMP

  -------         MODULE        ?C?LLDXDATA
  C:034CH         PUBLIC        ?C?LLDXDATA
  -------         ENDMOD        ?C?LLDXDATA

  -------         MODULE        ?C?LLDXDATA0
  C:0358H         PUBLIC        ?C?LLDXDATA0
  -------         ENDMOD        ?C?LLDXDATA0

  -------         MODULE        ?C?LSTXDATA
  C:0364H         PUBLIC        ?C?LSTXDATA
  -------         ENDMOD        ?C?LSTXDATA

  -------         MODULE        ?C?LSTKXDATA
  C:0370H         PUBLIC        ?C?LSTKXDATA
  -------         ENDMOD        ?C?LSTKXDATA

  -------         MODULE        ?C?PLDXDATA
  C:03A1H         PUBLIC        ?C?PLDXDATA
  -------         ENDMOD        ?C?PLDXDATA

  -------         MODULE        ?C?PSTXDATA
  C:03AAH         PUBLIC        ?C?PSTXDATA
  -------         ENDMOD        ?C?PSTXDATA

  -------         MODULE        ?C?PLDOPTR
  C:03B3H         PUBLIC        ?C?PLDOPTR
  -------         ENDMOD        ?C?PLDOPTR

  -------         MODULE        ?C?CCASE
  C:03E3H         PUBLIC        ?C?CCASE
  -------         ENDMOD        ?C?CCASE

  -------         MODULE        ?C?ICALL
  C:0409H         PUBLIC        ?C?ICALL
  C:040DH         PUBLIC        ?C?ICALL2
  -------         ENDMOD        ?C?ICALL

  -------         MODULE        ?C?LIMUL
  C:040FH         PUBLIC        ?C?LIMUL
  -------         ENDMOD        ?C?LIMUL

  -------         MODULE        ?C?MEMSET
  C:043CH         PUBLIC        ?C?MEMSET
  -------         ENDMOD        ?C?MEMSET

  -------         MODULE        ?C?PLDIDATA
  C:0468H         PUBLIC        ?C?PLDIDATA
  -------         ENDMOD        ?C?PLDIDATA

  -------         MODULE        ?C?PLDPDATA
  C:0471H         PUBLIC        ?C?PLDPDATA
  -------         ENDMOD        ?C?PLDPDATA

BL51 BANKED LINKER/LOCATER V6.22.4.0                                                  05/21/2026  17:49:00  PAGE 58


  -------         MODULE        ?C?PLDCODE
  C:047AH         PUBLIC        ?C?PLDCODE
  -------         ENDMOD        ?C?PLDCODE

*** WARNING L15: MULTIPLE CALL TO SEGMENT
    SEGMENT: ?PR?_GET_BATTERY_PERCENTAGE_BY_VOLTAGE?BATTERY_MONITOR
    CALLER1: ?C_C51STARTUP
    CALLER2: ?PR?ADC_IRQHANDLER?ADC

Program Size: data=9.5 xdata=754 code=9357
LINK/LOCATE RUN COMPLETE.  1 WARNING(S),  0 ERROR(S)
