BL51 BANKED LINKER/LOCATER V6.22.4.0                                                    07/08/2026  10:17:33  PAGE 1


BL51 BANKED LINKER/LOCATER V6.22.4.0, INVOKED BY:
C:\KEIL_V5\C51\BIN\BL51.EXE .\Release\Objects\STARTUP.obj, .\Release\Objects\system.obj, .\Release\Objects\adc.obj, .\Re
>> lease\Objects\pwm.obj, .\Release\Objects\timer0.obj, .\Release\Objects\timer1.obj, .\Release\Objects\uart0.obj, .\Rel
>> ease\Objects\main.obj, .\Release\Objects\uart_data_handle.obj, .\Release\Objects\key_driver.obj, .\Release\Objects\ad
>> _key.obj, .\Release\Objects\user_test.obj, .\Release\Objects\led.obj, .\Release\Objects\battery_monitor.obj, .\Releas
>> e\Objects\bluetooth_ic_handle.obj, .\Release\Objects\charge_det.obj, .\Release\Objects\low_power.obj TO .\Release\Obj
>> ects\Demo PRINT (.\Release\Listings\Demo.m51) RAMSIZE (256) CODE (0X0000-0X3EEF) XDATA (0X6000-0X66FF)


MEMORY MODEL: LARGE


INPUT MODULES INCLUDED:
  .\Release\Objects\STARTUP.obj (?C_STARTUP)
  .\Release\Objects\system.obj (SYSTEM)
  .\Release\Objects\adc.obj (ADC)
  .\Release\Objects\pwm.obj (PWM)
  .\Release\Objects\timer0.obj (TIMER0)
  .\Release\Objects\timer1.obj (TIMER1)
  .\Release\Objects\uart0.obj (UART0)
  .\Release\Objects\main.obj (MAIN)
  .\Release\Objects\uart_data_handle.obj (UART_DATA_HANDLE)
  .\Release\Objects\key_driver.obj (KEY_DRIVER)
  .\Release\Objects\ad_key.obj (AD_KEY)
  .\Release\Objects\user_test.obj (USER_TEST)
  .\Release\Objects\led.obj (LED)
  .\Release\Objects\battery_monitor.obj (BATTERY_MONITOR)
  .\Release\Objects\bluetooth_ic_handle.obj (BLUETOOTH_IC_HANDLE)
  .\Release\Objects\charge_det.obj (CHARGE_DET)
  .\Release\Objects\low_power.obj (LOW_POWER)
  C:\KEIL_V5\C51\LIB\C51L.LIB (?C_INIT)
  C:\KEIL_V5\C51\LIB\C51L.LIB (?C?COPY)
  C:\KEIL_V5\C51\LIB\C51L.LIB (?C?CLDPTR)
  C:\KEIL_V5\C51\LIB\C51L.LIB (?C?CLDOPTR)
  C:\KEIL_V5\C51\LIB\C51L.LIB (?C?CILDOPTR)
  C:\KEIL_V5\C51\LIB\C51L.LIB (?C?CSTOPTR)
  C:\KEIL_V5\C51\LIB\C51L.LIB (?C?UIDIV)
  C:\KEIL_V5\C51\LIB\C51L.LIB (?C?IILDX)
  C:\KEIL_V5\C51\LIB\C51L.LIB (?C?LADD)
  C:\KEIL_V5\C51\LIB\C51L.LIB (?C?ULDIV)
  C:\KEIL_V5\C51\LIB\C51L.LIB (?C?SLCMP)
  C:\KEIL_V5\C51\LIB\C51L.LIB (?C?ULCMP)
  C:\KEIL_V5\C51\LIB\C51L.LIB (?C?LLDXDATA)
  C:\KEIL_V5\C51\LIB\C51L.LIB (?C?LLDXDATA0)
  C:\KEIL_V5\C51\LIB\C51L.LIB (?C?LSTXDATA)
  C:\KEIL_V5\C51\LIB\C51L.LIB (?C?LSTKXDATA)
  C:\KEIL_V5\C51\LIB\C51L.LIB (?C?PLDXDATA)
  C:\KEIL_V5\C51\LIB\C51L.LIB (?C?PSTXDATA)
  C:\KEIL_V5\C51\LIB\C51L.LIB (?C?PLDOPTR)
  C:\KEIL_V5\C51\LIB\C51L.LIB (?C?CCASE)
  C:\KEIL_V5\C51\LIB\C51L.LIB (?C?ICALL)
  C:\KEIL_V5\C51\LIB\C51L.LIB (?C?LIMUL)
  C:\KEIL_V5\C51\LIB\C51L.LIB (PRINTF)
  C:\KEIL_V5\C51\LIB\C51L.LIB (?C?MEMSET)
  C:\KEIL_V5\C51\LIB\C51L.LIB (?C?CSTPTR)
  C:\KEIL_V5\C51\LIB\C51L.LIB (?C?PLDIDATA)
  C:\KEIL_V5\C51\LIB\C51L.LIB (?C?PLDIXDATA)
  C:\KEIL_V5\C51\LIB\C51L.LIB (?C?PLDPDATA)
BL51 BANKED LINKER/LOCATER V6.22.4.0                                                  07/08/2026  10:17:33  PAGE 2


  C:\KEIL_V5\C51\LIB\C51L.LIB (?C?PLDCODE)


LINK MAP OF MODULE:  .\Release\Objects\Demo (?C_STARTUP)


            TYPE    BASE      LENGTH    RELOCATION   SEGMENT NAME
            -----------------------------------------------------

            * * * * * * *   D A T A   M E M O R Y   * * * * * * *
            REG     0000H     0008H     ABSOLUTE     "REG BANK 0"
            DATA    0008H     000AH     UNIT         _DATA_GROUP_
                    0012H     000EH                  *** GAP ***
            BIT     0020H.0   0002H.2   UNIT         _BIT_GROUP_
            BIT     0022H.2   0000H.4   UNIT         ?BI?ADC
            BIT     0022H.6   0000H.1   UNIT         ?BI?CHARGE_DET
                    0022H.7   0000H.1                *** GAP ***
            IDATA   0023H     0001H     UNIT         ?STACK

            * * * * * * *  X D A T A   M E M O R Y  * * * * * * *
                    0000H     6000H                  *** GAP ***
            XDATA   6000H     0206H     UNIT         ?XD?UART0
            XDATA   6206H     005FH     UNIT         _XDATA_GROUP_
            XDATA   6265H     0039H     UNIT         ?XD?AD_KEY
            XDATA   629EH     0033H     UNIT         ?XD?BATTERY_MONITOR
            XDATA   62D1H     0027H     UNIT         ?XD?CHARGE_DET
            XDATA   62F8H     001AH     UNIT         ?XD?UART_DATA_HANDLE
            XDATA   6312H     0013H     UNIT         ?XD?LED
            XDATA   6325H     0009H     UNIT         ?XD?ADC
            XDATA   632EH     0006H     UNIT         ?XD?LOW_POWER
            XDATA   6334H     0004H     UNIT         ?XD?KEY_DRIVER
            XDATA   6338H     0003H     UNIT         ?XD?USER_TEST
            XDATA   633BH     0002H     UNIT         ?XD?BLUETOOTH_IC_HANDLE

            * * * * * * *   C O D E   M E M O R Y   * * * * * * *
            CODE    0000H     0003H     ABSOLUTE     
            CODE    0003H     000CH     ABSOLUTE     
            CODE    000FH     000FH     UNIT         ?PR?UART_RECEIVER_TIMEOUT_ADD?UART_DATA_HANDLE
            CODE    001EH     0003H     ABSOLUTE     
            CODE    0021H     0003H     ABSOLUTE     
            CODE    0024H     001BH     UNIT         ?PR?_ADC_CLEAR_UPDATE_FLAG?ADC
            CODE    003FH     0003H     ABSOLUTE     
            CODE    0042H     0003H     ABSOLUTE     
            CODE    0045H     0003H     UNIT         ?PR?CHARGE_DET_TIME_ADD?CHARGE_DET
                    0048H     0003H                  *** GAP ***
            CODE    004BH     0003H     ABSOLUTE     
            CODE    004EH     0461H     UNIT         ?C?LIB_CODE
            CODE    04AFH     0380H     UNIT         ?C_INITSEG
            CODE    082FH     0365H     UNIT         ?PR?PRINTF?PRINTF
            CODE    0B94H     01B2H     UNIT         ?PR?LED_BAT_INSTRUCTION_TIMER_CALLBACK?LED
            CODE    0D46H     01ABH     UNIT         ?PR?LOW_POWER_HANDLE?LOW_POWER
            CODE    0EF1H     01AAH     UNIT         ?PR?DETECT_1KHZ_SIGNAL_100US?CHARGE_DET
            CODE    109BH     0193H     UNIT         ?PR?_KEY_DRIVER_SCAN?KEY_DRIVER
            CODE    122EH     0185H     UNIT         ?PR?BATTERY_MONITOR_HANDLE?BATTERY_MONITOR
            CODE    13B3H     0157H     UNIT         ?PR?DETECT_DISCHARGE_1KHZ_SIGNAL_100US?CHARGE_DET
            CODE    150AH     0127H     UNIT         ?PR?CHARGE_DET?CHARGE_DET
            CODE    1631H     011FH     UNIT         ?PR?LED_SLOW_ADJUST_ISR?LED
BL51 BANKED LINKER/LOCATER V6.22.4.0                                                  07/08/2026  10:17:33  PAGE 3


            CODE    1750H     010BH     UNIT         ?PR?LOW_POWER_IN?LOW_POWER
            CODE    185BH     00EAH     UNIT         ?PR?LED_RED_BLUE_FLASH_1MS_ISR?LED
            CODE    1945H     00DAH     UNIT         ?CO?UART_DATA_HANDLE
            CODE    1A1FH     00DAH     UNIT         ?PR?BATTERY_VOLTAGE_UPDATE_BY_ISR?BATTERY_MONITOR
            CODE    1AF9H     00CFH     UNIT         ?PR?SYSTEM_INIT?SYSTEM
            CODE    1BC8H     00B9H     UNIT         ?PR?LED
            CODE    1C81H     00B5H     UNIT         ?PR?UART_DATA_HANDLE?UART_DATA_HANDLE
            CODE    1D36H     00ADH     UNIT         ?PR?AD_KEY_HANDLE?AD_KEY
            CODE    1DE3H     00A9H     UNIT         ?PR?_UART_RECEIVER_PROCESS_BYTE?UART_DATA_HANDLE
            CODE    1E8CH     008FH     UNIT         ?CO?LOW_POWER
            CODE    1F1BH     008CH     UNIT         ?C_C51STARTUP
            CODE    1FA7H     008BH     UNIT         ?PR?PWM_INIT?PWM
            CODE    2032H     0087H     UNIT         ?PR?ADC_IRQHANDLER?ADC
            CODE    20B9H     0082H     UNIT         ?PR?_GET_BATTERY_PERCENTAGE_BY_VOLTAGE?BATTERY_MONITOR
            CODE    213BH     0074H     UNIT         ?PR?_LED_STATUS_SET?LED
            CODE    21AFH     0074H     UNIT         ?CO?BATTERY_MONITOR
            CODE    2223H     0072H     UNIT         ?PR?BATTERY_MONITOR
            CODE    2295H     006FH     UNIT         ?PR?TIMR0_IRQHANDLER?TIMER0
            CODE    2304H     0066H     UNIT         ?PR?ADC_SCAN?ADC
            CODE    236AH     0066H     UNIT         ?PR?SEND_LOW_BAT_TIMER_CALLBACK?BATTERY_MONITOR
            CODE    23D0H     0059H     UNIT         ?PR?UART_RECEIVER_TIMEOUT_HANDLER?UART_DATA_HANDLE
            CODE    2429H     004EH     UNIT         ?PR?LED_INIT?LED
            CODE    2477H     004DH     UNIT         ?PR?MAIN?MAIN
            CODE    24C4H     004CH     UNIT         ?PR?_AD_KEY_VAL_TO_AD_KEY_INDEX?AD_KEY
            CODE    2510H     004BH     UNIT         ?PR?_ADC_CHANNEL_SEL?ADC
            CODE    255BH     004AH     UNIT         ?PR?_AD_KEY_GET_EVENT?AD_KEY
            CODE    25A5H     004AH     UNIT         ?PR?LOW_POWER_OUT?LOW_POWER
            CODE    25EFH     0048H     UNIT         ?PR?TIMR1_IRQHANDLER?TIMER1
            CODE    2637H     0046H     UNIT         ?PR?BAT_VOL_HISTORY_BUFF_GET_AVG?BATTERY_MONITOR
            CODE    267DH     0045H     UNIT         ?PR?_UART_DATA_SEND_CMD?UART_DATA_HANDLE
            CODE    26C2H     0041H     UNIT         ?PR?_UART0_RXBUFFER_PUT_BYTE?UART0
            CODE    2703H     003DH     UNIT         ?PR?_ADC_UPDATE_VAL?ADC
            CODE    2740H     003CH     UNIT         ?PR?UART0_RXBUFFER_GET_BYTE?UART0
            CODE    277CH     003AH     UNIT         ?PR?UART0_INIT?UART0
            CODE    27B6H     0039H     UNIT         ?PR?BAT_VOL_UPDATE_TIMER_CALLBACK?BATTERY_MONITOR
            CODE    27EFH     0037H     UNIT         ?PR?UART_DATA_HANDLE
            CODE    2826H     0036H     UNIT         ?PR?UART_RECEIVER_PROCESS_CHECKSUM?UART_DATA_HANDLE
            CODE    285CH     0034H     UNIT         ?PR?UART0_IRQHANDLER?UART0
            CODE    2890H     0033H     UNIT         ?PR?AD_KEY_GET_KEY_VAL?AD_KEY
            CODE    28C3H     0033H     UNIT         ?PR?LOW_POWER_ENTER_TIMER_CALLBACK?LOW_POWER
            CODE    28F6H     002EH     UNIT         ?PR?_ADC_GET_VAL?ADC
            CODE    2924H     002EH     UNIT         ?PR?ADC
            CODE    2952H     002DH     UNIT         ?PR?USER_INIT?MAIN
            CODE    297FH     002BH     UNIT         ?PR?BAT_VOL_BUFF_GET_AVG_TIMER_CALLBACK?BATTERY_MONITOR
            CODE    29AAH     002BH     UNIT         ?PR?CHARGE_DET
            CODE    29D5H     002AH     UNIT         ?PR?LED_STATUS_SWITCH?LED
            CODE    29FFH     002AH     UNIT         ?PR?BAT_VOL_BUFF_ADD_TIMER_CALLBACK?BATTERY_MONITOR
            CODE    2A29H     0029H     UNIT         ?CO?BLUETOOTH_IC_HANDLE
            CODE    2A52H     0025H     UNIT         ?PR?_ADC_GET_UPDATE_FLAG?ADC
            CODE    2A77H     0024H     UNIT         ?PR?IS_LOW_POWER_CONDITION_ESTABLISH?LOW_POWER
            CODE    2A9BH     0023H     UNIT         ?PR?_UART0_SENDBUF?UART0
            CODE    2ABEH     0022H     UNIT         ?PR?ADC_INIT?ADC
            CODE    2AE0H     0022H     UNIT         ?PR?_BAT_VOL_HISTORY_BUFF_ADD?BATTERY_MONITOR
            CODE    2B02H     0021H     UNIT         ?PR?KEY_DRIVER
            CODE    2B23H     0021H     UNIT         ?PR?DEBUG_TIME_ADD?USER_TEST
            CODE    2B44H     001DH     UNIT         ?CO?AD_KEY
            CODE    2B61H     001DH     UNIT         ?PR?BLE_IC_ENABLE?BLUETOOTH_IC_HANDLE
BL51 BANKED LINKER/LOCATER V6.22.4.0                                                  07/08/2026  10:17:33  PAGE 4


            CODE    2B7EH     001BH     UNIT         ?PR?TIMER0_INIT?TIMER0
            CODE    2B99H     001BH     UNIT         ?PR?TIMER1_INIT?TIMER1
            CODE    2BB4H     001AH     UNIT         ?PR?BLUETOOTH_IC_HANDLE_INIT?BLUETOOTH_IC_HANDLE
            CODE    2BCEH     0019H     UNIT         ?PR?CHARGE_DET_INIT?CHARGE_DET
            CODE    2BE7H     0018H     UNIT         ?PR?_DELAY_MS?SYSTEM
            CODE    2BFFH     0018H     UNIT         ?PR?WUT_IRQHANDLER?LOW_POWER
            CODE    2C17H     0017H     UNIT         ?PR?ADC_GET_VAL_ONCE?ADC
            CODE    2C2EH     0017H     UNIT         ?PR?BAT_PERCENT_UPDATE_TIME_ADD?BATTERY_MONITOR
            CODE    2C45H     0016H     UNIT         ?PR?PWM
            CODE    2C5BH     0016H     UNIT         ?PR?_BAT_VOL_HISTORY_BUFF_INIT?BATTERY_MONITOR
            CODE    2C71H     0015H     UNIT         ?PR?BAT_PERCENT_UPDATE_TIME_IS_COMES?BATTERY_MONITOR
            CODE    2C86H     0014H     UNIT         ?PR?LOW_POWER
            CODE    2C9AH     0012H     UNIT         ?PR?ADC_INIT_WHEN_LOW_PWR_OUT?ADC
            CODE    2CACH     0012H     UNIT         ?PR?UART_RECEIVER_RESET?UART_DATA_HANDLE
            CODE    2CBEH     0012H     UNIT         ?PR?USER_DEBUG_PIN_INIT?USER_TEST
            CODE    2CD0H     0011H     UNIT         ?PR?ADC_PIN_INIT?ADC
            CODE    2CE1H     0010H     UNIT         ?PR?_GET_BATTERY_VOLTAGE_BY_ADC?BATTERY_MONITOR
            CODE    2CF1H     0010H     UNIT         ?PR?BLE_IC_DISABLE_POST?BLUETOOTH_IC_HANDLE
            CODE    2D01H     000FH     UNIT         ?PR?AD_KEY
            CODE    2D10H     000FH     UNIT         ?PR?LED_CTL_INIT?LED
            CODE    2D1FH     000EH     UNIT         ?PR?BLE_IC_DISABLE_PRE?BLUETOOTH_IC_HANDLE
            CODE    2D2DH     000DH     UNIT         ?PR?LED_YELLOW_ON?LED
            CODE    2D3AH     000DH     UNIT         ?PR?LED_WHITE_ON?LED
            CODE    2D47H     000BH     UNIT         ?PR?_DELAY?SYSTEM
            CODE    2D52H     000AH     UNIT         ?CO?MAIN
            CODE    2D5CH     0009H     UNIT         ?PR?_PWM_SET_CHANNEL_0_DUTY?PWM
            CODE    2D65H     0009H     UNIT         ?PR?_PWM_SET_CHANNEL_1_DUTY?PWM
            CODE    2D6EH     0009H     UNIT         ?PR?UART0_RXBUFFER_GET_COUNT?UART0
            CODE    2D77H     0008H     UNIT         ?PR?_PUTCHAR?UART0
            CODE    2D7FH     0008H     UNIT         ?PR?_UART0_SENDBYTE?UART0
            CODE    2D87H     0008H     UNIT         ?PR?LED_YELLOW_OFF?LED
            CODE    2D8FH     0008H     UNIT         ?PR?LED_WHITE_OFF?LED
            CODE    2D97H     0008H     UNIT         ?PR?BAT_PERCENT_UPDATE_TIME_RESET?BATTERY_MONITOR
            CODE    2D9FH     0007H     UNIT         ?PR?UART0



OVERLAY MAP OF MODULE:   .\Release\Objects\Demo (?C_STARTUP)


SEGMENT                                             BIT_GROUP          DATA_GROUP          XDATA_GROUP
  +--> CALLED SEGMENT                            START    LENGTH     START    LENGTH     START    LENGTH
--------------------------------------------------------------------------------------------------------
?C_C51STARTUP                                    -----    -----      -----    -----      -----    -----
  +--> ?PR?MAIN?MAIN
  +--> ?C_INITSEG

?PR?MAIN?MAIN                                    -----    -----      -----    -----      -----    -----
  +--> ?PR?SYSTEM_INIT?SYSTEM
  +--> ?PR?USER_INIT?MAIN
  +--> ?PR?_DELAY_MS?SYSTEM
  +--> ?PR?_KEY_DRIVER_SCAN?KEY_DRIVER
  +--> ?PR?AD_KEY_HANDLE?AD_KEY
  +--> ?PR?UART_DATA_HANDLE?UART_DATA_HANDLE
  +--> ?PR?BATTERY_MONITOR_HANDLE?BATTERY_MO...
  +--> ?PR?CHARGE_DET?CHARGE_DET
  +--> ?PR?LOW_POWER_HANDLE?LOW_POWER
BL51 BANKED LINKER/LOCATER V6.22.4.0                                                  07/08/2026  10:17:33  PAGE 5



?PR?SYSTEM_INIT?SYSTEM                           -----    -----      -----    -----      -----    -----
  +--> ?PR?_DELAY?SYSTEM
  +--> ?PR?_DELAY_MS?SYSTEM

?PR?_DELAY_MS?SYSTEM                             -----    -----      -----    -----      -----    -----
  +--> ?PR?_DELAY?SYSTEM

?PR?USER_INIT?MAIN                               -----    -----      -----    -----      -----    -----
  +--> ?PR?ADC_PIN_INIT?ADC
  +--> ?PR?ADC_INIT?ADC
  +--> ?PR?LED_INIT?LED
  +--> ?PR?UART0_INIT?UART0
  +--> ?PR?PWM_INIT?PWM
  +--> ?PR?BLUETOOTH_IC_HANDLE_INIT?BLUETOOT...
  +--> ?PR?UART_RECEIVER_RESET?UART_DATA_HANDLE
  +--> ?PR?LED_CTL_INIT?LED
  +--> ?PR?CHARGE_DET_INIT?CHARGE_DET
  +--> ?PR?TIMER0_INIT?TIMER0
  +--> ?PR?TIMER1_INIT?TIMER1
  +--> ?PR?USER_DEBUG_PIN_INIT?USER_TEST
  +--> ?CO?MAIN
  +--> ?PR?PRINTF?PRINTF

?PR?ADC_INIT?ADC                                 -----    -----      -----    -----      -----    -----
  +--> ?PR?_DELAY_MS?SYSTEM

?PR?LED_INIT?LED                                 -----    -----      -----    -----      -----    -----
  +--> ?PR?LED

?PR?PWM_INIT?PWM                                 -----    -----      -----    -----      -----    -----
  +--> ?PR?PWM

?PR?PRINTF?PRINTF                                0021H.1  0001H.1    000DH    0005H      6239H    0028H
  +--> ?PR?_PUTCHAR?UART0

?PR?_KEY_DRIVER_SCAN?KEY_DRIVER                  -----    -----      -----    -----      6206H    0002H
  +--> ?PR?KEY_DRIVER

?PR?AD_KEY_HANDLE?AD_KEY                         -----    -----      -----    -----      6206H    0001H
  +--> ?PR?_AD_KEY_GET_EVENT?AD_KEY
  +--> ?CO?AD_KEY
  +--> ?PR?PRINTF?PRINTF
  +--> ?PR?LED_STATUS_SWITCH?LED
  +--> ?PR?_UART_DATA_SEND_CMD?UART_DATA_HANDLE
  +--> ?PR?BLE_IC_DISABLE_PRE?BLUETOOTH_IC_H...
  +--> ?PR?BLE_IC_ENABLE?BLUETOOTH_IC_HANDLE

?PR?_AD_KEY_GET_EVENT?AD_KEY                     -----    -----      -----    -----      -----    -----
  +--> ?PR?AD_KEY

?PR?LED_STATUS_SWITCH?LED                        -----    -----      -----    -----      -----    -----
  +--> ?PR?_LED_STATUS_SET?LED

?PR?_LED_STATUS_SET?LED                          -----    -----      -----    -----      6207H    0001H
  +--> ?PR?LED_YELLOW_OFF?LED
  +--> ?PR?LED_WHITE_OFF?LED
BL51 BANKED LINKER/LOCATER V6.22.4.0                                                  07/08/2026  10:17:33  PAGE 6


  +--> ?PR?LED_WHITE_ON?LED
  +--> ?PR?LED_YELLOW_ON?LED

?PR?LED_WHITE_ON?LED                             -----    -----      -----    -----      -----    -----
  +--> ?PR?_PWM_SET_CHANNEL_1_DUTY?PWM

?PR?_PWM_SET_CHANNEL_1_DUTY?PWM                  -----    -----      -----    -----      -----    -----
  +--> ?PR?PWM

?PR?LED_YELLOW_ON?LED                            -----    -----      -----    -----      -----    -----
  +--> ?PR?_PWM_SET_CHANNEL_0_DUTY?PWM

?PR?_PWM_SET_CHANNEL_0_DUTY?PWM                  -----    -----      -----    -----      -----    -----
  +--> ?PR?PWM

?PR?_UART_DATA_SEND_CMD?UART_DATA_HANDLE         -----    -----      -----    -----      6207H    0009H
  +--> ?CO?UART_DATA_HANDLE
  +--> ?PR?_UART0_SENDBUF?UART0

?PR?_UART0_SENDBUF?UART0                         -----    -----      -----    -----      6210H    0003H
  +--> ?PR?_UART0_SENDBYTE?UART0

?PR?BLE_IC_DISABLE_PRE?BLUETOOTH_IC_H...         -----    -----      -----    -----      -----    -----
  +--> ?PR?_UART_DATA_SEND_CMD?UART_DATA_HANDLE
  +--> ?CO?BLUETOOTH_IC_HANDLE
  +--> ?PR?PRINTF?PRINTF

?PR?BLE_IC_ENABLE?BLUETOOTH_IC_HANDLE            -----    -----      -----    -----      -----    -----
  +--> ?PR?_DELAY_MS?SYSTEM
  +--> ?PR?_UART_DATA_SEND_CMD?UART_DATA_HANDLE
  +--> ?CO?BLUETOOTH_IC_HANDLE
  +--> ?PR?PRINTF?PRINTF

?PR?UART_DATA_HANDLE?UART_DATA_HANDLE            -----    -----      -----    -----      6206H    0002H
  +--> ?PR?UART_RECEIVER_RESET?UART_DATA_HANDLE
  +--> ?PR?UART_RECEIVER_TIMEOUT_HANDLER?UAR...
  +--> ?PR?UART0_RXBUFFER_GET_COUNT?UART0
  +--> ?PR?UART0_RXBUFFER_GET_BYTE?UART0
  +--> ?PR?_UART_RECEIVER_PROCESS_BYTE?UART_...
  +--> ?CO?UART_DATA_HANDLE
  +--> ?PR?PRINTF?PRINTF
  +--> ?PR?UART_DATA_HANDLE
  +--> ?PR?BLE_IC_DISABLE_POST?BLUETOOTH_IC_...

?PR?UART_RECEIVER_TIMEOUT_HANDLER?UAR...         -----    -----      -----    -----      6208H    0001H
  +--> ?CO?UART_DATA_HANDLE
  +--> ?PR?UART_DATA_HANDLE
  +--> ?PR?PRINTF?PRINTF
  +--> ?PR?UART_RECEIVER_RESET?UART_DATA_HANDLE

?PR?UART0_RXBUFFER_GET_BYTE?UART0                -----    -----      -----    -----      -----    -----
  +--> ?PR?UART0

?PR?_UART_RECEIVER_PROCESS_BYTE?UART_...         -----    -----      -----    -----      6208H    0001H
  +--> ?PR?UART_DATA_HANDLE
  +--> ?PR?UART_RECEIVER_PROCESS_CHECKSUM?UA...

BL51 BANKED LINKER/LOCATER V6.22.4.0                                                  07/08/2026  10:17:33  PAGE 7


?PR?UART_RECEIVER_PROCESS_CHECKSUM?UA...         -----    -----      -----    -----      -----    -----
  +--> ?PR?UART_DATA_HANDLE
  +--> ?CO?UART_DATA_HANDLE
  +--> ?PR?PRINTF?PRINTF

?PR?BLE_IC_DISABLE_POST?BLUETOOTH_IC_...         -----    -----      -----    -----      -----    -----
  +--> ?CO?BLUETOOTH_IC_HANDLE
  +--> ?PR?PRINTF?PRINTF

?PR?BATTERY_MONITOR_HANDLE?BATTERY_MO...         -----    -----      -----    -----      -----    -----
  +--> ?PR?_BAT_VOL_HISTORY_BUFF_ADD?BATTERY...
  +--> ?PR?BAT_VOL_HISTORY_BUFF_GET_AVG?BATT...
  +--> ?PR?BATTERY_MONITOR
  +--> ?PR?PRINTF?PRINTF
  +--> ?PR?_GET_BATTERY_PERCENTAGE_BY_VOLTAG...
  +--> ?PR?BAT_PERCENT_UPDATE_TIME_IS_COMES?...
  +--> ?PR?BAT_PERCENT_UPDATE_TIME_RESET?BAT...
  +--> ?CO?BATTERY_MONITOR
  +--> ?PR?_LED_STATUS_SET?LED
  +--> ?PR?_UART_DATA_SEND_CMD?UART_DATA_HANDLE
  +--> ?PR?_DELAY_MS?SYSTEM
  +--> ?PR?BLE_IC_DISABLE_PRE?BLUETOOTH_IC_H...
  +--> ?PR?BLE_IC_ENABLE?BLUETOOTH_IC_HANDLE

?PR?_BAT_VOL_HISTORY_BUFF_ADD?BATTERY...         -----    -----      -----    -----      -----    -----
  +--> ?PR?BATTERY_MONITOR

?PR?BATTERY_MONITOR                              -----    -----      -----    -----      -----    -----
  +--> ?CO?BATTERY_MONITOR

?PR?BAT_VOL_HISTORY_BUFF_GET_AVG?BATT...         -----    -----      -----    -----      6206H    0005H
  +--> ?PR?BATTERY_MONITOR

?PR?_GET_BATTERY_PERCENTAGE_BY_VOLTAG...         -----    -----      -----    -----      6239H    0006H
  +--> ?PR?BATTERY_MONITOR

?PR?CHARGE_DET?CHARGE_DET                        -----    -----      -----    -----      6206H    0002H
  +--> ?PR?_ADC_GET_UPDATE_FLAG?ADC
  +--> ?PR?_ADC_CLEAR_UPDATE_FLAG?ADC
  +--> ?PR?_ADC_GET_VAL?ADC
  +--> ?PR?CHARGE_DET

?PR?LOW_POWER_HANDLE?LOW_POWER                   -----    -----      -----    -----      6206H    0005H
  +--> ?PR?LOW_POWER
  +--> ?CO?LOW_POWER
  +--> ?PR?LOW_POWER_IN?LOW_POWER
  +--> ?PR?LOW_POWER_OUT?LOW_POWER
  +--> ?PR?UART0_INIT?UART0
  +--> ?PR?PRINTF?PRINTF
  +--> ?PR?ADC_PIN_INIT?ADC
  +--> ?PR?ADC_INIT_WHEN_LOW_PWR_OUT?ADC
  +--> ?PR?_ADC_CHANNEL_SEL?ADC
  +--> ?PR?_DELAY_MS?SYSTEM
  +--> ?PR?ADC_GET_VAL_ONCE?ADC
  +--> ?PR?_GET_BATTERY_VOLTAGE_BY_ADC?BATTE...
  +--> ?PR?_GET_BATTERY_PERCENTAGE_BY_VOLTAG...
  +--> ?PR?_BAT_VOL_HISTORY_BUFF_INIT?BATTER...
BL51 BANKED LINKER/LOCATER V6.22.4.0                                                  07/08/2026  10:17:33  PAGE 8


  +--> ?PR?USER_INIT?MAIN

?PR?LOW_POWER_IN?LOW_POWER                       -----    -----      -----    -----      -----    -----
  +--> ?PR?_DELAY_MS?SYSTEM

?PR?ADC_GET_VAL_ONCE?ADC                         -----    -----      -----    -----      -----    -----
  +--> ?PR?ADC

?PR?ADC                                          -----    -----      -----    -----      -----    -----
  +--> ?PR?_ADC_CHANNEL_SEL?ADC

?PR?_BAT_VOL_HISTORY_BUFF_INIT?BATTER...         -----    -----      -----    -----      -----    -----
  +--> ?PR?BATTERY_MONITOR

?C_INITSEG                                       -----    -----      -----    -----      -----    -----
  +--> ?PR?AD_KEY_GET_KEY_VAL?AD_KEY

?PR?AD_KEY_GET_KEY_VAL?AD_KEY                    -----    -----      -----    -----      6206H    0001H
  +--> ?PR?_ADC_GET_UPDATE_FLAG?ADC
  +--> ?PR?_ADC_CLEAR_UPDATE_FLAG?ADC
  +--> ?PR?_ADC_GET_VAL?ADC
  +--> ?PR?_AD_KEY_VAL_TO_AD_KEY_INDEX?AD_KEY

?PR?_AD_KEY_VAL_TO_AD_KEY_INDEX?AD_KEY           -----    -----      -----    -----      6207H    0002H

*** NEW ROOT ***************************************************

?PR?ADC_IRQHANDLER?ADC                           -----    -----      -----    -----      6233H    0002H
  +--> ?PR?ADC
  +--> ?PR?_ADC_UPDATE_VAL?ADC
  +--> ?PR?BATTERY_VOLTAGE_UPDATE_BY_ISR?BAT...

?PR?BATTERY_VOLTAGE_UPDATE_BY_ISR?BAT...         -----    -----      -----    -----      6235H    0004H
  +--> ?PR?_ADC_GET_UPDATE_FLAG?ADC
  +--> ?PR?_ADC_CLEAR_UPDATE_FLAG?ADC
  +--> ?PR?_ADC_GET_VAL?ADC
  +--> ?PR?_GET_BATTERY_VOLTAGE_BY_ADC?BATTE...
  +--> ?PR?BATTERY_MONITOR
  +--> ?PR?_BAT_VOL_HISTORY_BUFF_INIT?BATTER...
  +--> ?PR?_GET_BATTERY_PERCENTAGE_BY_VOLTAG...
  +--> ?CO?BATTERY_MONITOR
  +--> ?PR?PRINTF?PRINTF

*** NEW ROOT ***************************************************

?PR?TIMR0_IRQHANDLER?TIMER0                      -----    -----      -----    -----      -----    -----
  +--> ?PR?ADC_SCAN?ADC
  +--> ?PR?CHARGE_DET_TIME_ADD?CHARGE_DET
  +--> ?PR?UART_RECEIVER_TIMEOUT_ADD?UART_DA...
  +--> ?PR?BAT_VOL_UPDATE_TIMER_CALLBACK?BAT...
  +--> ?PR?BAT_VOL_BUFF_ADD_TIMER_CALLBACK?B...
  +--> ?PR?BAT_VOL_BUFF_GET_AVG_TIMER_CALLBA...
  +--> ?PR?LED_SLOW_ADJUST_ISR?LED
  +--> ?PR?LED_RED_BLUE_FLASH_1MS_ISR?LED
  +--> ?PR?LED_BAT_INSTRUCTION_TIMER_CALLBAC...
  +--> ?PR?LOW_POWER_ENTER_TIMER_CALLBACK?LO...
  +--> ?PR?SEND_LOW_BAT_TIMER_CALLBACK?BATTE...
BL51 BANKED LINKER/LOCATER V6.22.4.0                                                  07/08/2026  10:17:33  PAGE 9


  +--> ?PR?BAT_PERCENT_UPDATE_TIME_ADD?BATTE...
  +--> ?PR?DEBUG_TIME_ADD?USER_TEST

?PR?ADC_SCAN?ADC                                 -----    -----      -----    -----      -----    -----
  +--> ?PR?ADC

?PR?BAT_VOL_BUFF_ADD_TIMER_CALLBACK?B...         -----    -----      -----    -----      -----    -----
  +--> ?PR?BATTERY_MONITOR

?PR?BAT_VOL_BUFF_GET_AVG_TIMER_CALLBA...         -----    -----      -----    -----      -----    -----
  +--> ?PR?BATTERY_MONITOR

?PR?LED_SLOW_ADJUST_ISR?LED                      -----    -----      -----    -----      -----    -----
  +--> ?PR?LED
  +--> ?PR?_PWM_SET_CHANNEL_0_DUTY?PWM
  +--> ?PR?_PWM_SET_CHANNEL_1_DUTY?PWM

?PR?LED_RED_BLUE_FLASH_1MS_ISR?LED               -----    -----      -----    -----      6261H    0002H
  +--> ?PR?LED

?PR?LED_BAT_INSTRUCTION_TIMER_CALLBAC...         -----    -----      -----    -----      -----    -----
  +--> ?PR?LED

?PR?LOW_POWER_ENTER_TIMER_CALLBACK?LO...         -----    -----      -----    -----      -----    -----
  +--> ?PR?IS_LOW_POWER_CONDITION_ESTABLISH?...
  +--> ?PR?LOW_POWER

?PR?SEND_LOW_BAT_TIMER_CALLBACK?BATTE...         -----    -----      -----    -----      -----    -----
  +--> ?PR?BATTERY_MONITOR

*** NEW ROOT ***************************************************

?PR?TIMR1_IRQHANDLER?TIMER1                      -----    -----      -----    -----      -----    -----
  +--> ?PR?DETECT_1KHZ_SIGNAL_100US?CHARGE_DET
  +--> ?PR?DETECT_DISCHARGE_1KHZ_SIGNAL_100U...

?PR?DETECT_1KHZ_SIGNAL_100US?CHARGE_DET          -----    -----      -----    -----      6263H    0001H
  +--> ?PR?CHARGE_DET

?PR?DETECT_DISCHARGE_1KHZ_SIGNAL_100U...         -----    -----      -----    -----      6263H    0001H
  +--> ?PR?CHARGE_DET

*** NEW ROOT ***************************************************

?PR?UART0_IRQHANDLER?UART0                       -----    -----      -----    -----      6264H    0001H
  +--> ?PR?_UART0_RXBUFFER_PUT_BYTE?UART0

?PR?_UART0_RXBUFFER_PUT_BYTE?UART0               -----    -----      -----    -----      -----    -----
  +--> ?PR?UART0



SYMBOL TABLE OF MODULE:  .\Release\Objects\Demo (?C_STARTUP)

  VALUE           TYPE          NAME
  ----------------------------------

BL51 BANKED LINKER/LOCATER V6.22.4.0                                                  07/08/2026  10:17:33  PAGE 10


  -------         MODULE        ?C_STARTUP
  C:1F1BH         SEGMENT       ?C_C51STARTUP
  I:0023H         SEGMENT       ?STACK
  C:0000H         PUBLIC        ?C_STARTUP
  D:00E0H         SYMBOL        ACC
  D:00F0H         SYMBOL        B
  D:0083H         SYMBOL        DPH
  D:0082H         SYMBOL        DPL
  N:0000H         SYMBOL        IBPSTACK
  N:0100H         SYMBOL        IBPSTACKTOP
  N:0080H         SYMBOL        IDATALEN
  C:1F1EH         SYMBOL        IDATALOOP
  N:0000H         SYMBOL        PBPSTACK
  N:0100H         SYMBOL        PBPSTACKTOP
  N:0000H         SYMBOL        PDATALEN
  N:0000H         SYMBOL        PDATASTART
  N:0000H         SYMBOL        PPAGE
  N:0000H         SYMBOL        PPAGEENABLE
  D:00A0H         SYMBOL        PPAGE_SFR
  D:0081H         SYMBOL        SP
  C:1F1BH         SYMBOL        STARTUP1
  N:0000H         SYMBOL        XBPSTACK
  N:0000H         SYMBOL        XBPSTACKTOP
  N:0000H         SYMBOL        XDATALEN
  N:0000H         SYMBOL        XDATASTART
  C:0000H         LINE#         126
  C:1F1BH         LINE#         133
  C:1F1DH         LINE#         134
  C:1F1EH         LINE#         135
  C:1F1FH         LINE#         136
  C:1F21H         LINE#         185
  C:1F24H         LINE#         196
  -------         ENDMOD        ?C_STARTUP

  -------         MODULE        SYSTEM
  C:0000H         SYMBOL        _ICE_DUMMY_
  D:00A7H         PUBLIC        FLASH_TIMEREG0
  D:00ACH         PUBLIC        FLASH_TIMEREG1
  C:2D47H         PUBLIC        _delay
  C:2BE7H         PUBLIC        _delay_ms
  C:1AF9H         PUBLIC        system_init
  -------         PROC          _DELAY
  D:0006H         SYMBOL        cnt
  C:2D47H         LINE#         37
  C:2D47H         LINE#         38
  C:2D47H         LINE#         39
  C:2D51H         LINE#         40
  C:2D51H         LINE#         41
  C:2D51H         LINE#         42
  -------         ENDPROC       _DELAY
  -------         PROC          _DELAY_MS
  D:0002H         SYMBOL        ms
  C:2BE7H         LINE#         49
  C:2BEBH         LINE#         50
  C:2BEBH         LINE#         51
  C:2BF5H         LINE#         52
  C:2BF5H         LINE#         53
BL51 BANKED LINKER/LOCATER V6.22.4.0                                                  07/08/2026  10:17:33  PAGE 11


  C:2BFCH         LINE#         54
  C:2BFEH         LINE#         55
  -------         ENDPROC       _DELAY_MS
  -------         PROC          SYSTEM_INIT
  -------         DO            
  D:0007H         SYMBOL        i
  -------         ENDDO         
  C:1AF9H         LINE#         62
  C:1AF9H         LINE#         63
  C:1AF9H         LINE#         66
  C:1B00H         LINE#         67
  C:1B0DH         LINE#         68
  C:1B10H         LINE#         69
  C:1B13H         LINE#         70
  C:1B19H         LINE#         71
  C:1B1FH         LINE#         72
  C:1B25H         LINE#         76
  C:1B27H         LINE#         77
  C:1B27H         LINE#         78
  C:1B34H         LINE#         79
  C:1B39H         LINE#         81
  C:1BC7H         LINE#         82
  -------         ENDPROC       SYSTEM_INIT
  -------         ENDMOD        SYSTEM

  -------         MODULE        ADC
  C:0000H         SYMBOL        _ICE_DUMMY_
  D:00A8H         PUBLIC        IE0
  D:00A9H         PUBLIC        IE1
  D:00AAH         PUBLIC        IE2
  D:00ABH         PUBLIC        IE3
  B:00A8H.7       PUBLIC        IE_EA
  D:00B8H         PUBLIC        IP0
  D:00B1H         PUBLIC        IP1
  D:00B2H         PUBLIC        IP2
  D:00B3H         PUBLIC        IP3
  D:00B4H         PUBLIC        IP4
  D:00B5H         PUBLIC        IP5
  D:00B6H         PUBLIC        IP6
  D:00B7H         PUBLIC        IP7
  D:0093H         PUBLIC        ADC_DATAH0
  D:0094H         PUBLIC        ADC_DATAL0
  D:0099H         PUBLIC        ADC_CHS0
  X:6325H         PUBLIC        cur_adc_status
  C:2CD0H         PUBLIC        adc_pin_init
  C:2ABEH         PUBLIC        adc_init
  C:2304H         PUBLIC        adc_scan
  C:2C9AH         PUBLIC        adc_init_when_low_pwr_out
  C:2703H         PUBLIC        _adc_update_val
  C:28F6H         PUBLIC        _adc_get_val
  C:2A52H         PUBLIC        _adc_get_update_flag
  C:0024H         PUBLIC        _adc_clear_update_flag
  C:2510H         PUBLIC        _adc_channel_sel
  C:2C17H         PUBLIC        adc_get_val_once
  X:6326H         SYMBOL        adc_adkey_val
  B:0022H.2       SYMBOL        flag_is_adkey_val_update
  X:6328H         SYMBOL        adc_bat_det_val
BL51 BANKED LINKER/LOCATER V6.22.4.0                                                  07/08/2026  10:17:33  PAGE 12


  B:0022H.3       SYMBOL        flag_is_adc_bat_det_val_update
  X:632AH         SYMBOL        adc_solar_det_val
  B:0022H.4       SYMBOL        flag_is_adc_solar_det_val_update
  X:632CH         SYMBOL        adc_type_c_det_val
  B:0022H.5       SYMBOL        flag_is_adc_type_c_det_val_update
  C:2032H         PUBLIC        ADC_IRQHandler
  C:2924H         SYMBOL        Com0067
  C:2924H         SYMBOL        L?0104
  C:2924H         SYMBOL        L?0105
  C:292EH         SYMBOL        L?0106
  C:292EH         SYMBOL        L?0107
  C:2937H         SYMBOL        L?0108
  C:2937H         SYMBOL        L?0109
  C:293EH         SYMBOL        L?0110
  C:2948H         SYMBOL        L?0111
  -------         PROC          COM0067
  -------         ENDPROC       COM0067
  -------         PROC          ADC_PIN_INIT
  C:2CD0H         LINE#         22
  C:2CD0H         LINE#         23
  C:2CD0H         LINE#         25
  C:2CD6H         LINE#         28
  C:2CDCH         LINE#         31
  C:2CE0H         LINE#         32
  -------         ENDPROC       ADC_PIN_INIT
  -------         PROC          ADC_INIT
  C:2ABEH         LINE#         34
  C:2ABEH         LINE#         35
  C:2ABEH         LINE#         36
  C:2AC3H         LINE#         38
  C:2AC9H         LINE#         42
  C:2ACCH         LINE#         43
  C:2ACEH         LINE#         45
  C:2AD4H         LINE#         47
  C:2AD9H         LINE#         50
  -------         ENDPROC       ADC_INIT
  -------         PROC          _ADC_UPDATE_VAL
  D:0007H         SYMBOL        adc_channel
  D:0004H         SYMBOL        adc_val
  C:2703H         LINE#         59
  C:2703H         LINE#         60
  C:2703H         LINE#         61
  C:2712H         LINE#         62
  C:2712H         LINE#         63
  C:2712H         LINE#         64
  C:271AH         LINE#         65
  C:271CH         LINE#         66
  C:271DH         LINE#         67
  C:271DH         LINE#         68
  C:2725H         LINE#         69
  C:2727H         LINE#         70
  C:2728H         LINE#         71
  C:2728H         LINE#         72
  C:2730H         LINE#         73
  C:2732H         LINE#         74
  C:2733H         LINE#         75
  C:2733H         LINE#         76
BL51 BANKED LINKER/LOCATER V6.22.4.0                                                  07/08/2026  10:17:33  PAGE 13


  C:273DH         LINE#         77
  C:273FH         LINE#         78
  C:273FH         LINE#         79
  C:273FH         LINE#         80
  -------         ENDPROC       _ADC_UPDATE_VAL
  -------         PROC          _ADC_GET_VAL
  D:0007H         SYMBOL        adc_channel
  -------         DO            
  D:0004H         SYMBOL        ret
  -------         ENDDO         
  C:28F6H         LINE#         82
  C:28F6H         LINE#         83
  C:28F6H         LINE#         84
  C:28F9H         LINE#         85
  C:2908H         LINE#         86
  C:2908H         LINE#         87
  C:2908H         LINE#         88
  C:290BH         LINE#         89
  C:290DH         LINE#         90
  C:290DH         LINE#         91
  C:2910H         LINE#         92
  C:2912H         LINE#         93
  C:2912H         LINE#         94
  C:2915H         LINE#         95
  C:2917H         LINE#         96
  C:2917H         LINE#         97
  C:291FH         LINE#         98
  C:291FH         LINE#         100
  C:291FH         LINE#         101
  C:291FH         LINE#         102
  C:291FH         LINE#         104
  C:2923H         LINE#         105
  -------         ENDPROC       _ADC_GET_VAL
  -------         PROC          _ADC_GET_UPDATE_FLAG
  D:0007H         SYMBOL        adc_channel
  -------         DO            
  D:0006H         SYMBOL        ret
  -------         ENDDO         
  C:2A52H         LINE#         108
  C:2A52H         LINE#         109
  C:2A52H         LINE#         110
  C:2A54H         LINE#         111
  C:2A63H         LINE#         112
  C:2A63H         LINE#         113
  C:2A63H         LINE#         114
  C:2A65H         LINE#         115
  C:2A67H         LINE#         116
  C:2A67H         LINE#         117
  C:2A69H         LINE#         118
  C:2A6BH         LINE#         119
  C:2A6BH         LINE#         120
  C:2A6DH         LINE#         121
  C:2A6FH         LINE#         122
  C:2A6FH         LINE#         123
  C:2A74H         LINE#         124
  C:2A74H         LINE#         126
  C:2A74H         LINE#         127
BL51 BANKED LINKER/LOCATER V6.22.4.0                                                  07/08/2026  10:17:33  PAGE 14


  C:2A74H         LINE#         128
  C:2A74H         LINE#         130
  C:2A76H         LINE#         131
  -------         ENDPROC       _ADC_GET_UPDATE_FLAG
  -------         PROC          _ADC_CLEAR_UPDATE_FLAG
  D:0007H         SYMBOL        adc_channel
  C:0024H         LINE#         134
  C:0024H         LINE#         135
  C:0024H         LINE#         136
  C:0033H         LINE#         137
  C:0033H         LINE#         138
  C:0033H         LINE#         139
  C:0035H         LINE#         140
  C:0036H         LINE#         141
  C:0036H         LINE#         142
  C:0038H         LINE#         143
  C:0039H         LINE#         144
  C:0039H         LINE#         145
  C:003BH         LINE#         146
  C:003CH         LINE#         147
  C:003CH         LINE#         148
  C:003EH         LINE#         149
  C:003EH         LINE#         151
  C:003EH         LINE#         152
  C:003EH         LINE#         153
  C:003EH         LINE#         154
  -------         ENDPROC       _ADC_CLEAR_UPDATE_FLAG
  -------         PROC          _ADC_CHANNEL_SEL
  D:0007H         SYMBOL        adc_channel
  C:2510H         LINE#         156
  C:2510H         LINE#         157
  C:2510H         LINE#         158
  C:2517H         LINE#         162
  C:2526H         LINE#         163
  C:2526H         LINE#         164
  C:2526H         LINE#         166
  C:252DH         LINE#         168
  C:2530H         LINE#         169
  C:2532H         LINE#         170
  C:2532H         LINE#         171
  C:2539H         LINE#         174
  C:253CH         LINE#         176
  C:253EH         LINE#         177
  C:253EH         LINE#         181
  C:2545H         LINE#         184
  C:2548H         LINE#         185
  C:254AH         LINE#         187
  C:254AH         LINE#         188
  C:2551H         LINE#         191
  C:2554H         LINE#         192
  C:2554H         LINE#         194
  C:2554H         LINE#         195
  C:2554H         LINE#         196
  C:2554H         LINE#         198
  C:255AH         LINE#         200
  -------         ENDPROC       _ADC_CHANNEL_SEL
  -------         PROC          ADC_INIT_WHEN_LOW_PWR_OUT
BL51 BANKED LINKER/LOCATER V6.22.4.0                                                  07/08/2026  10:17:33  PAGE 15


  C:2C9AH         LINE#         203
  C:2C9AH         LINE#         204
  C:2C9AH         LINE#         205
  C:2CA0H         LINE#         208
  C:2CA6H         LINE#         209
  C:2CABH         LINE#         211
  -------         ENDPROC       ADC_INIT_WHEN_LOW_PWR_OUT
  -------         PROC          ADC_GET_VAL_ONCE
  C:2C17H         LINE#         214
  C:2C17H         LINE#         215
  C:2C17H         LINE#         216
  C:2C1DH         LINE#         217
  C:2C23H         LINE#         219
  C:2C25H         LINE#         220
  C:2C2DH         LINE#         221
  -------         ENDPROC       ADC_GET_VAL_ONCE
  -------         PROC          ADC_SCAN
  C:2304H         LINE#         224
  C:2304H         LINE#         225
  C:2304H         LINE#         227
  C:232AH         LINE#         228
  C:232AH         LINE#         229
  C:232AH         LINE#         231
  C:232AH         LINE#         232
  C:232CH         LINE#         233
  C:2332H         LINE#         234
  C:2333H         LINE#         235
  C:2333H         LINE#         237
  C:2333H         LINE#         238
  C:2339H         LINE#         239
  C:233AH         LINE#         240
  C:233AH         LINE#         241
  C:233CH         LINE#         242
  C:2342H         LINE#         243
  C:2343H         LINE#         244
  C:2343H         LINE#         249
  C:2343H         LINE#         250
  C:2349H         LINE#         251
  C:234AH         LINE#         252
  C:234AH         LINE#         253
  C:234CH         LINE#         254
  C:2352H         LINE#         255
  C:2353H         LINE#         256
  C:2353H         LINE#         257
  C:2353H         LINE#         258
  C:2359H         LINE#         259
  C:235AH         LINE#         260
  C:235AH         LINE#         261
  C:235CH         LINE#         262
  C:2362H         LINE#         263
  C:2363H         LINE#         264
  C:2363H         LINE#         265
  C:2363H         LINE#         266
  C:2369H         LINE#         267
  C:2369H         LINE#         269
  C:2369H         LINE#         270
  C:2369H         LINE#         271
BL51 BANKED LINKER/LOCATER V6.22.4.0                                                  07/08/2026  10:17:33  PAGE 16


  C:2369H         LINE#         272
  -------         ENDPROC       ADC_SCAN
  -------         PROC          ADC_IRQHANDLER
  -------         DO            
  X:6233H         SYMBOL        adc_val
  -------         ENDDO         
  C:2032H         LINE#         274
  C:204FH         LINE#         279
  C:204FH         LINE#         283
  C:2055H         LINE#         284
  C:2055H         LINE#         285
  C:2058H         LINE#         286
  C:2067H         LINE#         288
  C:207BH         LINE#         289
  C:207BH         LINE#         290
  C:207BH         LINE#         291
  C:2080H         LINE#         292
  C:2082H         LINE#         293
  C:2082H         LINE#         294
  C:208AH         LINE#         299
  C:208DH         LINE#         300
  C:208FH         LINE#         301
  C:208FH         LINE#         302
  C:2094H         LINE#         303
  C:2096H         LINE#         304
  C:2096H         LINE#         305
  C:209EH         LINE#         306
  C:209EH         LINE#         308
  C:209EH         LINE#         309
  C:209EH         LINE#         310
  C:209EH         LINE#         311
  C:209EH         LINE#         314
  C:209EH         LINE#         315
  -------         ENDPROC       ADC_IRQHANDLER
  -------         ENDMOD        ADC

  -------         MODULE        PWM
  C:0000H         SYMBOL        _ICE_DUMMY_
  B:00A0H.7       PUBLIC        P27
  B:00B0H.0       PUBLIC        P30
  C:1FA7H         PUBLIC        pwm_init
  C:2D5CH         PUBLIC        _pwm_set_channel_0_duty
  C:2D65H         PUBLIC        _pwm_set_channel_1_duty
  C:2C45H         SYMBOL        Com0004
  C:2C45H         SYMBOL        L?0005
  C:2C50H         SYMBOL        L?0006
  -------         PROC          COM0004
  -------         ENDPROC       COM0004
  -------         PROC          PWM_INIT
  C:1FA7H         LINE#         3
  C:1FA7H         LINE#         4
  C:1FA7H         LINE#         6
  C:1FADH         LINE#         7
  C:1FB1H         LINE#         9
  C:1FB3H         LINE#         10
  C:1FB8H         LINE#         13
  C:1FBEH         LINE#         14
BL51 BANKED LINKER/LOCATER V6.22.4.0                                                  07/08/2026  10:17:33  PAGE 17


  C:1FC2H         LINE#         16
  C:1FC4H         LINE#         17
  C:1FC9H         LINE#         21
  C:1FCFH         LINE#         22
  C:1FD4H         LINE#         23
  C:1FD9H         LINE#         24
  C:1FDDH         LINE#         25
  C:1FDFH         LINE#         26
  C:1FDFH         LINE#         27
  C:1FDFH         LINE#         29
  C:1FE5H         LINE#         30
  C:1FEBH         LINE#         31
  C:1FF1H         LINE#         32
  C:1FF7H         LINE#         33
  C:1FFDH         LINE#         37
  C:2003H         LINE#         38
  C:2008H         LINE#         39
  C:200DH         LINE#         40
  C:2011H         LINE#         41
  C:2013H         LINE#         42
  C:2013H         LINE#         43
  C:2013H         LINE#         45
  C:2019H         LINE#         46
  C:201FH         LINE#         47
  C:2025H         LINE#         48
  C:202BH         LINE#         49
  C:2031H         LINE#         50
  -------         ENDPROC       PWM_INIT
  -------         PROC          _PWM_SET_CHANNEL_0_DUTY
  D:0004H         SYMBOL        channel_duty
  C:2D5CH         LINE#         53
  C:2D5CH         LINE#         54
  C:2D5CH         LINE#         55
  C:2D5EH         LINE#         56
  C:2D5EH         LINE#         57
  C:2D64H         LINE#         58
  -------         ENDPROC       _PWM_SET_CHANNEL_0_DUTY
  -------         PROC          _PWM_SET_CHANNEL_1_DUTY
  D:0004H         SYMBOL        channel_duty
  C:2D65H         LINE#         61
  C:2D65H         LINE#         62
  C:2D65H         LINE#         63
  C:2D67H         LINE#         64
  C:2D67H         LINE#         65
  C:2D6DH         LINE#         66
  -------         ENDPROC       _PWM_SET_CHANNEL_1_DUTY
  -------         ENDMOD        PWM

  -------         MODULE        TIMER0
  C:0000H         SYMBOL        _ICE_DUMMY_
  D:00A8H         PUBLIC        IE0
  D:00A9H         PUBLIC        IE1
  D:00AAH         PUBLIC        IE2
  D:00ABH         PUBLIC        IE3
  B:00A8H.7       PUBLIC        IE_EA
  D:00B8H         PUBLIC        IP0
  D:00B1H         PUBLIC        IP1
BL51 BANKED LINKER/LOCATER V6.22.4.0                                                  07/08/2026  10:17:33  PAGE 18


  D:00B2H         PUBLIC        IP2
  D:00B3H         PUBLIC        IP3
  D:00B4H         PUBLIC        IP4
  D:00B5H         PUBLIC        IP5
  D:00B6H         PUBLIC        IP6
  D:00B7H         PUBLIC        IP7
  D:00D1H         PUBLIC        TMR_ALLCON
  C:2B7EH         PUBLIC        timer0_init
  C:2295H         PUBLIC        TIMR0_IRQHandler
  -------         PROC          TIMER0_INIT
  C:2B7EH         LINE#         10
  C:2B7EH         LINE#         11
  C:2B7EH         LINE#         12
  C:2B81H         LINE#         13
  C:2B83H         LINE#         15
  C:2B86H         LINE#         16
  C:2B8BH         LINE#         17
  C:2B8FH         LINE#         18
  C:2B94H         LINE#         19
  C:2B98H         LINE#         20
  -------         ENDPROC       TIMER0_INIT
  -------         PROC          TIMR0_IRQHANDLER
  C:2295H         LINE#         24
  C:22B2H         LINE#         27
  C:22B2H         LINE#         32
  C:22B8H         LINE#         33
  C:22B8H         LINE#         34
  C:22BCH         LINE#         40
  C:22C2H         LINE#         41
  C:22C5H         LINE#         43
  C:22C8H         LINE#         44
  C:22CBH         LINE#         46
  C:22CEH         LINE#         47
  C:22D1H         LINE#         48
  C:22D4H         LINE#         50
  C:22D7H         LINE#         51
  C:22DAH         LINE#         52
  C:22DDH         LINE#         54
  C:22E0H         LINE#         55
  C:22E3H         LINE#         57
  C:22E6H         LINE#         60
  C:22E9H         LINE#         63
  C:22E9H         LINE#         66
  C:22E9H         LINE#         67
  -------         ENDPROC       TIMR0_IRQHANDLER
  -------         ENDMOD        TIMER0

  -------         MODULE        TIMER1
  C:0000H         SYMBOL        _ICE_DUMMY_
  D:00A8H         PUBLIC        IE0
  D:00A9H         PUBLIC        IE1
  D:00AAH         PUBLIC        IE2
  D:00ABH         PUBLIC        IE3
  B:00A8H.7       PUBLIC        IE_EA
  D:00B8H         PUBLIC        IP0
  D:00B1H         PUBLIC        IP1
  D:00B2H         PUBLIC        IP2
BL51 BANKED LINKER/LOCATER V6.22.4.0                                                  07/08/2026  10:17:33  PAGE 19


  D:00B3H         PUBLIC        IP3
  D:00B4H         PUBLIC        IP4
  D:00B5H         PUBLIC        IP5
  D:00B6H         PUBLIC        IP6
  D:00B7H         PUBLIC        IP7
  D:00D1H         PUBLIC        TMR_ALLCON
  C:2B99H         PUBLIC        timer1_init
  C:25EFH         PUBLIC        TIMR1_IRQHandler
  -------         PROC          TIMER1_INIT
  C:2B99H         LINE#         9
  C:2B99H         LINE#         10
  C:2B99H         LINE#         12
  C:2B9CH         LINE#         13
  C:2B9EH         LINE#         15
  C:2BA1H         LINE#         16
  C:2BA6H         LINE#         17
  C:2BAAH         LINE#         18
  C:2BAFH         LINE#         19
  C:2BB3H         LINE#         23
  -------         ENDPROC       TIMER1_INIT
  -------         PROC          TIMR1_IRQHANDLER
  C:25EFH         LINE#         27
  C:260CH         LINE#         30
  C:260CH         LINE#         34
  C:2612H         LINE#         35
  C:2612H         LINE#         36
  C:2616H         LINE#         39
  C:2619H         LINE#         40
  C:261CH         LINE#         41
  C:261CH         LINE#         44
  C:261CH         LINE#         45
  -------         ENDPROC       TIMR1_IRQHANDLER
  -------         ENDMOD        TIMER1

  -------         MODULE        UART0
  C:0000H         SYMBOL        _ICE_DUMMY_
  D:00A8H         PUBLIC        IE0
  D:00A9H         PUBLIC        IE1
  D:00AAH         PUBLIC        IE2
  D:00ABH         PUBLIC        IE3
  B:00A8H.7       PUBLIC        IE_EA
  D:00B8H         PUBLIC        IP0
  D:00B1H         PUBLIC        IP1
  D:00B2H         PUBLIC        IP2
  D:00B3H         PUBLIC        IP3
  D:00B4H         PUBLIC        IP4
  D:00B5H         PUBLIC        IP5
  D:00B6H         PUBLIC        IP6
  D:00B7H         PUBLIC        IP7
  D:00D2H         PUBLIC        UART0_CON0
  D:00D4H         PUBLIC        UART0_STA
  D:00D5H         PUBLIC        UART0_BAUD0
  D:00D6H         PUBLIC        UART0_BAUD1
  D:00D7H         PUBLIC        UART0_DATA
  C:277CH         PUBLIC        uart0_init
  C:2D7FH         PUBLIC        _uart0_sendbyte
  C:2A9BH         PUBLIC        _uart0_sendbuf
BL51 BANKED LINKER/LOCATER V6.22.4.0                                                  07/08/2026  10:17:33  PAGE 20


  C:2D6EH         PUBLIC        uart0_rxbuffer_get_count
  C:2740H         PUBLIC        uart0_rxbuffer_get_byte
  C:2D77H         PUBLIC        _putchar
  X:6000H         PUBLIC        uart0_rx_buffer
  C:26C2H         SYMBOL        _uart0_rxbuffer_put_byte
  C:285CH         PUBLIC        UART0_IRQHandler
  C:2D9FH         SYMBOL        Com004A
  C:2D9FH         SYMBOL        L?0075
  C:2D9FH         SYMBOL        L?0076
  -------         PROC          COM004A
  -------         ENDPROC       COM004A
  -------         PROC          _PUTCHAR
  D:0007H         SYMBOL        c
  C:2D77H         LINE#         8
  C:2D77H         LINE#         9
  C:2D77H         LINE#         10
  C:2D7CH         LINE#         12
  C:2D7EH         LINE#         13
  C:2D7EH         LINE#         14
  -------         ENDPROC       _PUTCHAR
  -------         PROC          UART0_INIT
  C:277CH         LINE#         17
  C:277CH         LINE#         18
  C:277CH         LINE#         19
  C:2782H         LINE#         20
  C:2786H         LINE#         21
  C:278DH         LINE#         23
  C:2793H         LINE#         24
  C:2799H         LINE#         25
  C:279FH         LINE#         27
  C:27A2H         LINE#         28
  C:27A5H         LINE#         29
  C:27A8H         LINE#         33
  C:27B0H         LINE#         34
  C:27B3H         LINE#         35
  C:27B5H         LINE#         36
  -------         ENDPROC       UART0_INIT
  -------         PROC          _UART0_SENDBYTE
  D:0007H         SYMBOL        byte
  C:2D7FH         LINE#         39
  C:2D7FH         LINE#         40
  C:2D7FH         LINE#         41
  C:2D84H         LINE#         44
  C:2D86H         LINE#         48
  -------         ENDPROC       _UART0_SENDBYTE
  -------         PROC          _UART0_SENDBUF
  X:6210H         SYMBOL        buf
  D:0005H         SYMBOL        len
  -------         DO            
  D:0006H         SYMBOL        i
  -------         ENDDO         
  C:2A9BH         LINE#         50
  C:2AA1H         LINE#         51
  C:2AA1H         LINE#         52
  C:2AA3H         LINE#         53
  C:2AA8H         LINE#         54
  C:2AA8H         LINE#         55
BL51 BANKED LINKER/LOCATER V6.22.4.0                                                  07/08/2026  10:17:33  PAGE 21


  C:2ABAH         LINE#         56
  C:2ABDH         LINE#         57
  -------         ENDPROC       _UART0_SENDBUF
  -------         PROC          UART0_RXBUFFER_GET_COUNT
  C:2D6EH         LINE#         60
  C:2D6EH         LINE#         61
  C:2D6EH         LINE#         62
  C:2D76H         LINE#         63
  -------         ENDPROC       UART0_RXBUFFER_GET_COUNT
  -------         PROC          UART0_RXBUFFER_GET_BYTE
  -------         DO            
  D:0007H         SYMBOL        rxbyte
  -------         ENDDO         
  C:2740H         LINE#         66
  C:2740H         LINE#         67
  C:2740H         LINE#         70
  C:274AH         LINE#         71
  C:274AH         LINE#         73
  C:274CH         LINE#         74
  C:274CH         LINE#         80
  C:2752H         LINE#         81
  C:275BH         LINE#         82
  C:275BH         LINE#         83
  C:275FH         LINE#         84
  C:275FH         LINE#         85
  C:2771H         LINE#         87
  C:277BH         LINE#         89
  C:277BH         LINE#         90
  -------         ENDPROC       UART0_RXBUFFER_GET_BYTE
  -------         PROC          _UART0_RXBUFFER_PUT_BYTE
  D:0007H         SYMBOL        byte
  C:26C2H         LINE#         92
  C:26C2H         LINE#         93
  C:26C2H         LINE#         100
  C:26C8H         LINE#         101
  C:26D1H         LINE#         102
  C:26D1H         LINE#         103
  C:26D5H         LINE#         104
  C:26D5H         LINE#         105
  C:26E7H         LINE#         107
  C:26EDH         LINE#         108
  C:26FCH         LINE#         109
  C:26FCH         LINE#         110
  C:2702H         LINE#         111
  C:2702H         LINE#         112
  -------         ENDPROC       _UART0_RXBUFFER_PUT_BYTE
  -------         PROC          UART0_IRQHANDLER
  -------         DO            
  X:6264H         SYMBOL        recv_byte
  -------         ENDDO         
  C:285CH         LINE#         115
  C:286FH         LINE#         118
  C:286FH         LINE#         121
  C:2874H         LINE#         122
  C:2874H         LINE#         123
  C:287AH         LINE#         124
  C:287FH         LINE#         127
BL51 BANKED LINKER/LOCATER V6.22.4.0                                                  07/08/2026  10:17:33  PAGE 22


  C:287FH         LINE#         129
  C:287FH         LINE#         130
  -------         ENDPROC       UART0_IRQHANDLER
  -------         ENDMOD        UART0

  -------         MODULE        MAIN
  C:0000H         SYMBOL        _ICE_DUMMY_
  D:00D9H         PUBLIC        WDT_KEY
  C:2952H         PUBLIC        user_init
  C:2477H         PUBLIC        main
  -------         PROC          USER_INIT
  C:2952H         LINE#         103
  C:2952H         LINE#         104
  C:2952H         LINE#         105
  C:2955H         LINE#         106
  C:2958H         LINE#         107
  C:295BH         LINE#         108
  C:295EH         LINE#         109
  C:2961H         LINE#         110
  C:2964H         LINE#         112
  C:2967H         LINE#         113
  C:296AH         LINE#         114
  C:296DH         LINE#         117
  C:2970H         LINE#         118
  C:2973H         LINE#         121
  C:2976H         LINE#         123
  -------         ENDPROC       USER_INIT
  -------         PROC          MAIN
  C:2477H         LINE#         126
  C:2477H         LINE#         127
  C:2477H         LINE#         129
  C:247AH         LINE#         130
  C:247DH         LINE#         133
  C:2480H         LINE#         134
  C:2487H         LINE#         135
  C:248AH         LINE#         138
  C:248FH         LINE#         139
  C:2491H         LINE#         140
  C:2494H         LINE#         141
  C:2496H         LINE#         142
  C:2499H         LINE#         143
  C:249BH         LINE#         144
  C:249EH         LINE#         145
  C:24A0H         LINE#         147
  C:24A3H         LINE#         148
  C:24AAH         LINE#         150
  C:24AAH         LINE#         151
  C:24AAH         LINE#         152
  C:24B3H         LINE#         153
  C:24B6H         LINE#         155
  C:24B9H         LINE#         157
  C:24BCH         LINE#         159
  C:24BFH         LINE#         161
  C:24C2H         LINE#         166
  -------         ENDPROC       MAIN
  -------         ENDMOD        MAIN

BL51 BANKED LINKER/LOCATER V6.22.4.0                                                  07/08/2026  10:17:33  PAGE 23


  -------         MODULE        UART_DATA_HANDLE
  C:0000H         SYMBOL        _ICE_DUMMY_
  C:2CACH         PUBLIC        uart_receiver_reset
  C:000FH         PUBLIC        uart_receiver_timeout_add
  C:2826H         PUBLIC        uart_receiver_process_checksum
  C:1DE3H         PUBLIC        _uart_receiver_process_byte
  C:23D0H         PUBLIC        uart_receiver_timeout_handler
  C:1C81H         PUBLIC        uart_data_handle
  C:267DH         PUBLIC        _uart_data_send_cmd
  X:62F9H         SYMBOL        uart_receiver
  C:1A17H         SYMBOL        _?ix1000
  C:27EFH         SYMBOL        Com003C
  C:27EFH         SYMBOL        L?0061
  C:27EFH         SYMBOL        L?0062
  C:27F4H         SYMBOL        L?0063
  C:280BH         SYMBOL        L?0064
  C:2810H         SYMBOL        L?0065
  C:2814H         SYMBOL        L?0066
  C:281BH         SYMBOL        L?0067
  -------         PROC          COM003C
  -------         ENDPROC       COM003C
  -------         PROC          UART_RECEIVER_RESET
  C:2CACH         LINE#         13
  C:2CACH         LINE#         14
  C:2CACH         LINE#         16
  C:2CB1H         LINE#         17
  C:2CB5H         LINE#         18
  C:2CB9H         LINE#         19
  C:2CBDH         LINE#         20
  -------         ENDPROC       UART_RECEIVER_RESET
  -------         PROC          UART_RECEIVER_TIMEOUT_ADD
  C:000FH         LINE#         26
  C:000FH         LINE#         27
  C:000FH         LINE#         28
  C:0015H         LINE#         29
  C:0015H         LINE#         30
  C:001DH         LINE#         31
  C:001DH         LINE#         32
  -------         ENDPROC       UART_RECEIVER_TIMEOUT_ADD
  -------         PROC          UART_RECEIVER_PROCESS_CHECKSUM
  -------         DO            
  D:0006H         SYMBOL        i
  D:0007H         SYMBOL        check_sum
  -------         ENDDO         
  C:2826H         LINE#         39
  C:2826H         LINE#         40
  C:2826H         LINE#         42
  C:2828H         LINE#         43
  C:2829H         LINE#         44
  C:2829H         LINE#         45
  C:282FH         LINE#         46
  C:2834H         LINE#         48
  C:283BH         LINE#         49
  C:283BH         LINE#         50
  C:283EH         LINE#         51
  C:283EH         LINE#         53
  C:283EH         LINE#         57
BL51 BANKED LINKER/LOCATER V6.22.4.0                                                  07/08/2026  10:17:33  PAGE 24


  C:2859H         LINE#         60
  C:285BH         LINE#         61
  C:285BH         LINE#         62
  -------         ENDPROC       UART_RECEIVER_PROCESS_CHECKSUM
  -------         PROC          _UART_RECEIVER_PROCESS_BYTE
  X:6208H         SYMBOL        byte
  C:1DE3H         LINE#         71
  C:1DE8H         LINE#         72
  C:1DE8H         LINE#         74
  C:1E0BH         LINE#         75
  C:1E0BH         LINE#         76
  C:1E0BH         LINE#         77
  C:1E13H         LINE#         78
  C:1E13H         LINE#         79
  C:1E13H         LINE#         80
  C:1E18H         LINE#         81
  C:1E1BH         LINE#         82
  C:1E1BH         LINE#         84
  C:1E1BH         LINE#         85
  C:1E1EH         LINE#         86
  C:1E1EH         LINE#         87
  C:1E1EH         LINE#         89
  C:1E1EH         LINE#         90
  C:1E26H         LINE#         91
  C:1E26H         LINE#         92
  C:1E26H         LINE#         93
  C:1E2BH         LINE#         94
  C:1E2EH         LINE#         95
  C:1E2EH         LINE#         97
  C:1E2EH         LINE#         99
  C:1E31H         LINE#         100
  C:1E31H         LINE#         101
  C:1E31H         LINE#         103
  C:1E31H         LINE#         104
  C:1E38H         LINE#         105
  C:1E38H         LINE#         106
  C:1E38H         LINE#         107
  C:1E3DH         LINE#         108
  C:1E40H         LINE#         109
  C:1E40H         LINE#         111
  C:1E40H         LINE#         112
  C:1E43H         LINE#         113
  C:1E43H         LINE#         114
  C:1E43H         LINE#         116
  C:1E43H         LINE#         118
  C:1E43H         LINE#         119
  C:1E48H         LINE#         120
  C:1E4BH         LINE#         121
  C:1E4BH         LINE#         123
  C:1E4BH         LINE#         125
  C:1E4BH         LINE#         126
  C:1E50H         LINE#         127
  C:1E52H         LINE#         128
  C:1E52H         LINE#         130
  C:1E52H         LINE#         131
  C:1E59H         LINE#         132
  C:1E59H         LINE#         133
BL51 BANKED LINKER/LOCATER V6.22.4.0                                                  07/08/2026  10:17:33  PAGE 25


  C:1E59H         LINE#         134
  C:1E5EH         LINE#         135
  C:1E60H         LINE#         136
  C:1E60H         LINE#         138
  C:1E60H         LINE#         139
  C:1E63H         LINE#         140
  C:1E63H         LINE#         141
  C:1E63H         LINE#         143
  C:1E63H         LINE#         145
  C:1E63H         LINE#         146
  C:1E69H         LINE#         147
  C:1E6FH         LINE#         148
  C:1E6FH         LINE#         150
  C:1E72H         LINE#         151
  C:1E72H         LINE#         153
  C:1E72H         LINE#         154
  C:1E75H         LINE#         155
  C:1E75H         LINE#         156
  C:1E75H         LINE#         158
  C:1E75H         LINE#         159
  C:1E7DH         LINE#         160
  C:1E7DH         LINE#         161
  C:1E7DH         LINE#         162
  C:1E83H         LINE#         163
  C:1E86H         LINE#         164
  C:1E86H         LINE#         166
  C:1E86H         LINE#         167
  C:1E89H         LINE#         168
  C:1E89H         LINE#         169
  C:1E89H         LINE#         171
  C:1E89H         LINE#         172
  C:1E89H         LINE#         173
  C:1E89H         LINE#         175
  C:1E8BH         LINE#         176
  -------         ENDPROC       _UART_RECEIVER_PROCESS_BYTE
  -------         PROC          UART_RECEIVER_TIMEOUT_HANDLER
  -------         DO            
  X:6208H         SYMBOL        i
  -------         ENDDO         
  C:23D0H         LINE#         179
  C:23D0H         LINE#         180
  C:23D0H         LINE#         185
  C:23DFH         LINE#         186
  C:23DFH         LINE#         188
  C:23E9H         LINE#         191
  C:23F2H         LINE#         192
  C:2405H         LINE#         193
  C:2405H         LINE#         194
  C:2414H         LINE#         195
  C:241CH         LINE#         196
  C:2425H         LINE#         200
  C:2428H         LINE#         201
  C:2428H         LINE#         202
  -------         ENDPROC       UART_RECEIVER_TIMEOUT_HANDLER
  -------         PROC          UART_DATA_HANDLE
  -------         DO            
  X:6206H         SYMBOL        i
BL51 BANKED LINKER/LOCATER V6.22.4.0                                                  07/08/2026  10:17:33  PAGE 26


  X:6207H         SYMBOL        recv_byte
  X:62F8H         SYMBOL        initialized
  -------         ENDDO         
  C:1C81H         LINE#         203
  C:1C81H         LINE#         204
  C:1C81H         LINE#         212
  C:1C87H         LINE#         213
  C:1C87H         LINE#         214
  C:1C8AH         LINE#         215
  C:1C90H         LINE#         216
  C:1C90H         LINE#         221
  C:1C96H         LINE#         222
  C:1C96H         LINE#         223
  C:1C99H         LINE#         224
  C:1C99H         LINE#         233
  C:1C99H         LINE#         234
  C:1C99H         LINE#         235
  C:1CADH         LINE#         238
  C:1CADH         LINE#         252
  C:1CADH         LINE#         253
  C:1CADH         LINE#         255
  C:1CB5H         LINE#         258
  C:1CBBH         LINE#         259
  C:1CC0H         LINE#         262
  C:1CCBH         LINE#         263
  C:1CCBH         LINE#         267
  C:1CD1H         LINE#         268
  C:1CD1H         LINE#         269
  C:1CDAH         LINE#         270
  C:1CE4H         LINE#         271
  C:1CE4H         LINE#         276
  C:1CE7H         LINE#         277
  C:1CE7H         LINE#         278
  C:1CE9H         LINE#         308
  C:1CF6H         LINE#         310
  C:1CF6H         LINE#         312
  C:1CF6H         LINE#         332
  C:1D06H         LINE#         333
  C:1D06H         LINE#         334
  C:1D06H         LINE#         336
  C:1D0BH         LINE#         337
  C:1D0DH         LINE#         338
  C:1D0DH         LINE#         340
  C:1D13H         LINE#         341
  C:1D15H         LINE#         342
  C:1D15H         LINE#         344
  C:1D1EH         LINE#         350
  C:1D21H         LINE#         351
  C:1D23H         LINE#         353
  C:1D23H         LINE#         355
  C:1D32H         LINE#         357
  C:1D32H         LINE#         358
  C:1D32H         LINE#         361
  C:1D35H         LINE#         362
  -------         ENDPROC       UART_DATA_HANDLE
  -------         PROC          _UART_DATA_SEND_CMD
  X:6207H         SYMBOL        cmd
BL51 BANKED LINKER/LOCATER V6.22.4.0                                                  07/08/2026  10:17:33  PAGE 27


  -------         DO            
  X:6208H         SYMBOL        buf
  -------         ENDDO         
  C:267DH         LINE#         366
  C:2682H         LINE#         367
  C:2682H         LINE#         368
  C:2695H         LINE#         379
  C:269EH         LINE#         380
  C:26B7H         LINE#         382
  -------         ENDPROC       _UART_DATA_SEND_CMD
  -------         ENDMOD        UART_DATA_HANDLE

  -------         MODULE        KEY_DRIVER
  C:0000H         SYMBOL        _ICE_DUMMY_
  C:109BH         PUBLIC        _key_driver_scan
  X:6334H         SYMBOL        is_key_active
  X:6335H         PUBLIC        scan_para
  C:2B02H         SYMBOL        Com0021
  C:2B02H         SYMBOL        L?0034
  C:2B05H         SYMBOL        L?0035
  C:2B06H         SYMBOL        L?0036
  C:2B0CH         SYMBOL        L?0037
  C:2B0FH         SYMBOL        L?0038
  C:2B13H         SYMBOL        L?0039
  C:2B19H         SYMBOL        L?0040
  C:2B1CH         SYMBOL        L?0041
  -------         PROC          COM0021
  -------         ENDPROC       COM0021
  -------         PROC          _KEY_DRIVER_SCAN
  D:0001H         SYMBOL        _scan_para
  -------         DO            
  X:6206H         SYMBOL        key_event
  D:0007H         SYMBOL        cur_key_value
  X:6207H         SYMBOL        key_value
  C:1203H         SYMBOL        _notify
  C:1223H         SYMBOL        _scan_end
  -------         ENDDO         
  C:109BH         LINE#         17
  C:109BH         LINE#         19
  C:109BH         LINE#         24
  C:10A0H         LINE#         25
  C:10A2H         LINE#         26
  C:10A6H         LINE#         30
  C:10ACH         LINE#         33
  C:10BFH         LINE#         34
  C:10BFH         LINE#         36
  C:10BFH         LINE#         38
  C:10C9H         LINE#         40
  C:10D2H         LINE#         46
  C:10D6H         LINE#         47
  C:10D6H         LINE#         48
  C:10DCH         LINE#         49
  C:10DEH         LINE#         50
  C:10E4H         LINE#         51
  C:10E4H         LINE#         52
  C:10E7H         LINE#         53
  C:10E7H         LINE#         56
BL51 BANKED LINKER/LOCATER V6.22.4.0                                                  07/08/2026  10:17:33  PAGE 28


  C:10FBH         LINE#         57
  C:10FBH         LINE#         59
  C:1102H         LINE#         60
  C:1108H         LINE#         62
  C:1108H         LINE#         65
  C:1119H         LINE#         66
  C:1119H         LINE#         67
  C:1124H         LINE#         69
  C:1124H         LINE#         72
  C:1130H         LINE#         73
  C:1130H         LINE#         80
  C:1134H         LINE#         81
  C:1134H         LINE#         82
  C:113BH         LINE#         83
  C:113BH         LINE#         84
  C:113DH         LINE#         85
  C:1143H         LINE#         86
  C:1145H         LINE#         88
  C:1145H         LINE#         91
  C:1145H         LINE#         92
  C:114DH         LINE#         93
  C:114DH         LINE#         94
  C:1150H         LINE#         96
  C:1150H         LINE#         101
  C:1158H         LINE#         102
  C:1164H         LINE#         103
  C:1164H         LINE#         104
  C:1169H         LINE#         105
  C:116DH         LINE#         106
  C:1170H         LINE#         108
  C:1170H         LINE#         109
  C:1176H         LINE#         110
  C:1176H         LINE#         111
  C:1176H         LINE#         113
  C:1178H         LINE#         118
  C:1178H         LINE#         120
  C:1178H         LINE#         125
  C:117CH         LINE#         126
  C:117CH         LINE#         128
  C:118DH         LINE#         129
  C:118DH         LINE#         133
  C:119EH         LINE#         134
  C:119EH         LINE#         154
  C:119EH         LINE#         155
  C:11A0H         LINE#         157
  C:11A0H         LINE#         158
  C:11ADH         LINE#         160
  C:11AFH         LINE#         162
  C:11AFH         LINE#         164
  C:11AFH         LINE#         165
  C:11BAH         LINE#         166
  C:11BDH         LINE#         168
  C:11BDH         LINE#         169
  C:11BDH         LINE#         171
  C:11BDH         LINE#         172
  C:11BDH         LINE#         174
  C:11BDH         LINE#         175
BL51 BANKED LINKER/LOCATER V6.22.4.0                                                  07/08/2026  10:17:33  PAGE 29


  C:11BDH         LINE#         177
  C:11BDH         LINE#         179
  C:11C8H         LINE#         180
  C:11C8H         LINE#         181
  C:11D0H         LINE#         182
  C:11D0H         LINE#         186
  C:11D6H         LINE#         187
  C:11D6H         LINE#         188
  C:11DCH         LINE#         193
  C:11DEH         LINE#         194
  C:11EAH         LINE#         195
  C:11EAH         LINE#         196
  C:11EFH         LINE#         197
  C:11FEH         LINE#         199
  C:11FEH         LINE#         201
  C:11FEH         LINE#         202
  C:11FEH         LINE#         204
  C:11FEH         LINE#         207
  C:1203H         LINE#         208
  C:1203H         LINE#         210
  C:1203H         LINE#         211
  C:1203H         LINE#         213
  C:1203H         LINE#         216
  C:1203H         LINE#         218
  C:1203H         LINE#         219
  C:1207H         LINE#         220
  C:120FH         LINE#         222
  C:1219H         LINE#         223
  C:1223H         LINE#         226
  C:1223H         LINE#         235
  C:1223H         LINE#         237
  C:1223H         LINE#         238
  C:122DH         LINE#         241
  -------         ENDPROC       _KEY_DRIVER_SCAN
  -------         ENDMOD        KEY_DRIVER

  -------         MODULE        AD_KEY
  C:0000H         SYMBOL        _ICE_DUMMY_
  X:6267H         PUBLIC        ad_key_para
  C:1D36H         PUBLIC        ad_key_handle
  X:627AH         SYMBOL        ad_key_scan_table
  X:628AH         SYMBOL        ad_key_event_table
  C:2890H         PUBLIC        ad_key_get_key_val
  C:24C4H         SYMBOL        _ad_key_val_to_ad_key_index
  C:255BH         SYMBOL        _ad_key_get_event
  C:2D01H         SYMBOL        Com0036
  C:2D01H         SYMBOL        L?0055
  -------         PROC          COM0036
  -------         ENDPROC       COM0036
  -------         PROC          _AD_KEY_VAL_TO_AD_KEY_INDEX
  D:0006H         SYMBOL        ad_key_val
  -------         DO            
  D:0005H         SYMBOL        i
  X:6207H         SYMBOL        ad_key_index
  -------         ENDDO         
  C:24C4H         LINE#         53
  C:24C4H         LINE#         54
BL51 BANKED LINKER/LOCATER V6.22.4.0                                                  07/08/2026  10:17:33  PAGE 30


  C:24C4H         LINE#         55
  C:24C6H         LINE#         56
  C:24CEH         LINE#         59
  C:24CEH         LINE#         60
  C:24CEH         LINE#         61
  C:24E6H         LINE#         62
  C:24E6H         LINE#         63
  C:2500H         LINE#         64
  C:2502H         LINE#         65
  C:2502H         LINE#         66
  C:2507H         LINE#         68
  C:250FH         LINE#         69
  -------         ENDPROC       _AD_KEY_VAL_TO_AD_KEY_INDEX
  -------         PROC          _AD_KEY_GET_EVENT
  D:0007H         SYMBOL        key_val
  D:0005H         SYMBOL        key_event
  -------         DO            
  D:0006H         SYMBOL        ret_key_event
  D:0004H         SYMBOL        key_event_index
  D:0003H         SYMBOL        i
  -------         ENDDO         
  C:255BH         LINE#         79
  C:255BH         LINE#         80
  C:255BH         LINE#         81
  C:255DH         LINE#         82
  C:255EH         LINE#         83
  C:255FH         LINE#         86
  C:2563H         LINE#         87
  C:2563H         LINE#         88
  C:2564H         LINE#         89
  C:2566H         LINE#         90
  C:256AH         LINE#         91
  C:256AH         LINE#         92
  C:256CH         LINE#         93
  C:256EH         LINE#         94
  C:2572H         LINE#         95
  C:2572H         LINE#         96
  C:2574H         LINE#         97
  C:2576H         LINE#         98
  C:257AH         LINE#         99
  C:257AH         LINE#         100
  C:257CH         LINE#         101
  C:257EH         LINE#         103
  C:257EH         LINE#         104
  C:2581H         LINE#         105
  C:2581H         LINE#         107
  C:2587H         LINE#         108
  C:2587H         LINE#         109
  C:258EH         LINE#         110
  C:258EH         LINE#         111
  C:259DH         LINE#         112
  C:259FH         LINE#         113
  C:259FH         LINE#         114
  C:25A2H         LINE#         116
  C:25A4H         LINE#         117
  -------         ENDPROC       _AD_KEY_GET_EVENT
  -------         PROC          AD_KEY_GET_KEY_VAL
BL51 BANKED LINKER/LOCATER V6.22.4.0                                                  07/08/2026  10:17:33  PAGE 31


  -------         DO            
  X:6265H         SYMBOL        val
  X:6206H         SYMBOL        ret
  -------         ENDDO         
  C:2890H         LINE#         130
  C:2890H         LINE#         131
  C:2890H         LINE#         133
  C:2896H         LINE#         136
  C:289EH         LINE#         137
  C:289EH         LINE#         138
  C:28A3H         LINE#         139
  C:28B0H         LINE#         142
  C:28B0H         LINE#         144
  C:28C0H         LINE#         145
  C:28C2H         LINE#         146
  -------         ENDPROC       AD_KEY_GET_KEY_VAL
  -------         PROC          AD_KEY_HANDLE
  -------         DO            
  X:6206H         SYMBOL        ad_key_event
  -------         ENDDO         
  C:1D36H         LINE#         148
  C:1D36H         LINE#         149
  C:1D36H         LINE#         150
  C:1D3BH         LINE#         152
  C:1D44H         LINE#         153
  C:1D44H         LINE#         155
  C:1D44H         LINE#         157
  C:1D51H         LINE#         158
  C:1D56H         LINE#         159
  C:1D58H         LINE#         165
  C:1D67H         LINE#         166
  C:1D67H         LINE#         168
  C:1D70H         LINE#         169
  C:1D79H         LINE#         175
  C:1D7FH         LINE#         177
  C:1D7FH         LINE#         179
  C:1DA5H         LINE#         180
  C:1DA5H         LINE#         183
  C:1DA5H         LINE#         187
  C:1DA8H         LINE#         188
  C:1DA8H         LINE#         190
  C:1DA8H         LINE#         194
  C:1DA8H         LINE#         196
  C:1DA8H         LINE#         201
  C:1DA8H         LINE#         203
  C:1DA8H         LINE#         207
  C:1DA8H         LINE#         211
  C:1DA8H         LINE#         215
  C:1DAAH         LINE#         216
  C:1DACH         LINE#         218
  C:1DACH         LINE#         223
  C:1DAEH         LINE#         224
  C:1DB0H         LINE#         226
  C:1DB0H         LINE#         231
  C:1DB2H         LINE#         232
  C:1DB4H         LINE#         234
  C:1DB4H         LINE#         238
BL51 BANKED LINKER/LOCATER V6.22.4.0                                                  07/08/2026  10:17:33  PAGE 32


  C:1DB4H         LINE#         243
  C:1DB4H         LINE#         248
  C:1DB6H         LINE#         249
  C:1DB8H         LINE#         251
  C:1DB8H         LINE#         257
  C:1DBAH         LINE#         258
  C:1DBCH         LINE#         260
  C:1DBCH         LINE#         266
  C:1DBEH         LINE#         267
  C:1DC0H         LINE#         269
  C:1DC0H         LINE#         273
  C:1DC0H         LINE#         277
  C:1DC0H         LINE#         283
  C:1DC6H         LINE#         284
  C:1DC6H         LINE#         285
  C:1DC8H         LINE#         286
  C:1DCAH         LINE#         287
  C:1DD1H         LINE#         288
  C:1DD1H         LINE#         289
  C:1DD6H         LINE#         290
  C:1DD6H         LINE#         291
  C:1DD6H         LINE#         293
  C:1DD6H         LINE#         299
  C:1DDCH         LINE#         300
  C:1DDCH         LINE#         303
  C:1DDFH         LINE#         304
  C:1DDFH         LINE#         306
  C:1DDFH         LINE#         311
  C:1DE2H         LINE#         312
  C:1DE2H         LINE#         313
  C:1DE2H         LINE#         315
  C:1DE2H         LINE#         319
  C:1DE2H         LINE#         321
  C:1DE2H         LINE#         325
  C:1DE2H         LINE#         327
  C:1DE2H         LINE#         328
  C:1DE2H         LINE#         329
  C:1DE2H         LINE#         330
  -------         ENDPROC       AD_KEY_HANDLE
  -------         ENDMOD        AD_KEY

  -------         MODULE        USER_TEST
  C:0000H         SYMBOL        _ICE_DUMMY_
  B:0090H.7       PUBLIC        P17
  X:633AH         PUBLIC        flag_debug
  C:2B23H         PUBLIC        debug_time_add
  C:2CBEH         PUBLIC        user_debug_pin_init
  -------         PROC          DEBUG_TIME_ADD
  -------         DO            
  X:6338H         SYMBOL        cnt
  -------         ENDDO         
  C:2B23H         LINE#         12
  C:2B23H         LINE#         13
  C:2B23H         LINE#         16
  C:2B2DH         LINE#         17
  C:2B3CH         LINE#         19
  C:2B3CH         LINE#         20
BL51 BANKED LINKER/LOCATER V6.22.4.0                                                  07/08/2026  10:17:33  PAGE 33


  C:2B40H         LINE#         21
  C:2B43H         LINE#         22
  C:2B43H         LINE#         24
  -------         ENDPROC       DEBUG_TIME_ADD
  -------         PROC          USER_DEBUG_PIN_INIT
  C:2CBEH         LINE#         26
  C:2CBEH         LINE#         27
  C:2CBEH         LINE#         28
  C:2CC4H         LINE#         29
  C:2CC8H         LINE#         30
  C:2CCDH         LINE#         31
  C:2CCFH         LINE#         32
  -------         ENDPROC       USER_DEBUG_PIN_INIT
  -------         ENDMOD        USER_TEST

  -------         MODULE        LED
  C:0000H         SYMBOL        _ICE_DUMMY_
  B:0080H.0       PUBLIC        P00
  B:0080H.1       PUBLIC        P01
  B:0080H.2       PUBLIC        P02
  B:0080H.5       PUBLIC        P05
  B:0080H.6       PUBLIC        P06
  B:0090H.3       PUBLIC        P13
  B:00A0H.7       PUBLIC        P27
[...]
  C:1425H         LINE#         265
  C:1443H         LINE#         266
  C:1443H         LINE#         267
  C:1449H         LINE#         268
  C:1449H         LINE#         269
  C:1449H         LINE#         270
  C:1449H         LINE#         271
  C:144BH         LINE#         273
  C:144BH         LINE#         274
  C:1451H         LINE#         275
  C:1451H         LINE#         276
  C:1457H         LINE#         277
  C:145BH         LINE#         278
  C:145DH         LINE#         280
  C:145DH         LINE#         281
BL51 BANKED LINKER/LOCATER V6.22.4.0                                                  07/08/2026  10:17:33  PAGE 52


  C:1463H         LINE#         282
  C:1466H         LINE#         287
  C:1484H         LINE#         288
  C:1484H         LINE#         289
  C:148AH         LINE#         290
  C:148AH         LINE#         292
  C:1491H         LINE#         293
  C:1491H         LINE#         294
  C:1491H         LINE#         295
  C:1491H         LINE#         297
  C:14A0H         LINE#         298
  C:14A0H         LINE#         299
  C:14A4H         LINE#         305
  C:14B2H         LINE#         306
  C:14B2H         LINE#         307
  C:14B8H         LINE#         308
  C:14BAH         LINE#         309
  C:14C9H         LINE#         310
  C:14C9H         LINE#         311
  C:14CEH         LINE#         312
  C:14CEH         LINE#         315
  C:14D5H         LINE#         317
  C:14DBH         LINE#         318
  C:14DBH         LINE#         319
  C:14E0H         LINE#         320
  C:14E6H         LINE#         321
  C:14ECH         LINE#         322
  C:14ECH         LINE#         323
  C:14EEH         LINE#         325
  C:14F3H         LINE#         326
  C:14F3H         LINE#         327
  C:14F4H         LINE#         329
  C:14F4H         LINE#         330
  C:14F9H         LINE#         331
  C:14FDH         LINE#         332
  C:1503H         LINE#         333
  C:1503H         LINE#         334
  C:1505H         LINE#         336
  C:1509H         LINE#         337
  C:1509H         LINE#         338
  C:1509H         LINE#         339
  C:1509H         LINE#         340
  -------         ENDPROC       DETECT_DISCHARGE_1KHZ_SIGNAL_100US
  -------         PROC          CHARGE_DET_TIME_ADD
  C:0045H         LINE#         342
  C:0045H         LINE#         343
  C:0045H         LINE#         344
  C:0047H         LINE#         345
  -------         ENDPROC       CHARGE_DET_TIME_ADD
  -------         PROC          CHARGE_DET
  -------         DO            
  X:62EBH         SYMBOL        adc_val_of_solar_panel
  X:62EDH         SYMBOL        adc_val_of_type_c
  X:6206H         SYMBOL        voltage_mv
  X:62EFH         SYMBOL        is_discharge_det_time_cnt
  -------         ENDDO         
  C:150AH         LINE#         349
BL51 BANKED LINKER/LOCATER V6.22.4.0                                                  07/08/2026  10:17:33  PAGE 53


  C:150AH         LINE#         350
  C:150AH         LINE#         353
  C:1511H         LINE#         358
  C:1519H         LINE#         359
  C:1519H         LINE#         360
  C:151EH         LINE#         361
  C:152BH         LINE#         362
  C:152BH         LINE#         364
  C:1533H         LINE#         365
  C:1533H         LINE#         366
  C:1538H         LINE#         367
  C:1545H         LINE#         368
  C:1545H         LINE#         370
  C:154BH         LINE#         371
  C:154BH         LINE#         372
  C:154DH         LINE#         373
  C:154DH         LINE#         375
  C:154DH         LINE#         378
  C:154DH         LINE#         388
  C:156DH         LINE#         390
  C:1582H         LINE#         391
  C:1582H         LINE#         392
  C:1587H         LINE#         393
  C:158DH         LINE#         394
  C:1592H         LINE#         395
  C:1592H         LINE#         396
  C:1594H         LINE#         398
  C:1599H         LINE#         403
  C:1599H         LINE#         404
  C:159BH         LINE#         406
  C:159BH         LINE#         407
  C:15A0H         LINE#         408
  C:15A4H         LINE#         409
  C:15AAH         LINE#         410
  C:15AAH         LINE#         411
  C:15ACH         LINE#         413
  C:15B0H         LINE#         418
  C:15B0H         LINE#         419
  C:15B0H         LINE#         436
  C:15DBH         LINE#         438
  C:15DBH         LINE#         441
  C:15DBH         LINE#         443
  C:15DEH         LINE#         444
  C:15E0H         LINE#         445
  C:15E2H         LINE#         446
  C:15EBH         LINE#         447
  C:15EBH         LINE#         449
  C:15F1H         LINE#         450
  C:15F1H         LINE#         452
  C:15F7H         LINE#         453
  C:15FCH         LINE#         454
  C:15FCH         LINE#         455
  C:15FEH         LINE#         457
  C:1603H         LINE#         458
  C:1603H         LINE#         459
  C:1603H         LINE#         460
  C:1605H         LINE#         462
BL51 BANKED LINKER/LOCATER V6.22.4.0                                                  07/08/2026  10:17:33  PAGE 54


  C:1605H         LINE#         465
  C:1605H         LINE#         467
  C:1608H         LINE#         468
  C:1608H         LINE#         472
  C:1614H         LINE#         473
  C:1614H         LINE#         474
  C:161AH         LINE#         477
  C:161FH         LINE#         478
  C:1620H         LINE#         479
  C:162CH         LINE#         480
  C:162CH         LINE#         481
  C:1630H         LINE#         482
  C:1630H         LINE#         499
  -------         ENDPROC       CHARGE_DET
  -------         ENDMOD        CHARGE_DET

  -------         MODULE        LOW_POWER
  C:0000H         SYMBOL        _ICE_DUMMY_
  D:00BAH         PUBLIC        LP_CON
  D:008DH         PUBLIC        LP_WKCON
  D:008EH         PUBLIC        LP_WKPND
  D:00A8H         PUBLIC        IE0
  D:00A9H         PUBLIC        IE1
  D:00AAH         PUBLIC        IE2
  D:00ABH         PUBLIC        IE3
  B:00A8H.7       PUBLIC        IE_EA
  D:00B8H         PUBLIC        IP0
  D:00B1H         PUBLIC        IP1
  D:00B2H         PUBLIC        IP2
  D:00B3H         PUBLIC        IP3
  D:00B4H         PUBLIC        IP4
  D:00B5H         PUBLIC        IP5
  D:00B6H         PUBLIC        IP6
  D:00B7H         PUBLIC        IP7
  D:00D2H         PUBLIC        UART0_CON0
  D:00D1H         PUBLIC        TMR_ALLCON
  D:00ACH         PUBLIC        FLASH_TIMEREG1
  D:0099H         PUBLIC        ADC_CHS0
  C:0D46H         PUBLIC        low_power_handle
  C:28C3H         PUBLIC        low_power_enter_timer_callback
  X:6332H         SYMBOL        is_low_power_enter_enable
  C:2A77H         PUBLIC        is_low_power_condition_establish
  C:1750H         PUBLIC        low_power_in
  C:25A5H         PUBLIC        low_power_out
  C:2BFFH         PUBLIC        WUT_IRQHandler
  C:2C86H         SYMBOL        Com0072
  C:2C86H         SYMBOL        L?0115
  C:2C93H         SYMBOL        L?0116
  C:2C93H         SYMBOL        L?0117
  -------         PROC          COM0072
  -------         ENDPROC       COM0072
  -------         PROC          IS_LOW_POWER_CONDITION_ESTABLISH
  C:2A77H         LINE#         8
  C:2A77H         LINE#         9
  C:2A77H         LINE#         15
  C:2A9AH         LINE#         20
  -------         ENDPROC       IS_LOW_POWER_CONDITION_ESTABLISH
BL51 BANKED LINKER/LOCATER V6.22.4.0                                                  07/08/2026  10:17:33  PAGE 55


  -------         PROC          LOW_POWER_ENTER_TIMER_CALLBACK
  -------         DO            
  X:632EH         SYMBOL        cnt
  -------         ENDDO         
  C:28C3H         LINE#         23
  C:28C3H         LINE#         24
  C:28C3H         LINE#         26
  C:28C9H         LINE#         27
  C:28C9H         LINE#         28
  C:28D3H         LINE#         29
  C:28E2H         LINE#         30
  C:28E2H         LINE#         31
  C:28E3H         LINE#         32
  C:28EAH         LINE#         33
  C:28EAH         LINE#         34
  C:28EBH         LINE#         36
  C:28EBH         LINE#         37
  C:28EFH         LINE#         38
  C:28F5H         LINE#         39
  C:28F5H         LINE#         40
  -------         ENDPROC       LOW_POWER_ENTER_TIMER_CALLBACK
  -------         PROC          LOW_POWER_IN
  C:1750H         LINE#         42
  C:1750H         LINE#         43
  C:1750H         LINE#         48
  C:1753H         LINE#         49
  C:1756H         LINE#         50
  C:1759H         LINE#         51
  C:175CH         LINE#         53
  C:1762H         LINE#         54
  C:1768H         LINE#         56
  C:176FH         LINE#         58
  C:1772H         LINE#         59
  C:1778H         LINE#         61
  C:177DH         LINE#         62
  C:1780H         LINE#         71
  C:1786H         LINE#         72
  C:178CH         LINE#         74
  C:1792H         LINE#         75
  C:1798H         LINE#         78
  C:179EH         LINE#         79
  C:17A2H         LINE#         80
  C:17A8H         LINE#         83
  C:17ACH         LINE#         84
  C:17B2H         LINE#         85
  C:17B6H         LINE#         86
  C:17BBH         LINE#         104
  C:17BFH         LINE#         105
  C:17C5H         LINE#         108
  C:17CAH         LINE#         110
  C:17CEH         LINE#         113
  C:17D2H         LINE#         114
  C:17D8H         LINE#         116
  C:17DFH         LINE#         122
  C:17E2H         LINE#         131
  C:17E8H         LINE#         132
  C:17EEH         LINE#         133
BL51 BANKED LINKER/LOCATER V6.22.4.0                                                  07/08/2026  10:17:33  PAGE 56


  C:17F4H         LINE#         134
  C:17FAH         LINE#         138
  C:17FDH         LINE#         139
  C:1800H         LINE#         140
  C:1803H         LINE#         143
  C:1806H         LINE#         144
  C:1809H         LINE#         146
  C:180CH         LINE#         147
  C:180FH         LINE#         150
  C:1812H         LINE#         151
  C:1815H         LINE#         154
  C:1818H         LINE#         155
  C:181AH         LINE#         158
  C:1821H         LINE#         159
  C:1825H         LINE#         163
  C:182AH         LINE#         164
  C:1831H         LINE#         166
  C:1838H         LINE#         168
  C:183FH         LINE#         169
  C:1846H         LINE#         170
  C:1849H         LINE#         172
  C:1850H         LINE#         173
  C:1857H         LINE#         178
  C:185AH         LINE#         184
  -------         ENDPROC       LOW_POWER_IN
  -------         PROC          LOW_POWER_OUT
  C:25A5H         LINE#         186
  C:25A5H         LINE#         187
  C:25A5H         LINE#         189
  C:25A8H         LINE#         190
  C:25AFH         LINE#         191
  C:25B6H         LINE#         194
  C:25B9H         LINE#         198
  C:25BEH         LINE#         199
  C:25C0H         LINE#         205
  C:25C7H         LINE#         206
  C:25CCH         LINE#         207
  C:25D3H         LINE#         209
  C:25DAH         LINE#         210
  C:25E1H         LINE#         212
  C:25E4H         LINE#         213
  C:25E7H         LINE#         214
  C:25EEH         LINE#         215
  -------         ENDPROC       LOW_POWER_OUT
  C:0EDBH         SYMBOL        L?0113
  -------         PROC          LOW_POWER_HANDLE
  -------         DO            
  X:6330H         SYMBOL        update_bat_percent_cnt
  D:0007H         SYMBOL        tmp_bat_percent
  X:6206H         SYMBOL        is_charge_sig_wkup
  X:6207H         SYMBOL        is_discharge_sig_wkup
  X:6208H         SYMBOL        is_key_sig_wkup
  X:6209H         SYMBOL        adc_val
  C:0D69H         SYMBOL        label_low_power_in
  -------         ENDDO         
  C:0D46H         LINE#         217
  C:0D46H         LINE#         218
BL51 BANKED LINKER/LOCATER V6.22.4.0                                                  07/08/2026  10:17:33  PAGE 57


  C:0D46H         LINE#         221
  C:0D4BH         LINE#         222
  C:0D4CH         LINE#         223
  C:0D4CH         LINE#         226
  C:0D59H         LINE#         227
  C:0D59H         LINE#         228
  C:0D60H         LINE#         229
  C:0D60H         LINE#         231
  C:0D60H         LINE#         233
  C:0D60H         LINE#         236
  C:0D66H         LINE#         238
  C:0D69H         LINE#         240
  C:0D6EH         LINE#         241
  C:0D70H         LINE#         242
  C:0D72H         LINE#         244
  C:0D75H         LINE#         245
  C:0D78H         LINE#         248
  C:0D7BH         LINE#         249
  C:0D84H         LINE#         253
  C:0D87H         LINE#         254
  C:0D8AH         LINE#         256
  C:0D8CH         LINE#         257
  C:0D8CH         LINE#         258
  C:0D8FH         LINE#         260
  C:0D97H         LINE#         261
  C:0D97H         LINE#         263
  C:0D9DH         LINE#         267
  C:0D9DH         LINE#         269
  C:0D9FH         LINE#         270
  C:0D9FH         LINE#         271
  C:0DA2H         LINE#         273
  C:0DC7H         LINE#         274
  C:0DC7H         LINE#         275
  C:0DCDH         LINE#         279
  C:0DCDH         LINE#         294
  C:0DD2H         LINE#         295
  C:0DD2H         LINE#         297
  C:0DDBH         LINE#         299
  C:0DDEH         LINE#         300
  C:0DE4H         LINE#         301
  C:0DE4H         LINE#         303
  C:0DE9H         LINE#         304
  C:0DE9H         LINE#         306
  C:0DECH         LINE#         308
  C:0DF2H         LINE#         311
  C:0DFBH         LINE#         313
  C:0DFBH         LINE#         315
  C:0E00H         LINE#         316
  C:0E07H         LINE#         317
  C:0E12H         LINE#         318
  C:0E1DH         LINE#         320
  C:0E27H         LINE#         321
  C:0E36H         LINE#         322
  C:0E36H         LINE#         331
  C:0E3AH         LINE#         332
  C:0E45H         LINE#         333
  C:0E4DH         LINE#         334
BL51 BANKED LINKER/LOCATER V6.22.4.0                                                  07/08/2026  10:17:33  PAGE 58


  C:0E4DH         LINE#         335
  C:0E53H         LINE#         336
  C:0E53H         LINE#         337
  C:0E56H         LINE#         338
  C:0E56H         LINE#         339
  C:0E56H         LINE#         349
  C:0E5FH         LINE#         350
  C:0E75H         LINE#         352
  C:0E75H         LINE#         359
  C:0E99H         LINE#         365
  C:0E99H         LINE#         368
  C:0EBBH         LINE#         371
  C:0EBBH         LINE#         372
  C:0EC4H         LINE#         373
  C:0EC4H         LINE#         378
  C:0EC7H         LINE#         379
  C:0EC7H         LINE#         387
  C:0ECCH         LINE#         388
  C:0ED7H         LINE#         389
  C:0EDAH         LINE#         390
  -------         ENDPROC       LOW_POWER_HANDLE
  -------         PROC          WUT_IRQHANDLER
  C:2BFFH         LINE#         393
  C:2C05H         LINE#         396
  C:2C05H         LINE#         401
  C:2C0CH         LINE#         402
  C:2C0CH         LINE#         403
  C:2C10H         LINE#         404
  C:2C10H         LINE#         407
  C:2C10H         LINE#         408
  -------         ENDPROC       WUT_IRQHANDLER
  -------         ENDMOD        LOW_POWER

  -------         MODULE        ?C?COPY
  C:011EH         PUBLIC        ?C?COPY
  -------         ENDMOD        ?C?COPY

  -------         MODULE        ?C?CLDPTR
  C:0144H         PUBLIC        ?C?CLDPTR
  -------         ENDMOD        ?C?CLDPTR

  -------         MODULE        ?C?CLDOPTR
  C:015DH         PUBLIC        ?C?CLDOPTR
  -------         ENDMOD        ?C?CLDOPTR

  -------         MODULE        ?C?CILDOPTR
  C:018AH         PUBLIC        ?C?CILDOPTR
  -------         ENDMOD        ?C?CILDOPTR

  -------         MODULE        ?C?CSTOPTR
  C:01BDH         PUBLIC        ?C?CSTOPTR
  -------         ENDMOD        ?C?CSTOPTR

  -------         MODULE        ?C?UIDIV
  C:01DFH         PUBLIC        ?C?UIDIV
  -------         ENDMOD        ?C?UIDIV

BL51 BANKED LINKER/LOCATER V6.22.4.0                                                  07/08/2026  10:17:33  PAGE 59


  -------         MODULE        ?C?IILDX
  C:0234H         PUBLIC        ?C?IILDX
  -------         ENDMOD        ?C?IILDX

  -------         MODULE        ?C?LADD
  C:024AH         PUBLIC        ?C?LADD
  -------         ENDMOD        ?C?LADD

  -------         MODULE        ?C?ULDIV
  C:0293H         PUBLIC        ?C?ULDIV
  -------         ENDMOD        ?C?ULDIV

  -------         MODULE        ?C?SLCMP
  C:0325H         PUBLIC        ?C?SLCMP
  -------         ENDMOD        ?C?SLCMP

  -------         MODULE        ?C?ULCMP
  C:033BH         PUBLIC        ?C?ULCMP
  -------         ENDMOD        ?C?ULCMP

  -------         MODULE        ?C?LLDXDATA
  C:034CH         PUBLIC        ?C?LLDXDATA
  -------         ENDMOD        ?C?LLDXDATA

  -------         MODULE        ?C?LLDXDATA0
  C:0358H         PUBLIC        ?C?LLDXDATA0
  -------         ENDMOD        ?C?LLDXDATA0

  -------         MODULE        ?C?LSTXDATA
  C:0364H         PUBLIC        ?C?LSTXDATA
  -------         ENDMOD        ?C?LSTXDATA

  -------         MODULE        ?C?LSTKXDATA
  C:0370H         PUBLIC        ?C?LSTKXDATA
  -------         ENDMOD        ?C?LSTKXDATA

  -------         MODULE        ?C?PLDXDATA
  C:03A1H         PUBLIC        ?C?PLDXDATA
  -------         ENDMOD        ?C?PLDXDATA

  -------         MODULE        ?C?PSTXDATA
  C:03AAH         PUBLIC        ?C?PSTXDATA
  -------         ENDMOD        ?C?PSTXDATA

  -------         MODULE        ?C?PLDOPTR
  C:03B3H         PUBLIC        ?C?PLDOPTR
  -------         ENDMOD        ?C?PLDOPTR

  -------         MODULE        ?C?CCASE
  C:03E3H         PUBLIC        ?C?CCASE
  -------         ENDMOD        ?C?CCASE

  -------         MODULE        ?C?ICALL
  C:0409H         PUBLIC        ?C?ICALL
  C:040DH         PUBLIC        ?C?ICALL2
  -------         ENDMOD        ?C?ICALL

BL51 BANKED LINKER/LOCATER V6.22.4.0                                                  07/08/2026  10:17:33  PAGE 60


  -------         MODULE        ?C?LIMUL
  C:040FH         PUBLIC        ?C?LIMUL
  -------         ENDMOD        ?C?LIMUL

  -------         MODULE        PRINTF
  X:6239H         PUBLIC        ?_PRINTF517?BYTE
  X:6239H         PUBLIC        ?_PRINTF?BYTE
  X:6239H         PUBLIC        ?_SPRINTF517?BYTE
  X:6239H         PUBLIC        ?_SPRINTF?BYTE
  C:089AH         PUBLIC        _PRINTF
  C:089AH         PUBLIC        _PRINTF517
  C:0894H         PUBLIC        _SPRINTF
  C:0894H         PUBLIC        _SPRINTF517
  -------         ENDMOD        PRINTF

  -------         MODULE        ?C?MEMSET
  C:043CH         PUBLIC        ?C?MEMSET
  -------         ENDMOD        ?C?MEMSET

  -------         MODULE        ?C?CSTPTR
  C:0468H         PUBLIC        ?C?CSTPTR
  -------         ENDMOD        ?C?CSTPTR

  -------         MODULE        ?C?PLDIDATA
  C:047AH         PUBLIC        ?C?PLDIDATA
  -------         ENDMOD        ?C?PLDIDATA

  -------         MODULE        ?C?PLDIXDATA
  C:0483H         PUBLIC        ?C?PLDIXDATA
  -------         ENDMOD        ?C?PLDIXDATA

  -------         MODULE        ?C?PLDPDATA
  C:049AH         PUBLIC        ?C?PLDPDATA
  -------         ENDMOD        ?C?PLDPDATA

  -------         MODULE        ?C?PLDCODE
  C:04A3H         PUBLIC        ?C?PLDCODE
  -------         ENDMOD        ?C?PLDCODE

*** WARNING L15: MULTIPLE CALL TO SEGMENT
    SEGMENT: ?PR?_GET_BATTERY_PERCENTAGE_BY_VOLTAGE?BATTERY_MONITOR
    CALLER1: ?C_C51STARTUP
    CALLER2: ?PR?ADC_IRQHANDLER?ADC

*** WARNING L15: MULTIPLE CALL TO SEGMENT
    SEGMENT: ?PR?PRINTF?PRINTF
    CALLER1: ?C_C51STARTUP
    CALLER2: ?PR?ADC_IRQHANDLER?ADC

Program Size: data=21.7 xdata=829 code=11683
LINK/LOCATE RUN COMPLETE.  2 WARNING(S),  0 ERROR(S)
