BL51 BANKED LINKER/LOCATER V6.22.4.0                                                    06/29/2026  18:02:35  PAGE 1


BL51 BANKED LINKER/LOCATER V6.22.4.0, INVOKED BY:
C:\KEIL_V5\C51\BIN\BL51.EXE .\Release\Objects\STARTUP.obj, .\Release\Objects\system.obj, .\Release\Objects\adc.obj, .\Re
>> lease\Objects\pwm.obj, .\Release\Objects\timer0.obj, .\Release\Objects\timer1.obj, .\Release\Objects\uart0.obj, .\Rel
>> ease\Objects\main.obj, .\Release\Objects\uart_data_handle.obj, .\Release\Objects\key_driver.obj, .\Release\Objects\ad
>> _key.obj, .\Release\Objects\user_test.obj, .\Release\Objects\led.obj, .\Release\Objects\battery_monitor.obj, .\Releas
>> e\Objects\bluetooth_ic_handle.obj, .\Release\Objects\charge_det.obj, .\Release\Objects\low_power.obj TO .\Release\Obj
>> ects\Demo PRINT (.\Release\Listings\Demo.m51) RAMSIZE (256) CODE (0X0000-0X3EEF) XDATA (0X6000-0X66FF)


MEMORY MODEL: LARGE


INPUT MODULES INCLUDED:
  .\Release\Objects\STARTUP.obj (?C_STARTUP)
  .\Release\Objects\system.obj (SYSTEM)
  .\Release\Objects\adc.obj (ADC)
  .\Release\Objects\pwm.obj (PWM)
  .\Release\Objects\timer0.obj (TIMER0)
  .\Release\Objects\timer1.obj (TIMER1)
  .\Release\Objects\uart0.obj (UART0)
  .\Release\Objects\main.obj (MAIN)
  .\Release\Objects\uart_data_handle.obj (UART_DATA_HANDLE)
  .\Release\Objects\key_driver.obj (KEY_DRIVER)
  .\Release\Objects\ad_key.obj (AD_KEY)
  .\Release\Objects\user_test.obj (USER_TEST)
  .\Release\Objects\led.obj (LED)
  .\Release\Objects\battery_monitor.obj (BATTERY_MONITOR)
  .\Release\Objects\bluetooth_ic_handle.obj (BLUETOOTH_IC_HANDLE)
  .\Release\Objects\charge_det.obj (CHARGE_DET)
  .\Release\Objects\low_power.obj (LOW_POWER)
  C:\KEIL_V5\C51\LIB\C51L.LIB (?C_INIT)
  C:\KEIL_V5\C51\LIB\C51L.LIB (?C?COPY)
  C:\KEIL_V5\C51\LIB\C51L.LIB (?C?CLDPTR)
  C:\KEIL_V5\C51\LIB\C51L.LIB (?C?CLDOPTR)
  C:\KEIL_V5\C51\LIB\C51L.LIB (?C?CILDOPTR)
  C:\KEIL_V5\C51\LIB\C51L.LIB (?C?CSTOPTR)
  C:\KEIL_V5\C51\LIB\C51L.LIB (?C?UIDIV)
  C:\KEIL_V5\C51\LIB\C51L.LIB (?C?IILDX)
  C:\KEIL_V5\C51\LIB\C51L.LIB (?C?LADD)
  C:\KEIL_V5\C51\LIB\C51L.LIB (?C?ULDIV)
  C:\KEIL_V5\C51\LIB\C51L.LIB (?C?SLCMP)
  C:\KEIL_V5\C51\LIB\C51L.LIB (?C?ULCMP)
  C:\KEIL_V5\C51\LIB\C51L.LIB (?C?LLDXDATA)
  C:\KEIL_V5\C51\LIB\C51L.LIB (?C?LLDXDATA0)
  C:\KEIL_V5\C51\LIB\C51L.LIB (?C?LSTXDATA)
  C:\KEIL_V5\C51\LIB\C51L.LIB (?C?LSTKXDATA)
  C:\KEIL_V5\C51\LIB\C51L.LIB (?C?PLDXDATA)
  C:\KEIL_V5\C51\LIB\C51L.LIB (?C?PSTXDATA)
  C:\KEIL_V5\C51\LIB\C51L.LIB (?C?PLDOPTR)
  C:\KEIL_V5\C51\LIB\C51L.LIB (?C?CCASE)
  C:\KEIL_V5\C51\LIB\C51L.LIB (?C?ICALL)
  C:\KEIL_V5\C51\LIB\C51L.LIB (?C?LIMUL)
  C:\KEIL_V5\C51\LIB\C51L.LIB (PRINTF)
  C:\KEIL_V5\C51\LIB\C51L.LIB (?C?MEMSET)
  C:\KEIL_V5\C51\LIB\C51L.LIB (?C?CSTPTR)
  C:\KEIL_V5\C51\LIB\C51L.LIB (?C?PLDIDATA)
  C:\KEIL_V5\C51\LIB\C51L.LIB (?C?PLDIXDATA)
  C:\KEIL_V5\C51\LIB\C51L.LIB (?C?PLDPDATA)
BL51 BANKED LINKER/LOCATER V6.22.4.0                                                  06/29/2026  18:02:35  PAGE 2


  C:\KEIL_V5\C51\LIB\C51L.LIB (?C?PLDCODE)


LINK MAP OF MODULE:  .\Release\Objects\Demo (?C_STARTUP)


            TYPE    BASE      LENGTH    RELOCATION   SEGMENT NAME
            -----------------------------------------------------

            * * * * * * *   D A T A   M E M O R Y   * * * * * * *
            REG     0000H     0008H     ABSOLUTE     "REG BANK 0"
            DATA    0008H     000AH     UNIT         _DATA_GROUP_
                    0012H     000EH                  *** GAP ***
            BIT     0020H.0   0002H.2   UNIT         _BIT_GROUP_
            BIT     0022H.2   0000H.4   UNIT         ?BI?ADC
            BIT     0022H.6   0000H.1   UNIT         ?BI?CHARGE_DET
                    0022H.7   0000H.1                *** GAP ***
            IDATA   0023H     0001H     UNIT         ?STACK

            * * * * * * *  X D A T A   M E M O R Y  * * * * * * *
                    0000H     6000H                  *** GAP ***
            XDATA   6000H     0206H     UNIT         ?XD?UART0
            XDATA   6206H     005FH     UNIT         _XDATA_GROUP_
            XDATA   6265H     0039H     UNIT         ?XD?AD_KEY
            XDATA   629EH     0033H     UNIT         ?XD?BATTERY_MONITOR
            XDATA   62D1H     0028H     UNIT         ?XD?CHARGE_DET
            XDATA   62F9H     001AH     UNIT         ?XD?UART_DATA_HANDLE
            XDATA   6313H     0013H     UNIT         ?XD?LED
            XDATA   6326H     0009H     UNIT         ?XD?ADC
            XDATA   632FH     0004H     UNIT         ?XD?KEY_DRIVER
            XDATA   6333H     0004H     UNIT         ?XD?LOW_POWER
            XDATA   6337H     0003H     UNIT         ?XD?USER_TEST
            XDATA   633AH     0002H     UNIT         ?XD?BLUETOOTH_IC_HANDLE

            * * * * * * *   C O D E   M E M O R Y   * * * * * * *
            CODE    0000H     0003H     ABSOLUTE     
            CODE    0003H     000CH     ABSOLUTE     
            CODE    000FH     000FH     UNIT         ?PR?UART_RECEIVER_TIMEOUT_ADD?UART_DATA_HANDLE
            CODE    001EH     0003H     ABSOLUTE     
            CODE    0021H     0003H     ABSOLUTE     
            CODE    0024H     001BH     UNIT         ?PR?_ADC_CLEAR_UPDATE_FLAG?ADC
            CODE    003FH     0003H     ABSOLUTE     
            CODE    0042H     0003H     ABSOLUTE     
            CODE    0045H     0003H     UNIT         ?PR?CHARGE_DET_TIME_ADD?CHARGE_DET
                    0048H     0003H                  *** GAP ***
            CODE    004BH     0003H     ABSOLUTE     
            CODE    004EH     0461H     UNIT         ?C?LIB_CODE
            CODE    04AFH     037FH     UNIT         ?C_INITSEG
            CODE    082EH     0365H     UNIT         ?PR?PRINTF?PRINTF
            CODE    0B93H     01BDH     UNIT         ?PR?LED_BAT_INSTRUCTION_TIMER_CALLBACK?LED
            CODE    0D50H     01AAH     UNIT         ?PR?DETECT_1KHZ_SIGNAL_100US?CHARGE_DET
            CODE    0EFAH     0193H     UNIT         ?PR?_KEY_DRIVER_SCAN?KEY_DRIVER
            CODE    108DH     0175H     UNIT         ?PR?BATTERY_MONITOR_HANDLE?BATTERY_MONITOR
            CODE    1202H     0152H     UNIT         ?PR?DETECT_DISCHARGE_1KHZ_SIGNAL_100US?CHARGE_DET
            CODE    1354H     011FH     UNIT         ?PR?LED_SLOW_ADJUST_ISR?LED
            CODE    1473H     011EH     UNIT         ?PR?LOW_POWER_HANDLE?LOW_POWER
            CODE    1591H     011DH     UNIT         ?PR?CHARGE_DET?CHARGE_DET
BL51 BANKED LINKER/LOCATER V6.22.4.0                                                  06/29/2026  18:02:35  PAGE 3


            CODE    16AEH     010BH     UNIT         ?PR?LOW_POWER_IN?LOW_POWER
            CODE    17B9H     00EAH     UNIT         ?PR?LED_RED_BLUE_FLASH_1MS_ISR?LED
            CODE    18A3H     00DAH     UNIT         ?CO?UART_DATA_HANDLE
            CODE    197DH     00CFH     UNIT         ?PR?SYSTEM_INIT?SYSTEM
            CODE    1A4CH     00C9H     UNIT         ?PR?BATTERY_VOLTAGE_UPDATE_BY_ISR?BATTERY_MONITOR
            CODE    1B15H     00B5H     UNIT         ?PR?UART_DATA_HANDLE?UART_DATA_HANDLE
            CODE    1BCAH     00B1H     UNIT         ?PR?LED
            CODE    1C7BH     00A9H     UNIT         ?PR?_UART_RECEIVER_PROCESS_BYTE?UART_DATA_HANDLE
            CODE    1D24H     0095H     UNIT         ?PR?AD_KEY_HANDLE?AD_KEY
            CODE    1DB9H     008CH     UNIT         ?C_C51STARTUP
            CODE    1E45H     008BH     UNIT         ?PR?PWM_INIT?PWM
            CODE    1ED0H     0087H     UNIT         ?PR?ADC_IRQHANDLER?ADC
            CODE    1F57H     0082H     UNIT         ?PR?_GET_BATTERY_PERCENTAGE_BY_VOLTAGE?BATTERY_MONITOR
            CODE    1FD9H     0074H     UNIT         ?PR?_LED_STATUS_SET?LED
            CODE    204DH     006FH     UNIT         ?PR?TIMR0_IRQHANDLER?TIMER0
            CODE    20BCH     006EH     UNIT         ?PR?BATTERY_MONITOR
            CODE    212AH     0066H     UNIT         ?PR?ADC_SCAN?ADC
            CODE    2190H     0059H     UNIT         ?PR?UART_RECEIVER_TIMEOUT_HANDLER?UART_DATA_HANDLE
            CODE    21E9H     004FH     UNIT         ?CO?LOW_POWER
            CODE    2238H     004EH     UNIT         ?PR?LED_INIT?LED
            CODE    2286H     004DH     UNIT         ?PR?MAIN?MAIN
            CODE    22D3H     004CH     UNIT         ?PR?_AD_KEY_VAL_TO_AD_KEY_INDEX?AD_KEY
            CODE    231FH     004CH     UNIT         ?PR?LOW_POWER_OUT?LOW_POWER
            CODE    236BH     004BH     UNIT         ?PR?_ADC_CHANNEL_SEL?ADC
            CODE    23B6H     004BH     UNIT         ?PR?SEND_LOW_BAT_TIMER_CALLBACK?BATTERY_MONITOR
            CODE    2401H     004AH     UNIT         ?PR?_AD_KEY_GET_EVENT?AD_KEY
            CODE    244BH     0048H     UNIT         ?PR?TIMR1_IRQHANDLER?TIMER1
            CODE    2493H     0046H     UNIT         ?PR?BAT_VOL_HISTORY_BUFF_GET_AVG?BATTERY_MONITOR
            CODE    24D9H     0045H     UNIT         ?PR?_UART_DATA_SEND_CMD?UART_DATA_HANDLE
            CODE    251EH     0041H     UNIT         ?PR?_UART0_RXBUFFER_PUT_BYTE?UART0
            CODE    255FH     003DH     UNIT         ?PR?_ADC_UPDATE_VAL?ADC
            CODE    259CH     003CH     UNIT         ?PR?UART0_RXBUFFER_GET_BYTE?UART0
            CODE    25D8H     003BH     UNIT         ?CO?BATTERY_MONITOR
            CODE    2613H     003AH     UNIT         ?PR?UART0_INIT?UART0
            CODE    264DH     0039H     UNIT         ?PR?BAT_VOL_UPDATE_TIMER_CALLBACK?BATTERY_MONITOR
            CODE    2686H     0037H     UNIT         ?PR?UART_DATA_HANDLE
            CODE    26BDH     0036H     UNIT         ?PR?UART_RECEIVER_PROCESS_CHECKSUM?UART_DATA_HANDLE
            CODE    26F3H     0035H     UNIT         ?PR?LOW_POWER_ENTER_TIMER_CALLBACK?LOW_POWER
            CODE    2728H     0034H     UNIT         ?PR?UART0_IRQHANDLER?UART0
            CODE    275CH     0033H     UNIT         ?PR?AD_KEY_GET_KEY_VAL?AD_KEY
            CODE    278FH     002EH     UNIT         ?PR?_ADC_GET_VAL?ADC
            CODE    27BDH     002EH     UNIT         ?PR?ADC
            CODE    27EBH     002DH     UNIT         ?PR?USER_INIT?MAIN
            CODE    2818H     002AH     UNIT         ?PR?LED_STATUS_SWITCH?LED
            CODE    2842H     002AH     UNIT         ?PR?CHARGE_DET
            CODE    286CH     0029H     UNIT         ?PR?BAT_VOL_BUFF_GET_AVG_TIMER_CALLBACK?BATTERY_MONITOR
            CODE    2895H     0029H     UNIT         ?CO?BLUETOOTH_IC_HANDLE
            CODE    28BEH     0028H     UNIT         ?PR?BAT_VOL_BUFF_ADD_TIMER_CALLBACK?BATTERY_MONITOR
            CODE    28E6H     0025H     UNIT         ?PR?_ADC_GET_UPDATE_FLAG?ADC
            CODE    290BH     0024H     UNIT         ?PR?IS_LOW_POWER_CONDITION_ESTABLISH?LOW_POWER
            CODE    292FH     0023H     UNIT         ?PR?_UART0_SENDBUF?UART0
            CODE    2952H     0022H     UNIT         ?PR?ADC_INIT?ADC
            CODE    2974H     0022H     UNIT         ?PR?_GET_BATTERY_VOLTAGE_BY_ADC?BATTERY_MONITOR
            CODE    2996H     0022H     UNIT         ?PR?_BAT_VOL_HISTORY_BUFF_ADD?BATTERY_MONITOR
            CODE    29B8H     0021H     UNIT         ?PR?KEY_DRIVER
            CODE    29D9H     0021H     UNIT         ?PR?DEBUG_TIME_ADD?USER_TEST
            CODE    29FAH     001DH     UNIT         ?PR?BLE_IC_ENABLE?BLUETOOTH_IC_HANDLE
BL51 BANKED LINKER/LOCATER V6.22.4.0                                                  06/29/2026  18:02:35  PAGE 4


            CODE    2A17H     001BH     UNIT         ?PR?TIMER0_INIT?TIMER0
            CODE    2A32H     001BH     UNIT         ?PR?TIMER1_INIT?TIMER1
            CODE    2A4DH     001AH     UNIT         ?PR?BLUETOOTH_IC_HANDLE_INIT?BLUETOOTH_IC_HANDLE
            CODE    2A67H     0019H     UNIT         ?PR?CHARGE_DET_INIT?CHARGE_DET
            CODE    2A80H     0018H     UNIT         ?PR?_DELAY_MS?SYSTEM
            CODE    2A98H     0018H     UNIT         ?PR?WUT_IRQHANDLER?LOW_POWER
            CODE    2AB0H     0017H     UNIT         ?PR?ADC_GET_VAL_ONCE?ADC
            CODE    2AC7H     0017H     UNIT         ?PR?BAT_PERCENT_UPDATE_TIME_ADD?BATTERY_MONITOR
            CODE    2ADEH     0016H     UNIT         ?PR?PWM
            CODE    2AF4H     0016H     UNIT         ?PR?_BAT_VOL_HISTORY_BUFF_INIT?BATTERY_MONITOR
            CODE    2B0AH     0015H     UNIT         ?PR?BAT_PERCENT_UPDATE_TIME_IS_COMES?BATTERY_MONITOR
            CODE    2B1FH     0012H     UNIT         ?PR?ADC_INIT_WHEN_LOW_PWR_OUT?ADC
            CODE    2B31H     0012H     UNIT         ?PR?UART_RECEIVER_RESET?UART_DATA_HANDLE
            CODE    2B43H     0012H     UNIT         ?PR?USER_DEBUG_PIN_INIT?USER_TEST
            CODE    2B55H     0011H     UNIT         ?PR?ADC_PIN_INIT?ADC
            CODE    2B66H     0010H     UNIT         ?PR?BLE_IC_DISABLE_POST?BLUETOOTH_IC_HANDLE
            CODE    2B76H     000FH     UNIT         ?PR?AD_KEY
            CODE    2B85H     000FH     UNIT         ?PR?LED_CTL_INIT?LED
            CODE    2B94H     000EH     UNIT         ?PR?BLE_IC_DISABLE_PRE?BLUETOOTH_IC_HANDLE
            CODE    2BA2H     000DH     UNIT         ?PR?LED_YELLOW_ON?LED
            CODE    2BAFH     000DH     UNIT         ?PR?LED_WHITE_ON?LED
            CODE    2BBCH     000BH     UNIT         ?PR?_DELAY?SYSTEM
            CODE    2BC7H     000AH     UNIT         ?CO?MAIN
            CODE    2BD1H     0009H     UNIT         ?PR?_PWM_SET_CHANNEL_0_DUTY?PWM
            CODE    2BDAH     0009H     UNIT         ?PR?_PWM_SET_CHANNEL_1_DUTY?PWM
            CODE    2BE3H     0009H     UNIT         ?PR?UART0_RXBUFFER_GET_COUNT?UART0
            CODE    2BECH     0008H     UNIT         ?PR?_PUTCHAR?UART0
            CODE    2BF4H     0008H     UNIT         ?PR?_UART0_SENDBYTE?UART0
            CODE    2BFCH     0008H     UNIT         ?PR?LED_YELLOW_OFF?LED
            CODE    2C04H     0008H     UNIT         ?PR?LED_WHITE_OFF?LED
            CODE    2C0CH     0008H     UNIT         ?PR?BAT_PERCENT_UPDATE_TIME_RESET?BATTERY_MONITOR
            CODE    2C14H     0007H     UNIT         ?PR?UART0



OVERLAY MAP OF MODULE:   .\Release\Objects\Demo (?C_STARTUP)


SEGMENT                                             BIT_GROUP          DATA_GROUP          XDATA_GROUP
  +--> CALLED SEGMENT                            START    LENGTH     START    LENGTH     START    LENGTH
--------------------------------------------------------------------------------------------------------
?C_C51STARTUP                                    -----    -----      -----    -----      -----    -----
  +--> ?PR?MAIN?MAIN
  +--> ?C_INITSEG

?PR?MAIN?MAIN                                    -----    -----      -----    -----      -----    -----
  +--> ?PR?SYSTEM_INIT?SYSTEM
  +--> ?PR?USER_INIT?MAIN
  +--> ?PR?_DELAY_MS?SYSTEM
  +--> ?PR?_KEY_DRIVER_SCAN?KEY_DRIVER
  +--> ?PR?AD_KEY_HANDLE?AD_KEY
  +--> ?PR?UART_DATA_HANDLE?UART_DATA_HANDLE
  +--> ?PR?BATTERY_MONITOR_HANDLE?BATTERY_MO...
  +--> ?PR?CHARGE_DET?CHARGE_DET
  +--> ?PR?LOW_POWER_HANDLE?LOW_POWER

?PR?SYSTEM_INIT?SYSTEM                           -----    -----      -----    -----      -----    -----
BL51 BANKED LINKER/LOCATER V6.22.4.0                                                  06/29/2026  18:02:35  PAGE 5


  +--> ?PR?_DELAY?SYSTEM
  +--> ?PR?_DELAY_MS?SYSTEM

?PR?_DELAY_MS?SYSTEM                             -----    -----      -----    -----      -----    -----
  +--> ?PR?_DELAY?SYSTEM

?PR?USER_INIT?MAIN                               -----    -----      -----    -----      -----    -----
  +--> ?PR?ADC_PIN_INIT?ADC
  +--> ?PR?ADC_INIT?ADC
  +--> ?PR?LED_INIT?LED
  +--> ?PR?UART0_INIT?UART0
  +--> ?PR?PWM_INIT?PWM
  +--> ?PR?BLUETOOTH_IC_HANDLE_INIT?BLUETOOT...
  +--> ?PR?UART_RECEIVER_RESET?UART_DATA_HANDLE
  +--> ?PR?LED_CTL_INIT?LED
  +--> ?PR?CHARGE_DET_INIT?CHARGE_DET
  +--> ?PR?TIMER0_INIT?TIMER0
  +--> ?PR?TIMER1_INIT?TIMER1
  +--> ?PR?USER_DEBUG_PIN_INIT?USER_TEST
  +--> ?CO?MAIN
  +--> ?PR?PRINTF?PRINTF

?PR?ADC_INIT?ADC                                 -----    -----      -----    -----      -----    -----
  +--> ?PR?_DELAY_MS?SYSTEM

?PR?LED_INIT?LED                                 -----    -----      -----    -----      -----    -----
  +--> ?PR?LED

?PR?PWM_INIT?PWM                                 -----    -----      -----    -----      -----    -----
  +--> ?PR?PWM

?PR?PRINTF?PRINTF                                0021H.1  0001H.1    000DH    0005H      6239H    0028H
  +--> ?PR?_PUTCHAR?UART0

?PR?_KEY_DRIVER_SCAN?KEY_DRIVER                  -----    -----      -----    -----      6206H    0002H
  +--> ?PR?KEY_DRIVER

?PR?AD_KEY_HANDLE?AD_KEY                         -----    -----      -----    -----      6206H    0001H
  +--> ?PR?_AD_KEY_GET_EVENT?AD_KEY
  +--> ?PR?LED_STATUS_SWITCH?LED
  +--> ?PR?_UART_DATA_SEND_CMD?UART_DATA_HANDLE
  +--> ?PR?BLE_IC_DISABLE_PRE?BLUETOOTH_IC_H...
  +--> ?PR?BLE_IC_ENABLE?BLUETOOTH_IC_HANDLE

?PR?_AD_KEY_GET_EVENT?AD_KEY                     -----    -----      -----    -----      -----    -----
  +--> ?PR?AD_KEY

?PR?LED_STATUS_SWITCH?LED                        -----    -----      -----    -----      -----    -----
  +--> ?PR?_LED_STATUS_SET?LED

?PR?_LED_STATUS_SET?LED                          -----    -----      -----    -----      6207H    0001H
  +--> ?PR?LED_YELLOW_OFF?LED
  +--> ?PR?LED_WHITE_OFF?LED
  +--> ?PR?LED_WHITE_ON?LED
  +--> ?PR?LED_YELLOW_ON?LED

?PR?LED_WHITE_ON?LED                             -----    -----      -----    -----      -----    -----
BL51 BANKED LINKER/LOCATER V6.22.4.0                                                  06/29/2026  18:02:35  PAGE 6


  +--> ?PR?_PWM_SET_CHANNEL_1_DUTY?PWM

?PR?_PWM_SET_CHANNEL_1_DUTY?PWM                  -----    -----      -----    -----      -----    -----
  +--> ?PR?PWM

?PR?LED_YELLOW_ON?LED                            -----    -----      -----    -----      -----    -----
  +--> ?PR?_PWM_SET_CHANNEL_0_DUTY?PWM

?PR?_PWM_SET_CHANNEL_0_DUTY?PWM                  -----    -----      -----    -----      -----    -----
  +--> ?PR?PWM

?PR?_UART_DATA_SEND_CMD?UART_DATA_HANDLE         -----    -----      -----    -----      6207H    0009H
  +--> ?CO?UART_DATA_HANDLE
  +--> ?PR?_UART0_SENDBUF?UART0

?PR?_UART0_SENDBUF?UART0                         -----    -----      -----    -----      6210H    0003H
  +--> ?PR?_UART0_SENDBYTE?UART0

?PR?BLE_IC_DISABLE_PRE?BLUETOOTH_IC_H...         -----    -----      -----    -----      -----    -----
  +--> ?PR?_UART_DATA_SEND_CMD?UART_DATA_HANDLE
  +--> ?CO?BLUETOOTH_IC_HANDLE
  +--> ?PR?PRINTF?PRINTF

?PR?BLE_IC_ENABLE?BLUETOOTH_IC_HANDLE            -----    -----      -----    -----      -----    -----
  +--> ?PR?_DELAY_MS?SYSTEM
  +--> ?PR?_UART_DATA_SEND_CMD?UART_DATA_HANDLE
  +--> ?CO?BLUETOOTH_IC_HANDLE
  +--> ?PR?PRINTF?PRINTF

?PR?UART_DATA_HANDLE?UART_DATA_HANDLE            -----    -----      -----    -----      6206H    0002H
  +--> ?PR?UART_RECEIVER_RESET?UART_DATA_HANDLE
  +--> ?PR?UART_RECEIVER_TIMEOUT_HANDLER?UAR...
  +--> ?PR?UART0_RXBUFFER_GET_COUNT?UART0
  +--> ?PR?UART0_RXBUFFER_GET_BYTE?UART0
  +--> ?PR?_UART_RECEIVER_PROCESS_BYTE?UART_...
  +--> ?CO?UART_DATA_HANDLE
  +--> ?PR?PRINTF?PRINTF
  +--> ?PR?UART_DATA_HANDLE
  +--> ?PR?BLE_IC_DISABLE_POST?BLUETOOTH_IC_...

?PR?UART_RECEIVER_TIMEOUT_HANDLER?UAR...         -----    -----      -----    -----      6208H    0001H
  +--> ?CO?UART_DATA_HANDLE
  +--> ?PR?UART_DATA_HANDLE
  +--> ?PR?PRINTF?PRINTF
  +--> ?PR?UART_RECEIVER_RESET?UART_DATA_HANDLE

?PR?UART0_RXBUFFER_GET_BYTE?UART0                -----    -----      -----    -----      -----    -----
  +--> ?PR?UART0

?PR?_UART_RECEIVER_PROCESS_BYTE?UART_...         -----    -----      -----    -----      6208H    0001H
  +--> ?PR?UART_DATA_HANDLE
  +--> ?PR?UART_RECEIVER_PROCESS_CHECKSUM?UA...

?PR?UART_RECEIVER_PROCESS_CHECKSUM?UA...         -----    -----      -----    -----      -----    -----
  +--> ?PR?UART_DATA_HANDLE
  +--> ?CO?UART_DATA_HANDLE
  +--> ?PR?PRINTF?PRINTF
BL51 BANKED LINKER/LOCATER V6.22.4.0                                                  06/29/2026  18:02:35  PAGE 7



?PR?BLE_IC_DISABLE_POST?BLUETOOTH_IC_...         -----    -----      -----    -----      -----    -----
  +--> ?CO?BLUETOOTH_IC_HANDLE
  +--> ?PR?PRINTF?PRINTF

?PR?BATTERY_MONITOR_HANDLE?BATTERY_MO...         -----    -----      -----    -----      -----    -----
  +--> ?PR?_BAT_VOL_HISTORY_BUFF_ADD?BATTERY...
  +--> ?PR?BAT_VOL_HISTORY_BUFF_GET_AVG?BATT...
  +--> ?PR?BATTERY_MONITOR
  +--> ?PR?_GET_BATTERY_PERCENTAGE_BY_VOLTAG...
  +--> ?PR?BAT_PERCENT_UPDATE_TIME_IS_COMES?...
  +--> ?PR?BAT_PERCENT_UPDATE_TIME_RESET?BAT...
  +--> ?PR?PRINTF?PRINTF
  +--> ?CO?BATTERY_MONITOR
  +--> ?PR?_LED_STATUS_SET?LED
  +--> ?PR?_UART_DATA_SEND_CMD?UART_DATA_HANDLE
  +--> ?PR?_DELAY_MS?SYSTEM
  +--> ?PR?BLE_IC_DISABLE_PRE?BLUETOOTH_IC_H...
  +--> ?PR?BLE_IC_ENABLE?BLUETOOTH_IC_HANDLE

?PR?_BAT_VOL_HISTORY_BUFF_ADD?BATTERY...         -----    -----      -----    -----      -----    -----
  +--> ?PR?BATTERY_MONITOR

?PR?BATTERY_MONITOR                              -----    -----      -----    -----      -----    -----
  +--> ?CO?BATTERY_MONITOR

?PR?BAT_VOL_HISTORY_BUFF_GET_AVG?BATT...         -----    -----      -----    -----      6206H    0005H
  +--> ?PR?BATTERY_MONITOR

?PR?_GET_BATTERY_PERCENTAGE_BY_VOLTAG...         -----    -----      -----    -----      6239H    0006H
  +--> ?PR?BATTERY_MONITOR

?PR?CHARGE_DET?CHARGE_DET                        -----    -----      -----    -----      6206H    0002H
  +--> ?PR?_ADC_GET_UPDATE_FLAG?ADC
  +--> ?PR?_ADC_CLEAR_UPDATE_FLAG?ADC
  +--> ?PR?_ADC_GET_VAL?ADC
  +--> ?PR?CHARGE_DET

?PR?LOW_POWER_HANDLE?LOW_POWER                   -----    -----      -----    -----      6206H    0005H
  +--> ?CO?LOW_POWER
  +--> ?PR?PRINTF?PRINTF
  +--> ?PR?LOW_POWER_IN?LOW_POWER
  +--> ?PR?LOW_POWER_OUT?LOW_POWER
  +--> ?PR?UART0_INIT?UART0
  +--> ?PR?ADC_PIN_INIT?ADC
  +--> ?PR?ADC_INIT_WHEN_LOW_PWR_OUT?ADC
  +--> ?PR?_ADC_CHANNEL_SEL?ADC
  +--> ?PR?_DELAY_MS?SYSTEM
  +--> ?PR?ADC_GET_VAL_ONCE?ADC
  +--> ?PR?_GET_BATTERY_VOLTAGE_BY_ADC?BATTE...
  +--> ?PR?USER_INIT?MAIN

?PR?LOW_POWER_IN?LOW_POWER                       -----    -----      -----    -----      -----    -----
  +--> ?PR?_DELAY_MS?SYSTEM

?PR?LOW_POWER_OUT?LOW_POWER                      -----    -----      -----    -----      -----    -----
  +--> ?PR?UART0_INIT?UART0
BL51 BANKED LINKER/LOCATER V6.22.4.0                                                  06/29/2026  18:02:35  PAGE 8



?PR?ADC_GET_VAL_ONCE?ADC                         -----    -----      -----    -----      -----    -----
  +--> ?PR?ADC

?PR?ADC                                          -----    -----      -----    -----      -----    -----
  +--> ?PR?_ADC_CHANNEL_SEL?ADC

?C_INITSEG                                       -----    -----      -----    -----      -----    -----
  +--> ?PR?AD_KEY_GET_KEY_VAL?AD_KEY

?PR?AD_KEY_GET_KEY_VAL?AD_KEY                    -----    -----      -----    -----      6206H    0001H
  +--> ?PR?_ADC_GET_UPDATE_FLAG?ADC
  +--> ?PR?_ADC_CLEAR_UPDATE_FLAG?ADC
  +--> ?PR?_ADC_GET_VAL?ADC
  +--> ?PR?_AD_KEY_VAL_TO_AD_KEY_INDEX?AD_KEY

?PR?_AD_KEY_VAL_TO_AD_KEY_INDEX?AD_KEY           -----    -----      -----    -----      6207H    0002H

*** NEW ROOT ***************************************************

?PR?ADC_IRQHANDLER?ADC                           -----    -----      -----    -----      6233H    0002H
  +--> ?PR?ADC
  +--> ?PR?_ADC_UPDATE_VAL?ADC
  +--> ?PR?BATTERY_VOLTAGE_UPDATE_BY_ISR?BAT...

?PR?BATTERY_VOLTAGE_UPDATE_BY_ISR?BAT...         -----    -----      -----    -----      6235H    0004H
  +--> ?PR?_ADC_GET_UPDATE_FLAG?ADC
  +--> ?PR?_ADC_CLEAR_UPDATE_FLAG?ADC
  +--> ?PR?_ADC_GET_VAL?ADC
  +--> ?PR?_GET_BATTERY_VOLTAGE_BY_ADC?BATTE...
  +--> ?PR?BATTERY_MONITOR
  +--> ?PR?_BAT_VOL_HISTORY_BUFF_INIT?BATTER...
  +--> ?PR?_GET_BATTERY_PERCENTAGE_BY_VOLTAG...
  +--> ?CO?BATTERY_MONITOR
  +--> ?PR?PRINTF?PRINTF

?PR?_BAT_VOL_HISTORY_BUFF_INIT?BATTER...         -----    -----      -----    -----      -----    -----
  +--> ?PR?BATTERY_MONITOR

*** NEW ROOT ***************************************************

?PR?TIMR0_IRQHANDLER?TIMER0                      -----    -----      -----    -----      -----    -----
  +--> ?PR?ADC_SCAN?ADC
  +--> ?PR?CHARGE_DET_TIME_ADD?CHARGE_DET
  +--> ?PR?UART_RECEIVER_TIMEOUT_ADD?UART_DA...
  +--> ?PR?BAT_VOL_UPDATE_TIMER_CALLBACK?BAT...
  +--> ?PR?BAT_VOL_BUFF_ADD_TIMER_CALLBACK?B...
  +--> ?PR?BAT_VOL_BUFF_GET_AVG_TIMER_CALLBA...
  +--> ?PR?LED_SLOW_ADJUST_ISR?LED
  +--> ?PR?LED_RED_BLUE_FLASH_1MS_ISR?LED
  +--> ?PR?LED_BAT_INSTRUCTION_TIMER_CALLBAC...
  +--> ?PR?LOW_POWER_ENTER_TIMER_CALLBACK?LO...
  +--> ?PR?SEND_LOW_BAT_TIMER_CALLBACK?BATTE...
  +--> ?PR?BAT_PERCENT_UPDATE_TIME_ADD?BATTE...
  +--> ?PR?DEBUG_TIME_ADD?USER_TEST

?PR?ADC_SCAN?ADC                                 -----    -----      -----    -----      -----    -----
BL51 BANKED LINKER/LOCATER V6.22.4.0                                                  06/29/2026  18:02:35  PAGE 9


  +--> ?PR?ADC

?PR?BAT_VOL_BUFF_ADD_TIMER_CALLBACK?B...         -----    -----      -----    -----      -----    -----
  +--> ?PR?BATTERY_MONITOR

?PR?BAT_VOL_BUFF_GET_AVG_TIMER_CALLBA...         -----    -----      -----    -----      -----    -----
  +--> ?PR?BATTERY_MONITOR

?PR?LED_SLOW_ADJUST_ISR?LED                      -----    -----      -----    -----      -----    -----
  +--> ?PR?LED
  +--> ?PR?_PWM_SET_CHANNEL_0_DUTY?PWM
  +--> ?PR?_PWM_SET_CHANNEL_1_DUTY?PWM

?PR?LED_RED_BLUE_FLASH_1MS_ISR?LED               -----    -----      -----    -----      6261H    0002H
  +--> ?PR?LED

?PR?LED_BAT_INSTRUCTION_TIMER_CALLBAC...         -----    -----      -----    -----      -----    -----
  +--> ?PR?LED

?PR?LOW_POWER_ENTER_TIMER_CALLBACK?LO...         -----    -----      -----    -----      -----    -----
  +--> ?PR?IS_LOW_POWER_CONDITION_ESTABLISH?...

?PR?SEND_LOW_BAT_TIMER_CALLBACK?BATTE...         -----    -----      -----    -----      -----    -----
  +--> ?PR?BATTERY_MONITOR

*** NEW ROOT ***************************************************

?PR?TIMR1_IRQHANDLER?TIMER1                      -----    -----      -----    -----      -----    -----
  +--> ?PR?DETECT_1KHZ_SIGNAL_100US?CHARGE_DET
  +--> ?PR?DETECT_DISCHARGE_1KHZ_SIGNAL_100U...

?PR?DETECT_1KHZ_SIGNAL_100US?CHARGE_DET          -----    -----      -----    -----      6263H    0001H
  +--> ?PR?CHARGE_DET

?PR?DETECT_DISCHARGE_1KHZ_SIGNAL_100U...         -----    -----      -----    -----      6263H    0001H
  +--> ?PR?CHARGE_DET

*** NEW ROOT ***************************************************

?PR?UART0_IRQHANDLER?UART0                       -----    -----      -----    -----      6264H    0001H
  +--> ?PR?_UART0_RXBUFFER_PUT_BYTE?UART0

?PR?_UART0_RXBUFFER_PUT_BYTE?UART0               -----    -----      -----    -----      -----    -----
  +--> ?PR?UART0



SYMBOL TABLE OF MODULE:  .\Release\Objects\Demo (?C_STARTUP)

  VALUE           TYPE          NAME
  ----------------------------------

  -------         MODULE        ?C_STARTUP
  C:1DB9H         SEGMENT       ?C_C51STARTUP
  I:0023H         SEGMENT       ?STACK
  C:0000H         PUBLIC        ?C_STARTUP
  D:00E0H         SYMBOL        ACC
BL51 BANKED LINKER/LOCATER V6.22.4.0                                                  06/29/2026  18:02:35  PAGE 10


  D:00F0H         SYMBOL        B
  D:0083H         SYMBOL        DPH
  D:0082H         SYMBOL        DPL
  N:0000H         SYMBOL        IBPSTACK
  N:0100H         SYMBOL        IBPSTACKTOP
  N:0080H         SYMBOL        IDATALEN
  C:1DBCH         SYMBOL        IDATALOOP
  N:0000H         SYMBOL        PBPSTACK
  N:0100H         SYMBOL        PBPSTACKTOP
  N:0000H         SYMBOL        PDATALEN
  N:0000H         SYMBOL        PDATASTART
  N:0000H         SYMBOL        PPAGE
  N:0000H         SYMBOL        PPAGEENABLE
  D:00A0H         SYMBOL        PPAGE_SFR
  D:0081H         SYMBOL        SP
  C:1DB9H         SYMBOL        STARTUP1
  N:0000H         SYMBOL        XBPSTACK
  N:0000H         SYMBOL        XBPSTACKTOP
  N:0000H         SYMBOL        XDATALEN
  N:0000H         SYMBOL        XDATASTART
  C:0000H         LINE#         126
  C:1DB9H         LINE#         133
  C:1DBBH         LINE#         134
  C:1DBCH         LINE#         135
  C:1DBDH         LINE#         136
  C:1DBFH         LINE#         185
  C:1DC2H         LINE#         196
  -------         ENDMOD        ?C_STARTUP

  -------         MODULE        SYSTEM
  C:0000H         SYMBOL        _ICE_DUMMY_
  D:00A7H         PUBLIC        FLASH_TIMEREG0
  D:00ACH         PUBLIC        FLASH_TIMEREG1
  C:2BBCH         PUBLIC        _delay
  C:2A80H         PUBLIC        _delay_ms
  C:197DH         PUBLIC        system_init
  -------         PROC          _DELAY
  D:0006H         SYMBOL        cnt
  C:2BBCH         LINE#         37
  C:2BBCH         LINE#         38
  C:2BBCH         LINE#         39
  C:2BC6H         LINE#         40
  C:2BC6H         LINE#         41
  C:2BC6H         LINE#         42
  -------         ENDPROC       _DELAY
  -------         PROC          _DELAY_MS
  D:0002H         SYMBOL        ms
  C:2A80H         LINE#         49
  C:2A84H         LINE#         50
  C:2A84H         LINE#         51
  C:2A8EH         LINE#         52
  C:2A8EH         LINE#         53
  C:2A95H         LINE#         54
  C:2A97H         LINE#         55
  -------         ENDPROC       _DELAY_MS
  -------         PROC          SYSTEM_INIT
  -------         DO            
BL51 BANKED LINKER/LOCATER V6.22.4.0                                                  06/29/2026  18:02:35  PAGE 11


  D:0007H         SYMBOL        i
  -------         ENDDO         
  C:197DH         LINE#         62
  C:197DH         LINE#         63
  C:197DH         LINE#         66
  C:1984H         LINE#         67
  C:1991H         LINE#         68
  C:1994H         LINE#         69
  C:1997H         LINE#         70
  C:199DH         LINE#         71
  C:19A3H         LINE#         72
  C:19A9H         LINE#         76
  C:19ABH         LINE#         77
  C:19ABH         LINE#         78
  C:19B8H         LINE#         79
  C:19BDH         LINE#         81
  C:1A4BH         LINE#         82
  -------         ENDPROC       SYSTEM_INIT
  -------         ENDMOD        SYSTEM

  -------         MODULE        ADC
  C:0000H         SYMBOL        _ICE_DUMMY_
  D:00A8H         PUBLIC        IE0
  D:00A9H         PUBLIC        IE1
  D:00AAH         PUBLIC        IE2
  D:00ABH         PUBLIC        IE3
  B:00A8H.7       PUBLIC        IE_EA
  D:00B8H         PUBLIC        IP0
  D:00B1H         PUBLIC        IP1
  D:00B2H         PUBLIC        IP2
  D:00B3H         PUBLIC        IP3
  D:00B4H         PUBLIC        IP4
  D:00B5H         PUBLIC        IP5
  D:00B6H         PUBLIC        IP6
  D:00B7H         PUBLIC        IP7
  D:0093H         PUBLIC        ADC_DATAH0
  D:0094H         PUBLIC        ADC_DATAL0
  D:0099H         PUBLIC        ADC_CHS0
  X:6326H         PUBLIC        cur_adc_status
  C:2B55H         PUBLIC        adc_pin_init
  C:2952H         PUBLIC        adc_init
  C:212AH         PUBLIC        adc_scan
  C:2B1FH         PUBLIC        adc_init_when_low_pwr_out
  C:255FH         PUBLIC        _adc_update_val
  C:278FH         PUBLIC        _adc_get_val
  C:28E6H         PUBLIC        _adc_get_update_flag
  C:0024H         PUBLIC        _adc_clear_update_flag
  C:236BH         PUBLIC        _adc_channel_sel
  C:2AB0H         PUBLIC        adc_get_val_once
  X:6327H         SYMBOL        adc_adkey_val
  B:0022H.2       SYMBOL        flag_is_adkey_val_update
  X:6329H         SYMBOL        adc_bat_det_val
  B:0022H.3       SYMBOL        flag_is_adc_bat_det_val_update
  X:632BH         SYMBOL        adc_solar_det_val
  B:0022H.4       SYMBOL        flag_is_adc_solar_det_val_update
  X:632DH         SYMBOL        adc_type_c_det_val
  B:0022H.5       SYMBOL        flag_is_adc_type_c_det_val_update
BL51 BANKED LINKER/LOCATER V6.22.4.0                                                  06/29/2026  18:02:35  PAGE 12


  C:1ED0H         PUBLIC        ADC_IRQHandler
  C:27BDH         SYMBOL        Com0067
  C:27BDH         SYMBOL        L?0104
  C:27BDH         SYMBOL        L?0105
  C:27C7H         SYMBOL        L?0106
  C:27C7H         SYMBOL        L?0107
  C:27D0H         SYMBOL        L?0108
  C:27D0H         SYMBOL        L?0109
  C:27D7H         SYMBOL        L?0110
  C:27E1H         SYMBOL        L?0111
  -------         PROC          COM0067
  -------         ENDPROC       COM0067
  -------         PROC          ADC_PIN_INIT
  C:2B55H         LINE#         22
  C:2B55H         LINE#         23
  C:2B55H         LINE#         25
  C:2B5BH         LINE#         28
  C:2B61H         LINE#         31
  C:2B65H         LINE#         32
  -------         ENDPROC       ADC_PIN_INIT
  -------         PROC          ADC_INIT
  C:2952H         LINE#         34
  C:2952H         LINE#         35
  C:2952H         LINE#         36
  C:2957H         LINE#         38
  C:295DH         LINE#         42
  C:2960H         LINE#         43
  C:2962H         LINE#         45
  C:2968H         LINE#         47
  C:296DH         LINE#         50
  -------         ENDPROC       ADC_INIT
  -------         PROC          _ADC_UPDATE_VAL
  D:0007H         SYMBOL        adc_channel
  D:0004H         SYMBOL        adc_val
  C:255FH         LINE#         59
  C:255FH         LINE#         60
  C:255FH         LINE#         61
  C:256EH         LINE#         62
  C:256EH         LINE#         63
  C:256EH         LINE#         64
  C:2576H         LINE#         65
  C:2578H         LINE#         66
  C:2579H         LINE#         67
  C:2579H         LINE#         68
  C:2581H         LINE#         69
  C:2583H         LINE#         70
  C:2584H         LINE#         71
  C:2584H         LINE#         72
  C:258CH         LINE#         73
  C:258EH         LINE#         74
  C:258FH         LINE#         75
  C:258FH         LINE#         76
  C:2599H         LINE#         77
  C:259BH         LINE#         78
  C:259BH         LINE#         79
  C:259BH         LINE#         80
  -------         ENDPROC       _ADC_UPDATE_VAL
BL51 BANKED LINKER/LOCATER V6.22.4.0                                                  06/29/2026  18:02:35  PAGE 13


  -------         PROC          _ADC_GET_VAL
  D:0007H         SYMBOL        adc_channel
  -------         DO            
  D:0004H         SYMBOL        ret
  -------         ENDDO         
  C:278FH         LINE#         82
  C:278FH         LINE#         83
  C:278FH         LINE#         84
  C:2792H         LINE#         85
  C:27A1H         LINE#         86
  C:27A1H         LINE#         87
  C:27A1H         LINE#         88
  C:27A4H         LINE#         89
  C:27A6H         LINE#         90
  C:27A6H         LINE#         91
  C:27A9H         LINE#         92
  C:27ABH         LINE#         93
  C:27ABH         LINE#         94
  C:27AEH         LINE#         95
  C:27B0H         LINE#         96
  C:27B0H         LINE#         97
  C:27B8H         LINE#         98
  C:27B8H         LINE#         100
  C:27B8H         LINE#         101
  C:27B8H         LINE#         102
  C:27B8H         LINE#         104
  C:27BCH         LINE#         105
  -------         ENDPROC       _ADC_GET_VAL
  -------         PROC          _ADC_GET_UPDATE_FLAG
  D:0007H         SYMBOL        adc_channel
  -------         DO            
  D:0006H         SYMBOL        ret
  -------         ENDDO         
  C:28E6H         LINE#         108
  C:28E6H         LINE#         109
  C:28E6H         LINE#         110
  C:28E8H         LINE#         111
  C:28F7H         LINE#         112
  C:28F7H         LINE#         113
  C:28F7H         LINE#         114
  C:28F9H         LINE#         115
  C:28FBH         LINE#         116
  C:28FBH         LINE#         117
  C:28FDH         LINE#         118
  C:28FFH         LINE#         119
  C:28FFH         LINE#         120
  C:2901H         LINE#         121
  C:2903H         LINE#         122
  C:2903H         LINE#         123
  C:2908H         LINE#         124
  C:2908H         LINE#         126
  C:2908H         LINE#         127
  C:2908H         LINE#         128
  C:2908H         LINE#         130
  C:290AH         LINE#         131
  -------         ENDPROC       _ADC_GET_UPDATE_FLAG
  -------         PROC          _ADC_CLEAR_UPDATE_FLAG
BL51 BANKED LINKER/LOCATER V6.22.4.0                                                  06/29/2026  18:02:35  PAGE 14


  D:0007H         SYMBOL        adc_channel
  C:0024H         LINE#         134
  C:0024H         LINE#         135
  C:0024H         LINE#         136
  C:0033H         LINE#         137
  C:0033H         LINE#         138
  C:0033H         LINE#         139
  C:0035H         LINE#         140
  C:0036H         LINE#         141
  C:0036H         LINE#         142
  C:0038H         LINE#         143
  C:0039H         LINE#         144
  C:0039H         LINE#         145
  C:003BH         LINE#         146
  C:003CH         LINE#         147
  C:003CH         LINE#         148
  C:003EH         LINE#         149
  C:003EH         LINE#         151
  C:003EH         LINE#         152
  C:003EH         LINE#         153
  C:003EH         LINE#         154
  -------         ENDPROC       _ADC_CLEAR_UPDATE_FLAG
  -------         PROC          _ADC_CHANNEL_SEL
  D:0007H         SYMBOL        adc_channel
  C:236BH         LINE#         156
  C:236BH         LINE#         157
  C:236BH         LINE#         158
  C:2372H         LINE#         162
  C:2381H         LINE#         163
  C:2381H         LINE#         164
  C:2381H         LINE#         166
  C:2388H         LINE#         168
  C:238BH         LINE#         169
  C:238DH         LINE#         170
  C:238DH         LINE#         171
  C:2394H         LINE#         174
  C:2397H         LINE#         176
  C:2399H         LINE#         177
  C:2399H         LINE#         181
  C:23A0H         LINE#         184
  C:23A3H         LINE#         185
  C:23A5H         LINE#         187
  C:23A5H         LINE#         188
  C:23ACH         LINE#         191
  C:23AFH         LINE#         192
  C:23AFH         LINE#         194
  C:23AFH         LINE#         195
  C:23AFH         LINE#         196
  C:23AFH         LINE#         198
  C:23B5H         LINE#         200
  -------         ENDPROC       _ADC_CHANNEL_SEL
  -------         PROC          ADC_INIT_WHEN_LOW_PWR_OUT
  C:2B1FH         LINE#         203
  C:2B1FH         LINE#         204
  C:2B1FH         LINE#         205
  C:2B25H         LINE#         208
  C:2B2BH         LINE#         209
BL51 BANKED LINKER/LOCATER V6.22.4.0                                                  06/29/2026  18:02:35  PAGE 15


  C:2B30H         LINE#         211
  -------         ENDPROC       ADC_INIT_WHEN_LOW_PWR_OUT
  -------         PROC          ADC_GET_VAL_ONCE
  C:2AB0H         LINE#         214
  C:2AB0H         LINE#         215
  C:2AB0H         LINE#         216
  C:2AB6H         LINE#         217
  C:2ABCH         LINE#         219
  C:2ABEH         LINE#         220
  C:2AC6H         LINE#         221
  -------         ENDPROC       ADC_GET_VAL_ONCE
  -------         PROC          ADC_SCAN
  C:212AH         LINE#         224
  C:212AH         LINE#         225
  C:212AH         LINE#         227
  C:2150H         LINE#         228
  C:2150H         LINE#         229
  C:2150H         LINE#         231
  C:2150H         LINE#         232
  C:2152H         LINE#         233
  C:2158H         LINE#         234
  C:2159H         LINE#         235
  C:2159H         LINE#         237
  C:2159H         LINE#         238
  C:215FH         LINE#         239
  C:2160H         LINE#         240
  C:2160H         LINE#         241
  C:2162H         LINE#         242
  C:2168H         LINE#         243
  C:2169H         LINE#         244
  C:2169H         LINE#         249
  C:2169H         LINE#         250
  C:216FH         LINE#         251
  C:2170H         LINE#         252
  C:2170H         LINE#         253
  C:2172H         LINE#         254
  C:2178H         LINE#         255
  C:2179H         LINE#         256
  C:2179H         LINE#         257
  C:2179H         LINE#         258
  C:217FH         LINE#         259
  C:2180H         LINE#         260
  C:2180H         LINE#         261
  C:2182H         LINE#         262
  C:2188H         LINE#         263
  C:2189H         LINE#         264
  C:2189H         LINE#         265
  C:2189H         LINE#         266
  C:218FH         LINE#         267
  C:218FH         LINE#         269
  C:218FH         LINE#         270
  C:218FH         LINE#         271
  C:218FH         LINE#         272
  -------         ENDPROC       ADC_SCAN
  -------         PROC          ADC_IRQHANDLER
  -------         DO            
  X:6233H         SYMBOL        adc_val
BL51 BANKED LINKER/LOCATER V6.22.4.0                                                  06/29/2026  18:02:35  PAGE 16


  -------         ENDDO         
  C:1ED0H         LINE#         274
  C:1EEDH         LINE#         279
  C:1EEDH         LINE#         283
  C:1EF3H         LINE#         284
  C:1EF3H         LINE#         285
  C:1EF6H         LINE#         286
  C:1F05H         LINE#         288
  C:1F19H         LINE#         289
  C:1F19H         LINE#         290
  C:1F19H         LINE#         291
  C:1F1EH         LINE#         292
  C:1F20H         LINE#         293
  C:1F20H         LINE#         294
  C:1F28H         LINE#         299
  C:1F2BH         LINE#         300
  C:1F2DH         LINE#         301
  C:1F2DH         LINE#         302
  C:1F32H         LINE#         303
  C:1F34H         LINE#         304
  C:1F34H         LINE#         305
  C:1F3CH         LINE#         306
  C:1F3CH         LINE#         308
  C:1F3CH         LINE#         309
  C:1F3CH         LINE#         310
  C:1F3CH         LINE#         311
  C:1F3CH         LINE#         314
  C:1F3CH         LINE#         315
  -------         ENDPROC       ADC_IRQHANDLER
  -------         ENDMOD        ADC

  -------         MODULE        PWM
  C:0000H         SYMBOL        _ICE_DUMMY_
  B:00A0H.7       PUBLIC        P27
  B:00B0H.0       PUBLIC        P30
  C:1E45H         PUBLIC        pwm_init
  C:2BD1H         PUBLIC        _pwm_set_channel_0_duty
  C:2BDAH         PUBLIC        _pwm_set_channel_1_duty
  C:2ADEH         SYMBOL        Com0004
  C:2ADEH         SYMBOL        L?0005
  C:2AE9H         SYMBOL        L?0006
  -------         PROC          COM0004
  -------         ENDPROC       COM0004
  -------         PROC          PWM_INIT
  C:1E45H         LINE#         3
  C:1E45H         LINE#         4
  C:1E45H         LINE#         6
  C:1E4BH         LINE#         7
  C:1E4FH         LINE#         9
  C:1E51H         LINE#         10
  C:1E56H         LINE#         13
  C:1E5CH         LINE#         14
  C:1E60H         LINE#         16
  C:1E62H         LINE#         17
  C:1E67H         LINE#         21
  C:1E6DH         LINE#         22
  C:1E72H         LINE#         23
BL51 BANKED LINKER/LOCATER V6.22.4.0                                                  06/29/2026  18:02:35  PAGE 17


  C:1E77H         LINE#         24
  C:1E7BH         LINE#         25
  C:1E7DH         LINE#         26
  C:1E7DH         LINE#         27
  C:1E7DH         LINE#         29
  C:1E83H         LINE#         30
  C:1E89H         LINE#         31
  C:1E8FH         LINE#         32
  C:1E95H         LINE#         33
  C:1E9BH         LINE#         37
  C:1EA1H         LINE#         38
  C:1EA6H         LINE#         39
  C:1EABH         LINE#         40
  C:1EAFH         LINE#         41
  C:1EB1H         LINE#         42
  C:1EB1H         LINE#         43
  C:1EB1H         LINE#         45
  C:1EB7H         LINE#         46
  C:1EBDH         LINE#         47
  C:1EC3H         LINE#         48
  C:1EC9H         LINE#         49
  C:1ECFH         LINE#         50
  -------         ENDPROC       PWM_INIT
  -------         PROC          _PWM_SET_CHANNEL_0_DUTY
  D:0004H         SYMBOL        channel_duty
  C:2BD1H         LINE#         53
  C:2BD1H         LINE#         54
  C:2BD1H         LINE#         55
  C:2BD3H         LINE#         56
  C:2BD3H         LINE#         57
  C:2BD9H         LINE#         58
  -------         ENDPROC       _PWM_SET_CHANNEL_0_DUTY
  -------         PROC          _PWM_SET_CHANNEL_1_DUTY
  D:0004H         SYMBOL        channel_duty
  C:2BDAH         LINE#         61
  C:2BDAH         LINE#         62
  C:2BDAH         LINE#         63
  C:2BDCH         LINE#         64
  C:2BDCH         LINE#         65
  C:2BE2H         LINE#         66
  -------         ENDPROC       _PWM_SET_CHANNEL_1_DUTY
  -------         ENDMOD        PWM

  -------         MODULE        TIMER0
  C:0000H         SYMBOL        _ICE_DUMMY_
  D:00A8H         PUBLIC        IE0
  D:00A9H         PUBLIC        IE1
  D:00AAH         PUBLIC        IE2
  D:00ABH         PUBLIC        IE3
  B:00A8H.7       PUBLIC        IE_EA
  D:00B8H         PUBLIC        IP0
  D:00B1H         PUBLIC        IP1
  D:00B2H         PUBLIC        IP2
  D:00B3H         PUBLIC        IP3
  D:00B4H         PUBLIC        IP4
  D:00B5H         PUBLIC        IP5
  D:00B6H         PUBLIC        IP6
BL51 BANKED LINKER/LOCATER V6.22.4.0                                                  06/29/2026  18:02:35  PAGE 18


  D:00B7H         PUBLIC        IP7
  D:00D1H         PUBLIC        TMR_ALLCON
  C:2A17H         PUBLIC        timer0_init
  C:204DH         PUBLIC        TIMR0_IRQHandler
  -------         PROC          TIMER0_INIT
  C:2A17H         LINE#         10
  C:2A17H         LINE#         11
  C:2A17H         LINE#         12
  C:2A1AH         LINE#         13
  C:2A1CH         LINE#         15
  C:2A1FH         LINE#         16
  C:2A24H         LINE#         17
  C:2A28H         LINE#         18
  C:2A2DH         LINE#         19
  C:2A31H         LINE#         20
  -------         ENDPROC       TIMER0_INIT
  -------         PROC          TIMR0_IRQHANDLER
  C:204DH         LINE#         24
  C:206AH         LINE#         27
  C:206AH         LINE#         32
  C:2070H         LINE#         33
  C:2070H         LINE#         34
  C:2074H         LINE#         40
  C:207AH         LINE#         41
  C:207DH         LINE#         43
  C:2080H         LINE#         44
  C:2083H         LINE#         46
  C:2086H         LINE#         47
  C:2089H         LINE#         48
  C:208CH         LINE#         50
  C:208FH         LINE#         51
  C:2092H         LINE#         52
  C:2095H         LINE#         54
  C:2098H         LINE#         55
  C:209BH         LINE#         57
  C:209EH         LINE#         60
  C:20A1H         LINE#         63
  C:20A1H         LINE#         66
  C:20A1H         LINE#         67
  -------         ENDPROC       TIMR0_IRQHANDLER
  -------         ENDMOD        TIMER0

  -------         MODULE        TIMER1
  C:0000H         SYMBOL        _ICE_DUMMY_
  D:00A8H         PUBLIC        IE0
  D:00A9H         PUBLIC        IE1
  D:00AAH         PUBLIC        IE2
  D:00ABH         PUBLIC        IE3
  B:00A8H.7       PUBLIC        IE_EA
  D:00B8H         PUBLIC        IP0
  D:00B1H         PUBLIC        IP1
  D:00B2H         PUBLIC        IP2
  D:00B3H         PUBLIC        IP3
  D:00B4H         PUBLIC        IP4
  D:00B5H         PUBLIC        IP5
  D:00B6H         PUBLIC        IP6
  D:00B7H         PUBLIC        IP7
BL51 BANKED LINKER/LOCATER V6.22.4.0                                                  06/29/2026  18:02:35  PAGE 19


  D:00D1H         PUBLIC        TMR_ALLCON
  C:2A32H         PUBLIC        timer1_init
  C:244BH         PUBLIC        TIMR1_IRQHandler
  -------         PROC          TIMER1_INIT
  C:2A32H         LINE#         9
  C:2A32H         LINE#         10
  C:2A32H         LINE#         12
  C:2A35H         LINE#         13
  C:2A37H         LINE#         15
  C:2A3AH         LINE#         16
  C:2A3FH         LINE#         17
  C:2A43H         LINE#         18
  C:2A48H         LINE#         19
  C:2A4CH         LINE#         23
  -------         ENDPROC       TIMER1_INIT
  -------         PROC          TIMR1_IRQHANDLER
  C:244BH         LINE#         27
  C:2468H         LINE#         30
  C:2468H         LINE#         34
  C:246EH         LINE#         35
  C:246EH         LINE#         36
  C:2472H         LINE#         39
  C:2475H         LINE#         40
  C:2478H         LINE#         41
  C:2478H         LINE#         44
  C:2478H         LINE#         45
  -------         ENDPROC       TIMR1_IRQHANDLER
  -------         ENDMOD        TIMER1

  -------         MODULE        UART0
  C:0000H         SYMBOL        _ICE_DUMMY_
  D:00A8H         PUBLIC        IE0
  D:00A9H         PUBLIC        IE1
  D:00AAH         PUBLIC        IE2
  D:00ABH         PUBLIC        IE3
  B:00A8H.7       PUBLIC        IE_EA
  D:00B8H         PUBLIC        IP0
  D:00B1H         PUBLIC        IP1
  D:00B2H         PUBLIC        IP2
  D:00B3H         PUBLIC        IP3
  D:00B4H         PUBLIC        IP4
  D:00B5H         PUBLIC        IP5
  D:00B6H         PUBLIC        IP6
  D:00B7H         PUBLIC        IP7
  D:00D2H         PUBLIC        UART0_CON0
  D:00D4H         PUBLIC        UART0_STA
  D:00D5H         PUBLIC        UART0_BAUD0
  D:00D6H         PUBLIC        UART0_BAUD1
  D:00D7H         PUBLIC        UART0_DATA
  C:2613H         PUBLIC        uart0_init
  C:2BF4H         PUBLIC        _uart0_sendbyte
  C:292FH         PUBLIC        _uart0_sendbuf
  C:2BE3H         PUBLIC        uart0_rxbuffer_get_count
  C:259CH         PUBLIC        uart0_rxbuffer_get_byte
  C:2BECH         PUBLIC        _putchar
  X:6000H         PUBLIC        uart0_rx_buffer
  C:251EH         SYMBOL        _uart0_rxbuffer_put_byte
BL51 BANKED LINKER/LOCATER V6.22.4.0                                                  06/29/2026  18:02:35  PAGE 20


  C:2728H         PUBLIC        UART0_IRQHandler
  C:2C14H         SYMBOL        Com004A
  C:2C14H         SYMBOL        L?0075
  C:2C14H         SYMBOL        L?0076
  -------         PROC          COM004A
  -------         ENDPROC       COM004A
  -------         PROC          _PUTCHAR
  D:0007H         SYMBOL        c
  C:2BECH         LINE#         8
  C:2BECH         LINE#         9
  C:2BECH         LINE#         10
  C:2BF1H         LINE#         12
  C:2BF3H         LINE#         13
  C:2BF3H         LINE#         14
  -------         ENDPROC       _PUTCHAR
  -------         PROC          UART0_INIT
  C:2613H         LINE#         17
  C:2613H         LINE#         18
  C:2613H         LINE#         19
  C:2619H         LINE#         20
  C:261DH         LINE#         21
  C:2624H         LINE#         23
  C:262AH         LINE#         24
  C:2630H         LINE#         25
  C:2636H         LINE#         27
  C:2639H         LINE#         28
  C:263CH         LINE#         29
  C:263FH         LINE#         33
  C:2647H         LINE#         34
  C:264AH         LINE#         35
  C:264CH         LINE#         36
  -------         ENDPROC       UART0_INIT
  -------         PROC          _UART0_SENDBYTE
  D:0007H         SYMBOL        byte
  C:2BF4H         LINE#         39
  C:2BF4H         LINE#         40
  C:2BF4H         LINE#         41
  C:2BF9H         LINE#         44
  C:2BFBH         LINE#         48
  -------         ENDPROC       _UART0_SENDBYTE
  -------         PROC          _UART0_SENDBUF
  X:6210H         SYMBOL        buf
  D:0005H         SYMBOL        len
  -------         DO            
  D:0006H         SYMBOL        i
  -------         ENDDO         
  C:292FH         LINE#         50
  C:2935H         LINE#         51
  C:2935H         LINE#         52
  C:2937H         LINE#         53
  C:293CH         LINE#         54
  C:293CH         LINE#         55
  C:294EH         LINE#         56
  C:2951H         LINE#         57
  -------         ENDPROC       _UART0_SENDBUF
  -------         PROC          UART0_RXBUFFER_GET_COUNT
  C:2BE3H         LINE#         60
BL51 BANKED LINKER/LOCATER V6.22.4.0                                                  06/29/2026  18:02:35  PAGE 21


  C:2BE3H         LINE#         61
  C:2BE3H         LINE#         62
  C:2BEBH         LINE#         63
  -------         ENDPROC       UART0_RXBUFFER_GET_COUNT
  -------         PROC          UART0_RXBUFFER_GET_BYTE
  -------         DO            
  D:0007H         SYMBOL        rxbyte
  -------         ENDDO         
  C:259CH         LINE#         66
  C:259CH         LINE#         67
  C:259CH         LINE#         70
  C:25A6H         LINE#         71
  C:25A6H         LINE#         73
  C:25A8H         LINE#         74
  C:25A8H         LINE#         80
  C:25AEH         LINE#         81
  C:25B7H         LINE#         82
  C:25B7H         LINE#         83
  C:25BBH         LINE#         84
  C:25BBH         LINE#         85
  C:25CDH         LINE#         87
  C:25D7H         LINE#         89
  C:25D7H         LINE#         90
  -------         ENDPROC       UART0_RXBUFFER_GET_BYTE
  -------         PROC          _UART0_RXBUFFER_PUT_BYTE
  D:0007H         SYMBOL        byte
  C:251EH         LINE#         92
  C:251EH         LINE#         93
  C:251EH         LINE#         100
  C:2524H         LINE#         101
  C:252DH         LINE#         102
  C:252DH         LINE#         103
  C:2531H         LINE#         104
  C:2531H         LINE#         105
  C:2543H         LINE#         107
  C:2549H         LINE#         108
  C:2558H         LINE#         109
  C:2558H         LINE#         110
  C:255EH         LINE#         111
  C:255EH         LINE#         112
  -------         ENDPROC       _UART0_RXBUFFER_PUT_BYTE
  -------         PROC          UART0_IRQHANDLER
  -------         DO            
  X:6264H         SYMBOL        recv_byte
  -------         ENDDO         
  C:2728H         LINE#         115
  C:273BH         LINE#         118
  C:273BH         LINE#         121
  C:2740H         LINE#         122
  C:2740H         LINE#         123
  C:2746H         LINE#         124
  C:274BH         LINE#         127
  C:274BH         LINE#         129
  C:274BH         LINE#         130
  -------         ENDPROC       UART0_IRQHANDLER
  -------         ENDMOD        UART0

BL51 BANKED LINKER/LOCATER V6.22.4.0                                                  06/29/2026  18:02:35  PAGE 22


  -------         MODULE        MAIN
  C:0000H         SYMBOL        _ICE_DUMMY_
  D:00D9H         PUBLIC        WDT_KEY
  C:27EBH         PUBLIC        user_init
  C:2286H         PUBLIC        main
  -------         PROC          USER_INIT
  C:27EBH         LINE#         103
  C:27EBH         LINE#         104
  C:27EBH         LINE#         105
  C:27EEH         LINE#         106
  C:27F1H         LINE#         107
  C:27F4H         LINE#         108
  C:27F7H         LINE#         109
  C:27FAH         LINE#         110
  C:27FDH         LINE#         112
  C:2800H         LINE#         113
  C:2803H         LINE#         114
  C:2806H         LINE#         117
  C:2809H         LINE#         118
  C:280CH         LINE#         121
  C:280FH         LINE#         123
  -------         ENDPROC       USER_INIT
  -------         PROC          MAIN
  C:2286H         LINE#         126
  C:2286H         LINE#         127
  C:2286H         LINE#         129
  C:2289H         LINE#         130
  C:228CH         LINE#         133
  C:228FH         LINE#         134
  C:2296H         LINE#         135
  C:2299H         LINE#         138
  C:229EH         LINE#         139
  C:22A0H         LINE#         140
  C:22A3H         LINE#         141
  C:22A5H         LINE#         142
  C:22A8H         LINE#         143
  C:22AAH         LINE#         144
  C:22ADH         LINE#         145
  C:22AFH         LINE#         147
  C:22B2H         LINE#         148
  C:22B9H         LINE#         150
  C:22B9H         LINE#         151
  C:22B9H         LINE#         152
  C:22C2H         LINE#         153
  C:22C5H         LINE#         155
  C:22C8H         LINE#         157
  C:22CBH         LINE#         159
  C:22CEH         LINE#         166
  C:22D1H         LINE#         171
  -------         ENDPROC       MAIN
  -------         ENDMOD        MAIN

  -------         MODULE        UART_DATA_HANDLE
  C:0000H         SYMBOL        _ICE_DUMMY_
  C:2B31H         PUBLIC        uart_receiver_reset
  C:000FH         PUBLIC        uart_receiver_timeout_add
  C:26BDH         PUBLIC        uart_receiver_process_checksum
BL51 BANKED LINKER/LOCATER V6.22.4.0                                                  06/29/2026  18:02:35  PAGE 23


  C:1C7BH         PUBLIC        _uart_receiver_process_byte
  C:2190H         PUBLIC        uart_receiver_timeout_handler
  C:1B15H         PUBLIC        uart_data_handle
  C:24D9H         PUBLIC        _uart_data_send_cmd
  X:62FAH         SYMBOL        uart_receiver
  C:1975H         SYMBOL        _?ix1000
  C:2686H         SYMBOL        Com003C
  C:2686H         SYMBOL        L?0061
  C:2686H         SYMBOL        L?0062
  C:268BH         SYMBOL        L?0063
  C:26A2H         SYMBOL        L?0064
  C:26A7H         SYMBOL        L?0065
  C:26ABH         SYMBOL        L?0066
  C:26B2H         SYMBOL        L?0067
  -------         PROC          COM003C
  -------         ENDPROC       COM003C
  -------         PROC          UART_RECEIVER_RESET
  C:2B31H         LINE#         13
  C:2B31H         LINE#         14
  C:2B31H         LINE#         16
  C:2B36H         LINE#         17
  C:2B3AH         LINE#         18
  C:2B3EH         LINE#         19
  C:2B42H         LINE#         20
  -------         ENDPROC       UART_RECEIVER_RESET
  -------         PROC          UART_RECEIVER_TIMEOUT_ADD
  C:000FH         LINE#         26
  C:000FH         LINE#         27
  C:000FH         LINE#         28
  C:0015H         LINE#         29
  C:0015H         LINE#         30
  C:001DH         LINE#         31
  C:001DH         LINE#         32
  -------         ENDPROC       UART_RECEIVER_TIMEOUT_ADD
  -------         PROC          UART_RECEIVER_PROCESS_CHECKSUM
  -------         DO            
  D:0006H         SYMBOL        i
  D:0007H         SYMBOL        check_sum
  -------         ENDDO         
  C:26BDH         LINE#         39
  C:26BDH         LINE#         40
  C:26BDH         LINE#         42
  C:26BFH         LINE#         43
  C:26C0H         LINE#         44
  C:26C0H         LINE#         45
  C:26C6H         LINE#         46
  C:26CBH         LINE#         48
  C:26D2H         LINE#         49
  C:26D2H         LINE#         50
  C:26D5H         LINE#         51
  C:26D5H         LINE#         53
  C:26D5H         LINE#         57
  C:26F0H         LINE#         60
  C:26F2H         LINE#         61
  C:26F2H         LINE#         62
  -------         ENDPROC       UART_RECEIVER_PROCESS_CHECKSUM
  -------         PROC          _UART_RECEIVER_PROCESS_BYTE
BL51 BANKED LINKER/LOCATER V6.22.4.0                                                  06/29/2026  18:02:35  PAGE 24


  X:6208H         SYMBOL        byte
  C:1C7BH         LINE#         71
  C:1C80H         LINE#         72
  C:1C80H         LINE#         74
  C:1CA3H         LINE#         75
  C:1CA3H         LINE#         76
  C:1CA3H         LINE#         77
  C:1CABH         LINE#         78
  C:1CABH         LINE#         79
  C:1CABH         LINE#         80
  C:1CB0H         LINE#         81
  C:1CB3H         LINE#         82
  C:1CB3H         LINE#         84
  C:1CB3H         LINE#         85
  C:1CB6H         LINE#         86
  C:1CB6H         LINE#         87
  C:1CB6H         LINE#         89
  C:1CB6H         LINE#         90
  C:1CBEH         LINE#         91
  C:1CBEH         LINE#         92
  C:1CBEH         LINE#         93
  C:1CC3H         LINE#         94
  C:1CC6H         LINE#         95
  C:1CC6H         LINE#         97
  C:1CC6H         LINE#         99
  C:1CC9H         LINE#         100
  C:1CC9H         LINE#         101
  C:1CC9H         LINE#         103
  C:1CC9H         LINE#         104
  C:1CD0H         LINE#         105
  C:1CD0H         LINE#         106
  C:1CD0H         LINE#         107
  C:1CD5H         LINE#         108
  C:1CD8H         LINE#         109
  C:1CD8H         LINE#         111
  C:1CD8H         LINE#         112
  C:1CDBH         LINE#         113
  C:1CDBH         LINE#         114
  C:1CDBH         LINE#         116
  C:1CDBH         LINE#         118
  C:1CDBH         LINE#         119
  C:1CE0H         LINE#         120
  C:1CE3H         LINE#         121
  C:1CE3H         LINE#         123
  C:1CE3H         LINE#         125
  C:1CE3H         LINE#         126
  C:1CE8H         LINE#         127
  C:1CEAH         LINE#         128
  C:1CEAH         LINE#         130
  C:1CEAH         LINE#         131
  C:1CF1H         LINE#         132
  C:1CF1H         LINE#         133
  C:1CF1H         LINE#         134
  C:1CF6H         LINE#         135
  C:1CF8H         LINE#         136
  C:1CF8H         LINE#         138
  C:1CF8H         LINE#         139
BL51 BANKED LINKER/LOCATER V6.22.4.0                                                  06/29/2026  18:02:35  PAGE 25


  C:1CFBH         LINE#         140
  C:1CFBH         LINE#         141
  C:1CFBH         LINE#         143
  C:1CFBH         LINE#         145
  C:1CFBH         LINE#         146
  C:1D01H         LINE#         147
  C:1D07H         LINE#         148
  C:1D07H         LINE#         150
  C:1D0AH         LINE#         151
  C:1D0AH         LINE#         153
  C:1D0AH         LINE#         154
  C:1D0DH         LINE#         155
  C:1D0DH         LINE#         156
  C:1D0DH         LINE#         158
  C:1D0DH         LINE#         159
  C:1D15H         LINE#         160
  C:1D15H         LINE#         161
  C:1D15H         LINE#         162
  C:1D1BH         LINE#         163
  C:1D1EH         LINE#         164
  C:1D1EH         LINE#         166
  C:1D1EH         LINE#         167
  C:1D21H         LINE#         168
  C:1D21H         LINE#         169
  C:1D21H         LINE#         171
  C:1D21H         LINE#         172
  C:1D21H         LINE#         173
  C:1D21H         LINE#         175
  C:1D23H         LINE#         176
  -------         ENDPROC       _UART_RECEIVER_PROCESS_BYTE
  -------         PROC          UART_RECEIVER_TIMEOUT_HANDLER
  -------         DO            
  X:6208H         SYMBOL        i
  -------         ENDDO         
  C:2190H         LINE#         179
  C:2190H         LINE#         180
  C:2190H         LINE#         185
  C:219FH         LINE#         186
  C:219FH         LINE#         188
  C:21A9H         LINE#         191
  C:21B2H         LINE#         192
  C:21C5H         LINE#         193
  C:21C5H         LINE#         194
  C:21D4H         LINE#         195
  C:21DCH         LINE#         196
  C:21E5H         LINE#         200
  C:21E8H         LINE#         201
  C:21E8H         LINE#         202
  -------         ENDPROC       UART_RECEIVER_TIMEOUT_HANDLER
  -------         PROC          UART_DATA_HANDLE
  -------         DO            
  X:6206H         SYMBOL        i
  X:6207H         SYMBOL        recv_byte
  X:62F9H         SYMBOL        initialized
  -------         ENDDO         
  C:1B15H         LINE#         203
  C:1B15H         LINE#         204
BL51 BANKED LINKER/LOCATER V6.22.4.0                                                  06/29/2026  18:02:35  PAGE 26


  C:1B15H         LINE#         212
  C:1B1BH         LINE#         213
  C:1B1BH         LINE#         214
  C:1B1EH         LINE#         215
  C:1B24H         LINE#         216
  C:1B24H         LINE#         221
  C:1B2AH         LINE#         222
  C:1B2AH         LINE#         223
  C:1B2DH         LINE#         224
  C:1B2DH         LINE#         233
  C:1B2DH         LINE#         234
  C:1B2DH         LINE#         235
  C:1B41H         LINE#         238
  C:1B41H         LINE#         252
  C:1B41H         LINE#         253
  C:1B41H         LINE#         255
  C:1B49H         LINE#         258
  C:1B4FH         LINE#         259
  C:1B54H         LINE#         262
  C:1B5FH         LINE#         263
  C:1B5FH         LINE#         267
  C:1B65H         LINE#         268
  C:1B65H         LINE#         269
  C:1B6EH         LINE#         270
  C:1B78H         LINE#         271
  C:1B78H         LINE#         276
  C:1B7BH         LINE#         277
  C:1B7BH         LINE#         278
  C:1B7DH         LINE#         308
  C:1B8AH         LINE#         310
  C:1B8AH         LINE#         312
  C:1B8AH         LINE#         332
  C:1B9AH         LINE#         333
  C:1B9AH         LINE#         334
  C:1B9AH         LINE#         336
  C:1B9FH         LINE#         337
  C:1BA1H         LINE#         338
  C:1BA1H         LINE#         340
  C:1BA7H         LINE#         341
  C:1BA9H         LINE#         342
  C:1BA9H         LINE#         344
  C:1BB2H         LINE#         350
  C:1BB5H         LINE#         351
  C:1BB7H         LINE#         353
  C:1BB7H         LINE#         355
  C:1BC6H         LINE#         357
  C:1BC6H         LINE#         358
  C:1BC6H         LINE#         361
  C:1BC9H         LINE#         362
  -------         ENDPROC       UART_DATA_HANDLE
  -------         PROC          _UART_DATA_SEND_CMD
  X:6207H         SYMBOL        cmd
  -------         DO            
  X:6208H         SYMBOL        buf
  -------         ENDDO         
  C:24D9H         LINE#         366
  C:24DEH         LINE#         367
BL51 BANKED LINKER/LOCATER V6.22.4.0                                                  06/29/2026  18:02:35  PAGE 27


  C:24DEH         LINE#         368
  C:24F1H         LINE#         379
  C:24FAH         LINE#         380
  C:2513H         LINE#         382
  -------         ENDPROC       _UART_DATA_SEND_CMD
  -------         ENDMOD        UART_DATA_HANDLE

  -------         MODULE        KEY_DRIVER
  C:0000H         SYMBOL        _ICE_DUMMY_
  C:0EFAH         PUBLIC        _key_driver_scan
  X:632FH         SYMBOL        is_key_active
  X:6330H         PUBLIC        scan_para
  C:29B8H         SYMBOL        Com0021
  C:29B8H         SYMBOL        L?0034
  C:29BBH         SYMBOL        L?0035
  C:29BCH         SYMBOL        L?0036
  C:29C2H         SYMBOL        L?0037
  C:29C5H         SYMBOL        L?0038
  C:29C9H         SYMBOL        L?0039
  C:29CFH         SYMBOL        L?0040
  C:29D2H         SYMBOL        L?0041
  -------         PROC          COM0021
  -------         ENDPROC       COM0021
  -------         PROC          _KEY_DRIVER_SCAN
  D:0001H         SYMBOL        _scan_para
  -------         DO            
  X:6206H         SYMBOL        key_event
  D:0007H         SYMBOL        cur_key_value
  X:6207H         SYMBOL        key_value
  C:1062H         SYMBOL        _notify
  C:1082H         SYMBOL        _scan_end
  -------         ENDDO         
  C:0EFAH         LINE#         17
  C:0EFAH         LINE#         19
  C:0EFAH         LINE#         24
  C:0EFFH         LINE#         25
  C:0F01H         LINE#         26
  C:0F05H         LINE#         30
  C:0F0BH         LINE#         33
  C:0F1EH         LINE#         34
  C:0F1EH         LINE#         36
  C:0F1EH         LINE#         38
  C:0F28H         LINE#         40
  C:0F31H         LINE#         46
  C:0F35H         LINE#         47
  C:0F35H         LINE#         48
  C:0F3BH         LINE#         49
  C:0F3DH         LINE#         50
  C:0F43H         LINE#         51
  C:0F43H         LINE#         52
  C:0F46H         LINE#         53
  C:0F46H         LINE#         56
  C:0F5AH         LINE#         57
  C:0F5AH         LINE#         59
  C:0F61H         LINE#         60
  C:0F67H         LINE#         62
  C:0F67H         LINE#         65
BL51 BANKED LINKER/LOCATER V6.22.4.0                                                  06/29/2026  18:02:35  PAGE 28


  C:0F78H         LINE#         66
  C:0F78H         LINE#         67
  C:0F83H         LINE#         69
  C:0F83H         LINE#         72
  C:0F8FH         LINE#         73
  C:0F8FH         LINE#         80
  C:0F93H         LINE#         81
  C:0F93H         LINE#         82
  C:0F9AH         LINE#         83
  C:0F9AH         LINE#         84
  C:0F9CH         LINE#         85
  C:0FA2H         LINE#         86
  C:0FA4H         LINE#         88
  C:0FA4H         LINE#         91
  C:0FA4H         LINE#         92
  C:0FACH         LINE#         93
  C:0FACH         LINE#         94
  C:0FAFH         LINE#         96
  C:0FAFH         LINE#         101
  C:0FB7H         LINE#         102
  C:0FC3H         LINE#         103
  C:0FC3H         LINE#         104
  C:0FC8H         LINE#         105
  C:0FCCH         LINE#         106
  C:0FCFH         LINE#         108
  C:0FCFH         LINE#         109
  C:0FD5H         LINE#         110
  C:0FD5H         LINE#         111
  C:0FD5H         LINE#         113
  C:0FD7H         LINE#         118
  C:0FD7H         LINE#         120
  C:0FD7H         LINE#         125
  C:0FDBH         LINE#         126
  C:0FDBH         LINE#         128
  C:0FECH         LINE#         129
  C:0FECH         LINE#         133
  C:0FFDH         LINE#         134
  C:0FFDH         LINE#         154
  C:0FFDH         LINE#         155
  C:0FFFH         LINE#         157
  C:0FFFH         LINE#         158
  C:100CH         LINE#         160
  C:100EH         LINE#         162
  C:100EH         LINE#         164
  C:100EH         LINE#         165
  C:1019H         LINE#         166
  C:101CH         LINE#         168
  C:101CH         LINE#         169
  C:101CH         LINE#         171
  C:101CH         LINE#         172
  C:101CH         LINE#         174
  C:101CH         LINE#         175
  C:101CH         LINE#         177
  C:101CH         LINE#         179
  C:1027H         LINE#         180
  C:1027H         LINE#         181
  C:102FH         LINE#         182
BL51 BANKED LINKER/LOCATER V6.22.4.0                                                  06/29/2026  18:02:35  PAGE 29


  C:102FH         LINE#         186
  C:1035H         LINE#         187
  C:1035H         LINE#         188
  C:103BH         LINE#         193
  C:103DH         LINE#         194
  C:1049H         LINE#         195
  C:1049H         LINE#         196
  C:104EH         LINE#         197
  C:105DH         LINE#         199
  C:105DH         LINE#         201
  C:105DH         LINE#         202
  C:105DH         LINE#         204
  C:105DH         LINE#         207
  C:1062H         LINE#         208
  C:1062H         LINE#         210
  C:1062H         LINE#         211
  C:1062H         LINE#         213
  C:1062H         LINE#         216
  C:1062H         LINE#         218
  C:1062H         LINE#         219
  C:1066H         LINE#         220
  C:106EH         LINE#         222
  C:1078H         LINE#         223
  C:1082H         LINE#         226
  C:1082H         LINE#         235
  C:1082H         LINE#         237
  C:1082H         LINE#         238
  C:108CH         LINE#         241
  -------         ENDPROC       _KEY_DRIVER_SCAN
  -------         ENDMOD        KEY_DRIVER

  -------         MODULE        AD_KEY
  C:0000H         SYMBOL        _ICE_DUMMY_
  X:6267H         PUBLIC        ad_key_para
  C:1D24H         PUBLIC        ad_key_handle
  X:627AH         SYMBOL        ad_key_scan_table
  X:628AH         SYMBOL        ad_key_event_table
  C:275CH         PUBLIC        ad_key_get_key_val
  C:22D3H         SYMBOL        _ad_key_val_to_ad_key_index
  C:2401H         SYMBOL        _ad_key_get_event
  C:2B76H         SYMBOL        Com0036
  C:2B76H         SYMBOL        L?0055
  -------         PROC          COM0036
  -------         ENDPROC       COM0036
  -------         PROC          _AD_KEY_VAL_TO_AD_KEY_INDEX
  D:0006H         SYMBOL        ad_key_val
  -------         DO            
  D:0005H         SYMBOL        i
  X:6207H         SYMBOL        ad_key_index
  -------         ENDDO         
  C:22D3H         LINE#         53
  C:22D3H         LINE#         54
  C:22D3H         LINE#         55
  C:22D5H         LINE#         56
  C:22DDH         LINE#         59
  C:22DDH         LINE#         60
  C:22DDH         LINE#         61
BL51 BANKED LINKER/LOCATER V6.22.4.0                                                  06/29/2026  18:02:35  PAGE 30


  C:22F5H         LINE#         62
  C:22F5H         LINE#         63
  C:230FH         LINE#         64
  C:2311H         LINE#         65
  C:2311H         LINE#         66
  C:2316H         LINE#         68
  C:231EH         LINE#         69
  -------         ENDPROC       _AD_KEY_VAL_TO_AD_KEY_INDEX
  -------         PROC          _AD_KEY_GET_EVENT
  D:0007H         SYMBOL        key_val
  D:0005H         SYMBOL        key_event
  -------         DO            
  D:0006H         SYMBOL        ret_key_event
  D:0004H         SYMBOL        key_event_index
  D:0003H         SYMBOL        i
  -------         ENDDO         
  C:2401H         LINE#         79
  C:2401H         LINE#         80
  C:2401H         LINE#         81
  C:2403H         LINE#         82
  C:2404H         LINE#         83
  C:2405H         LINE#         86
  C:2409H         LINE#         87
  C:2409H         LINE#         88
  C:240AH         LINE#         89
  C:240CH         LINE#         90
  C:2410H         LINE#         91
  C:2410H         LINE#         92
  C:2412H         LINE#         93
  C:2414H         LINE#         94
  C:2418H         LINE#         95
  C:2418H         LINE#         96
  C:241AH         LINE#         97
  C:241CH         LINE#         98
  C:2420H         LINE#         99
  C:2420H         LINE#         100
  C:2422H         LINE#         101
  C:2424H         LINE#         103
  C:2424H         LINE#         104
  C:2427H         LINE#         105
  C:2427H         LINE#         107
  C:242DH         LINE#         108
  C:242DH         LINE#         109
  C:2434H         LINE#         110
  C:2434H         LINE#         111
  C:2443H         LINE#         112
  C:2445H         LINE#         113
  C:2445H         LINE#         114
  C:2448H         LINE#         116
  C:244AH         LINE#         117
  -------         ENDPROC       _AD_KEY_GET_EVENT
  -------         PROC          AD_KEY_GET_KEY_VAL
  -------         DO            
  X:6265H         SYMBOL        val
  X:6206H         SYMBOL        ret
  -------         ENDDO         
  C:275CH         LINE#         130
BL51 BANKED LINKER/LOCATER V6.22.4.0                                                  06/29/2026  18:02:35  PAGE 31


  C:275CH         LINE#         131
  C:275CH         LINE#         133
  C:2762H         LINE#         136
  C:276AH         LINE#         137
  C:276AH         LINE#         138
  C:276FH         LINE#         139
  C:277CH         LINE#         142
  C:277CH         LINE#         144
  C:278CH         LINE#         145
  C:278EH         LINE#         146
  -------         ENDPROC       AD_KEY_GET_KEY_VAL
  -------         PROC          AD_KEY_HANDLE
  -------         DO            
  X:6206H         SYMBOL        ad_key_event
  -------         ENDDO         
  C:1D24H         LINE#         148
  C:1D24H         LINE#         149
  C:1D24H         LINE#         150
  C:1D29H         LINE#         152
  C:1D32H         LINE#         153
  C:1D32H         LINE#         155
  C:1D32H         LINE#         157
  C:1D3FH         LINE#         158
  C:1D44H         LINE#         159
  C:1D46H         LINE#         164
  C:1D4FH         LINE#         165
  C:1D4FH         LINE#         170
  C:1D55H         LINE#         172
  C:1D55H         LINE#         174
  C:1D7BH         LINE#         175
  C:1D7BH         LINE#         178
  C:1D7BH         LINE#         182
  C:1D7EH         LINE#         183
  C:1D7EH         LINE#         185
  C:1D7EH         LINE#         189
  C:1D7EH         LINE#         191
  C:1D7EH         LINE#         196
  C:1D7EH         LINE#         198
  C:1D7EH         LINE#         202
  C:1D7EH         LINE#         206
  C:1D7EH         LINE#         210
  C:1D80H         LINE#         211
  C:1D82H         LINE#         213
  C:1D82H         LINE#         218
  C:1D84H         LINE#         219
  C:1D86H         LINE#         221
  C:1D86H         LINE#         226
  C:1D88H         LINE#         227
  C:1D8AH         LINE#         229
  C:1D8AH         LINE#         233
  C:1D8AH         LINE#         238
  C:1D8AH         LINE#         243
  C:1D8CH         LINE#         244
  C:1D8EH         LINE#         246
  C:1D8EH         LINE#         252
  C:1D90H         LINE#         253
  C:1D92H         LINE#         255
BL51 BANKED LINKER/LOCATER V6.22.4.0                                                  06/29/2026  18:02:35  PAGE 32


  C:1D92H         LINE#         261
  C:1D94H         LINE#         262
  C:1D96H         LINE#         264
  C:1D96H         LINE#         268
  C:1D96H         LINE#         272
  C:1D96H         LINE#         278
  C:1D9CH         LINE#         279
  C:1D9CH         LINE#         280
  C:1D9EH         LINE#         281
  C:1DA0H         LINE#         282
  C:1DA7H         LINE#         283
  C:1DA7H         LINE#         284
  C:1DACH         LINE#         285
  C:1DACH         LINE#         286
  C:1DACH         LINE#         288
  C:1DACH         LINE#         294
  C:1DB2H         LINE#         295
  C:1DB2H         LINE#         298
  C:1DB5H         LINE#         299
  C:1DB5H         LINE#         301
  C:1DB5H         LINE#         306
  C:1DB8H         LINE#         307
  C:1DB8H         LINE#         308
  C:1DB8H         LINE#         310
  C:1DB8H         LINE#         314
  C:1DB8H         LINE#         316
  C:1DB8H         LINE#         320
  C:1DB8H         LINE#         322
  C:1DB8H         LINE#         323
  C:1DB8H         LINE#         324
  C:1DB8H         LINE#         325
  -------         ENDPROC       AD_KEY_HANDLE
  -------         ENDMOD        AD_KEY

  -------         MODULE        USER_TEST
  C:0000H         SYMBOL        _ICE_DUMMY_
  B:0090H.7       PUBLIC        P17
  X:6339H         PUBLIC        flag_debug
  C:29D9H         PUBLIC        debug_time_add
  C:2B43H         PUBLIC        user_debug_pin_init
  -------         PROC          DEBUG_TIME_ADD
  -------         DO            
  X:6337H         SYMBOL        cnt
  -------         ENDDO         
  C:29D9H         LINE#         12
  C:29D9H         LINE#         13
  C:29D9H         LINE#         16
  C:29E3H         LINE#         17
  C:29F2H         LINE#         19
  C:29F2H         LINE#         20
  C:29F6H         LINE#         21
  C:29F9H         LINE#         22
  C:29F9H         LINE#         24
  -------         ENDPROC       DEBUG_TIME_ADD
  -------         PROC          USER_DEBUG_PIN_INIT
  C:2B43H         LINE#         26
  C:2B43H         LINE#         27
BL51 BANKED LINKER/LOCATER V6.22.4.0                                                  06/29/2026  18:02:35  PAGE 33


  C:2B43H         LINE#         28
  C:2B49H         LINE#         29
  C:2B4DH         LINE#         30
  C:2B52H         LINE#         31
  C:2B54H         LINE#         32
  -------         ENDPROC       USER_DEBUG_PIN_INIT
  -------         ENDMOD        USER_TEST

  -------         MODULE        LED
  C:0000H         SYMBOL        _ICE_DUMMY_
  B:0080H.0       PUBLIC        P00
  B:0080H.1       PUBLIC        P01
  B:0080H.2       PUBLIC        P02
  B:0080H.5       PUBLIC        P05
  B:0080H.6       PUBLIC        P06
  B:0090H.3       PUBLIC        P13
  B:00A0H.7       PUBLIC        P27
  B:00B0H.0       PUBLIC        P30
  X:6314H         PUBLIC        led_ctl
  X:6322H         PUBLIC        led_bat_level_sta
  C:2238H         PUBLIC        led_init
  C:2BA2H         PUBLIC        led_yellow_on
[...]
  C:122EH         LINE#         235
  C:1231H         LINE#         236
  C:1239H         LINE#         237
  C:1239H         LINE#         238
  C:123CH         LINE#         240
  C:123CH         LINE#         241
  C:123FH         LINE#         242
  C:1246H         LINE#         243
  C:124DH         LINE#         244
  C:124DH         LINE#         245
  C:1250H         LINE#         247
  C:1250H         LINE#         248
  C:1257H         LINE#         249
  C:1257H         LINE#         250
  C:1262H         LINE#         251
  C:1262H         LINE#         252
  C:1268H         LINE#         253
  C:1268H         LINE#         255
  C:1268H         LINE#         256
  C:126BH         LINE#         258
  C:126BH         LINE#         259
  C:1271H         LINE#         260
  C:1274H         LINE#         265
  C:1292H         LINE#         266
  C:1292H         LINE#         267
  C:1298H         LINE#         268
  C:1298H         LINE#         269
  C:1298H         LINE#         270
  C:1298H         LINE#         271
  C:129AH         LINE#         273
  C:129AH         LINE#         274
  C:12A0H         LINE#         275
  C:12A0H         LINE#         276
  C:12A6H         LINE#         277
  C:12AAH         LINE#         278
  C:12ACH         LINE#         280
  C:12ACH         LINE#         281
  C:12B2H         LINE#         282
  C:12B5H         LINE#         287
  C:12D3H         LINE#         288
  C:12D3H         LINE#         289
  C:12D9H         LINE#         290
  C:12D9H         LINE#         292
BL51 BANKED LINKER/LOCATER V6.22.4.0                                                  06/29/2026  18:02:35  PAGE 52


  C:12E0H         LINE#         293
  C:12E0H         LINE#         294
  C:12E0H         LINE#         295
  C:12E0H         LINE#         297
  C:12EFH         LINE#         298
  C:12EFH         LINE#         299
  C:12F3H         LINE#         305
  C:1301H         LINE#         306
  C:1301H         LINE#         307
  C:1307H         LINE#         308
  C:1309H         LINE#         309
  C:1318H         LINE#         310
  C:1318H         LINE#         311
  C:131DH         LINE#         312
  C:131DH         LINE#         315
  C:1324H         LINE#         317
  C:132AH         LINE#         318
  C:132AH         LINE#         319
  C:132FH         LINE#         320
  C:1335H         LINE#         321
  C:133BH         LINE#         322
  C:133BH         LINE#         323
  C:133DH         LINE#         325
  C:1342H         LINE#         326
  C:1342H         LINE#         327
  C:1343H         LINE#         329
  C:1343H         LINE#         330
  C:1346H         LINE#         331
  C:1346H         LINE#         332
  C:134DH         LINE#         333
  C:134DH         LINE#         334
  C:134FH         LINE#         336
  C:1353H         LINE#         337
  C:1353H         LINE#         338
  C:1353H         LINE#         339
  C:1353H         LINE#         340
  -------         ENDPROC       DETECT_DISCHARGE_1KHZ_SIGNAL_100US
  -------         PROC          CHARGE_DET_TIME_ADD
  C:0045H         LINE#         342
  C:0045H         LINE#         343
  C:0045H         LINE#         344
  C:0047H         LINE#         345
  -------         ENDPROC       CHARGE_DET_TIME_ADD
  -------         PROC          CHARGE_DET
  -------         DO            
  X:62EBH         SYMBOL        adc_val_of_solar_panel
  X:62EDH         SYMBOL        adc_val_of_type_c
  X:6206H         SYMBOL        voltage_mv
  X:62EFH         SYMBOL        is_discharge_det_time_cnt
  X:62F0H         SYMBOL        isnot_discharge_det_time_cnt
  -------         ENDDO         
  C:1591H         LINE#         349
  C:1591H         LINE#         350
  C:1591H         LINE#         353
  C:1598H         LINE#         358
  C:15A0H         LINE#         359
  C:15A0H         LINE#         360
BL51 BANKED LINKER/LOCATER V6.22.4.0                                                  06/29/2026  18:02:35  PAGE 53


  C:15A5H         LINE#         361
  C:15B2H         LINE#         362
  C:15B2H         LINE#         364
  C:15BAH         LINE#         365
  C:15BAH         LINE#         366
  C:15BFH         LINE#         367
  C:15CCH         LINE#         368
  C:15CCH         LINE#         370
  C:15D2H         LINE#         371
  C:15D2H         LINE#         372
  C:15D4H         LINE#         373
  C:15D4H         LINE#         375
  C:15D4H         LINE#         378
  C:15D4H         LINE#         389
  C:15F4H         LINE#         391
  C:1609H         LINE#         392
  C:1609H         LINE#         393
  C:160EH         LINE#         394
  C:1614H         LINE#         395
  C:1619H         LINE#         396
  C:1619H         LINE#         397
  C:161BH         LINE#         399
  C:1620H         LINE#         404
  C:1620H         LINE#         405
  C:1622H         LINE#         407
  C:1622H         LINE#         408
  C:1625H         LINE#         409
  C:1625H         LINE#         410
  C:162CH         LINE#         411
  C:162CH         LINE#         412
  C:162EH         LINE#         414
  C:1632H         LINE#         419
  C:1632H         LINE#         420
  C:1632H         LINE#         434
  C:1642H         LINE#         435
  C:1642H         LINE#         443
  C:1648H         LINE#         444
  C:1648H         LINE#         445
  C:164CH         LINE#         446
  C:164CH         LINE#         447
  C:1653H         LINE#         448
  C:1653H         LINE#         449
  C:1655H         LINE#         451
  C:1659H         LINE#         452
  C:1659H         LINE#         453
  C:1659H         LINE#         454
  C:165BH         LINE#         455
  C:1664H         LINE#         456
  C:1664H         LINE#         458
  C:166AH         LINE#         459
  C:166AH         LINE#         460
  C:166FH         LINE#         461
  C:1675H         LINE#         462
  C:167AH         LINE#         463
  C:167AH         LINE#         464
  C:167CH         LINE#         466
  C:1681H         LINE#         467
BL51 BANKED LINKER/LOCATER V6.22.4.0                                                  06/29/2026  18:02:35  PAGE 54


  C:1681H         LINE#         468
  C:1681H         LINE#         469
  C:1681H         LINE#         473
  C:168DH         LINE#         474
  C:168DH         LINE#         475
  C:1693H         LINE#         478
  C:1698H         LINE#         479
  C:169CH         LINE#         480
  C:169DH         LINE#         481
  C:16A9H         LINE#         482
  C:16A9H         LINE#         483
  C:16ADH         LINE#         484
  C:16ADH         LINE#         501
  -------         ENDPROC       CHARGE_DET
  -------         ENDMOD        CHARGE_DET

  -------         MODULE        LOW_POWER
  C:0000H         SYMBOL        _ICE_DUMMY_
  D:00BAH         PUBLIC        LP_CON
  D:008DH         PUBLIC        LP_WKCON
  D:008EH         PUBLIC        LP_WKPND
  D:00A8H         PUBLIC        IE0
  D:00A9H         PUBLIC        IE1
  D:00AAH         PUBLIC        IE2
  D:00ABH         PUBLIC        IE3
  B:00A8H.7       PUBLIC        IE_EA
  D:00B8H         PUBLIC        IP0
  D:00B1H         PUBLIC        IP1
  D:00B2H         PUBLIC        IP2
  D:00B3H         PUBLIC        IP3
  D:00B4H         PUBLIC        IP4
  D:00B5H         PUBLIC        IP5
  D:00B6H         PUBLIC        IP6
  D:00B7H         PUBLIC        IP7
  D:00D2H         PUBLIC        UART0_CON0
  D:00D1H         PUBLIC        TMR_ALLCON
  D:00ACH         PUBLIC        FLASH_TIMEREG1
  D:0099H         PUBLIC        ADC_CHS0
  C:1473H         PUBLIC        low_power_handle
  C:26F3H         PUBLIC        low_power_enter_timer_callback
  X:6335H         SYMBOL        is_low_power_enter_enable
  C:290BH         PUBLIC        is_low_power_condition_establish
  C:16AEH         PUBLIC        low_power_in
  C:231FH         PUBLIC        low_power_out
  C:2A98H         PUBLIC        WUT_IRQHandler
  -------         PROC          IS_LOW_POWER_CONDITION_ESTABLISH
  C:290BH         LINE#         8
  C:290BH         LINE#         9
  C:290BH         LINE#         15
  C:292EH         LINE#         20
  -------         ENDPROC       IS_LOW_POWER_CONDITION_ESTABLISH
  -------         PROC          LOW_POWER_ENTER_TIMER_CALLBACK
  -------         DO            
  X:6333H         SYMBOL        cnt
  -------         ENDDO         
  C:26F3H         LINE#         23
  C:26F3H         LINE#         24
BL51 BANKED LINKER/LOCATER V6.22.4.0                                                  06/29/2026  18:02:35  PAGE 55


  C:26F3H         LINE#         26
  C:26F9H         LINE#         27
  C:26F9H         LINE#         28
  C:2703H         LINE#         29
  C:2712H         LINE#         30
  C:2712H         LINE#         31
  C:2716H         LINE#         32
  C:271BH         LINE#         33
  C:271BH         LINE#         34
  C:271CH         LINE#         36
  C:271CH         LINE#         37
  C:2723H         LINE#         38
  C:2727H         LINE#         39
  C:2727H         LINE#         40
  -------         ENDPROC       LOW_POWER_ENTER_TIMER_CALLBACK
  -------         PROC          LOW_POWER_IN
  C:16AEH         LINE#         42
  C:16AEH         LINE#         43
  C:16AEH         LINE#         48
  C:16B1H         LINE#         49
  C:16B4H         LINE#         50
  C:16B7H         LINE#         51
  C:16BAH         LINE#         53
  C:16C0H         LINE#         54
  C:16C6H         LINE#         56
  C:16CDH         LINE#         58
  C:16D0H         LINE#         59
  C:16D6H         LINE#         61
  C:16DBH         LINE#         62
  C:16DEH         LINE#         71
  C:16E4H         LINE#         72
  C:16EAH         LINE#         74
  C:16F0H         LINE#         75
  C:16F6H         LINE#         78
  C:16FCH         LINE#         79
  C:1700H         LINE#         80
  C:1706H         LINE#         83
  C:170AH         LINE#         84
  C:1710H         LINE#         85
  C:1714H         LINE#         86
  C:1719H         LINE#         104
  C:171DH         LINE#         105
  C:1723H         LINE#         108
  C:1728H         LINE#         110
  C:172CH         LINE#         113
  C:1730H         LINE#         114
  C:1736H         LINE#         116
  C:173DH         LINE#         122
  C:1740H         LINE#         131
  C:1746H         LINE#         132
  C:174CH         LINE#         133
  C:1752H         LINE#         134
  C:1758H         LINE#         138
  C:175BH         LINE#         139
  C:175EH         LINE#         140
  C:1761H         LINE#         143
  C:1764H         LINE#         144
BL51 BANKED LINKER/LOCATER V6.22.4.0                                                  06/29/2026  18:02:35  PAGE 56


  C:1767H         LINE#         146
  C:176AH         LINE#         147
  C:176DH         LINE#         150
  C:1770H         LINE#         151
  C:1773H         LINE#         154
  C:1776H         LINE#         155
  C:1778H         LINE#         158
  C:177FH         LINE#         159
  C:1783H         LINE#         163
  C:1788H         LINE#         164
  C:178FH         LINE#         166
  C:1796H         LINE#         168
  C:179DH         LINE#         169
  C:17A4H         LINE#         170
  C:17A7H         LINE#         172
  C:17AEH         LINE#         173
  C:17B5H         LINE#         178
  C:17B8H         LINE#         184
  -------         ENDPROC       LOW_POWER_IN
  -------         PROC          LOW_POWER_OUT
  C:231FH         LINE#         186
  C:231FH         LINE#         187
  C:231FH         LINE#         189
  C:2322H         LINE#         190
  C:2329H         LINE#         191
  C:2330H         LINE#         194
  C:2333H         LINE#         198
  C:2338H         LINE#         199
  C:233AH         LINE#         205
  C:2341H         LINE#         206
  C:2346H         LINE#         207
  C:234DH         LINE#         209
  C:2354H         LINE#         210
  C:235BH         LINE#         212
  C:235EH         LINE#         213
  C:2361H         LINE#         214
  C:2368H         LINE#         217
  -------         ENDPROC       LOW_POWER_OUT
  C:157BH         SYMBOL        L?0107
  -------         PROC          LOW_POWER_HANDLE
  -------         DO            
  X:6206H         SYMBOL        is_charge_sig_wkup
  X:6207H         SYMBOL        is_discharge_sig_wkup
  X:6208H         SYMBOL        is_key_sig_wkup
  X:6209H         SYMBOL        adc_val
  C:1499H         SYMBOL        label_low_power_in
  -------         ENDDO         
  C:1473H         LINE#         222
  C:1473H         LINE#         223
  C:1473H         LINE#         225
  C:1478H         LINE#         226
  C:147AH         LINE#         227
  C:147CH         LINE#         230
  C:1489H         LINE#         231
  C:1489H         LINE#         232
  C:1490H         LINE#         233
  C:1490H         LINE#         235
BL51 BANKED LINKER/LOCATER V6.22.4.0                                                  06/29/2026  18:02:35  PAGE 57


  C:1490H         LINE#         237
  C:1490H         LINE#         240
  C:1499H         LINE#         242
  C:1499H         LINE#         244
  C:149CH         LINE#         245
  C:149FH         LINE#         248
  C:14A2H         LINE#         249
  C:14ABH         LINE#         253
  C:14AEH         LINE#         254
  C:14B1H         LINE#         256
  C:14B3H         LINE#         257
  C:14B3H         LINE#         258
  C:14B6H         LINE#         260
  C:14BEH         LINE#         261
  C:14BEH         LINE#         264
  C:14C4H         LINE#         268
  C:14C4H         LINE#         270
  C:14C6H         LINE#         271
  C:14C6H         LINE#         272
  C:14C9H         LINE#         274
  C:14EEH         LINE#         275
  C:14EEH         LINE#         277
  C:14F4H         LINE#         281
  C:14F4H         LINE#         296
  C:14F9H         LINE#         297
  C:14F9H         LINE#         300
  C:1502H         LINE#         302
  C:1505H         LINE#         303
  C:150BH         LINE#         304
  C:150BH         LINE#         306
  C:1510H         LINE#         307
  C:1510H         LINE#         308
  C:1513H         LINE#         311
  C:1519H         LINE#         314
  C:1522H         LINE#         316
  C:1522H         LINE#         322
  C:1527H         LINE#         323
  C:152EH         LINE#         324
  C:1539H         LINE#         325
  C:1544H         LINE#         326
  C:154CH         LINE#         327
  C:154CH         LINE#         330
  C:154CH         LINE#         335
  C:156EH         LINE#         338
  C:156EH         LINE#         343
  C:156EH         LINE#         344
  C:156EH         LINE#         347
  C:1573H         LINE#         348
  C:1577H         LINE#         349
  C:157AH         LINE#         350
  -------         ENDPROC       LOW_POWER_HANDLE
  -------         PROC          WUT_IRQHANDLER
  C:2A98H         LINE#         353
  C:2A9EH         LINE#         356
  C:2A9EH         LINE#         361
  C:2AA5H         LINE#         362
  C:2AA5H         LINE#         363
BL51 BANKED LINKER/LOCATER V6.22.4.0                                                  06/29/2026  18:02:35  PAGE 58


  C:2AA9H         LINE#         364
  C:2AA9H         LINE#         367
  C:2AA9H         LINE#         368
  -------         ENDPROC       WUT_IRQHANDLER
  -------         ENDMOD        LOW_POWER

  -------         MODULE        ?C?COPY
  C:011EH         PUBLIC        ?C?COPY
  -------         ENDMOD        ?C?COPY

  -------         MODULE        ?C?CLDPTR
  C:0144H         PUBLIC        ?C?CLDPTR
  -------         ENDMOD        ?C?CLDPTR

  -------         MODULE        ?C?CLDOPTR
  C:015DH         PUBLIC        ?C?CLDOPTR
  -------         ENDMOD        ?C?CLDOPTR

  -------         MODULE        ?C?CILDOPTR
  C:018AH         PUBLIC        ?C?CILDOPTR
  -------         ENDMOD        ?C?CILDOPTR

  -------         MODULE        ?C?CSTOPTR
  C:01BDH         PUBLIC        ?C?CSTOPTR
  -------         ENDMOD        ?C?CSTOPTR

  -------         MODULE        ?C?UIDIV
  C:01DFH         PUBLIC        ?C?UIDIV
  -------         ENDMOD        ?C?UIDIV

  -------         MODULE        ?C?IILDX
  C:0234H         PUBLIC        ?C?IILDX
  -------         ENDMOD        ?C?IILDX

  -------         MODULE        ?C?LADD
  C:024AH         PUBLIC        ?C?LADD
  -------         ENDMOD        ?C?LADD

  -------         MODULE        ?C?ULDIV
  C:0293H         PUBLIC        ?C?ULDIV
  -------         ENDMOD        ?C?ULDIV

  -------         MODULE        ?C?SLCMP
  C:0325H         PUBLIC        ?C?SLCMP
  -------         ENDMOD        ?C?SLCMP

  -------         MODULE        ?C?ULCMP
  C:033BH         PUBLIC        ?C?ULCMP
  -------         ENDMOD        ?C?ULCMP

  -------         MODULE        ?C?LLDXDATA
  C:034CH         PUBLIC        ?C?LLDXDATA
  -------         ENDMOD        ?C?LLDXDATA

  -------         MODULE        ?C?LLDXDATA0
  C:0358H         PUBLIC        ?C?LLDXDATA0
  -------         ENDMOD        ?C?LLDXDATA0
BL51 BANKED LINKER/LOCATER V6.22.4.0                                                  06/29/2026  18:02:35  PAGE 59



  -------         MODULE        ?C?LSTXDATA
  C:0364H         PUBLIC        ?C?LSTXDATA
  -------         ENDMOD        ?C?LSTXDATA

  -------         MODULE        ?C?LSTKXDATA
  C:0370H         PUBLIC        ?C?LSTKXDATA
  -------         ENDMOD        ?C?LSTKXDATA

  -------         MODULE        ?C?PLDXDATA
  C:03A1H         PUBLIC        ?C?PLDXDATA
  -------         ENDMOD        ?C?PLDXDATA

  -------         MODULE        ?C?PSTXDATA
  C:03AAH         PUBLIC        ?C?PSTXDATA
  -------         ENDMOD        ?C?PSTXDATA

  -------         MODULE        ?C?PLDOPTR
  C:03B3H         PUBLIC        ?C?PLDOPTR
  -------         ENDMOD        ?C?PLDOPTR

  -------         MODULE        ?C?CCASE
  C:03E3H         PUBLIC        ?C?CCASE
  -------         ENDMOD        ?C?CCASE

  -------         MODULE        ?C?ICALL
  C:0409H         PUBLIC        ?C?ICALL
  C:040DH         PUBLIC        ?C?ICALL2
  -------         ENDMOD        ?C?ICALL

  -------         MODULE        ?C?LIMUL
  C:040FH         PUBLIC        ?C?LIMUL
  -------         ENDMOD        ?C?LIMUL

  -------         MODULE        PRINTF
  X:6239H         PUBLIC        ?_PRINTF517?BYTE
  X:6239H         PUBLIC        ?_PRINTF?BYTE
  X:6239H         PUBLIC        ?_SPRINTF517?BYTE
  X:6239H         PUBLIC        ?_SPRINTF?BYTE
  C:0899H         PUBLIC        _PRINTF
  C:0899H         PUBLIC        _PRINTF517
  C:0893H         PUBLIC        _SPRINTF
  C:0893H         PUBLIC        _SPRINTF517
  -------         ENDMOD        PRINTF

  -------         MODULE        ?C?MEMSET
  C:043CH         PUBLIC        ?C?MEMSET
  -------         ENDMOD        ?C?MEMSET

  -------         MODULE        ?C?CSTPTR
  C:0468H         PUBLIC        ?C?CSTPTR
  -------         ENDMOD        ?C?CSTPTR

  -------         MODULE        ?C?PLDIDATA
  C:047AH         PUBLIC        ?C?PLDIDATA
  -------         ENDMOD        ?C?PLDIDATA

BL51 BANKED LINKER/LOCATER V6.22.4.0                                                  06/29/2026  18:02:35  PAGE 60


  -------         MODULE        ?C?PLDIXDATA
  C:0483H         PUBLIC        ?C?PLDIXDATA
  -------         ENDMOD        ?C?PLDIXDATA

  -------         MODULE        ?C?PLDPDATA
  C:049AH         PUBLIC        ?C?PLDPDATA
  -------         ENDMOD        ?C?PLDPDATA

  -------         MODULE        ?C?PLDCODE
  C:04A3H         PUBLIC        ?C?PLDCODE
  -------         ENDMOD        ?C?PLDCODE

*** WARNING L15: MULTIPLE CALL TO SEGMENT
    SEGMENT: ?PR?_GET_BATTERY_PERCENTAGE_BY_VOLTAGE?BATTERY_MONITOR
    CALLER1: ?C_C51STARTUP
    CALLER2: ?PR?ADC_IRQHANDLER?ADC

*** WARNING L15: MULTIPLE CALL TO SEGMENT
    SEGMENT: ?PR?PRINTF?PRINTF
    CALLER1: ?C_C51STARTUP
    CALLER2: ?PR?ADC_IRQHANDLER?ADC

Program Size: data=21.7 xdata=828 code=11288
LINK/LOCATE RUN COMPLETE.  2 WARNING(S),  0 ERROR(S)
