BL51 BANKED LINKER/LOCATER V6.22.4.0                                                    07/30/2026  16:19:04  PAGE 1


BL51 BANKED LINKER/LOCATER V6.22.4.0, INVOKED BY:
C:\KEIL_V5\C51\BIN\BL51.EXE .\Release\Objects\STARTUP.obj, .\Release\Objects\system.obj, .\Release\Objects\adc.obj, .\Re
>> lease\Objects\pwm.obj, .\Release\Objects\timer0.obj, .\Release\Objects\timer1.obj, .\Release\Objects\uart0.obj, .\Rel
>> ease\Objects\main.obj, .\Release\Objects\uart_data_handle.obj, .\Release\Objects\key_driver.obj, .\Release\Objects\ad
>> _key.obj, .\Release\Objects\user_test.obj, .\Release\Objects\led.obj, .\Release\Objects\battery_monitor.obj, .\Releas
>> e\Objects\bluetooth_ic_handle.obj, .\Release\Objects\charge_det.obj, .\Release\Objects\low_power.obj, .\Release\Objec
>> ts\bat_scan.obj, .\Release\Objects\led_bat_lev.obj TO .\Release\Objects\Demo PRINT (.\Release\Listings\Demo.m51) RAMS
>> IZE (256) CODE (0X0000-0X3EEF) XDATA (0X6000-0X66FF)


MEMORY MODEL: LARGE


INPUT MODULES INCLUDED:
  .\Release\Objects\STARTUP.obj (?C_STARTUP)
  .\Release\Objects\system.obj (SYSTEM)
  .\Release\Objects\adc.obj (ADC)
  .\Release\Objects\pwm.obj (PWM)
  .\Release\Objects\timer0.obj (TIMER0)
  .\Release\Objects\timer1.obj (TIMER1)
  .\Release\Objects\uart0.obj (UART0)
  .\Release\Objects\main.obj (MAIN)
  .\Release\Objects\uart_data_handle.obj (UART_DATA_HANDLE)
  .\Release\Objects\key_driver.obj (KEY_DRIVER)
  .\Release\Objects\ad_key.obj (AD_KEY)
  .\Release\Objects\user_test.obj (USER_TEST)
  .\Release\Objects\led.obj (LED)
  .\Release\Objects\battery_monitor.obj (BATTERY_MONITOR)
  .\Release\Objects\bluetooth_ic_handle.obj (BLUETOOTH_IC_HANDLE)
  .\Release\Objects\charge_det.obj (CHARGE_DET)
  .\Release\Objects\low_power.obj (LOW_POWER)
  .\Release\Objects\bat_scan.obj (BAT_SCAN)
  .\Release\Objects\led_bat_lev.obj (LED_BAT_LEV)
  C:\KEIL_V5\C51\LIB\C51L.LIB (?C_INIT)
  C:\KEIL_V5\C51\LIB\C51L.LIB (?C?COPY)
  C:\KEIL_V5\C51\LIB\C51L.LIB (?C?CLDPTR)
  C:\KEIL_V5\C51\LIB\C51L.LIB (?C?CLDOPTR)
  C:\KEIL_V5\C51\LIB\C51L.LIB (?C?CILDOPTR)
  C:\KEIL_V5\C51\LIB\C51L.LIB (?C?CSTOPTR)
  C:\KEIL_V5\C51\LIB\C51L.LIB (?C?UIDIV)
  C:\KEIL_V5\C51\LIB\C51L.LIB (?C?IILDX)
  C:\KEIL_V5\C51\LIB\C51L.LIB (?C?LADD)
  C:\KEIL_V5\C51\LIB\C51L.LIB (?C?ULDIV)
  C:\KEIL_V5\C51\LIB\C51L.LIB (?C?SLCMP)
  C:\KEIL_V5\C51\LIB\C51L.LIB (?C?ULCMP)
  C:\KEIL_V5\C51\LIB\C51L.LIB (?C?LLDXDATA)
  C:\KEIL_V5\C51\LIB\C51L.LIB (?C?LLDXDATA0)
  C:\KEIL_V5\C51\LIB\C51L.LIB (?C?LSTXDATA)
  C:\KEIL_V5\C51\LIB\C51L.LIB (?C?LSTKXDATA)
  C:\KEIL_V5\C51\LIB\C51L.LIB (?C?PLDXDATA)
  C:\KEIL_V5\C51\LIB\C51L.LIB (?C?PSTXDATA)
  C:\KEIL_V5\C51\LIB\C51L.LIB (?C?PLDOPTR)
  C:\KEIL_V5\C51\LIB\C51L.LIB (?C?CCASE)
  C:\KEIL_V5\C51\LIB\C51L.LIB (?C?ICALL)
  C:\KEIL_V5\C51\LIB\C51L.LIB (?C?LIMUL)
  C:\KEIL_V5\C51\LIB\C51L.LIB (?C?MEMSET)
  C:\KEIL_V5\C51\LIB\C51L.LIB (?C?PLDIDATA)
  C:\KEIL_V5\C51\LIB\C51L.LIB (?C?PLDPDATA)
BL51 BANKED LINKER/LOCATER V6.22.4.0                                                  07/30/2026  16:19:04  PAGE 2


  C:\KEIL_V5\C51\LIB\C51L.LIB (?C?PLDCODE)


LINK MAP OF MODULE:  .\Release\Objects\Demo (?C_STARTUP)


            TYPE    BASE      LENGTH    RELOCATION   SEGMENT NAME
            -----------------------------------------------------

            * * * * * * *   D A T A   M E M O R Y   * * * * * * *
            REG     0000H     0008H     ABSOLUTE     "REG BANK 0"
                    0008H     0018H                  *** GAP ***
            BIT     0020H.0   0000H.4   UNIT         ?BI?ADC
            BIT     0020H.4   0000H.1   UNIT         ?BI?CHARGE_DET
                    0020H.5   0000H.3                *** GAP ***
            IDATA   0021H     0001H     UNIT         ?STACK

            * * * * * * *  X D A T A   M E M O R Y  * * * * * * *
                    0000H     6000H                  *** GAP ***
            XDATA   6000H     00DBH     UNIT         ?XD?BAT_SCAN
            XDATA   60DBH     0086H     UNIT         ?XD?UART0
            XDATA   6161H     0039H     UNIT         ?XD?AD_KEY
            XDATA   619AH     0027H     UNIT         ?XD?CHARGE_DET
            XDATA   61C1H     001AH     UNIT         ?XD?UART_DATA_HANDLE
            XDATA   61DBH     0019H     UNIT         _XDATA_GROUP_
            XDATA   61F4H     0017H     UNIT         ?XD?BATTERY_MONITOR
            XDATA   620BH     000FH     UNIT         ?XD?LED
            XDATA   621AH     000FH     UNIT         ?XD?LED_BAT_LEV
            XDATA   6229H     0009H     UNIT         ?XD?ADC
            XDATA   6232H     0006H     UNIT         ?XD?LOW_POWER
            XDATA   6238H     0004H     UNIT         ?XD?KEY_DRIVER
            XDATA   623CH     0002H     UNIT         ?XD?BLUETOOTH_IC_HANDLE

            * * * * * * *   C O D E   M E M O R Y   * * * * * * *
            CODE    0000H     0003H     ABSOLUTE     
            CODE    0003H     000CH     ABSOLUTE     
            CODE    000FH     000FH     UNIT         ?PR?UART_RECEIVER_TIMEOUT_ADD?UART_DATA_HANDLE
            CODE    001EH     0003H     ABSOLUTE     
            CODE    0021H     0003H     ABSOLUTE     
            CODE    0024H     001BH     UNIT         ?PR?_ADC_CLEAR_UPDATE_FLAG?ADC
            CODE    003FH     0003H     ABSOLUTE     
            CODE    0042H     0003H     ABSOLUTE     
            CODE    0045H     0006H     UNIT         ?PR?LED_BAT_LEV_STA_IDLE_HANDLE?LED_BAT_LEV
            CODE    004BH     0003H     ABSOLUTE     
            CODE    004EH     0438H     UNIT         ?C?LIB_CODE
            CODE    0486H     02CDH     UNIT         ?C_INITSEG
            CODE    0753H     025BH     UNIT         ?PR?LED_BAT_LEV_STA_DISCHARGE_HANDLE?LED_BAT_LEV
            CODE    09AEH     01AAH     UNIT         ?PR?DETECT_1KHZ_SIGNAL_100US?CHARGE_DET
            CODE    0B58H     0193H     UNIT         ?PR?_KEY_DRIVER_SCAN?KEY_DRIVER
            CODE    0CEBH     0157H     UNIT         ?PR?DETECT_DISCHARGE_1KHZ_SIGNAL_100US?CHARGE_DET
            CODE    0E42H     0147H     UNIT         ?PR?LOW_POWER_HANDLE?LOW_POWER
            CODE    0F89H     0131H     UNIT         ?PR?CHARGE_DET?CHARGE_DET
            CODE    10BAH     0114H     UNIT         ?PR?LED_BAT_LEV_STA_CHARGING_HANDLE?LED_BAT_LEV
            CODE    11CEH     010BH     UNIT         ?PR?LOW_POWER_IN?LOW_POWER
            CODE    12D9H     0101H     UNIT         ?PR?LED_SLOW_ADJUST_ISR?LED
            CODE    13DAH     00EAH     UNIT         ?PR?LED_RED_BLUE_FLASH_1MS_ISR?LED
            CODE    14C4H     00D1H     UNIT         ?PR?BATTTERY_MONITOR_1MS_ISR?BATTERY_MONITOR
BL51 BANKED LINKER/LOCATER V6.22.4.0                                                  07/30/2026  16:19:04  PAGE 3


            CODE    1595H     00CFH     UNIT         ?PR?SYSTEM_INIT?SYSTEM
            CODE    1664H     00ADH     UNIT         ?PR?_BAT_DISCHARGE_TIME_CNT_UPDATE?BATTERY_MONITOR
            CODE    1711H     00A5H     UNIT         ?PR?_UART_RECEIVER_PROCESS_BYTE?UART_DATA_HANDLE
            CODE    17B6H     009CH     UNIT         ?PR?LED
            CODE    1852H     009BH     UNIT         ?PR?AD_KEY_HANDLE?AD_KEY
            CODE    18EDH     0099H     UNIT         ?PR?BATTERY_MONITOR_HANDLE?BATTERY_MONITOR
            CODE    1986H     008FH     UNIT         ?PR?LED_BAT_LEV
            CODE    1A15H     008DH     UNIT         ?PR?_LED_STATUS_SET?LED
            CODE    1AA2H     008CH     UNIT         ?C_C51STARTUP
            CODE    1B2EH     008BH     UNIT         ?PR?PWM_INIT?PWM
            CODE    1BB9H     0087H     UNIT         ?PR?ADC_IRQHANDLER?ADC
            CODE    1C40H     0087H     UNIT         ?PR?_BAT_CHARGE_TIME_CNT_UPDATE?BATTERY_MONITOR
            CODE    1CC7H     0079H     UNIT         ?PR?UART_DATA_HANDLE?UART_DATA_HANDLE
            CODE    1D40H     0076H     UNIT         ?PR?BATTERY_VOLTAGE_UPDATE_BY_ISR?BAT_SCAN
            CODE    1DB6H     006CH     UNIT         ?PR?TIMR0_IRQHANDLER?TIMER0
            CODE    1E22H     006BH     UNIT         ?PR?LED_BAT_LEV_HANDLE?LED_BAT_LEV
            CODE    1E8DH     0066H     UNIT         ?PR?ADC_SCAN?ADC
            CODE    1EF3H     0065H     UNIT         ?PR?LED_BAT_LEV_STA_CHARGE_BEGIN_ANIM_HANDLE?LED_BAT_LEV
            CODE    1F58H     005FH     UNIT         ?PR?SEND_LOW_BAT_TIMER_CALLBACK?BATTERY_MONITOR
            CODE    1FB7H     0057H     UNIT         ?PR?LOW_POWER_ENTER_TIMER_CALLBACK?LOW_POWER
            CODE    200EH     0053H     UNIT         ?PR?MAIN?MAIN
            CODE    2061H     0053H     UNIT         ?PR?_LED_BAT_LEV_INIT_BY_VOL?LED_BAT_LEV
            CODE    20B4H     004EH     UNIT         ?PR?LED_INIT?LED
            CODE    2102H     004DH     UNIT         ?PR?CHARGE_DET
            CODE    214FH     004CH     UNIT         ?PR?_AD_KEY_VAL_TO_AD_KEY_INDEX?AD_KEY
            CODE    219BH     004BH     UNIT         ?PR?_ADC_CHANNEL_SEL?ADC
            CODE    21E6H     004AH     UNIT         ?PR?_AD_KEY_GET_EVENT?AD_KEY
            CODE    2230H     004AH     UNIT         ?PR?LOW_POWER_OUT?LOW_POWER
            CODE    227AH     0048H     UNIT         ?PR?TIMR1_IRQHANDLER?TIMER1
            CODE    22C2H     0047H     UNIT         ?PR?_UART0_RXBUFFER_PUT_BYTE?UART0
            CODE    2309H     0045H     UNIT         ?PR?_UART_DATA_SEND_CMD?UART_DATA_HANDLE
            CODE    234EH     0045H     UNIT         ?PR?BAT_VOL_HISTORY_BUFF_GET_AVG?BAT_SCAN
            CODE    2393H     0043H     UNIT         ?PR?BAT_SCAN
            CODE    23D6H     0042H     UNIT         ?PR?UART0_RXBUFFER_GET_BYTE?UART0
            CODE    2418H     0040H     UNIT         ?PR?LED_STATUS_SWITCH?LED
            CODE    2458H     003DH     UNIT         ?PR?_ADC_UPDATE_VAL?ADC
            CODE    2495H     003CH     UNIT         ?PR?BATTERY_MONITOR
            CODE    24D1H     003AH     UNIT         ?PR?UART0_INIT?UART0
            CODE    250BH     0039H     UNIT         ?PR?BAT_VOL_UPDATE_TIMER_CALLBACK?BAT_SCAN
            CODE    2544H     0036H     UNIT         ?PR?LED_BAT_LEV_DISLPLAY_1MS_ISR?LED_BAT_LEV
            CODE    257AH     0034H     UNIT         ?PR?UART0_IRQHANDLER?UART0
            CODE    25AEH     0033H     UNIT         ?PR?AD_KEY_GET_KEY_VAL?AD_KEY
            CODE    25E1H     002FH     UNIT         ?PR?BAT_SCAN?BAT_SCAN
            CODE    2610H     002EH     UNIT         ?PR?_ADC_GET_VAL?ADC
            CODE    263EH     002EH     UNIT         ?PR?ADC
            CODE    266CH     002EH     UNIT         ?PR?BAT_VOL_HISTORY_BUFF_ADD_TIMER_CALLBACK?BAT_SCAN
            CODE    269AH     0026H     UNIT         ?PR?LED_BAT_LEV_STA_ALERT_HANDLE?LED_BAT_LEV
            CODE    26C0H     0025H     UNIT         ?PR?_ADC_GET_UPDATE_FLAG?ADC
            CODE    26E5H     0024H     UNIT         ?PR?IS_LOW_POWER_CONDITION_ESTABLISH?LOW_POWER
            CODE    2709H     0023H     UNIT         ?PR?_UART0_SENDBUF?UART0
            CODE    272CH     0022H     UNIT         ?PR?ADC_INIT?ADC
            CODE    274EH     0022H     UNIT         ?PR?UART_RECEIVER_PROCESS_CHECKSUM?UART_DATA_HANDLE
            CODE    2770H     0022H     UNIT         ?PR?_GET_BATTERY_VOLTAGE_BY_ADC?BAT_SCAN
            CODE    2792H     0021H     UNIT         ?PR?USER_INIT?MAIN
            CODE    27B3H     0021H     UNIT         ?PR?KEY_DRIVER
            CODE    27D4H     001BH     UNIT         ?PR?TIMER0_INIT?TIMER0
            CODE    27EFH     001BH     UNIT         ?PR?TIMER1_INIT?TIMER1
BL51 BANKED LINKER/LOCATER V6.22.4.0                                                  07/30/2026  16:19:04  PAGE 4


            CODE    280AH     001AH     UNIT         ?PR?BLUETOOTH_IC_HANDLE_INIT?BLUETOOTH_IC_HANDLE
            CODE    2824H     001AH     UNIT         ?PR?_BAT_VOL_HISTORY_BUFF_ADD?BAT_SCAN
            CODE    283EH     0019H     UNIT         ?PR?CHARGE_DET_INIT?CHARGE_DET
            CODE    2857H     0018H     UNIT         ?PR?_DELAY_MS?SYSTEM
            CODE    286FH     0018H     UNIT         ?PR?WUT_IRQHANDLER?LOW_POWER
            CODE    2887H     0017H     UNIT         ?PR?ADC_GET_VAL_ONCE?ADC
            CODE    289EH     0017H     UNIT         ?PR?UART_DATA_HANDLE
            CODE    28B5H     0016H     UNIT         ?PR?PWM
            CODE    28CBH     0016H     UNIT         ?PR?BAT_GET_AVG_VOL_PERIOD_ADD?BAT_SCAN
            CODE    28E1H     0016H     UNIT         ?PR?_BAT_VOL_HISTORY_BUFF_INIT?BAT_SCAN
            CODE    28F7H     0015H     UNIT         ?PR?BLE_IC_ENABLE?BLUETOOTH_IC_HANDLE
            CODE    290CH     0015H     UNIT         ?PR?LED_BAT_LEV_STA_CHARGE_BEGIN_HANDLE?LED_BAT_LEV
            CODE    2921H     0013H     UNIT         ?PR?UART_RECEIVER_TIMEOUT_HANDLER?UART_DATA_HANDLE
            CODE    2934H     0012H     UNIT         ?PR?ADC_INIT_WHEN_LOW_PWR_OUT?ADC
            CODE    2946H     0012H     UNIT         ?PR?UART_RECEIVER_RESET?UART_DATA_HANDLE
            CODE    2958H     0011H     UNIT         ?PR?ADC_PIN_INIT?ADC
            CODE    2969H     000FH     UNIT         ?PR?AD_KEY
            CODE    2978H     000FH     UNIT         ?PR?LED_CTL_INIT?LED
            CODE    2987H     000DH     UNIT         ?PR?LED_YELLOW_ON?LED
            CODE    2994H     000DH     UNIT         ?PR?LED_WHITE_ON?LED
            CODE    29A1H     000BH     UNIT         ?PR?_DELAY?SYSTEM
            CODE    29ACH     000AH     UNIT         ?PR?LOW_POWER
            CODE    29B6H     0009H     UNIT         ?PR?_PWM_SET_CHANNEL_0_DUTY?PWM
            CODE    29BFH     0009H     UNIT         ?PR?_PWM_SET_CHANNEL_1_DUTY?PWM
            CODE    29C8H     0009H     UNIT         ?PR?UART0_RXBUFFER_GET_COUNT?UART0
            CODE    29D1H     0009H     UNIT         ?PR?LED_BAT_LEV_STA_CHARGE_END_HANDLE?LED_BAT_LEV
            CODE    29DAH     0008H     UNIT         ?PR?_UART0_SENDBYTE?UART0
            CODE    29E2H     0008H     UNIT         ?CO?UART_DATA_HANDLE
            CODE    29EAH     0008H     UNIT         ?PR?LED_YELLOW_OFF?LED
            CODE    29F2H     0008H     UNIT         ?PR?LED_WHITE_OFF?LED
            CODE    29FAH     0008H     UNIT         ?PR?BLE_IC_DISABLE_POST?BLUETOOTH_IC_HANDLE
            CODE    2A02H     0007H     UNIT         ?PR?UART0
            CODE    2A09H     0005H     UNIT         ?PR?BLE_IC_DISABLE_PRE?BLUETOOTH_IC_HANDLE
            CODE    2A0EH     0003H     UNIT         ?PR?CHARGE_DET_TIME_ADD?CHARGE_DET



OVERLAY MAP OF MODULE:   .\Release\Objects\Demo (?C_STARTUP)


SEGMENT                                            XDATA_GROUP
  +--> CALLED SEGMENT                            START    LENGTH
----------------------------------------------------------------
?C_C51STARTUP                                    -----    -----
  +--> ?PR?MAIN?MAIN
  +--> ?C_INITSEG

?PR?MAIN?MAIN                                    -----    -----
  +--> ?PR?SYSTEM_INIT?SYSTEM
  +--> ?PR?USER_INIT?MAIN
  +--> ?PR?_DELAY_MS?SYSTEM
  +--> ?PR?_KEY_DRIVER_SCAN?KEY_DRIVER
  +--> ?PR?AD_KEY_HANDLE?AD_KEY
  +--> ?PR?UART_DATA_HANDLE?UART_DATA_HANDLE
  +--> ?PR?CHARGE_DET?CHARGE_DET
  +--> ?PR?BAT_SCAN?BAT_SCAN
  +--> ?PR?LED_BAT_LEV_HANDLE?LED_BAT_LEV
BL51 BANKED LINKER/LOCATER V6.22.4.0                                                  07/30/2026  16:19:04  PAGE 5


  +--> ?PR?BATTERY_MONITOR_HANDLE?BATTERY_MO...
  +--> ?PR?LOW_POWER_HANDLE?LOW_POWER

?PR?SYSTEM_INIT?SYSTEM                           -----    -----
  +--> ?PR?_DELAY?SYSTEM
  +--> ?PR?_DELAY_MS?SYSTEM

?PR?_DELAY_MS?SYSTEM                             -----    -----
  +--> ?PR?_DELAY?SYSTEM

?PR?USER_INIT?MAIN                               -----    -----
  +--> ?PR?ADC_PIN_INIT?ADC
  +--> ?PR?ADC_INIT?ADC
  +--> ?PR?LED_INIT?LED
  +--> ?PR?UART0_INIT?UART0
  +--> ?PR?PWM_INIT?PWM
  +--> ?PR?BLUETOOTH_IC_HANDLE_INIT?BLUETOOT...
  +--> ?PR?UART_RECEIVER_RESET?UART_DATA_HANDLE
  +--> ?PR?LED_CTL_INIT?LED
  +--> ?PR?CHARGE_DET_INIT?CHARGE_DET
  +--> ?PR?TIMER0_INIT?TIMER0
  +--> ?PR?TIMER1_INIT?TIMER1

?PR?ADC_INIT?ADC                                 -----    -----
  +--> ?PR?_DELAY_MS?SYSTEM

?PR?LED_INIT?LED                                 -----    -----
  +--> ?PR?LED

?PR?PWM_INIT?PWM                                 -----    -----
  +--> ?PR?PWM

?PR?_KEY_DRIVER_SCAN?KEY_DRIVER                  61DBH    0002H
  +--> ?PR?KEY_DRIVER

?PR?AD_KEY_HANDLE?AD_KEY                         61DBH    0001H
  +--> ?PR?_AD_KEY_GET_EVENT?AD_KEY
  +--> ?PR?LED_STATUS_SWITCH?LED
  +--> ?PR?_UART_DATA_SEND_CMD?UART_DATA_HANDLE
  +--> ?PR?BLE_IC_DISABLE_PRE?BLUETOOTH_IC_H...
  +--> ?PR?BLE_IC_ENABLE?BLUETOOTH_IC_HANDLE

?PR?_AD_KEY_GET_EVENT?AD_KEY                     -----    -----
  +--> ?PR?AD_KEY

?PR?LED_STATUS_SWITCH?LED                        -----    -----
  +--> ?PR?_LED_STATUS_SET?LED

?PR?_LED_STATUS_SET?LED                          61DCH    0001H
  +--> ?PR?LED_YELLOW_OFF?LED
  +--> ?PR?LED_WHITE_OFF?LED
  +--> ?PR?LED_WHITE_ON?LED
  +--> ?PR?LED_YELLOW_ON?LED

?PR?LED_WHITE_ON?LED                             -----    -----
  +--> ?PR?LED
  +--> ?PR?_PWM_SET_CHANNEL_1_DUTY?PWM
BL51 BANKED LINKER/LOCATER V6.22.4.0                                                  07/30/2026  16:19:04  PAGE 6



?PR?_PWM_SET_CHANNEL_1_DUTY?PWM                  -----    -----
  +--> ?PR?PWM

?PR?LED_YELLOW_ON?LED                            -----    -----
  +--> ?PR?LED
  +--> ?PR?_PWM_SET_CHANNEL_0_DUTY?PWM

?PR?_PWM_SET_CHANNEL_0_DUTY?PWM                  -----    -----
  +--> ?PR?PWM

?PR?_UART_DATA_SEND_CMD?UART_DATA_HANDLE         61DCH    0009H
  +--> ?CO?UART_DATA_HANDLE
  +--> ?PR?_UART0_SENDBUF?UART0

?PR?_UART0_SENDBUF?UART0                         61E5H    0003H
  +--> ?PR?_UART0_SENDBYTE?UART0

?PR?BLE_IC_DISABLE_PRE?BLUETOOTH_IC_H...         -----    -----
  +--> ?PR?_UART_DATA_SEND_CMD?UART_DATA_HANDLE

?PR?BLE_IC_ENABLE?BLUETOOTH_IC_HANDLE            -----    -----
  +--> ?PR?_DELAY_MS?SYSTEM
  +--> ?PR?_UART_DATA_SEND_CMD?UART_DATA_HANDLE

?PR?UART_DATA_HANDLE?UART_DATA_HANDLE            -----    -----
  +--> ?PR?UART_RECEIVER_RESET?UART_DATA_HANDLE
  +--> ?PR?UART_RECEIVER_TIMEOUT_HANDLER?UAR...
  +--> ?PR?UART0_RXBUFFER_GET_COUNT?UART0
  +--> ?PR?UART0_RXBUFFER_GET_BYTE?UART0
  +--> ?PR?_UART_RECEIVER_PROCESS_BYTE?UART_...
  +--> ?PR?BLE_IC_DISABLE_POST?BLUETOOTH_IC_...

?PR?UART_RECEIVER_TIMEOUT_HANDLER?UAR...         -----    -----
  +--> ?PR?UART_RECEIVER_RESET?UART_DATA_HANDLE

?PR?UART0_RXBUFFER_GET_BYTE?UART0                -----    -----
  +--> ?PR?UART0

?PR?_UART_RECEIVER_PROCESS_BYTE?UART_...         -----    -----
  +--> ?PR?UART_DATA_HANDLE
  +--> ?PR?UART_RECEIVER_PROCESS_CHECKSUM?UA...

?PR?CHARGE_DET?CHARGE_DET                        61DBH    0004H
  +--> ?PR?_ADC_GET_UPDATE_FLAG?ADC
  +--> ?PR?_ADC_CLEAR_UPDATE_FLAG?ADC
  +--> ?PR?_ADC_GET_VAL?ADC
  +--> ?PR?CHARGE_DET

?PR?BAT_SCAN?BAT_SCAN                            -----    -----
  +--> ?PR?BAT_SCAN
  +--> ?PR?BAT_VOL_HISTORY_BUFF_GET_AVG?BAT_...

?PR?BAT_VOL_HISTORY_BUFF_GET_AVG?BAT_...         61DBH    0005H
  +--> ?PR?BAT_SCAN

?PR?BATTERY_MONITOR_HANDLE?BATTERY_MO...         -----    -----
BL51 BANKED LINKER/LOCATER V6.22.4.0                                                  07/30/2026  16:19:04  PAGE 7


  +--> ?PR?_LED_STATUS_SET?LED
  +--> ?PR?_UART_DATA_SEND_CMD?UART_DATA_HANDLE
  +--> ?PR?_DELAY_MS?SYSTEM
  +--> ?PR?BLE_IC_DISABLE_PRE?BLUETOOTH_IC_H...
  +--> ?PR?BLE_IC_ENABLE?BLUETOOTH_IC_HANDLE

?PR?LOW_POWER_HANDLE?LOW_POWER                   61DBH    0007H
  +--> ?PR?LOW_POWER
  +--> ?PR?LOW_POWER_IN?LOW_POWER
  +--> ?PR?LOW_POWER_OUT?LOW_POWER
  +--> ?PR?ADC_PIN_INIT?ADC
  +--> ?PR?ADC_INIT_WHEN_LOW_PWR_OUT?ADC
  +--> ?PR?_ADC_CHANNEL_SEL?ADC
  +--> ?PR?_DELAY_MS?SYSTEM
  +--> ?PR?ADC_GET_VAL_ONCE?ADC
  +--> ?PR?_GET_BATTERY_VOLTAGE_BY_ADC?BAT_SCAN
  +--> ?PR?USER_INIT?MAIN

?PR?LOW_POWER_IN?LOW_POWER                       -----    -----
  +--> ?PR?_DELAY_MS?SYSTEM

?PR?ADC_GET_VAL_ONCE?ADC                         -----    -----
  +--> ?PR?ADC

?PR?ADC                                          -----    -----
  +--> ?PR?_ADC_CHANNEL_SEL?ADC

?C_INITSEG                                       -----    -----
  +--> ?PR?AD_KEY_GET_KEY_VAL?AD_KEY

?PR?AD_KEY_GET_KEY_VAL?AD_KEY                    61DBH    0001H
  +--> ?PR?_ADC_GET_UPDATE_FLAG?ADC
  +--> ?PR?_ADC_CLEAR_UPDATE_FLAG?ADC
  +--> ?PR?_ADC_GET_VAL?ADC
  +--> ?PR?_AD_KEY_VAL_TO_AD_KEY_INDEX?AD_KEY

?PR?_AD_KEY_VAL_TO_AD_KEY_INDEX?AD_KEY           61DCH    0002H

*** NEW ROOT ***************************************************

?PR?ADC_IRQHANDLER?ADC                           61E8H    0002H
  +--> ?PR?ADC
  +--> ?PR?_ADC_UPDATE_VAL?ADC
  +--> ?PR?BATTERY_VOLTAGE_UPDATE_BY_ISR?BAT...

?PR?BATTERY_VOLTAGE_UPDATE_BY_ISR?BAT...         61EAH    0004H
  +--> ?PR?_ADC_GET_UPDATE_FLAG?ADC
  +--> ?PR?_ADC_CLEAR_UPDATE_FLAG?ADC
  +--> ?PR?_ADC_GET_VAL?ADC
  +--> ?PR?_GET_BATTERY_VOLTAGE_BY_ADC?BAT_SCAN
  +--> ?PR?BAT_SCAN
  +--> ?PR?_BAT_VOL_HISTORY_BUFF_INIT?BAT_SCAN
  +--> ?PR?_LED_BAT_LEV_INIT_BY_VOL?LED_BAT_LEV
  +--> ?PR?_BAT_CHARGE_TIME_CNT_UPDATE?BATTE...
  +--> ?PR?_BAT_DISCHARGE_TIME_CNT_UPDATE?BA...

?PR?_BAT_VOL_HISTORY_BUFF_INIT?BAT_SCAN          -----    -----
BL51 BANKED LINKER/LOCATER V6.22.4.0                                                  07/30/2026  16:19:04  PAGE 8


  +--> ?PR?BAT_SCAN

?PR?_BAT_DISCHARGE_TIME_CNT_UPDATE?BA...         61F0H    0002H
  +--> ?PR?BATTERY_MONITOR

*** NEW ROOT ***************************************************

?PR?TIMR0_IRQHANDLER?TIMER0                      -----    -----
  +--> ?PR?ADC_SCAN?ADC
  +--> ?PR?CHARGE_DET_TIME_ADD?CHARGE_DET
  +--> ?PR?UART_RECEIVER_TIMEOUT_ADD?UART_DA...
  +--> ?PR?BAT_VOL_UPDATE_TIMER_CALLBACK?BAT...
  +--> ?PR?BAT_VOL_HISTORY_BUFF_ADD_TIMER_CA...
  +--> ?PR?BAT_GET_AVG_VOL_PERIOD_ADD?BAT_SCAN
  +--> ?PR?LED_SLOW_ADJUST_ISR?LED
  +--> ?PR?LED_RED_BLUE_FLASH_1MS_ISR?LED
  +--> ?PR?LOW_POWER_ENTER_TIMER_CALLBACK?LO...
  +--> ?PR?SEND_LOW_BAT_TIMER_CALLBACK?BATTE...
  +--> ?PR?LED_BAT_LEV_DISLPLAY_1MS_ISR?LED_...
  +--> ?PR?BATTTERY_MONITOR_1MS_ISR?BATTERY_...

?PR?ADC_SCAN?ADC                                 -----    -----
  +--> ?PR?ADC

?PR?BAT_VOL_HISTORY_BUFF_ADD_TIMER_CA...         -----    -----
  +--> ?PR?BAT_SCAN
  +--> ?PR?_BAT_VOL_HISTORY_BUFF_ADD?BAT_SCAN

?PR?_BAT_VOL_HISTORY_BUFF_ADD?BAT_SCAN           -----    -----
  +--> ?PR?BAT_SCAN

?PR?BAT_GET_AVG_VOL_PERIOD_ADD?BAT_SCAN          -----    -----
  +--> ?PR?BAT_SCAN

?PR?LED_SLOW_ADJUST_ISR?LED                      -----    -----
  +--> ?PR?LED
  +--> ?PR?_PWM_SET_CHANNEL_0_DUTY?PWM
  +--> ?PR?_PWM_SET_CHANNEL_1_DUTY?PWM

?PR?LED_RED_BLUE_FLASH_1MS_ISR?LED               61F0H    0002H
  +--> ?PR?LED

?PR?LOW_POWER_ENTER_TIMER_CALLBACK?LO...         -----    -----
  +--> ?PR?IS_LOW_POWER_CONDITION_ESTABLISH?...

?PR?SEND_LOW_BAT_TIMER_CALLBACK?BATTE...         -----    -----
  +--> ?PR?BATTERY_MONITOR

?PR?LED_BAT_LEV_DISLPLAY_1MS_ISR?LED_...         -----    -----
  +--> ?PR?LED_BAT_LEV_STA_IDLE_HANDLE?LED_B...
  +--> ?PR?LED_BAT_LEV_STA_CHARGE_BEGIN_HAND...
  +--> ?PR?LED_BAT_LEV_STA_CHARGE_BEGIN_ANIM...
  +--> ?PR?LED_BAT_LEV_STA_CHARGING_HANDLE?L...
  +--> ?PR?LED_BAT_LEV_STA_CHARGE_END_HANDLE...
  +--> ?PR?LED_BAT_LEV_STA_ALERT_HANDLE?LED_...
  +--> ?PR?LED_BAT_LEV_STA_DISCHARGE_HANDLE?...

BL51 BANKED LINKER/LOCATER V6.22.4.0                                                  07/30/2026  16:19:04  PAGE 9


?PR?LED_BAT_LEV_STA_IDLE_HANDLE?LED_B...         -----    -----
  +--> ?PR?LED_BAT_LEV

?PR?LED_BAT_LEV_STA_CHARGE_BEGIN_HAND...         -----    -----
  +--> ?PR?LED_BAT_LEV

?PR?LED_BAT_LEV_STA_CHARGE_BEGIN_ANIM...         -----    -----
  +--> ?PR?LED_BAT_LEV

?PR?LED_BAT_LEV_STA_CHARGING_HANDLE?L...         -----    -----
  +--> ?PR?LED_BAT_LEV

?PR?LED_BAT_LEV_STA_ALERT_HANDLE?LED_...         -----    -----
  +--> ?PR?LED_BAT_LEV

?PR?LED_BAT_LEV_STA_DISCHARGE_HANDLE?...         61F0H    0001H
  +--> ?PR?LED_BAT_LEV

?PR?BATTTERY_MONITOR_1MS_ISR?BATTERY_...         -----    -----
  +--> ?PR?BATTERY_MONITOR
  +--> ?PR?_BAT_VOL_HISTORY_BUFF_INIT?BAT_SCAN
  +--> ?PR?_BAT_DISCHARGE_TIME_CNT_UPDATE?BA...
  +--> ?PR?_BAT_CHARGE_TIME_CNT_UPDATE?BATTE...

*** NEW ROOT ***************************************************

?PR?TIMR1_IRQHANDLER?TIMER1                      -----    -----
  +--> ?PR?DETECT_1KHZ_SIGNAL_100US?CHARGE_DET
  +--> ?PR?DETECT_DISCHARGE_1KHZ_SIGNAL_100U...

?PR?DETECT_1KHZ_SIGNAL_100US?CHARGE_DET          61F2H    0001H
  +--> ?PR?CHARGE_DET

?PR?DETECT_DISCHARGE_1KHZ_SIGNAL_100U...         61F2H    0001H
  +--> ?PR?CHARGE_DET

*** NEW ROOT ***************************************************

?PR?UART0_IRQHANDLER?UART0                       61F3H    0001H
  +--> ?PR?_UART0_RXBUFFER_PUT_BYTE?UART0

?PR?_UART0_RXBUFFER_PUT_BYTE?UART0               -----    -----
  +--> ?PR?UART0



SYMBOL TABLE OF MODULE:  .\Release\Objects\Demo (?C_STARTUP)

  VALUE           TYPE          NAME
  ----------------------------------

  -------         MODULE        ?C_STARTUP
  C:1AA2H         SEGMENT       ?C_C51STARTUP
  I:0021H         SEGMENT       ?STACK
  C:0000H         PUBLIC        ?C_STARTUP
  D:00E0H         SYMBOL        ACC
  D:00F0H         SYMBOL        B
BL51 BANKED LINKER/LOCATER V6.22.4.0                                                  07/30/2026  16:19:04  PAGE 10


  D:0083H         SYMBOL        DPH
  D:0082H         SYMBOL        DPL
  N:0000H         SYMBOL        IBPSTACK
  N:0100H         SYMBOL        IBPSTACKTOP
  N:0080H         SYMBOL        IDATALEN
  C:1AA5H         SYMBOL        IDATALOOP
  N:0000H         SYMBOL        PBPSTACK
  N:0100H         SYMBOL        PBPSTACKTOP
  N:0000H         SYMBOL        PDATALEN
  N:0000H         SYMBOL        PDATASTART
  N:0000H         SYMBOL        PPAGE
  N:0000H         SYMBOL        PPAGEENABLE
  D:00A0H         SYMBOL        PPAGE_SFR
  D:0081H         SYMBOL        SP
  C:1AA2H         SYMBOL        STARTUP1
  N:0000H         SYMBOL        XBPSTACK
  N:0000H         SYMBOL        XBPSTACKTOP
  N:0000H         SYMBOL        XDATALEN
  N:0000H         SYMBOL        XDATASTART
  C:0000H         LINE#         126
  C:1AA2H         LINE#         133
  C:1AA4H         LINE#         134
  C:1AA5H         LINE#         135
  C:1AA6H         LINE#         136
  C:1AA8H         LINE#         185
  C:1AABH         LINE#         196
  -------         ENDMOD        ?C_STARTUP

  -------         MODULE        SYSTEM
  C:0000H         SYMBOL        _ICE_DUMMY_
  D:00A7H         PUBLIC        FLASH_TIMEREG0
  D:00ACH         PUBLIC        FLASH_TIMEREG1
  C:29A1H         PUBLIC        _delay
  C:2857H         PUBLIC        _delay_ms
  C:1595H         PUBLIC        system_init
  -------         PROC          _DELAY
  D:0006H         SYMBOL        cnt
  C:29A1H         LINE#         37
  C:29A1H         LINE#         38
  C:29A1H         LINE#         39
  C:29ABH         LINE#         40
  C:29ABH         LINE#         41
  C:29ABH         LINE#         42
  -------         ENDPROC       _DELAY
  -------         PROC          _DELAY_MS
  D:0002H         SYMBOL        ms
  C:2857H         LINE#         49
  C:285BH         LINE#         50
  C:285BH         LINE#         51
  C:2865H         LINE#         52
  C:2865H         LINE#         53
  C:286CH         LINE#         54
  C:286EH         LINE#         55
  -------         ENDPROC       _DELAY_MS
  -------         PROC          SYSTEM_INIT
  -------         DO            
  D:0007H         SYMBOL        i
BL51 BANKED LINKER/LOCATER V6.22.4.0                                                  07/30/2026  16:19:04  PAGE 11


  -------         ENDDO         
  C:1595H         LINE#         62
  C:1595H         LINE#         63
  C:1595H         LINE#         66
  C:159CH         LINE#         67
  C:15A9H         LINE#         68
  C:15ACH         LINE#         69
  C:15AFH         LINE#         70
  C:15B5H         LINE#         71
  C:15BBH         LINE#         72
  C:15C1H         LINE#         76
  C:15C3H         LINE#         77
  C:15C3H         LINE#         78
  C:15D0H         LINE#         79
  C:15D5H         LINE#         81
  C:1663H         LINE#         82
  -------         ENDPROC       SYSTEM_INIT
  -------         ENDMOD        SYSTEM

  -------         MODULE        ADC
  C:0000H         SYMBOL        _ICE_DUMMY_
  D:00A8H         PUBLIC        IE0
  D:00A9H         PUBLIC        IE1
  D:00AAH         PUBLIC        IE2
  D:00ABH         PUBLIC        IE3
  B:00A8H.7       PUBLIC        IE_EA
  D:00B8H         PUBLIC        IP0
  D:00B1H         PUBLIC        IP1
  D:00B2H         PUBLIC        IP2
  D:00B3H         PUBLIC        IP3
  D:00B4H         PUBLIC        IP4
  D:00B5H         PUBLIC        IP5
  D:00B6H         PUBLIC        IP6
  D:00B7H         PUBLIC        IP7
  D:0093H         PUBLIC        ADC_DATAH0
  D:0094H         PUBLIC        ADC_DATAL0
  D:0099H         PUBLIC        ADC_CHS0
  X:6229H         PUBLIC        cur_adc_status
  C:2958H         PUBLIC        adc_pin_init
  C:272CH         PUBLIC        adc_init
  C:1E8DH         PUBLIC        adc_scan
  C:2934H         PUBLIC        adc_init_when_low_pwr_out
  C:2458H         PUBLIC        _adc_update_val
  C:2610H         PUBLIC        _adc_get_val
  C:26C0H         PUBLIC        _adc_get_update_flag
  C:0024H         PUBLIC        _adc_clear_update_flag
  C:219BH         PUBLIC        _adc_channel_sel
  C:2887H         PUBLIC        adc_get_val_once
  X:622AH         SYMBOL        adc_adkey_val
  B:0020H.0       SYMBOL        flag_is_adkey_val_update
  X:622CH         SYMBOL        adc_bat_det_val
  B:0020H.1       SYMBOL        flag_is_adc_bat_det_val_update
  X:622EH         SYMBOL        adc_solar_det_val
  B:0020H.2       SYMBOL        flag_is_adc_solar_det_val_update
  X:6230H         SYMBOL        adc_type_c_det_val
  B:0020H.3       SYMBOL        flag_is_adc_type_c_det_val_update
  C:1BB9H         PUBLIC        ADC_IRQHandler
BL51 BANKED LINKER/LOCATER V6.22.4.0                                                  07/30/2026  16:19:04  PAGE 12


  C:263EH         SYMBOL        Com0067
  C:263EH         SYMBOL        L?0104
  C:263EH         SYMBOL        L?0105
  C:2648H         SYMBOL        L?0106
  C:2648H         SYMBOL        L?0107
  C:2651H         SYMBOL        L?0108
  C:2651H         SYMBOL        L?0109
  C:2658H         SYMBOL        L?0110
  C:2662H         SYMBOL        L?0111
  -------         PROC          COM0067
  -------         ENDPROC       COM0067
  -------         PROC          ADC_PIN_INIT
  C:2958H         LINE#         24
  C:2958H         LINE#         25
  C:2958H         LINE#         27
  C:295EH         LINE#         30
  C:2964H         LINE#         33
  C:2968H         LINE#         34
  -------         ENDPROC       ADC_PIN_INIT
  -------         PROC          ADC_INIT
  C:272CH         LINE#         36
  C:272CH         LINE#         37
  C:272CH         LINE#         38
  C:2731H         LINE#         40
  C:2737H         LINE#         44
  C:273AH         LINE#         45
  C:273CH         LINE#         47
  C:2742H         LINE#         49
  C:2747H         LINE#         52
  -------         ENDPROC       ADC_INIT
  -------         PROC          _ADC_UPDATE_VAL
  D:0007H         SYMBOL        adc_channel
  D:0004H         SYMBOL        adc_val
  C:2458H         LINE#         61
  C:2458H         LINE#         62
  C:2458H         LINE#         63
  C:2467H         LINE#         64
  C:2467H         LINE#         65
  C:2467H         LINE#         66
  C:246FH         LINE#         67
  C:2471H         LINE#         68
  C:2472H         LINE#         69
  C:2472H         LINE#         70
  C:247AH         LINE#         71
  C:247CH         LINE#         72
  C:247DH         LINE#         73
  C:247DH         LINE#         74
  C:2485H         LINE#         75
  C:2487H         LINE#         76
  C:2488H         LINE#         77
  C:2488H         LINE#         78
  C:2492H         LINE#         79
  C:2494H         LINE#         80
  C:2494H         LINE#         81
  C:2494H         LINE#         82
  -------         ENDPROC       _ADC_UPDATE_VAL
  -------         PROC          _ADC_GET_VAL
BL51 BANKED LINKER/LOCATER V6.22.4.0                                                  07/30/2026  16:19:04  PAGE 13


  D:0007H         SYMBOL        adc_channel
  -------         DO            
  D:0004H         SYMBOL        ret
  -------         ENDDO         
  C:2610H         LINE#         84
  C:2610H         LINE#         85
  C:2610H         LINE#         86
  C:2613H         LINE#         87
  C:2622H         LINE#         88
  C:2622H         LINE#         89
  C:2622H         LINE#         90
  C:2625H         LINE#         91
  C:2627H         LINE#         92
  C:2627H         LINE#         93
  C:262AH         LINE#         94
  C:262CH         LINE#         95
  C:262CH         LINE#         96
  C:262FH         LINE#         97
  C:2631H         LINE#         98
  C:2631H         LINE#         99
  C:2639H         LINE#         100
  C:2639H         LINE#         102
  C:2639H         LINE#         103
  C:2639H         LINE#         104
  C:2639H         LINE#         106
  C:263DH         LINE#         107
  -------         ENDPROC       _ADC_GET_VAL
  -------         PROC          _ADC_GET_UPDATE_FLAG
  D:0007H         SYMBOL        adc_channel
  -------         DO            
  D:0006H         SYMBOL        ret
  -------         ENDDO         
  C:26C0H         LINE#         110
  C:26C0H         LINE#         111
  C:26C0H         LINE#         112
  C:26C2H         LINE#         113
  C:26D1H         LINE#         114
  C:26D1H         LINE#         115
  C:26D1H         LINE#         116
  C:26D3H         LINE#         117
  C:26D5H         LINE#         118
  C:26D5H         LINE#         119
  C:26D7H         LINE#         120
  C:26D9H         LINE#         121
  C:26D9H         LINE#         122
  C:26DBH         LINE#         123
  C:26DDH         LINE#         124
  C:26DDH         LINE#         125
  C:26E2H         LINE#         126
  C:26E2H         LINE#         128
  C:26E2H         LINE#         129
  C:26E2H         LINE#         130
  C:26E2H         LINE#         132
  C:26E4H         LINE#         133
  -------         ENDPROC       _ADC_GET_UPDATE_FLAG
  -------         PROC          _ADC_CLEAR_UPDATE_FLAG
  D:0007H         SYMBOL        adc_channel
BL51 BANKED LINKER/LOCATER V6.22.4.0                                                  07/30/2026  16:19:04  PAGE 14


  C:0024H         LINE#         136
  C:0024H         LINE#         137
  C:0024H         LINE#         138
  C:0033H         LINE#         139
  C:0033H         LINE#         140
  C:0033H         LINE#         141
  C:0035H         LINE#         142
  C:0036H         LINE#         143
  C:0036H         LINE#         144
  C:0038H         LINE#         145
  C:0039H         LINE#         146
  C:0039H         LINE#         147
  C:003BH         LINE#         148
  C:003CH         LINE#         149
  C:003CH         LINE#         150
  C:003EH         LINE#         151
  C:003EH         LINE#         153
  C:003EH         LINE#         154
  C:003EH         LINE#         155
  C:003EH         LINE#         156
  -------         ENDPROC       _ADC_CLEAR_UPDATE_FLAG
  -------         PROC          _ADC_CHANNEL_SEL
  D:0007H         SYMBOL        adc_channel
  C:219BH         LINE#         158
  C:219BH         LINE#         159
  C:219BH         LINE#         160
  C:21A2H         LINE#         164
  C:21B1H         LINE#         165
  C:21B1H         LINE#         166
  C:21B1H         LINE#         168
  C:21B8H         LINE#         170
  C:21BBH         LINE#         171
  C:21BDH         LINE#         172
  C:21BDH         LINE#         173
  C:21C4H         LINE#         176
  C:21C7H         LINE#         178
  C:21C9H         LINE#         179
  C:21C9H         LINE#         183
  C:21D0H         LINE#         186
  C:21D3H         LINE#         187
  C:21D5H         LINE#         189
  C:21D5H         LINE#         190
  C:21DCH         LINE#         193
  C:21DFH         LINE#         194
  C:21DFH         LINE#         196
  C:21DFH         LINE#         197
  C:21DFH         LINE#         198
  C:21DFH         LINE#         200
  C:21E5H         LINE#         202
  -------         ENDPROC       _ADC_CHANNEL_SEL
  -------         PROC          ADC_INIT_WHEN_LOW_PWR_OUT
  C:2934H         LINE#         205
  C:2934H         LINE#         206
  C:2934H         LINE#         207
  C:293AH         LINE#         210
  C:2940H         LINE#         211
  C:2945H         LINE#         213
BL51 BANKED LINKER/LOCATER V6.22.4.0                                                  07/30/2026  16:19:04  PAGE 15


  -------         ENDPROC       ADC_INIT_WHEN_LOW_PWR_OUT
  -------         PROC          ADC_GET_VAL_ONCE
  C:2887H         LINE#         216
  C:2887H         LINE#         217
  C:2887H         LINE#         218
  C:288DH         LINE#         219
  C:2893H         LINE#         221
  C:2895H         LINE#         222
  C:289DH         LINE#         223
  -------         ENDPROC       ADC_GET_VAL_ONCE
  -------         PROC          ADC_SCAN
  C:1E8DH         LINE#         226
  C:1E8DH         LINE#         227
  C:1E8DH         LINE#         229
  C:1EB3H         LINE#         230
  C:1EB3H         LINE#         231
  C:1EB3H         LINE#         233
  C:1EB3H         LINE#         234
  C:1EB5H         LINE#         235
  C:1EBBH         LINE#         236
  C:1EBCH         LINE#         237
  C:1EBCH         LINE#         239
  C:1EBCH         LINE#         240
  C:1EC2H         LINE#         241
  C:1EC3H         LINE#         242
  C:1EC3H         LINE#         243
  C:1EC5H         LINE#         244
  C:1ECBH         LINE#         245
  C:1ECCH         LINE#         246
  C:1ECCH         LINE#         248
  C:1ECCH         LINE#         249
  C:1ED2H         LINE#         250
  C:1ED3H         LINE#         251
  C:1ED3H         LINE#         252
  C:1ED5H         LINE#         253
  C:1EDBH         LINE#         254
  C:1EDCH         LINE#         255
  C:1EDCH         LINE#         256
  C:1EDCH         LINE#         257
  C:1EE2H         LINE#         258
  C:1EE3H         LINE#         259
  C:1EE3H         LINE#         260
  C:1EE5H         LINE#         261
  C:1EEBH         LINE#         262
  C:1EECH         LINE#         263
  C:1EECH         LINE#         264
  C:1EECH         LINE#         265
  C:1EF2H         LINE#         266
  C:1EF2H         LINE#         268
  C:1EF2H         LINE#         269
  C:1EF2H         LINE#         270
  C:1EF2H         LINE#         271
  -------         ENDPROC       ADC_SCAN
  -------         PROC          ADC_IRQHANDLER
  -------         DO            
  X:61E8H         SYMBOL        adc_val
  -------         ENDDO         
BL51 BANKED LINKER/LOCATER V6.22.4.0                                                  07/30/2026  16:19:04  PAGE 16


  C:1BB9H         LINE#         273
  C:1BD6H         LINE#         278
  C:1BD6H         LINE#         282
  C:1BDCH         LINE#         283
  C:1BDCH         LINE#         284
  C:1BDFH         LINE#         285
  C:1BEEH         LINE#         287
  C:1C02H         LINE#         288
  C:1C02H         LINE#         289
  C:1C02H         LINE#         290
  C:1C07H         LINE#         291
  C:1C09H         LINE#         292
  C:1C09H         LINE#         293
  C:1C11H         LINE#         294
  C:1C14H         LINE#         295
  C:1C16H         LINE#         296
  C:1C16H         LINE#         297
  C:1C1BH         LINE#         298
  C:1C1DH         LINE#         299
  C:1C1DH         LINE#         300
  C:1C25H         LINE#         301
  C:1C25H         LINE#         303
  C:1C25H         LINE#         304
  C:1C25H         LINE#         305
  C:1C25H         LINE#         306
  C:1C25H         LINE#         309
  C:1C25H         LINE#         310
  -------         ENDPROC       ADC_IRQHANDLER
  -------         ENDMOD        ADC

  -------         MODULE        PWM
  C:0000H         SYMBOL        _ICE_DUMMY_
  B:00A0H.7       PUBLIC        P27
  B:00B0H.0       PUBLIC        P30
  C:1B2EH         PUBLIC        pwm_init
  C:29B6H         PUBLIC        _pwm_set_channel_0_duty
  C:29BFH         PUBLIC        _pwm_set_channel_1_duty
  C:28B5H         SYMBOL        Com0004
  C:28B5H         SYMBOL        L?0005
  C:28C0H         SYMBOL        L?0006
  -------         PROC          COM0004
  -------         ENDPROC       COM0004
  -------         PROC          PWM_INIT
  C:1B2EH         LINE#         3
  C:1B2EH         LINE#         4
  C:1B2EH         LINE#         6
  C:1B34H         LINE#         7
  C:1B38H         LINE#         9
  C:1B3AH         LINE#         10
  C:1B3FH         LINE#         13
  C:1B45H         LINE#         14
  C:1B49H         LINE#         16
  C:1B4BH         LINE#         17
  C:1B50H         LINE#         21
  C:1B56H         LINE#         22
  C:1B5BH         LINE#         23
  C:1B60H         LINE#         24
BL51 BANKED LINKER/LOCATER V6.22.4.0                                                  07/30/2026  16:19:04  PAGE 17


  C:1B64H         LINE#         25
  C:1B66H         LINE#         26
  C:1B66H         LINE#         27
  C:1B66H         LINE#         29
  C:1B6CH         LINE#         30
  C:1B72H         LINE#         31
  C:1B78H         LINE#         32
  C:1B7EH         LINE#         33
  C:1B84H         LINE#         37
  C:1B8AH         LINE#         38
  C:1B8FH         LINE#         39
  C:1B94H         LINE#         40
  C:1B98H         LINE#         41
  C:1B9AH         LINE#         42
  C:1B9AH         LINE#         43
  C:1B9AH         LINE#         45
  C:1BA0H         LINE#         46
  C:1BA6H         LINE#         47
  C:1BACH         LINE#         48
  C:1BB2H         LINE#         49
  C:1BB8H         LINE#         50
  -------         ENDPROC       PWM_INIT
  -------         PROC          _PWM_SET_CHANNEL_0_DUTY
  D:0004H         SYMBOL        channel_duty
  C:29B6H         LINE#         53
  C:29B6H         LINE#         54
  C:29B6H         LINE#         55
  C:29B8H         LINE#         56
  C:29B8H         LINE#         57
  C:29BEH         LINE#         58
  -------         ENDPROC       _PWM_SET_CHANNEL_0_DUTY
  -------         PROC          _PWM_SET_CHANNEL_1_DUTY
  D:0004H         SYMBOL        channel_duty
  C:29BFH         LINE#         61
  C:29BFH         LINE#         62
  C:29BFH         LINE#         63
  C:29C1H         LINE#         64
  C:29C1H         LINE#         65
  C:29C7H         LINE#         66
  -------         ENDPROC       _PWM_SET_CHANNEL_1_DUTY
  -------         ENDMOD        PWM

  -------         MODULE        TIMER0
  C:0000H         SYMBOL        _ICE_DUMMY_
  D:00A8H         PUBLIC        IE0
  D:00A9H         PUBLIC        IE1
  D:00AAH         PUBLIC        IE2
  D:00ABH         PUBLIC        IE3
  B:00A8H.7       PUBLIC        IE_EA
  D:00B8H         PUBLIC        IP0
  D:00B1H         PUBLIC        IP1
  D:00B2H         PUBLIC        IP2
  D:00B3H         PUBLIC        IP3
  D:00B4H         PUBLIC        IP4
  D:00B5H         PUBLIC        IP5
  D:00B6H         PUBLIC        IP6
  D:00B7H         PUBLIC        IP7
BL51 BANKED LINKER/LOCATER V6.22.4.0                                                  07/30/2026  16:19:04  PAGE 18


  D:00D1H         PUBLIC        TMR_ALLCON
  C:27D4H         PUBLIC        timer0_init
  C:1DB6H         PUBLIC        TIMR0_IRQHandler
  -------         PROC          TIMER0_INIT
  C:27D4H         LINE#         12
  C:27D4H         LINE#         13
  C:27D4H         LINE#         14
  C:27D7H         LINE#         15
  C:27D9H         LINE#         17
  C:27DCH         LINE#         18
  C:27E1H         LINE#         19
  C:27E5H         LINE#         20
  C:27EAH         LINE#         21
  C:27EEH         LINE#         22
  -------         ENDPROC       TIMER0_INIT
  -------         PROC          TIMR0_IRQHANDLER
  C:1DB6H         LINE#         26
  C:1DD3H         LINE#         29
  C:1DD3H         LINE#         34
  C:1DD9H         LINE#         35
  C:1DD9H         LINE#         36
  C:1DDDH         LINE#         42
  C:1DE3H         LINE#         43
  C:1DE6H         LINE#         45
  C:1DE9H         LINE#         46
  C:1DECH         LINE#         49
  C:1DEFH         LINE#         50
  C:1DF2H         LINE#         51
  C:1DF5H         LINE#         53
  C:1DF8H         LINE#         54
  C:1DFBH         LINE#         57
  C:1DFEH         LINE#         58
  C:1E01H         LINE#         60
  C:1E04H         LINE#         62
  C:1E07H         LINE#         68
  C:1E07H         LINE#         71
  C:1E07H         LINE#         72
  -------         ENDPROC       TIMR0_IRQHANDLER
  -------         ENDMOD        TIMER0

  -------         MODULE        TIMER1
  C:0000H         SYMBOL        _ICE_DUMMY_
  D:00A8H         PUBLIC        IE0
  D:00A9H         PUBLIC        IE1
  D:00AAH         PUBLIC        IE2
  D:00ABH         PUBLIC        IE3
  B:00A8H.7       PUBLIC        IE_EA
  D:00B8H         PUBLIC        IP0
  D:00B1H         PUBLIC        IP1
  D:00B2H         PUBLIC        IP2
  D:00B3H         PUBLIC        IP3
  D:00B4H         PUBLIC        IP4
  D:00B5H         PUBLIC        IP5
  D:00B6H         PUBLIC        IP6
  D:00B7H         PUBLIC        IP7
  D:00D1H         PUBLIC        TMR_ALLCON
  C:27EFH         PUBLIC        timer1_init
BL51 BANKED LINKER/LOCATER V6.22.4.0                                                  07/30/2026  16:19:04  PAGE 19


  C:227AH         PUBLIC        TIMR1_IRQHandler
  -------         PROC          TIMER1_INIT
  C:27EFH         LINE#         9
  C:27EFH         LINE#         10
  C:27EFH         LINE#         12
  C:27F2H         LINE#         13
  C:27F4H         LINE#         15
  C:27F7H         LINE#         16
  C:27FCH         LINE#         17
  C:2800H         LINE#         18
  C:2805H         LINE#         19
  C:2809H         LINE#         23
  -------         ENDPROC       TIMER1_INIT
  -------         PROC          TIMR1_IRQHANDLER
  C:227AH         LINE#         27
  C:2297H         LINE#         30
  C:2297H         LINE#         34
  C:229DH         LINE#         35
  C:229DH         LINE#         36
  C:22A1H         LINE#         39
  C:22A4H         LINE#         40
  C:22A7H         LINE#         41
  C:22A7H         LINE#         44
  C:22A7H         LINE#         45
  -------         ENDPROC       TIMR1_IRQHANDLER
  -------         ENDMOD        TIMER1

  -------         MODULE        UART0
  C:0000H         SYMBOL        _ICE_DUMMY_
  D:00A8H         PUBLIC        IE0
  D:00A9H         PUBLIC        IE1
  D:00AAH         PUBLIC        IE2
  D:00ABH         PUBLIC        IE3
  B:00A8H.7       PUBLIC        IE_EA
  D:00B8H         PUBLIC        IP0
  D:00B1H         PUBLIC        IP1
  D:00B2H         PUBLIC        IP2
  D:00B3H         PUBLIC        IP3
  D:00B4H         PUBLIC        IP4
  D:00B5H         PUBLIC        IP5
  D:00B6H         PUBLIC        IP6
  D:00B7H         PUBLIC        IP7
  D:00D2H         PUBLIC        UART0_CON0
  D:00D4H         PUBLIC        UART0_STA
  D:00D5H         PUBLIC        UART0_BAUD0
  D:00D6H         PUBLIC        UART0_BAUD1
  D:00D7H         PUBLIC        UART0_DATA
  C:24D1H         PUBLIC        uart0_init
  C:29DAH         PUBLIC        _uart0_sendbyte
  C:2709H         PUBLIC        _uart0_sendbuf
  C:29C8H         PUBLIC        uart0_rxbuffer_get_count
  C:23D6H         PUBLIC        uart0_rxbuffer_get_byte
  X:60DBH         PUBLIC        uart0_rx_buffer
  C:22C2H         SYMBOL        _uart0_rxbuffer_put_byte
  C:257AH         PUBLIC        UART0_IRQHandler
  C:2A02H         SYMBOL        Com0047
  C:2A02H         SYMBOL        L?0072
BL51 BANKED LINKER/LOCATER V6.22.4.0                                                  07/30/2026  16:19:04  PAGE 20


  C:2A02H         SYMBOL        L?0073
  -------         PROC          COM0047
  -------         ENDPROC       COM0047
  -------         PROC          UART0_INIT
  C:24D1H         LINE#         17
  C:24D1H         LINE#         18
  C:24D1H         LINE#         19
  C:24D7H         LINE#         20
  C:24DBH         LINE#         21
  C:24E2H         LINE#         23
  C:24E8H         LINE#         24
  C:24EEH         LINE#         25
  C:24F4H         LINE#         27
  C:24F7H         LINE#         28
  C:24FAH         LINE#         29
  C:24FDH         LINE#         33
  C:2505H         LINE#         34
  C:2508H         LINE#         35
  C:250AH         LINE#         36
  -------         ENDPROC       UART0_INIT
  -------         PROC          _UART0_SENDBYTE
  D:0007H         SYMBOL        byte
  C:29DAH         LINE#         39
  C:29DAH         LINE#         40
  C:29DAH         LINE#         41
  C:29DFH         LINE#         44
  C:29E1H         LINE#         48
  -------         ENDPROC       _UART0_SENDBYTE
  -------         PROC          _UART0_SENDBUF
  X:61E5H         SYMBOL        buf
  D:0005H         SYMBOL        len
  -------         DO            
  D:0006H         SYMBOL        i
  -------         ENDDO         
  C:2709H         LINE#         50
  C:270FH         LINE#         51
  C:270FH         LINE#         52
  C:2711H         LINE#         53
  C:2716H         LINE#         54
  C:2716H         LINE#         55
  C:2728H         LINE#         56
  C:272BH         LINE#         57
  -------         ENDPROC       _UART0_SENDBUF
  -------         PROC          UART0_RXBUFFER_GET_COUNT
  C:29C8H         LINE#         60
  C:29C8H         LINE#         61
  C:29C8H         LINE#         62
  C:29D0H         LINE#         63
  -------         ENDPROC       UART0_RXBUFFER_GET_COUNT
  -------         PROC          UART0_RXBUFFER_GET_BYTE
  -------         DO            
  D:0007H         SYMBOL        rxbyte
  -------         ENDDO         
  C:23D6H         LINE#         66
  C:23D6H         LINE#         67
  C:23D6H         LINE#         70
  C:23E0H         LINE#         71
BL51 BANKED LINKER/LOCATER V6.22.4.0                                                  07/30/2026  16:19:04  PAGE 21


  C:23E0H         LINE#         73
  C:23E2H         LINE#         74
  C:23E2H         LINE#         80
  C:23E8H         LINE#         81
  C:23F7H         LINE#         82
  C:23F7H         LINE#         83
  C:23FBH         LINE#         84
  C:23FBH         LINE#         85
  C:240DH         LINE#         87
  C:2417H         LINE#         89
  C:2417H         LINE#         90
  -------         ENDPROC       UART0_RXBUFFER_GET_BYTE
  -------         PROC          _UART0_RXBUFFER_PUT_BYTE
  D:0007H         SYMBOL        byte
  C:22C2H         LINE#         92
  C:22C2H         LINE#         93
  C:22C2H         LINE#         100
  C:22C8H         LINE#         101
  C:22D7H         LINE#         102
  C:22D7H         LINE#         103
  C:22DBH         LINE#         104
  C:22DBH         LINE#         105
  C:22EDH         LINE#         107
  C:22F3H         LINE#         108
  C:2302H         LINE#         109
  C:2302H         LINE#         110
  C:2308H         LINE#         111
  C:2308H         LINE#         112
  -------         ENDPROC       _UART0_RXBUFFER_PUT_BYTE
  -------         PROC          UART0_IRQHANDLER
  -------         DO            
  X:61F3H         SYMBOL        recv_byte
  -------         ENDDO         
  C:257AH         LINE#         115
  C:258DH         LINE#         118
  C:258DH         LINE#         121
  C:2592H         LINE#         122
  C:2592H         LINE#         123
  C:2598H         LINE#         124
  C:259DH         LINE#         127
  C:259DH         LINE#         129
  C:259DH         LINE#         130
  -------         ENDPROC       UART0_IRQHANDLER
  -------         ENDMOD        UART0

  -------         MODULE        MAIN
  C:0000H         SYMBOL        _ICE_DUMMY_
  D:00D9H         PUBLIC        WDT_KEY
  C:2792H         PUBLIC        user_init
  C:200EH         PUBLIC        main
  -------         PROC          USER_INIT
  C:2792H         LINE#         37
  C:2792H         LINE#         38
  C:2792H         LINE#         39
  C:2795H         LINE#         40
  C:2798H         LINE#         41
  C:279BH         LINE#         42
BL51 BANKED LINKER/LOCATER V6.22.4.0                                                  07/30/2026  16:19:04  PAGE 22


  C:279EH         LINE#         43
  C:27A1H         LINE#         44
  C:27A4H         LINE#         46
  C:27A7H         LINE#         47
  C:27AAH         LINE#         48
  C:27ADH         LINE#         51
  C:27B0H         LINE#         52
  -------         ENDPROC       USER_INIT
  -------         PROC          MAIN
  C:200EH         LINE#         60
  C:200EH         LINE#         61
  C:200EH         LINE#         63
  C:2011H         LINE#         64
  C:2014H         LINE#         67
  C:2017H         LINE#         68
  C:201EH         LINE#         69
  C:2021H         LINE#         72
  C:2026H         LINE#         73
  C:2028H         LINE#         74
  C:202BH         LINE#         75
  C:202DH         LINE#         76
  C:2030H         LINE#         77
  C:2032H         LINE#         78
  C:2035H         LINE#         79
  C:2037H         LINE#         81
  C:203AH         LINE#         82
  C:2041H         LINE#         84
  C:2041H         LINE#         85
  C:2041H         LINE#         86
  C:204AH         LINE#         87
  C:204DH         LINE#         88
  C:2050H         LINE#         90
  C:2053H         LINE#         92
  C:2056H         LINE#         93
  C:2059H         LINE#         94
  C:205CH         LINE#         96
  C:205FH         LINE#         102
  -------         ENDPROC       MAIN
  -------         ENDMOD        MAIN

  -------         MODULE        UART_DATA_HANDLE
  C:0000H         SYMBOL        _ICE_DUMMY_
  C:2946H         PUBLIC        uart_receiver_reset
  C:000FH         PUBLIC        uart_receiver_timeout_add
  C:274EH         PUBLIC        uart_receiver_process_checksum
  C:1711H         PUBLIC        _uart_receiver_process_byte
  C:2921H         PUBLIC        uart_receiver_timeout_handler
  C:1CC7H         PUBLIC        uart_data_handle
  C:2309H         PUBLIC        _uart_data_send_cmd
  X:61C2H         SYMBOL        uart_receiver
  C:29E2H         SYMBOL        _?ix1000
  C:289EH         SYMBOL        Com0038
  C:289EH         SYMBOL        L?0057
  C:289EH         SYMBOL        L?0058
  -------         PROC          COM0038
  -------         ENDPROC       COM0038
  -------         PROC          UART_RECEIVER_RESET
BL51 BANKED LINKER/LOCATER V6.22.4.0                                                  07/30/2026  16:19:04  PAGE 23


  C:2946H         LINE#         13
  C:2946H         LINE#         14
  C:2946H         LINE#         16
  C:294BH         LINE#         17
  C:294FH         LINE#         18
  C:2953H         LINE#         19
  C:2957H         LINE#         20
  -------         ENDPROC       UART_RECEIVER_RESET
  -------         PROC          UART_RECEIVER_TIMEOUT_ADD
  C:000FH         LINE#         26
  C:000FH         LINE#         27
  C:000FH         LINE#         28
  C:0015H         LINE#         29
  C:0015H         LINE#         30
  C:001DH         LINE#         31
  C:001DH         LINE#         32
  -------         ENDPROC       UART_RECEIVER_TIMEOUT_ADD
  -------         PROC          UART_RECEIVER_PROCESS_CHECKSUM
  -------         DO            
  D:0006H         SYMBOL        i
  D:0007H         SYMBOL        check_sum
  -------         ENDDO         
  C:274EH         LINE#         39
  C:274EH         LINE#         40
  C:274EH         LINE#         42
  C:2750H         LINE#         43
  C:2751H         LINE#         44
  C:2751H         LINE#         45
  C:275EH         LINE#         46
  C:2763H         LINE#         48
  C:276AH         LINE#         49
  C:276AH         LINE#         50
  C:276DH         LINE#         51
  C:276DH         LINE#         53
  C:276DH         LINE#         60
  C:276FH         LINE#         61
  C:276FH         LINE#         62
  -------         ENDPROC       UART_RECEIVER_PROCESS_CHECKSUM
  -------         PROC          _UART_RECEIVER_PROCESS_BYTE
  D:0005H         SYMBOL        byte
  C:1711H         LINE#         71
  C:1713H         LINE#         72
  C:1713H         LINE#         74
  C:1736H         LINE#         75
  C:1736H         LINE#         76
  C:1736H         LINE#         77
  C:173AH         LINE#         78
  C:173AH         LINE#         79
  C:173AH         LINE#         80
  C:173FH         LINE#         81
  C:1742H         LINE#         82
  C:1742H         LINE#         84
  C:1742H         LINE#         85
  C:1745H         LINE#         86
  C:1745H         LINE#         87
  C:1745H         LINE#         89
  C:1745H         LINE#         90
BL51 BANKED LINKER/LOCATER V6.22.4.0                                                  07/30/2026  16:19:04  PAGE 24


  C:1749H         LINE#         91
  C:1749H         LINE#         92
  C:1749H         LINE#         93
  C:174EH         LINE#         94
  C:1751H         LINE#         95
  C:1751H         LINE#         97
  C:1751H         LINE#         99
  C:1754H         LINE#         100
  C:1754H         LINE#         101
  C:1754H         LINE#         103
  C:1754H         LINE#         104
  C:1757H         LINE#         105
  C:1757H         LINE#         106
  C:1757H         LINE#         107
  C:175CH         LINE#         108
  C:175FH         LINE#         109
  C:175FH         LINE#         111
  C:175FH         LINE#         112
  C:1762H         LINE#         113
  C:1762H         LINE#         114
  C:1762H         LINE#         116
  C:1762H         LINE#         118
  C:1762H         LINE#         119
  C:1767H         LINE#         120
  C:1769H         LINE#         121
  C:1769H         LINE#         123
  C:1769H         LINE#         125
  C:1769H         LINE#         126
  C:176EH         LINE#         127
  C:1770H         LINE#         128
  C:1770H         LINE#         130
  C:1770H         LINE#         131
  C:1773H         LINE#         132
  C:1773H         LINE#         133
  C:1773H         LINE#         134
  C:1778H         LINE#         135
  C:177AH         LINE#         136
  C:177AH         LINE#         138
  C:177AH         LINE#         139
  C:177DH         LINE#         140
  C:177DH         LINE#         141
  C:177DH         LINE#         143
  C:177DH         LINE#         145
  C:177DH         LINE#         146
  C:1783H         LINE#         147
  C:1789H         LINE#         148
  C:1789H         LINE#         150
  C:178CH         LINE#         151
  C:178CH         LINE#         153
  C:178CH         LINE#         154
  C:178FH         LINE#         155
  C:178FH         LINE#         156
  C:178FH         LINE#         158
  C:178FH         LINE#         159
  C:1793H         LINE#         160
  C:1793H         LINE#         161
  C:17A7H         LINE#         162
BL51 BANKED LINKER/LOCATER V6.22.4.0                                                  07/30/2026  16:19:04  PAGE 25


  C:17ADH         LINE#         163
  C:17B0H         LINE#         164
  C:17B0H         LINE#         166
  C:17B0H         LINE#         167
  C:17B3H         LINE#         168
  C:17B3H         LINE#         169
  C:17B3H         LINE#         171
  C:17B3H         LINE#         172
  C:17B3H         LINE#         173
  C:17B3H         LINE#         175
  C:17B5H         LINE#         176
  -------         ENDPROC       _UART_RECEIVER_PROCESS_BYTE
  -------         PROC          UART_RECEIVER_TIMEOUT_HANDLER
  C:2921H         LINE#         179
  C:2921H         LINE#         180
  C:2921H         LINE#         185
  C:2930H         LINE#         186
  C:2930H         LINE#         200
  C:2933H         LINE#         201
  C:2933H         LINE#         202
  -------         ENDPROC       UART_RECEIVER_TIMEOUT_HANDLER
  -------         PROC          UART_DATA_HANDLE
  -------         DO            
  D:0004H         SYMBOL        recv_byte
  X:61C1H         SYMBOL        initialized
  -------         ENDDO         
  C:1CC7H         LINE#         203
  C:1CC7H         LINE#         204
  C:1CC7H         LINE#         212
  C:1CCDH         LINE#         213
  C:1CCDH         LINE#         214
  C:1CD0H         LINE#         215
  C:1CD6H         LINE#         216
  C:1CD6H         LINE#         221
  C:1CDCH         LINE#         222
  C:1CDCH         LINE#         223
  C:1CDFH         LINE#         224
  C:1CDFH         LINE#         233
  C:1CDFH         LINE#         234
  C:1CDFH         LINE#         235
  C:1CF3H         LINE#         238
  C:1CF3H         LINE#         252
  C:1CF3H         LINE#         253
  C:1CF3H         LINE#         255
  C:1CF8H         LINE#         258
  C:1CFEH         LINE#         259
  C:1D03H         LINE#         262
  C:1D09H         LINE#         263
  C:1D09H         LINE#         276
  C:1D0CH         LINE#         277
  C:1D0CH         LINE#         278
  C:1D0EH         LINE#         308
  C:1D1AH         LINE#         310
  C:1D1AH         LINE#         312
  C:1D1AH         LINE#         332
  C:1D2AH         LINE#         333
  C:1D2AH         LINE#         334
BL51 BANKED LINKER/LOCATER V6.22.4.0                                                  07/30/2026  16:19:04  PAGE 26


  C:1D2AH         LINE#         336
  C:1D2FH         LINE#         337
  C:1D31H         LINE#         338
  C:1D31H         LINE#         340
  C:1D37H         LINE#         341
  C:1D39H         LINE#         342
  C:1D39H         LINE#         350
  C:1D3CH         LINE#         351
  C:1D3CH         LINE#         353
  C:1D3CH         LINE#         357
  C:1D3CH         LINE#         358
  C:1D3CH         LINE#         361
  C:1D3FH         LINE#         362
  -------         ENDPROC       UART_DATA_HANDLE
  -------         PROC          _UART_DATA_SEND_CMD
  X:61DCH         SYMBOL        cmd
  -------         DO            
  X:61DDH         SYMBOL        buf
  -------         ENDDO         
  C:2309H         LINE#         366
  C:230EH         LINE#         367
  C:230EH         LINE#         368
  C:2321H         LINE#         379
  C:232AH         LINE#         380
  C:2343H         LINE#         382
  -------         ENDPROC       _UART_DATA_SEND_CMD
  -------         ENDMOD        UART_DATA_HANDLE

  -------         MODULE        KEY_DRIVER
  C:0000H         SYMBOL        _ICE_DUMMY_
  C:0B58H         PUBLIC        _key_driver_scan
  X:6238H         SYMBOL        is_key_active
  X:6239H         PUBLIC        scan_para
  C:27B3H         SYMBOL        Com0021
  C:27B3H         SYMBOL        L?0034
  C:27B6H         SYMBOL        L?0035
  C:27B7H         SYMBOL        L?0036
  C:27BDH         SYMBOL        L?0037
  C:27C0H         SYMBOL        L?0038
  C:27C4H         SYMBOL        L?0039
  C:27CAH         SYMBOL        L?0040
  C:27CDH         SYMBOL        L?0041
  -------         PROC          COM0021
  -------         ENDPROC       COM0021
  -------         PROC          _KEY_DRIVER_SCAN
  D:0001H         SYMBOL        _scan_para
  -------         DO            
  X:61DBH         SYMBOL        key_event
  D:0007H         SYMBOL        cur_key_value
  X:61DCH         SYMBOL        key_value
  C:0CC0H         SYMBOL        _notify
  C:0CE0H         SYMBOL        _scan_end
  -------         ENDDO         
  C:0B58H         LINE#         17
  C:0B58H         LINE#         19
  C:0B58H         LINE#         24
  C:0B5DH         LINE#         25
BL51 BANKED LINKER/LOCATER V6.22.4.0                                                  07/30/2026  16:19:04  PAGE 27


  C:0B5FH         LINE#         26
  C:0B63H         LINE#         30
  C:0B69H         LINE#         33
  C:0B7CH         LINE#         34
  C:0B7CH         LINE#         36
  C:0B7CH         LINE#         38
  C:0B86H         LINE#         40
  C:0B8FH         LINE#         46
  C:0B93H         LINE#         47
  C:0B93H         LINE#         48
  C:0B99H         LINE#         49
  C:0B9BH         LINE#         50
  C:0BA1H         LINE#         51
  C:0BA1H         LINE#         52
  C:0BA4H         LINE#         53
  C:0BA4H         LINE#         56
  C:0BB8H         LINE#         57
  C:0BB8H         LINE#         59
  C:0BBFH         LINE#         60
  C:0BC5H         LINE#         62
  C:0BC5H         LINE#         65
  C:0BD6H         LINE#         66
  C:0BD6H         LINE#         67
  C:0BE1H         LINE#         69
  C:0BE1H         LINE#         72
  C:0BEDH         LINE#         73
  C:0BEDH         LINE#         80
  C:0BF1H         LINE#         81
  C:0BF1H         LINE#         82
  C:0BF8H         LINE#         83
  C:0BF8H         LINE#         84
  C:0BFAH         LINE#         85
  C:0C00H         LINE#         86
  C:0C02H         LINE#         88
  C:0C02H         LINE#         91
  C:0C02H         LINE#         92
  C:0C0AH         LINE#         93
  C:0C0AH         LINE#         94
  C:0C0DH         LINE#         96
  C:0C0DH         LINE#         101
  C:0C15H         LINE#         102
  C:0C21H         LINE#         103
  C:0C21H         LINE#         104
  C:0C26H         LINE#         105
  C:0C2AH         LINE#         106
  C:0C2DH         LINE#         108
  C:0C2DH         LINE#         109
  C:0C33H         LINE#         110
  C:0C33H         LINE#         111
  C:0C33H         LINE#         113
  C:0C35H         LINE#         118
  C:0C35H         LINE#         120
  C:0C35H         LINE#         125
  C:0C39H         LINE#         126
  C:0C39H         LINE#         128
  C:0C4AH         LINE#         129
  C:0C4AH         LINE#         133
BL51 BANKED LINKER/LOCATER V6.22.4.0                                                  07/30/2026  16:19:04  PAGE 28


  C:0C5BH         LINE#         134
  C:0C5BH         LINE#         154
  C:0C5BH         LINE#         155
  C:0C5DH         LINE#         157
  C:0C5DH         LINE#         158
  C:0C6AH         LINE#         160
  C:0C6CH         LINE#         162
  C:0C6CH         LINE#         164
  C:0C6CH         LINE#         165
  C:0C77H         LINE#         166
  C:0C7AH         LINE#         168
  C:0C7AH         LINE#         169
  C:0C7AH         LINE#         171
  C:0C7AH         LINE#         172
  C:0C7AH         LINE#         174
  C:0C7AH         LINE#         175
  C:0C7AH         LINE#         177
  C:0C7AH         LINE#         179
  C:0C85H         LINE#         180
  C:0C85H         LINE#         181
  C:0C8DH         LINE#         182
  C:0C8DH         LINE#         186
  C:0C93H         LINE#         187
  C:0C93H         LINE#         188
  C:0C99H         LINE#         193
  C:0C9BH         LINE#         194
  C:0CA7H         LINE#         195
  C:0CA7H         LINE#         196
  C:0CACH         LINE#         197
  C:0CBBH         LINE#         199
  C:0CBBH         LINE#         201
  C:0CBBH         LINE#         202
  C:0CBBH         LINE#         204
  C:0CBBH         LINE#         207
  C:0CC0H         LINE#         208
  C:0CC0H         LINE#         210
  C:0CC0H         LINE#         211
  C:0CC0H         LINE#         213
  C:0CC0H         LINE#         216
  C:0CC0H         LINE#         218
  C:0CC0H         LINE#         219
  C:0CC4H         LINE#         220
  C:0CCCH         LINE#         222
  C:0CD6H         LINE#         223
  C:0CE0H         LINE#         226
  C:0CE0H         LINE#         235
  C:0CE0H         LINE#         237
  C:0CE0H         LINE#         238
  C:0CEAH         LINE#         241
  -------         ENDPROC       _KEY_DRIVER_SCAN
  -------         ENDMOD        KEY_DRIVER

  -------         MODULE        AD_KEY
  C:0000H         SYMBOL        _ICE_DUMMY_
  X:6163H         PUBLIC        ad_key_para
  C:1852H         PUBLIC        ad_key_handle
  X:6176H         SYMBOL        ad_key_scan_table
BL51 BANKED LINKER/LOCATER V6.22.4.0                                                  07/30/2026  16:19:04  PAGE 29


  X:6186H         SYMBOL        ad_key_event_table
  C:25AEH         PUBLIC        ad_key_get_key_val
  C:214FH         SYMBOL        _ad_key_val_to_ad_key_index
  C:21E6H         SYMBOL        _ad_key_get_event
  C:2969H         SYMBOL        Com0036
  C:2969H         SYMBOL        L?0055
  -------         PROC          COM0036
  -------         ENDPROC       COM0036
  -------         PROC          _AD_KEY_VAL_TO_AD_KEY_INDEX
  D:0006H         SYMBOL        ad_key_val
  -------         DO            
  D:0005H         SYMBOL        i
  X:61DCH         SYMBOL        ad_key_index
  -------         ENDDO         
  C:214FH         LINE#         55
  C:214FH         LINE#         56
  C:214FH         LINE#         57
  C:2151H         LINE#         58
  C:2159H         LINE#         61
  C:2159H         LINE#         62
  C:2159H         LINE#         63
  C:2171H         LINE#         64
  C:2171H         LINE#         65
  C:218BH         LINE#         66
  C:218DH         LINE#         67
  C:218DH         LINE#         68
  C:2192H         LINE#         70
  C:219AH         LINE#         71
  -------         ENDPROC       _AD_KEY_VAL_TO_AD_KEY_INDEX
  -------         PROC          _AD_KEY_GET_EVENT
  D:0007H         SYMBOL        key_val
  D:0005H         SYMBOL        key_event
  -------         DO            
  D:0006H         SYMBOL        ret_key_event
  D:0004H         SYMBOL        key_event_index
  D:0003H         SYMBOL        i
  -------         ENDDO         
  C:21E6H         LINE#         81
  C:21E6H         LINE#         82
  C:21E6H         LINE#         83
  C:21E8H         LINE#         84
  C:21E9H         LINE#         85
  C:21EAH         LINE#         88
  C:21EEH         LINE#         89
  C:21EEH         LINE#         90
  C:21EFH         LINE#         91
  C:21F1H         LINE#         92
  C:21F5H         LINE#         93
  C:21F5H         LINE#         94
  C:21F7H         LINE#         95
  C:21F9H         LINE#         96
  C:21FDH         LINE#         97
  C:21FDH         LINE#         98
  C:21FFH         LINE#         99
  C:2201H         LINE#         100
  C:2205H         LINE#         101
  C:2205H         LINE#         102
BL51 BANKED LINKER/LOCATER V6.22.4.0                                                  07/30/2026  16:19:04  PAGE 30


  C:2207H         LINE#         103
  C:2209H         LINE#         105
  C:2209H         LINE#         106
  C:220CH         LINE#         107
  C:220CH         LINE#         109
  C:2212H         LINE#         110
  C:2212H         LINE#         111
  C:2219H         LINE#         112
  C:2219H         LINE#         113
  C:2228H         LINE#         114
  C:222AH         LINE#         115
  C:222AH         LINE#         116
  C:222DH         LINE#         118
  C:222FH         LINE#         119
  -------         ENDPROC       _AD_KEY_GET_EVENT
  -------         PROC          AD_KEY_GET_KEY_VAL
  -------         DO            
  X:6161H         SYMBOL        val
  X:61DBH         SYMBOL        ret
  -------         ENDDO         
  C:25AEH         LINE#         132
  C:25AEH         LINE#         133
  C:25AEH         LINE#         135
  C:25B4H         LINE#         138
  C:25BCH         LINE#         139
  C:25BCH         LINE#         140
  C:25C1H         LINE#         141
  C:25CEH         LINE#         144
  C:25CEH         LINE#         146
  C:25DEH         LINE#         147
  C:25E0H         LINE#         148
  -------         ENDPROC       AD_KEY_GET_KEY_VAL
  -------         PROC          AD_KEY_HANDLE
  -------         DO            
  X:61DBH         SYMBOL        ad_key_event
  -------         ENDDO         
  C:1852H         LINE#         150
  C:1852H         LINE#         151
  C:1852H         LINE#         152
  C:1857H         LINE#         154
  C:1860H         LINE#         155
  C:1860H         LINE#         157
  C:1860H         LINE#         159
  C:186DH         LINE#         160
  C:1872H         LINE#         161
  C:1874H         LINE#         165
  C:1883H         LINE#         166
  C:1883H         LINE#         176
  C:1889H         LINE#         178
  C:1889H         LINE#         180
  C:18AFH         LINE#         181
  C:18AFH         LINE#         184
  C:18AFH         LINE#         188
  C:18B2H         LINE#         189
  C:18B2H         LINE#         191
  C:18B2H         LINE#         195
  C:18B2H         LINE#         197
BL51 BANKED LINKER/LOCATER V6.22.4.0                                                  07/30/2026  16:19:04  PAGE 31


  C:18B2H         LINE#         202
  C:18B2H         LINE#         204
  C:18B2H         LINE#         208
  C:18B2H         LINE#         212
  C:18B2H         LINE#         216
  C:18B4H         LINE#         217
  C:18B6H         LINE#         219
  C:18B6H         LINE#         224
  C:18B8H         LINE#         225
  C:18BAH         LINE#         227
  C:18BAH         LINE#         232
  C:18BCH         LINE#         233
  C:18BEH         LINE#         235
  C:18BEH         LINE#         239
  C:18BEH         LINE#         244
  C:18BEH         LINE#         249
  C:18C0H         LINE#         250
  C:18C2H         LINE#         252
  C:18C2H         LINE#         258
  C:18C4H         LINE#         259
  C:18C6H         LINE#         261
  C:18C6H         LINE#         267
  C:18C8H         LINE#         268
  C:18CAH         LINE#         270
  C:18CAH         LINE#         274
  C:18CAH         LINE#         278
  C:18CAH         LINE#         284
  C:18D0H         LINE#         285
  C:18D0H         LINE#         286
  C:18D2H         LINE#         287
  C:18D4H         LINE#         288
  C:18DBH         LINE#         289
  C:18DBH         LINE#         290
  C:18E0H         LINE#         291
  C:18E0H         LINE#         292
  C:18E0H         LINE#         294
  C:18E0H         LINE#         300
  C:18E6H         LINE#         301
  C:18E6H         LINE#         304
  C:18E9H         LINE#         305
  C:18E9H         LINE#         307
  C:18E9H         LINE#         312
  C:18ECH         LINE#         313
  C:18ECH         LINE#         314
  C:18ECH         LINE#         316
  C:18ECH         LINE#         320
  C:18ECH         LINE#         322
  C:18ECH         LINE#         326
  C:18ECH         LINE#         328
  C:18ECH         LINE#         329
  C:18ECH         LINE#         330
  C:18ECH         LINE#         331
  -------         ENDPROC       AD_KEY_HANDLE
  -------         ENDMOD        AD_KEY

  -------         MODULE        USER_TEST
  C:0000H         SYMBOL        _ICE_DUMMY_
BL51 BANKED LINKER/LOCATER V6.22.4.0                                                  07/30/2026  16:19:04  PAGE 32


  -------         ENDMOD        USER_TEST

  -------         MODULE        LED
  C:0000H         SYMBOL        _ICE_DUMMY_
  B:0080H.0       PUBLIC        P00
  B:0080H.1       PUBLIC        P01
  B:0080H.2       PUBLIC        P02
  B:0080H.5       PUBLIC        P05
  B:0080H.6       PUBLIC        P06
  B:0090H.3       PUBLIC        P13
  B:00A0H.7       PUBLIC        P27
  B:00B0H.0       PUBLIC        P30
  X:620BH         PUBLIC        led_ctl
  C:20B4H         PUBLIC        led_init
  C:2987H         PUBLIC        led_yellow_on
  C:29EAH         PUBLIC        led_yellow_off
  C:2994H         PUBLIC        led_white_on
  C:29F2H         PUBLIC        led_white_off
  C:2978H         PUBLIC        led_ctl_init
  C:2418H         PUBLIC        led_status_switch
  C:1A15H         PUBLIC        _led_status_set
  C:13DAH         PUBLIC        led_red_blue_flash_1ms_isr
  C:12D9H         PUBLIC        led_slow_adjust_isr
  C:17B6H         SYMBOL        Com0053
  C:17B6H         SYMBOL        L?0084
  C:17C2H         SYMBOL        L?0085
  C:17D0H         SYMBOL        L?0086
  C:17D0H         SYMBOL        L?0087
  C:17D9H         SYMBOL        L?0088
  C:17DAH         SYMBOL        L?0089
  C:17DFH         SYMBOL        L?0090
  C:17E6H         SYMBOL        L?0091
  C:17E9H         SYMBOL        L?0092
  C:17ECH         SYMBOL        L?0093
  C:17F3H         SYMBOL        L?0094
  C:17F3H         SYMBOL        L?0095
  C:1800H         SYMBOL        L?0096
  C:1811H         SYMBOL        L?0097
  C:1820H         SYMBOL        L?0098
  C:1820H         SYMBOL        L?0099
  C:1829H         SYMBOL        L?0100
  C:1834H         SYMBOL        L?0101
  C:1835H         SYMBOL        L?0102
  C:183CH         SYMBOL        L?0103
  C:183CH         SYMBOL        L?0104
  C:1842H         SYMBOL        L?0105
  C:184BH         SYMBOL        L?0106
  C:184BH         SYMBOL        L?0107
  -------         PROC          COM0053
  -------         ENDPROC       COM0053
  -------         PROC          LED_INIT
  C:20B4H         LINE#         14
  C:20B4H         LINE#         15
  C:20B4H         LINE#         17
  C:20BAH         LINE#         18
  C:20BEH         LINE#         19
  C:20C0H         LINE#         20
BL51 BANKED LINKER/LOCATER V6.22.4.0                                                  07/30/2026  16:19:04  PAGE 33


  C:20C5H         LINE#         23
  C:20CBH         LINE#         24
  C:20CFH         LINE#         25
  C:20D1H         LINE#         26
  C:20D4H         LINE#         29
  C:20D4H         LINE#         30
  C:20D7H         LINE#         31
  C:20D9H         LINE#         32
  C:20DEH         LINE#         35
  C:20E3H         LINE#         36
  C:20E7H         LINE#         37
  C:20E9H         LINE#         38
  C:20ECH         LINE#         41
  C:20ECH         LINE#         42
  C:20EFH         LINE#         43
  C:20F1H         LINE#         44
  C:20F4H         LINE#         47
  C:20F8H         LINE#         48
  C:20FCH         LINE#         49
  C:20FEH         LINE#         50
  C:2101H         LINE#         51
  -------         ENDPROC       LED_INIT
  -------         PROC          LED_CTL_INIT
  C:2978H         LINE#         53
  C:2978H         LINE#         54
  C:2978H         LINE#         63
  -------         ENDPROC       LED_CTL_INIT
  -------         PROC          LED_YELLOW_ON
  C:2987H         LINE#         66
  C:2987H         LINE#         67
  C:2987H         LINE#         68
  C:298DH         LINE#         69
  C:2993H         LINE#         70
  -------         ENDPROC       LED_YELLOW_ON
  -------         PROC          LED_YELLOW_OFF
  C:29EAH         LINE#         72
  C:29EAH         LINE#         73
  C:29EAH         LINE#         74
  C:29ECH         LINE#         75
  C:29F1H         LINE#         76
  -------         ENDPROC       LED_YELLOW_OFF
  -------         PROC          LED_WHITE_ON
  C:2994H         LINE#         78
  C:2994H         LINE#         79
  C:2994H         LINE#         80
  C:299AH         LINE#         81
  C:29A0H         LINE#         82
  -------         ENDPROC       LED_WHITE_ON
  -------         PROC          LED_WHITE_OFF
  C:29F2H         LINE#         84
  C:29F2H         LINE#         85
  C:29F2H         LINE#         86
  C:29F4H         LINE#         87
  C:29F9H         LINE#         88
  -------         ENDPROC       LED_WHITE_OFF
  -------         PROC          LED_STATUS_SWITCH
  C:2418H         LINE#         90
BL51 BANKED LINKER/LOCATER V6.22.4.0                                                  07/30/2026  16:19:04  PAGE 34


  C:2418H         LINE#         91
  C:2418H         LINE#         102
  C:241EH         LINE#         103
  C:241EH         LINE#         104
  C:2428H         LINE#         105
  C:242EH         LINE#         106
  C:242EH         LINE#         109
  C:2442H         LINE#         110
  C:2442H         LINE#         111
  C:2442H         LINE#         113
  C:2444H         LINE#         114
  C:2446H         LINE#         115
  C:2446H         LINE#         117
  C:2448H         LINE#         118
  C:244AH         LINE#         119
  C:244AH         LINE#         121
[...]
  C:1E22H         LINE#         58
  C:1E3FH         LINE#         63
  C:1E3FH         LINE#         65
  C:1E42H         LINE#         66
  C:1E43H         LINE#         67
  C:1E5BH         LINE#         71
  C:1E5BH         LINE#         79
  C:1E5FH         LINE#         80
  C:1E63H         LINE#         81
  C:1E64H         LINE#         82
  C:1E7CH         LINE#         86
  C:1E7CH         LINE#         87
  C:1E89H         LINE#         89
  C:1E89H         LINE#         91
  C:1E8CH         LINE#         92
  C:1E8CH         LINE#         93
  C:1E8CH         LINE#         94
  -------         ENDPROC       LED_BAT_LEV_HANDLE
  -------         PROC          LED_BAT_LEV_STA_DISCHARGE_HANDLE
  -------         DO            
  X:621AH         SYMBOL        jump_down_cnt_ms
  X:61F0H         SYMBOL        target_bat_lev
  -------         ENDDO         
  C:0753H         LINE#         100
  C:0753H         LINE#         101
  C:0753H         LINE#         104
  C:0759H         LINE#         106
  C:0763H         LINE#         109
  C:0763H         LINE#         111
  C:0768H         LINE#         112
  C:0768H         LINE#         113
  C:0768H         LINE#         114
  C:076AH         LINE#         115
  C:076FH         LINE#         116
  C:076FH         LINE#         117
  C:076FH         LINE#         118
  C:0771H         LINE#         119
  C:077DH         LINE#         120
  C:077DH         LINE#         121
  C:077DH         LINE#         122
  C:077FH         LINE#         123
  C:078EH         LINE#         124
BL51 BANKED LINKER/LOCATER V6.22.4.0                                                  07/30/2026  16:19:04  PAGE 58


  C:078EH         LINE#         125
  C:078EH         LINE#         126
  C:0790H         LINE#         135
  C:0790H         LINE#         137
  C:0795H         LINE#         138
  C:0795H         LINE#         139
  C:079BH         LINE#         140
  C:079DH         LINE#         141
  C:07ACH         LINE#         142
  C:07ACH         LINE#         143
  C:07B2H         LINE#         144
  C:07B4H         LINE#         145
  C:07B9H         LINE#         146
  C:07B9H         LINE#         147
  C:07BFH         LINE#         148
  C:07C1H         LINE#         149
  C:07D0H         LINE#         150
  C:07D0H         LINE#         151
  C:07D3H         LINE#         152
  C:07D5H         LINE#         154
  C:07D5H         LINE#         155
  C:07D8H         LINE#         156
  C:07D8H         LINE#         157
  C:07D8H         LINE#         179
  C:07E2H         LINE#         180
  C:07E2H         LINE#         181
  C:07EEH         LINE#         182
  C:07EEH         LINE#         187
  C:07F8H         LINE#         189
  C:0802H         LINE#         192
  C:0802H         LINE#         194
  C:0815H         LINE#         195
  C:0815H         LINE#         196
  C:0815H         LINE#         197
  C:081DH         LINE#         198
  C:081DH         LINE#         199
  C:081DH         LINE#         200
  C:081DH         LINE#         201
  C:0820H         LINE#         203
  C:0820H         LINE#         204
  C:082BH         LINE#         205
  C:082BH         LINE#         206
  C:082BH         LINE#         207
  C:082BH         LINE#         208
  C:082DH         LINE#         210
  C:082DH         LINE#         211
  C:083CH         LINE#         212
  C:083CH         LINE#         213
  C:083CH         LINE#         214
  C:083CH         LINE#         215
  C:083EH         LINE#         217
  C:083EH         LINE#         218
  C:083EH         LINE#         219
  C:083EH         LINE#         220
  C:083EH         LINE#         221
  C:083EH         LINE#         222
  C:083EH         LINE#         223
BL51 BANKED LINKER/LOCATER V6.22.4.0                                                  07/30/2026  16:19:04  PAGE 59


  C:0840H         LINE#         225
  C:0840H         LINE#         227
  C:0840H         LINE#         228
  C:0840H         LINE#         229
  C:0840H         LINE#         230
  C:0840H         LINE#         233
  C:0840H         LINE#         235
  C:0853H         LINE#         236
  C:0853H         LINE#         237
  C:0853H         LINE#         238
  C:085EH         LINE#         239
  C:085EH         LINE#         240
  C:085EH         LINE#         241
  C:085EH         LINE#         242
  C:0860H         LINE#         244
  C:0860H         LINE#         245
  C:086FH         LINE#         246
  C:086FH         LINE#         247
  C:086FH         LINE#         248
  C:086FH         LINE#         249
  C:0871H         LINE#         251
  C:0871H         LINE#         252
  C:087CH         LINE#         253
  C:087CH         LINE#         254
  C:0884H         LINE#         255
  C:0884H         LINE#         256
  C:0887H         LINE#         258
  C:0887H         LINE#         259
  C:088FH         LINE#         260
  C:0890H         LINE#         261
  C:0890H         LINE#         262
  C:0890H         LINE#         263
  C:0890H         LINE#         264
  C:0893H         LINE#         266
  C:0893H         LINE#         268
  C:0893H         LINE#         269
  C:0893H         LINE#         270
  C:0893H         LINE#         271
  C:0893H         LINE#         272
  C:0893H         LINE#         274
  C:0893H         LINE#         282
  C:089FH         LINE#         283
  C:08B1H         LINE#         284
  C:08B1H         LINE#         285
  C:08BBH         LINE#         291
  C:08C4H         LINE#         292
  C:08C4H         LINE#         293
  C:08C7H         LINE#         294
  C:08C7H         LINE#         296
  C:08D1H         LINE#         299
  C:08D1H         LINE#         301
  C:08E2H         LINE#         302
  C:08E2H         LINE#         303
  C:08E2H         LINE#         304
  C:08EAH         LINE#         305
  C:08EAH         LINE#         309
  C:08F4H         LINE#         311
BL51 BANKED LINKER/LOCATER V6.22.4.0                                                  07/30/2026  16:19:04  PAGE 60


  C:08F4H         LINE#         312
  C:08F7H         LINE#         314
  C:08F7H         LINE#         315
  C:08FFH         LINE#         316
  C:08FFH         LINE#         320
  C:0909H         LINE#         322
  C:0909H         LINE#         323
  C:090CH         LINE#         325
  C:090CH         LINE#         326
  C:0918H         LINE#         327
  C:0918H         LINE#         331
  C:0922H         LINE#         333
  C:0922H         LINE#         334
  C:0924H         LINE#         336
  C:0924H         LINE#         337
  C:0924H         LINE#         338
  C:0924H         LINE#         339
  C:0924H         LINE#         342
  C:0924H         LINE#         344
  C:0932H         LINE#         345
  C:0932H         LINE#         346
  C:0932H         LINE#         347
  C:093AH         LINE#         348
  C:093AH         LINE#         352
  C:0944H         LINE#         354
  C:0944H         LINE#         355
  C:0946H         LINE#         357
  C:0946H         LINE#         358
  C:0955H         LINE#         359
  C:0955H         LINE#         363
  C:095FH         LINE#         365
  C:095FH         LINE#         366
  C:0961H         LINE#         368
  C:0961H         LINE#         369
  C:0969H         LINE#         370
  C:0969H         LINE#         374
  C:0973H         LINE#         376
  C:0973H         LINE#         377
  C:0973H         LINE#         379
  C:0973H         LINE#         380
  C:0973H         LINE#         381
  C:0973H         LINE#         382
  C:0973H         LINE#         383
  C:0973H         LINE#         384
  C:0973H         LINE#         385
  C:0973H         LINE#         402
  C:0987H         LINE#         403
  C:0987H         LINE#         404
  C:0987H         LINE#         405
  C:0987H         LINE#         407
  C:098DH         LINE#         408
  C:098DH         LINE#         409
  C:098DH         LINE#         410
  C:0990H         LINE#         411
  C:0992H         LINE#         412
  C:0993H         LINE#         413
  C:0993H         LINE#         414
BL51 BANKED LINKER/LOCATER V6.22.4.0                                                  07/30/2026  16:19:04  PAGE 61


  C:0993H         LINE#         415
  C:0993H         LINE#         416
  C:0996H         LINE#         417
  C:0998H         LINE#         418
  C:0999H         LINE#         419
  C:0999H         LINE#         420
  C:099BH         LINE#         421
  C:099DH         LINE#         422
  C:099DH         LINE#         423
  C:099DH         LINE#         424
  C:099FH         LINE#         425
  C:099FH         LINE#         426
  C:09A1H         LINE#         427
  C:09A3H         LINE#         428
  C:09A3H         LINE#         429
  C:09A3H         LINE#         430
  C:09A5H         LINE#         431
  C:09A5H         LINE#         432
  C:09A7H         LINE#         433
  C:09A9H         LINE#         434
  C:09ABH         LINE#         435
  C:09ADH         LINE#         436
  C:09ADH         LINE#         437
  C:09ADH         LINE#         438
  -------         ENDPROC       LED_BAT_LEV_STA_DISCHARGE_HANDLE
  -------         PROC          LED_BAT_LEV_STA_ALERT_HANDLE
  -------         DO            
  X:621EH         SYMBOL        cnt
  -------         ENDDO         
  C:269AH         LINE#         884
  C:269AH         LINE#         885
  C:269AH         LINE#         888
  C:269AH         LINE#         889
  C:269AH         LINE#         890
  C:269DH         LINE#         892
  C:26A7H         LINE#         893
  C:26B6H         LINE#         894
  C:26B6H         LINE#         895
  C:26BAH         LINE#         896
  C:26BFH         LINE#         897
  C:26BFH         LINE#         898
  -------         ENDPROC       LED_BAT_LEV_STA_ALERT_HANDLE
  -------         PROC          LED_BAT_LEV_STA_IDLE_HANDLE
  C:0045H         LINE#         900
  C:0045H         LINE#         901
  C:0045H         LINE#         902
  C:0045H         LINE#         903
  C:0045H         LINE#         904
  C:0048H         LINE#         905
  C:004AH         LINE#         906
  -------         ENDPROC       LED_BAT_LEV_STA_IDLE_HANDLE
  -------         PROC          LED_BAT_LEV_STA_CHARGE_BEGIN_HANDLE
  C:290CH         LINE#         908
  C:290CH         LINE#         909
  C:290CH         LINE#         910
  C:290CH         LINE#         911
  C:290CH         LINE#         912
BL51 BANKED LINKER/LOCATER V6.22.4.0                                                  07/30/2026  16:19:04  PAGE 62


  C:290FH         LINE#         913
  C:2911H         LINE#         914
  C:2916H         LINE#         915
  C:291AH         LINE#         916
  C:2920H         LINE#         917
  -------         ENDPROC       LED_BAT_LEV_STA_CHARGE_BEGIN_HANDLE
  -------         PROC          LED_BAT_LEV_STA_CHARGE_BEGIN_ANIM_HANDLE
  C:1EF3H         LINE#         919
  C:1EF3H         LINE#         920
  C:1EF3H         LINE#         921
  C:1EF3H         LINE#         922
  C:1EF8H         LINE#         923
  C:1EF8H         LINE#         924
  C:1EFCH         LINE#         925
  C:1F0DH         LINE#         927
  C:1F0DH         LINE#         928
  C:1F0FH         LINE#         929
  C:1F15H         LINE#         930
  C:1F16H         LINE#         931
  C:1F28H         LINE#         933
  C:1F28H         LINE#         934
  C:1F2AH         LINE#         935
  C:1F30H         LINE#         936
  C:1F31H         LINE#         937
  C:1F43H         LINE#         939
  C:1F43H         LINE#         940
  C:1F45H         LINE#         941
  C:1F48H         LINE#         942
  C:1F4AH         LINE#         944
  C:1F4AH         LINE#         945
  C:1F51H         LINE#         948
  C:1F57H         LINE#         949
  C:1F57H         LINE#         950
  C:1F57H         LINE#         951
  -------         ENDPROC       LED_BAT_LEV_STA_CHARGE_BEGIN_ANIM_HANDLE
  -------         PROC          LED_BAT_LEV_STA_CHARGING_HANDLE
  -------         DO            
  X:6220H         SYMBOL        led_quick_fill_cnt
  -------         ENDDO         
  C:10BAH         LINE#         953
  C:10BAH         LINE#         954
  C:10BAH         LINE#         957
  C:10BAH         LINE#         960
  C:10C6H         LINE#         961
  C:10C6H         LINE#         962
  C:10CDH         LINE#         965
  C:10DEH         LINE#         966
  C:10DEH         LINE#         967
  C:10DEH         LINE#         968
  C:10E3H         LINE#         969
  C:10E5H         LINE#         970
  C:10E5H         LINE#         971
  C:10EAH         LINE#         972
  C:10ECH         LINE#         973
  C:10ECH         LINE#         974
  C:10F1H         LINE#         975
  C:10F3H         LINE#         976
BL51 BANKED LINKER/LOCATER V6.22.4.0                                                  07/30/2026  16:19:04  PAGE 63


  C:10F3H         LINE#         977
  C:10F8H         LINE#         978
  C:10F8H         LINE#         979
  C:10F8H         LINE#         980
  C:10F8H         LINE#         982
  C:110AH         LINE#         985
  C:110AH         LINE#         987
  C:1113H         LINE#         988
  C:1113H         LINE#         989
  C:1117H         LINE#         990
  C:1119H         LINE#         992
  C:1119H         LINE#         995
  C:1127H         LINE#         996
  C:1127H         LINE#         997
  C:1133H         LINE#         998
  C:1133H         LINE#         1000
  C:1142H         LINE#         1001
  C:1142H         LINE#         1002
  C:114CH         LINE#         1008
  C:1152H         LINE#         1009
  C:1158H         LINE#         1010
  C:1158H         LINE#         1011
  C:1158H         LINE#         1012
  C:115AH         LINE#         1014
  C:115AH         LINE#         1015
  C:1164H         LINE#         1016
  C:1164H         LINE#         1018
  C:117FH         LINE#         1021
  C:117FH         LINE#         1022
  C:1185H         LINE#         1023
  C:1187H         LINE#         1025
  C:1187H         LINE#         1026
  C:1189H         LINE#         1027
  C:11A4H         LINE#         1030
  C:11A4H         LINE#         1031
  C:11AAH         LINE#         1032
  C:11ACH         LINE#         1034
  C:11ACH         LINE#         1035
  C:11AEH         LINE#         1036
  C:11C0H         LINE#         1039
  C:11C0H         LINE#         1040
  C:11C6H         LINE#         1041
  C:11C8H         LINE#         1043
  C:11CDH         LINE#         1044
  C:11CDH         LINE#         1045
  -------         ENDPROC       LED_BAT_LEV_STA_CHARGING_HANDLE
  -------         PROC          LED_BAT_LEV_STA_CHARGE_END_HANDLE
  C:29D1H         LINE#         1047
  C:29D1H         LINE#         1048
  C:29D1H         LINE#         1050
  C:29D3H         LINE#         1051
  C:29D5H         LINE#         1052
  C:29D7H         LINE#         1053
  C:29D9H         LINE#         1054
  -------         ENDPROC       LED_BAT_LEV_STA_CHARGE_END_HANDLE
  -------         PROC          LED_BAT_LEV_DISLPLAY_1MS_ISR
  C:2544H         LINE#         1056
BL51 BANKED LINKER/LOCATER V6.22.4.0                                                  07/30/2026  16:19:04  PAGE 64


  C:2544H         LINE#         1057
  C:2544H         LINE#         1058
  C:2564H         LINE#         1059
  C:2564H         LINE#         1060
  C:2564H         LINE#         1061
  C:2567H         LINE#         1062
  C:2567H         LINE#         1063
  C:2567H         LINE#         1064
  C:256AH         LINE#         1065
  C:256AH         LINE#         1067
  C:256AH         LINE#         1068
  C:256DH         LINE#         1069
  C:256DH         LINE#         1071
  C:256DH         LINE#         1072
  C:2570H         LINE#         1073
  C:2570H         LINE#         1075
  C:2570H         LINE#         1076
  C:2573H         LINE#         1077
  C:2573H         LINE#         1079
  C:2573H         LINE#         1080
  C:2576H         LINE#         1081
  C:2576H         LINE#         1083
  C:2576H         LINE#         1084
  C:2579H         LINE#         1085
  C:2579H         LINE#         1086
  C:2579H         LINE#         1087
  -------         ENDPROC       LED_BAT_LEV_DISLPLAY_1MS_ISR
  -------         ENDMOD        LED_BAT_LEV

  -------         MODULE        ?C?COPY
  C:011EH         PUBLIC        ?C?COPY
  -------         ENDMOD        ?C?COPY

  -------         MODULE        ?C?CLDPTR
  C:0144H         PUBLIC        ?C?CLDPTR
  -------         ENDMOD        ?C?CLDPTR

  -------         MODULE        ?C?CLDOPTR
  C:015DH         PUBLIC        ?C?CLDOPTR
  -------         ENDMOD        ?C?CLDOPTR

  -------         MODULE        ?C?CILDOPTR
  C:018AH         PUBLIC        ?C?CILDOPTR
  -------         ENDMOD        ?C?CILDOPTR

  -------         MODULE        ?C?CSTOPTR
  C:01BDH         PUBLIC        ?C?CSTOPTR
  -------         ENDMOD        ?C?CSTOPTR

  -------         MODULE        ?C?UIDIV
  C:01DFH         PUBLIC        ?C?UIDIV
  -------         ENDMOD        ?C?UIDIV

  -------         MODULE        ?C?IILDX
  C:0234H         PUBLIC        ?C?IILDX
  -------         ENDMOD        ?C?IILDX

BL51 BANKED LINKER/LOCATER V6.22.4.0                                                  07/30/2026  16:19:04  PAGE 65


  -------         MODULE        ?C?LADD
  C:024AH         PUBLIC        ?C?LADD
  -------         ENDMOD        ?C?LADD

  -------         MODULE        ?C?ULDIV
  C:0293H         PUBLIC        ?C?ULDIV
  -------         ENDMOD        ?C?ULDIV

  -------         MODULE        ?C?SLCMP
  C:0325H         PUBLIC        ?C?SLCMP
  -------         ENDMOD        ?C?SLCMP

  -------         MODULE        ?C?ULCMP
  C:033BH         PUBLIC        ?C?ULCMP
  -------         ENDMOD        ?C?ULCMP

  -------         MODULE        ?C?LLDXDATA
  C:034CH         PUBLIC        ?C?LLDXDATA
  -------         ENDMOD        ?C?LLDXDATA

  -------         MODULE        ?C?LLDXDATA0
  C:0358H         PUBLIC        ?C?LLDXDATA0
  -------         ENDMOD        ?C?LLDXDATA0

  -------         MODULE        ?C?LSTXDATA
  C:0364H         PUBLIC        ?C?LSTXDATA
  -------         ENDMOD        ?C?LSTXDATA

  -------         MODULE        ?C?LSTKXDATA
  C:0370H         PUBLIC        ?C?LSTKXDATA
  -------         ENDMOD        ?C?LSTKXDATA

  -------         MODULE        ?C?PLDXDATA
  C:03A1H         PUBLIC        ?C?PLDXDATA
  -------         ENDMOD        ?C?PLDXDATA

  -------         MODULE        ?C?PSTXDATA
  C:03AAH         PUBLIC        ?C?PSTXDATA
  -------         ENDMOD        ?C?PSTXDATA

  -------         MODULE        ?C?PLDOPTR
  C:03B3H         PUBLIC        ?C?PLDOPTR
  -------         ENDMOD        ?C?PLDOPTR

  -------         MODULE        ?C?CCASE
  C:03E3H         PUBLIC        ?C?CCASE
  -------         ENDMOD        ?C?CCASE

  -------         MODULE        ?C?ICALL
  C:0409H         PUBLIC        ?C?ICALL
  C:040DH         PUBLIC        ?C?ICALL2
  -------         ENDMOD        ?C?ICALL

  -------         MODULE        ?C?LIMUL
  C:040FH         PUBLIC        ?C?LIMUL
  -------         ENDMOD        ?C?LIMUL

BL51 BANKED LINKER/LOCATER V6.22.4.0                                                  07/30/2026  16:19:04  PAGE 66


  -------         MODULE        ?C?MEMSET
  C:043CH         PUBLIC        ?C?MEMSET
  -------         ENDMOD        ?C?MEMSET

  -------         MODULE        ?C?PLDIDATA
  C:0468H         PUBLIC        ?C?PLDIDATA
  -------         ENDMOD        ?C?PLDIDATA

  -------         MODULE        ?C?PLDPDATA
  C:0471H         PUBLIC        ?C?PLDPDATA
  -------         ENDMOD        ?C?PLDPDATA

  -------         MODULE        ?C?PLDCODE
  C:047AH         PUBLIC        ?C?PLDCODE
  -------         ENDMOD        ?C?PLDCODE

*** WARNING L15: MULTIPLE CALL TO SEGMENT
    SEGMENT: ?PR?_BAT_DISCHARGE_TIME_CNT_UPDATE?BATTERY_MONITOR
    CALLER1: ?PR?ADC_IRQHANDLER?ADC
    CALLER2: ?PR?TIMR0_IRQHANDLER?TIMER0

Program Size: data=9.5 xdata=574 code=10769
LINK/LOCATE RUN COMPLETE.  1 WARNING(S),  0 ERROR(S)
