BL51 BANKED LINKER/LOCATER V6.22.4.0                                                    06/30/2026  16:21:08  PAGE 1


BL51 BANKED LINKER/LOCATER V6.22.4.0, INVOKED BY:
C:\KEIL_V5\C51\BIN\BL51.EXE .\Release\Objects\STARTUP.obj, .\Release\Objects\system.obj, .\Release\Objects\adc.obj, .\Re
>> lease\Objects\pwm.obj, .\Release\Objects\timer0.obj, .\Release\Objects\timer1.obj, .\Release\Objects\uart0.obj, .\Rel
>> ease\Objects\main.obj, .\Release\Objects\uart_data_handle.obj, .\Release\Objects\key_driver.obj, .\Release\Objects\ad
>> _key.obj, .\Release\Objects\user_test.obj, .\Release\Objects\led.obj, .\Release\Objects\battery_monitor.obj, .\Releas
>> e\Objects\bluetooth_ic_handle.obj, .\Release\Objects\charge_det.obj, .\Release\Objects\low_power.obj TO .\Release\Obj
>> ects\Demo PRINT (.\Release\Listings\Demo.m51) RAMSIZE (256) CODE (0X0000-0X3EEF) XDATA (0X6000-0X66FF)


MEMORY MODEL: LARGE


INPUT MODULES INCLUDED:
  .\Release\Objects\STARTUP.obj (?C_STARTUP)
  .\Release\Objects\system.obj (SYSTEM)
  .\Release\Objects\adc.obj (ADC)
  .\Release\Objects\pwm.obj (PWM)
  .\Release\Objects\timer0.obj (TIMER0)
  .\Release\Objects\timer1.obj (TIMER1)
  .\Release\Objects\uart0.obj (UART0)
  .\Release\Objects\main.obj (MAIN)
  .\Release\Objects\uart_data_handle.obj (UART_DATA_HANDLE)
  .\Release\Objects\key_driver.obj (KEY_DRIVER)
  .\Release\Objects\ad_key.obj (AD_KEY)
  .\Release\Objects\user_test.obj (USER_TEST)
  .\Release\Objects\led.obj (LED)
  .\Release\Objects\battery_monitor.obj (BATTERY_MONITOR)
  .\Release\Objects\bluetooth_ic_handle.obj (BLUETOOTH_IC_HANDLE)
  .\Release\Objects\charge_det.obj (CHARGE_DET)
  .\Release\Objects\low_power.obj (LOW_POWER)
  C:\KEIL_V5\C51\LIB\C51L.LIB (?C_INIT)
  C:\KEIL_V5\C51\LIB\C51L.LIB (?C?COPY)
  C:\KEIL_V5\C51\LIB\C51L.LIB (?C?CLDPTR)
  C:\KEIL_V5\C51\LIB\C51L.LIB (?C?CLDOPTR)
  C:\KEIL_V5\C51\LIB\C51L.LIB (?C?CILDOPTR)
  C:\KEIL_V5\C51\LIB\C51L.LIB (?C?CSTOPTR)
  C:\KEIL_V5\C51\LIB\C51L.LIB (?C?UIDIV)
  C:\KEIL_V5\C51\LIB\C51L.LIB (?C?IILDX)
  C:\KEIL_V5\C51\LIB\C51L.LIB (?C?LADD)
  C:\KEIL_V5\C51\LIB\C51L.LIB (?C?ULDIV)
  C:\KEIL_V5\C51\LIB\C51L.LIB (?C?SLCMP)
  C:\KEIL_V5\C51\LIB\C51L.LIB (?C?ULCMP)
  C:\KEIL_V5\C51\LIB\C51L.LIB (?C?LLDXDATA)
  C:\KEIL_V5\C51\LIB\C51L.LIB (?C?LLDXDATA0)
  C:\KEIL_V5\C51\LIB\C51L.LIB (?C?LSTXDATA)
  C:\KEIL_V5\C51\LIB\C51L.LIB (?C?LSTKXDATA)
  C:\KEIL_V5\C51\LIB\C51L.LIB (?C?PLDXDATA)
  C:\KEIL_V5\C51\LIB\C51L.LIB (?C?PSTXDATA)
  C:\KEIL_V5\C51\LIB\C51L.LIB (?C?PLDOPTR)
  C:\KEIL_V5\C51\LIB\C51L.LIB (?C?CCASE)
  C:\KEIL_V5\C51\LIB\C51L.LIB (?C?ICALL)
  C:\KEIL_V5\C51\LIB\C51L.LIB (?C?LIMUL)
  C:\KEIL_V5\C51\LIB\C51L.LIB (?C?MEMSET)
  C:\KEIL_V5\C51\LIB\C51L.LIB (?C?PLDIDATA)
  C:\KEIL_V5\C51\LIB\C51L.LIB (?C?PLDPDATA)
  C:\KEIL_V5\C51\LIB\C51L.LIB (?C?PLDCODE)


BL51 BANKED LINKER/LOCATER V6.22.4.0                                                  06/30/2026  16:21:08  PAGE 2


LINK MAP OF MODULE:  .\Release\Objects\Demo (?C_STARTUP)


            TYPE    BASE      LENGTH    RELOCATION   SEGMENT NAME
            -----------------------------------------------------

            * * * * * * *   D A T A   M E M O R Y   * * * * * * *
            REG     0000H     0008H     ABSOLUTE     "REG BANK 0"
                    0008H     0018H                  *** GAP ***
            BIT     0020H.0   0000H.4   UNIT         ?BI?ADC
            BIT     0020H.4   0000H.1   UNIT         ?BI?CHARGE_DET
                    0020H.5   0000H.3                *** GAP ***
            IDATA   0021H     0001H     UNIT         ?STACK

            * * * * * * *  X D A T A   M E M O R Y  * * * * * * *
                    0000H     6000H                  *** GAP ***
            XDATA   6000H     0206H     UNIT         ?XD?UART0
            XDATA   6206H     0039H     UNIT         ?XD?AD_KEY
            XDATA   623FH     0034H     UNIT         ?XD?BATTERY_MONITOR
            XDATA   6273H     0028H     UNIT         ?XD?CHARGE_DET
            XDATA   629BH     001DH     UNIT         _XDATA_GROUP_
            XDATA   62B8H     001AH     UNIT         ?XD?UART_DATA_HANDLE
            XDATA   62D2H     0012H     UNIT         ?XD?LED
            XDATA   62E4H     0009H     UNIT         ?XD?ADC
            XDATA   62EDH     0006H     UNIT         ?XD?LOW_POWER
            XDATA   62F3H     0004H     UNIT         ?XD?KEY_DRIVER
            XDATA   62F7H     0002H     UNIT         ?XD?BLUETOOTH_IC_HANDLE

            * * * * * * *   C O D E   M E M O R Y   * * * * * * *
            CODE    0000H     0003H     ABSOLUTE     
            CODE    0003H     000CH     ABSOLUTE     
            CODE    000FH     000FH     UNIT         ?PR?UART_RECEIVER_TIMEOUT_ADD?UART_DATA_HANDLE
            CODE    001EH     0003H     ABSOLUTE     
            CODE    0021H     0003H     ABSOLUTE     
            CODE    0024H     001BH     UNIT         ?PR?_ADC_CLEAR_UPDATE_FLAG?ADC
            CODE    003FH     0003H     ABSOLUTE     
            CODE    0042H     0003H     ABSOLUTE     
            CODE    0045H     0005H     UNIT         ?PR?BLE_IC_DISABLE_PRE?BLUETOOTH_IC_HANDLE
                    004AH     0001H                  *** GAP ***
            CODE    004BH     0003H     ABSOLUTE     
            CODE    004EH     0438H     UNIT         ?C?LIB_CODE
            CODE    0486H     037BH     UNIT         ?C_INITSEG
            CODE    0801H     01B2H     UNIT         ?PR?LED_BAT_INSTRUCTION_TIMER_CALLBACK?LED
            CODE    09B3H     01AAH     UNIT         ?PR?DETECT_1KHZ_SIGNAL_100US?CHARGE_DET
            CODE    0B5DH     0193H     UNIT         ?PR?_KEY_DRIVER_SCAN?KEY_DRIVER
            CODE    0CF0H     015DH     UNIT         ?PR?LOW_POWER_HANDLE?LOW_POWER
            CODE    0E4DH     015BH     UNIT         ?PR?BATTERY_MONITOR_HANDLE?BATTERY_MONITOR
            CODE    0FA8H     0152H     UNIT         ?PR?DETECT_DISCHARGE_1KHZ_SIGNAL_100US?CHARGE_DET
            CODE    10FAH     011DH     UNIT         ?PR?CHARGE_DET?CHARGE_DET
            CODE    1217H     0111H     UNIT         ?PR?LED_SLOW_ADJUST_ISR?LED
            CODE    1328H     010BH     UNIT         ?PR?LOW_POWER_IN?LOW_POWER
            CODE    1433H     00EAH     UNIT         ?PR?LED_RED_BLUE_FLASH_1MS_ISR?LED
            CODE    151DH     00CFH     UNIT         ?PR?SYSTEM_INIT?SYSTEM
            CODE    15ECH     00BAH     UNIT         ?PR?BATTERY_VOLTAGE_UPDATE_BY_ISR?BATTERY_MONITOR
            CODE    16A6H     00B9H     UNIT         ?PR?LED
            CODE    175FH     00A5H     UNIT         ?PR?_UART_RECEIVER_PROCESS_BYTE?UART_DATA_HANDLE
            CODE    1804H     009BH     UNIT         ?PR?AD_KEY_HANDLE?AD_KEY
BL51 BANKED LINKER/LOCATER V6.22.4.0                                                  06/30/2026  16:21:08  PAGE 3


            CODE    189FH     008CH     UNIT         ?C_C51STARTUP
            CODE    192BH     008BH     UNIT         ?PR?PWM_INIT?PWM
            CODE    19B6H     0087H     UNIT         ?PR?ADC_IRQHANDLER?ADC
            CODE    1A3DH     0082H     UNIT         ?PR?_GET_BATTERY_PERCENTAGE_BY_VOLTAGE?BATTERY_MONITOR
            CODE    1ABFH     0079H     UNIT         ?PR?UART_DATA_HANDLE?UART_DATA_HANDLE
            CODE    1B38H     0074H     UNIT         ?PR?_LED_STATUS_SET?LED
            CODE    1BACH     006CH     UNIT         ?PR?TIMR0_IRQHANDLER?TIMER0
            CODE    1C18H     0066H     UNIT         ?PR?ADC_SCAN?ADC
            CODE    1C7EH     0066H     UNIT         ?PR?SEND_LOW_BAT_TIMER_CALLBACK?BATTERY_MONITOR
            CODE    1CE4H     005BH     UNIT         ?PR?BATTERY_MONITOR
            CODE    1D3FH     004EH     UNIT         ?PR?LED_INIT?LED
            CODE    1D8DH     004DH     UNIT         ?PR?MAIN?MAIN
            CODE    1DDAH     004CH     UNIT         ?PR?_AD_KEY_VAL_TO_AD_KEY_INDEX?AD_KEY
            CODE    1E26H     004BH     UNIT         ?PR?_ADC_CHANNEL_SEL?ADC
            CODE    1E71H     004AH     UNIT         ?PR?_AD_KEY_GET_EVENT?AD_KEY
            CODE    1EBBH     004AH     UNIT         ?PR?LOW_POWER_OUT?LOW_POWER
            CODE    1F05H     0048H     UNIT         ?PR?TIMR1_IRQHANDLER?TIMER1
            CODE    1F4DH     0046H     UNIT         ?PR?BAT_VOL_HISTORY_BUFF_GET_AVG?BATTERY_MONITOR
            CODE    1F93H     0045H     UNIT         ?PR?_UART_DATA_SEND_CMD?UART_DATA_HANDLE
            CODE    1FD8H     0041H     UNIT         ?PR?_UART0_RXBUFFER_PUT_BYTE?UART0
            CODE    2019H     003DH     UNIT         ?PR?_ADC_UPDATE_VAL?ADC
            CODE    2056H     003CH     UNIT         ?PR?UART0_RXBUFFER_GET_BYTE?UART0
            CODE    2092H     003AH     UNIT         ?PR?UART0_INIT?UART0
            CODE    20CCH     0039H     UNIT         ?PR?BAT_VOL_UPDATE_TIMER_CALLBACK?BATTERY_MONITOR
            CODE    2105H     0034H     UNIT         ?PR?UART0_IRQHANDLER?UART0
            CODE    2139H     0033H     UNIT         ?PR?AD_KEY_GET_KEY_VAL?AD_KEY
            CODE    216CH     0033H     UNIT         ?PR?LOW_POWER_ENTER_TIMER_CALLBACK?LOW_POWER
            CODE    219FH     002EH     UNIT         ?PR?_ADC_GET_VAL?ADC
            CODE    21CDH     002EH     UNIT         ?PR?ADC
            CODE    21FBH     002BH     UNIT         ?PR?BAT_VOL_BUFF_GET_AVG_TIMER_CALLBACK?BATTERY_MONITOR
            CODE    2226H     002AH     UNIT         ?PR?LED_STATUS_SWITCH?LED
            CODE    2250H     002AH     UNIT         ?PR?BAT_VOL_BUFF_ADD_TIMER_CALLBACK?BATTERY_MONITOR
            CODE    227AH     002AH     UNIT         ?PR?CHARGE_DET
            CODE    22A4H     0025H     UNIT         ?PR?_ADC_GET_UPDATE_FLAG?ADC
            CODE    22C9H     0024H     UNIT         ?PR?IS_LOW_POWER_CONDITION_ESTABLISH?LOW_POWER
            CODE    22EDH     0023H     UNIT         ?PR?_UART0_SENDBUF?UART0
            CODE    2310H     0022H     UNIT         ?PR?ADC_INIT?ADC
            CODE    2332H     0022H     UNIT         ?PR?UART_RECEIVER_PROCESS_CHECKSUM?UART_DATA_HANDLE
            CODE    2354H     0022H     UNIT         ?PR?_BAT_VOL_HISTORY_BUFF_ADD?BATTERY_MONITOR
            CODE    2376H     0021H     UNIT         ?PR?USER_INIT?MAIN
            CODE    2397H     0021H     UNIT         ?PR?KEY_DRIVER
            CODE    23B8H     001BH     UNIT         ?PR?TIMER0_INIT?TIMER0
            CODE    23D3H     001BH     UNIT         ?PR?TIMER1_INIT?TIMER1
            CODE    23EEH     001AH     UNIT         ?PR?BLUETOOTH_IC_HANDLE_INIT?BLUETOOTH_IC_HANDLE
            CODE    2408H     0019H     UNIT         ?PR?CHARGE_DET_INIT?CHARGE_DET
            CODE    2421H     0018H     UNIT         ?PR?_DELAY_MS?SYSTEM
            CODE    2439H     0018H     UNIT         ?PR?WUT_IRQHANDLER?LOW_POWER
            CODE    2451H     0017H     UNIT         ?PR?ADC_GET_VAL_ONCE?ADC
            CODE    2468H     0017H     UNIT         ?PR?UART_DATA_HANDLE
            CODE    247FH     0017H     UNIT         ?PR?BAT_PERCENT_UPDATE_TIME_ADD?BATTERY_MONITOR
            CODE    2496H     0016H     UNIT         ?PR?PWM
            CODE    24ACH     0016H     UNIT         ?PR?_BAT_VOL_HISTORY_BUFF_INIT?BATTERY_MONITOR
            CODE    24C2H     0015H     UNIT         ?PR?BAT_PERCENT_UPDATE_TIME_IS_COMES?BATTERY_MONITOR
            CODE    24D7H     0015H     UNIT         ?PR?BLE_IC_ENABLE?BLUETOOTH_IC_HANDLE
            CODE    24ECH     0013H     UNIT         ?PR?UART_RECEIVER_TIMEOUT_HANDLER?UART_DATA_HANDLE
            CODE    24FFH     0012H     UNIT         ?PR?ADC_INIT_WHEN_LOW_PWR_OUT?ADC
            CODE    2511H     0012H     UNIT         ?PR?UART_RECEIVER_RESET?UART_DATA_HANDLE
BL51 BANKED LINKER/LOCATER V6.22.4.0                                                  06/30/2026  16:21:08  PAGE 4


            CODE    2523H     0011H     UNIT         ?PR?ADC_PIN_INIT?ADC
            CODE    2534H     0010H     UNIT         ?PR?_GET_BATTERY_VOLTAGE_BY_ADC?BATTERY_MONITOR
            CODE    2544H     000FH     UNIT         ?PR?AD_KEY
            CODE    2553H     000FH     UNIT         ?PR?LED_CTL_INIT?LED
            CODE    2562H     000DH     UNIT         ?PR?LED_YELLOW_ON?LED
            CODE    256FH     000DH     UNIT         ?PR?LED_WHITE_ON?LED
            CODE    257CH     000BH     UNIT         ?PR?_DELAY?SYSTEM
            CODE    2587H     0009H     UNIT         ?PR?_PWM_SET_CHANNEL_0_DUTY?PWM
            CODE    2590H     0009H     UNIT         ?PR?_PWM_SET_CHANNEL_1_DUTY?PWM
            CODE    2599H     0009H     UNIT         ?PR?UART0_RXBUFFER_GET_COUNT?UART0
            CODE    25A2H     0008H     UNIT         ?PR?_UART0_SENDBYTE?UART0
            CODE    25AAH     0008H     UNIT         ?CO?UART_DATA_HANDLE
            CODE    25B2H     0008H     UNIT         ?PR?LED_YELLOW_OFF?LED
            CODE    25BAH     0008H     UNIT         ?PR?LED_WHITE_OFF?LED
            CODE    25C2H     0008H     UNIT         ?PR?BAT_PERCENT_UPDATE_TIME_RESET?BATTERY_MONITOR
            CODE    25CAH     0008H     UNIT         ?PR?BLE_IC_DISABLE_POST?BLUETOOTH_IC_HANDLE
            CODE    25D2H     0007H     UNIT         ?PR?UART0
            CODE    25D9H     0007H     UNIT         ?PR?LOW_POWER
            CODE    25E0H     0003H     UNIT         ?PR?CHARGE_DET_TIME_ADD?CHARGE_DET



OVERLAY MAP OF MODULE:   .\Release\Objects\Demo (?C_STARTUP)


SEGMENT                                            XDATA_GROUP
  +--> CALLED SEGMENT                            START    LENGTH
----------------------------------------------------------------
?C_C51STARTUP                                    -----    -----
  +--> ?PR?MAIN?MAIN
  +--> ?C_INITSEG

?PR?MAIN?MAIN                                    -----    -----
  +--> ?PR?SYSTEM_INIT?SYSTEM
  +--> ?PR?USER_INIT?MAIN
  +--> ?PR?_DELAY_MS?SYSTEM
  +--> ?PR?_KEY_DRIVER_SCAN?KEY_DRIVER
  +--> ?PR?AD_KEY_HANDLE?AD_KEY
  +--> ?PR?UART_DATA_HANDLE?UART_DATA_HANDLE
  +--> ?PR?BATTERY_MONITOR_HANDLE?BATTERY_MO...
  +--> ?PR?CHARGE_DET?CHARGE_DET
  +--> ?PR?LOW_POWER_HANDLE?LOW_POWER

?PR?SYSTEM_INIT?SYSTEM                           -----    -----
  +--> ?PR?_DELAY?SYSTEM
  +--> ?PR?_DELAY_MS?SYSTEM

?PR?_DELAY_MS?SYSTEM                             -----    -----
  +--> ?PR?_DELAY?SYSTEM

?PR?USER_INIT?MAIN                               -----    -----
  +--> ?PR?ADC_PIN_INIT?ADC
  +--> ?PR?ADC_INIT?ADC
  +--> ?PR?LED_INIT?LED
  +--> ?PR?UART0_INIT?UART0
  +--> ?PR?PWM_INIT?PWM
  +--> ?PR?BLUETOOTH_IC_HANDLE_INIT?BLUETOOT...
BL51 BANKED LINKER/LOCATER V6.22.4.0                                                  06/30/2026  16:21:08  PAGE 5


  +--> ?PR?UART_RECEIVER_RESET?UART_DATA_HANDLE
  +--> ?PR?LED_CTL_INIT?LED
  +--> ?PR?CHARGE_DET_INIT?CHARGE_DET
  +--> ?PR?TIMER0_INIT?TIMER0
  +--> ?PR?TIMER1_INIT?TIMER1

?PR?ADC_INIT?ADC                                 -----    -----
  +--> ?PR?_DELAY_MS?SYSTEM

?PR?LED_INIT?LED                                 -----    -----
  +--> ?PR?LED

?PR?PWM_INIT?PWM                                 -----    -----
  +--> ?PR?PWM

?PR?_KEY_DRIVER_SCAN?KEY_DRIVER                  629BH    0002H
  +--> ?PR?KEY_DRIVER

?PR?AD_KEY_HANDLE?AD_KEY                         629BH    0001H
  +--> ?PR?_AD_KEY_GET_EVENT?AD_KEY
  +--> ?PR?LED_STATUS_SWITCH?LED
  +--> ?PR?_UART_DATA_SEND_CMD?UART_DATA_HANDLE
  +--> ?PR?BLE_IC_DISABLE_PRE?BLUETOOTH_IC_H...
  +--> ?PR?BLE_IC_ENABLE?BLUETOOTH_IC_HANDLE

?PR?_AD_KEY_GET_EVENT?AD_KEY                     -----    -----
  +--> ?PR?AD_KEY

?PR?LED_STATUS_SWITCH?LED                        -----    -----
  +--> ?PR?_LED_STATUS_SET?LED

?PR?_LED_STATUS_SET?LED                          629CH    0001H
  +--> ?PR?LED_YELLOW_OFF?LED
  +--> ?PR?LED_WHITE_OFF?LED
  +--> ?PR?LED_WHITE_ON?LED
  +--> ?PR?LED_YELLOW_ON?LED

?PR?LED_WHITE_ON?LED                             -----    -----
  +--> ?PR?_PWM_SET_CHANNEL_1_DUTY?PWM

?PR?_PWM_SET_CHANNEL_1_DUTY?PWM                  -----    -----
  +--> ?PR?PWM

?PR?LED_YELLOW_ON?LED                            -----    -----
  +--> ?PR?_PWM_SET_CHANNEL_0_DUTY?PWM

?PR?_PWM_SET_CHANNEL_0_DUTY?PWM                  -----    -----
  +--> ?PR?PWM

?PR?_UART_DATA_SEND_CMD?UART_DATA_HANDLE         629CH    0009H
  +--> ?CO?UART_DATA_HANDLE
  +--> ?PR?_UART0_SENDBUF?UART0

?PR?_UART0_SENDBUF?UART0                         62A5H    0003H
  +--> ?PR?_UART0_SENDBYTE?UART0

?PR?BLE_IC_DISABLE_PRE?BLUETOOTH_IC_H...         -----    -----
BL51 BANKED LINKER/LOCATER V6.22.4.0                                                  06/30/2026  16:21:08  PAGE 6


  +--> ?PR?_UART_DATA_SEND_CMD?UART_DATA_HANDLE

?PR?BLE_IC_ENABLE?BLUETOOTH_IC_HANDLE            -----    -----
  +--> ?PR?_DELAY_MS?SYSTEM
  +--> ?PR?_UART_DATA_SEND_CMD?UART_DATA_HANDLE

?PR?UART_DATA_HANDLE?UART_DATA_HANDLE            -----    -----
  +--> ?PR?UART_RECEIVER_RESET?UART_DATA_HANDLE
  +--> ?PR?UART_RECEIVER_TIMEOUT_HANDLER?UAR...
  +--> ?PR?UART0_RXBUFFER_GET_COUNT?UART0
  +--> ?PR?UART0_RXBUFFER_GET_BYTE?UART0
  +--> ?PR?_UART_RECEIVER_PROCESS_BYTE?UART_...
  +--> ?PR?BLE_IC_DISABLE_POST?BLUETOOTH_IC_...

?PR?UART_RECEIVER_TIMEOUT_HANDLER?UAR...         -----    -----
  +--> ?PR?UART_RECEIVER_RESET?UART_DATA_HANDLE

?PR?UART0_RXBUFFER_GET_BYTE?UART0                -----    -----
  +--> ?PR?UART0

?PR?_UART_RECEIVER_PROCESS_BYTE?UART_...         -----    -----
  +--> ?PR?UART_DATA_HANDLE
  +--> ?PR?UART_RECEIVER_PROCESS_CHECKSUM?UA...

?PR?BATTERY_MONITOR_HANDLE?BATTERY_MO...         -----    -----
  +--> ?PR?_BAT_VOL_HISTORY_BUFF_ADD?BATTERY...
  +--> ?PR?BAT_VOL_HISTORY_BUFF_GET_AVG?BATT...
  +--> ?PR?BATTERY_MONITOR
  +--> ?PR?_GET_BATTERY_PERCENTAGE_BY_VOLTAG...
  +--> ?PR?BAT_PERCENT_UPDATE_TIME_IS_COMES?...
  +--> ?PR?BAT_PERCENT_UPDATE_TIME_RESET?BAT...
  +--> ?PR?_LED_STATUS_SET?LED
  +--> ?PR?_UART_DATA_SEND_CMD?UART_DATA_HANDLE
  +--> ?PR?_DELAY_MS?SYSTEM
  +--> ?PR?BLE_IC_DISABLE_PRE?BLUETOOTH_IC_H...
  +--> ?PR?BLE_IC_ENABLE?BLUETOOTH_IC_HANDLE

?PR?_BAT_VOL_HISTORY_BUFF_ADD?BATTERY...         -----    -----
  +--> ?PR?BATTERY_MONITOR

?PR?BAT_VOL_HISTORY_BUFF_GET_AVG?BATT...         629BH    0005H
  +--> ?PR?BATTERY_MONITOR

?PR?_GET_BATTERY_PERCENTAGE_BY_VOLTAG...         62AEH    0006H
  +--> ?PR?BATTERY_MONITOR

?PR?CHARGE_DET?CHARGE_DET                        629BH    0002H
  +--> ?PR?_ADC_GET_UPDATE_FLAG?ADC
  +--> ?PR?_ADC_CLEAR_UPDATE_FLAG?ADC
  +--> ?PR?_ADC_GET_VAL?ADC
  +--> ?PR?CHARGE_DET

?PR?LOW_POWER_HANDLE?LOW_POWER                   629BH    0005H
  +--> ?PR?LOW_POWER
  +--> ?PR?LOW_POWER_IN?LOW_POWER
  +--> ?PR?LOW_POWER_OUT?LOW_POWER
  +--> ?PR?ADC_PIN_INIT?ADC
BL51 BANKED LINKER/LOCATER V6.22.4.0                                                  06/30/2026  16:21:08  PAGE 7


  +--> ?PR?ADC_INIT_WHEN_LOW_PWR_OUT?ADC
  +--> ?PR?_ADC_CHANNEL_SEL?ADC
  +--> ?PR?_DELAY_MS?SYSTEM
  +--> ?PR?ADC_GET_VAL_ONCE?ADC
  +--> ?PR?_GET_BATTERY_VOLTAGE_BY_ADC?BATTE...
  +--> ?PR?_GET_BATTERY_PERCENTAGE_BY_VOLTAG...
  +--> ?PR?_BAT_VOL_HISTORY_BUFF_INIT?BATTER...
  +--> ?PR?USER_INIT?MAIN

?PR?LOW_POWER_IN?LOW_POWER                       -----    -----
  +--> ?PR?_DELAY_MS?SYSTEM

?PR?ADC_GET_VAL_ONCE?ADC                         -----    -----
  +--> ?PR?ADC

?PR?ADC                                          -----    -----
  +--> ?PR?_ADC_CHANNEL_SEL?ADC

?PR?_BAT_VOL_HISTORY_BUFF_INIT?BATTER...         -----    -----
  +--> ?PR?BATTERY_MONITOR

?C_INITSEG                                       -----    -----
  +--> ?PR?AD_KEY_GET_KEY_VAL?AD_KEY

?PR?AD_KEY_GET_KEY_VAL?AD_KEY                    629BH    0001H
  +--> ?PR?_ADC_GET_UPDATE_FLAG?ADC
  +--> ?PR?_ADC_CLEAR_UPDATE_FLAG?ADC
  +--> ?PR?_ADC_GET_VAL?ADC
  +--> ?PR?_AD_KEY_VAL_TO_AD_KEY_INDEX?AD_KEY

?PR?_AD_KEY_VAL_TO_AD_KEY_INDEX?AD_KEY           629CH    0002H

*** NEW ROOT ***************************************************

?PR?ADC_IRQHANDLER?ADC                           62A8H    0002H
  +--> ?PR?ADC
  +--> ?PR?_ADC_UPDATE_VAL?ADC
  +--> ?PR?BATTERY_VOLTAGE_UPDATE_BY_ISR?BAT...

?PR?BATTERY_VOLTAGE_UPDATE_BY_ISR?BAT...         62AAH    0004H
  +--> ?PR?_ADC_GET_UPDATE_FLAG?ADC
  +--> ?PR?_ADC_CLEAR_UPDATE_FLAG?ADC
  +--> ?PR?_ADC_GET_VAL?ADC
  +--> ?PR?_GET_BATTERY_VOLTAGE_BY_ADC?BATTE...
  +--> ?PR?BATTERY_MONITOR
  +--> ?PR?_BAT_VOL_HISTORY_BUFF_INIT?BATTER...
  +--> ?PR?_GET_BATTERY_PERCENTAGE_BY_VOLTAG...

*** NEW ROOT ***************************************************

?PR?TIMR0_IRQHANDLER?TIMER0                      -----    -----
  +--> ?PR?ADC_SCAN?ADC
  +--> ?PR?CHARGE_DET_TIME_ADD?CHARGE_DET
  +--> ?PR?UART_RECEIVER_TIMEOUT_ADD?UART_DA...
  +--> ?PR?BAT_VOL_UPDATE_TIMER_CALLBACK?BAT...
  +--> ?PR?BAT_VOL_BUFF_ADD_TIMER_CALLBACK?B...
  +--> ?PR?BAT_VOL_BUFF_GET_AVG_TIMER_CALLBA...
BL51 BANKED LINKER/LOCATER V6.22.4.0                                                  06/30/2026  16:21:08  PAGE 8


  +--> ?PR?LED_SLOW_ADJUST_ISR?LED
  +--> ?PR?LED_RED_BLUE_FLASH_1MS_ISR?LED
  +--> ?PR?LED_BAT_INSTRUCTION_TIMER_CALLBAC...
  +--> ?PR?LOW_POWER_ENTER_TIMER_CALLBACK?LO...
  +--> ?PR?SEND_LOW_BAT_TIMER_CALLBACK?BATTE...
  +--> ?PR?BAT_PERCENT_UPDATE_TIME_ADD?BATTE...

?PR?ADC_SCAN?ADC                                 -----    -----
  +--> ?PR?ADC

?PR?BAT_VOL_BUFF_ADD_TIMER_CALLBACK?B...         -----    -----
  +--> ?PR?BATTERY_MONITOR

?PR?BAT_VOL_BUFF_GET_AVG_TIMER_CALLBA...         -----    -----
  +--> ?PR?BATTERY_MONITOR

?PR?LED_SLOW_ADJUST_ISR?LED                      -----    -----
  +--> ?PR?LED
  +--> ?PR?_PWM_SET_CHANNEL_0_DUTY?PWM
  +--> ?PR?_PWM_SET_CHANNEL_1_DUTY?PWM

?PR?LED_RED_BLUE_FLASH_1MS_ISR?LED               62B4H    0002H
  +--> ?PR?LED

?PR?LED_BAT_INSTRUCTION_TIMER_CALLBAC...         -----    -----
  +--> ?PR?LED

?PR?LOW_POWER_ENTER_TIMER_CALLBACK?LO...         -----    -----
  +--> ?PR?IS_LOW_POWER_CONDITION_ESTABLISH?...
  +--> ?PR?LOW_POWER

?PR?SEND_LOW_BAT_TIMER_CALLBACK?BATTE...         -----    -----
  +--> ?PR?BATTERY_MONITOR

*** NEW ROOT ***************************************************

?PR?TIMR1_IRQHANDLER?TIMER1                      -----    -----
  +--> ?PR?DETECT_1KHZ_SIGNAL_100US?CHARGE_DET
  +--> ?PR?DETECT_DISCHARGE_1KHZ_SIGNAL_100U...

?PR?DETECT_1KHZ_SIGNAL_100US?CHARGE_DET          62B6H    0001H
  +--> ?PR?CHARGE_DET

?PR?DETECT_DISCHARGE_1KHZ_SIGNAL_100U...         62B6H    0001H
  +--> ?PR?CHARGE_DET

*** NEW ROOT ***************************************************

?PR?UART0_IRQHANDLER?UART0                       62B7H    0001H
  +--> ?PR?_UART0_RXBUFFER_PUT_BYTE?UART0

?PR?_UART0_RXBUFFER_PUT_BYTE?UART0               -----    -----
  +--> ?PR?UART0



SYMBOL TABLE OF MODULE:  .\Release\Objects\Demo (?C_STARTUP)
BL51 BANKED LINKER/LOCATER V6.22.4.0                                                  06/30/2026  16:21:08  PAGE 9



  VALUE           TYPE          NAME
  ----------------------------------

  -------         MODULE        ?C_STARTUP
  C:189FH         SEGMENT       ?C_C51STARTUP
  I:0021H         SEGMENT       ?STACK
  C:0000H         PUBLIC        ?C_STARTUP
  D:00E0H         SYMBOL        ACC
  D:00F0H         SYMBOL        B
  D:0083H         SYMBOL        DPH
  D:0082H         SYMBOL        DPL
  N:0000H         SYMBOL        IBPSTACK
  N:0100H         SYMBOL        IBPSTACKTOP
  N:0080H         SYMBOL        IDATALEN
  C:18A2H         SYMBOL        IDATALOOP
  N:0000H         SYMBOL        PBPSTACK
  N:0100H         SYMBOL        PBPSTACKTOP
  N:0000H         SYMBOL        PDATALEN
  N:0000H         SYMBOL        PDATASTART
  N:0000H         SYMBOL        PPAGE
  N:0000H         SYMBOL        PPAGEENABLE
  D:00A0H         SYMBOL        PPAGE_SFR
  D:0081H         SYMBOL        SP
  C:189FH         SYMBOL        STARTUP1
  N:0000H         SYMBOL        XBPSTACK
  N:0000H         SYMBOL        XBPSTACKTOP
  N:0000H         SYMBOL        XDATALEN
  N:0000H         SYMBOL        XDATASTART
  C:0000H         LINE#         126
  C:189FH         LINE#         133
  C:18A1H         LINE#         134
  C:18A2H         LINE#         135
  C:18A3H         LINE#         136
  C:18A5H         LINE#         185
  C:18A8H         LINE#         196
  -------         ENDMOD        ?C_STARTUP

  -------         MODULE        SYSTEM
  C:0000H         SYMBOL        _ICE_DUMMY_
  D:00A7H         PUBLIC        FLASH_TIMEREG0
  D:00ACH         PUBLIC        FLASH_TIMEREG1
  C:257CH         PUBLIC        _delay
  C:2421H         PUBLIC        _delay_ms
  C:151DH         PUBLIC        system_init
  -------         PROC          _DELAY
  D:0006H         SYMBOL        cnt
  C:257CH         LINE#         37
  C:257CH         LINE#         38
  C:257CH         LINE#         39
  C:2586H         LINE#         40
  C:2586H         LINE#         41
  C:2586H         LINE#         42
  -------         ENDPROC       _DELAY
  -------         PROC          _DELAY_MS
  D:0002H         SYMBOL        ms
  C:2421H         LINE#         49
BL51 BANKED LINKER/LOCATER V6.22.4.0                                                  06/30/2026  16:21:08  PAGE 10


  C:2425H         LINE#         50
  C:2425H         LINE#         51
  C:242FH         LINE#         52
  C:242FH         LINE#         53
  C:2436H         LINE#         54
  C:2438H         LINE#         55
  -------         ENDPROC       _DELAY_MS
  -------         PROC          SYSTEM_INIT
  -------         DO            
  D:0007H         SYMBOL        i
  -------         ENDDO         
  C:151DH         LINE#         62
  C:151DH         LINE#         63
  C:151DH         LINE#         66
  C:1524H         LINE#         67
  C:1531H         LINE#         68
  C:1534H         LINE#         69
  C:1537H         LINE#         70
  C:153DH         LINE#         71
  C:1543H         LINE#         72
  C:1549H         LINE#         76
  C:154BH         LINE#         77
  C:154BH         LINE#         78
  C:1558H         LINE#         79
  C:155DH         LINE#         81
  C:15EBH         LINE#         82
  -------         ENDPROC       SYSTEM_INIT
  -------         ENDMOD        SYSTEM

  -------         MODULE        ADC
  C:0000H         SYMBOL        _ICE_DUMMY_
  D:00A8H         PUBLIC        IE0
  D:00A9H         PUBLIC        IE1
  D:00AAH         PUBLIC        IE2
  D:00ABH         PUBLIC        IE3
  B:00A8H.7       PUBLIC        IE_EA
  D:00B8H         PUBLIC        IP0
  D:00B1H         PUBLIC        IP1
  D:00B2H         PUBLIC        IP2
  D:00B3H         PUBLIC        IP3
  D:00B4H         PUBLIC        IP4
  D:00B5H         PUBLIC        IP5
  D:00B6H         PUBLIC        IP6
  D:00B7H         PUBLIC        IP7
  D:0093H         PUBLIC        ADC_DATAH0
  D:0094H         PUBLIC        ADC_DATAL0
  D:0099H         PUBLIC        ADC_CHS0
  X:62E4H         PUBLIC        cur_adc_status
  C:2523H         PUBLIC        adc_pin_init
  C:2310H         PUBLIC        adc_init
  C:1C18H         PUBLIC        adc_scan
  C:24FFH         PUBLIC        adc_init_when_low_pwr_out
  C:2019H         PUBLIC        _adc_update_val
  C:219FH         PUBLIC        _adc_get_val
  C:22A4H         PUBLIC        _adc_get_update_flag
  C:0024H         PUBLIC        _adc_clear_update_flag
  C:1E26H         PUBLIC        _adc_channel_sel
BL51 BANKED LINKER/LOCATER V6.22.4.0                                                  06/30/2026  16:21:08  PAGE 11


  C:2451H         PUBLIC        adc_get_val_once
  X:62E5H         SYMBOL        adc_adkey_val
  B:0020H.0       SYMBOL        flag_is_adkey_val_update
  X:62E7H         SYMBOL        adc_bat_det_val
  B:0020H.1       SYMBOL        flag_is_adc_bat_det_val_update
  X:62E9H         SYMBOL        adc_solar_det_val
  B:0020H.2       SYMBOL        flag_is_adc_solar_det_val_update
  X:62EBH         SYMBOL        adc_type_c_det_val
  B:0020H.3       SYMBOL        flag_is_adc_type_c_det_val_update
  C:19B6H         PUBLIC        ADC_IRQHandler
  C:21CDH         SYMBOL        Com0067
  C:21CDH         SYMBOL        L?0104
  C:21CDH         SYMBOL        L?0105
  C:21D7H         SYMBOL        L?0106
  C:21D7H         SYMBOL        L?0107
  C:21E0H         SYMBOL        L?0108
  C:21E0H         SYMBOL        L?0109
  C:21E7H         SYMBOL        L?0110
  C:21F1H         SYMBOL        L?0111
  -------         PROC          COM0067
  -------         ENDPROC       COM0067
  -------         PROC          ADC_PIN_INIT
  C:2523H         LINE#         22
  C:2523H         LINE#         23
  C:2523H         LINE#         25
  C:2529H         LINE#         28
  C:252FH         LINE#         31
  C:2533H         LINE#         32
  -------         ENDPROC       ADC_PIN_INIT
  -------         PROC          ADC_INIT
  C:2310H         LINE#         34
  C:2310H         LINE#         35
  C:2310H         LINE#         36
  C:2315H         LINE#         38
  C:231BH         LINE#         42
  C:231EH         LINE#         43
  C:2320H         LINE#         45
  C:2326H         LINE#         47
  C:232BH         LINE#         50
  -------         ENDPROC       ADC_INIT
  -------         PROC          _ADC_UPDATE_VAL
  D:0007H         SYMBOL        adc_channel
  D:0004H         SYMBOL        adc_val
  C:2019H         LINE#         59
  C:2019H         LINE#         60
  C:2019H         LINE#         61
  C:2028H         LINE#         62
  C:2028H         LINE#         63
  C:2028H         LINE#         64
  C:2030H         LINE#         65
  C:2032H         LINE#         66
  C:2033H         LINE#         67
  C:2033H         LINE#         68
  C:203BH         LINE#         69
  C:203DH         LINE#         70
  C:203EH         LINE#         71
  C:203EH         LINE#         72
BL51 BANKED LINKER/LOCATER V6.22.4.0                                                  06/30/2026  16:21:08  PAGE 12


  C:2046H         LINE#         73
  C:2048H         LINE#         74
  C:2049H         LINE#         75
  C:2049H         LINE#         76
  C:2053H         LINE#         77
  C:2055H         LINE#         78
  C:2055H         LINE#         79
  C:2055H         LINE#         80
  -------         ENDPROC       _ADC_UPDATE_VAL
  -------         PROC          _ADC_GET_VAL
  D:0007H         SYMBOL        adc_channel
  -------         DO            
  D:0004H         SYMBOL        ret
  -------         ENDDO         
  C:219FH         LINE#         82
  C:219FH         LINE#         83
  C:219FH         LINE#         84
  C:21A2H         LINE#         85
  C:21B1H         LINE#         86
  C:21B1H         LINE#         87
  C:21B1H         LINE#         88
  C:21B4H         LINE#         89
  C:21B6H         LINE#         90
  C:21B6H         LINE#         91
  C:21B9H         LINE#         92
  C:21BBH         LINE#         93
  C:21BBH         LINE#         94
  C:21BEH         LINE#         95
  C:21C0H         LINE#         96
  C:21C0H         LINE#         97
  C:21C8H         LINE#         98
  C:21C8H         LINE#         100
  C:21C8H         LINE#         101
  C:21C8H         LINE#         102
  C:21C8H         LINE#         104
  C:21CCH         LINE#         105
  -------         ENDPROC       _ADC_GET_VAL
  -------         PROC          _ADC_GET_UPDATE_FLAG
  D:0007H         SYMBOL        adc_channel
  -------         DO            
  D:0006H         SYMBOL        ret
  -------         ENDDO         
  C:22A4H         LINE#         108
  C:22A4H         LINE#         109
  C:22A4H         LINE#         110
  C:22A6H         LINE#         111
  C:22B5H         LINE#         112
  C:22B5H         LINE#         113
  C:22B5H         LINE#         114
  C:22B7H         LINE#         115
  C:22B9H         LINE#         116
  C:22B9H         LINE#         117
  C:22BBH         LINE#         118
  C:22BDH         LINE#         119
  C:22BDH         LINE#         120
  C:22BFH         LINE#         121
  C:22C1H         LINE#         122
BL51 BANKED LINKER/LOCATER V6.22.4.0                                                  06/30/2026  16:21:08  PAGE 13


  C:22C1H         LINE#         123
  C:22C6H         LINE#         124
  C:22C6H         LINE#         126
  C:22C6H         LINE#         127
  C:22C6H         LINE#         128
  C:22C6H         LINE#         130
  C:22C8H         LINE#         131
  -------         ENDPROC       _ADC_GET_UPDATE_FLAG
  -------         PROC          _ADC_CLEAR_UPDATE_FLAG
  D:0007H         SYMBOL        adc_channel
  C:0024H         LINE#         134
  C:0024H         LINE#         135
  C:0024H         LINE#         136
  C:0033H         LINE#         137
  C:0033H         LINE#         138
  C:0033H         LINE#         139
  C:0035H         LINE#         140
  C:0036H         LINE#         141
  C:0036H         LINE#         142
  C:0038H         LINE#         143
  C:0039H         LINE#         144
  C:0039H         LINE#         145
  C:003BH         LINE#         146
  C:003CH         LINE#         147
  C:003CH         LINE#         148
  C:003EH         LINE#         149
  C:003EH         LINE#         151
  C:003EH         LINE#         152
  C:003EH         LINE#         153
  C:003EH         LINE#         154
  -------         ENDPROC       _ADC_CLEAR_UPDATE_FLAG
  -------         PROC          _ADC_CHANNEL_SEL
  D:0007H         SYMBOL        adc_channel
  C:1E26H         LINE#         156
  C:1E26H         LINE#         157
  C:1E26H         LINE#         158
  C:1E2DH         LINE#         162
  C:1E3CH         LINE#         163
  C:1E3CH         LINE#         164
  C:1E3CH         LINE#         166
  C:1E43H         LINE#         168
  C:1E46H         LINE#         169
  C:1E48H         LINE#         170
  C:1E48H         LINE#         171
  C:1E4FH         LINE#         174
  C:1E52H         LINE#         176
  C:1E54H         LINE#         177
  C:1E54H         LINE#         181
  C:1E5BH         LINE#         184
  C:1E5EH         LINE#         185
  C:1E60H         LINE#         187
  C:1E60H         LINE#         188
  C:1E67H         LINE#         191
  C:1E6AH         LINE#         192
  C:1E6AH         LINE#         194
  C:1E6AH         LINE#         195
  C:1E6AH         LINE#         196
BL51 BANKED LINKER/LOCATER V6.22.4.0                                                  06/30/2026  16:21:08  PAGE 14


  C:1E6AH         LINE#         198
  C:1E70H         LINE#         200
  -------         ENDPROC       _ADC_CHANNEL_SEL
  -------         PROC          ADC_INIT_WHEN_LOW_PWR_OUT
  C:24FFH         LINE#         203
  C:24FFH         LINE#         204
  C:24FFH         LINE#         205
  C:2505H         LINE#         208
  C:250BH         LINE#         209
  C:2510H         LINE#         211
  -------         ENDPROC       ADC_INIT_WHEN_LOW_PWR_OUT
  -------         PROC          ADC_GET_VAL_ONCE
  C:2451H         LINE#         214
  C:2451H         LINE#         215
  C:2451H         LINE#         216
  C:2457H         LINE#         217
  C:245DH         LINE#         219
  C:245FH         LINE#         220
  C:2467H         LINE#         221
  -------         ENDPROC       ADC_GET_VAL_ONCE
  -------         PROC          ADC_SCAN
  C:1C18H         LINE#         224
  C:1C18H         LINE#         225
  C:1C18H         LINE#         227
  C:1C3EH         LINE#         228
  C:1C3EH         LINE#         229
  C:1C3EH         LINE#         231
  C:1C3EH         LINE#         232
  C:1C40H         LINE#         233
  C:1C46H         LINE#         234
  C:1C47H         LINE#         235
  C:1C47H         LINE#         237
  C:1C47H         LINE#         238
  C:1C4DH         LINE#         239
  C:1C4EH         LINE#         240
  C:1C4EH         LINE#         241
  C:1C50H         LINE#         242
  C:1C56H         LINE#         243
  C:1C57H         LINE#         244
  C:1C57H         LINE#         249
  C:1C57H         LINE#         250
  C:1C5DH         LINE#         251
  C:1C5EH         LINE#         252
  C:1C5EH         LINE#         253
  C:1C60H         LINE#         254
  C:1C66H         LINE#         255
  C:1C67H         LINE#         256
  C:1C67H         LINE#         257
  C:1C67H         LINE#         258
  C:1C6DH         LINE#         259
  C:1C6EH         LINE#         260
  C:1C6EH         LINE#         261
  C:1C70H         LINE#         262
  C:1C76H         LINE#         263
  C:1C77H         LINE#         264
  C:1C77H         LINE#         265
  C:1C77H         LINE#         266
BL51 BANKED LINKER/LOCATER V6.22.4.0                                                  06/30/2026  16:21:08  PAGE 15


  C:1C7DH         LINE#         267
  C:1C7DH         LINE#         269
  C:1C7DH         LINE#         270
  C:1C7DH         LINE#         271
  C:1C7DH         LINE#         272
  -------         ENDPROC       ADC_SCAN
  -------         PROC          ADC_IRQHANDLER
  -------         DO            
  X:62A8H         SYMBOL        adc_val
  -------         ENDDO         
  C:19B6H         LINE#         274
  C:19D3H         LINE#         279
  C:19D3H         LINE#         283
  C:19D9H         LINE#         284
  C:19D9H         LINE#         285
  C:19DCH         LINE#         286
  C:19EBH         LINE#         288
  C:19FFH         LINE#         289
  C:19FFH         LINE#         290
  C:19FFH         LINE#         291
  C:1A04H         LINE#         292
  C:1A06H         LINE#         293
  C:1A06H         LINE#         294
  C:1A0EH         LINE#         299
  C:1A11H         LINE#         300
  C:1A13H         LINE#         301
  C:1A13H         LINE#         302
  C:1A18H         LINE#         303
  C:1A1AH         LINE#         304
  C:1A1AH         LINE#         305
  C:1A22H         LINE#         306
  C:1A22H         LINE#         308
  C:1A22H         LINE#         309
  C:1A22H         LINE#         310
  C:1A22H         LINE#         311
  C:1A22H         LINE#         314
  C:1A22H         LINE#         315
  -------         ENDPROC       ADC_IRQHANDLER
  -------         ENDMOD        ADC

  -------         MODULE        PWM
  C:0000H         SYMBOL        _ICE_DUMMY_
  B:00A0H.7       PUBLIC        P27
  B:00B0H.0       PUBLIC        P30
  C:192BH         PUBLIC        pwm_init
  C:2587H         PUBLIC        _pwm_set_channel_0_duty
  C:2590H         PUBLIC        _pwm_set_channel_1_duty
  C:2496H         SYMBOL        Com0004
  C:2496H         SYMBOL        L?0005
  C:24A1H         SYMBOL        L?0006
  -------         PROC          COM0004
  -------         ENDPROC       COM0004
  -------         PROC          PWM_INIT
  C:192BH         LINE#         3
  C:192BH         LINE#         4
  C:192BH         LINE#         6
  C:1931H         LINE#         7
BL51 BANKED LINKER/LOCATER V6.22.4.0                                                  06/30/2026  16:21:08  PAGE 16


  C:1935H         LINE#         9
  C:1937H         LINE#         10
  C:193CH         LINE#         13
  C:1942H         LINE#         14
  C:1946H         LINE#         16
  C:1948H         LINE#         17
  C:194DH         LINE#         21
  C:1953H         LINE#         22
  C:1958H         LINE#         23
  C:195DH         LINE#         24
  C:1961H         LINE#         25
  C:1963H         LINE#         26
  C:1963H         LINE#         27
  C:1963H         LINE#         29
  C:1969H         LINE#         30
  C:196FH         LINE#         31
  C:1975H         LINE#         32
  C:197BH         LINE#         33
  C:1981H         LINE#         37
  C:1987H         LINE#         38
  C:198CH         LINE#         39
  C:1991H         LINE#         40
  C:1995H         LINE#         41
  C:1997H         LINE#         42
  C:1997H         LINE#         43
  C:1997H         LINE#         45
  C:199DH         LINE#         46
  C:19A3H         LINE#         47
  C:19A9H         LINE#         48
  C:19AFH         LINE#         49
  C:19B5H         LINE#         50
  -------         ENDPROC       PWM_INIT
  -------         PROC          _PWM_SET_CHANNEL_0_DUTY
  D:0004H         SYMBOL        channel_duty
  C:2587H         LINE#         53
  C:2587H         LINE#         54
  C:2587H         LINE#         55
  C:2589H         LINE#         56
  C:2589H         LINE#         57
  C:258FH         LINE#         58
  -------         ENDPROC       _PWM_SET_CHANNEL_0_DUTY
  -------         PROC          _PWM_SET_CHANNEL_1_DUTY
  D:0004H         SYMBOL        channel_duty
  C:2590H         LINE#         61
  C:2590H         LINE#         62
  C:2590H         LINE#         63
  C:2592H         LINE#         64
  C:2592H         LINE#         65
  C:2598H         LINE#         66
  -------         ENDPROC       _PWM_SET_CHANNEL_1_DUTY
  -------         ENDMOD        PWM

  -------         MODULE        TIMER0
  C:0000H         SYMBOL        _ICE_DUMMY_
  D:00A8H         PUBLIC        IE0
  D:00A9H         PUBLIC        IE1
  D:00AAH         PUBLIC        IE2
BL51 BANKED LINKER/LOCATER V6.22.4.0                                                  06/30/2026  16:21:08  PAGE 17


  D:00ABH         PUBLIC        IE3
  B:00A8H.7       PUBLIC        IE_EA
  D:00B8H         PUBLIC        IP0
  D:00B1H         PUBLIC        IP1
  D:00B2H         PUBLIC        IP2
  D:00B3H         PUBLIC        IP3
  D:00B4H         PUBLIC        IP4
  D:00B5H         PUBLIC        IP5
  D:00B6H         PUBLIC        IP6
  D:00B7H         PUBLIC        IP7
  D:00D1H         PUBLIC        TMR_ALLCON
  C:23B8H         PUBLIC        timer0_init
  C:1BACH         PUBLIC        TIMR0_IRQHandler
  -------         PROC          TIMER0_INIT
  C:23B8H         LINE#         10
  C:23B8H         LINE#         11
  C:23B8H         LINE#         12
  C:23BBH         LINE#         13
  C:23BDH         LINE#         15
  C:23C0H         LINE#         16
  C:23C5H         LINE#         17
  C:23C9H         LINE#         18
  C:23CEH         LINE#         19
  C:23D2H         LINE#         20
  -------         ENDPROC       TIMER0_INIT
  -------         PROC          TIMR0_IRQHANDLER
  C:1BACH         LINE#         24
  C:1BC9H         LINE#         27
  C:1BC9H         LINE#         32
  C:1BCFH         LINE#         33
  C:1BCFH         LINE#         34
  C:1BD3H         LINE#         40
  C:1BD9H         LINE#         41
  C:1BDCH         LINE#         43
  C:1BDFH         LINE#         44
  C:1BE2H         LINE#         46
  C:1BE5H         LINE#         47
  C:1BE8H         LINE#         48
  C:1BEBH         LINE#         50
  C:1BEEH         LINE#         51
  C:1BF1H         LINE#         52
  C:1BF4H         LINE#         54
  C:1BF7H         LINE#         55
  C:1BFAH         LINE#         57
  C:1BFDH         LINE#         63
  C:1BFDH         LINE#         66
  C:1BFDH         LINE#         67
  -------         ENDPROC       TIMR0_IRQHANDLER
  -------         ENDMOD        TIMER0

  -------         MODULE        TIMER1
  C:0000H         SYMBOL        _ICE_DUMMY_
  D:00A8H         PUBLIC        IE0
  D:00A9H         PUBLIC        IE1
  D:00AAH         PUBLIC        IE2
  D:00ABH         PUBLIC        IE3
  B:00A8H.7       PUBLIC        IE_EA
BL51 BANKED LINKER/LOCATER V6.22.4.0                                                  06/30/2026  16:21:08  PAGE 18


  D:00B8H         PUBLIC        IP0
  D:00B1H         PUBLIC        IP1
  D:00B2H         PUBLIC        IP2
  D:00B3H         PUBLIC        IP3
  D:00B4H         PUBLIC        IP4
  D:00B5H         PUBLIC        IP5
  D:00B6H         PUBLIC        IP6
  D:00B7H         PUBLIC        IP7
  D:00D1H         PUBLIC        TMR_ALLCON
  C:23D3H         PUBLIC        timer1_init
  C:1F05H         PUBLIC        TIMR1_IRQHandler
  -------         PROC          TIMER1_INIT
  C:23D3H         LINE#         9
  C:23D3H         LINE#         10
  C:23D3H         LINE#         12
  C:23D6H         LINE#         13
  C:23D8H         LINE#         15
  C:23DBH         LINE#         16
  C:23E0H         LINE#         17
  C:23E4H         LINE#         18
  C:23E9H         LINE#         19
  C:23EDH         LINE#         23
  -------         ENDPROC       TIMER1_INIT
  -------         PROC          TIMR1_IRQHANDLER
  C:1F05H         LINE#         27
  C:1F22H         LINE#         30
  C:1F22H         LINE#         34
  C:1F28H         LINE#         35
  C:1F28H         LINE#         36
  C:1F2CH         LINE#         39
  C:1F2FH         LINE#         40
  C:1F32H         LINE#         41
  C:1F32H         LINE#         44
  C:1F32H         LINE#         45
  -------         ENDPROC       TIMR1_IRQHANDLER
  -------         ENDMOD        TIMER1

  -------         MODULE        UART0
  C:0000H         SYMBOL        _ICE_DUMMY_
  D:00A8H         PUBLIC        IE0
  D:00A9H         PUBLIC        IE1
  D:00AAH         PUBLIC        IE2
  D:00ABH         PUBLIC        IE3
  B:00A8H.7       PUBLIC        IE_EA
  D:00B8H         PUBLIC        IP0
  D:00B1H         PUBLIC        IP1
  D:00B2H         PUBLIC        IP2
  D:00B3H         PUBLIC        IP3
  D:00B4H         PUBLIC        IP4
  D:00B5H         PUBLIC        IP5
  D:00B6H         PUBLIC        IP6
  D:00B7H         PUBLIC        IP7
  D:00D2H         PUBLIC        UART0_CON0
  D:00D4H         PUBLIC        UART0_STA
  D:00D5H         PUBLIC        UART0_BAUD0
  D:00D6H         PUBLIC        UART0_BAUD1
  D:00D7H         PUBLIC        UART0_DATA
BL51 BANKED LINKER/LOCATER V6.22.4.0                                                  06/30/2026  16:21:08  PAGE 19


  C:2092H         PUBLIC        uart0_init
  C:25A2H         PUBLIC        _uart0_sendbyte
  C:22EDH         PUBLIC        _uart0_sendbuf
  C:2599H         PUBLIC        uart0_rxbuffer_get_count
  C:2056H         PUBLIC        uart0_rxbuffer_get_byte
  X:6000H         PUBLIC        uart0_rx_buffer
  C:1FD8H         SYMBOL        _uart0_rxbuffer_put_byte
  C:2105H         PUBLIC        UART0_IRQHandler
  C:25D2H         SYMBOL        Com0047
  C:25D2H         SYMBOL        L?0072
  C:25D2H         SYMBOL        L?0073
  -------         PROC          COM0047
  -------         ENDPROC       COM0047
  -------         PROC          UART0_INIT
  C:2092H         LINE#         17
  C:2092H         LINE#         18
  C:2092H         LINE#         19
  C:2098H         LINE#         20
  C:209CH         LINE#         21
  C:20A3H         LINE#         23
  C:20A9H         LINE#         24
  C:20AFH         LINE#         25
  C:20B5H         LINE#         27
  C:20B8H         LINE#         28
  C:20BBH         LINE#         29
  C:20BEH         LINE#         33
  C:20C6H         LINE#         34
  C:20C9H         LINE#         35
  C:20CBH         LINE#         36
  -------         ENDPROC       UART0_INIT
  -------         PROC          _UART0_SENDBYTE
  D:0007H         SYMBOL        byte
  C:25A2H         LINE#         39
  C:25A2H         LINE#         40
  C:25A2H         LINE#         41
  C:25A7H         LINE#         44
  C:25A9H         LINE#         48
  -------         ENDPROC       _UART0_SENDBYTE
  -------         PROC          _UART0_SENDBUF
  X:62A5H         SYMBOL        buf
  D:0005H         SYMBOL        len
  -------         DO            
  D:0006H         SYMBOL        i
  -------         ENDDO         
  C:22EDH         LINE#         50
  C:22F3H         LINE#         51
  C:22F3H         LINE#         52
  C:22F5H         LINE#         53
  C:22FAH         LINE#         54
  C:22FAH         LINE#         55
  C:230CH         LINE#         56
  C:230FH         LINE#         57
  -------         ENDPROC       _UART0_SENDBUF
  -------         PROC          UART0_RXBUFFER_GET_COUNT
  C:2599H         LINE#         60
  C:2599H         LINE#         61
  C:2599H         LINE#         62
BL51 BANKED LINKER/LOCATER V6.22.4.0                                                  06/30/2026  16:21:08  PAGE 20


  C:25A1H         LINE#         63
  -------         ENDPROC       UART0_RXBUFFER_GET_COUNT
  -------         PROC          UART0_RXBUFFER_GET_BYTE
  -------         DO            
  D:0007H         SYMBOL        rxbyte
  -------         ENDDO         
  C:2056H         LINE#         66
  C:2056H         LINE#         67
  C:2056H         LINE#         70
  C:2060H         LINE#         71
  C:2060H         LINE#         73
  C:2062H         LINE#         74
  C:2062H         LINE#         80
  C:2068H         LINE#         81
  C:2071H         LINE#         82
  C:2071H         LINE#         83
  C:2075H         LINE#         84
  C:2075H         LINE#         85
  C:2087H         LINE#         87
  C:2091H         LINE#         89
  C:2091H         LINE#         90
  -------         ENDPROC       UART0_RXBUFFER_GET_BYTE
  -------         PROC          _UART0_RXBUFFER_PUT_BYTE
  D:0007H         SYMBOL        byte
  C:1FD8H         LINE#         92
  C:1FD8H         LINE#         93
  C:1FD8H         LINE#         100
  C:1FDEH         LINE#         101
  C:1FE7H         LINE#         102
  C:1FE7H         LINE#         103
  C:1FEBH         LINE#         104
  C:1FEBH         LINE#         105
  C:1FFDH         LINE#         107
  C:2003H         LINE#         108
  C:2012H         LINE#         109
  C:2012H         LINE#         110
  C:2018H         LINE#         111
  C:2018H         LINE#         112
  -------         ENDPROC       _UART0_RXBUFFER_PUT_BYTE
  -------         PROC          UART0_IRQHANDLER
  -------         DO            
  X:62B7H         SYMBOL        recv_byte
  -------         ENDDO         
  C:2105H         LINE#         115
  C:2118H         LINE#         118
  C:2118H         LINE#         121
  C:211DH         LINE#         122
  C:211DH         LINE#         123
  C:2123H         LINE#         124
  C:2128H         LINE#         127
  C:2128H         LINE#         129
  C:2128H         LINE#         130
  -------         ENDPROC       UART0_IRQHANDLER
  -------         ENDMOD        UART0

  -------         MODULE        MAIN
  C:0000H         SYMBOL        _ICE_DUMMY_
BL51 BANKED LINKER/LOCATER V6.22.4.0                                                  06/30/2026  16:21:08  PAGE 21


  D:00D9H         PUBLIC        WDT_KEY
  C:2376H         PUBLIC        user_init
  C:1D8DH         PUBLIC        main
  -------         PROC          USER_INIT
  C:2376H         LINE#         103
  C:2376H         LINE#         104
  C:2376H         LINE#         105
  C:2379H         LINE#         106
  C:237CH         LINE#         107
  C:237FH         LINE#         108
  C:2382H         LINE#         109
  C:2385H         LINE#         110
  C:2388H         LINE#         112
  C:238BH         LINE#         113
  C:238EH         LINE#         114
  C:2391H         LINE#         117
  C:2394H         LINE#         118
  -------         ENDPROC       USER_INIT
  -------         PROC          MAIN
  C:1D8DH         LINE#         126
  C:1D8DH         LINE#         127
  C:1D8DH         LINE#         129
  C:1D90H         LINE#         130
  C:1D93H         LINE#         133
  C:1D96H         LINE#         134
  C:1D9DH         LINE#         135
  C:1DA0H         LINE#         138
  C:1DA5H         LINE#         139
  C:1DA7H         LINE#         140
  C:1DAAH         LINE#         141
  C:1DACH         LINE#         142
  C:1DAFH         LINE#         143
  C:1DB1H         LINE#         144
  C:1DB4H         LINE#         145
  C:1DB6H         LINE#         147
  C:1DB9H         LINE#         148
  C:1DC0H         LINE#         150
  C:1DC0H         LINE#         151
  C:1DC0H         LINE#         152
  C:1DC9H         LINE#         153
  C:1DCCH         LINE#         155
  C:1DCFH         LINE#         157
  C:1DD2H         LINE#         159
  C:1DD5H         LINE#         166
  C:1DD8H         LINE#         171
  -------         ENDPROC       MAIN
  -------         ENDMOD        MAIN

  -------         MODULE        UART_DATA_HANDLE
  C:0000H         SYMBOL        _ICE_DUMMY_
  C:2511H         PUBLIC        uart_receiver_reset
  C:000FH         PUBLIC        uart_receiver_timeout_add
  C:2332H         PUBLIC        uart_receiver_process_checksum
  C:175FH         PUBLIC        _uart_receiver_process_byte
  C:24ECH         PUBLIC        uart_receiver_timeout_handler
  C:1ABFH         PUBLIC        uart_data_handle
  C:1F93H         PUBLIC        _uart_data_send_cmd
BL51 BANKED LINKER/LOCATER V6.22.4.0                                                  06/30/2026  16:21:08  PAGE 22


  X:62B9H         SYMBOL        uart_receiver
  C:25AAH         SYMBOL        _?ix1000
  C:2468H         SYMBOL        Com0038
  C:2468H         SYMBOL        L?0057
  C:2468H         SYMBOL        L?0058
  -------         PROC          COM0038
  -------         ENDPROC       COM0038
  -------         PROC          UART_RECEIVER_RESET
  C:2511H         LINE#         13
  C:2511H         LINE#         14
  C:2511H         LINE#         16
  C:2516H         LINE#         17
  C:251AH         LINE#         18
  C:251EH         LINE#         19
  C:2522H         LINE#         20
  -------         ENDPROC       UART_RECEIVER_RESET
  -------         PROC          UART_RECEIVER_TIMEOUT_ADD
  C:000FH         LINE#         26
  C:000FH         LINE#         27
  C:000FH         LINE#         28
  C:0015H         LINE#         29
  C:0015H         LINE#         30
  C:001DH         LINE#         31
  C:001DH         LINE#         32
  -------         ENDPROC       UART_RECEIVER_TIMEOUT_ADD
  -------         PROC          UART_RECEIVER_PROCESS_CHECKSUM
  -------         DO            
  D:0006H         SYMBOL        i
  D:0007H         SYMBOL        check_sum
  -------         ENDDO         
  C:2332H         LINE#         39
  C:2332H         LINE#         40
  C:2332H         LINE#         42
  C:2334H         LINE#         43
  C:2335H         LINE#         44
  C:2335H         LINE#         45
  C:2342H         LINE#         46
  C:2347H         LINE#         48
  C:234EH         LINE#         49
  C:234EH         LINE#         50
  C:2351H         LINE#         51
  C:2351H         LINE#         53
  C:2351H         LINE#         60
  C:2353H         LINE#         61
  C:2353H         LINE#         62
  -------         ENDPROC       UART_RECEIVER_PROCESS_CHECKSUM
  -------         PROC          _UART_RECEIVER_PROCESS_BYTE
  D:0005H         SYMBOL        byte
  C:175FH         LINE#         71
  C:1761H         LINE#         72
  C:1761H         LINE#         74
  C:1784H         LINE#         75
  C:1784H         LINE#         76
  C:1784H         LINE#         77
  C:1788H         LINE#         78
  C:1788H         LINE#         79
  C:1788H         LINE#         80
BL51 BANKED LINKER/LOCATER V6.22.4.0                                                  06/30/2026  16:21:08  PAGE 23


  C:178DH         LINE#         81
  C:1790H         LINE#         82
  C:1790H         LINE#         84
  C:1790H         LINE#         85
  C:1793H         LINE#         86
  C:1793H         LINE#         87
  C:1793H         LINE#         89
  C:1793H         LINE#         90
  C:1797H         LINE#         91
  C:1797H         LINE#         92
  C:1797H         LINE#         93
  C:179CH         LINE#         94
  C:179FH         LINE#         95
  C:179FH         LINE#         97
  C:179FH         LINE#         99
  C:17A2H         LINE#         100
  C:17A2H         LINE#         101
  C:17A2H         LINE#         103
  C:17A2H         LINE#         104
  C:17A5H         LINE#         105
  C:17A5H         LINE#         106
  C:17A5H         LINE#         107
  C:17AAH         LINE#         108
  C:17ADH         LINE#         109
  C:17ADH         LINE#         111
  C:17ADH         LINE#         112
  C:17B0H         LINE#         113
  C:17B0H         LINE#         114
  C:17B0H         LINE#         116
  C:17B0H         LINE#         118
  C:17B0H         LINE#         119
  C:17B5H         LINE#         120
  C:17B7H         LINE#         121
  C:17B7H         LINE#         123
  C:17B7H         LINE#         125
  C:17B7H         LINE#         126
  C:17BCH         LINE#         127
  C:17BEH         LINE#         128
  C:17BEH         LINE#         130
  C:17BEH         LINE#         131
  C:17C1H         LINE#         132
  C:17C1H         LINE#         133
  C:17C1H         LINE#         134
  C:17C6H         LINE#         135
  C:17C8H         LINE#         136
  C:17C8H         LINE#         138
  C:17C8H         LINE#         139
  C:17CBH         LINE#         140
  C:17CBH         LINE#         141
  C:17CBH         LINE#         143
  C:17CBH         LINE#         145
  C:17CBH         LINE#         146
  C:17D1H         LINE#         147
  C:17D7H         LINE#         148
  C:17D7H         LINE#         150
  C:17DAH         LINE#         151
  C:17DAH         LINE#         153
BL51 BANKED LINKER/LOCATER V6.22.4.0                                                  06/30/2026  16:21:08  PAGE 24


  C:17DAH         LINE#         154
  C:17DDH         LINE#         155
  C:17DDH         LINE#         156
  C:17DDH         LINE#         158
  C:17DDH         LINE#         159
  C:17E1H         LINE#         160
  C:17E1H         LINE#         161
  C:17F5H         LINE#         162
  C:17FBH         LINE#         163
  C:17FEH         LINE#         164
  C:17FEH         LINE#         166
  C:17FEH         LINE#         167
  C:1801H         LINE#         168
  C:1801H         LINE#         169
  C:1801H         LINE#         171
  C:1801H         LINE#         172
  C:1801H         LINE#         173
  C:1801H         LINE#         175
  C:1803H         LINE#         176
  -------         ENDPROC       _UART_RECEIVER_PROCESS_BYTE
  -------         PROC          UART_RECEIVER_TIMEOUT_HANDLER
  C:24ECH         LINE#         179
  C:24ECH         LINE#         180
  C:24ECH         LINE#         185
  C:24FBH         LINE#         186
  C:24FBH         LINE#         200
  C:24FEH         LINE#         201
  C:24FEH         LINE#         202
  -------         ENDPROC       UART_RECEIVER_TIMEOUT_HANDLER
  -------         PROC          UART_DATA_HANDLE
  -------         DO            
  D:0004H         SYMBOL        recv_byte
  X:62B8H         SYMBOL        initialized
  -------         ENDDO         
  C:1ABFH         LINE#         203
  C:1ABFH         LINE#         204
  C:1ABFH         LINE#         212
  C:1AC5H         LINE#         213
  C:1AC5H         LINE#         214
  C:1AC8H         LINE#         215
  C:1ACEH         LINE#         216
  C:1ACEH         LINE#         221
  C:1AD4H         LINE#         222
  C:1AD4H         LINE#         223
  C:1AD7H         LINE#         224
  C:1AD7H         LINE#         233
  C:1AD7H         LINE#         234
  C:1AD7H         LINE#         235
  C:1AEBH         LINE#         238
  C:1AEBH         LINE#         252
  C:1AEBH         LINE#         253
  C:1AEBH         LINE#         255
  C:1AF0H         LINE#         258
  C:1AF6H         LINE#         259
  C:1AFBH         LINE#         262
  C:1B01H         LINE#         263
  C:1B01H         LINE#         276
BL51 BANKED LINKER/LOCATER V6.22.4.0                                                  06/30/2026  16:21:08  PAGE 25


  C:1B04H         LINE#         277
  C:1B04H         LINE#         278
  C:1B06H         LINE#         308
  C:1B12H         LINE#         310
  C:1B12H         LINE#         312
  C:1B12H         LINE#         332
  C:1B22H         LINE#         333
  C:1B22H         LINE#         334
  C:1B22H         LINE#         336
  C:1B27H         LINE#         337
  C:1B29H         LINE#         338
  C:1B29H         LINE#         340
  C:1B2FH         LINE#         341
  C:1B31H         LINE#         342
  C:1B31H         LINE#         350
  C:1B34H         LINE#         351
  C:1B34H         LINE#         353
  C:1B34H         LINE#         357
  C:1B34H         LINE#         358
  C:1B34H         LINE#         361
  C:1B37H         LINE#         362
  -------         ENDPROC       UART_DATA_HANDLE
  -------         PROC          _UART_DATA_SEND_CMD
  X:629CH         SYMBOL        cmd
  -------         DO            
  X:629DH         SYMBOL        buf
  -------         ENDDO         
  C:1F93H         LINE#         366
  C:1F98H         LINE#         367
  C:1F98H         LINE#         368
  C:1FABH         LINE#         379
  C:1FB4H         LINE#         380
  C:1FCDH         LINE#         382
  -------         ENDPROC       _UART_DATA_SEND_CMD
  -------         ENDMOD        UART_DATA_HANDLE

  -------         MODULE        KEY_DRIVER
  C:0000H         SYMBOL        _ICE_DUMMY_
  C:0B5DH         PUBLIC        _key_driver_scan
  X:62F3H         SYMBOL        is_key_active
  X:62F4H         PUBLIC        scan_para
  C:2397H         SYMBOL        Com0021
  C:2397H         SYMBOL        L?0034
  C:239AH         SYMBOL        L?0035
  C:239BH         SYMBOL        L?0036
  C:23A1H         SYMBOL        L?0037
  C:23A4H         SYMBOL        L?0038
  C:23A8H         SYMBOL        L?0039
  C:23AEH         SYMBOL        L?0040
  C:23B1H         SYMBOL        L?0041
  -------         PROC          COM0021
  -------         ENDPROC       COM0021
  -------         PROC          _KEY_DRIVER_SCAN
  D:0001H         SYMBOL        _scan_para
  -------         DO            
  X:629BH         SYMBOL        key_event
  D:0007H         SYMBOL        cur_key_value
BL51 BANKED LINKER/LOCATER V6.22.4.0                                                  06/30/2026  16:21:08  PAGE 26


  X:629CH         SYMBOL        key_value
  C:0CC5H         SYMBOL        _notify
  C:0CE5H         SYMBOL        _scan_end
  -------         ENDDO         
  C:0B5DH         LINE#         17
  C:0B5DH         LINE#         19
  C:0B5DH         LINE#         24
  C:0B62H         LINE#         25
  C:0B64H         LINE#         26
  C:0B68H         LINE#         30
  C:0B6EH         LINE#         33
  C:0B81H         LINE#         34
  C:0B81H         LINE#         36
  C:0B81H         LINE#         38
  C:0B8BH         LINE#         40
  C:0B94H         LINE#         46
  C:0B98H         LINE#         47
  C:0B98H         LINE#         48
  C:0B9EH         LINE#         49
  C:0BA0H         LINE#         50
  C:0BA6H         LINE#         51
  C:0BA6H         LINE#         52
  C:0BA9H         LINE#         53
  C:0BA9H         LINE#         56
  C:0BBDH         LINE#         57
  C:0BBDH         LINE#         59
  C:0BC4H         LINE#         60
  C:0BCAH         LINE#         62
  C:0BCAH         LINE#         65
  C:0BDBH         LINE#         66
  C:0BDBH         LINE#         67
  C:0BE6H         LINE#         69
  C:0BE6H         LINE#         72
  C:0BF2H         LINE#         73
  C:0BF2H         LINE#         80
  C:0BF6H         LINE#         81
  C:0BF6H         LINE#         82
  C:0BFDH         LINE#         83
  C:0BFDH         LINE#         84
  C:0BFFH         LINE#         85
  C:0C05H         LINE#         86
  C:0C07H         LINE#         88
  C:0C07H         LINE#         91
  C:0C07H         LINE#         92
  C:0C0FH         LINE#         93
  C:0C0FH         LINE#         94
  C:0C12H         LINE#         96
  C:0C12H         LINE#         101
  C:0C1AH         LINE#         102
  C:0C26H         LINE#         103
  C:0C26H         LINE#         104
  C:0C2BH         LINE#         105
  C:0C2FH         LINE#         106
  C:0C32H         LINE#         108
  C:0C32H         LINE#         109
  C:0C38H         LINE#         110
  C:0C38H         LINE#         111
BL51 BANKED LINKER/LOCATER V6.22.4.0                                                  06/30/2026  16:21:08  PAGE 27


  C:0C38H         LINE#         113
  C:0C3AH         LINE#         118
  C:0C3AH         LINE#         120
  C:0C3AH         LINE#         125
  C:0C3EH         LINE#         126
  C:0C3EH         LINE#         128
  C:0C4FH         LINE#         129
  C:0C4FH         LINE#         133
  C:0C60H         LINE#         134
  C:0C60H         LINE#         154
  C:0C60H         LINE#         155
  C:0C62H         LINE#         157
  C:0C62H         LINE#         158
  C:0C6FH         LINE#         160
  C:0C71H         LINE#         162
  C:0C71H         LINE#         164
  C:0C71H         LINE#         165
  C:0C7CH         LINE#         166
  C:0C7FH         LINE#         168
  C:0C7FH         LINE#         169
  C:0C7FH         LINE#         171
  C:0C7FH         LINE#         172
  C:0C7FH         LINE#         174
  C:0C7FH         LINE#         175
  C:0C7FH         LINE#         177
  C:0C7FH         LINE#         179
  C:0C8AH         LINE#         180
  C:0C8AH         LINE#         181
  C:0C92H         LINE#         182
  C:0C92H         LINE#         186
  C:0C98H         LINE#         187
  C:0C98H         LINE#         188
  C:0C9EH         LINE#         193
  C:0CA0H         LINE#         194
  C:0CACH         LINE#         195
  C:0CACH         LINE#         196
  C:0CB1H         LINE#         197
  C:0CC0H         LINE#         199
  C:0CC0H         LINE#         201
  C:0CC0H         LINE#         202
  C:0CC0H         LINE#         204
  C:0CC0H         LINE#         207
  C:0CC5H         LINE#         208
  C:0CC5H         LINE#         210
  C:0CC5H         LINE#         211
  C:0CC5H         LINE#         213
  C:0CC5H         LINE#         216
  C:0CC5H         LINE#         218
  C:0CC5H         LINE#         219
  C:0CC9H         LINE#         220
  C:0CD1H         LINE#         222
  C:0CDBH         LINE#         223
  C:0CE5H         LINE#         226
  C:0CE5H         LINE#         235
  C:0CE5H         LINE#         237
  C:0CE5H         LINE#         238
  C:0CEFH         LINE#         241
BL51 BANKED LINKER/LOCATER V6.22.4.0                                                  06/30/2026  16:21:08  PAGE 28


  -------         ENDPROC       _KEY_DRIVER_SCAN
  -------         ENDMOD        KEY_DRIVER

  -------         MODULE        AD_KEY
  C:0000H         SYMBOL        _ICE_DUMMY_
  X:6208H         PUBLIC        ad_key_para
  C:1804H         PUBLIC        ad_key_handle
  X:621BH         SYMBOL        ad_key_scan_table
  X:622BH         SYMBOL        ad_key_event_table
  C:2139H         PUBLIC        ad_key_get_key_val
  C:1DDAH         SYMBOL        _ad_key_val_to_ad_key_index
  C:1E71H         SYMBOL        _ad_key_get_event
  C:2544H         SYMBOL        Com0036
  C:2544H         SYMBOL        L?0055
  -------         PROC          COM0036
  -------         ENDPROC       COM0036
  -------         PROC          _AD_KEY_VAL_TO_AD_KEY_INDEX
  D:0006H         SYMBOL        ad_key_val
  -------         DO            
  D:0005H         SYMBOL        i
  X:629CH         SYMBOL        ad_key_index
  -------         ENDDO         
  C:1DDAH         LINE#         53
  C:1DDAH         LINE#         54
  C:1DDAH         LINE#         55
  C:1DDCH         LINE#         56
  C:1DE4H         LINE#         59
  C:1DE4H         LINE#         60
  C:1DE4H         LINE#         61
  C:1DFCH         LINE#         62
  C:1DFCH         LINE#         63
  C:1E16H         LINE#         64
  C:1E18H         LINE#         65
  C:1E18H         LINE#         66
  C:1E1DH         LINE#         68
  C:1E25H         LINE#         69
  -------         ENDPROC       _AD_KEY_VAL_TO_AD_KEY_INDEX
  -------         PROC          _AD_KEY_GET_EVENT
  D:0007H         SYMBOL        key_val
  D:0005H         SYMBOL        key_event
  -------         DO            
  D:0006H         SYMBOL        ret_key_event
  D:0004H         SYMBOL        key_event_index
  D:0003H         SYMBOL        i
  -------         ENDDO         
  C:1E71H         LINE#         79
  C:1E71H         LINE#         80
  C:1E71H         LINE#         81
  C:1E73H         LINE#         82
  C:1E74H         LINE#         83
  C:1E75H         LINE#         86
  C:1E79H         LINE#         87
  C:1E79H         LINE#         88
  C:1E7AH         LINE#         89
  C:1E7CH         LINE#         90
  C:1E80H         LINE#         91
  C:1E80H         LINE#         92
BL51 BANKED LINKER/LOCATER V6.22.4.0                                                  06/30/2026  16:21:08  PAGE 29


  C:1E82H         LINE#         93
  C:1E84H         LINE#         94
  C:1E88H         LINE#         95
  C:1E88H         LINE#         96
  C:1E8AH         LINE#         97
  C:1E8CH         LINE#         98
  C:1E90H         LINE#         99
  C:1E90H         LINE#         100
  C:1E92H         LINE#         101
  C:1E94H         LINE#         103
  C:1E94H         LINE#         104
  C:1E97H         LINE#         105
  C:1E97H         LINE#         107
  C:1E9DH         LINE#         108
  C:1E9DH         LINE#         109
  C:1EA4H         LINE#         110
  C:1EA4H         LINE#         111
  C:1EB3H         LINE#         112
  C:1EB5H         LINE#         113
  C:1EB5H         LINE#         114
  C:1EB8H         LINE#         116
  C:1EBAH         LINE#         117
  -------         ENDPROC       _AD_KEY_GET_EVENT
  -------         PROC          AD_KEY_GET_KEY_VAL
  -------         DO            
  X:6206H         SYMBOL        val
  X:629BH         SYMBOL        ret
  -------         ENDDO         
  C:2139H         LINE#         130
  C:2139H         LINE#         131
  C:2139H         LINE#         133
  C:213FH         LINE#         136
  C:2147H         LINE#         137
  C:2147H         LINE#         138
  C:214CH         LINE#         139
  C:2159H         LINE#         142
  C:2159H         LINE#         144
  C:2169H         LINE#         145
  C:216BH         LINE#         146
  -------         ENDPROC       AD_KEY_GET_KEY_VAL
  -------         PROC          AD_KEY_HANDLE
  -------         DO            
  X:629BH         SYMBOL        ad_key_event
  -------         ENDDO         
  C:1804H         LINE#         148
  C:1804H         LINE#         149
  C:1804H         LINE#         150
  C:1809H         LINE#         152
  C:1812H         LINE#         153
  C:1812H         LINE#         155
  C:1812H         LINE#         157
  C:181FH         LINE#         158
  C:1824H         LINE#         159
  C:1826H         LINE#         165
  C:1835H         LINE#         166
  C:1835H         LINE#         175
  C:183BH         LINE#         177
BL51 BANKED LINKER/LOCATER V6.22.4.0                                                  06/30/2026  16:21:08  PAGE 30


  C:183BH         LINE#         179
  C:1861H         LINE#         180
  C:1861H         LINE#         183
  C:1861H         LINE#         187
  C:1864H         LINE#         188
  C:1864H         LINE#         190
  C:1864H         LINE#         194
  C:1864H         LINE#         196
  C:1864H         LINE#         201
  C:1864H         LINE#         203
  C:1864H         LINE#         207
  C:1864H         LINE#         211
  C:1864H         LINE#         215
  C:1866H         LINE#         216
  C:1868H         LINE#         218
  C:1868H         LINE#         223
  C:186AH         LINE#         224
  C:186CH         LINE#         226
  C:186CH         LINE#         231
  C:186EH         LINE#         232
  C:1870H         LINE#         234
  C:1870H         LINE#         238
  C:1870H         LINE#         243
  C:1870H         LINE#         248
  C:1872H         LINE#         249
  C:1874H         LINE#         251
  C:1874H         LINE#         257
  C:1876H         LINE#         258
  C:1878H         LINE#         260
  C:1878H         LINE#         266
  C:187AH         LINE#         267
  C:187CH         LINE#         269
  C:187CH         LINE#         273
  C:187CH         LINE#         277
  C:187CH         LINE#         283
  C:1882H         LINE#         284
  C:1882H         LINE#         285
  C:1884H         LINE#         286
  C:1886H         LINE#         287
  C:188DH         LINE#         288
  C:188DH         LINE#         289
  C:1892H         LINE#         290
  C:1892H         LINE#         291
  C:1892H         LINE#         293
  C:1892H         LINE#         299
  C:1898H         LINE#         300
  C:1898H         LINE#         303
  C:189BH         LINE#         304
  C:189BH         LINE#         306
  C:189BH         LINE#         311
  C:189EH         LINE#         312
  C:189EH         LINE#         313
  C:189EH         LINE#         315
  C:189EH         LINE#         319
  C:189EH         LINE#         321
  C:189EH         LINE#         325
  C:189EH         LINE#         327
BL51 BANKED LINKER/LOCATER V6.22.4.0                                                  06/30/2026  16:21:08  PAGE 31


  C:189EH         LINE#         328
  C:189EH         LINE#         329
  C:189EH         LINE#         330
  -------         ENDPROC       AD_KEY_HANDLE
  -------         ENDMOD        AD_KEY

  -------         MODULE        USER_TEST
  C:0000H         SYMBOL        _ICE_DUMMY_
  -------         ENDMOD        USER_TEST

  -------         MODULE        LED
  C:0000H         SYMBOL        _ICE_DUMMY_
  B:0080H.0       PUBLIC        P00
  B:0080H.1       PUBLIC        P01
  B:0080H.2       PUBLIC        P02
  B:0080H.5       PUBLIC        P05
  B:0080H.6       PUBLIC        P06
  B:0090H.3       PUBLIC        P13
  B:00A0H.7       PUBLIC        P27
  B:00B0H.0       PUBLIC        P30
  X:62D2H         PUBLIC        led_ctl
  X:62E0H         PUBLIC        led_bat_level_sta
  C:1D3FH         PUBLIC        led_init
  C:2562H         PUBLIC        led_yellow_on
  C:25B2H         PUBLIC        led_yellow_off
  C:256FH         PUBLIC        led_white_on
  C:25BAH         PUBLIC        led_white_off
  C:2553H         PUBLIC        led_ctl_init
  C:2226H         PUBLIC        led_status_switch
  C:1B38H         PUBLIC        _led_status_set
  C:1433H         PUBLIC        led_red_blue_flash_1ms_isr
  C:1217H         PUBLIC        led_slow_adjust_isr
  C:0801H         PUBLIC        led_bat_instruction_timer_callback
  X:62E1H         PUBLIC        led_charge_anim_phase
  X:62E2H         PUBLIC        led_charge_anim_cnt
  C:16A6H         SYMBOL        Com0080
  C:16A6H         SYMBOL        L?0129
  C:16B2H         SYMBOL        L?0130
  C:16C0H         SYMBOL        L?0131
  C:16C1H         SYMBOL        L?0132
  C:16C6H         SYMBOL        L?0133
  C:16CDH         SYMBOL        L?0134
  C:16D0H         SYMBOL        L?0135
  C:16D3H         SYMBOL        L?0136
  C:16DAH         SYMBOL        L?0137
  C:16DAH         SYMBOL        L?0138
  C:16E7H         SYMBOL        L?0140
  C:16F8H         SYMBOL        L?0141
  C:1707H         SYMBOL        L?0142
  C:1707H         SYMBOL        L?0143
  C:1710H         SYMBOL        L?0144
  C:171EH         SYMBOL        L?0145
  C:171EH         SYMBOL        L?0146
  C:1726H         SYMBOL        L?0147
  C:1726H         SYMBOL        L?0148
  C:172EH         SYMBOL        L?0149
  C:172EH         SYMBOL        L?0150
BL51 BANKED LINKER/LOCATER V6.22.4.0                                                  06/30/2026  16:21:08  PAGE 32


  C:1736H         SYMBOL        L?0151
  C:1741H         SYMBOL        L?0152
  C:1742H         SYMBOL        L?0153
  C:1749H         SYMBOL        L?0154
  C:1749H         SYMBOL        L?0155
  C:174FH         SYMBOL        L?0156
  C:1758H         SYMBOL        L?0157
  C:1758H         SYMBOL        L?0158
  -------         PROC          COM0080
  -------         ENDPROC       COM0080
  -------         PROC          LED_INIT
  C:1D3FH         LINE#         14
  C:1D3FH         LINE#         15
  C:1D3FH         LINE#         17
  C:1D45H         LINE#         18
  C:1D49H         LINE#         19
  C:1D4BH         LINE#         20
  C:1D50H         LINE#         23
  C:1D56H         LINE#         24
  C:1D5AH         LINE#         25
  C:1D5CH         LINE#         26
  C:1D5FH         LINE#         29
  C:1D5FH         LINE#         30
  C:1D62H         LINE#         31
  C:1D64H         LINE#         32
  C:1D69H         LINE#         35
  C:1D6EH         LINE#         36
  C:1D72H         LINE#         37
  C:1D74H         LINE#         38
  C:1D77H         LINE#         41
  C:1D77H         LINE#         42
  C:1D7AH         LINE#         43
  C:1D7CH         LINE#         44
  C:1D7FH         LINE#         47
  C:1D83H         LINE#         48
  C:1D87H         LINE#         49
  C:1D89H         LINE#         50
  C:1D8CH         LINE#         51
  -------         ENDPROC       LED_INIT
  -------         PROC          LED_CTL_INIT
  C:2553H         LINE#         53
  C:2553H         LINE#         54
  C:2553H         LINE#         63
  -------         ENDPROC       LED_CTL_INIT
  -------         PROC          LED_YELLOW_ON
  C:2562H         LINE#         66
  C:2562H         LINE#         67
  C:2562H         LINE#         69
  C:2568H         LINE#         71
  C:256EH         LINE#         72
  -------         ENDPROC       LED_YELLOW_ON
  -------         PROC          LED_YELLOW_OFF
  C:25B2H         LINE#         83
  C:25B2H         LINE#         84
  C:25B2H         LINE#         85
  C:25B4H         LINE#         86
  C:25B9H         LINE#         87
BL51 BANKED LINKER/LOCATER V6.22.4.0                                                  06/30/2026  16:21:08  PAGE 33


  -------         ENDPROC       LED_YELLOW_OFF
  -------         PROC          LED_WHITE_ON
  C:256FH         LINE#         89
  C:256FH         LINE#         90
  C:256FH         LINE#         92
  C:2575H         LINE#         94
  C:257BH         LINE#         95
  -------         ENDPROC       LED_WHITE_ON
  -------         PROC          LED_WHITE_OFF
  C:25BAH         LINE#         106
  C:25BAH         LINE#         107
  C:25BAH         LINE#         108
  C:25BCH         LINE#         109
  C:25C1H         LINE#         110
  -------         ENDPROC       LED_WHITE_OFF
  -------         PROC          LED_STATUS_SWITCH
  C:2226H         LINE#         112
  C:2226H         LINE#         113
  C:2226H         LINE#         115
  C:223AH         LINE#         116
  C:223AH         LINE#         117
  C:223AH         LINE#         121
  C:223CH         LINE#         122
  C:223EH         LINE#         123
  C:223EH         LINE#         128
  C:2240H         LINE#         129
  C:2242H         LINE#         130
  C:2242H         LINE#         134
  C:2244H         LINE#         135
  C:2246H         LINE#         136
  C:2246H         LINE#         142
  C:2248H         LINE#         143
  C:224AH         LINE#         144
  C:224AH         LINE#         155
  C:224FH         LINE#         156
  C:224FH         LINE#         157
  C:224FH         LINE#         158
  -------         ENDPROC       LED_STATUS_SWITCH
  -------         PROC          _LED_STATUS_SET
  X:629CH         SYMBOL        status
  C:1B38H         LINE#         161
  C:1B3DH         LINE#         162
  C:1B3DH         LINE#         164
  C:1B47H         LINE#         165
  C:1B4EH         LINE#         167
  C:1B52H         LINE#         169
  C:1B66H         LINE#         170
  C:1B66H         LINE#         171
  C:1B66H         LINE#         172
  C:1B69H         LINE#         173
  C:1B6CH         LINE#         174
  C:1B6EH         LINE#         175
  C:1B70H         LINE#         176
  C:1B72H         LINE#         177
  C:1B72H         LINE#         178
  C:1B75H         LINE#         179
  C:1B77H         LINE#         180
BL51 BANKED LINKER/LOCATER V6.22.4.0                                                  06/30/2026  16:21:08  PAGE 34


  C:1B79H         LINE#         182
  C:1B79H         LINE#         183
  C:1B7BH         LINE#         184
  C:1B7BH         LINE#         185
  C:1B7EH         LINE#         186
  C:1B80H         LINE#         187
  C:1B82H         LINE#         189
  C:1B85H         LINE#         190
  C:1B87H         LINE#         192
  C:1B87H         LINE#         193
  C:1B89H         LINE#         194
  C:1B8BH         LINE#         197
  C:1B8EH         LINE#         198
  C:1B91H         LINE#         199
  C:1B93H         LINE#         201
  C:1B93H         LINE#         202
  C:1B96H         LINE#         203
  C:1B99H         LINE#         205
  C:1BA3H         LINE#         206
  C:1BA3H         LINE#         207
  C:1BA3H         LINE#         209
  C:1BABH         LINE#         210
  -------         ENDPROC       _LED_STATUS_SET
  -------         PROC          LED_RED_BLUE_FLASH_1MS_ISR
  -------         DO            
[...]
  C:0FD7H         LINE#         236
  C:0FDFH         LINE#         237
  C:0FDFH         LINE#         238
  C:0FE2H         LINE#         240
  C:0FE2H         LINE#         241
  C:0FE5H         LINE#         242
  C:0FECH         LINE#         243
  C:0FF3H         LINE#         244
  C:0FF3H         LINE#         245
  C:0FF6H         LINE#         247
  C:0FF6H         LINE#         248
  C:0FFDH         LINE#         249
  C:0FFDH         LINE#         250
  C:1008H         LINE#         251
  C:1008H         LINE#         252
  C:100EH         LINE#         253
  C:100EH         LINE#         255
  C:100EH         LINE#         256
  C:1011H         LINE#         258
  C:1011H         LINE#         259
  C:1017H         LINE#         260
  C:101AH         LINE#         265
  C:1038H         LINE#         266
  C:1038H         LINE#         267
  C:103EH         LINE#         268
  C:103EH         LINE#         269
  C:103EH         LINE#         270
  C:103EH         LINE#         271
  C:1040H         LINE#         273
  C:1040H         LINE#         274
  C:1046H         LINE#         275
  C:1046H         LINE#         276
  C:104CH         LINE#         277
  C:1050H         LINE#         278
  C:1052H         LINE#         280
  C:1052H         LINE#         281
  C:1058H         LINE#         282
  C:105BH         LINE#         287
  C:1079H         LINE#         288
  C:1079H         LINE#         289
  C:107FH         LINE#         290
  C:107FH         LINE#         292
  C:1086H         LINE#         293
  C:1086H         LINE#         294
  C:1086H         LINE#         295
  C:1086H         LINE#         297
  C:1095H         LINE#         298
  C:1095H         LINE#         299
  C:1099H         LINE#         305
  C:10A7H         LINE#         306
  C:10A7H         LINE#         307
  C:10ADH         LINE#         308
  C:10AFH         LINE#         309
  C:10BEH         LINE#         310
  C:10BEH         LINE#         311
  C:10C3H         LINE#         312
  C:10C3H         LINE#         315
BL51 BANKED LINKER/LOCATER V6.22.4.0                                                  06/30/2026  16:21:08  PAGE 50


  C:10CAH         LINE#         317
  C:10D0H         LINE#         318
  C:10D0H         LINE#         319
  C:10D5H         LINE#         320
  C:10DBH         LINE#         321
  C:10E1H         LINE#         322
  C:10E1H         LINE#         323
  C:10E3H         LINE#         325
  C:10E8H         LINE#         326
  C:10E8H         LINE#         327
  C:10E9H         LINE#         329
  C:10E9H         LINE#         330
  C:10ECH         LINE#         331
  C:10ECH         LINE#         332
  C:10F3H         LINE#         333
  C:10F3H         LINE#         334
  C:10F5H         LINE#         336
  C:10F9H         LINE#         337
  C:10F9H         LINE#         338
  C:10F9H         LINE#         339
  C:10F9H         LINE#         340
  -------         ENDPROC       DETECT_DISCHARGE_1KHZ_SIGNAL_100US
  -------         PROC          CHARGE_DET_TIME_ADD
  C:25E0H         LINE#         342
  C:25E0H         LINE#         343
  C:25E0H         LINE#         344
  C:25E2H         LINE#         345
  -------         ENDPROC       CHARGE_DET_TIME_ADD
  -------         PROC          CHARGE_DET
  -------         DO            
  X:628DH         SYMBOL        adc_val_of_solar_panel
  X:628FH         SYMBOL        adc_val_of_type_c
  X:629BH         SYMBOL        voltage_mv
  X:6291H         SYMBOL        is_discharge_det_time_cnt
  X:6292H         SYMBOL        isnot_discharge_det_time_cnt
  -------         ENDDO         
  C:10FAH         LINE#         349
  C:10FAH         LINE#         350
  C:10FAH         LINE#         353
  C:1101H         LINE#         358
  C:1109H         LINE#         359
  C:1109H         LINE#         360
  C:110EH         LINE#         361
  C:111BH         LINE#         362
  C:111BH         LINE#         364
  C:1123H         LINE#         365
  C:1123H         LINE#         366
  C:1128H         LINE#         367
  C:1135H         LINE#         368
  C:1135H         LINE#         370
  C:113BH         LINE#         371
  C:113BH         LINE#         372
  C:113DH         LINE#         373
  C:113DH         LINE#         375
  C:113DH         LINE#         378
  C:113DH         LINE#         389
  C:115DH         LINE#         391
BL51 BANKED LINKER/LOCATER V6.22.4.0                                                  06/30/2026  16:21:08  PAGE 51


  C:1172H         LINE#         392
  C:1172H         LINE#         393
  C:1177H         LINE#         394
  C:117DH         LINE#         395
  C:1182H         LINE#         396
  C:1182H         LINE#         397
  C:1184H         LINE#         399
  C:1189H         LINE#         404
  C:1189H         LINE#         405
  C:118BH         LINE#         407
  C:118BH         LINE#         408
  C:118EH         LINE#         409
  C:118EH         LINE#         410
  C:1195H         LINE#         411
  C:1195H         LINE#         412
  C:1197H         LINE#         414
  C:119BH         LINE#         419
  C:119BH         LINE#         420
  C:119BH         LINE#         434
  C:11ABH         LINE#         435
  C:11ABH         LINE#         443
  C:11B1H         LINE#         444
  C:11B1H         LINE#         445
  C:11B5H         LINE#         446
  C:11B5H         LINE#         447
  C:11BCH         LINE#         448
  C:11BCH         LINE#         449
  C:11BEH         LINE#         451
  C:11C2H         LINE#         452
  C:11C2H         LINE#         453
  C:11C2H         LINE#         454
  C:11C4H         LINE#         455
  C:11CDH         LINE#         456
  C:11CDH         LINE#         458
  C:11D3H         LINE#         459
  C:11D3H         LINE#         460
  C:11D8H         LINE#         461
  C:11DEH         LINE#         462
  C:11E3H         LINE#         463
  C:11E3H         LINE#         464
  C:11E5H         LINE#         466
  C:11EAH         LINE#         467
  C:11EAH         LINE#         468
  C:11EAH         LINE#         469
  C:11EAH         LINE#         473
  C:11F6H         LINE#         474
  C:11F6H         LINE#         475
  C:11FCH         LINE#         478
  C:1201H         LINE#         479
  C:1205H         LINE#         480
  C:1206H         LINE#         481
  C:1212H         LINE#         482
  C:1212H         LINE#         483
  C:1216H         LINE#         484
  C:1216H         LINE#         501
  -------         ENDPROC       CHARGE_DET
  -------         ENDMOD        CHARGE_DET
BL51 BANKED LINKER/LOCATER V6.22.4.0                                                  06/30/2026  16:21:08  PAGE 52



  -------         MODULE        LOW_POWER
  C:0000H         SYMBOL        _ICE_DUMMY_
  D:00BAH         PUBLIC        LP_CON
  D:008DH         PUBLIC        LP_WKCON
  D:008EH         PUBLIC        LP_WKPND
  D:00A8H         PUBLIC        IE0
  D:00A9H         PUBLIC        IE1
  D:00AAH         PUBLIC        IE2
  D:00ABH         PUBLIC        IE3
  B:00A8H.7       PUBLIC        IE_EA
  D:00B8H         PUBLIC        IP0
  D:00B1H         PUBLIC        IP1
  D:00B2H         PUBLIC        IP2
  D:00B3H         PUBLIC        IP3
  D:00B4H         PUBLIC        IP4
  D:00B5H         PUBLIC        IP5
  D:00B6H         PUBLIC        IP6
  D:00B7H         PUBLIC        IP7
  D:00D2H         PUBLIC        UART0_CON0
  D:00D1H         PUBLIC        TMR_ALLCON
  D:00ACH         PUBLIC        FLASH_TIMEREG1
  D:0099H         PUBLIC        ADC_CHS0
  C:0CF0H         PUBLIC        low_power_handle
  C:216CH         PUBLIC        low_power_enter_timer_callback
  X:62F1H         SYMBOL        is_low_power_enter_enable
  C:22C9H         PUBLIC        is_low_power_condition_establish
  C:1328H         PUBLIC        low_power_in
  C:1EBBH         PUBLIC        low_power_out
  C:2439H         PUBLIC        WUT_IRQHandler
  C:25D9H         SYMBOL        Com0073
  C:25D9H         SYMBOL        L?0116
  C:25D9H         SYMBOL        L?0117
  -------         PROC          COM0073
  -------         ENDPROC       COM0073
  -------         PROC          IS_LOW_POWER_CONDITION_ESTABLISH
  C:22C9H         LINE#         8
  C:22C9H         LINE#         9
  C:22C9H         LINE#         15
  C:22ECH         LINE#         20
  -------         ENDPROC       IS_LOW_POWER_CONDITION_ESTABLISH
  -------         PROC          LOW_POWER_ENTER_TIMER_CALLBACK
  -------         DO            
  X:62EDH         SYMBOL        cnt
  -------         ENDDO         
  C:216CH         LINE#         23
  C:216CH         LINE#         24
  C:216CH         LINE#         26
  C:2172H         LINE#         27
  C:2172H         LINE#         28
  C:217CH         LINE#         29
  C:218BH         LINE#         30
  C:218BH         LINE#         31
  C:218CH         LINE#         32
  C:2193H         LINE#         33
  C:2193H         LINE#         34
  C:2194H         LINE#         36
BL51 BANKED LINKER/LOCATER V6.22.4.0                                                  06/30/2026  16:21:08  PAGE 53


  C:2194H         LINE#         37
  C:2198H         LINE#         38
  C:219EH         LINE#         39
  C:219EH         LINE#         40
  -------         ENDPROC       LOW_POWER_ENTER_TIMER_CALLBACK
  -------         PROC          LOW_POWER_IN
  C:1328H         LINE#         42
  C:1328H         LINE#         43
  C:1328H         LINE#         48
  C:132BH         LINE#         49
  C:132EH         LINE#         50
  C:1331H         LINE#         51
  C:1334H         LINE#         53
  C:133AH         LINE#         54
  C:1340H         LINE#         56
  C:1347H         LINE#         58
  C:134AH         LINE#         59
  C:1350H         LINE#         61
  C:1355H         LINE#         62
  C:1358H         LINE#         71
  C:135EH         LINE#         72
  C:1364H         LINE#         74
  C:136AH         LINE#         75
  C:1370H         LINE#         78
  C:1376H         LINE#         79
  C:137AH         LINE#         80
  C:1380H         LINE#         83
  C:1384H         LINE#         84
  C:138AH         LINE#         85
  C:138EH         LINE#         86
  C:1393H         LINE#         104
  C:1397H         LINE#         105
  C:139DH         LINE#         108
  C:13A2H         LINE#         110
  C:13A6H         LINE#         113
  C:13AAH         LINE#         114
  C:13B0H         LINE#         116
  C:13B7H         LINE#         122
  C:13BAH         LINE#         131
  C:13C0H         LINE#         132
  C:13C6H         LINE#         133
  C:13CCH         LINE#         134
  C:13D2H         LINE#         138
  C:13D5H         LINE#         139
  C:13D8H         LINE#         140
  C:13DBH         LINE#         143
  C:13DEH         LINE#         144
  C:13E1H         LINE#         146
  C:13E4H         LINE#         147
  C:13E7H         LINE#         150
  C:13EAH         LINE#         151
  C:13EDH         LINE#         154
  C:13F0H         LINE#         155
  C:13F2H         LINE#         158
  C:13F9H         LINE#         159
  C:13FDH         LINE#         163
  C:1402H         LINE#         164
BL51 BANKED LINKER/LOCATER V6.22.4.0                                                  06/30/2026  16:21:08  PAGE 54


  C:1409H         LINE#         166
  C:1410H         LINE#         168
  C:1417H         LINE#         169
  C:141EH         LINE#         170
  C:1421H         LINE#         172
  C:1428H         LINE#         173
  C:142FH         LINE#         178
  C:1432H         LINE#         184
  -------         ENDPROC       LOW_POWER_IN
  -------         PROC          LOW_POWER_OUT
  C:1EBBH         LINE#         186
  C:1EBBH         LINE#         187
  C:1EBBH         LINE#         189
  C:1EBEH         LINE#         190
  C:1EC5H         LINE#         191
  C:1ECCH         LINE#         194
  C:1ECFH         LINE#         198
  C:1ED4H         LINE#         199
  C:1ED6H         LINE#         205
  C:1EDDH         LINE#         206
  C:1EE2H         LINE#         207
  C:1EE9H         LINE#         209
  C:1EF0H         LINE#         210
  C:1EF7H         LINE#         212
  C:1EFAH         LINE#         213
  C:1EFDH         LINE#         214
  C:1F04H         LINE#         220
  -------         ENDPROC       LOW_POWER_OUT
  C:0E37H         SYMBOL        L?0114
  -------         PROC          LOW_POWER_HANDLE
  -------         DO            
  X:62EFH         SYMBOL        update_bat_percent_cnt
  D:0007H         SYMBOL        tmp_bat_percent
  X:629BH         SYMBOL        is_charge_sig_wkup
  X:629CH         SYMBOL        is_discharge_sig_wkup
  X:629DH         SYMBOL        is_key_sig_wkup
  X:629EH         SYMBOL        adc_val
  C:0D0AH         SYMBOL        label_low_power_in
  -------         ENDDO         
  C:0CF0H         LINE#         222
  C:0CF0H         LINE#         223
  C:0CF0H         LINE#         226
  C:0CF5H         LINE#         227
  C:0CF6H         LINE#         228
  C:0CF6H         LINE#         231
  C:0D03H         LINE#         232
  C:0D03H         LINE#         233
  C:0D0AH         LINE#         234
  C:0D0AH         LINE#         236
  C:0D0AH         LINE#         238
  C:0D0AH         LINE#         243
  C:0D0AH         LINE#         245
  C:0D0FH         LINE#         246
  C:0D11H         LINE#         247
  C:0D13H         LINE#         249
  C:0D16H         LINE#         250
  C:0D19H         LINE#         258
BL51 BANKED LINKER/LOCATER V6.22.4.0                                                  06/30/2026  16:21:08  PAGE 55


  C:0D1CH         LINE#         259
  C:0D1FH         LINE#         261
  C:0D21H         LINE#         262
  C:0D21H         LINE#         263
  C:0D24H         LINE#         265
  C:0D2CH         LINE#         266
  C:0D2CH         LINE#         268
  C:0D32H         LINE#         272
  C:0D32H         LINE#         274
  C:0D34H         LINE#         275
  C:0D34H         LINE#         276
  C:0D37H         LINE#         278
  C:0D5CH         LINE#         279
  C:0D5CH         LINE#         280
  C:0D62H         LINE#         284
  C:0D62H         LINE#         299
  C:0D67H         LINE#         300
  C:0D67H         LINE#         304
  C:0D6AH         LINE#         305
  C:0D70H         LINE#         306
  C:0D70H         LINE#         308
  C:0D75H         LINE#         309
  C:0D75H         LINE#         311
  C:0D78H         LINE#         313
  C:0D7EH         LINE#         318
  C:0D7EH         LINE#         320
  C:0D83H         LINE#         321
  C:0D8AH         LINE#         322
  C:0D95H         LINE#         323
  C:0DA0H         LINE#         325
  C:0DAAH         LINE#         326
  C:0DB9H         LINE#         327
  C:0DB9H         LINE#         333
  C:0DBDH         LINE#         334
  C:0DC8H         LINE#         335
  C:0DD0H         LINE#         336
  C:0DD0H         LINE#         337
  C:0DD6H         LINE#         338
  C:0DD6H         LINE#         339
  C:0DD9H         LINE#         340
  C:0DD9H         LINE#         341
  C:0DDBH         LINE#         342
  C:0DE3H         LINE#         343
  C:0DE3H         LINE#         344
  C:0DE9H         LINE#         345
  C:0DE9H         LINE#         346
  C:0DECH         LINE#         347
  C:0DECH         LINE#         348
  C:0DECH         LINE#         354
  C:0DECH         LINE#         361
  C:0E1FH         LINE#         367
  C:0E1FH         LINE#         380
  C:0E1FH         LINE#         381
  C:0E1FH         LINE#         389
  C:0E24H         LINE#         390
  C:0E28H         LINE#         391
  C:0E33H         LINE#         392
BL51 BANKED LINKER/LOCATER V6.22.4.0                                                  06/30/2026  16:21:08  PAGE 56


  C:0E36H         LINE#         393
  -------         ENDPROC       LOW_POWER_HANDLE
  -------         PROC          WUT_IRQHANDLER
  C:2439H         LINE#         396
  C:243FH         LINE#         399
  C:243FH         LINE#         404
  C:2446H         LINE#         405
  C:2446H         LINE#         406
  C:244AH         LINE#         407
  C:244AH         LINE#         410
  C:244AH         LINE#         411
  -------         ENDPROC       WUT_IRQHANDLER
  -------         ENDMOD        LOW_POWER

  -------         MODULE        ?C?COPY
  C:011EH         PUBLIC        ?C?COPY
  -------         ENDMOD        ?C?COPY

  -------         MODULE        ?C?CLDPTR
  C:0144H         PUBLIC        ?C?CLDPTR
  -------         ENDMOD        ?C?CLDPTR

  -------         MODULE        ?C?CLDOPTR
  C:015DH         PUBLIC        ?C?CLDOPTR
  -------         ENDMOD        ?C?CLDOPTR

  -------         MODULE        ?C?CILDOPTR
  C:018AH         PUBLIC        ?C?CILDOPTR
  -------         ENDMOD        ?C?CILDOPTR

  -------         MODULE        ?C?CSTOPTR
  C:01BDH         PUBLIC        ?C?CSTOPTR
  -------         ENDMOD        ?C?CSTOPTR

  -------         MODULE        ?C?UIDIV
  C:01DFH         PUBLIC        ?C?UIDIV
  -------         ENDMOD        ?C?UIDIV

  -------         MODULE        ?C?IILDX
  C:0234H         PUBLIC        ?C?IILDX
  -------         ENDMOD        ?C?IILDX

  -------         MODULE        ?C?LADD
  C:024AH         PUBLIC        ?C?LADD
  -------         ENDMOD        ?C?LADD

  -------         MODULE        ?C?ULDIV
  C:0293H         PUBLIC        ?C?ULDIV
  -------         ENDMOD        ?C?ULDIV

  -------         MODULE        ?C?SLCMP
  C:0325H         PUBLIC        ?C?SLCMP
  -------         ENDMOD        ?C?SLCMP

  -------         MODULE        ?C?ULCMP
  C:033BH         PUBLIC        ?C?ULCMP
  -------         ENDMOD        ?C?ULCMP
BL51 BANKED LINKER/LOCATER V6.22.4.0                                                  06/30/2026  16:21:08  PAGE 57



  -------         MODULE        ?C?LLDXDATA
  C:034CH         PUBLIC        ?C?LLDXDATA
  -------         ENDMOD        ?C?LLDXDATA

  -------         MODULE        ?C?LLDXDATA0
  C:0358H         PUBLIC        ?C?LLDXDATA0
  -------         ENDMOD        ?C?LLDXDATA0

  -------         MODULE        ?C?LSTXDATA
  C:0364H         PUBLIC        ?C?LSTXDATA
  -------         ENDMOD        ?C?LSTXDATA

  -------         MODULE        ?C?LSTKXDATA
  C:0370H         PUBLIC        ?C?LSTKXDATA
  -------         ENDMOD        ?C?LSTKXDATA

  -------         MODULE        ?C?PLDXDATA
  C:03A1H         PUBLIC        ?C?PLDXDATA
  -------         ENDMOD        ?C?PLDXDATA

  -------         MODULE        ?C?PSTXDATA
  C:03AAH         PUBLIC        ?C?PSTXDATA
  -------         ENDMOD        ?C?PSTXDATA

  -------         MODULE        ?C?PLDOPTR
  C:03B3H         PUBLIC        ?C?PLDOPTR
  -------         ENDMOD        ?C?PLDOPTR

  -------         MODULE        ?C?CCASE
  C:03E3H         PUBLIC        ?C?CCASE
  -------         ENDMOD        ?C?CCASE

  -------         MODULE        ?C?ICALL
  C:0409H         PUBLIC        ?C?ICALL
  C:040DH         PUBLIC        ?C?ICALL2
  -------         ENDMOD        ?C?ICALL

  -------         MODULE        ?C?LIMUL
  C:040FH         PUBLIC        ?C?LIMUL
  -------         ENDMOD        ?C?LIMUL

  -------         MODULE        ?C?MEMSET
  C:043CH         PUBLIC        ?C?MEMSET
  -------         ENDMOD        ?C?MEMSET

  -------         MODULE        ?C?PLDIDATA
  C:0468H         PUBLIC        ?C?PLDIDATA
  -------         ENDMOD        ?C?PLDIDATA

  -------         MODULE        ?C?PLDPDATA
  C:0471H         PUBLIC        ?C?PLDPDATA
  -------         ENDMOD        ?C?PLDPDATA

  -------         MODULE        ?C?PLDCODE
  C:047AH         PUBLIC        ?C?PLDCODE
  -------         ENDMOD        ?C?PLDCODE
BL51 BANKED LINKER/LOCATER V6.22.4.0                                                  06/30/2026  16:21:08  PAGE 58



*** WARNING L15: MULTIPLE CALL TO SEGMENT
    SEGMENT: ?PR?_GET_BATTERY_PERCENTAGE_BY_VOLTAGE?BATTERY_MONITOR
    CALLER1: ?C_C51STARTUP
    CALLER2: ?PR?ADC_IRQHANDLER?ADC

Program Size: data=9.5 xdata=761 code=9698
LINK/LOCATE RUN COMPLETE.  1 WARNING(S),  0 ERROR(S)
