BL51 BANKED LINKER/LOCATER V6.22.4.0                                                    05/09/2026  17:01:28  PAGE 1


BL51 BANKED LINKER/LOCATER V6.22.4.0, INVOKED BY:
C:\KEIL_V5\C51\BIN\BL51.EXE .\Release\Objects\STARTUP.obj, .\Release\Objects\system.obj, .\Release\Objects\adc.obj, .\Re
>> lease\Objects\pwm.obj, .\Release\Objects\timer0.obj, .\Release\Objects\timer1.obj, .\Release\Objects\uart0.obj, .\Rel
>> ease\Objects\main.obj, .\Release\Objects\uart_data_handle.obj, .\Release\Objects\key_driver.obj, .\Release\Objects\ad
>> _key.obj, .\Release\Objects\user_test.obj, .\Release\Objects\led.obj, .\Release\Objects\battery_monitor.obj, .\Releas
>> e\Objects\bluetooth_ic_handle.obj, .\Release\Objects\charge_det.obj, .\Release\Objects\low_power.obj TO .\Release\Obj
>> ects\Demo PRINT (.\Release\Listings\Demo.m51) RAMSIZE (256) CODE (0X0000-0X3EEF) XDATA (0X6000-0X66FF)


MEMORY MODEL: LARGE


INPUT MODULES INCLUDED:
  .\Release\Objects\STARTUP.obj (?C_STARTUP)
  .\Release\Objects\system.obj (SYSTEM)
  .\Release\Objects\adc.obj (ADC)
  .\Release\Objects\pwm.obj (PWM)
  .\Release\Objects\timer0.obj (TIMER0)
  .\Release\Objects\timer1.obj (TIMER1)
  .\Release\Objects\uart0.obj (UART0)
  .\Release\Objects\main.obj (MAIN)
  .\Release\Objects\uart_data_handle.obj (UART_DATA_HANDLE)
  .\Release\Objects\key_driver.obj (KEY_DRIVER)
  .\Release\Objects\ad_key.obj (AD_KEY)
  .\Release\Objects\user_test.obj (USER_TEST)
  .\Release\Objects\led.obj (LED)
  .\Release\Objects\battery_monitor.obj (BATTERY_MONITOR)
  .\Release\Objects\bluetooth_ic_handle.obj (BLUETOOTH_IC_HANDLE)
  .\Release\Objects\charge_det.obj (CHARGE_DET)
  .\Release\Objects\low_power.obj (LOW_POWER)
  C:\KEIL_V5\C51\LIB\C51L.LIB (?C_INIT)
  C:\KEIL_V5\C51\LIB\C51L.LIB (?C?COPY)
  C:\KEIL_V5\C51\LIB\C51L.LIB (?C?CLDPTR)
  C:\KEIL_V5\C51\LIB\C51L.LIB (?C?CLDOPTR)
  C:\KEIL_V5\C51\LIB\C51L.LIB (?C?CILDOPTR)
  C:\KEIL_V5\C51\LIB\C51L.LIB (?C?CSTOPTR)
  C:\KEIL_V5\C51\LIB\C51L.LIB (?C?UIDIV)
  C:\KEIL_V5\C51\LIB\C51L.LIB (?C?IILDX)
  C:\KEIL_V5\C51\LIB\C51L.LIB (?C?LADD)
  C:\KEIL_V5\C51\LIB\C51L.LIB (?C?ULDIV)
  C:\KEIL_V5\C51\LIB\C51L.LIB (?C?SLCMP)
  C:\KEIL_V5\C51\LIB\C51L.LIB (?C?ULCMP)
  C:\KEIL_V5\C51\LIB\C51L.LIB (?C?LLDXDATA)
  C:\KEIL_V5\C51\LIB\C51L.LIB (?C?LLDXDATA0)
  C:\KEIL_V5\C51\LIB\C51L.LIB (?C?LSTXDATA)
  C:\KEIL_V5\C51\LIB\C51L.LIB (?C?LSTKXDATA)
  C:\KEIL_V5\C51\LIB\C51L.LIB (?C?PLDXDATA)
  C:\KEIL_V5\C51\LIB\C51L.LIB (?C?PSTXDATA)
  C:\KEIL_V5\C51\LIB\C51L.LIB (?C?PLDOPTR)
  C:\KEIL_V5\C51\LIB\C51L.LIB (?C?CCASE)
  C:\KEIL_V5\C51\LIB\C51L.LIB (?C?ICALL)
  C:\KEIL_V5\C51\LIB\C51L.LIB (?C?LIMUL)
  C:\KEIL_V5\C51\LIB\C51L.LIB (PRINTF)
  C:\KEIL_V5\C51\LIB\C51L.LIB (?C?MEMSET)
  C:\KEIL_V5\C51\LIB\C51L.LIB (?C?CSTPTR)
  C:\KEIL_V5\C51\LIB\C51L.LIB (?C?PLDIDATA)
  C:\KEIL_V5\C51\LIB\C51L.LIB (?C?PLDIXDATA)
  C:\KEIL_V5\C51\LIB\C51L.LIB (?C?PLDPDATA)
BL51 BANKED LINKER/LOCATER V6.22.4.0                                                  05/09/2026  17:01:28  PAGE 2


  C:\KEIL_V5\C51\LIB\C51L.LIB (?C?PLDCODE)


LINK MAP OF MODULE:  .\Release\Objects\Demo (?C_STARTUP)


            TYPE    BASE      LENGTH    RELOCATION   SEGMENT NAME
            -----------------------------------------------------

            * * * * * * *   D A T A   M E M O R Y   * * * * * * *
            REG     0000H     0008H     ABSOLUTE     "REG BANK 0"
            DATA    0008H     0005H     UNIT         _DATA_GROUP_
                    000DH     0013H                  *** GAP ***
            BIT     0020H.0   0001H.1   UNIT         _BIT_GROUP_
            BIT     0021H.1   0000H.4   UNIT         ?BI?ADC
            BIT     0021H.5   0000H.1   UNIT         ?BI?CHARGE_DET
                    0021H.6   0000H.2                *** GAP ***
            IDATA   0022H     0001H     UNIT         ?STACK

            * * * * * * *  X D A T A   M E M O R Y  * * * * * * *
                    0000H     6000H                  *** GAP ***
            XDATA   6000H     0206H     UNIT         ?XD?UART0
            XDATA   6206H     0039H     UNIT         ?XD?AD_KEY
            XDATA   623FH     0032H     UNIT         _XDATA_GROUP_
            XDATA   6271H     001EH     UNIT         ?XD?BATTERY_MONITOR
            XDATA   628FH     001AH     UNIT         ?XD?UART_DATA_HANDLE
            XDATA   62A9H     001AH     UNIT         ?XD?CHARGE_DET
            XDATA   62C3H     0011H     UNIT         ?XD?LED
            XDATA   62D4H     0009H     UNIT         ?XD?ADC
            XDATA   62DDH     0004H     UNIT         ?XD?KEY_DRIVER
            XDATA   62E1H     0004H     UNIT         ?XD?LOW_POWER
            XDATA   62E5H     0003H     UNIT         ?XD?USER_TEST
            XDATA   62E8H     0003H     UNIT         ?XD?LOW_POWER_HANDLE?LOW_POWER
            XDATA   62EBH     0002H     UNIT         ?XD?BLUETOOTH_IC_HANDLE
            XDATA   62EDH     0002H     UNIT         ?XD?CHARGE_DET?CHARGE_DET

            * * * * * * *   C O D E   M E M O R Y   * * * * * * *
            CODE    0000H     0003H     ABSOLUTE     
            CODE    0003H     000CH     ABSOLUTE     
            CODE    000FH     000FH     UNIT         ?PR?UART_RECEIVER_TIMEOUT_ADD?UART_DATA_HANDLE
            CODE    001EH     0003H     ABSOLUTE     
            CODE    0021H     0003H     ABSOLUTE     
            CODE    0024H     001BH     UNIT         ?PR?_ADC_CLEAR_UPDATE_FLAG?ADC
            CODE    003FH     0003H     ABSOLUTE     
            CODE    0042H     0003H     ABSOLUTE     
            CODE    0045H     0003H     UNIT         ?PR?CHARGE_DET_TIME_ADD?CHARGE_DET
                    0048H     0003H                  *** GAP ***
            CODE    004BH     0003H     ABSOLUTE     
            CODE    004EH     0461H     UNIT         ?C?LIB_CODE
            CODE    04AFH     0365H     UNIT         ?PR?PRINTF?PRINTF
            CODE    0814H     033AH     UNIT         ?C_INITSEG
            CODE    0B4EH     0246H     UNIT         ?PR?BATTERY_MONITOR_HANDLE?BATTERY_MONITOR
            CODE    0D94H     01BDH     UNIT         ?PR?LED_BAT_INSTRUCTION_TIMER_CALLBACK?LED
            CODE    0F51H     0193H     UNIT         ?PR?_KEY_DRIVER_SCAN?KEY_DRIVER
            CODE    10E4H     0187H     UNIT         ?PR?DETECT_1KHZ_SIGNAL_100US?CHARGE_DET
            CODE    126BH     0113H     UNIT         ?PR?CHARGE_DET?CHARGE_DET
            CODE    137EH     0101H     UNIT         ?PR?LOW_POWER_IN?LOW_POWER
BL51 BANKED LINKER/LOCATER V6.22.4.0                                                  05/09/2026  17:01:28  PAGE 3


            CODE    147FH     00EAH     UNIT         ?PR?LED_RED_BLUE_FLASH_1MS_ISR?LED
            CODE    1569H     00DAH     UNIT         ?CO?UART_DATA_HANDLE
            CODE    1643H     00D2H     UNIT         ?PR?LOW_POWER_HANDLE?LOW_POWER
            CODE    1715H     00CFH     UNIT         ?PR?SYSTEM_INIT?SYSTEM
            CODE    17E4H     00B5H     UNIT         ?PR?UART_DATA_HANDLE?UART_DATA_HANDLE
            CODE    1899H     00A9H     UNIT         ?PR?_UART_RECEIVER_PROCESS_BYTE?UART_DATA_HANDLE
            CODE    1942H     009BH     UNIT         ?PR?AD_KEY_HANDLE?AD_KEY
            CODE    19DDH     0099H     UNIT         ?PR?LED_SLOW_ADJUST_ISR?LED
            CODE    1A76H     0095H     UNIT         ?PR?LED
            CODE    1B0BH     008CH     UNIT         ?C_C51STARTUP
            CODE    1B97H     008BH     UNIT         ?PR?PWM_INIT?PWM
            CODE    1C22H     008AH     UNIT         ?CO?BATTERY_MONITOR
            CODE    1CACH     0081H     UNIT         ?PR?BATTERY_MONITOR
            CODE    1D2DH     0074H     UNIT         ?PR?_LED_STATUS_SET?LED
            CODE    1DA1H     0071H     UNIT         ?PR?ADC_IRQHANDLER?ADC
            CODE    1E12H     006CH     UNIT         ?PR?TIMR0_IRQHANDLER?TIMER0
            CODE    1E7EH     0066H     UNIT         ?PR?ADC_SCAN?ADC
            CODE    1EE4H     0059H     UNIT         ?PR?UART_RECEIVER_TIMEOUT_HANDLER?UART_DATA_HANDLE
            CODE    1F3DH     004EH     UNIT         ?PR?LED_INIT?LED
            CODE    1F8BH     004CH     UNIT         ?PR?_AD_KEY_VAL_TO_AD_KEY_INDEX?AD_KEY
            CODE    1FD7H     004CH     UNIT         ?PR?LOW_POWER_OUT?LOW_POWER
            CODE    2023H     004BH     UNIT         ?PR?_ADC_CHANNEL_SEL?ADC
            CODE    206EH     004AH     UNIT         ?PR?_AD_KEY_GET_EVENT?AD_KEY
            CODE    20B8H     0048H     UNIT         ?PR?_GET_BATTERY_PERCENTAGE_BY_VOLTAGE?BATTERY_MONITOR
            CODE    2100H     0047H     UNIT         ?PR?MAIN?MAIN
            CODE    2147H     0045H     UNIT         ?PR?TIMR1_IRQHANDLER?TIMER1
            CODE    218CH     0045H     UNIT         ?PR?_UART_DATA_SEND_CMD?UART_DATA_HANDLE
            CODE    21D1H     0041H     UNIT         ?PR?_UART0_RXBUFFER_PUT_BYTE?UART0
            CODE    2212H     0041H     UNIT         ?PR?_GET_BATTERY_VOLTAGE_BY_ADC?BATTERY_MONITOR
            CODE    2253H     003DH     UNIT         ?PR?_ADC_UPDATE_VAL?ADC
            CODE    2290H     003DH     UNIT         ?PR?BAT_VOL_HISTORY_BUFF_GET_AVG?BATTERY_MONITOR
            CODE    22CDH     003CH     UNIT         ?PR?UART0_RXBUFFER_GET_BYTE?UART0
            CODE    2309H     003AH     UNIT         ?PR?UART0_INIT?UART0
            CODE    2343H     0037H     UNIT         ?PR?UART_DATA_HANDLE
            CODE    237AH     0036H     UNIT         ?PR?UART_RECEIVER_PROCESS_CHECKSUM?UART_DATA_HANDLE
            CODE    23B0H     0036H     UNIT         ?PR?BAT_VOL_UPDATE_TIMER_CALLBACK?BATTERY_MONITOR
            CODE    23E6H     0036H     UNIT         ?CO?LOW_POWER
            CODE    241CH     0035H     UNIT         ?PR?LOW_POWER_ENTER_TIMER_CALLBACK?LOW_POWER
            CODE    2451H     0034H     UNIT         ?PR?UART0_IRQHANDLER?UART0
            CODE    2485H     0033H     UNIT         ?PR?AD_KEY_GET_KEY_VAL?AD_KEY
            CODE    24B8H     0031H     UNIT         ?PR?SEND_LOW_BAT_TIMER_CALLBACK?BATTERY_MONITOR
            CODE    24E9H     002EH     UNIT         ?PR?_ADC_GET_VAL?ADC
            CODE    2517H     002EH     UNIT         ?PR?ADC
            CODE    2545H     002AH     UNIT         ?PR?USER_INIT?MAIN
            CODE    256FH     002AH     UNIT         ?PR?LED_STATUS_SWITCH?LED
            CODE    2599H     0029H     UNIT         ?PR?BAT_VOL_BUFF_ADD_TIMER_CALLBACK?BATTERY_MONITOR
            CODE    25C2H     0029H     UNIT         ?PR?BAT_VOL_BUFF_GET_AVG_TIMER_CALLBACK?BATTERY_MONITOR
            CODE    25EBH     0029H     UNIT         ?CO?BLUETOOTH_IC_HANDLE
            CODE    2614H     0025H     UNIT         ?PR?_ADC_GET_UPDATE_FLAG?ADC
            CODE    2639H     0023H     UNIT         ?PR?_UART0_SENDBUF?UART0
            CODE    265CH     0022H     UNIT         ?PR?ADC_INIT?ADC
            CODE    267EH     0022H     UNIT         ?PR?_BAT_VOL_HISTORY_BUFF_ADD?BATTERY_MONITOR
            CODE    26A0H     0022H     UNIT         ?PR?CHARGE_DET
            CODE    26C2H     0021H     UNIT         ?PR?KEY_DRIVER
            CODE    26E3H     0021H     UNIT         ?PR?DEBUG_TIME_ADD?USER_TEST
            CODE    2704H     001DH     UNIT         ?PR?BLE_IC_ENABLE?BLUETOOTH_IC_HANDLE
            CODE    2721H     001CH     UNIT         ?PR?_BATTERY_MONITOR_REFRESH_BY_ADC_VAL?BATTERY_MONITOR
BL51 BANKED LINKER/LOCATER V6.22.4.0                                                  05/09/2026  17:01:28  PAGE 4


            CODE    273DH     001BH     UNIT         ?PR?TIMER0_INIT?TIMER0
            CODE    2758H     001BH     UNIT         ?PR?TIMER1_INIT?TIMER1
            CODE    2773H     001AH     UNIT         ?PR?_USER_TEST_INIT_BY_VOLTAGE_MV?BATTERY_MONITOR
            CODE    278DH     001AH     UNIT         ?PR?BLUETOOTH_IC_HANDLE_INIT?BLUETOOTH_IC_HANDLE
            CODE    27A7H     0019H     UNIT         ?PR?CHARGE_DET_INIT?CHARGE_DET
            CODE    27C0H     0018H     UNIT         ?PR?_DELAY_MS?SYSTEM
            CODE    27D8H     0018H     UNIT         ?PR?IS_LOW_POWER_CONDITION_ESTABLISH?LOW_POWER
            CODE    27F0H     0018H     UNIT         ?PR?WUT_IRQHANDLER?LOW_POWER
            CODE    2808H     0017H     UNIT         ?PR?ADC_GET_VAL_ONCE?ADC
            CODE    281FH     0016H     UNIT         ?PR?PWM
            CODE    2835H     0016H     UNIT         ?PR?_BAT_VOL_HISTORY_BUFF_INIT?BATTERY_MONITOR
            CODE    284BH     0012H     UNIT         ?PR?ADC_INIT_WHEN_LOW_PWR_OUT?ADC
            CODE    285DH     0012H     UNIT         ?PR?UART_RECEIVER_RESET?UART_DATA_HANDLE
            CODE    286FH     0012H     UNIT         ?PR?USER_DEBUG_PIN_INIT?USER_TEST
            CODE    2881H     0011H     UNIT         ?PR?ADC_PIN_INIT?ADC
            CODE    2892H     0010H     UNIT         ?PR?BLE_IC_DISABLE_POST?BLUETOOTH_IC_HANDLE
            CODE    28A2H     000FH     UNIT         ?PR?AD_KEY
            CODE    28B1H     000FH     UNIT         ?PR?LED_CTL_INIT?LED
            CODE    28C0H     000EH     UNIT         ?PR?BLE_IC_DISABLE_PRE?BLUETOOTH_IC_HANDLE
            CODE    28CEH     000DH     UNIT         ?PR?LED_YELLOW_ON?LED
            CODE    28DBH     000DH     UNIT         ?PR?LED_WHITE_ON?LED
            CODE    28E8H     000BH     UNIT         ?PR?_DELAY?SYSTEM
            CODE    28F3H     000AH     UNIT         ?CO?MAIN
            CODE    28FDH     0009H     UNIT         ?PR?_PWM_SET_CHANNEL_0_DUTY?PWM
            CODE    2906H     0009H     UNIT         ?PR?_PWM_SET_CHANNEL_1_DUTY?PWM
            CODE    290FH     0009H     UNIT         ?PR?UART0_RXBUFFER_GET_COUNT?UART0
            CODE    2918H     0008H     UNIT         ?PR?_PUTCHAR?UART0
            CODE    2920H     0008H     UNIT         ?PR?_UART0_SENDBYTE?UART0
            CODE    2928H     0008H     UNIT         ?PR?LED_YELLOW_OFF?LED
            CODE    2930H     0008H     UNIT         ?PR?LED_WHITE_OFF?LED
            CODE    2938H     0008H     UNIT         ?PR?LOW_POWER
            CODE    2940H     0007H     UNIT         ?PR?UART0



OVERLAY MAP OF MODULE:   .\Release\Objects\Demo (?C_STARTUP)


SEGMENT                                             BIT_GROUP          DATA_GROUP          XDATA_GROUP
  +--> CALLED SEGMENT                            START    LENGTH     START    LENGTH     START    LENGTH
--------------------------------------------------------------------------------------------------------
?C_C51STARTUP                                    -----    -----      -----    -----      -----    -----
  +--> ?PR?MAIN?MAIN
  +--> ?C_INITSEG

?PR?MAIN?MAIN                                    -----    -----      -----    -----      -----    -----
  +--> ?PR?SYSTEM_INIT?SYSTEM
  +--> ?PR?USER_INIT?MAIN
  +--> ?PR?_DELAY_MS?SYSTEM
  +--> ?PR?_KEY_DRIVER_SCAN?KEY_DRIVER
  +--> ?PR?AD_KEY_HANDLE?AD_KEY
  +--> ?PR?UART_DATA_HANDLE?UART_DATA_HANDLE
  +--> ?PR?BATTERY_MONITOR_HANDLE?BATTERY_MO...

?PR?SYSTEM_INIT?SYSTEM                           -----    -----      -----    -----      -----    -----
  +--> ?PR?_DELAY?SYSTEM
  +--> ?PR?_DELAY_MS?SYSTEM
BL51 BANKED LINKER/LOCATER V6.22.4.0                                                  05/09/2026  17:01:28  PAGE 5



?PR?_DELAY_MS?SYSTEM                             -----    -----      -----    -----      -----    -----
  +--> ?PR?_DELAY?SYSTEM

?PR?USER_INIT?MAIN                               -----    -----      -----    -----      -----    -----
  +--> ?PR?ADC_PIN_INIT?ADC
  +--> ?PR?ADC_INIT?ADC
  +--> ?PR?LED_INIT?LED
  +--> ?PR?UART0_INIT?UART0
  +--> ?PR?PWM_INIT?PWM
  +--> ?PR?BLUETOOTH_IC_HANDLE_INIT?BLUETOOT...
  +--> ?PR?UART_RECEIVER_RESET?UART_DATA_HANDLE
  +--> ?PR?LED_CTL_INIT?LED
  +--> ?PR?CHARGE_DET_INIT?CHARGE_DET
  +--> ?PR?TIMER0_INIT?TIMER0
  +--> ?PR?TIMER1_INIT?TIMER1
  +--> ?CO?MAIN
  +--> ?PR?PRINTF?PRINTF

?PR?ADC_INIT?ADC                                 -----    -----      -----    -----      -----    -----
  +--> ?PR?_DELAY_MS?SYSTEM

?PR?LED_INIT?LED                                 -----    -----      -----    -----      -----    -----
  +--> ?PR?LED

?PR?PWM_INIT?PWM                                 -----    -----      -----    -----      -----    -----
  +--> ?PR?PWM

?PR?PRINTF?PRINTF                                0020H.0  0001H.1    0008H    0005H      6243H    0028H
  +--> ?PR?_PUTCHAR?UART0

?PR?_KEY_DRIVER_SCAN?KEY_DRIVER                  -----    -----      -----    -----      623FH    0002H
  +--> ?PR?KEY_DRIVER

?PR?AD_KEY_HANDLE?AD_KEY                         -----    -----      -----    -----      623FH    0001H
  +--> ?PR?_AD_KEY_GET_EVENT?AD_KEY
  +--> ?PR?LED_STATUS_SWITCH?LED
  +--> ?PR?_UART_DATA_SEND_CMD?UART_DATA_HANDLE
  +--> ?PR?BLE_IC_DISABLE_PRE?BLUETOOTH_IC_H...
  +--> ?PR?BLE_IC_ENABLE?BLUETOOTH_IC_HANDLE

?PR?_AD_KEY_GET_EVENT?AD_KEY                     -----    -----      -----    -----      -----    -----
  +--> ?PR?AD_KEY

?PR?LED_STATUS_SWITCH?LED                        -----    -----      -----    -----      -----    -----
  +--> ?PR?_LED_STATUS_SET?LED

?PR?_LED_STATUS_SET?LED                          -----    -----      -----    -----      6243H    0001H
  +--> ?PR?LED_YELLOW_OFF?LED
  +--> ?PR?LED_WHITE_OFF?LED
  +--> ?PR?LED_WHITE_ON?LED
  +--> ?PR?LED_YELLOW_ON?LED

?PR?LED_WHITE_ON?LED                             -----    -----      -----    -----      -----    -----
  +--> ?PR?_PWM_SET_CHANNEL_1_DUTY?PWM

?PR?_PWM_SET_CHANNEL_1_DUTY?PWM                  -----    -----      -----    -----      -----    -----
BL51 BANKED LINKER/LOCATER V6.22.4.0                                                  05/09/2026  17:01:28  PAGE 6


  +--> ?PR?PWM

?PR?LED_YELLOW_ON?LED                            -----    -----      -----    -----      -----    -----
  +--> ?PR?_PWM_SET_CHANNEL_0_DUTY?PWM

?PR?_PWM_SET_CHANNEL_0_DUTY?PWM                  -----    -----      -----    -----      -----    -----
  +--> ?PR?PWM

?PR?_UART_DATA_SEND_CMD?UART_DATA_HANDLE         -----    -----      -----    -----      6243H    0009H
  +--> ?CO?UART_DATA_HANDLE
  +--> ?PR?_UART0_SENDBUF?UART0

?PR?_UART0_SENDBUF?UART0                         -----    -----      -----    -----      624CH    0003H
  +--> ?PR?_UART0_SENDBYTE?UART0

?PR?BLE_IC_DISABLE_PRE?BLUETOOTH_IC_H...         -----    -----      -----    -----      -----    -----
  +--> ?PR?_UART_DATA_SEND_CMD?UART_DATA_HANDLE
  +--> ?CO?BLUETOOTH_IC_HANDLE
  +--> ?PR?PRINTF?PRINTF

?PR?BLE_IC_ENABLE?BLUETOOTH_IC_HANDLE            -----    -----      -----    -----      -----    -----
  +--> ?PR?_DELAY_MS?SYSTEM
  +--> ?PR?_UART_DATA_SEND_CMD?UART_DATA_HANDLE
  +--> ?CO?BLUETOOTH_IC_HANDLE
  +--> ?PR?PRINTF?PRINTF

?PR?UART_DATA_HANDLE?UART_DATA_HANDLE            -----    -----      -----    -----      623FH    0002H
  +--> ?PR?UART_RECEIVER_RESET?UART_DATA_HANDLE
  +--> ?PR?UART_RECEIVER_TIMEOUT_HANDLER?UAR...
  +--> ?PR?UART0_RXBUFFER_GET_COUNT?UART0
  +--> ?PR?UART0_RXBUFFER_GET_BYTE?UART0
  +--> ?PR?_UART_RECEIVER_PROCESS_BYTE?UART_...
  +--> ?CO?UART_DATA_HANDLE
  +--> ?PR?PRINTF?PRINTF
  +--> ?PR?UART_DATA_HANDLE
  +--> ?PR?BLE_IC_DISABLE_POST?BLUETOOTH_IC_...

?PR?UART_RECEIVER_TIMEOUT_HANDLER?UAR...         -----    -----      -----    -----      6241H    0001H
  +--> ?CO?UART_DATA_HANDLE
  +--> ?PR?UART_DATA_HANDLE
  +--> ?PR?PRINTF?PRINTF
  +--> ?PR?UART_RECEIVER_RESET?UART_DATA_HANDLE

?PR?UART0_RXBUFFER_GET_BYTE?UART0                -----    -----      -----    -----      -----    -----
  +--> ?PR?UART0

?PR?_UART_RECEIVER_PROCESS_BYTE?UART_...         -----    -----      -----    -----      6241H    0001H
  +--> ?PR?UART_DATA_HANDLE
  +--> ?PR?UART_RECEIVER_PROCESS_CHECKSUM?UA...

?PR?UART_RECEIVER_PROCESS_CHECKSUM?UA...         -----    -----      -----    -----      -----    -----
  +--> ?PR?UART_DATA_HANDLE
  +--> ?CO?UART_DATA_HANDLE
  +--> ?PR?PRINTF?PRINTF

?PR?BLE_IC_DISABLE_POST?BLUETOOTH_IC_...         -----    -----      -----    -----      -----    -----
  +--> ?CO?BLUETOOTH_IC_HANDLE
BL51 BANKED LINKER/LOCATER V6.22.4.0                                                  05/09/2026  17:01:28  PAGE 7


  +--> ?PR?PRINTF?PRINTF

?PR?BATTERY_MONITOR_HANDLE?BATTERY_MO...         -----    -----      -----    -----      623FH    0004H
  +--> ?PR?_ADC_GET_UPDATE_FLAG?ADC
  +--> ?PR?_ADC_CLEAR_UPDATE_FLAG?ADC
  +--> ?PR?_ADC_GET_VAL?ADC
  +--> ?PR?_GET_BATTERY_VOLTAGE_BY_ADC?BATTE...
  +--> ?PR?BATTERY_MONITOR
  +--> ?PR?_BAT_VOL_HISTORY_BUFF_INIT?BATTER...
  +--> ?PR?_GET_BATTERY_PERCENTAGE_BY_VOLTAG...
  +--> ?PR?_BAT_VOL_HISTORY_BUFF_ADD?BATTERY...
  +--> ?PR?BAT_VOL_HISTORY_BUFF_GET_AVG?BATT...
  +--> ?CO?BATTERY_MONITOR
  +--> ?PR?PRINTF?PRINTF
  +--> ?PR?_LED_STATUS_SET?LED
  +--> ?PR?_UART_DATA_SEND_CMD?UART_DATA_HANDLE
  +--> ?PR?_DELAY_MS?SYSTEM
  +--> ?PR?BLE_IC_DISABLE_PRE?BLUETOOTH_IC_H...
  +--> ?PR?BLE_IC_ENABLE?BLUETOOTH_IC_HANDLE

?PR?_BAT_VOL_HISTORY_BUFF_INIT?BATTER...         -----    -----      -----    -----      -----    -----
  +--> ?PR?BATTERY_MONITOR

?PR?_GET_BATTERY_PERCENTAGE_BY_VOLTAG...         -----    -----      -----    -----      6243H    0004H

?PR?_BAT_VOL_HISTORY_BUFF_ADD?BATTERY...         -----    -----      -----    -----      -----    -----
  +--> ?PR?BATTERY_MONITOR

?PR?BAT_VOL_HISTORY_BUFF_GET_AVG?BATT...         -----    -----      -----    -----      6243H    0005H
  +--> ?PR?BATTERY_MONITOR

?C_INITSEG                                       -----    -----      -----    -----      -----    -----
  +--> ?PR?AD_KEY_GET_KEY_VAL?AD_KEY

?PR?AD_KEY_GET_KEY_VAL?AD_KEY                    -----    -----      -----    -----      623FH    0001H
  +--> ?PR?_ADC_GET_UPDATE_FLAG?ADC
  +--> ?PR?_ADC_CLEAR_UPDATE_FLAG?ADC
  +--> ?PR?_ADC_GET_VAL?ADC
  +--> ?PR?_AD_KEY_VAL_TO_AD_KEY_INDEX?AD_KEY

?PR?_AD_KEY_VAL_TO_AD_KEY_INDEX?AD_KEY           -----    -----      -----    -----      6240H    0002H

*** NEW ROOT ***************************************************

?PR?ADC_IRQHANDLER?ADC                           -----    -----      -----    -----      626BH    0002H
  +--> ?PR?ADC
  +--> ?PR?_ADC_UPDATE_VAL?ADC

?PR?ADC                                          -----    -----      -----    -----      -----    -----
  +--> ?PR?_ADC_CHANNEL_SEL?ADC

*** NEW ROOT ***************************************************

?PR?TIMR0_IRQHANDLER?TIMER0                      -----    -----      -----    -----      -----    -----
  +--> ?PR?ADC_SCAN?ADC
  +--> ?PR?CHARGE_DET_TIME_ADD?CHARGE_DET
  +--> ?PR?UART_RECEIVER_TIMEOUT_ADD?UART_DA...
BL51 BANKED LINKER/LOCATER V6.22.4.0                                                  05/09/2026  17:01:28  PAGE 8


  +--> ?PR?BAT_VOL_UPDATE_TIMER_CALLBACK?BAT...
  +--> ?PR?BAT_VOL_BUFF_ADD_TIMER_CALLBACK?B...
  +--> ?PR?BAT_VOL_BUFF_GET_AVG_TIMER_CALLBA...
  +--> ?PR?LED_SLOW_ADJUST_ISR?LED
  +--> ?PR?LED_RED_BLUE_FLASH_1MS_ISR?LED
  +--> ?PR?LED_BAT_INSTRUCTION_TIMER_CALLBAC...
  +--> ?PR?LOW_POWER_ENTER_TIMER_CALLBACK?LO...
  +--> ?PR?SEND_LOW_BAT_TIMER_CALLBACK?BATTE...
  +--> ?PR?DEBUG_TIME_ADD?USER_TEST

?PR?ADC_SCAN?ADC                                 -----    -----      -----    -----      -----    -----
  +--> ?PR?ADC

?PR?BAT_VOL_UPDATE_TIMER_CALLBACK?BAT...         -----    -----      -----    -----      -----    -----
  +--> ?PR?BATTERY_MONITOR

?PR?BAT_VOL_BUFF_ADD_TIMER_CALLBACK?B...         -----    -----      -----    -----      -----    -----
  +--> ?PR?BATTERY_MONITOR

?PR?BAT_VOL_BUFF_GET_AVG_TIMER_CALLBA...         -----    -----      -----    -----      -----    -----
  +--> ?PR?BATTERY_MONITOR

?PR?LED_SLOW_ADJUST_ISR?LED                      -----    -----      -----    -----      -----    -----
  +--> ?PR?LED
  +--> ?PR?_PWM_SET_CHANNEL_0_DUTY?PWM
  +--> ?PR?_PWM_SET_CHANNEL_1_DUTY?PWM

?PR?LED_RED_BLUE_FLASH_1MS_ISR?LED               -----    -----      -----    -----      626DH    0002H
  +--> ?PR?LED

?PR?LED_BAT_INSTRUCTION_TIMER_CALLBAC...         -----    -----      -----    -----      -----    -----
  +--> ?PR?LED

?PR?LOW_POWER_ENTER_TIMER_CALLBACK?LO...         -----    -----      -----    -----      -----    -----
  +--> ?PR?IS_LOW_POWER_CONDITION_ESTABLISH?...

*** NEW ROOT ***************************************************

?PR?TIMR1_IRQHANDLER?TIMER1                      -----    -----      -----    -----      -----    -----
  +--> ?PR?DETECT_1KHZ_SIGNAL_100US?CHARGE_DET

?PR?DETECT_1KHZ_SIGNAL_100US?CHARGE_DET          -----    -----      -----    -----      626FH    0001H
  +--> ?PR?CHARGE_DET

*** NEW ROOT ***************************************************

?PR?UART0_IRQHANDLER?UART0                       -----    -----      -----    -----      6270H    0001H
  +--> ?PR?_UART0_RXBUFFER_PUT_BYTE?UART0

?PR?_UART0_RXBUFFER_PUT_BYTE?UART0               -----    -----      -----    -----      -----    -----
  +--> ?PR?UART0



SYMBOL TABLE OF MODULE:  .\Release\Objects\Demo (?C_STARTUP)

  VALUE           TYPE          NAME
BL51 BANKED LINKER/LOCATER V6.22.4.0                                                  05/09/2026  17:01:28  PAGE 9


  ----------------------------------

  -------         MODULE        ?C_STARTUP
  C:1B0BH         SEGMENT       ?C_C51STARTUP
  I:0022H         SEGMENT       ?STACK
  C:0000H         PUBLIC        ?C_STARTUP
  D:00E0H         SYMBOL        ACC
  D:00F0H         SYMBOL        B
  D:0083H         SYMBOL        DPH
  D:0082H         SYMBOL        DPL
  N:0000H         SYMBOL        IBPSTACK
  N:0100H         SYMBOL        IBPSTACKTOP
  N:0080H         SYMBOL        IDATALEN
  C:1B0EH         SYMBOL        IDATALOOP
  N:0000H         SYMBOL        PBPSTACK
  N:0100H         SYMBOL        PBPSTACKTOP
  N:0000H         SYMBOL        PDATALEN
  N:0000H         SYMBOL        PDATASTART
  N:0000H         SYMBOL        PPAGE
  N:0000H         SYMBOL        PPAGEENABLE
  D:00A0H         SYMBOL        PPAGE_SFR
  D:0081H         SYMBOL        SP
  C:1B0BH         SYMBOL        STARTUP1
  N:0000H         SYMBOL        XBPSTACK
  N:0000H         SYMBOL        XBPSTACKTOP
  N:0000H         SYMBOL        XDATALEN
  N:0000H         SYMBOL        XDATASTART
  C:0000H         LINE#         126
  C:1B0BH         LINE#         133
  C:1B0DH         LINE#         134
  C:1B0EH         LINE#         135
  C:1B0FH         LINE#         136
  C:1B11H         LINE#         185
  C:1B14H         LINE#         196
  -------         ENDMOD        ?C_STARTUP

  -------         MODULE        SYSTEM
  C:0000H         SYMBOL        _ICE_DUMMY_
  D:00A7H         PUBLIC        FLASH_TIMEREG0
  D:00ACH         PUBLIC        FLASH_TIMEREG1
  C:28E8H         PUBLIC        _delay
  C:27C0H         PUBLIC        _delay_ms
  C:1715H         PUBLIC        system_init
  -------         PROC          _DELAY
  D:0006H         SYMBOL        cnt
  C:28E8H         LINE#         37
  C:28E8H         LINE#         38
  C:28E8H         LINE#         39
  C:28F2H         LINE#         40
  C:28F2H         LINE#         41
  C:28F2H         LINE#         42
  -------         ENDPROC       _DELAY
  -------         PROC          _DELAY_MS
  D:0002H         SYMBOL        ms
  C:27C0H         LINE#         49
  C:27C4H         LINE#         50
  C:27C4H         LINE#         51
BL51 BANKED LINKER/LOCATER V6.22.4.0                                                  05/09/2026  17:01:28  PAGE 10


  C:27CEH         LINE#         52
  C:27CEH         LINE#         53
  C:27D5H         LINE#         54
  C:27D7H         LINE#         55
  -------         ENDPROC       _DELAY_MS
  -------         PROC          SYSTEM_INIT
  -------         DO            
  D:0007H         SYMBOL        i
  -------         ENDDO         
  C:1715H         LINE#         62
  C:1715H         LINE#         63
  C:1715H         LINE#         66
  C:171CH         LINE#         67
  C:1729H         LINE#         68
  C:172CH         LINE#         69
  C:172FH         LINE#         70
  C:1735H         LINE#         71
  C:173BH         LINE#         72
  C:1741H         LINE#         76
  C:1743H         LINE#         77
  C:1743H         LINE#         78
  C:1750H         LINE#         79
  C:1755H         LINE#         81
  C:17E3H         LINE#         82
  -------         ENDPROC       SYSTEM_INIT
  -------         ENDMOD        SYSTEM

  -------         MODULE        ADC
  C:0000H         SYMBOL        _ICE_DUMMY_
  D:00A8H         PUBLIC        IE0
  D:00A9H         PUBLIC        IE1
  D:00AAH         PUBLIC        IE2
  D:00ABH         PUBLIC        IE3
  B:00A8H.7       PUBLIC        IE_EA
  D:00B8H         PUBLIC        IP0
  D:00B1H         PUBLIC        IP1
  D:00B2H         PUBLIC        IP2
  D:00B3H         PUBLIC        IP3
  D:00B4H         PUBLIC        IP4
  D:00B5H         PUBLIC        IP5
  D:00B6H         PUBLIC        IP6
  D:00B7H         PUBLIC        IP7
  D:0093H         PUBLIC        ADC_DATAH0
  D:0094H         PUBLIC        ADC_DATAL0
  D:0099H         PUBLIC        ADC_CHS0
  X:62D4H         PUBLIC        cur_adc_status
  C:2881H         PUBLIC        adc_pin_init
  C:265CH         PUBLIC        adc_init
  C:1E7EH         PUBLIC        adc_scan
  C:284BH         PUBLIC        adc_init_when_low_pwr_out
  C:2253H         PUBLIC        _adc_update_val
  C:24E9H         PUBLIC        _adc_get_val
  C:2614H         PUBLIC        _adc_get_update_flag
  C:0024H         PUBLIC        _adc_clear_update_flag
  C:2023H         PUBLIC        _adc_channel_sel
  C:2808H         PUBLIC        adc_get_val_once
  X:62D5H         SYMBOL        adc_adkey_val
BL51 BANKED LINKER/LOCATER V6.22.4.0                                                  05/09/2026  17:01:28  PAGE 11


  B:0021H.1       SYMBOL        flag_is_adkey_val_update
  X:62D7H         SYMBOL        adc_bat_det_val
  B:0021H.2       SYMBOL        flag_is_adc_bat_det_val_update
  X:62D9H         SYMBOL        adc_solar_det_val
  B:0021H.3       SYMBOL        flag_is_adc_solar_det_val_update
  X:62DBH         SYMBOL        adc_type_c_det_val
  B:0021H.4       SYMBOL        flag_is_adc_type_c_det_val_update
  C:1DA1H         PUBLIC        ADC_IRQHandler
  C:2517H         SYMBOL        Com0068
  C:2517H         SYMBOL        L?0105
  C:2517H         SYMBOL        L?0106
  C:2521H         SYMBOL        L?0107
  C:2521H         SYMBOL        L?0108
  C:252AH         SYMBOL        L?0109
  C:252AH         SYMBOL        L?0110
  C:2531H         SYMBOL        L?0111
  C:253BH         SYMBOL        L?0112
  -------         PROC          COM0068
  -------         ENDPROC       COM0068
  -------         PROC          ADC_PIN_INIT
  C:2881H         LINE#         21
  C:2881H         LINE#         22
  C:2881H         LINE#         24
  C:2887H         LINE#         27
  C:288DH         LINE#         30
  C:2891H         LINE#         31
  -------         ENDPROC       ADC_PIN_INIT
  -------         PROC          ADC_INIT
  C:265CH         LINE#         33
  C:265CH         LINE#         34
  C:265CH         LINE#         35
  C:2661H         LINE#         37
  C:2667H         LINE#         41
  C:266AH         LINE#         42
  C:266CH         LINE#         44
  C:2672H         LINE#         46
  C:2677H         LINE#         49
  -------         ENDPROC       ADC_INIT
  -------         PROC          _ADC_UPDATE_VAL
  D:0007H         SYMBOL        adc_channel
  D:0004H         SYMBOL        adc_val
  C:2253H         LINE#         58
  C:2253H         LINE#         59
  C:2253H         LINE#         60
  C:2262H         LINE#         61
  C:2262H         LINE#         62
  C:2262H         LINE#         63
  C:226AH         LINE#         64
  C:226CH         LINE#         65
  C:226DH         LINE#         66
  C:226DH         LINE#         67
  C:2275H         LINE#         68
  C:2277H         LINE#         69
  C:2278H         LINE#         70
  C:2278H         LINE#         71
  C:2280H         LINE#         72
  C:2282H         LINE#         73
BL51 BANKED LINKER/LOCATER V6.22.4.0                                                  05/09/2026  17:01:28  PAGE 12


  C:2283H         LINE#         74
  C:2283H         LINE#         75
  C:228DH         LINE#         76
  C:228FH         LINE#         77
  C:228FH         LINE#         78
  C:228FH         LINE#         79
  -------         ENDPROC       _ADC_UPDATE_VAL
  -------         PROC          _ADC_GET_VAL
  D:0007H         SYMBOL        adc_channel
  -------         DO            
  D:0004H         SYMBOL        ret
  -------         ENDDO         
  C:24E9H         LINE#         81
  C:24E9H         LINE#         82
  C:24E9H         LINE#         83
  C:24ECH         LINE#         84
  C:24FBH         LINE#         85
  C:24FBH         LINE#         86
  C:24FBH         LINE#         87
  C:24FEH         LINE#         88
  C:2500H         LINE#         89
  C:2500H         LINE#         90
  C:2503H         LINE#         91
  C:2505H         LINE#         92
  C:2505H         LINE#         93
  C:2508H         LINE#         94
  C:250AH         LINE#         95
  C:250AH         LINE#         96
  C:2512H         LINE#         97
  C:2512H         LINE#         99
  C:2512H         LINE#         100
  C:2512H         LINE#         101
  C:2512H         LINE#         103
  C:2516H         LINE#         104
  -------         ENDPROC       _ADC_GET_VAL
  -------         PROC          _ADC_GET_UPDATE_FLAG
  D:0007H         SYMBOL        adc_channel
  -------         DO            
  D:0006H         SYMBOL        ret
  -------         ENDDO         
  C:2614H         LINE#         107
  C:2614H         LINE#         108
  C:2614H         LINE#         109
  C:2616H         LINE#         110
  C:2625H         LINE#         111
  C:2625H         LINE#         112
  C:2625H         LINE#         113
  C:2627H         LINE#         114
  C:2629H         LINE#         115
  C:2629H         LINE#         116
  C:262BH         LINE#         117
  C:262DH         LINE#         118
  C:262DH         LINE#         119
  C:262FH         LINE#         120
  C:2631H         LINE#         121
  C:2631H         LINE#         122
  C:2636H         LINE#         123
BL51 BANKED LINKER/LOCATER V6.22.4.0                                                  05/09/2026  17:01:28  PAGE 13


  C:2636H         LINE#         125
  C:2636H         LINE#         126
  C:2636H         LINE#         127
  C:2636H         LINE#         129
  C:2638H         LINE#         130
  -------         ENDPROC       _ADC_GET_UPDATE_FLAG
  -------         PROC          _ADC_CLEAR_UPDATE_FLAG
  D:0007H         SYMBOL        adc_channel
  C:0024H         LINE#         133
  C:0024H         LINE#         134
  C:0024H         LINE#         135
  C:0033H         LINE#         136
  C:0033H         LINE#         137
  C:0033H         LINE#         138
  C:0035H         LINE#         139
  C:0036H         LINE#         140
  C:0036H         LINE#         141
  C:0038H         LINE#         142
  C:0039H         LINE#         143
  C:0039H         LINE#         144
  C:003BH         LINE#         145
  C:003CH         LINE#         146
  C:003CH         LINE#         147
  C:003EH         LINE#         148
  C:003EH         LINE#         150
  C:003EH         LINE#         151
  C:003EH         LINE#         152
  C:003EH         LINE#         153
  -------         ENDPROC       _ADC_CLEAR_UPDATE_FLAG
  -------         PROC          _ADC_CHANNEL_SEL
  D:0007H         SYMBOL        adc_channel
  C:2023H         LINE#         155
  C:2023H         LINE#         156
  C:2023H         LINE#         157
  C:202AH         LINE#         161
  C:2039H         LINE#         162
  C:2039H         LINE#         163
  C:2039H         LINE#         165
  C:2040H         LINE#         167
  C:2043H         LINE#         168
  C:2045H         LINE#         169
  C:2045H         LINE#         170
  C:204CH         LINE#         173
  C:204FH         LINE#         175
  C:2051H         LINE#         176
  C:2051H         LINE#         180
  C:2058H         LINE#         183
  C:205BH         LINE#         184
  C:205DH         LINE#         186
  C:205DH         LINE#         187
  C:2064H         LINE#         190
  C:2067H         LINE#         191
  C:2067H         LINE#         193
  C:2067H         LINE#         194
  C:2067H         LINE#         195
  C:2067H         LINE#         197
  C:206DH         LINE#         199
BL51 BANKED LINKER/LOCATER V6.22.4.0                                                  05/09/2026  17:01:28  PAGE 14


  -------         ENDPROC       _ADC_CHANNEL_SEL
  -------         PROC          ADC_INIT_WHEN_LOW_PWR_OUT
  C:284BH         LINE#         202
  C:284BH         LINE#         203
  C:284BH         LINE#         204
  C:2851H         LINE#         207
  C:2857H         LINE#         208
  C:285CH         LINE#         210
  -------         ENDPROC       ADC_INIT_WHEN_LOW_PWR_OUT
  -------         PROC          ADC_GET_VAL_ONCE
  C:2808H         LINE#         213
  C:2808H         LINE#         214
  C:2808H         LINE#         215
  C:280EH         LINE#         216
  C:2814H         LINE#         218
  C:2816H         LINE#         219
  C:281EH         LINE#         220
  -------         ENDPROC       ADC_GET_VAL_ONCE
  -------         PROC          ADC_SCAN
  C:1E7EH         LINE#         223
  C:1E7EH         LINE#         224
  C:1E7EH         LINE#         226
  C:1EA4H         LINE#         227
  C:1EA4H         LINE#         228
  C:1EA4H         LINE#         230
  C:1EA4H         LINE#         231
  C:1EA6H         LINE#         232
  C:1EACH         LINE#         233
  C:1EADH         LINE#         234
  C:1EADH         LINE#         236
  C:1EADH         LINE#         237
  C:1EB3H         LINE#         238
  C:1EB4H         LINE#         239
  C:1EB4H         LINE#         240
  C:1EB6H         LINE#         241
  C:1EBCH         LINE#         242
  C:1EBDH         LINE#         243
  C:1EBDH         LINE#         245
  C:1EBDH         LINE#         246
  C:1EC3H         LINE#         247
  C:1EC4H         LINE#         248
  C:1EC4H         LINE#         249
  C:1EC6H         LINE#         250
  C:1ECCH         LINE#         251
  C:1ECDH         LINE#         252
  C:1ECDH         LINE#         253
  C:1ECDH         LINE#         254
  C:1ED3H         LINE#         255
  C:1ED4H         LINE#         256
  C:1ED4H         LINE#         257
  C:1ED6H         LINE#         258
  C:1EDCH         LINE#         259
  C:1EDDH         LINE#         260
  C:1EDDH         LINE#         261
  C:1EDDH         LINE#         262
  C:1EE3H         LINE#         263
  C:1EE3H         LINE#         265
BL51 BANKED LINKER/LOCATER V6.22.4.0                                                  05/09/2026  17:01:28  PAGE 15


  C:1EE3H         LINE#         266
  C:1EE3H         LINE#         267
  C:1EE3H         LINE#         268
  -------         ENDPROC       ADC_SCAN
  -------         PROC          ADC_IRQHANDLER
  -------         DO            
  X:626BH         SYMBOL        adc_val
  -------         ENDDO         
  C:1DA1H         LINE#         270
  C:1DB6H         LINE#         275
  C:1DB6H         LINE#         279
  C:1DBCH         LINE#         280
  C:1DBCH         LINE#         281
  C:1DBFH         LINE#         282
  C:1DCEH         LINE#         284
  C:1DE2H         LINE#         285
  C:1DE2H         LINE#         286
  C:1DE2H         LINE#         287
  C:1DE7H         LINE#         288
  C:1DE9H         LINE#         289
  C:1DE9H         LINE#         290
  C:1DEEH         LINE#         291
  C:1DF0H         LINE#         292
  C:1DF0H         LINE#         293
  C:1DF5H         LINE#         294
  C:1DF7H         LINE#         295
  C:1DF7H         LINE#         296
  C:1DFFH         LINE#         297
  C:1DFFH         LINE#         299
  C:1DFFH         LINE#         300
  C:1DFFH         LINE#         301
  C:1DFFH         LINE#         302
  C:1DFFH         LINE#         305
  C:1DFFH         LINE#         306
  -------         ENDPROC       ADC_IRQHANDLER
  -------         ENDMOD        ADC

  -------         MODULE        PWM
  C:0000H         SYMBOL        _ICE_DUMMY_
  B:00A0H.7       PUBLIC        P27
  B:00B0H.0       PUBLIC        P30
  C:1B97H         PUBLIC        pwm_init
  C:28FDH         PUBLIC        _pwm_set_channel_0_duty
  C:2906H         PUBLIC        _pwm_set_channel_1_duty
  C:281FH         SYMBOL        Com0004
  C:281FH         SYMBOL        L?0005
  C:282AH         SYMBOL        L?0006
  -------         PROC          COM0004
  -------         ENDPROC       COM0004
  -------         PROC          PWM_INIT
  C:1B97H         LINE#         3
  C:1B97H         LINE#         4
  C:1B97H         LINE#         6
  C:1B9DH         LINE#         7
  C:1BA1H         LINE#         9
  C:1BA3H         LINE#         10
  C:1BA8H         LINE#         13
BL51 BANKED LINKER/LOCATER V6.22.4.0                                                  05/09/2026  17:01:28  PAGE 16


  C:1BAEH         LINE#         14
  C:1BB2H         LINE#         16
  C:1BB4H         LINE#         17
  C:1BB9H         LINE#         21
  C:1BBFH         LINE#         22
  C:1BC4H         LINE#         23
  C:1BC9H         LINE#         24
  C:1BCDH         LINE#         25
  C:1BCFH         LINE#         26
  C:1BCFH         LINE#         27
  C:1BCFH         LINE#         29
  C:1BD5H         LINE#         30
  C:1BDBH         LINE#         31
  C:1BE1H         LINE#         32
  C:1BE7H         LINE#         33
  C:1BEDH         LINE#         37
  C:1BF3H         LINE#         38
  C:1BF8H         LINE#         39
  C:1BFDH         LINE#         40
  C:1C01H         LINE#         41
  C:1C03H         LINE#         42
  C:1C03H         LINE#         43
  C:1C03H         LINE#         45
  C:1C09H         LINE#         46
  C:1C0FH         LINE#         47
  C:1C15H         LINE#         48
  C:1C1BH         LINE#         49
  C:1C21H         LINE#         50
  -------         ENDPROC       PWM_INIT
  -------         PROC          _PWM_SET_CHANNEL_0_DUTY
  D:0004H         SYMBOL        channel_duty
  C:28FDH         LINE#         53
  C:28FDH         LINE#         54
  C:28FDH         LINE#         55
  C:28FFH         LINE#         56
  C:28FFH         LINE#         57
  C:2905H         LINE#         58
  -------         ENDPROC       _PWM_SET_CHANNEL_0_DUTY
  -------         PROC          _PWM_SET_CHANNEL_1_DUTY
  D:0004H         SYMBOL        channel_duty
  C:2906H         LINE#         61
  C:2906H         LINE#         62
  C:2906H         LINE#         63
  C:2908H         LINE#         64
  C:2908H         LINE#         65
  C:290EH         LINE#         66
  -------         ENDPROC       _PWM_SET_CHANNEL_1_DUTY
  -------         ENDMOD        PWM

  -------         MODULE        TIMER0
  C:0000H         SYMBOL        _ICE_DUMMY_
  D:00A8H         PUBLIC        IE0
  D:00A9H         PUBLIC        IE1
  D:00AAH         PUBLIC        IE2
  D:00ABH         PUBLIC        IE3
  B:00A8H.7       PUBLIC        IE_EA
  D:00B8H         PUBLIC        IP0
BL51 BANKED LINKER/LOCATER V6.22.4.0                                                  05/09/2026  17:01:28  PAGE 17


  D:00B1H         PUBLIC        IP1
  D:00B2H         PUBLIC        IP2
  D:00B3H         PUBLIC        IP3
  D:00B4H         PUBLIC        IP4
  D:00B5H         PUBLIC        IP5
  D:00B6H         PUBLIC        IP6
  D:00B7H         PUBLIC        IP7
  D:00D1H         PUBLIC        TMR_ALLCON
  C:273DH         PUBLIC        timer0_init
  C:1E12H         PUBLIC        TIMR0_IRQHandler
  -------         PROC          TIMER0_INIT
  C:273DH         LINE#         10
  C:273DH         LINE#         11
  C:273DH         LINE#         12
  C:2740H         LINE#         13
  C:2742H         LINE#         15
  C:2745H         LINE#         16
  C:274AH         LINE#         17
  C:274EH         LINE#         18
  C:2753H         LINE#         19
  C:2757H         LINE#         20
  -------         ENDPROC       TIMER0_INIT
  -------         PROC          TIMR0_IRQHANDLER
  C:1E12H         LINE#         24
  C:1E2FH         LINE#         27
  C:1E2FH         LINE#         32
  C:1E35H         LINE#         33
  C:1E35H         LINE#         34
  C:1E39H         LINE#         40
  C:1E3FH         LINE#         41
  C:1E42H         LINE#         43
  C:1E45H         LINE#         44
  C:1E48H         LINE#         46
  C:1E4BH         LINE#         47
  C:1E4EH         LINE#         48
  C:1E51H         LINE#         50
  C:1E54H         LINE#         51
  C:1E57H         LINE#         52
  C:1E5AH         LINE#         54
  C:1E5DH         LINE#         55
  C:1E60H         LINE#         58
  C:1E63H         LINE#         61
  C:1E63H         LINE#         64
  C:1E63H         LINE#         65
  -------         ENDPROC       TIMR0_IRQHANDLER
  -------         ENDMOD        TIMER0

  -------         MODULE        TIMER1
  C:0000H         SYMBOL        _ICE_DUMMY_
  D:00A8H         PUBLIC        IE0
  D:00A9H         PUBLIC        IE1
  D:00AAH         PUBLIC        IE2
  D:00ABH         PUBLIC        IE3
  B:00A8H.7       PUBLIC        IE_EA
  D:00B8H         PUBLIC        IP0
  D:00B1H         PUBLIC        IP1
  D:00B2H         PUBLIC        IP2
BL51 BANKED LINKER/LOCATER V6.22.4.0                                                  05/09/2026  17:01:28  PAGE 18


  D:00B3H         PUBLIC        IP3
  D:00B4H         PUBLIC        IP4
  D:00B5H         PUBLIC        IP5
  D:00B6H         PUBLIC        IP6
  D:00B7H         PUBLIC        IP7
  D:00D1H         PUBLIC        TMR_ALLCON
  C:2758H         PUBLIC        timer1_init
  C:2147H         PUBLIC        TIMR1_IRQHandler
  -------         PROC          TIMER1_INIT
  C:2758H         LINE#         9
  C:2758H         LINE#         10
  C:2758H         LINE#         12
  C:275BH         LINE#         13
  C:275DH         LINE#         15
  C:2760H         LINE#         16
  C:2765H         LINE#         17
  C:2769H         LINE#         18
  C:276EH         LINE#         19
  C:2772H         LINE#         23
  -------         ENDPROC       TIMER1_INIT
  -------         PROC          TIMR1_IRQHANDLER
  C:2147H         LINE#         27
  C:2164H         LINE#         30
  C:2164H         LINE#         34
  C:216AH         LINE#         35
  C:216AH         LINE#         36
  C:216EH         LINE#         39
  C:2171H         LINE#         40
  C:2171H         LINE#         43
  C:2171H         LINE#         44
  -------         ENDPROC       TIMR1_IRQHANDLER
  -------         ENDMOD        TIMER1

  -------         MODULE        UART0
  C:0000H         SYMBOL        _ICE_DUMMY_
  D:00A8H         PUBLIC        IE0
  D:00A9H         PUBLIC        IE1
  D:00AAH         PUBLIC        IE2
  D:00ABH         PUBLIC        IE3
  B:00A8H.7       PUBLIC        IE_EA
  D:00B8H         PUBLIC        IP0
  D:00B1H         PUBLIC        IP1
  D:00B2H         PUBLIC        IP2
  D:00B3H         PUBLIC        IP3
  D:00B4H         PUBLIC        IP4
  D:00B5H         PUBLIC        IP5
  D:00B6H         PUBLIC        IP6
  D:00B7H         PUBLIC        IP7
  D:00D2H         PUBLIC        UART0_CON0
  D:00D4H         PUBLIC        UART0_STA
  D:00D5H         PUBLIC        UART0_BAUD0
  D:00D6H         PUBLIC        UART0_BAUD1
  D:00D7H         PUBLIC        UART0_DATA
  C:2309H         PUBLIC        uart0_init
  C:2920H         PUBLIC        _uart0_sendbyte
  C:2639H         PUBLIC        _uart0_sendbuf
  C:290FH         PUBLIC        uart0_rxbuffer_get_count
BL51 BANKED LINKER/LOCATER V6.22.4.0                                                  05/09/2026  17:01:28  PAGE 19


  C:22CDH         PUBLIC        uart0_rxbuffer_get_byte
  C:2918H         PUBLIC        _putchar
  X:6000H         PUBLIC        uart0_rx_buffer
  C:21D1H         SYMBOL        _uart0_rxbuffer_put_byte
  C:2451H         PUBLIC        UART0_IRQHandler
  C:2940H         SYMBOL        Com004A
  C:2940H         SYMBOL        L?0075
  C:2940H         SYMBOL        L?0076
  -------         PROC          COM004A
  -------         ENDPROC       COM004A
  -------         PROC          _PUTCHAR
  D:0007H         SYMBOL        c
  C:2918H         LINE#         8
  C:2918H         LINE#         9
  C:2918H         LINE#         10
  C:291DH         LINE#         12
  C:291FH         LINE#         13
  C:291FH         LINE#         14
  -------         ENDPROC       _PUTCHAR
  -------         PROC          UART0_INIT
  C:2309H         LINE#         17
  C:2309H         LINE#         18
  C:2309H         LINE#         19
  C:230FH         LINE#         20
  C:2313H         LINE#         21
  C:231AH         LINE#         23
  C:2320H         LINE#         24
  C:2326H         LINE#         25
  C:232CH         LINE#         27
  C:232FH         LINE#         28
  C:2332H         LINE#         29
  C:2335H         LINE#         33
  C:233DH         LINE#         34
  C:2340H         LINE#         35
  C:2342H         LINE#         36
  -------         ENDPROC       UART0_INIT
  -------         PROC          _UART0_SENDBYTE
  D:0007H         SYMBOL        byte
  C:2920H         LINE#         39
  C:2920H         LINE#         40
  C:2920H         LINE#         41
  C:2925H         LINE#         44
  C:2927H         LINE#         48
  -------         ENDPROC       _UART0_SENDBYTE
  -------         PROC          _UART0_SENDBUF
  X:624CH         SYMBOL        buf
  D:0005H         SYMBOL        len
  -------         DO            
  D:0006H         SYMBOL        i
  -------         ENDDO         
  C:2639H         LINE#         50
  C:263FH         LINE#         51
  C:263FH         LINE#         52
  C:2641H         LINE#         53
  C:2646H         LINE#         54
  C:2646H         LINE#         55
  C:2658H         LINE#         56
BL51 BANKED LINKER/LOCATER V6.22.4.0                                                  05/09/2026  17:01:28  PAGE 20


  C:265BH         LINE#         57
  -------         ENDPROC       _UART0_SENDBUF
  -------         PROC          UART0_RXBUFFER_GET_COUNT
  C:290FH         LINE#         60
  C:290FH         LINE#         61
  C:290FH         LINE#         62
  C:2917H         LINE#         63
  -------         ENDPROC       UART0_RXBUFFER_GET_COUNT
  -------         PROC          UART0_RXBUFFER_GET_BYTE
  -------         DO            
  D:0007H         SYMBOL        rxbyte
  -------         ENDDO         
  C:22CDH         LINE#         66
  C:22CDH         LINE#         67
  C:22CDH         LINE#         70
  C:22D7H         LINE#         71
  C:22D7H         LINE#         73
  C:22D9H         LINE#         74
  C:22D9H         LINE#         80
  C:22DFH         LINE#         81
  C:22E8H         LINE#         82
  C:22E8H         LINE#         83
  C:22ECH         LINE#         84
  C:22ECH         LINE#         85
  C:22FEH         LINE#         87
  C:2308H         LINE#         89
  C:2308H         LINE#         90
  -------         ENDPROC       UART0_RXBUFFER_GET_BYTE
  -------         PROC          _UART0_RXBUFFER_PUT_BYTE
  D:0007H         SYMBOL        byte
  C:21D1H         LINE#         92
  C:21D1H         LINE#         93
  C:21D1H         LINE#         100
  C:21D7H         LINE#         101
  C:21E0H         LINE#         102
  C:21E0H         LINE#         103
  C:21E4H         LINE#         104
  C:21E4H         LINE#         105
  C:21F6H         LINE#         107
  C:21FCH         LINE#         108
  C:220BH         LINE#         109
  C:220BH         LINE#         110
  C:2211H         LINE#         111
  C:2211H         LINE#         112
  -------         ENDPROC       _UART0_RXBUFFER_PUT_BYTE
  -------         PROC          UART0_IRQHANDLER
  -------         DO            
  X:6270H         SYMBOL        recv_byte
  -------         ENDDO         
  C:2451H         LINE#         115
  C:2464H         LINE#         118
  C:2464H         LINE#         121
  C:2469H         LINE#         122
  C:2469H         LINE#         123
  C:246FH         LINE#         124
  C:2474H         LINE#         127
  C:2474H         LINE#         129
BL51 BANKED LINKER/LOCATER V6.22.4.0                                                  05/09/2026  17:01:28  PAGE 21


  C:2474H         LINE#         130
  -------         ENDPROC       UART0_IRQHANDLER
  -------         ENDMOD        UART0

  -------         MODULE        MAIN
  C:0000H         SYMBOL        _ICE_DUMMY_
  D:00D9H         PUBLIC        WDT_KEY
  C:2545H         PUBLIC        user_init
  C:2100H         PUBLIC        main
  -------         PROC          USER_INIT
  C:2545H         LINE#         103
  C:2545H         LINE#         104
  C:2545H         LINE#         105
  C:2548H         LINE#         106
  C:254BH         LINE#         107
  C:254EH         LINE#         108
  C:2551H         LINE#         109
  C:2554H         LINE#         110
  C:2557H         LINE#         112
  C:255AH         LINE#         113
  C:255DH         LINE#         114
  C:2560H         LINE#         117
  C:2563H         LINE#         118
  C:2566H         LINE#         123
  -------         ENDPROC       USER_INIT
  -------         PROC          MAIN
  C:2100H         LINE#         127
  C:2100H         LINE#         128
  C:2100H         LINE#         130
  C:2103H         LINE#         131
  C:2106H         LINE#         134
  C:2109H         LINE#         135
  C:2110H         LINE#         136
  C:2113H         LINE#         139
  C:2118H         LINE#         140
  C:211AH         LINE#         141
  C:211DH         LINE#         142
  C:211FH         LINE#         143
  C:2122H         LINE#         144
  C:2124H         LINE#         145
  C:2127H         LINE#         146
  C:2129H         LINE#         148
  C:212CH         LINE#         149
  C:2133H         LINE#         158
  C:2133H         LINE#         159
  C:2133H         LINE#         160
  C:213CH         LINE#         161
  C:213FH         LINE#         163
  C:2142H         LINE#         165
  C:2145H         LINE#         175
  -------         ENDPROC       MAIN
  -------         ENDMOD        MAIN

  -------         MODULE        UART_DATA_HANDLE
  C:0000H         SYMBOL        _ICE_DUMMY_
  C:285DH         PUBLIC        uart_receiver_reset
  C:000FH         PUBLIC        uart_receiver_timeout_add
BL51 BANKED LINKER/LOCATER V6.22.4.0                                                  05/09/2026  17:01:28  PAGE 22


  C:237AH         PUBLIC        uart_receiver_process_checksum
  C:1899H         PUBLIC        _uart_receiver_process_byte
  C:1EE4H         PUBLIC        uart_receiver_timeout_handler
  C:17E4H         PUBLIC        uart_data_handle
  C:218CH         PUBLIC        _uart_data_send_cmd
  X:6290H         SYMBOL        uart_receiver
  C:163BH         SYMBOL        _?ix1000
  C:2343H         SYMBOL        Com003C
  C:2343H         SYMBOL        L?0061
  C:2343H         SYMBOL        L?0062
  C:2348H         SYMBOL        L?0063
  C:235FH         SYMBOL        L?0064
  C:2364H         SYMBOL        L?0065
  C:2368H         SYMBOL        L?0066
  C:236FH         SYMBOL        L?0067
  -------         PROC          COM003C
  -------         ENDPROC       COM003C
  -------         PROC          UART_RECEIVER_RESET
  C:285DH         LINE#         13
  C:285DH         LINE#         14
  C:285DH         LINE#         16
  C:2862H         LINE#         17
  C:2866H         LINE#         18
  C:286AH         LINE#         19
  C:286EH         LINE#         20
  -------         ENDPROC       UART_RECEIVER_RESET
  -------         PROC          UART_RECEIVER_TIMEOUT_ADD
  C:000FH         LINE#         26
  C:000FH         LINE#         27
  C:000FH         LINE#         28
  C:0015H         LINE#         29
  C:0015H         LINE#         30
  C:001DH         LINE#         31
  C:001DH         LINE#         32
  -------         ENDPROC       UART_RECEIVER_TIMEOUT_ADD
  -------         PROC          UART_RECEIVER_PROCESS_CHECKSUM
  -------         DO            
  D:0006H         SYMBOL        i
  D:0007H         SYMBOL        check_sum
  -------         ENDDO         
  C:237AH         LINE#         39
  C:237AH         LINE#         40
  C:237AH         LINE#         42
  C:237CH         LINE#         43
  C:237DH         LINE#         44
  C:237DH         LINE#         45
  C:2383H         LINE#         46
  C:2388H         LINE#         48
  C:238FH         LINE#         49
  C:238FH         LINE#         50
  C:2392H         LINE#         51
  C:2392H         LINE#         53
  C:2392H         LINE#         57
  C:23ADH         LINE#         60
  C:23AFH         LINE#         61
  C:23AFH         LINE#         62
  -------         ENDPROC       UART_RECEIVER_PROCESS_CHECKSUM
BL51 BANKED LINKER/LOCATER V6.22.4.0                                                  05/09/2026  17:01:28  PAGE 23


  -------         PROC          _UART_RECEIVER_PROCESS_BYTE
  X:6241H         SYMBOL        byte
  C:1899H         LINE#         71
  C:189EH         LINE#         72
  C:189EH         LINE#         74
  C:18C1H         LINE#         75
  C:18C1H         LINE#         76
  C:18C1H         LINE#         77
  C:18C9H         LINE#         78
  C:18C9H         LINE#         79
  C:18C9H         LINE#         80
  C:18CEH         LINE#         81
  C:18D1H         LINE#         82
  C:18D1H         LINE#         84
  C:18D1H         LINE#         85
  C:18D4H         LINE#         86
  C:18D4H         LINE#         87
  C:18D4H         LINE#         89
  C:18D4H         LINE#         90
  C:18DCH         LINE#         91
  C:18DCH         LINE#         92
  C:18DCH         LINE#         93
  C:18E1H         LINE#         94
  C:18E4H         LINE#         95
  C:18E4H         LINE#         97
  C:18E4H         LINE#         99
  C:18E7H         LINE#         100
  C:18E7H         LINE#         101
  C:18E7H         LINE#         103
  C:18E7H         LINE#         104
  C:18EEH         LINE#         105
  C:18EEH         LINE#         106
  C:18EEH         LINE#         107
  C:18F3H         LINE#         108
  C:18F6H         LINE#         109
  C:18F6H         LINE#         111
  C:18F6H         LINE#         112
  C:18F9H         LINE#         113
  C:18F9H         LINE#         114
  C:18F9H         LINE#         116
  C:18F9H         LINE#         118
  C:18F9H         LINE#         119
  C:18FEH         LINE#         120
  C:1901H         LINE#         121
  C:1901H         LINE#         123
  C:1901H         LINE#         125
  C:1901H         LINE#         126
  C:1906H         LINE#         127
  C:1908H         LINE#         128
  C:1908H         LINE#         130
  C:1908H         LINE#         131
  C:190FH         LINE#         132
  C:190FH         LINE#         133
  C:190FH         LINE#         134
  C:1914H         LINE#         135
  C:1916H         LINE#         136
  C:1916H         LINE#         138
BL51 BANKED LINKER/LOCATER V6.22.4.0                                                  05/09/2026  17:01:28  PAGE 24


  C:1916H         LINE#         139
  C:1919H         LINE#         140
  C:1919H         LINE#         141
  C:1919H         LINE#         143
  C:1919H         LINE#         145
  C:1919H         LINE#         146
  C:191FH         LINE#         147
  C:1925H         LINE#         148
  C:1925H         LINE#         150
  C:1928H         LINE#         151
  C:1928H         LINE#         153
  C:1928H         LINE#         154
  C:192BH         LINE#         155
  C:192BH         LINE#         156
  C:192BH         LINE#         158
  C:192BH         LINE#         159
  C:1933H         LINE#         160
  C:1933H         LINE#         161
  C:1933H         LINE#         162
  C:1939H         LINE#         163
  C:193CH         LINE#         164
  C:193CH         LINE#         166
  C:193CH         LINE#         167
  C:193FH         LINE#         168
  C:193FH         LINE#         169
  C:193FH         LINE#         171
  C:193FH         LINE#         172
  C:193FH         LINE#         173
  C:193FH         LINE#         175
  C:1941H         LINE#         176
  -------         ENDPROC       _UART_RECEIVER_PROCESS_BYTE
  -------         PROC          UART_RECEIVER_TIMEOUT_HANDLER
  -------         DO            
  X:6241H         SYMBOL        i
  -------         ENDDO         
  C:1EE4H         LINE#         179
  C:1EE4H         LINE#         180
  C:1EE4H         LINE#         185
  C:1EF3H         LINE#         186
  C:1EF3H         LINE#         188
  C:1EFDH         LINE#         191
  C:1F06H         LINE#         192
  C:1F19H         LINE#         193
  C:1F19H         LINE#         194
  C:1F28H         LINE#         195
  C:1F30H         LINE#         196
  C:1F39H         LINE#         200
  C:1F3CH         LINE#         201
  C:1F3CH         LINE#         202
  -------         ENDPROC       UART_RECEIVER_TIMEOUT_HANDLER
  -------         PROC          UART_DATA_HANDLE
  -------         DO            
  X:623FH         SYMBOL        i
  X:6240H         SYMBOL        recv_byte
  X:628FH         SYMBOL        initialized
  -------         ENDDO         
  C:17E4H         LINE#         203
BL51 BANKED LINKER/LOCATER V6.22.4.0                                                  05/09/2026  17:01:28  PAGE 25


  C:17E4H         LINE#         204
  C:17E4H         LINE#         212
  C:17EAH         LINE#         213
  C:17EAH         LINE#         214
  C:17EDH         LINE#         215
  C:17F3H         LINE#         216
  C:17F3H         LINE#         221
  C:17F9H         LINE#         222
  C:17F9H         LINE#         223
  C:17FCH         LINE#         224
  C:17FCH         LINE#         233
  C:17FCH         LINE#         234
  C:17FCH         LINE#         235
  C:1810H         LINE#         238
  C:1810H         LINE#         252
  C:1810H         LINE#         253
  C:1810H         LINE#         255
  C:1818H         LINE#         258
  C:181EH         LINE#         259
  C:1823H         LINE#         262
  C:182EH         LINE#         263
  C:182EH         LINE#         267
  C:1834H         LINE#         268
  C:1834H         LINE#         269
  C:183DH         LINE#         270
  C:1847H         LINE#         271
  C:1847H         LINE#         276
  C:184AH         LINE#         277
  C:184AH         LINE#         278
  C:184CH         LINE#         308
  C:1859H         LINE#         310
  C:1859H         LINE#         312
  C:1859H         LINE#         332
  C:1869H         LINE#         333
  C:1869H         LINE#         334
  C:1869H         LINE#         336
  C:186EH         LINE#         337
  C:1870H         LINE#         338
  C:1870H         LINE#         340
  C:1876H         LINE#         341
  C:1878H         LINE#         342
  C:1878H         LINE#         344
  C:1881H         LINE#         350
  C:1884H         LINE#         351
  C:1886H         LINE#         353
  C:1886H         LINE#         355
  C:1895H         LINE#         357
  C:1895H         LINE#         358
  C:1895H         LINE#         361
  C:1898H         LINE#         362
  -------         ENDPROC       UART_DATA_HANDLE
  -------         PROC          _UART_DATA_SEND_CMD
  X:6243H         SYMBOL        cmd
  -------         DO            
  X:6244H         SYMBOL        buf
  -------         ENDDO         
  C:218CH         LINE#         366
BL51 BANKED LINKER/LOCATER V6.22.4.0                                                  05/09/2026  17:01:28  PAGE 26


  C:2191H         LINE#         367
  C:2191H         LINE#         368
  C:21A4H         LINE#         379
  C:21ADH         LINE#         380
  C:21C6H         LINE#         382
  -------         ENDPROC       _UART_DATA_SEND_CMD
  -------         ENDMOD        UART_DATA_HANDLE

  -------         MODULE        KEY_DRIVER
  C:0000H         SYMBOL        _ICE_DUMMY_
  C:0F51H         PUBLIC        _key_driver_scan
  X:62DDH         SYMBOL        is_key_active
  X:62DEH         PUBLIC        scan_para
  C:26C2H         SYMBOL        Com0021
  C:26C2H         SYMBOL        L?0034
  C:26C5H         SYMBOL        L?0035
  C:26C6H         SYMBOL        L?0036
  C:26CCH         SYMBOL        L?0037
  C:26CFH         SYMBOL        L?0038
  C:26D3H         SYMBOL        L?0039
  C:26D9H         SYMBOL        L?0040
  C:26DCH         SYMBOL        L?0041
  -------         PROC          COM0021
  -------         ENDPROC       COM0021
  -------         PROC          _KEY_DRIVER_SCAN
  D:0001H         SYMBOL        _scan_para
  -------         DO            
  X:623FH         SYMBOL        key_event
  D:0007H         SYMBOL        cur_key_value
  X:6240H         SYMBOL        key_value
  C:10B9H         SYMBOL        _notify
  C:10D9H         SYMBOL        _scan_end
  -------         ENDDO         
  C:0F51H         LINE#         17
  C:0F51H         LINE#         19
  C:0F51H         LINE#         24
  C:0F56H         LINE#         25
  C:0F58H         LINE#         26
  C:0F5CH         LINE#         30
  C:0F62H         LINE#         33
  C:0F75H         LINE#         34
  C:0F75H         LINE#         36
  C:0F75H         LINE#         38
  C:0F7FH         LINE#         40
  C:0F88H         LINE#         46
  C:0F8CH         LINE#         47
  C:0F8CH         LINE#         48
  C:0F92H         LINE#         49
  C:0F94H         LINE#         50
  C:0F9AH         LINE#         51
  C:0F9AH         LINE#         52
  C:0F9DH         LINE#         53
  C:0F9DH         LINE#         56
  C:0FB1H         LINE#         57
  C:0FB1H         LINE#         59
  C:0FB8H         LINE#         60
  C:0FBEH         LINE#         62
BL51 BANKED LINKER/LOCATER V6.22.4.0                                                  05/09/2026  17:01:28  PAGE 27


  C:0FBEH         LINE#         65
  C:0FCFH         LINE#         66
  C:0FCFH         LINE#         67
  C:0FDAH         LINE#         69
  C:0FDAH         LINE#         72
  C:0FE6H         LINE#         73
  C:0FE6H         LINE#         80
  C:0FEAH         LINE#         81
  C:0FEAH         LINE#         82
  C:0FF1H         LINE#         83
  C:0FF1H         LINE#         84
  C:0FF3H         LINE#         85
  C:0FF9H         LINE#         86
  C:0FFBH         LINE#         88
  C:0FFBH         LINE#         91
  C:0FFBH         LINE#         92
  C:1003H         LINE#         93
  C:1003H         LINE#         94
  C:1006H         LINE#         96
  C:1006H         LINE#         101
  C:100EH         LINE#         102
  C:101AH         LINE#         103
  C:101AH         LINE#         104
  C:101FH         LINE#         105
  C:1023H         LINE#         106
  C:1026H         LINE#         108
  C:1026H         LINE#         109
  C:102CH         LINE#         110
  C:102CH         LINE#         111
  C:102CH         LINE#         113
  C:102EH         LINE#         118
  C:102EH         LINE#         120
  C:102EH         LINE#         125
  C:1032H         LINE#         126
  C:1032H         LINE#         128
  C:1043H         LINE#         129
  C:1043H         LINE#         133
  C:1054H         LINE#         134
  C:1054H         LINE#         154
  C:1054H         LINE#         155
  C:1056H         LINE#         157
  C:1056H         LINE#         158
  C:1063H         LINE#         160
  C:1065H         LINE#         162
  C:1065H         LINE#         164
  C:1065H         LINE#         165
  C:1070H         LINE#         166
  C:1073H         LINE#         168
  C:1073H         LINE#         169
  C:1073H         LINE#         171
  C:1073H         LINE#         172
  C:1073H         LINE#         174
  C:1073H         LINE#         175
  C:1073H         LINE#         177
  C:1073H         LINE#         179
  C:107EH         LINE#         180
  C:107EH         LINE#         181
BL51 BANKED LINKER/LOCATER V6.22.4.0                                                  05/09/2026  17:01:28  PAGE 28


  C:1086H         LINE#         182
  C:1086H         LINE#         186
  C:108CH         LINE#         187
  C:108CH         LINE#         188
  C:1092H         LINE#         193
  C:1094H         LINE#         194
  C:10A0H         LINE#         195
  C:10A0H         LINE#         196
  C:10A5H         LINE#         197
  C:10B4H         LINE#         199
  C:10B4H         LINE#         201
  C:10B4H         LINE#         202
  C:10B4H         LINE#         204
  C:10B4H         LINE#         207
  C:10B9H         LINE#         208
  C:10B9H         LINE#         210
  C:10B9H         LINE#         211
  C:10B9H         LINE#         213
  C:10B9H         LINE#         216
  C:10B9H         LINE#         218
  C:10B9H         LINE#         219
  C:10BDH         LINE#         220
  C:10C5H         LINE#         222
  C:10CFH         LINE#         223
  C:10D9H         LINE#         226
  C:10D9H         LINE#         235
  C:10D9H         LINE#         237
  C:10D9H         LINE#         238
  C:10E3H         LINE#         241
  -------         ENDPROC       _KEY_DRIVER_SCAN
  -------         ENDMOD        KEY_DRIVER

  -------         MODULE        AD_KEY
  C:0000H         SYMBOL        _ICE_DUMMY_
  X:6208H         PUBLIC        ad_key_para
  C:1942H         PUBLIC        ad_key_handle
  X:621BH         SYMBOL        ad_key_scan_table
  X:622BH         SYMBOL        ad_key_event_table
  C:2485H         PUBLIC        ad_key_get_key_val
  C:1F8BH         SYMBOL        _ad_key_val_to_ad_key_index
  C:206EH         SYMBOL        _ad_key_get_event
  C:28A2H         SYMBOL        Com0037
  C:28A2H         SYMBOL        L?0056
  -------         PROC          COM0037
  -------         ENDPROC       COM0037
  -------         PROC          _AD_KEY_VAL_TO_AD_KEY_INDEX
  D:0006H         SYMBOL        ad_key_val
  -------         DO            
  D:0005H         SYMBOL        i
  X:6240H         SYMBOL        ad_key_index
  -------         ENDDO         
  C:1F8BH         LINE#         53
  C:1F8BH         LINE#         54
  C:1F8BH         LINE#         55
  C:1F8DH         LINE#         56
  C:1F95H         LINE#         59
  C:1F95H         LINE#         60
BL51 BANKED LINKER/LOCATER V6.22.4.0                                                  05/09/2026  17:01:28  PAGE 29


  C:1F95H         LINE#         61
  C:1FADH         LINE#         62
  C:1FADH         LINE#         63
  C:1FC7H         LINE#         64
  C:1FC9H         LINE#         65
  C:1FC9H         LINE#         66
  C:1FCEH         LINE#         68
  C:1FD6H         LINE#         69
  -------         ENDPROC       _AD_KEY_VAL_TO_AD_KEY_INDEX
  -------         PROC          _AD_KEY_GET_EVENT
  D:0007H         SYMBOL        key_val
  D:0005H         SYMBOL        key_event
  -------         DO            
  D:0006H         SYMBOL        ret_key_event
  D:0004H         SYMBOL        key_event_index
  D:0003H         SYMBOL        i
  -------         ENDDO         
  C:206EH         LINE#         79
  C:206EH         LINE#         80
  C:206EH         LINE#         81
  C:2070H         LINE#         82
  C:2071H         LINE#         83
  C:2072H         LINE#         86
  C:2076H         LINE#         87
  C:2076H         LINE#         88
  C:2077H         LINE#         89
  C:2079H         LINE#         90
  C:207DH         LINE#         91
  C:207DH         LINE#         92
  C:207FH         LINE#         93
  C:2081H         LINE#         94
  C:2085H         LINE#         95
  C:2085H         LINE#         96
  C:2087H         LINE#         97
  C:2089H         LINE#         98
  C:208DH         LINE#         99
  C:208DH         LINE#         100
  C:208FH         LINE#         101
  C:2091H         LINE#         103
  C:2091H         LINE#         104
  C:2094H         LINE#         105
  C:2094H         LINE#         107
  C:209AH         LINE#         108
  C:209AH         LINE#         109
  C:20A1H         LINE#         110
  C:20A1H         LINE#         111
  C:20B0H         LINE#         112
  C:20B2H         LINE#         113
  C:20B2H         LINE#         114
  C:20B5H         LINE#         116
  C:20B7H         LINE#         117
  -------         ENDPROC       _AD_KEY_GET_EVENT
  -------         PROC          AD_KEY_GET_KEY_VAL
  -------         DO            
  X:6206H         SYMBOL        val
  X:623FH         SYMBOL        ret
  -------         ENDDO         
BL51 BANKED LINKER/LOCATER V6.22.4.0                                                  05/09/2026  17:01:28  PAGE 30


  C:2485H         LINE#         130
  C:2485H         LINE#         131
  C:2485H         LINE#         133
  C:248BH         LINE#         136
  C:2493H         LINE#         137
  C:2493H         LINE#         138
  C:2498H         LINE#         139
  C:24A5H         LINE#         142
  C:24A5H         LINE#         144
  C:24B5H         LINE#         145
  C:24B7H         LINE#         146
  -------         ENDPROC       AD_KEY_GET_KEY_VAL
  -------         PROC          AD_KEY_HANDLE
  -------         DO            
  X:623FH         SYMBOL        ad_key_event
  -------         ENDDO         
  C:1942H         LINE#         148
  C:1942H         LINE#         149
  C:1942H         LINE#         150
  C:1947H         LINE#         152
  C:1950H         LINE#         153
  C:1950H         LINE#         155
  C:1950H         LINE#         157
  C:195DH         LINE#         158
  C:1962H         LINE#         159
  C:1964H         LINE#         163
  C:1973H         LINE#         164
  C:1973H         LINE#         169
  C:1979H         LINE#         171
  C:1979H         LINE#         173
  C:199FH         LINE#         174
  C:199FH         LINE#         177
  C:199FH         LINE#         181
  C:19A2H         LINE#         182
  C:19A2H         LINE#         184
  C:19A2H         LINE#         188
  C:19A2H         LINE#         190
  C:19A2H         LINE#         195
  C:19A2H         LINE#         197
  C:19A2H         LINE#         201
  C:19A2H         LINE#         205
  C:19A2H         LINE#         209
  C:19A4H         LINE#         210
  C:19A6H         LINE#         212
  C:19A6H         LINE#         217
  C:19A8H         LINE#         218
  C:19AAH         LINE#         220
  C:19AAH         LINE#         225
  C:19ACH         LINE#         226
  C:19AEH         LINE#         228
  C:19AEH         LINE#         232
  C:19AEH         LINE#         237
  C:19AEH         LINE#         242
  C:19B0H         LINE#         243
  C:19B2H         LINE#         245
  C:19B2H         LINE#         251
  C:19B4H         LINE#         252
BL51 BANKED LINKER/LOCATER V6.22.4.0                                                  05/09/2026  17:01:28  PAGE 31


  C:19B6H         LINE#         254
  C:19B6H         LINE#         260
  C:19B8H         LINE#         261
  C:19BAH         LINE#         263
  C:19BAH         LINE#         267
  C:19BAH         LINE#         271
  C:19BAH         LINE#         277
  C:19C0H         LINE#         278
  C:19C0H         LINE#         279
  C:19C2H         LINE#         280
  C:19C4H         LINE#         281
  C:19CBH         LINE#         282
  C:19CBH         LINE#         283
  C:19D0H         LINE#         284
  C:19D0H         LINE#         285
  C:19D0H         LINE#         287
  C:19D0H         LINE#         293
  C:19D6H         LINE#         294
  C:19D6H         LINE#         297
  C:19D9H         LINE#         298
  C:19D9H         LINE#         300
  C:19D9H         LINE#         305
  C:19DCH         LINE#         306
  C:19DCH         LINE#         307
  C:19DCH         LINE#         309
  C:19DCH         LINE#         313
  C:19DCH         LINE#         315
  C:19DCH         LINE#         319
  C:19DCH         LINE#         321
  C:19DCH         LINE#         322
  C:19DCH         LINE#         323
  C:19DCH         LINE#         324
  -------         ENDPROC       AD_KEY_HANDLE
  -------         ENDMOD        AD_KEY

  -------         MODULE        USER_TEST
  C:0000H         SYMBOL        _ICE_DUMMY_
  B:0090H.7       PUBLIC        P17
  X:62E7H         PUBLIC        flag_debug
  C:26E3H         PUBLIC        debug_time_add
  C:286FH         PUBLIC        user_debug_pin_init
  -------         PROC          DEBUG_TIME_ADD
  -------         DO            
  X:62E5H         SYMBOL        cnt
  -------         ENDDO         
  C:26E3H         LINE#         12
  C:26E3H         LINE#         13
  C:26E3H         LINE#         16
  C:26EDH         LINE#         17
  C:26FCH         LINE#         18
  C:26FCH         LINE#         19
  C:2700H         LINE#         20
  C:2703H         LINE#         21
  C:2703H         LINE#         23
  -------         ENDPROC       DEBUG_TIME_ADD
  -------         PROC          USER_DEBUG_PIN_INIT
  C:286FH         LINE#         25
BL51 BANKED LINKER/LOCATER V6.22.4.0                                                  05/09/2026  17:01:28  PAGE 32


  C:286FH         LINE#         26
  C:286FH         LINE#         27
  C:2875H         LINE#         28
  C:2879H         LINE#         29
  C:287EH         LINE#         30
  C:2880H         LINE#         31
  -------         ENDPROC       USER_DEBUG_PIN_INIT
  -------         ENDMOD        USER_TEST

  -------         MODULE        LED
  C:0000H         SYMBOL        _ICE_DUMMY_
  B:0080H.0       PUBLIC        P00
  B:0080H.1       PUBLIC        P01
  B:0080H.2       PUBLIC        P02
  B:0080H.5       PUBLIC        P05
  B:0080H.6       PUBLIC        P06
  B:0090H.3       PUBLIC        P13
  B:00A0H.7       PUBLIC        P27
  B:00B0H.0       PUBLIC        P30
  X:62C3H         PUBLIC        led_ctl
  X:62D0H         PUBLIC        led_bat_level_sta
  C:1F3DH         PUBLIC        led_init
  C:28B1H         PUBLIC        led_ctl_init
  C:256FH         PUBLIC        led_status_switch
  C:1D2DH         PUBLIC        _led_status_set
  C:147FH         PUBLIC        led_red_blue_flash_1ms_isr
  C:19DDH         PUBLIC        led_slow_adjust_isr
  C:0D94H         PUBLIC        led_bat_instruction_timer_callback
  X:62D1H         PUBLIC        led_charge_anim_phase
  X:62D2H         PUBLIC        led_charge_anim_cnt
  C:28CEH         PUBLIC        led_yellow_on
  C:2928H         PUBLIC        led_yellow_off
  C:28DBH         PUBLIC        led_white_on
  C:2930H         PUBLIC        led_white_off
  C:1A76H         SYMBOL        Com0070
  C:1A76H         SYMBOL        L?0113
  C:1A82H         SYMBOL        L?0114
  C:1A90H         SYMBOL        L?0115
  C:1A91H         SYMBOL        L?0116
  C:1A96H         SYMBOL        L?0117
  C:1A9DH         SYMBOL        L?0118
  C:1AAEH         SYMBOL        L?0119
  C:1ABDH         SYMBOL        L?0120
  C:1ABDH         SYMBOL        L?0121
  C:1AC6H         SYMBOL        L?0122
  C:1AD4H         SYMBOL        L?0123
  C:1AE1H         SYMBOL        L?0124
  C:1AE1H         SYMBOL        L?0125
  C:1AE9H         SYMBOL        L?0126
  C:1AE9H         SYMBOL        L?0127
  C:1AF1H         SYMBOL        L?0128
  C:1AFCH         SYMBOL        L?0129
  C:1AFCH         SYMBOL        L?0130
  C:1B02H         SYMBOL        L?0131
  -------         PROC          COM0070
  -------         ENDPROC       COM0070
  -------         PROC          LED_INIT
BL51 BANKED LINKER/LOCATER V6.22.4.0                                                  05/09/2026  17:01:28  PAGE 33


  C:1F3DH         LINE#         14
  C:1F3DH         LINE#         15
  C:1F3DH         LINE#         17
  C:1F43H         LINE#         18
  C:1F47H         LINE#         19
  C:1F49H         LINE#         20
  C:1F4EH         LINE#         23
  C:1F54H         LINE#         24
  C:1F58H         LINE#         25
  C:1F5AH         LINE#         26
  C:1F5DH         LINE#         29
  C:1F5DH         LINE#         30
  C:1F60H         LINE#         31
  C:1F62H         LINE#         32
  C:1F67H         LINE#         35
  C:1F6CH         LINE#         36
  C:1F70H         LINE#         37
  C:1F72H         LINE#         38
  C:1F75H         LINE#         41
  C:1F75H         LINE#         42
  C:1F78H         LINE#         43
  C:1F7AH         LINE#         44
  C:1F7DH         LINE#         47
[...]
  C:10F2H         LINE#         56
  C:1103H         LINE#         57
  C:1103H         LINE#         58
  C:1109H         LINE#         59
  C:1118H         LINE#         60
  C:1118H         LINE#         62
  C:111CH         LINE#         63
  C:1120H         LINE#         64
  C:1124H         LINE#         65
  C:1124H         LINE#         66
  C:1126H         LINE#         68
  C:1126H         LINE#         69
  C:112DH         LINE#         70
  C:112DH         LINE#         72
  C:113EH         LINE#         73
  C:113EH         LINE#         74
  C:113EH         LINE#         75
  C:1145H         LINE#         76
  C:1145H         LINE#         77
  C:1145H         LINE#         78
  C:1148H         LINE#         79
  C:114AH         LINE#         80
  C:114DH         LINE#         82
  C:114DH         LINE#         83
  C:1150H         LINE#         84
  C:1157H         LINE#         85
  C:115CH         LINE#         86
  C:115CH         LINE#         87
  C:115FH         LINE#         89
  C:115FH         LINE#         90
  C:1166H         LINE#         91
  C:1166H         LINE#         92
  C:117DH         LINE#         93
  C:117DH         LINE#         94
  C:1183H         LINE#         95
  C:1183H         LINE#         97
  C:1187H         LINE#         98
  C:118AH         LINE#         100
  C:118AH         LINE#         101
  C:1190H         LINE#         102
  C:1198H         LINE#         107
  C:11A9H         LINE#         108
  C:11A9H         LINE#         109
  C:11ACH         LINE#         110
  C:11ACH         LINE#         111
  C:11B0H         LINE#         112
BL51 BANKED LINKER/LOCATER V6.22.4.0                                                  05/09/2026  17:01:28  PAGE 48


  C:11B0H         LINE#         113
  C:11B2H         LINE#         115
  C:11B2H         LINE#         116
  C:11B8H         LINE#         117
  C:11B8H         LINE#         118
  C:11BEH         LINE#         119
  C:11C2H         LINE#         120
  C:11C4H         LINE#         122
  C:11C4H         LINE#         123
  C:11C7H         LINE#         124
  C:11CAH         LINE#         129
  C:11D9H         LINE#         130
  C:11D9H         LINE#         131
  C:11DCH         LINE#         132
  C:11DCH         LINE#         134
  C:11E3H         LINE#         135
  C:11E3H         LINE#         136
  C:11E3H         LINE#         137
  C:11E3H         LINE#         139
  C:11F2H         LINE#         140
  C:11F2H         LINE#         141
  C:11F6H         LINE#         147
  C:1204H         LINE#         148
  C:1204H         LINE#         149
  C:120AH         LINE#         150
  C:120CH         LINE#         152
  C:120CH         LINE#         153
  C:1211H         LINE#         154
  C:1211H         LINE#         155
  C:1218H         LINE#         156
  C:1218H         LINE#         158
  C:121EH         LINE#         159
  C:121EH         LINE#         160
  C:1224H         LINE#         161
  C:1234H         LINE#         162
  C:1234H         LINE#         163
  C:123AH         LINE#         164
  C:123AH         LINE#         167
  C:1249H         LINE#         168
  C:1249H         LINE#         169
  C:124FH         LINE#         171
  C:1259H         LINE#         172
  C:1259H         LINE#         173
  C:125BH         LINE#         175
  C:125BH         LINE#         176
  C:1262H         LINE#         177
  C:1262H         LINE#         179
  C:126AH         LINE#         180
  -------         ENDPROC       DETECT_1KHZ_SIGNAL_100US
  -------         PROC          CHARGE_DET_TIME_ADD
  C:0045H         LINE#         182
  C:0045H         LINE#         183
  C:0045H         LINE#         184
  C:0047H         LINE#         185
  -------         ENDPROC       CHARGE_DET_TIME_ADD
  -------         PROC          CHARGE_DET
  -------         DO            
BL51 BANKED LINKER/LOCATER V6.22.4.0                                                  05/09/2026  17:01:28  PAGE 49


  X:62B8H         SYMBOL        adc_val_of_solar_panel
  X:62BAH         SYMBOL        adc_val_of_type_c
  X:62EDH         SYMBOL        voltage_mv
  -------         ENDDO         
  C:126BH         LINE#         189
  C:126BH         LINE#         190
  C:126BH         LINE#         193
  C:1272H         LINE#         195
  C:127AH         LINE#         196
  C:127AH         LINE#         197
  C:127FH         LINE#         198
  C:128CH         LINE#         199
  C:128CH         LINE#         201
  C:1294H         LINE#         202
  C:1294H         LINE#         203
  C:1299H         LINE#         204
  C:12A6H         LINE#         205
  C:12A6H         LINE#         207
  C:12ACH         LINE#         208
  C:12ACH         LINE#         209
  C:12AEH         LINE#         210
  C:12AEH         LINE#         212
  C:12AEH         LINE#         215
  C:12AEH         LINE#         222
  C:12CEH         LINE#         224
  C:12D6H         LINE#         225
  C:12D6H         LINE#         226
  C:12DBH         LINE#         227
  C:12E1H         LINE#         228
  C:12E6H         LINE#         229
  C:12E6H         LINE#         230
  C:12E8H         LINE#         232
  C:12EDH         LINE#         237
  C:12EDH         LINE#         238
  C:12EFH         LINE#         240
  C:12EFH         LINE#         241
  C:12F4H         LINE#         242
  C:12F8H         LINE#         243
  C:12FEH         LINE#         244
  C:12FEH         LINE#         245
  C:1300H         LINE#         247
  C:1304H         LINE#         252
  C:1304H         LINE#         253
  C:1304H         LINE#         262
  C:1314H         LINE#         263
  C:1314H         LINE#         264
  C:131AH         LINE#         265
  C:1320H         LINE#         266
  C:1320H         LINE#         267
  C:1322H         LINE#         268
  C:1326H         LINE#         269
  C:1326H         LINE#         270
  C:1328H         LINE#         271
  C:1331H         LINE#         272
  C:1331H         LINE#         273
  C:1336H         LINE#         274
  C:1336H         LINE#         278
BL51 BANKED LINKER/LOCATER V6.22.4.0                                                  05/09/2026  17:01:28  PAGE 50


  C:1342H         LINE#         279
  C:1342H         LINE#         280
  C:1348H         LINE#         283
  C:134DH         LINE#         284
  C:1351H         LINE#         285
  C:1353H         LINE#         286
  C:135FH         LINE#         287
  C:135FH         LINE#         288
  C:1363H         LINE#         289
  C:1363H         LINE#         292
  C:1369H         LINE#         293
  C:1369H         LINE#         294
  C:136FH         LINE#         295
  C:136FH         LINE#         296
  C:1374H         LINE#         297
  C:1374H         LINE#         299
  C:137AH         LINE#         300
  C:137AH         LINE#         301
  C:137DH         LINE#         303
  C:137DH         LINE#         304
  C:137DH         LINE#         305
  -------         ENDPROC       CHARGE_DET
  -------         ENDMOD        CHARGE_DET

  -------         MODULE        LOW_POWER
  C:0000H         SYMBOL        _ICE_DUMMY_
  D:00BAH         PUBLIC        LP_CON
  D:008DH         PUBLIC        LP_WKCON
  D:008EH         PUBLIC        LP_WKPND
  D:00A8H         PUBLIC        IE0
  D:00A9H         PUBLIC        IE1
  D:00AAH         PUBLIC        IE2
  D:00ABH         PUBLIC        IE3
  B:00A8H.7       PUBLIC        IE_EA
  D:00B8H         PUBLIC        IP0
  D:00B1H         PUBLIC        IP1
  D:00B2H         PUBLIC        IP2
  D:00B3H         PUBLIC        IP3
  D:00B4H         PUBLIC        IP4
  D:00B5H         PUBLIC        IP5
  D:00B6H         PUBLIC        IP6
  D:00B7H         PUBLIC        IP7
  D:00D2H         PUBLIC        UART0_CON0
  D:00D1H         PUBLIC        TMR_ALLCON
  D:00ACH         PUBLIC        FLASH_TIMEREG1
  D:0099H         PUBLIC        ADC_CHS0
  C:1643H         PUBLIC        low_power_handle
  C:241CH         PUBLIC        low_power_enter_timer_callback
  X:62E3H         SYMBOL        is_low_power_enter_enable
  C:27D8H         PUBLIC        is_low_power_condition_establish
  C:137EH         PUBLIC        low_power_in
  C:1FD7H         PUBLIC        low_power_out
  C:27F0H         PUBLIC        WUT_IRQHandler
  C:2938H         SYMBOL        Com006A
  C:2938H         SYMBOL        L?0107
  C:2938H         SYMBOL        L?0108
  -------         PROC          COM006A
BL51 BANKED LINKER/LOCATER V6.22.4.0                                                  05/09/2026  17:01:28  PAGE 51


  -------         ENDPROC       COM006A
  -------         PROC          IS_LOW_POWER_CONDITION_ESTABLISH
  C:27D8H         LINE#         8
  C:27D8H         LINE#         9
  C:27D8H         LINE#         11
  C:27EFH         LINE#         12
  -------         ENDPROC       IS_LOW_POWER_CONDITION_ESTABLISH
  -------         PROC          LOW_POWER_ENTER_TIMER_CALLBACK
  -------         DO            
  X:62E1H         SYMBOL        cnt
  -------         ENDDO         
  C:241CH         LINE#         15
  C:241CH         LINE#         16
  C:241CH         LINE#         18
  C:2422H         LINE#         19
  C:2422H         LINE#         20
  C:242CH         LINE#         21
  C:243BH         LINE#         22
  C:243BH         LINE#         23
  C:243FH         LINE#         24
  C:2444H         LINE#         25
  C:2444H         LINE#         26
  C:2445H         LINE#         28
  C:2445H         LINE#         29
  C:244CH         LINE#         30
  C:2450H         LINE#         31
  C:2450H         LINE#         32
  -------         ENDPROC       LOW_POWER_ENTER_TIMER_CALLBACK
  -------         PROC          LOW_POWER_IN
  C:137EH         LINE#         34
  C:137EH         LINE#         35
  C:137EH         LINE#         40
  C:1381H         LINE#         41
  C:1384H         LINE#         42
  C:1387H         LINE#         43
  C:138AH         LINE#         45
  C:1390H         LINE#         46
  C:1396H         LINE#         48
  C:139DH         LINE#         50
  C:13A0H         LINE#         51
  C:13A6H         LINE#         53
  C:13ABH         LINE#         54
  C:13AEH         LINE#         63
  C:13B4H         LINE#         64
  C:13BAH         LINE#         66
  C:13C0H         LINE#         67
  C:13C6H         LINE#         70
  C:13CCH         LINE#         71
  C:13D0H         LINE#         72
  C:13D6H         LINE#         75
  C:13DAH         LINE#         76
  C:13E0H         LINE#         77
  C:13E4H         LINE#         78
  C:13E9H         LINE#         96
  C:13EDH         LINE#         97
  C:13F3H         LINE#         101
  C:13F8H         LINE#         102
BL51 BANKED LINKER/LOCATER V6.22.4.0                                                  05/09/2026  17:01:28  PAGE 52


  C:13FEH         LINE#         103
  C:1402H         LINE#         105
  C:1409H         LINE#         111
  C:140CH         LINE#         119
  C:1412H         LINE#         120
  C:1418H         LINE#         121
  C:141EH         LINE#         122
  C:1424H         LINE#         124
  C:1427H         LINE#         125
  C:142AH         LINE#         126
  C:142DH         LINE#         129
  C:1430H         LINE#         131
  C:1433H         LINE#         133
  C:1436H         LINE#         134
  C:1439H         LINE#         137
  C:143CH         LINE#         138
  C:143EH         LINE#         141
  C:1445H         LINE#         142
  C:1449H         LINE#         146
  C:144EH         LINE#         147
  C:1455H         LINE#         149
  C:145CH         LINE#         151
  C:1463H         LINE#         152
  C:146AH         LINE#         153
  C:146DH         LINE#         155
  C:1474H         LINE#         156
  C:147BH         LINE#         161
  C:147EH         LINE#         167
  -------         ENDPROC       LOW_POWER_IN
  -------         PROC          LOW_POWER_OUT
  C:1FD7H         LINE#         169
  C:1FD7H         LINE#         170
  C:1FD7H         LINE#         172
  C:1FDAH         LINE#         173
  C:1FE1H         LINE#         174
  C:1FE8H         LINE#         177
  C:1FEBH         LINE#         181
  C:1FF0H         LINE#         182
  C:1FF2H         LINE#         188
  C:1FF9H         LINE#         189
  C:1FFEH         LINE#         190
  C:2005H         LINE#         192
  C:200CH         LINE#         193
  C:2013H         LINE#         195
  C:2016H         LINE#         196
  C:2019H         LINE#         197
  C:2020H         LINE#         200
  -------         ENDPROC       LOW_POWER_OUT
  C:16FFH         SYMBOL        L?0105
  -------         PROC          LOW_POWER_HANDLE
  -------         DO            
  X:62E8H         SYMBOL        is_back_to_low_power
  X:62E9H         SYMBOL        adc_val
  C:165DH         SYMBOL        label_low_power_in
  -------         ENDDO         
  C:1643H         LINE#         205
  C:1643H         LINE#         206
BL51 BANKED LINKER/LOCATER V6.22.4.0                                                  05/09/2026  17:01:28  PAGE 53


  C:1643H         LINE#         207
  C:1649H         LINE#         210
  C:1656H         LINE#         211
  C:1656H         LINE#         212
  C:165DH         LINE#         213
  C:165DH         LINE#         215
  C:165DH         LINE#         217
  C:165DH         LINE#         218
  C:165DH         LINE#         220
  C:1660H         LINE#         221
  C:1663H         LINE#         224
  C:1666H         LINE#         225
  C:1669H         LINE#         227
  C:166BH         LINE#         228
  C:166BH         LINE#         229
  C:166EH         LINE#         231
  C:1676H         LINE#         232
  C:1676H         LINE#         234
  C:1676H         LINE#         236
  C:1680H         LINE#         238
  C:1680H         LINE#         240
  C:1682H         LINE#         241
  C:1682H         LINE#         242
  C:1685H         LINE#         244
  C:16B4H         LINE#         245
  C:16B4H         LINE#         246
  C:16B4H         LINE#         248
  C:16BEH         LINE#         250
  C:16BEH         LINE#         252
  C:16C3H         LINE#         253
  C:16CAH         LINE#         254
  C:16D5H         LINE#         256
  C:16D8H         LINE#         267
  C:16DDH         LINE#         268
  C:16DDH         LINE#         269
  C:16DDH         LINE#         271
  C:16E7H         LINE#         273
  C:16EAH         LINE#         274
  C:16EAH         LINE#         276
  C:16F3H         LINE#         277
  C:16F3H         LINE#         281
  C:16F3H         LINE#         282
  C:16F3H         LINE#         285
  C:16F7H         LINE#         286
  C:16FBH         LINE#         287
  C:16FEH         LINE#         288
  -------         ENDPROC       LOW_POWER_HANDLE
  -------         PROC          WUT_IRQHANDLER
  C:27F0H         LINE#         291
  C:27F6H         LINE#         294
  C:27F6H         LINE#         299
  C:27FDH         LINE#         300
  C:27FDH         LINE#         301
  C:2801H         LINE#         302
  C:2801H         LINE#         305
  C:2801H         LINE#         306
  -------         ENDPROC       WUT_IRQHANDLER
BL51 BANKED LINKER/LOCATER V6.22.4.0                                                  05/09/2026  17:01:28  PAGE 54


  -------         ENDMOD        LOW_POWER

  -------         MODULE        ?C?COPY
  C:011EH         PUBLIC        ?C?COPY
  -------         ENDMOD        ?C?COPY

  -------         MODULE        ?C?CLDPTR
  C:0144H         PUBLIC        ?C?CLDPTR
  -------         ENDMOD        ?C?CLDPTR

  -------         MODULE        ?C?CLDOPTR
  C:015DH         PUBLIC        ?C?CLDOPTR
  -------         ENDMOD        ?C?CLDOPTR

  -------         MODULE        ?C?CILDOPTR
  C:018AH         PUBLIC        ?C?CILDOPTR
  -------         ENDMOD        ?C?CILDOPTR

  -------         MODULE        ?C?CSTOPTR
  C:01BDH         PUBLIC        ?C?CSTOPTR
  -------         ENDMOD        ?C?CSTOPTR

  -------         MODULE        ?C?UIDIV
  C:01DFH         PUBLIC        ?C?UIDIV
  -------         ENDMOD        ?C?UIDIV

  -------         MODULE        ?C?IILDX
  C:0234H         PUBLIC        ?C?IILDX
  -------         ENDMOD        ?C?IILDX

  -------         MODULE        ?C?LADD
  C:024AH         PUBLIC        ?C?LADD
  -------         ENDMOD        ?C?LADD

  -------         MODULE        ?C?ULDIV
  C:0293H         PUBLIC        ?C?ULDIV
  -------         ENDMOD        ?C?ULDIV

  -------         MODULE        ?C?SLCMP
  C:0325H         PUBLIC        ?C?SLCMP
  -------         ENDMOD        ?C?SLCMP

  -------         MODULE        ?C?ULCMP
  C:033BH         PUBLIC        ?C?ULCMP
  -------         ENDMOD        ?C?ULCMP

  -------         MODULE        ?C?LLDXDATA
  C:034CH         PUBLIC        ?C?LLDXDATA
  -------         ENDMOD        ?C?LLDXDATA

  -------         MODULE        ?C?LLDXDATA0
  C:0358H         PUBLIC        ?C?LLDXDATA0
  -------         ENDMOD        ?C?LLDXDATA0

  -------         MODULE        ?C?LSTXDATA
  C:0364H         PUBLIC        ?C?LSTXDATA
  -------         ENDMOD        ?C?LSTXDATA
BL51 BANKED LINKER/LOCATER V6.22.4.0                                                  05/09/2026  17:01:28  PAGE 55



  -------         MODULE        ?C?LSTKXDATA
  C:0370H         PUBLIC        ?C?LSTKXDATA
  -------         ENDMOD        ?C?LSTKXDATA

  -------         MODULE        ?C?PLDXDATA
  C:03A1H         PUBLIC        ?C?PLDXDATA
  -------         ENDMOD        ?C?PLDXDATA

  -------         MODULE        ?C?PSTXDATA
  C:03AAH         PUBLIC        ?C?PSTXDATA
  -------         ENDMOD        ?C?PSTXDATA

  -------         MODULE        ?C?PLDOPTR
  C:03B3H         PUBLIC        ?C?PLDOPTR
  -------         ENDMOD        ?C?PLDOPTR

  -------         MODULE        ?C?CCASE
  C:03E3H         PUBLIC        ?C?CCASE
  -------         ENDMOD        ?C?CCASE

  -------         MODULE        ?C?ICALL
  C:0409H         PUBLIC        ?C?ICALL
  C:040DH         PUBLIC        ?C?ICALL2
  -------         ENDMOD        ?C?ICALL

  -------         MODULE        ?C?LIMUL
  C:040FH         PUBLIC        ?C?LIMUL
  -------         ENDMOD        ?C?LIMUL

  -------         MODULE        PRINTF
  X:6243H         PUBLIC        ?_PRINTF517?BYTE
  X:6243H         PUBLIC        ?_PRINTF?BYTE
  X:6243H         PUBLIC        ?_SPRINTF517?BYTE
  X:6243H         PUBLIC        ?_SPRINTF?BYTE
  C:051AH         PUBLIC        _PRINTF
  C:051AH         PUBLIC        _PRINTF517
  C:0514H         PUBLIC        _SPRINTF
  C:0514H         PUBLIC        _SPRINTF517
  -------         ENDMOD        PRINTF

  -------         MODULE        ?C?MEMSET
  C:043CH         PUBLIC        ?C?MEMSET
  -------         ENDMOD        ?C?MEMSET

  -------         MODULE        ?C?CSTPTR
  C:0468H         PUBLIC        ?C?CSTPTR
  -------         ENDMOD        ?C?CSTPTR

  -------         MODULE        ?C?PLDIDATA
  C:047AH         PUBLIC        ?C?PLDIDATA
  -------         ENDMOD        ?C?PLDIDATA

  -------         MODULE        ?C?PLDIXDATA
  C:0483H         PUBLIC        ?C?PLDIXDATA
  -------         ENDMOD        ?C?PLDIXDATA

BL51 BANKED LINKER/LOCATER V6.22.4.0                                                  05/09/2026  17:01:28  PAGE 56


  -------         MODULE        ?C?PLDPDATA
  C:049AH         PUBLIC        ?C?PLDPDATA
  -------         ENDMOD        ?C?PLDPDATA

  -------         MODULE        ?C?PLDCODE
  C:04A3H         PUBLIC        ?C?PLDCODE
  -------         ENDMOD        ?C?PLDCODE

*** WARNING L16: UNCALLED SEGMENT, IGNORED FOR OVERLAY PROCESS
    SEGMENT: ?PR?USER_DEBUG_PIN_INIT?USER_TEST

*** WARNING L16: UNCALLED SEGMENT, IGNORED FOR OVERLAY PROCESS
    SEGMENT: ?PR?_USER_TEST_INIT_BY_VOLTAGE_MV?BATTERY_MONITOR

*** WARNING L16: UNCALLED SEGMENT, IGNORED FOR OVERLAY PROCESS
    SEGMENT: ?PR?CHARGE_DET?CHARGE_DET

*** WARNING L16: UNCALLED SEGMENT, IGNORED FOR OVERLAY PROCESS
    SEGMENT: ?PR?LOW_POWER_HANDLE?LOW_POWER

Program Size: data=15.6 xdata=751 code=10564
LINK/LOCATE RUN COMPLETE.  4 WARNING(S),  0 ERROR(S)
