BL51 BANKED LINKER/LOCATER V6.22.4.0                                                    06/05/2026  18:46:04  PAGE 1


BL51 BANKED LINKER/LOCATER V6.22.4.0, INVOKED BY:
C:\KEIL_V5\C51\BIN\BL51.EXE .\Release\Objects\STARTUP.obj, .\Release\Objects\system.obj, .\Release\Objects\adc.obj, .\Re
>> lease\Objects\pwm.obj, .\Release\Objects\timer0.obj, .\Release\Objects\timer1.obj, .\Release\Objects\uart0.obj, .\Rel
>> ease\Objects\main.obj, .\Release\Objects\uart_data_handle.obj, .\Release\Objects\key_driver.obj, .\Release\Objects\ad
>> _key.obj, .\Release\Objects\user_test.obj, .\Release\Objects\led.obj, .\Release\Objects\battery_monitor.obj, .\Releas
>> e\Objects\bluetooth_ic_handle.obj, .\Release\Objects\charge_det.obj, .\Release\Objects\low_power.obj TO .\Release\Obj
>> ects\Demo PRINT (.\Release\Listings\Demo.m51) RAMSIZE (256) CODE (0X0000-0X3EEF) XDATA (0X6000-0X66FF)


MEMORY MODEL: LARGE


INPUT MODULES INCLUDED:
  .\Release\Objects\STARTUP.obj (?C_STARTUP)
  .\Release\Objects\system.obj (SYSTEM)
  .\Release\Objects\adc.obj (ADC)
  .\Release\Objects\pwm.obj (PWM)
  .\Release\Objects\timer0.obj (TIMER0)
  .\Release\Objects\timer1.obj (TIMER1)
  .\Release\Objects\uart0.obj (UART0)
  .\Release\Objects\main.obj (MAIN)
  .\Release\Objects\uart_data_handle.obj (UART_DATA_HANDLE)
  .\Release\Objects\key_driver.obj (KEY_DRIVER)
  .\Release\Objects\ad_key.obj (AD_KEY)
  .\Release\Objects\user_test.obj (USER_TEST)
  .\Release\Objects\led.obj (LED)
  .\Release\Objects\battery_monitor.obj (BATTERY_MONITOR)
  .\Release\Objects\bluetooth_ic_handle.obj (BLUETOOTH_IC_HANDLE)
  .\Release\Objects\charge_det.obj (CHARGE_DET)
  .\Release\Objects\low_power.obj (LOW_POWER)
  C:\KEIL_V5\C51\LIB\C51L.LIB (?C_INIT)
  C:\KEIL_V5\C51\LIB\C51L.LIB (?C?COPY)
  C:\KEIL_V5\C51\LIB\C51L.LIB (?C?CLDPTR)
  C:\KEIL_V5\C51\LIB\C51L.LIB (?C?CLDOPTR)
  C:\KEIL_V5\C51\LIB\C51L.LIB (?C?CILDOPTR)
  C:\KEIL_V5\C51\LIB\C51L.LIB (?C?CSTOPTR)
  C:\KEIL_V5\C51\LIB\C51L.LIB (?C?UIDIV)
  C:\KEIL_V5\C51\LIB\C51L.LIB (?C?IILDX)
  C:\KEIL_V5\C51\LIB\C51L.LIB (?C?LADD)
  C:\KEIL_V5\C51\LIB\C51L.LIB (?C?ULDIV)
  C:\KEIL_V5\C51\LIB\C51L.LIB (?C?SLCMP)
  C:\KEIL_V5\C51\LIB\C51L.LIB (?C?ULCMP)
  C:\KEIL_V5\C51\LIB\C51L.LIB (?C?LLDXDATA)
  C:\KEIL_V5\C51\LIB\C51L.LIB (?C?LLDXDATA0)
  C:\KEIL_V5\C51\LIB\C51L.LIB (?C?LSTXDATA)
  C:\KEIL_V5\C51\LIB\C51L.LIB (?C?LSTKXDATA)
  C:\KEIL_V5\C51\LIB\C51L.LIB (?C?PLDXDATA)
  C:\KEIL_V5\C51\LIB\C51L.LIB (?C?PSTXDATA)
  C:\KEIL_V5\C51\LIB\C51L.LIB (?C?PLDOPTR)
  C:\KEIL_V5\C51\LIB\C51L.LIB (?C?CCASE)
  C:\KEIL_V5\C51\LIB\C51L.LIB (?C?ICALL)
  C:\KEIL_V5\C51\LIB\C51L.LIB (?C?LIMUL)
  C:\KEIL_V5\C51\LIB\C51L.LIB (PRINTF)
  C:\KEIL_V5\C51\LIB\C51L.LIB (?C?MEMSET)
  C:\KEIL_V5\C51\LIB\C51L.LIB (?C?CSTPTR)
  C:\KEIL_V5\C51\LIB\C51L.LIB (?C?PLDIDATA)
  C:\KEIL_V5\C51\LIB\C51L.LIB (?C?PLDIXDATA)
  C:\KEIL_V5\C51\LIB\C51L.LIB (?C?PLDPDATA)
BL51 BANKED LINKER/LOCATER V6.22.4.0                                                  06/05/2026  18:46:04  PAGE 2


  C:\KEIL_V5\C51\LIB\C51L.LIB (?C?PLDCODE)


LINK MAP OF MODULE:  .\Release\Objects\Demo (?C_STARTUP)


            TYPE    BASE      LENGTH    RELOCATION   SEGMENT NAME
            -----------------------------------------------------

            * * * * * * *   D A T A   M E M O R Y   * * * * * * *
            REG     0000H     0008H     ABSOLUTE     "REG BANK 0"
            DATA    0008H     0005H     UNIT         _DATA_GROUP_
                    000DH     0013H                  *** GAP ***
            BIT     0020H.0   0001H.1   UNIT         _BIT_GROUP_
            BIT     0021H.1   0000H.4   UNIT         ?BI?ADC
            BIT     0021H.5   0000H.1   UNIT         ?BI?CHARGE_DET
                    0021H.6   0000H.2                *** GAP ***
            IDATA   0022H     0001H     UNIT         ?STACK

            * * * * * * *  X D A T A   M E M O R Y  * * * * * * *
                    0000H     6000H                  *** GAP ***
            XDATA   6000H     0206H     UNIT         ?XD?UART0
            XDATA   6206H     0039H     UNIT         ?XD?AD_KEY
            XDATA   623FH     0039H     UNIT         _XDATA_GROUP_
            XDATA   6278H     0033H     UNIT         ?XD?BATTERY_MONITOR
            XDATA   62ABH     0026H     UNIT         ?XD?CHARGE_DET
            XDATA   62D1H     001AH     UNIT         ?XD?UART_DATA_HANDLE
            XDATA   62EBH     0013H     UNIT         ?XD?LED
            XDATA   62FEH     0009H     UNIT         ?XD?ADC
            XDATA   6307H     0004H     UNIT         ?XD?KEY_DRIVER
            XDATA   630BH     0004H     UNIT         ?XD?LOW_POWER
            XDATA   630FH     0003H     UNIT         ?XD?USER_TEST
            XDATA   6312H     0002H     UNIT         ?XD?BLUETOOTH_IC_HANDLE

            * * * * * * *   C O D E   M E M O R Y   * * * * * * *
            CODE    0000H     0003H     ABSOLUTE     
            CODE    0003H     000CH     ABSOLUTE     
            CODE    000FH     000FH     UNIT         ?PR?UART_RECEIVER_TIMEOUT_ADD?UART_DATA_HANDLE
            CODE    001EH     0003H     ABSOLUTE     
            CODE    0021H     0003H     ABSOLUTE     
            CODE    0024H     001BH     UNIT         ?PR?_ADC_CLEAR_UPDATE_FLAG?ADC
            CODE    003FH     0003H     ABSOLUTE     
            CODE    0042H     0003H     ABSOLUTE     
            CODE    0045H     0004H     UNIT         ?PR?LED_SUSPEND?LED
                    0049H     0002H                  *** GAP ***
            CODE    004BH     0003H     ABSOLUTE     
            CODE    004EH     0461H     UNIT         ?C?LIB_CODE
            CODE    04AFH     0373H     UNIT         ?C_INITSEG
            CODE    0822H     0365H     UNIT         ?PR?PRINTF?PRINTF
            CODE    0B87H     01BDH     UNIT         ?PR?LED_BAT_INSTRUCTION_TIMER_CALLBACK?LED
            CODE    0D44H     01AAH     UNIT         ?PR?DETECT_1KHZ_SIGNAL_100US?CHARGE_DET
            CODE    0EEEH     0193H     UNIT         ?PR?_KEY_DRIVER_SCAN?KEY_DRIVER
            CODE    1081H     0164H     UNIT         ?PR?BATTERY_MONITOR_HANDLE?BATTERY_MONITOR
            CODE    11E5H     0157H     UNIT         ?PR?DETECT_DISCHARGE_1KHZ_SIGNAL_100US?CHARGE_DET
            CODE    133CH     010BH     UNIT         ?PR?LOW_POWER_IN?LOW_POWER
            CODE    1447H     00FAH     UNIT         ?PR?LED_RED_BLUE_FLASH_1MS_ISR?LED
            CODE    1541H     00F8H     UNIT         ?PR?CHARGE_DET?CHARGE_DET
BL51 BANKED LINKER/LOCATER V6.22.4.0                                                  06/05/2026  18:46:04  PAGE 3


            CODE    1639H     00DAH     UNIT         ?CO?UART_DATA_HANDLE
            CODE    1713H     00CFH     UNIT         ?PR?SYSTEM_INIT?SYSTEM
            CODE    17E2H     00C4H     UNIT         ?PR?LOW_POWER_HANDLE?LOW_POWER
            CODE    18A6H     00BBH     UNIT         ?PR?LED
            CODE    1961H     00BAH     UNIT         ?PR?BATTERY_VOLTAGE_UPDATE_BY_ISR?BATTERY_MONITOR
            CODE    1A1BH     00B5H     UNIT         ?PR?UART_DATA_HANDLE?UART_DATA_HANDLE
            CODE    1AD0H     00A9H     UNIT         ?PR?_UART_RECEIVER_PROCESS_BYTE?UART_DATA_HANDLE
            CODE    1B79H     00A6H     UNIT         ?PR?LED_SLOW_ADJUST_ISR?LED
            CODE    1C1FH     009BH     UNIT         ?PR?AD_KEY_HANDLE?AD_KEY
            CODE    1CBAH     008CH     UNIT         ?C_C51STARTUP
            CODE    1D46H     008BH     UNIT         ?PR?PWM_INIT?PWM
            CODE    1DD1H     008AH     UNIT         ?PR?ADC_IRQHANDLER?ADC
            CODE    1E5BH     006FH     UNIT         ?PR?TIMR0_IRQHANDLER?TIMER0
            CODE    1ECAH     0069H     UNIT         ?PR?ADC_SCAN?ADC
            CODE    1F33H     0069H     UNIT         ?PR?_LED_STATUS_SET?LED
            CODE    1F9CH     0059H     UNIT         ?PR?UART_RECEIVER_TIMEOUT_HANDLER?UART_DATA_HANDLE
            CODE    1FF5H     004FH     UNIT         ?CO?LOW_POWER
            CODE    2044H     004EH     UNIT         ?PR?LED_INIT?LED
            CODE    2092H     004DH     UNIT         ?PR?MAIN?MAIN
            CODE    20DFH     004CH     UNIT         ?PR?_AD_KEY_VAL_TO_AD_KEY_INDEX?AD_KEY
            CODE    212BH     004CH     UNIT         ?PR?LOW_POWER_OUT?LOW_POWER
            CODE    2177H     004BH     UNIT         ?PR?_ADC_CHANNEL_SEL?ADC
            CODE    21C2H     004BH     UNIT         ?PR?SEND_LOW_BAT_TIMER_CALLBACK?BATTERY_MONITOR
            CODE    220DH     004AH     UNIT         ?PR?_AD_KEY_GET_EVENT?AD_KEY
            CODE    2257H     004AH     UNIT         ?PR?BATTERY_MONITOR
            CODE    22A1H     0048H     UNIT         ?PR?TIMR1_IRQHANDLER?TIMER1
            CODE    22E9H     0048H     UNIT         ?PR?_GET_BATTERY_PERCENTAGE_BY_VOLTAGE?BATTERY_MONITOR
            CODE    2331H     0046H     UNIT         ?PR?BAT_VOL_HISTORY_BUFF_GET_AVG?BATTERY_MONITOR
            CODE    2377H     0045H     UNIT         ?PR?_UART_DATA_SEND_CMD?UART_DATA_HANDLE
            CODE    23BCH     0041H     UNIT         ?PR?_UART0_RXBUFFER_PUT_BYTE?UART0
            CODE    23FDH     0041H     UNIT         ?PR?_GET_BATTERY_VOLTAGE_BY_ADC?BATTERY_MONITOR
            CODE    243EH     003DH     UNIT         ?PR?_ADC_UPDATE_VAL?ADC
            CODE    247BH     003CH     UNIT         ?PR?UART0_RXBUFFER_GET_BYTE?UART0
            CODE    24B7H     003AH     UNIT         ?PR?UART0_INIT?UART0
            CODE    24F1H     0039H     UNIT         ?PR?BAT_VOL_UPDATE_TIMER_CALLBACK?BATTERY_MONITOR
            CODE    252AH     0038H     UNIT         ?PR?LED_RESUME?LED
            CODE    2562H     0037H     UNIT         ?PR?UART_DATA_HANDLE
            CODE    2599H     0036H     UNIT         ?PR?UART_RECEIVER_PROCESS_CHECKSUM?UART_DATA_HANDLE
            CODE    25CFH     0035H     UNIT         ?PR?LOW_POWER_ENTER_TIMER_CALLBACK?LOW_POWER
            CODE    2604H     0034H     UNIT         ?PR?UART0_IRQHANDLER?UART0
            CODE    2638H     0033H     UNIT         ?PR?AD_KEY_GET_KEY_VAL?AD_KEY
            CODE    266BH     002EH     UNIT         ?PR?_ADC_GET_VAL?ADC
            CODE    2699H     002EH     UNIT         ?PR?ADC
            CODE    26C7H     002DH     UNIT         ?PR?USER_INIT?MAIN
            CODE    26F4H     002AH     UNIT         ?PR?LED_STATUS_SWITCH?LED
            CODE    271EH     0029H     UNIT         ?PR?BAT_VOL_BUFF_GET_AVG_TIMER_CALLBACK?BATTERY_MONITOR
            CODE    2747H     0029H     UNIT         ?CO?BLUETOOTH_IC_HANDLE
            CODE    2770H     0028H     UNIT         ?PR?BAT_VOL_BUFF_ADD_TIMER_CALLBACK?BATTERY_MONITOR
            CODE    2798H     0025H     UNIT         ?PR?_ADC_GET_UPDATE_FLAG?ADC
            CODE    27BDH     0023H     UNIT         ?PR?_UART0_SENDBUF?UART0
            CODE    27E0H     0022H     UNIT         ?PR?ADC_INIT?ADC
            CODE    2802H     0022H     UNIT         ?PR?_BAT_VOL_HISTORY_BUFF_ADD?BATTERY_MONITOR
            CODE    2824H     0021H     UNIT         ?PR?KEY_DRIVER
            CODE    2845H     0021H     UNIT         ?PR?DEBUG_TIME_ADD?USER_TEST
            CODE    2866H     0021H     UNIT         ?PR?CHARGE_DET
            CODE    2887H     001EH     UNIT         ?PR?IS_LOW_POWER_CONDITION_ESTABLISH?LOW_POWER
            CODE    28A5H     001DH     UNIT         ?PR?BLE_IC_ENABLE?BLUETOOTH_IC_HANDLE
BL51 BANKED LINKER/LOCATER V6.22.4.0                                                  06/05/2026  18:46:04  PAGE 4


            CODE    28C2H     001BH     UNIT         ?PR?TIMER0_INIT?TIMER0
            CODE    28DDH     001BH     UNIT         ?PR?TIMER1_INIT?TIMER1
            CODE    28F8H     001AH     UNIT         ?PR?BLUETOOTH_IC_HANDLE_INIT?BLUETOOTH_IC_HANDLE
            CODE    2912H     0019H     UNIT         ?PR?CHARGE_DET_INIT?CHARGE_DET
            CODE    292BH     0018H     UNIT         ?PR?_DELAY_MS?SYSTEM
            CODE    2943H     0018H     UNIT         ?PR?WUT_IRQHANDLER?LOW_POWER
            CODE    295BH     0017H     UNIT         ?PR?ADC_GET_VAL_ONCE?ADC
            CODE    2972H     0017H     UNIT         ?PR?BAT_PERCENT_UPDATE_TIME_ADD?BATTERY_MONITOR
            CODE    2989H     0016H     UNIT         ?PR?PWM
            CODE    299FH     0016H     UNIT         ?PR?_BAT_VOL_HISTORY_BUFF_INIT?BATTERY_MONITOR
            CODE    29B5H     0015H     UNIT         ?PR?BAT_PERCENT_UPDATE_TIME_IS_COMES?BATTERY_MONITOR
            CODE    29CAH     0012H     UNIT         ?PR?ADC_INIT_WHEN_LOW_PWR_OUT?ADC
            CODE    29DCH     0012H     UNIT         ?PR?UART_RECEIVER_RESET?UART_DATA_HANDLE
            CODE    29EEH     0012H     UNIT         ?PR?USER_DEBUG_PIN_INIT?USER_TEST
            CODE    2A00H     0012H     UNIT         ?CO?BATTERY_MONITOR
            CODE    2A12H     0011H     UNIT         ?PR?ADC_PIN_INIT?ADC
            CODE    2A23H     0010H     UNIT         ?PR?BLE_IC_DISABLE_POST?BLUETOOTH_IC_HANDLE
            CODE    2A33H     000FH     UNIT         ?PR?AD_KEY
            CODE    2A42H     000FH     UNIT         ?PR?LED_CTL_INIT?LED
            CODE    2A51H     000EH     UNIT         ?PR?BLE_IC_DISABLE_PRE?BLUETOOTH_IC_HANDLE
            CODE    2A5FH     000DH     UNIT         ?PR?LED_YELLOW_ON?LED
            CODE    2A6CH     000DH     UNIT         ?PR?__LED_YELLOW_RESUME__?LED
            CODE    2A79H     000DH     UNIT         ?PR?LED_WHITE_ON?LED
            CODE    2A86H     000DH     UNIT         ?PR?__LED_WHITE_RESUME__?LED
            CODE    2A93H     000BH     UNIT         ?PR?_DELAY?SYSTEM
            CODE    2A9EH     000AH     UNIT         ?CO?MAIN
            CODE    2AA8H     0009H     UNIT         ?PR?_PWM_SET_CHANNEL_0_DUTY?PWM
            CODE    2AB1H     0009H     UNIT         ?PR?_PWM_SET_CHANNEL_1_DUTY?PWM
            CODE    2ABAH     0009H     UNIT         ?PR?UART0_RXBUFFER_GET_COUNT?UART0
            CODE    2AC3H     0008H     UNIT         ?PR?_PUTCHAR?UART0
            CODE    2ACBH     0008H     UNIT         ?PR?_UART0_SENDBYTE?UART0
            CODE    2AD3H     0008H     UNIT         ?PR?LED_YELLOW_OFF?LED
            CODE    2ADBH     0008H     UNIT         ?PR?LED_WHITE_OFF?LED
            CODE    2AE3H     0008H     UNIT         ?PR?BAT_PERCENT_UPDATE_TIME_RESET?BATTERY_MONITOR
            CODE    2AEBH     0007H     UNIT         ?PR?UART0
            CODE    2AF2H     0003H     UNIT         ?PR?CHARGE_DET_TIME_ADD?CHARGE_DET



OVERLAY MAP OF MODULE:   .\Release\Objects\Demo (?C_STARTUP)


SEGMENT                                             BIT_GROUP          DATA_GROUP          XDATA_GROUP
  +--> CALLED SEGMENT                            START    LENGTH     START    LENGTH     START    LENGTH
--------------------------------------------------------------------------------------------------------
?C_C51STARTUP                                    -----    -----      -----    -----      -----    -----
  +--> ?PR?MAIN?MAIN
  +--> ?C_INITSEG

?PR?MAIN?MAIN                                    -----    -----      -----    -----      -----    -----
  +--> ?PR?SYSTEM_INIT?SYSTEM
  +--> ?PR?USER_INIT?MAIN
  +--> ?PR?_DELAY_MS?SYSTEM
  +--> ?PR?_KEY_DRIVER_SCAN?KEY_DRIVER
  +--> ?PR?AD_KEY_HANDLE?AD_KEY
  +--> ?PR?UART_DATA_HANDLE?UART_DATA_HANDLE
  +--> ?PR?BATTERY_MONITOR_HANDLE?BATTERY_MO...
BL51 BANKED LINKER/LOCATER V6.22.4.0                                                  06/05/2026  18:46:04  PAGE 5


  +--> ?PR?CHARGE_DET?CHARGE_DET
  +--> ?PR?LOW_POWER_HANDLE?LOW_POWER

?PR?SYSTEM_INIT?SYSTEM                           -----    -----      -----    -----      -----    -----
  +--> ?PR?_DELAY?SYSTEM
  +--> ?PR?_DELAY_MS?SYSTEM

?PR?_DELAY_MS?SYSTEM                             -----    -----      -----    -----      -----    -----
  +--> ?PR?_DELAY?SYSTEM

?PR?USER_INIT?MAIN                               -----    -----      -----    -----      -----    -----
  +--> ?PR?ADC_PIN_INIT?ADC
  +--> ?PR?ADC_INIT?ADC
  +--> ?PR?LED_INIT?LED
  +--> ?PR?UART0_INIT?UART0
  +--> ?PR?PWM_INIT?PWM
  +--> ?PR?BLUETOOTH_IC_HANDLE_INIT?BLUETOOT...
  +--> ?PR?UART_RECEIVER_RESET?UART_DATA_HANDLE
  +--> ?PR?LED_CTL_INIT?LED
  +--> ?PR?CHARGE_DET_INIT?CHARGE_DET
  +--> ?PR?TIMER0_INIT?TIMER0
  +--> ?PR?TIMER1_INIT?TIMER1
  +--> ?PR?USER_DEBUG_PIN_INIT?USER_TEST
  +--> ?CO?MAIN
  +--> ?PR?PRINTF?PRINTF

?PR?ADC_INIT?ADC                                 -----    -----      -----    -----      -----    -----
  +--> ?PR?_DELAY_MS?SYSTEM

?PR?LED_INIT?LED                                 -----    -----      -----    -----      -----    -----
  +--> ?PR?LED

?PR?LED                                          -----    -----      -----    -----      -----    -----
  +--> ?PR?LED_YELLOW_OFF?LED
  +--> ?PR?LED_WHITE_OFF?LED

?PR?PWM_INIT?PWM                                 -----    -----      -----    -----      -----    -----
  +--> ?PR?PWM

?PR?PRINTF?PRINTF                                0020H.0  0001H.1    0008H    0005H      6242H    0028H
  +--> ?PR?_PUTCHAR?UART0

?PR?_KEY_DRIVER_SCAN?KEY_DRIVER                  -----    -----      -----    -----      623FH    0002H
  +--> ?PR?KEY_DRIVER

?PR?AD_KEY_HANDLE?AD_KEY                         -----    -----      -----    -----      623FH    0001H
  +--> ?PR?_AD_KEY_GET_EVENT?AD_KEY
  +--> ?PR?LED_STATUS_SWITCH?LED
  +--> ?PR?_UART_DATA_SEND_CMD?UART_DATA_HANDLE
  +--> ?PR?BLE_IC_DISABLE_PRE?BLUETOOTH_IC_H...
  +--> ?PR?BLE_IC_ENABLE?BLUETOOTH_IC_HANDLE

?PR?_AD_KEY_GET_EVENT?AD_KEY                     -----    -----      -----    -----      -----    -----
  +--> ?PR?AD_KEY

?PR?LED_STATUS_SWITCH?LED                        -----    -----      -----    -----      -----    -----
  +--> ?PR?_LED_STATUS_SET?LED
BL51 BANKED LINKER/LOCATER V6.22.4.0                                                  06/05/2026  18:46:04  PAGE 6



?PR?_LED_STATUS_SET?LED                          -----    -----      -----    -----      6240H    0001H
  +--> ?PR?LED
  +--> ?PR?LED_YELLOW_OFF?LED
  +--> ?PR?LED_WHITE_ON?LED
  +--> ?PR?LED_YELLOW_ON?LED
  +--> ?PR?LED_WHITE_OFF?LED

?PR?LED_WHITE_ON?LED                             -----    -----      -----    -----      -----    -----
  +--> ?PR?_PWM_SET_CHANNEL_1_DUTY?PWM

?PR?_PWM_SET_CHANNEL_1_DUTY?PWM                  -----    -----      -----    -----      -----    -----
  +--> ?PR?PWM

?PR?LED_YELLOW_ON?LED                            -----    -----      -----    -----      -----    -----
  +--> ?PR?_PWM_SET_CHANNEL_0_DUTY?PWM

?PR?_PWM_SET_CHANNEL_0_DUTY?PWM                  -----    -----      -----    -----      -----    -----
  +--> ?PR?PWM

?PR?_UART_DATA_SEND_CMD?UART_DATA_HANDLE         -----    -----      -----    -----      6240H    0009H
  +--> ?CO?UART_DATA_HANDLE
  +--> ?PR?_UART0_SENDBUF?UART0

?PR?_UART0_SENDBUF?UART0                         -----    -----      -----    -----      6249H    0003H
  +--> ?PR?_UART0_SENDBYTE?UART0

?PR?BLE_IC_DISABLE_PRE?BLUETOOTH_IC_H...         -----    -----      -----    -----      -----    -----
  +--> ?PR?_UART_DATA_SEND_CMD?UART_DATA_HANDLE
  +--> ?CO?BLUETOOTH_IC_HANDLE
  +--> ?PR?PRINTF?PRINTF

?PR?BLE_IC_ENABLE?BLUETOOTH_IC_HANDLE            -----    -----      -----    -----      -----    -----
  +--> ?PR?_DELAY_MS?SYSTEM
  +--> ?PR?_UART_DATA_SEND_CMD?UART_DATA_HANDLE
  +--> ?CO?BLUETOOTH_IC_HANDLE
  +--> ?PR?PRINTF?PRINTF

?PR?UART_DATA_HANDLE?UART_DATA_HANDLE            -----    -----      -----    -----      623FH    0002H
  +--> ?PR?UART_RECEIVER_RESET?UART_DATA_HANDLE
  +--> ?PR?UART_RECEIVER_TIMEOUT_HANDLER?UAR...
  +--> ?PR?UART0_RXBUFFER_GET_COUNT?UART0
  +--> ?PR?UART0_RXBUFFER_GET_BYTE?UART0
  +--> ?PR?_UART_RECEIVER_PROCESS_BYTE?UART_...
  +--> ?CO?UART_DATA_HANDLE
  +--> ?PR?PRINTF?PRINTF
  +--> ?PR?UART_DATA_HANDLE
  +--> ?PR?BLE_IC_DISABLE_POST?BLUETOOTH_IC_...

?PR?UART_RECEIVER_TIMEOUT_HANDLER?UAR...         -----    -----      -----    -----      6241H    0001H
  +--> ?CO?UART_DATA_HANDLE
  +--> ?PR?UART_DATA_HANDLE
  +--> ?PR?PRINTF?PRINTF
  +--> ?PR?UART_RECEIVER_RESET?UART_DATA_HANDLE

?PR?UART0_RXBUFFER_GET_BYTE?UART0                -----    -----      -----    -----      -----    -----
  +--> ?PR?UART0
BL51 BANKED LINKER/LOCATER V6.22.4.0                                                  06/05/2026  18:46:04  PAGE 7



?PR?_UART_RECEIVER_PROCESS_BYTE?UART_...         -----    -----      -----    -----      6241H    0001H
  +--> ?PR?UART_DATA_HANDLE
  +--> ?PR?UART_RECEIVER_PROCESS_CHECKSUM?UA...

?PR?UART_RECEIVER_PROCESS_CHECKSUM?UA...         -----    -----      -----    -----      -----    -----
  +--> ?PR?UART_DATA_HANDLE
  +--> ?CO?UART_DATA_HANDLE
  +--> ?PR?PRINTF?PRINTF

?PR?BLE_IC_DISABLE_POST?BLUETOOTH_IC_...         -----    -----      -----    -----      -----    -----
  +--> ?CO?BLUETOOTH_IC_HANDLE
  +--> ?PR?PRINTF?PRINTF

?PR?BATTERY_MONITOR_HANDLE?BATTERY_MO...         -----    -----      -----    -----      -----    -----
  +--> ?PR?_BAT_VOL_HISTORY_BUFF_ADD?BATTERY...
  +--> ?PR?BAT_VOL_HISTORY_BUFF_GET_AVG?BATT...
  +--> ?PR?BATTERY_MONITOR
  +--> ?PR?_GET_BATTERY_PERCENTAGE_BY_VOLTAG...
  +--> ?PR?BAT_PERCENT_UPDATE_TIME_IS_COMES?...
  +--> ?PR?BAT_PERCENT_UPDATE_TIME_RESET?BAT...
  +--> ?PR?_LED_STATUS_SET?LED
  +--> ?PR?_UART_DATA_SEND_CMD?UART_DATA_HANDLE
  +--> ?PR?_DELAY_MS?SYSTEM
  +--> ?PR?BLE_IC_DISABLE_PRE?BLUETOOTH_IC_H...
  +--> ?CO?BATTERY_MONITOR
  +--> ?PR?PRINTF?PRINTF
  +--> ?PR?BLE_IC_ENABLE?BLUETOOTH_IC_HANDLE

?PR?_BAT_VOL_HISTORY_BUFF_ADD?BATTERY...         -----    -----      -----    -----      -----    -----
  +--> ?PR?BATTERY_MONITOR

?PR?BAT_VOL_HISTORY_BUFF_GET_AVG?BATT...         -----    -----      -----    -----      623FH    0005H
  +--> ?PR?BATTERY_MONITOR

?PR?_GET_BATTERY_PERCENTAGE_BY_VOLTAG...         -----    -----      -----    -----      6270H    0004H

?PR?CHARGE_DET?CHARGE_DET                        -----    -----      -----    -----      623FH    0002H
  +--> ?PR?_ADC_GET_UPDATE_FLAG?ADC
  +--> ?PR?_ADC_CLEAR_UPDATE_FLAG?ADC
  +--> ?PR?_ADC_GET_VAL?ADC

?PR?LOW_POWER_HANDLE?LOW_POWER                   -----    -----      -----    -----      623FH    0001H
  +--> ?CO?LOW_POWER
  +--> ?PR?PRINTF?PRINTF
  +--> ?PR?LOW_POWER_IN?LOW_POWER
  +--> ?PR?LOW_POWER_OUT?LOW_POWER
  +--> ?PR?UART0_INIT?UART0
  +--> ?PR?ADC_PIN_INIT?ADC
  +--> ?PR?ADC_INIT_WHEN_LOW_PWR_OUT?ADC
  +--> ?PR?USER_INIT?MAIN
  +--> ?PR?_ADC_CHANNEL_SEL?ADC
  +--> ?PR?_DELAY_MS?SYSTEM
  +--> ?PR?ADC_GET_VAL_ONCE?ADC

?PR?LOW_POWER_IN?LOW_POWER                       -----    -----      -----    -----      -----    -----
  +--> ?PR?_DELAY_MS?SYSTEM
BL51 BANKED LINKER/LOCATER V6.22.4.0                                                  06/05/2026  18:46:04  PAGE 8



?PR?LOW_POWER_OUT?LOW_POWER                      -----    -----      -----    -----      -----    -----
  +--> ?PR?UART0_INIT?UART0

?PR?ADC_GET_VAL_ONCE?ADC                         -----    -----      -----    -----      -----    -----
  +--> ?PR?ADC

?PR?ADC                                          -----    -----      -----    -----      -----    -----
  +--> ?PR?_ADC_CHANNEL_SEL?ADC

?C_INITSEG                                       -----    -----      -----    -----      -----    -----
  +--> ?PR?AD_KEY_GET_KEY_VAL?AD_KEY

?PR?AD_KEY_GET_KEY_VAL?AD_KEY                    -----    -----      -----    -----      623FH    0001H
  +--> ?PR?_ADC_GET_UPDATE_FLAG?ADC
  +--> ?PR?_ADC_CLEAR_UPDATE_FLAG?ADC
  +--> ?PR?_ADC_GET_VAL?ADC
  +--> ?PR?_AD_KEY_VAL_TO_AD_KEY_INDEX?AD_KEY

?PR?_AD_KEY_VAL_TO_AD_KEY_INDEX?AD_KEY           -----    -----      -----    -----      6240H    0002H

*** NEW ROOT ***************************************************

?PR?ADC_IRQHANDLER?ADC                           -----    -----      -----    -----      626AH    0002H
  +--> ?PR?ADC
  +--> ?PR?_ADC_UPDATE_VAL?ADC
  +--> ?PR?LED_RESUME?LED
  +--> ?PR?BATTERY_VOLTAGE_UPDATE_BY_ISR?BAT...

?PR?LED_RESUME?LED                               -----    -----      -----    -----      -----    -----
  +--> ?PR?LED
  +--> ?PR?__LED_YELLOW_RESUME__?LED
  +--> ?PR?LED_YELLOW_OFF?LED
  +--> ?PR?__LED_WHITE_RESUME__?LED
  +--> ?PR?LED_WHITE_OFF?LED

?PR?__LED_YELLOW_RESUME__?LED                    -----    -----      -----    -----      -----    -----
  +--> ?PR?LED
  +--> ?PR?_PWM_SET_CHANNEL_0_DUTY?PWM

?PR?__LED_WHITE_RESUME__?LED                     -----    -----      -----    -----      -----    -----
  +--> ?PR?LED
  +--> ?PR?_PWM_SET_CHANNEL_1_DUTY?PWM

?PR?BATTERY_VOLTAGE_UPDATE_BY_ISR?BAT...         -----    -----      -----    -----      626CH    0004H
  +--> ?PR?_ADC_GET_UPDATE_FLAG?ADC
  +--> ?PR?_ADC_CLEAR_UPDATE_FLAG?ADC
  +--> ?PR?_ADC_GET_VAL?ADC
  +--> ?PR?_GET_BATTERY_VOLTAGE_BY_ADC?BATTE...
  +--> ?PR?BATTERY_MONITOR
  +--> ?PR?_BAT_VOL_HISTORY_BUFF_INIT?BATTER...
  +--> ?PR?_GET_BATTERY_PERCENTAGE_BY_VOLTAG...

?PR?_BAT_VOL_HISTORY_BUFF_INIT?BATTER...         -----    -----      -----    -----      -----    -----
  +--> ?PR?BATTERY_MONITOR

*** NEW ROOT ***************************************************
BL51 BANKED LINKER/LOCATER V6.22.4.0                                                  06/05/2026  18:46:04  PAGE 9



?PR?TIMR0_IRQHANDLER?TIMER0                      -----    -----      -----    -----      -----    -----
  +--> ?PR?ADC_SCAN?ADC
  +--> ?PR?CHARGE_DET_TIME_ADD?CHARGE_DET
  +--> ?PR?UART_RECEIVER_TIMEOUT_ADD?UART_DA...
  +--> ?PR?BAT_VOL_UPDATE_TIMER_CALLBACK?BAT...
  +--> ?PR?BAT_VOL_BUFF_ADD_TIMER_CALLBACK?B...
  +--> ?PR?BAT_VOL_BUFF_GET_AVG_TIMER_CALLBA...
  +--> ?PR?LED_SLOW_ADJUST_ISR?LED
  +--> ?PR?LED_RED_BLUE_FLASH_1MS_ISR?LED
  +--> ?PR?LED_BAT_INSTRUCTION_TIMER_CALLBAC...
  +--> ?PR?LOW_POWER_ENTER_TIMER_CALLBACK?LO...
  +--> ?PR?SEND_LOW_BAT_TIMER_CALLBACK?BATTE...
  +--> ?PR?BAT_PERCENT_UPDATE_TIME_ADD?BATTE...
  +--> ?PR?DEBUG_TIME_ADD?USER_TEST

?PR?ADC_SCAN?ADC                                 -----    -----      -----    -----      -----    -----
  +--> ?PR?ADC
  +--> ?PR?LED_SUSPEND?LED

?PR?LED_SUSPEND?LED                              -----    -----      -----    -----      -----    -----
  +--> ?PR?LED

?PR?BAT_VOL_BUFF_ADD_TIMER_CALLBACK?B...         -----    -----      -----    -----      -----    -----
  +--> ?PR?BATTERY_MONITOR

?PR?BAT_VOL_BUFF_GET_AVG_TIMER_CALLBA...         -----    -----      -----    -----      -----    -----
  +--> ?PR?BATTERY_MONITOR

?PR?LED_SLOW_ADJUST_ISR?LED                      -----    -----      -----    -----      -----    -----
  +--> ?PR?LED
  +--> ?PR?_PWM_SET_CHANNEL_0_DUTY?PWM
  +--> ?PR?_PWM_SET_CHANNEL_1_DUTY?PWM

?PR?LED_RED_BLUE_FLASH_1MS_ISR?LED               -----    -----      -----    -----      6274H    0002H
  +--> ?PR?LED

?PR?LED_BAT_INSTRUCTION_TIMER_CALLBAC...         -----    -----      -----    -----      -----    -----
  +--> ?PR?LED

?PR?LOW_POWER_ENTER_TIMER_CALLBACK?LO...         -----    -----      -----    -----      -----    -----
  +--> ?PR?IS_LOW_POWER_CONDITION_ESTABLISH?...

?PR?SEND_LOW_BAT_TIMER_CALLBACK?BATTE...         -----    -----      -----    -----      -----    -----
  +--> ?PR?BATTERY_MONITOR

*** NEW ROOT ***************************************************

?PR?TIMR1_IRQHANDLER?TIMER1                      -----    -----      -----    -----      -----    -----
  +--> ?PR?DETECT_1KHZ_SIGNAL_100US?CHARGE_DET
  +--> ?PR?DETECT_DISCHARGE_1KHZ_SIGNAL_100U...

?PR?DETECT_1KHZ_SIGNAL_100US?CHARGE_DET          -----    -----      -----    -----      6276H    0001H
  +--> ?PR?CHARGE_DET

?PR?DETECT_DISCHARGE_1KHZ_SIGNAL_100U...         -----    -----      -----    -----      6276H    0001H
  +--> ?PR?CHARGE_DET
BL51 BANKED LINKER/LOCATER V6.22.4.0                                                  06/05/2026  18:46:04  PAGE 10



*** NEW ROOT ***************************************************

?PR?UART0_IRQHANDLER?UART0                       -----    -----      -----    -----      6277H    0001H
  +--> ?PR?_UART0_RXBUFFER_PUT_BYTE?UART0

?PR?_UART0_RXBUFFER_PUT_BYTE?UART0               -----    -----      -----    -----      -----    -----
  +--> ?PR?UART0



SYMBOL TABLE OF MODULE:  .\Release\Objects\Demo (?C_STARTUP)

  VALUE           TYPE          NAME
  ----------------------------------

  -------         MODULE        ?C_STARTUP
  C:1CBAH         SEGMENT       ?C_C51STARTUP
  I:0022H         SEGMENT       ?STACK
  C:0000H         PUBLIC        ?C_STARTUP
  D:00E0H         SYMBOL        ACC
  D:00F0H         SYMBOL        B
  D:0083H         SYMBOL        DPH
  D:0082H         SYMBOL        DPL
  N:0000H         SYMBOL        IBPSTACK
  N:0100H         SYMBOL        IBPSTACKTOP
  N:0080H         SYMBOL        IDATALEN
  C:1CBDH         SYMBOL        IDATALOOP
  N:0000H         SYMBOL        PBPSTACK
  N:0100H         SYMBOL        PBPSTACKTOP
  N:0000H         SYMBOL        PDATALEN
  N:0000H         SYMBOL        PDATASTART
  N:0000H         SYMBOL        PPAGE
  N:0000H         SYMBOL        PPAGEENABLE
  D:00A0H         SYMBOL        PPAGE_SFR
  D:0081H         SYMBOL        SP
  C:1CBAH         SYMBOL        STARTUP1
  N:0000H         SYMBOL        XBPSTACK
  N:0000H         SYMBOL        XBPSTACKTOP
  N:0000H         SYMBOL        XDATALEN
  N:0000H         SYMBOL        XDATASTART
  C:0000H         LINE#         126
  C:1CBAH         LINE#         133
  C:1CBCH         LINE#         134
  C:1CBDH         LINE#         135
  C:1CBEH         LINE#         136
  C:1CC0H         LINE#         185
  C:1CC3H         LINE#         196
  -------         ENDMOD        ?C_STARTUP

  -------         MODULE        SYSTEM
  C:0000H         SYMBOL        _ICE_DUMMY_
  D:00A7H         PUBLIC        FLASH_TIMEREG0
  D:00ACH         PUBLIC        FLASH_TIMEREG1
  C:2A93H         PUBLIC        _delay
  C:292BH         PUBLIC        _delay_ms
  C:1713H         PUBLIC        system_init
BL51 BANKED LINKER/LOCATER V6.22.4.0                                                  06/05/2026  18:46:04  PAGE 11


  -------         PROC          _DELAY
  D:0006H         SYMBOL        cnt
  C:2A93H         LINE#         37
  C:2A93H         LINE#         38
  C:2A93H         LINE#         39
  C:2A9DH         LINE#         40
  C:2A9DH         LINE#         41
  C:2A9DH         LINE#         42
  -------         ENDPROC       _DELAY
  -------         PROC          _DELAY_MS
  D:0002H         SYMBOL        ms
  C:292BH         LINE#         49
  C:292FH         LINE#         50
  C:292FH         LINE#         51
  C:2939H         LINE#         52
  C:2939H         LINE#         53
  C:2940H         LINE#         54
  C:2942H         LINE#         55
  -------         ENDPROC       _DELAY_MS
  -------         PROC          SYSTEM_INIT
  -------         DO            
  D:0007H         SYMBOL        i
  -------         ENDDO         
  C:1713H         LINE#         62
  C:1713H         LINE#         63
  C:1713H         LINE#         66
  C:171AH         LINE#         67
  C:1727H         LINE#         68
  C:172AH         LINE#         69
  C:172DH         LINE#         70
  C:1733H         LINE#         71
  C:1739H         LINE#         72
  C:173FH         LINE#         76
  C:1741H         LINE#         77
  C:1741H         LINE#         78
  C:174EH         LINE#         79
  C:1753H         LINE#         81
  C:17E1H         LINE#         82
  -------         ENDPROC       SYSTEM_INIT
  -------         ENDMOD        SYSTEM

  -------         MODULE        ADC
  C:0000H         SYMBOL        _ICE_DUMMY_
  D:00A8H         PUBLIC        IE0
  D:00A9H         PUBLIC        IE1
  D:00AAH         PUBLIC        IE2
  D:00ABH         PUBLIC        IE3
  B:00A8H.7       PUBLIC        IE_EA
  D:00B8H         PUBLIC        IP0
  D:00B1H         PUBLIC        IP1
  D:00B2H         PUBLIC        IP2
  D:00B3H         PUBLIC        IP3
  D:00B4H         PUBLIC        IP4
  D:00B5H         PUBLIC        IP5
  D:00B6H         PUBLIC        IP6
  D:00B7H         PUBLIC        IP7
  D:0093H         PUBLIC        ADC_DATAH0
BL51 BANKED LINKER/LOCATER V6.22.4.0                                                  06/05/2026  18:46:04  PAGE 12


  D:0094H         PUBLIC        ADC_DATAL0
  D:0099H         PUBLIC        ADC_CHS0
  X:62FEH         PUBLIC        cur_adc_status
  C:2A12H         PUBLIC        adc_pin_init
  C:27E0H         PUBLIC        adc_init
  C:1ECAH         PUBLIC        adc_scan
  C:29CAH         PUBLIC        adc_init_when_low_pwr_out
  C:243EH         PUBLIC        _adc_update_val
  C:266BH         PUBLIC        _adc_get_val
  C:2798H         PUBLIC        _adc_get_update_flag
  C:0024H         PUBLIC        _adc_clear_update_flag
  C:2177H         PUBLIC        _adc_channel_sel
  C:295BH         PUBLIC        adc_get_val_once
  X:62FFH         SYMBOL        adc_adkey_val
  B:0021H.1       SYMBOL        flag_is_adkey_val_update
  X:6301H         SYMBOL        adc_bat_det_val
  B:0021H.2       SYMBOL        flag_is_adc_bat_det_val_update
  X:6303H         SYMBOL        adc_solar_det_val
  B:0021H.3       SYMBOL        flag_is_adc_solar_det_val_update
  X:6305H         SYMBOL        adc_type_c_det_val
  B:0021H.4       SYMBOL        flag_is_adc_type_c_det_val_update
  C:1DD1H         PUBLIC        ADC_IRQHandler
  C:2699H         SYMBOL        Com0067
  C:2699H         SYMBOL        L?0104
  C:2699H         SYMBOL        L?0105
  C:26A3H         SYMBOL        L?0106
  C:26A3H         SYMBOL        L?0107
  C:26ACH         SYMBOL        L?0108
  C:26ACH         SYMBOL        L?0109
  C:26B3H         SYMBOL        L?0110
  C:26BDH         SYMBOL        L?0111
  -------         PROC          COM0067
  -------         ENDPROC       COM0067
  -------         PROC          ADC_PIN_INIT
  C:2A12H         LINE#         22
  C:2A12H         LINE#         23
  C:2A12H         LINE#         25
  C:2A18H         LINE#         28
  C:2A1EH         LINE#         31
  C:2A22H         LINE#         32
  -------         ENDPROC       ADC_PIN_INIT
  -------         PROC          ADC_INIT
  C:27E0H         LINE#         34
  C:27E0H         LINE#         35
  C:27E0H         LINE#         36
  C:27E5H         LINE#         38
  C:27EBH         LINE#         42
  C:27EEH         LINE#         43
  C:27F0H         LINE#         45
  C:27F6H         LINE#         47
  C:27FBH         LINE#         50
  -------         ENDPROC       ADC_INIT
  -------         PROC          _ADC_UPDATE_VAL
  D:0007H         SYMBOL        adc_channel
  D:0004H         SYMBOL        adc_val
  C:243EH         LINE#         59
  C:243EH         LINE#         60
BL51 BANKED LINKER/LOCATER V6.22.4.0                                                  06/05/2026  18:46:04  PAGE 13


  C:243EH         LINE#         61
  C:244DH         LINE#         62
  C:244DH         LINE#         63
  C:244DH         LINE#         64
  C:2455H         LINE#         65
  C:2457H         LINE#         66
  C:2458H         LINE#         67
  C:2458H         LINE#         68
  C:2460H         LINE#         69
  C:2462H         LINE#         70
  C:2463H         LINE#         71
  C:2463H         LINE#         72
  C:246BH         LINE#         73
  C:246DH         LINE#         74
  C:246EH         LINE#         75
  C:246EH         LINE#         76
  C:2478H         LINE#         77
  C:247AH         LINE#         78
  C:247AH         LINE#         79
  C:247AH         LINE#         80
  -------         ENDPROC       _ADC_UPDATE_VAL
  -------         PROC          _ADC_GET_VAL
  D:0007H         SYMBOL        adc_channel
  -------         DO            
  D:0004H         SYMBOL        ret
  -------         ENDDO         
  C:266BH         LINE#         82
  C:266BH         LINE#         83
  C:266BH         LINE#         84
  C:266EH         LINE#         85
  C:267DH         LINE#         86
  C:267DH         LINE#         87
  C:267DH         LINE#         88
  C:2680H         LINE#         89
  C:2682H         LINE#         90
  C:2682H         LINE#         91
  C:2685H         LINE#         92
  C:2687H         LINE#         93
  C:2687H         LINE#         94
  C:268AH         LINE#         95
  C:268CH         LINE#         96
  C:268CH         LINE#         97
  C:2694H         LINE#         98
  C:2694H         LINE#         100
  C:2694H         LINE#         101
  C:2694H         LINE#         102
  C:2694H         LINE#         104
  C:2698H         LINE#         105
  -------         ENDPROC       _ADC_GET_VAL
  -------         PROC          _ADC_GET_UPDATE_FLAG
  D:0007H         SYMBOL        adc_channel
  -------         DO            
  D:0006H         SYMBOL        ret
  -------         ENDDO         
  C:2798H         LINE#         108
  C:2798H         LINE#         109
  C:2798H         LINE#         110
BL51 BANKED LINKER/LOCATER V6.22.4.0                                                  06/05/2026  18:46:04  PAGE 14


  C:279AH         LINE#         111
  C:27A9H         LINE#         112
  C:27A9H         LINE#         113
  C:27A9H         LINE#         114
  C:27ABH         LINE#         115
  C:27ADH         LINE#         116
  C:27ADH         LINE#         117
  C:27AFH         LINE#         118
  C:27B1H         LINE#         119
  C:27B1H         LINE#         120
  C:27B3H         LINE#         121
  C:27B5H         LINE#         122
  C:27B5H         LINE#         123
  C:27BAH         LINE#         124
  C:27BAH         LINE#         126
  C:27BAH         LINE#         127
  C:27BAH         LINE#         128
  C:27BAH         LINE#         130
  C:27BCH         LINE#         131
  -------         ENDPROC       _ADC_GET_UPDATE_FLAG
  -------         PROC          _ADC_CLEAR_UPDATE_FLAG
  D:0007H         SYMBOL        adc_channel
  C:0024H         LINE#         134
  C:0024H         LINE#         135
  C:0024H         LINE#         136
  C:0033H         LINE#         137
  C:0033H         LINE#         138
  C:0033H         LINE#         139
  C:0035H         LINE#         140
  C:0036H         LINE#         141
  C:0036H         LINE#         142
  C:0038H         LINE#         143
  C:0039H         LINE#         144
  C:0039H         LINE#         145
  C:003BH         LINE#         146
  C:003CH         LINE#         147
  C:003CH         LINE#         148
  C:003EH         LINE#         149
  C:003EH         LINE#         151
  C:003EH         LINE#         152
  C:003EH         LINE#         153
  C:003EH         LINE#         154
  -------         ENDPROC       _ADC_CLEAR_UPDATE_FLAG
  -------         PROC          _ADC_CHANNEL_SEL
  D:0007H         SYMBOL        adc_channel
  C:2177H         LINE#         156
  C:2177H         LINE#         157
  C:2177H         LINE#         158
  C:217EH         LINE#         162
  C:218DH         LINE#         163
  C:218DH         LINE#         164
  C:218DH         LINE#         166
  C:2194H         LINE#         168
  C:2197H         LINE#         169
  C:2199H         LINE#         170
  C:2199H         LINE#         171
  C:21A0H         LINE#         174
BL51 BANKED LINKER/LOCATER V6.22.4.0                                                  06/05/2026  18:46:04  PAGE 15


  C:21A3H         LINE#         176
  C:21A5H         LINE#         177
  C:21A5H         LINE#         181
  C:21ACH         LINE#         184
  C:21AFH         LINE#         185
  C:21B1H         LINE#         187
  C:21B1H         LINE#         188
  C:21B8H         LINE#         191
  C:21BBH         LINE#         192
  C:21BBH         LINE#         194
  C:21BBH         LINE#         195
  C:21BBH         LINE#         196
  C:21BBH         LINE#         198
  C:21C1H         LINE#         200
  -------         ENDPROC       _ADC_CHANNEL_SEL
  -------         PROC          ADC_INIT_WHEN_LOW_PWR_OUT
  C:29CAH         LINE#         203
  C:29CAH         LINE#         204
  C:29CAH         LINE#         205
  C:29D0H         LINE#         208
  C:29D6H         LINE#         209
  C:29DBH         LINE#         211
  -------         ENDPROC       ADC_INIT_WHEN_LOW_PWR_OUT
  -------         PROC          ADC_GET_VAL_ONCE
  C:295BH         LINE#         214
  C:295BH         LINE#         215
  C:295BH         LINE#         216
  C:2961H         LINE#         217
  C:2967H         LINE#         219
  C:2969H         LINE#         220
  C:2971H         LINE#         221
  -------         ENDPROC       ADC_GET_VAL_ONCE
  -------         PROC          ADC_SCAN
  C:1ECAH         LINE#         224
  C:1ECAH         LINE#         225
  C:1ECAH         LINE#         227
  C:1EF0H         LINE#         228
  C:1EF0H         LINE#         229
  C:1EF0H         LINE#         231
  C:1EF0H         LINE#         232
  C:1EF2H         LINE#         233
  C:1EF8H         LINE#         234
  C:1EF9H         LINE#         235
  C:1EF9H         LINE#         237
  C:1EF9H         LINE#         238
  C:1EFFH         LINE#         239
  C:1F00H         LINE#         240
  C:1F00H         LINE#         241
  C:1F02H         LINE#         242
  C:1F08H         LINE#         243
  C:1F09H         LINE#         244
  C:1F09H         LINE#         246
  C:1F0CH         LINE#         249
  C:1F0CH         LINE#         250
  C:1F12H         LINE#         251
  C:1F13H         LINE#         252
  C:1F13H         LINE#         253
BL51 BANKED LINKER/LOCATER V6.22.4.0                                                  06/05/2026  18:46:04  PAGE 16


  C:1F15H         LINE#         254
  C:1F1BH         LINE#         255
  C:1F1CH         LINE#         256
  C:1F1CH         LINE#         257
  C:1F1CH         LINE#         258
  C:1F22H         LINE#         259
  C:1F23H         LINE#         260
  C:1F23H         LINE#         261
  C:1F25H         LINE#         262
  C:1F2BH         LINE#         263
  C:1F2CH         LINE#         264
  C:1F2CH         LINE#         265
  C:1F2CH         LINE#         266
  C:1F32H         LINE#         267
  C:1F32H         LINE#         269
  C:1F32H         LINE#         270
  C:1F32H         LINE#         271
  C:1F32H         LINE#         272
  -------         ENDPROC       ADC_SCAN
  -------         PROC          ADC_IRQHANDLER
  -------         DO            
  X:626AH         SYMBOL        adc_val
  -------         ENDDO         
  C:1DD1H         LINE#         274
  C:1DEEH         LINE#         279
  C:1DEEH         LINE#         283
  C:1DF4H         LINE#         284
  C:1DF4H         LINE#         285
  C:1DF7H         LINE#         286
  C:1E06H         LINE#         288
  C:1E1AH         LINE#         289
  C:1E1AH         LINE#         290
  C:1E1AH         LINE#         291
  C:1E1FH         LINE#         292
  C:1E21H         LINE#         293
  C:1E21H         LINE#         294
  C:1E29H         LINE#         297
  C:1E2CH         LINE#         299
  C:1E2FH         LINE#         300
  C:1E31H         LINE#         301
  C:1E31H         LINE#         302
  C:1E36H         LINE#         303
  C:1E38H         LINE#         304
  C:1E38H         LINE#         305
  C:1E40H         LINE#         306
  C:1E40H         LINE#         308
  C:1E40H         LINE#         309
  C:1E40H         LINE#         310
  C:1E40H         LINE#         311
  C:1E40H         LINE#         314
  C:1E40H         LINE#         315
  -------         ENDPROC       ADC_IRQHANDLER
  -------         ENDMOD        ADC

  -------         MODULE        PWM
  C:0000H         SYMBOL        _ICE_DUMMY_
  B:00A0H.7       PUBLIC        P27
BL51 BANKED LINKER/LOCATER V6.22.4.0                                                  06/05/2026  18:46:04  PAGE 17


  B:00B0H.0       PUBLIC        P30
  C:1D46H         PUBLIC        pwm_init
  C:2AA8H         PUBLIC        _pwm_set_channel_0_duty
  C:2AB1H         PUBLIC        _pwm_set_channel_1_duty
  C:2989H         SYMBOL        Com0004
  C:2989H         SYMBOL        L?0005
  C:2994H         SYMBOL        L?0006
  -------         PROC          COM0004
  -------         ENDPROC       COM0004
  -------         PROC          PWM_INIT
  C:1D46H         LINE#         3
  C:1D46H         LINE#         4
  C:1D46H         LINE#         6
  C:1D4CH         LINE#         7
  C:1D50H         LINE#         9
  C:1D52H         LINE#         10
  C:1D57H         LINE#         13
  C:1D5DH         LINE#         14
  C:1D61H         LINE#         16
  C:1D63H         LINE#         17
  C:1D68H         LINE#         21
  C:1D6EH         LINE#         22
  C:1D73H         LINE#         23
  C:1D78H         LINE#         24
  C:1D7CH         LINE#         25
  C:1D7EH         LINE#         26
  C:1D7EH         LINE#         27
  C:1D7EH         LINE#         29
  C:1D84H         LINE#         30
  C:1D8AH         LINE#         31
  C:1D90H         LINE#         32
  C:1D96H         LINE#         33
  C:1D9CH         LINE#         37
  C:1DA2H         LINE#         38
  C:1DA7H         LINE#         39
  C:1DACH         LINE#         40
  C:1DB0H         LINE#         41
  C:1DB2H         LINE#         42
  C:1DB2H         LINE#         43
  C:1DB2H         LINE#         45
  C:1DB8H         LINE#         46
  C:1DBEH         LINE#         47
  C:1DC4H         LINE#         48
  C:1DCAH         LINE#         49
  C:1DD0H         LINE#         50
  -------         ENDPROC       PWM_INIT
  -------         PROC          _PWM_SET_CHANNEL_0_DUTY
  D:0004H         SYMBOL        channel_duty
  C:2AA8H         LINE#         53
  C:2AA8H         LINE#         54
  C:2AA8H         LINE#         55
  C:2AAAH         LINE#         56
  C:2AAAH         LINE#         57
  C:2AB0H         LINE#         58
  -------         ENDPROC       _PWM_SET_CHANNEL_0_DUTY
  -------         PROC          _PWM_SET_CHANNEL_1_DUTY
  D:0004H         SYMBOL        channel_duty
BL51 BANKED LINKER/LOCATER V6.22.4.0                                                  06/05/2026  18:46:04  PAGE 18


  C:2AB1H         LINE#         61
  C:2AB1H         LINE#         62
  C:2AB1H         LINE#         63
  C:2AB3H         LINE#         64
  C:2AB3H         LINE#         65
  C:2AB9H         LINE#         66
  -------         ENDPROC       _PWM_SET_CHANNEL_1_DUTY
  -------         ENDMOD        PWM

  -------         MODULE        TIMER0
  C:0000H         SYMBOL        _ICE_DUMMY_
  D:00A8H         PUBLIC        IE0
  D:00A9H         PUBLIC        IE1
  D:00AAH         PUBLIC        IE2
  D:00ABH         PUBLIC        IE3
  B:00A8H.7       PUBLIC        IE_EA
  D:00B8H         PUBLIC        IP0
  D:00B1H         PUBLIC        IP1
  D:00B2H         PUBLIC        IP2
  D:00B3H         PUBLIC        IP3
  D:00B4H         PUBLIC        IP4
  D:00B5H         PUBLIC        IP5
  D:00B6H         PUBLIC        IP6
  D:00B7H         PUBLIC        IP7
  D:00D1H         PUBLIC        TMR_ALLCON
  C:28C2H         PUBLIC        timer0_init
  C:1E5BH         PUBLIC        TIMR0_IRQHandler
  -------         PROC          TIMER0_INIT
  C:28C2H         LINE#         10
  C:28C2H         LINE#         11
  C:28C2H         LINE#         12
  C:28C5H         LINE#         13
  C:28C7H         LINE#         15
  C:28CAH         LINE#         16
  C:28CFH         LINE#         17
  C:28D3H         LINE#         18
  C:28D8H         LINE#         19
  C:28DCH         LINE#         20
  -------         ENDPROC       TIMER0_INIT
  -------         PROC          TIMR0_IRQHANDLER
  C:1E5BH         LINE#         24
  C:1E78H         LINE#         27
  C:1E78H         LINE#         32
  C:1E7EH         LINE#         33
  C:1E7EH         LINE#         34
  C:1E82H         LINE#         40
  C:1E88H         LINE#         41
  C:1E8BH         LINE#         43
  C:1E8EH         LINE#         44
  C:1E91H         LINE#         46
  C:1E94H         LINE#         47
  C:1E97H         LINE#         48
  C:1E9AH         LINE#         50
  C:1E9DH         LINE#         51
  C:1EA0H         LINE#         52
  C:1EA3H         LINE#         54
  C:1EA6H         LINE#         55
BL51 BANKED LINKER/LOCATER V6.22.4.0                                                  06/05/2026  18:46:04  PAGE 19


  C:1EA9H         LINE#         57
  C:1EACH         LINE#         60
  C:1EAFH         LINE#         63
  C:1EAFH         LINE#         66
  C:1EAFH         LINE#         67
  -------         ENDPROC       TIMR0_IRQHANDLER
  -------         ENDMOD        TIMER0

  -------         MODULE        TIMER1
  C:0000H         SYMBOL        _ICE_DUMMY_
  D:00A8H         PUBLIC        IE0
  D:00A9H         PUBLIC        IE1
  D:00AAH         PUBLIC        IE2
  D:00ABH         PUBLIC        IE3
  B:00A8H.7       PUBLIC        IE_EA
  D:00B8H         PUBLIC        IP0
  D:00B1H         PUBLIC        IP1
  D:00B2H         PUBLIC        IP2
  D:00B3H         PUBLIC        IP3
  D:00B4H         PUBLIC        IP4
  D:00B5H         PUBLIC        IP5
  D:00B6H         PUBLIC        IP6
  D:00B7H         PUBLIC        IP7
  D:00D1H         PUBLIC        TMR_ALLCON
  C:28DDH         PUBLIC        timer1_init
  C:22A1H         PUBLIC        TIMR1_IRQHandler
  -------         PROC          TIMER1_INIT
  C:28DDH         LINE#         9
  C:28DDH         LINE#         10
  C:28DDH         LINE#         12
  C:28E0H         LINE#         13
  C:28E2H         LINE#         15
  C:28E5H         LINE#         16
  C:28EAH         LINE#         17
  C:28EEH         LINE#         18
  C:28F3H         LINE#         19
  C:28F7H         LINE#         23
  -------         ENDPROC       TIMER1_INIT
  -------         PROC          TIMR1_IRQHANDLER
  C:22A1H         LINE#         27
  C:22BEH         LINE#         30
  C:22BEH         LINE#         34
  C:22C4H         LINE#         35
  C:22C4H         LINE#         36
  C:22C8H         LINE#         39
  C:22CBH         LINE#         40
  C:22CEH         LINE#         41
  C:22CEH         LINE#         44
  C:22CEH         LINE#         45
  -------         ENDPROC       TIMR1_IRQHANDLER
  -------         ENDMOD        TIMER1

  -------         MODULE        UART0
  C:0000H         SYMBOL        _ICE_DUMMY_
  D:00A8H         PUBLIC        IE0
  D:00A9H         PUBLIC        IE1
  D:00AAH         PUBLIC        IE2
BL51 BANKED LINKER/LOCATER V6.22.4.0                                                  06/05/2026  18:46:04  PAGE 20


  D:00ABH         PUBLIC        IE3
  B:00A8H.7       PUBLIC        IE_EA
  D:00B8H         PUBLIC        IP0
  D:00B1H         PUBLIC        IP1
  D:00B2H         PUBLIC        IP2
  D:00B3H         PUBLIC        IP3
  D:00B4H         PUBLIC        IP4
  D:00B5H         PUBLIC        IP5
  D:00B6H         PUBLIC        IP6
  D:00B7H         PUBLIC        IP7
  D:00D2H         PUBLIC        UART0_CON0
  D:00D4H         PUBLIC        UART0_STA
  D:00D5H         PUBLIC        UART0_BAUD0
  D:00D6H         PUBLIC        UART0_BAUD1
  D:00D7H         PUBLIC        UART0_DATA
  C:24B7H         PUBLIC        uart0_init
  C:2ACBH         PUBLIC        _uart0_sendbyte
  C:27BDH         PUBLIC        _uart0_sendbuf
  C:2ABAH         PUBLIC        uart0_rxbuffer_get_count
  C:247BH         PUBLIC        uart0_rxbuffer_get_byte
  C:2AC3H         PUBLIC        _putchar
  X:6000H         PUBLIC        uart0_rx_buffer
  C:23BCH         SYMBOL        _uart0_rxbuffer_put_byte
  C:2604H         PUBLIC        UART0_IRQHandler
  C:2AEBH         SYMBOL        Com004A
  C:2AEBH         SYMBOL        L?0075
  C:2AEBH         SYMBOL        L?0076
  -------         PROC          COM004A
  -------         ENDPROC       COM004A
  -------         PROC          _PUTCHAR
  D:0007H         SYMBOL        c
  C:2AC3H         LINE#         8
  C:2AC3H         LINE#         9
  C:2AC3H         LINE#         10
  C:2AC8H         LINE#         12
  C:2ACAH         LINE#         13
  C:2ACAH         LINE#         14
  -------         ENDPROC       _PUTCHAR
  -------         PROC          UART0_INIT
  C:24B7H         LINE#         17
  C:24B7H         LINE#         18
  C:24B7H         LINE#         19
  C:24BDH         LINE#         20
  C:24C1H         LINE#         21
  C:24C8H         LINE#         23
  C:24CEH         LINE#         24
  C:24D4H         LINE#         25
  C:24DAH         LINE#         27
  C:24DDH         LINE#         28
  C:24E0H         LINE#         29
  C:24E3H         LINE#         33
  C:24EBH         LINE#         34
  C:24EEH         LINE#         35
  C:24F0H         LINE#         36
  -------         ENDPROC       UART0_INIT
  -------         PROC          _UART0_SENDBYTE
  D:0007H         SYMBOL        byte
BL51 BANKED LINKER/LOCATER V6.22.4.0                                                  06/05/2026  18:46:04  PAGE 21


  C:2ACBH         LINE#         39
  C:2ACBH         LINE#         40
  C:2ACBH         LINE#         41
  C:2AD0H         LINE#         44
  C:2AD2H         LINE#         48
  -------         ENDPROC       _UART0_SENDBYTE
  -------         PROC          _UART0_SENDBUF
  X:6249H         SYMBOL        buf
  D:0005H         SYMBOL        len
  -------         DO            
  D:0006H         SYMBOL        i
  -------         ENDDO         
  C:27BDH         LINE#         50
  C:27C3H         LINE#         51
  C:27C3H         LINE#         52
  C:27C5H         LINE#         53
  C:27CAH         LINE#         54
  C:27CAH         LINE#         55
  C:27DCH         LINE#         56
  C:27DFH         LINE#         57
  -------         ENDPROC       _UART0_SENDBUF
  -------         PROC          UART0_RXBUFFER_GET_COUNT
  C:2ABAH         LINE#         60
  C:2ABAH         LINE#         61
  C:2ABAH         LINE#         62
  C:2AC2H         LINE#         63
  -------         ENDPROC       UART0_RXBUFFER_GET_COUNT
  -------         PROC          UART0_RXBUFFER_GET_BYTE
  -------         DO            
  D:0007H         SYMBOL        rxbyte
  -------         ENDDO         
  C:247BH         LINE#         66
  C:247BH         LINE#         67
  C:247BH         LINE#         70
  C:2485H         LINE#         71
  C:2485H         LINE#         73
  C:2487H         LINE#         74
  C:2487H         LINE#         80
  C:248DH         LINE#         81
  C:2496H         LINE#         82
  C:2496H         LINE#         83
  C:249AH         LINE#         84
  C:249AH         LINE#         85
  C:24ACH         LINE#         87
  C:24B6H         LINE#         89
  C:24B6H         LINE#         90
  -------         ENDPROC       UART0_RXBUFFER_GET_BYTE
  -------         PROC          _UART0_RXBUFFER_PUT_BYTE
  D:0007H         SYMBOL        byte
  C:23BCH         LINE#         92
  C:23BCH         LINE#         93
  C:23BCH         LINE#         100
  C:23C2H         LINE#         101
  C:23CBH         LINE#         102
  C:23CBH         LINE#         103
  C:23CFH         LINE#         104
  C:23CFH         LINE#         105
BL51 BANKED LINKER/LOCATER V6.22.4.0                                                  06/05/2026  18:46:04  PAGE 22


  C:23E1H         LINE#         107
  C:23E7H         LINE#         108
  C:23F6H         LINE#         109
  C:23F6H         LINE#         110
  C:23FCH         LINE#         111
  C:23FCH         LINE#         112
  -------         ENDPROC       _UART0_RXBUFFER_PUT_BYTE
  -------         PROC          UART0_IRQHANDLER
  -------         DO            
  X:6277H         SYMBOL        recv_byte
  -------         ENDDO         
  C:2604H         LINE#         115
  C:2617H         LINE#         118
  C:2617H         LINE#         121
  C:261CH         LINE#         122
  C:261CH         LINE#         123
  C:2622H         LINE#         124
  C:2627H         LINE#         127
  C:2627H         LINE#         129
  C:2627H         LINE#         130
  -------         ENDPROC       UART0_IRQHANDLER
  -------         ENDMOD        UART0

  -------         MODULE        MAIN
  C:0000H         SYMBOL        _ICE_DUMMY_
  D:00D9H         PUBLIC        WDT_KEY
  C:26C7H         PUBLIC        user_init
  C:2092H         PUBLIC        main
  -------         PROC          USER_INIT
  C:26C7H         LINE#         103
  C:26C7H         LINE#         104
  C:26C7H         LINE#         105
  C:26CAH         LINE#         106
  C:26CDH         LINE#         107
  C:26D0H         LINE#         108
  C:26D3H         LINE#         109
  C:26D6H         LINE#         110
  C:26D9H         LINE#         112
  C:26DCH         LINE#         113
  C:26DFH         LINE#         114
  C:26E2H         LINE#         117
  C:26E5H         LINE#         118
  C:26E8H         LINE#         121
  C:26EBH         LINE#         123
  -------         ENDPROC       USER_INIT
  -------         PROC          MAIN
  C:2092H         LINE#         126
  C:2092H         LINE#         127
  C:2092H         LINE#         129
  C:2095H         LINE#         130
  C:2098H         LINE#         133
  C:209BH         LINE#         134
  C:20A2H         LINE#         135
  C:20A5H         LINE#         138
  C:20AAH         LINE#         139
  C:20ACH         LINE#         140
  C:20AFH         LINE#         141
BL51 BANKED LINKER/LOCATER V6.22.4.0                                                  06/05/2026  18:46:04  PAGE 23


  C:20B1H         LINE#         142
  C:20B4H         LINE#         143
  C:20B6H         LINE#         144
  C:20B9H         LINE#         145
  C:20BBH         LINE#         147
  C:20BEH         LINE#         148
  C:20C5H         LINE#         150
  C:20C5H         LINE#         151
  C:20C5H         LINE#         152
  C:20CEH         LINE#         153
  C:20D1H         LINE#         155
  C:20D4H         LINE#         157
  C:20D7H         LINE#         159
  C:20DAH         LINE#         166
  C:20DDH         LINE#         171
  -------         ENDPROC       MAIN
  -------         ENDMOD        MAIN

  -------         MODULE        UART_DATA_HANDLE
  C:0000H         SYMBOL        _ICE_DUMMY_
  C:29DCH         PUBLIC        uart_receiver_reset
  C:000FH         PUBLIC        uart_receiver_timeout_add
  C:2599H         PUBLIC        uart_receiver_process_checksum
  C:1AD0H         PUBLIC        _uart_receiver_process_byte
  C:1F9CH         PUBLIC        uart_receiver_timeout_handler
  C:1A1BH         PUBLIC        uart_data_handle
  C:2377H         PUBLIC        _uart_data_send_cmd
  X:62D2H         SYMBOL        uart_receiver
  C:170BH         SYMBOL        _?ix1000
  C:2562H         SYMBOL        Com003C
  C:2562H         SYMBOL        L?0061
  C:2562H         SYMBOL        L?0062
  C:2567H         SYMBOL        L?0063
  C:257EH         SYMBOL        L?0064
  C:2583H         SYMBOL        L?0065
  C:2587H         SYMBOL        L?0066
  C:258EH         SYMBOL        L?0067
  -------         PROC          COM003C
  -------         ENDPROC       COM003C
  -------         PROC          UART_RECEIVER_RESET
  C:29DCH         LINE#         13
  C:29DCH         LINE#         14
  C:29DCH         LINE#         16
  C:29E1H         LINE#         17
  C:29E5H         LINE#         18
  C:29E9H         LINE#         19
  C:29EDH         LINE#         20
  -------         ENDPROC       UART_RECEIVER_RESET
  -------         PROC          UART_RECEIVER_TIMEOUT_ADD
  C:000FH         LINE#         26
  C:000FH         LINE#         27
  C:000FH         LINE#         28
  C:0015H         LINE#         29
  C:0015H         LINE#         30
  C:001DH         LINE#         31
  C:001DH         LINE#         32
  -------         ENDPROC       UART_RECEIVER_TIMEOUT_ADD
BL51 BANKED LINKER/LOCATER V6.22.4.0                                                  06/05/2026  18:46:04  PAGE 24


  -------         PROC          UART_RECEIVER_PROCESS_CHECKSUM
  -------         DO            
  D:0006H         SYMBOL        i
  D:0007H         SYMBOL        check_sum
  -------         ENDDO         
  C:2599H         LINE#         39
  C:2599H         LINE#         40
  C:2599H         LINE#         42
  C:259BH         LINE#         43
  C:259CH         LINE#         44
  C:259CH         LINE#         45
  C:25A2H         LINE#         46
  C:25A7H         LINE#         48
  C:25AEH         LINE#         49
  C:25AEH         LINE#         50
  C:25B1H         LINE#         51
  C:25B1H         LINE#         53
  C:25B1H         LINE#         57
  C:25CCH         LINE#         60
  C:25CEH         LINE#         61
  C:25CEH         LINE#         62
  -------         ENDPROC       UART_RECEIVER_PROCESS_CHECKSUM
  -------         PROC          _UART_RECEIVER_PROCESS_BYTE
  X:6241H         SYMBOL        byte
  C:1AD0H         LINE#         71
  C:1AD5H         LINE#         72
  C:1AD5H         LINE#         74
  C:1AF8H         LINE#         75
  C:1AF8H         LINE#         76
  C:1AF8H         LINE#         77
  C:1B00H         LINE#         78
  C:1B00H         LINE#         79
  C:1B00H         LINE#         80
  C:1B05H         LINE#         81
  C:1B08H         LINE#         82
  C:1B08H         LINE#         84
  C:1B08H         LINE#         85
  C:1B0BH         LINE#         86
  C:1B0BH         LINE#         87
  C:1B0BH         LINE#         89
  C:1B0BH         LINE#         90
  C:1B13H         LINE#         91
  C:1B13H         LINE#         92
  C:1B13H         LINE#         93
  C:1B18H         LINE#         94
  C:1B1BH         LINE#         95
  C:1B1BH         LINE#         97
  C:1B1BH         LINE#         99
  C:1B1EH         LINE#         100
  C:1B1EH         LINE#         101
  C:1B1EH         LINE#         103
  C:1B1EH         LINE#         104
  C:1B25H         LINE#         105
  C:1B25H         LINE#         106
  C:1B25H         LINE#         107
  C:1B2AH         LINE#         108
  C:1B2DH         LINE#         109
BL51 BANKED LINKER/LOCATER V6.22.4.0                                                  06/05/2026  18:46:04  PAGE 25


  C:1B2DH         LINE#         111
  C:1B2DH         LINE#         112
  C:1B30H         LINE#         113
  C:1B30H         LINE#         114
  C:1B30H         LINE#         116
  C:1B30H         LINE#         118
  C:1B30H         LINE#         119
  C:1B35H         LINE#         120
  C:1B38H         LINE#         121
  C:1B38H         LINE#         123
  C:1B38H         LINE#         125
  C:1B38H         LINE#         126
  C:1B3DH         LINE#         127
  C:1B3FH         LINE#         128
  C:1B3FH         LINE#         130
  C:1B3FH         LINE#         131
  C:1B46H         LINE#         132
  C:1B46H         LINE#         133
  C:1B46H         LINE#         134
  C:1B4BH         LINE#         135
  C:1B4DH         LINE#         136
  C:1B4DH         LINE#         138
  C:1B4DH         LINE#         139
  C:1B50H         LINE#         140
  C:1B50H         LINE#         141
  C:1B50H         LINE#         143
  C:1B50H         LINE#         145
  C:1B50H         LINE#         146
  C:1B56H         LINE#         147
  C:1B5CH         LINE#         148
  C:1B5CH         LINE#         150
  C:1B5FH         LINE#         151
  C:1B5FH         LINE#         153
  C:1B5FH         LINE#         154
  C:1B62H         LINE#         155
  C:1B62H         LINE#         156
  C:1B62H         LINE#         158
  C:1B62H         LINE#         159
  C:1B6AH         LINE#         160
  C:1B6AH         LINE#         161
  C:1B6AH         LINE#         162
  C:1B70H         LINE#         163
  C:1B73H         LINE#         164
  C:1B73H         LINE#         166
  C:1B73H         LINE#         167
  C:1B76H         LINE#         168
  C:1B76H         LINE#         169
  C:1B76H         LINE#         171
  C:1B76H         LINE#         172
  C:1B76H         LINE#         173
  C:1B76H         LINE#         175
  C:1B78H         LINE#         176
  -------         ENDPROC       _UART_RECEIVER_PROCESS_BYTE
  -------         PROC          UART_RECEIVER_TIMEOUT_HANDLER
  -------         DO            
  X:6241H         SYMBOL        i
  -------         ENDDO         
BL51 BANKED LINKER/LOCATER V6.22.4.0                                                  06/05/2026  18:46:04  PAGE 26


  C:1F9CH         LINE#         179
  C:1F9CH         LINE#         180
  C:1F9CH         LINE#         185
  C:1FABH         LINE#         186
  C:1FABH         LINE#         188
  C:1FB5H         LINE#         191
  C:1FBEH         LINE#         192
  C:1FD1H         LINE#         193
  C:1FD1H         LINE#         194
  C:1FE0H         LINE#         195
  C:1FE8H         LINE#         196
  C:1FF1H         LINE#         200
  C:1FF4H         LINE#         201
  C:1FF4H         LINE#         202
  -------         ENDPROC       UART_RECEIVER_TIMEOUT_HANDLER
  -------         PROC          UART_DATA_HANDLE
  -------         DO            
  X:623FH         SYMBOL        i
  X:6240H         SYMBOL        recv_byte
  X:62D1H         SYMBOL        initialized
  -------         ENDDO         
  C:1A1BH         LINE#         203
  C:1A1BH         LINE#         204
  C:1A1BH         LINE#         212
  C:1A21H         LINE#         213
  C:1A21H         LINE#         214
  C:1A24H         LINE#         215
  C:1A2AH         LINE#         216
  C:1A2AH         LINE#         221
  C:1A30H         LINE#         222
  C:1A30H         LINE#         223
  C:1A33H         LINE#         224
  C:1A33H         LINE#         233
  C:1A33H         LINE#         234
  C:1A33H         LINE#         235
  C:1A47H         LINE#         238
  C:1A47H         LINE#         252
  C:1A47H         LINE#         253
  C:1A47H         LINE#         255
  C:1A4FH         LINE#         258
  C:1A55H         LINE#         259
  C:1A5AH         LINE#         262
  C:1A65H         LINE#         263
  C:1A65H         LINE#         267
  C:1A6BH         LINE#         268
  C:1A6BH         LINE#         269
  C:1A74H         LINE#         270
  C:1A7EH         LINE#         271
  C:1A7EH         LINE#         276
  C:1A81H         LINE#         277
  C:1A81H         LINE#         278
  C:1A83H         LINE#         308
  C:1A90H         LINE#         310
  C:1A90H         LINE#         312
  C:1A90H         LINE#         332
  C:1AA0H         LINE#         333
  C:1AA0H         LINE#         334
BL51 BANKED LINKER/LOCATER V6.22.4.0                                                  06/05/2026  18:46:04  PAGE 27


  C:1AA0H         LINE#         336
  C:1AA5H         LINE#         337
  C:1AA7H         LINE#         338
  C:1AA7H         LINE#         340
  C:1AADH         LINE#         341
  C:1AAFH         LINE#         342
  C:1AAFH         LINE#         344
  C:1AB8H         LINE#         350
  C:1ABBH         LINE#         351
  C:1ABDH         LINE#         353
  C:1ABDH         LINE#         355
  C:1ACCH         LINE#         357
  C:1ACCH         LINE#         358
  C:1ACCH         LINE#         361
  C:1ACFH         LINE#         362
  -------         ENDPROC       UART_DATA_HANDLE
  -------         PROC          _UART_DATA_SEND_CMD
  X:6240H         SYMBOL        cmd
  -------         DO            
  X:6241H         SYMBOL        buf
  -------         ENDDO         
  C:2377H         LINE#         366
  C:237CH         LINE#         367
  C:237CH         LINE#         368
  C:238FH         LINE#         379
  C:2398H         LINE#         380
  C:23B1H         LINE#         382
  -------         ENDPROC       _UART_DATA_SEND_CMD
  -------         ENDMOD        UART_DATA_HANDLE

  -------         MODULE        KEY_DRIVER
  C:0000H         SYMBOL        _ICE_DUMMY_
  C:0EEEH         PUBLIC        _key_driver_scan
  X:6307H         SYMBOL        is_key_active
  X:6308H         PUBLIC        scan_para
  C:2824H         SYMBOL        Com0021
  C:2824H         SYMBOL        L?0034
  C:2827H         SYMBOL        L?0035
  C:2828H         SYMBOL        L?0036
  C:282EH         SYMBOL        L?0037
  C:2831H         SYMBOL        L?0038
  C:2835H         SYMBOL        L?0039
  C:283BH         SYMBOL        L?0040
  C:283EH         SYMBOL        L?0041
  -------         PROC          COM0021
  -------         ENDPROC       COM0021
  -------         PROC          _KEY_DRIVER_SCAN
  D:0001H         SYMBOL        _scan_para
  -------         DO            
  X:623FH         SYMBOL        key_event
  D:0007H         SYMBOL        cur_key_value
  X:6240H         SYMBOL        key_value
  C:1056H         SYMBOL        _notify
  C:1076H         SYMBOL        _scan_end
  -------         ENDDO         
  C:0EEEH         LINE#         17
  C:0EEEH         LINE#         19
BL51 BANKED LINKER/LOCATER V6.22.4.0                                                  06/05/2026  18:46:04  PAGE 28


  C:0EEEH         LINE#         24
  C:0EF3H         LINE#         25
  C:0EF5H         LINE#         26
  C:0EF9H         LINE#         30
  C:0EFFH         LINE#         33
  C:0F12H         LINE#         34
  C:0F12H         LINE#         36
  C:0F12H         LINE#         38
  C:0F1CH         LINE#         40
  C:0F25H         LINE#         46
  C:0F29H         LINE#         47
  C:0F29H         LINE#         48
  C:0F2FH         LINE#         49
  C:0F31H         LINE#         50
  C:0F37H         LINE#         51
  C:0F37H         LINE#         52
  C:0F3AH         LINE#         53
  C:0F3AH         LINE#         56
  C:0F4EH         LINE#         57
  C:0F4EH         LINE#         59
  C:0F55H         LINE#         60
  C:0F5BH         LINE#         62
  C:0F5BH         LINE#         65
  C:0F6CH         LINE#         66
  C:0F6CH         LINE#         67
  C:0F77H         LINE#         69
  C:0F77H         LINE#         72
  C:0F83H         LINE#         73
  C:0F83H         LINE#         80
  C:0F87H         LINE#         81
  C:0F87H         LINE#         82
  C:0F8EH         LINE#         83
  C:0F8EH         LINE#         84
  C:0F90H         LINE#         85
  C:0F96H         LINE#         86
  C:0F98H         LINE#         88
  C:0F98H         LINE#         91
  C:0F98H         LINE#         92
  C:0FA0H         LINE#         93
  C:0FA0H         LINE#         94
  C:0FA3H         LINE#         96
  C:0FA3H         LINE#         101
  C:0FABH         LINE#         102
  C:0FB7H         LINE#         103
  C:0FB7H         LINE#         104
  C:0FBCH         LINE#         105
  C:0FC0H         LINE#         106
  C:0FC3H         LINE#         108
  C:0FC3H         LINE#         109
  C:0FC9H         LINE#         110
  C:0FC9H         LINE#         111
  C:0FC9H         LINE#         113
  C:0FCBH         LINE#         118
  C:0FCBH         LINE#         120
  C:0FCBH         LINE#         125
  C:0FCFH         LINE#         126
  C:0FCFH         LINE#         128
BL51 BANKED LINKER/LOCATER V6.22.4.0                                                  06/05/2026  18:46:04  PAGE 29


  C:0FE0H         LINE#         129
  C:0FE0H         LINE#         133
  C:0FF1H         LINE#         134
  C:0FF1H         LINE#         154
  C:0FF1H         LINE#         155
  C:0FF3H         LINE#         157
  C:0FF3H         LINE#         158
  C:1000H         LINE#         160
  C:1002H         LINE#         162
  C:1002H         LINE#         164
  C:1002H         LINE#         165
  C:100DH         LINE#         166
  C:1010H         LINE#         168
  C:1010H         LINE#         169
  C:1010H         LINE#         171
  C:1010H         LINE#         172
  C:1010H         LINE#         174
  C:1010H         LINE#         175
  C:1010H         LINE#         177
  C:1010H         LINE#         179
  C:101BH         LINE#         180
  C:101BH         LINE#         181
  C:1023H         LINE#         182
  C:1023H         LINE#         186
  C:1029H         LINE#         187
  C:1029H         LINE#         188
  C:102FH         LINE#         193
  C:1031H         LINE#         194
  C:103DH         LINE#         195
  C:103DH         LINE#         196
  C:1042H         LINE#         197
  C:1051H         LINE#         199
  C:1051H         LINE#         201
  C:1051H         LINE#         202
  C:1051H         LINE#         204
  C:1051H         LINE#         207
  C:1056H         LINE#         208
  C:1056H         LINE#         210
  C:1056H         LINE#         211
  C:1056H         LINE#         213
  C:1056H         LINE#         216
  C:1056H         LINE#         218
  C:1056H         LINE#         219
  C:105AH         LINE#         220
  C:1062H         LINE#         222
  C:106CH         LINE#         223
  C:1076H         LINE#         226
  C:1076H         LINE#         235
  C:1076H         LINE#         237
  C:1076H         LINE#         238
  C:1080H         LINE#         241
  -------         ENDPROC       _KEY_DRIVER_SCAN
  -------         ENDMOD        KEY_DRIVER

  -------         MODULE        AD_KEY
  C:0000H         SYMBOL        _ICE_DUMMY_
  X:6208H         PUBLIC        ad_key_para
BL51 BANKED LINKER/LOCATER V6.22.4.0                                                  06/05/2026  18:46:04  PAGE 30


  C:1C1FH         PUBLIC        ad_key_handle
  X:621BH         SYMBOL        ad_key_scan_table
  X:622BH         SYMBOL        ad_key_event_table
  C:2638H         PUBLIC        ad_key_get_key_val
  C:20DFH         SYMBOL        _ad_key_val_to_ad_key_index
  C:220DH         SYMBOL        _ad_key_get_event
  C:2A33H         SYMBOL        Com0037
  C:2A33H         SYMBOL        L?0056
  -------         PROC          COM0037
  -------         ENDPROC       COM0037
  -------         PROC          _AD_KEY_VAL_TO_AD_KEY_INDEX
  D:0006H         SYMBOL        ad_key_val
  -------         DO            
  D:0005H         SYMBOL        i
  X:6240H         SYMBOL        ad_key_index
  -------         ENDDO         
  C:20DFH         LINE#         53
  C:20DFH         LINE#         54
  C:20DFH         LINE#         55
  C:20E1H         LINE#         56
  C:20E9H         LINE#         59
  C:20E9H         LINE#         60
  C:20E9H         LINE#         61
  C:2101H         LINE#         62
  C:2101H         LINE#         63
  C:211BH         LINE#         64
  C:211DH         LINE#         65
  C:211DH         LINE#         66
  C:2122H         LINE#         68
  C:212AH         LINE#         69
  -------         ENDPROC       _AD_KEY_VAL_TO_AD_KEY_INDEX
  -------         PROC          _AD_KEY_GET_EVENT
  D:0007H         SYMBOL        key_val
  D:0005H         SYMBOL        key_event
  -------         DO            
  D:0006H         SYMBOL        ret_key_event
  D:0004H         SYMBOL        key_event_index
  D:0003H         SYMBOL        i
  -------         ENDDO         
  C:220DH         LINE#         79
  C:220DH         LINE#         80
  C:220DH         LINE#         81
  C:220FH         LINE#         82
  C:2210H         LINE#         83
  C:2211H         LINE#         86
  C:2215H         LINE#         87
  C:2215H         LINE#         88
  C:2216H         LINE#         89
  C:2218H         LINE#         90
  C:221CH         LINE#         91
  C:221CH         LINE#         92
  C:221EH         LINE#         93
  C:2220H         LINE#         94
  C:2224H         LINE#         95
  C:2224H         LINE#         96
  C:2226H         LINE#         97
  C:2228H         LINE#         98
BL51 BANKED LINKER/LOCATER V6.22.4.0                                                  06/05/2026  18:46:04  PAGE 31


  C:222CH         LINE#         99
  C:222CH         LINE#         100
  C:222EH         LINE#         101
  C:2230H         LINE#         103
  C:2230H         LINE#         104
  C:2233H         LINE#         105
  C:2233H         LINE#         107
  C:2239H         LINE#         108
  C:2239H         LINE#         109
  C:2240H         LINE#         110
  C:2240H         LINE#         111
  C:224FH         LINE#         112
  C:2251H         LINE#         113
  C:2251H         LINE#         114
  C:2254H         LINE#         116
  C:2256H         LINE#         117
  -------         ENDPROC       _AD_KEY_GET_EVENT
  -------         PROC          AD_KEY_GET_KEY_VAL
  -------         DO            
  X:6206H         SYMBOL        val
  X:623FH         SYMBOL        ret
  -------         ENDDO         
  C:2638H         LINE#         130
  C:2638H         LINE#         131
  C:2638H         LINE#         133
  C:263EH         LINE#         136
  C:2646H         LINE#         137
  C:2646H         LINE#         138
  C:264BH         LINE#         139
  C:2658H         LINE#         142
  C:2658H         LINE#         144
  C:2668H         LINE#         145
  C:266AH         LINE#         146
  -------         ENDPROC       AD_KEY_GET_KEY_VAL
  -------         PROC          AD_KEY_HANDLE
  -------         DO            
  X:623FH         SYMBOL        ad_key_event
  -------         ENDDO         
  C:1C1FH         LINE#         148
  C:1C1FH         LINE#         149
  C:1C1FH         LINE#         150
  C:1C24H         LINE#         152
  C:1C2DH         LINE#         153
  C:1C2DH         LINE#         155
  C:1C2DH         LINE#         157
  C:1C3AH         LINE#         158
  C:1C3FH         LINE#         159
  C:1C41H         LINE#         163
  C:1C50H         LINE#         164
  C:1C50H         LINE#         169
  C:1C56H         LINE#         171
  C:1C56H         LINE#         173
  C:1C7CH         LINE#         174
  C:1C7CH         LINE#         177
  C:1C7CH         LINE#         181
  C:1C7FH         LINE#         182
  C:1C7FH         LINE#         184
BL51 BANKED LINKER/LOCATER V6.22.4.0                                                  06/05/2026  18:46:04  PAGE 32


  C:1C7FH         LINE#         188
  C:1C7FH         LINE#         190
  C:1C7FH         LINE#         195
  C:1C7FH         LINE#         197
  C:1C7FH         LINE#         201
  C:1C7FH         LINE#         205
  C:1C7FH         LINE#         209
  C:1C81H         LINE#         210
  C:1C83H         LINE#         212
  C:1C83H         LINE#         217
  C:1C85H         LINE#         218
  C:1C87H         LINE#         220
  C:1C87H         LINE#         225
  C:1C89H         LINE#         226
  C:1C8BH         LINE#         228
  C:1C8BH         LINE#         232
  C:1C8BH         LINE#         237
  C:1C8BH         LINE#         242
  C:1C8DH         LINE#         243
  C:1C8FH         LINE#         245
  C:1C8FH         LINE#         251
  C:1C91H         LINE#         252
  C:1C93H         LINE#         254
  C:1C93H         LINE#         260
  C:1C95H         LINE#         261
  C:1C97H         LINE#         263
  C:1C97H         LINE#         267
  C:1C97H         LINE#         271
  C:1C97H         LINE#         277
  C:1C9DH         LINE#         278
  C:1C9DH         LINE#         279
  C:1C9FH         LINE#         280
  C:1CA1H         LINE#         281
  C:1CA8H         LINE#         282
  C:1CA8H         LINE#         283
  C:1CADH         LINE#         284
  C:1CADH         LINE#         285
  C:1CADH         LINE#         287
  C:1CADH         LINE#         293
  C:1CB3H         LINE#         294
  C:1CB3H         LINE#         297
  C:1CB6H         LINE#         298
  C:1CB6H         LINE#         300
  C:1CB6H         LINE#         305
  C:1CB9H         LINE#         306
  C:1CB9H         LINE#         307
  C:1CB9H         LINE#         309
  C:1CB9H         LINE#         313
  C:1CB9H         LINE#         315
  C:1CB9H         LINE#         319
  C:1CB9H         LINE#         321
  C:1CB9H         LINE#         322
  C:1CB9H         LINE#         323
  C:1CB9H         LINE#         324
  -------         ENDPROC       AD_KEY_HANDLE
  -------         ENDMOD        AD_KEY

BL51 BANKED LINKER/LOCATER V6.22.4.0                                                  06/05/2026  18:46:04  PAGE 33


  -------         MODULE        USER_TEST
  C:0000H         SYMBOL        _ICE_DUMMY_
  B:0090H.7       PUBLIC        P17
  X:6311H         PUBLIC        flag_debug
  C:2845H         PUBLIC        debug_time_add
  C:29EEH         PUBLIC        user_debug_pin_init
  -------         PROC          DEBUG_TIME_ADD
  -------         DO            
  X:630FH         SYMBOL        cnt
  -------         ENDDO         
  C:2845H         LINE#         12
  C:2845H         LINE#         13
  C:2845H         LINE#         16
  C:284FH         LINE#         17
  C:285EH         LINE#         19
  C:285EH         LINE#         20
  C:2862H         LINE#         21
  C:2865H         LINE#         22
[...]
  C:0EE6H         LINE#         186
  C:0EEDH         LINE#         187
  C:0EEDH         LINE#         188
  C:0EEDH         LINE#         191
  -------         ENDPROC       DETECT_1KHZ_SIGNAL_100US
  -------         PROC          DETECT_DISCHARGE_1KHZ_SIGNAL_100US
  -------         DO            
  X:62B9H         SYMBOL        signal_high_duration
  X:62BBH         SYMBOL        signal_low_duration
  X:62BDH         SYMBOL        detection_state
  X:62BEH         SYMBOL        toggle_count_in_period
BL51 BANKED LINKER/LOCATER V6.22.4.0                                                  06/05/2026  18:46:04  PAGE 52


  X:62C0H         SYMBOL        measurement_period_counter
  X:6276H         SYMBOL        current_pin_state
  X:62C2H         SYMBOL        is_detected_signal
  X:62C3H         SYMBOL        detect_discharge_signal_cnt
  X:62C4H         SYMBOL        undetect_discharge_signal_cnt
  -------         ENDDO         
  C:11E5H         LINE#         194
  C:11E5H         LINE#         195
  C:11E5H         LINE#         211
  C:11EDH         LINE#         223
  C:11F3H         LINE#         228
  C:1207H         LINE#         229
  C:1207H         LINE#         230
  C:1207H         LINE#         231
  C:1211H         LINE#         232
  C:1211H         LINE#         237
  C:1214H         LINE#         238
  C:121CH         LINE#         239
  C:121CH         LINE#         240
  C:121FH         LINE#         242
  C:121FH         LINE#         243
  C:1222H         LINE#         244
  C:1229H         LINE#         245
  C:1230H         LINE#         246
  C:1230H         LINE#         247
  C:1233H         LINE#         249
  C:1233H         LINE#         250
  C:123AH         LINE#         251
  C:123AH         LINE#         252
  C:1245H         LINE#         253
  C:1245H         LINE#         254
  C:124BH         LINE#         255
  C:124BH         LINE#         257
  C:124BH         LINE#         258
  C:124EH         LINE#         260
  C:124EH         LINE#         261
  C:1254H         LINE#         262
  C:1257H         LINE#         267
  C:1275H         LINE#         268
  C:1275H         LINE#         269
  C:127BH         LINE#         270
  C:127BH         LINE#         271
  C:127BH         LINE#         272
  C:127BH         LINE#         273
  C:127DH         LINE#         275
  C:127DH         LINE#         276
  C:1283H         LINE#         277
  C:1283H         LINE#         278
  C:1289H         LINE#         279
  C:128DH         LINE#         280
  C:128FH         LINE#         282
  C:128FH         LINE#         283
  C:1295H         LINE#         284
  C:1298H         LINE#         289
  C:12B6H         LINE#         290
  C:12B6H         LINE#         291
  C:12BCH         LINE#         292
BL51 BANKED LINKER/LOCATER V6.22.4.0                                                  06/05/2026  18:46:04  PAGE 53


  C:12BCH         LINE#         294
  C:12C3H         LINE#         295
  C:12C3H         LINE#         296
  C:12C3H         LINE#         297
  C:12C3H         LINE#         299
  C:12D2H         LINE#         300
  C:12D2H         LINE#         301
  C:12D6H         LINE#         307
  C:12E4H         LINE#         308
  C:12E4H         LINE#         309
  C:12EAH         LINE#         310
  C:12ECH         LINE#         311
  C:12FBH         LINE#         312
  C:12FBH         LINE#         313
  C:1300H         LINE#         314
  C:1300H         LINE#         317
  C:1307H         LINE#         319
  C:130DH         LINE#         320
  C:130DH         LINE#         321
  C:1312H         LINE#         322
  C:1318H         LINE#         323
  C:131EH         LINE#         324
  C:131EH         LINE#         325
  C:1320H         LINE#         326
  C:1325H         LINE#         328
  C:1325H         LINE#         329
  C:1326H         LINE#         331
  C:1326H         LINE#         332
  C:132BH         LINE#         333
  C:132FH         LINE#         334
  C:1335H         LINE#         335
  C:1335H         LINE#         336
  C:1337H         LINE#         337
  C:133BH         LINE#         339
  C:133BH         LINE#         340
  C:133BH         LINE#         341
  C:133BH         LINE#         342
  -------         ENDPROC       DETECT_DISCHARGE_1KHZ_SIGNAL_100US
  -------         PROC          CHARGE_DET_TIME_ADD
  C:2AF2H         LINE#         344
  C:2AF2H         LINE#         345
  C:2AF2H         LINE#         346
  C:2AF4H         LINE#         347
  -------         ENDPROC       CHARGE_DET_TIME_ADD
  -------         PROC          CHARGE_DET
  -------         DO            
  X:62C5H         SYMBOL        adc_val_of_solar_panel
  X:62C7H         SYMBOL        adc_val_of_type_c
  X:623FH         SYMBOL        voltage_mv
  -------         ENDDO         
  C:1541H         LINE#         351
  C:1541H         LINE#         352
  C:1541H         LINE#         355
  C:1548H         LINE#         357
  C:1550H         LINE#         358
  C:1550H         LINE#         359
  C:1555H         LINE#         360
BL51 BANKED LINKER/LOCATER V6.22.4.0                                                  06/05/2026  18:46:04  PAGE 54


  C:1562H         LINE#         361
  C:1562H         LINE#         363
  C:156AH         LINE#         364
  C:156AH         LINE#         365
  C:156FH         LINE#         366
  C:157CH         LINE#         367
  C:157CH         LINE#         369
  C:1582H         LINE#         370
  C:1582H         LINE#         371
  C:1584H         LINE#         372
  C:1584H         LINE#         374
  C:1584H         LINE#         377
  C:1584H         LINE#         423
  C:15A4H         LINE#         425
  C:15ACH         LINE#         426
  C:15ACH         LINE#         427
  C:15B1H         LINE#         428
  C:15B7H         LINE#         429
  C:15BCH         LINE#         430
  C:15BCH         LINE#         431
  C:15BEH         LINE#         433
  C:15C3H         LINE#         438
  C:15C3H         LINE#         439
  C:15C5H         LINE#         441
  C:15C5H         LINE#         442
  C:15CAH         LINE#         443
  C:15CEH         LINE#         444
  C:15D4H         LINE#         445
  C:15D4H         LINE#         446
  C:15D6H         LINE#         448
  C:15DAH         LINE#         453
  C:15DAH         LINE#         454
  C:15DAH         LINE#         467
  C:15EAH         LINE#         468
  C:15EAH         LINE#         469
  C:15F0H         LINE#         470
  C:15F6H         LINE#         471
  C:15F6H         LINE#         472
  C:15F8H         LINE#         473
  C:15FCH         LINE#         474
  C:15FCH         LINE#         475
  C:15FEH         LINE#         476
  C:1607H         LINE#         477
  C:1607H         LINE#         478
  C:160CH         LINE#         479
  C:160CH         LINE#         483
  C:1618H         LINE#         484
  C:1618H         LINE#         485
  C:161EH         LINE#         488
  C:1623H         LINE#         489
  C:1627H         LINE#         490
  C:1628H         LINE#         491
  C:1634H         LINE#         492
  C:1634H         LINE#         493
  C:1638H         LINE#         494
  C:1638H         LINE#         511
  -------         ENDPROC       CHARGE_DET
BL51 BANKED LINKER/LOCATER V6.22.4.0                                                  06/05/2026  18:46:04  PAGE 55


  -------         ENDMOD        CHARGE_DET

  -------         MODULE        LOW_POWER
  C:0000H         SYMBOL        _ICE_DUMMY_
  D:00BAH         PUBLIC        LP_CON
  D:008DH         PUBLIC        LP_WKCON
  D:008EH         PUBLIC        LP_WKPND
  D:00A8H         PUBLIC        IE0
  D:00A9H         PUBLIC        IE1
  D:00AAH         PUBLIC        IE2
  D:00ABH         PUBLIC        IE3
  B:00A8H.7       PUBLIC        IE_EA
  D:00B8H         PUBLIC        IP0
  D:00B1H         PUBLIC        IP1
  D:00B2H         PUBLIC        IP2
  D:00B3H         PUBLIC        IP3
  D:00B4H         PUBLIC        IP4
  D:00B5H         PUBLIC        IP5
  D:00B6H         PUBLIC        IP6
  D:00B7H         PUBLIC        IP7
  D:00D2H         PUBLIC        UART0_CON0
  D:00D1H         PUBLIC        TMR_ALLCON
  D:00ACH         PUBLIC        FLASH_TIMEREG1
  D:0099H         PUBLIC        ADC_CHS0
  C:17E2H         PUBLIC        low_power_handle
  C:25CFH         PUBLIC        low_power_enter_timer_callback
  X:630DH         SYMBOL        is_low_power_enter_enable
  C:2887H         PUBLIC        is_low_power_condition_establish
  C:133CH         PUBLIC        low_power_in
  C:212BH         PUBLIC        low_power_out
  C:2943H         PUBLIC        WUT_IRQHandler
  -------         PROC          IS_LOW_POWER_CONDITION_ESTABLISH
  C:2887H         LINE#         8
  C:2887H         LINE#         9
  C:2887H         LINE#         15
  C:28A4H         LINE#         19
  -------         ENDPROC       IS_LOW_POWER_CONDITION_ESTABLISH
  -------         PROC          LOW_POWER_ENTER_TIMER_CALLBACK
  -------         DO            
  X:630BH         SYMBOL        cnt
  -------         ENDDO         
  C:25CFH         LINE#         22
  C:25CFH         LINE#         23
  C:25CFH         LINE#         25
  C:25D5H         LINE#         26
  C:25D5H         LINE#         27
  C:25DFH         LINE#         28
  C:25EEH         LINE#         29
  C:25EEH         LINE#         30
  C:25F2H         LINE#         31
  C:25F7H         LINE#         32
  C:25F7H         LINE#         33
  C:25F8H         LINE#         35
  C:25F8H         LINE#         36
  C:25FFH         LINE#         37
  C:2603H         LINE#         38
  C:2603H         LINE#         39
BL51 BANKED LINKER/LOCATER V6.22.4.0                                                  06/05/2026  18:46:04  PAGE 56


  -------         ENDPROC       LOW_POWER_ENTER_TIMER_CALLBACK
  -------         PROC          LOW_POWER_IN
  C:133CH         LINE#         41
  C:133CH         LINE#         42
  C:133CH         LINE#         47
  C:133FH         LINE#         48
  C:1342H         LINE#         49
  C:1345H         LINE#         50
  C:1348H         LINE#         52
  C:134EH         LINE#         53
  C:1354H         LINE#         55
  C:135BH         LINE#         57
  C:135EH         LINE#         58
  C:1364H         LINE#         60
  C:1369H         LINE#         61
  C:136CH         LINE#         70
  C:1372H         LINE#         71
  C:1378H         LINE#         73
  C:137EH         LINE#         74
  C:1384H         LINE#         77
  C:138AH         LINE#         78
  C:138EH         LINE#         79
  C:1394H         LINE#         82
  C:1398H         LINE#         83
  C:139EH         LINE#         84
  C:13A2H         LINE#         85
  C:13A7H         LINE#         103
  C:13ABH         LINE#         104
  C:13B1H         LINE#         107
  C:13B6H         LINE#         109
  C:13BAH         LINE#         112
  C:13BEH         LINE#         113
  C:13C4H         LINE#         115
  C:13CBH         LINE#         121
  C:13CEH         LINE#         130
  C:13D4H         LINE#         131
  C:13DAH         LINE#         132
  C:13E0H         LINE#         133
  C:13E6H         LINE#         137
  C:13E9H         LINE#         138
  C:13ECH         LINE#         139
  C:13EFH         LINE#         142
  C:13F2H         LINE#         143
  C:13F5H         LINE#         145
  C:13F8H         LINE#         146
  C:13FBH         LINE#         149
  C:13FEH         LINE#         150
  C:1401H         LINE#         153
  C:1404H         LINE#         154
  C:1406H         LINE#         157
  C:140DH         LINE#         158
  C:1411H         LINE#         162
  C:1416H         LINE#         163
  C:141DH         LINE#         165
  C:1424H         LINE#         167
  C:142BH         LINE#         168
  C:1432H         LINE#         169
BL51 BANKED LINKER/LOCATER V6.22.4.0                                                  06/05/2026  18:46:04  PAGE 57


  C:1435H         LINE#         171
  C:143CH         LINE#         172
  C:1443H         LINE#         177
  C:1446H         LINE#         183
  -------         ENDPROC       LOW_POWER_IN
  -------         PROC          LOW_POWER_OUT
  C:212BH         LINE#         185
  C:212BH         LINE#         186
  C:212BH         LINE#         188
  C:212EH         LINE#         189
  C:2135H         LINE#         190
  C:213CH         LINE#         193
  C:213FH         LINE#         197
  C:2144H         LINE#         198
  C:2146H         LINE#         204
  C:214DH         LINE#         205
  C:2152H         LINE#         206
  C:2159H         LINE#         208
  C:2160H         LINE#         209
  C:2167H         LINE#         211
  C:216AH         LINE#         212
  C:216DH         LINE#         213
  C:2174H         LINE#         216
  -------         ENDPROC       LOW_POWER_OUT
  C:1898H         SYMBOL        L?0106
  -------         PROC          LOW_POWER_HANDLE
  -------         DO            
  X:623FH         SYMBOL        is_back_to_low_power
  D:0006H         SYMBOL        adc_val
  C:1805H         SYMBOL        label_low_power_in
  -------         ENDDO         
  C:17E2H         LINE#         221
  C:17E2H         LINE#         222
  C:17E2H         LINE#         223
  C:17E8H         LINE#         226
  C:17F5H         LINE#         227
  C:17F5H         LINE#         228
  C:17FCH         LINE#         229
  C:17FCH         LINE#         231
  C:17FCH         LINE#         233
  C:17FCH         LINE#         236
  C:1805H         LINE#         238
  C:1805H         LINE#         240
  C:1808H         LINE#         241
  C:180BH         LINE#         244
  C:180EH         LINE#         245
  C:1817H         LINE#         249
  C:181AH         LINE#         250
  C:181DH         LINE#         252
  C:181FH         LINE#         253
  C:181FH         LINE#         254
  C:1822H         LINE#         256
  C:182BH         LINE#         257
  C:182BH         LINE#         259
  C:1830H         LINE#         263
  C:1830H         LINE#         265
  C:1832H         LINE#         266
BL51 BANKED LINKER/LOCATER V6.22.4.0                                                  06/05/2026  18:46:04  PAGE 58


  C:1832H         LINE#         267
  C:1835H         LINE#         269
  C:1852H         LINE#         270
  C:1852H         LINE#         271
  C:1857H         LINE#         275
  C:1857H         LINE#         298
  C:185CH         LINE#         299
  C:185CH         LINE#         300
  C:1861H         LINE#         302
  C:186AH         LINE#         304
  C:186DH         LINE#         305
  C:186DH         LINE#         307
  C:1872H         LINE#         308
  C:1872H         LINE#         309
  C:1875H         LINE#         311
  C:187AH         LINE#         314
  C:1883H         LINE#         316
  C:1883H         LINE#         318
  C:188CH         LINE#         319
  C:188CH         LINE#         323
  C:188CH         LINE#         324
  C:188CH         LINE#         327
  C:1890H         LINE#         328
  C:1894H         LINE#         329
  C:1897H         LINE#         330
  -------         ENDPROC       LOW_POWER_HANDLE
  -------         PROC          WUT_IRQHANDLER
  C:2943H         LINE#         333
  C:2949H         LINE#         336
  C:2949H         LINE#         341
  C:2950H         LINE#         342
  C:2950H         LINE#         343
  C:2954H         LINE#         344
  C:2954H         LINE#         347
  C:2954H         LINE#         348
  -------         ENDPROC       WUT_IRQHANDLER
  -------         ENDMOD        LOW_POWER

  -------         MODULE        ?C?COPY
  C:011EH         PUBLIC        ?C?COPY
  -------         ENDMOD        ?C?COPY

  -------         MODULE        ?C?CLDPTR
  C:0144H         PUBLIC        ?C?CLDPTR
  -------         ENDMOD        ?C?CLDPTR

  -------         MODULE        ?C?CLDOPTR
  C:015DH         PUBLIC        ?C?CLDOPTR
  -------         ENDMOD        ?C?CLDOPTR

  -------         MODULE        ?C?CILDOPTR
  C:018AH         PUBLIC        ?C?CILDOPTR
  -------         ENDMOD        ?C?CILDOPTR

  -------         MODULE        ?C?CSTOPTR
  C:01BDH         PUBLIC        ?C?CSTOPTR
  -------         ENDMOD        ?C?CSTOPTR
BL51 BANKED LINKER/LOCATER V6.22.4.0                                                  06/05/2026  18:46:04  PAGE 59



  -------         MODULE        ?C?UIDIV
  C:01DFH         PUBLIC        ?C?UIDIV
  -------         ENDMOD        ?C?UIDIV

  -------         MODULE        ?C?IILDX
  C:0234H         PUBLIC        ?C?IILDX
  -------         ENDMOD        ?C?IILDX

  -------         MODULE        ?C?LADD
  C:024AH         PUBLIC        ?C?LADD
  -------         ENDMOD        ?C?LADD

  -------         MODULE        ?C?ULDIV
  C:0293H         PUBLIC        ?C?ULDIV
  -------         ENDMOD        ?C?ULDIV

  -------         MODULE        ?C?SLCMP
  C:0325H         PUBLIC        ?C?SLCMP
  -------         ENDMOD        ?C?SLCMP

  -------         MODULE        ?C?ULCMP
  C:033BH         PUBLIC        ?C?ULCMP
  -------         ENDMOD        ?C?ULCMP

  -------         MODULE        ?C?LLDXDATA
  C:034CH         PUBLIC        ?C?LLDXDATA
  -------         ENDMOD        ?C?LLDXDATA

  -------         MODULE        ?C?LLDXDATA0
  C:0358H         PUBLIC        ?C?LLDXDATA0
  -------         ENDMOD        ?C?LLDXDATA0

  -------         MODULE        ?C?LSTXDATA
  C:0364H         PUBLIC        ?C?LSTXDATA
  -------         ENDMOD        ?C?LSTXDATA

  -------         MODULE        ?C?LSTKXDATA
  C:0370H         PUBLIC        ?C?LSTKXDATA
  -------         ENDMOD        ?C?LSTKXDATA

  -------         MODULE        ?C?PLDXDATA
  C:03A1H         PUBLIC        ?C?PLDXDATA
  -------         ENDMOD        ?C?PLDXDATA

  -------         MODULE        ?C?PSTXDATA
  C:03AAH         PUBLIC        ?C?PSTXDATA
  -------         ENDMOD        ?C?PSTXDATA

  -------         MODULE        ?C?PLDOPTR
  C:03B3H         PUBLIC        ?C?PLDOPTR
  -------         ENDMOD        ?C?PLDOPTR

  -------         MODULE        ?C?CCASE
  C:03E3H         PUBLIC        ?C?CCASE
  -------         ENDMOD        ?C?CCASE

BL51 BANKED LINKER/LOCATER V6.22.4.0                                                  06/05/2026  18:46:04  PAGE 60


  -------         MODULE        ?C?ICALL
  C:0409H         PUBLIC        ?C?ICALL
  C:040DH         PUBLIC        ?C?ICALL2
  -------         ENDMOD        ?C?ICALL

  -------         MODULE        ?C?LIMUL
  C:040FH         PUBLIC        ?C?LIMUL
  -------         ENDMOD        ?C?LIMUL

  -------         MODULE        PRINTF
  X:6242H         PUBLIC        ?_PRINTF517?BYTE
  X:6242H         PUBLIC        ?_PRINTF?BYTE
  X:6242H         PUBLIC        ?_SPRINTF517?BYTE
  X:6242H         PUBLIC        ?_SPRINTF?BYTE
  C:088DH         PUBLIC        _PRINTF
  C:088DH         PUBLIC        _PRINTF517
  C:0887H         PUBLIC        _SPRINTF
  C:0887H         PUBLIC        _SPRINTF517
  -------         ENDMOD        PRINTF

  -------         MODULE        ?C?MEMSET
  C:043CH         PUBLIC        ?C?MEMSET
  -------         ENDMOD        ?C?MEMSET

  -------         MODULE        ?C?CSTPTR
  C:0468H         PUBLIC        ?C?CSTPTR
  -------         ENDMOD        ?C?CSTPTR

  -------         MODULE        ?C?PLDIDATA
  C:047AH         PUBLIC        ?C?PLDIDATA
  -------         ENDMOD        ?C?PLDIDATA

  -------         MODULE        ?C?PLDIXDATA
  C:0483H         PUBLIC        ?C?PLDIXDATA
  -------         ENDMOD        ?C?PLDIXDATA

  -------         MODULE        ?C?PLDPDATA
  C:049AH         PUBLIC        ?C?PLDPDATA
  -------         ENDMOD        ?C?PLDPDATA

  -------         MODULE        ?C?PLDCODE
  C:04A3H         PUBLIC        ?C?PLDCODE
  -------         ENDMOD        ?C?PLDCODE

*** WARNING L15: MULTIPLE CALL TO SEGMENT
    SEGMENT: ?PR?_GET_BATTERY_PERCENTAGE_BY_VOLTAGE?BATTERY_MONITOR
    CALLER1: ?C_C51STARTUP
    CALLER2: ?PR?ADC_IRQHANDLER?ADC

Program Size: data=15.6 xdata=788 code=10995
LINK/LOCATE RUN COMPLETE.  1 WARNING(S),  0 ERROR(S)
