BL51 BANKED LINKER/LOCATER V6.22.4.0                                                    04/11/2026  15:47:50  PAGE 1


BL51 BANKED LINKER/LOCATER V6.22.4.0, INVOKED BY:
C:\KEIL_V5\C51\BIN\BL51.EXE .\Release\Objects\STARTUP.obj, .\Release\Objects\system.obj, .\Release\Objects\adc.obj, .\Re
>> lease\Objects\pwm.obj, .\Release\Objects\timer0.obj, .\Release\Objects\timer1.obj, .\Release\Objects\uart0.obj, .\Rel
>> ease\Objects\main.obj, .\Release\Objects\uart_data_handle.obj, .\Release\Objects\key_driver.obj, .\Release\Objects\ad
>> _key.obj, .\Release\Objects\user_test.obj, .\Release\Objects\led.obj, .\Release\Objects\battery_monitor.obj, .\Releas
>> e\Objects\bluetooth_ic_handle.obj, .\Release\Objects\charge_det.obj, .\Release\Objects\low_power.obj TO .\Release\Obj
>> ects\Demo PRINT (.\Release\Listings\Demo.m51) RAMSIZE (256) CODE (0X0000-0X3EEF) XDATA (0X6000-0X66FF)


MEMORY MODEL: LARGE


INPUT MODULES INCLUDED:
  .\Release\Objects\STARTUP.obj (?C_STARTUP)
  .\Release\Objects\system.obj (SYSTEM)
  .\Release\Objects\adc.obj (ADC)
  .\Release\Objects\pwm.obj (PWM)
  .\Release\Objects\timer0.obj (TIMER0)
  .\Release\Objects\timer1.obj (TIMER1)
  .\Release\Objects\uart0.obj (UART0)
  .\Release\Objects\main.obj (MAIN)
  .\Release\Objects\uart_data_handle.obj (UART_DATA_HANDLE)
  .\Release\Objects\key_driver.obj (KEY_DRIVER)
  .\Release\Objects\ad_key.obj (AD_KEY)
  .\Release\Objects\user_test.obj (USER_TEST)
  .\Release\Objects\led.obj (LED)
  .\Release\Objects\battery_monitor.obj (BATTERY_MONITOR)
  .\Release\Objects\bluetooth_ic_handle.obj (BLUETOOTH_IC_HANDLE)
  .\Release\Objects\charge_det.obj (CHARGE_DET)
  .\Release\Objects\low_power.obj (LOW_POWER)
  C:\KEIL_V5\C51\LIB\C51L.LIB (?C_INIT)
  C:\KEIL_V5\C51\LIB\C51L.LIB (?C?COPY)
  C:\KEIL_V5\C51\LIB\C51L.LIB (?C?CLDPTR)
  C:\KEIL_V5\C51\LIB\C51L.LIB (?C?CLDOPTR)
  C:\KEIL_V5\C51\LIB\C51L.LIB (?C?CILDOPTR)
  C:\KEIL_V5\C51\LIB\C51L.LIB (?C?CSTOPTR)
  C:\KEIL_V5\C51\LIB\C51L.LIB (?C?UIDIV)
  C:\KEIL_V5\C51\LIB\C51L.LIB (?C?IILDX)
  C:\KEIL_V5\C51\LIB\C51L.LIB (?C?LADD)
  C:\KEIL_V5\C51\LIB\C51L.LIB (?C?ULDIV)
  C:\KEIL_V5\C51\LIB\C51L.LIB (?C?SLCMP)
  C:\KEIL_V5\C51\LIB\C51L.LIB (?C?ULCMP)
  C:\KEIL_V5\C51\LIB\C51L.LIB (?C?LLDXDATA)
  C:\KEIL_V5\C51\LIB\C51L.LIB (?C?LLDXDATA0)
  C:\KEIL_V5\C51\LIB\C51L.LIB (?C?LSTXDATA)
  C:\KEIL_V5\C51\LIB\C51L.LIB (?C?LSTKXDATA)
  C:\KEIL_V5\C51\LIB\C51L.LIB (?C?PLDXDATA)
  C:\KEIL_V5\C51\LIB\C51L.LIB (?C?PSTXDATA)
  C:\KEIL_V5\C51\LIB\C51L.LIB (?C?PLDOPTR)
  C:\KEIL_V5\C51\LIB\C51L.LIB (?C?CCASE)
  C:\KEIL_V5\C51\LIB\C51L.LIB (?C?ICALL)
  C:\KEIL_V5\C51\LIB\C51L.LIB (?C?LIMUL)
  C:\KEIL_V5\C51\LIB\C51L.LIB (?C?MEMSET)
  C:\KEIL_V5\C51\LIB\C51L.LIB (?C?PLDIDATA)
  C:\KEIL_V5\C51\LIB\C51L.LIB (?C?PLDPDATA)
  C:\KEIL_V5\C51\LIB\C51L.LIB (?C?PLDCODE)


BL51 BANKED LINKER/LOCATER V6.22.4.0                                                  04/11/2026  15:47:50  PAGE 2


LINK MAP OF MODULE:  .\Release\Objects\Demo (?C_STARTUP)


            TYPE    BASE      LENGTH    RELOCATION   SEGMENT NAME
            -----------------------------------------------------

            * * * * * * *   D A T A   M E M O R Y   * * * * * * *
            REG     0000H     0008H     ABSOLUTE     "REG BANK 0"
                    0008H     0018H                  *** GAP ***
            BIT     0020H.0   0000H.3   UNIT         ?BI?ADC
                    0020H.3   0000H.5                *** GAP ***
            IDATA   0021H     0001H     UNIT         ?STACK

            * * * * * * *  X D A T A   M E M O R Y  * * * * * * *
                    0000H     6000H                  *** GAP ***
            XDATA   6000H     0206H     UNIT         ?XD?UART0
            XDATA   6206H     0039H     UNIT         ?XD?AD_KEY
            XDATA   623FH     0030H     UNIT         ?XD?BATTERY_MONITOR
            XDATA   626FH     001AH     UNIT         ?XD?UART_DATA_HANDLE
            XDATA   6289H     0017H     UNIT         _XDATA_GROUP_
            XDATA   62A0H     0015H     UNIT         ?XD?CHARGE_DET
            XDATA   62B5H     0011H     UNIT         ?XD?LED
            XDATA   62C6H     0007H     UNIT         ?XD?ADC
            XDATA   62CDH     0004H     UNIT         ?XD?KEY_DRIVER
            XDATA   62D1H     0004H     UNIT         ?XD?LOW_POWER
            XDATA   62D5H     0002H     UNIT         ?XD?BLUETOOTH_IC_HANDLE

            * * * * * * *   C O D E   M E M O R Y   * * * * * * *
            CODE    0000H     0003H     ABSOLUTE     
            CODE    0003H     000CH     ABSOLUTE     
            CODE    000FH     000FH     UNIT         ?PR?UART_RECEIVER_TIMEOUT_ADD?UART_DATA_HANDLE
            CODE    001EH     0003H     ABSOLUTE     
            CODE    0021H     0003H     ABSOLUTE     
            CODE    0024H     001BH     UNIT         ?PR?TIMER0_INIT?TIMER0
            CODE    003FH     0003H     ABSOLUTE     
            CODE    0042H     0003H     ABSOLUTE     
            CODE    0045H     0005H     UNIT         ?PR?BLE_IC_DISABLE_PRE?BLUETOOTH_IC_HANDLE
                    004AH     0001H                  *** GAP ***
            CODE    004BH     0003H     ABSOLUTE     
            CODE    004EH     0438H     UNIT         ?C?LIB_CODE
            CODE    0486H     0329H     UNIT         ?C_INITSEG
            CODE    07AFH     01E3H     UNIT         ?PR?BATTERY_MONITOR_HANDLE?BATTERY_MONITOR
            CODE    0992H     01A1H     UNIT         ?PR?DETECT_1KHZ_SIGNAL_100US?CHARGE_DET
            CODE    0B33H     0193H     UNIT         ?PR?_KEY_DRIVER_SCAN?KEY_DRIVER
            CODE    0CC6H     018DH     UNIT         ?PR?LED_BAT_INSTRUCTION_TIMER_CALLBACK?LED
            CODE    0E53H     0101H     UNIT         ?PR?LOW_POWER_IN?LOW_POWER
            CODE    0F54H     00F0H     UNIT         ?PR?LED_RED_BLUE_FLASH_1MS_ISR?LED
            CODE    1044H     00CFH     UNIT         ?PR?SYSTEM_INIT?SYSTEM
            CODE    1113H     00C3H     UNIT         ?PR?LOW_POWER_HANDLE?LOW_POWER
            CODE    11D6H     00A5H     UNIT         ?PR?_UART_RECEIVER_PROCESS_BYTE?UART_DATA_HANDLE
            CODE    127BH     009EH     UNIT         ?PR?CHARGE_DET?CHARGE_DET
            CODE    1319H     009BH     UNIT         ?PR?AD_KEY_HANDLE?AD_KEY
            CODE    13B4H     008CH     UNIT         ?C_C51STARTUP
            CODE    1440H     008CH     UNIT         ?PR?LED
            CODE    14CCH     008BH     UNIT         ?PR?PWM_INIT?PWM
            CODE    1557H     007CH     UNIT         ?PR?LED_SLOW_ADJUST_ISR?LED
            CODE    15D3H     0079H     UNIT         ?PR?UART_DATA_HANDLE?UART_DATA_HANDLE
BL51 BANKED LINKER/LOCATER V6.22.4.0                                                  04/11/2026  15:47:50  PAGE 3


            CODE    164CH     0073H     UNIT         ?PR?ADC_IRQHANDLER?ADC
            CODE    16BFH     0070H     UNIT         ?PR?_LED_STATUS_SET?LED
            CODE    172FH     0066H     UNIT         ?PR?TIMR0_IRQHANDLER?TIMER0
            CODE    1795H     005DH     UNIT         ?PR?ADC_SCAN?ADC
            CODE    17F2H     0054H     UNIT         ?PR?BATTERY_MONITOR
            CODE    1846H     004EH     UNIT         ?PR?LED_INIT?LED
            CODE    1894H     004DH     UNIT         ?PR?MAIN?MAIN
            CODE    18E1H     004CH     UNIT         ?PR?_AD_KEY_VAL_TO_AD_KEY_INDEX?AD_KEY
            CODE    192DH     004AH     UNIT         ?PR?_AD_KEY_GET_EVENT?AD_KEY
            CODE    1977H     004AH     UNIT         ?PR?LOW_POWER_OUT?LOW_POWER
            CODE    19C1H     0048H     UNIT         ?PR?_GET_BATTERY_PERCENTAGE_BY_VOLTAGE?BATTERY_MONITOR
            CODE    1A09H     0046H     UNIT         ?PR?BAT_VOL_HISTORY_BUFF_GET_AVG?BATTERY_MONITOR
            CODE    1A4FH     0045H     UNIT         ?PR?TIMR1_IRQHANDLER?TIMER1
            CODE    1A94H     0045H     UNIT         ?PR?_UART_DATA_SEND_CMD?UART_DATA_HANDLE
            CODE    1AD9H     0041H     UNIT         ?PR?_UART0_RXBUFFER_PUT_BYTE?UART0
            CODE    1B1AH     0041H     UNIT         ?PR?_GET_BATTERY_VOLTAGE_BY_ADC?BATTERY_MONITOR
            CODE    1B5BH     003CH     UNIT         ?PR?_ADC_CHANNEL_SEL?ADC
            CODE    1B97H     003CH     UNIT         ?PR?UART0_RXBUFFER_GET_BYTE?UART0
            CODE    1BD3H     003AH     UNIT         ?PR?UART0_INIT?UART0
            CODE    1C0DH     0039H     UNIT         ?PR?BAT_VOL_UPDATE_TIMER_CALLBACK?BATTERY_MONITOR
            CODE    1C46H     0035H     UNIT         ?PR?LOW_POWER_ENTER_TIMER_CALLBACK?LOW_POWER
            CODE    1C7BH     0034H     UNIT         ?PR?UART0_IRQHANDLER?UART0
            CODE    1CAFH     0033H     UNIT         ?PR?AD_KEY_GET_KEY_VAL?AD_KEY
            CODE    1CE2H     0031H     UNIT         ?PR?SEND_LOW_BAT_TIMER_CALLBACK?BATTERY_MONITOR
            CODE    1D13H     0031H     UNIT         ?PR?BAT_VOL_BUFF_GET_AVG_TIMER_CALLBACK?BATTERY_MONITOR
            CODE    1D44H     0030H     UNIT         ?PR?BAT_VOL_BUFF_ADD_TIMER_CALLBACK?BATTERY_MONITOR
            CODE    1D74H     002FH     UNIT         ?PR?_ADC_UPDATE_VAL?ADC
            CODE    1DA3H     002FH     UNIT         ?PR?_BATTERY_MONITOR_REFRESH_BY_ADC_VAL?BATTERY_MONITOR
            CODE    1DD2H     002AH     UNIT         ?PR?LED_STATUS_SWITCH?LED
            CODE    1DFCH     0026H     UNIT         ?PR?_ADC_GET_VAL?ADC
            CODE    1E22H     0023H     UNIT         ?PR?_UART0_SENDBUF?UART0
            CODE    1E45H     0022H     UNIT         ?PR?ADC_INIT?ADC
            CODE    1E67H     0022H     UNIT         ?PR?UART_RECEIVER_PROCESS_CHECKSUM?UART_DATA_HANDLE
            CODE    1E89H     0022H     UNIT         ?PR?_BAT_VOL_HISTORY_BUFF_ADD?BATTERY_MONITOR
            CODE    1EABH     0022H     UNIT         ?PR?CHARGE_DET
            CODE    1ECDH     0021H     UNIT         ?PR?ADC
            CODE    1EEEH     0021H     UNIT         ?PR?USER_INIT?MAIN
            CODE    1F0FH     0021H     UNIT         ?PR?KEY_DRIVER
            CODE    1F30H     001EH     UNIT         ?PR?_ADC_GET_UPDATE_FLAG?ADC
            CODE    1F4EH     001BH     UNIT         ?PR?TIMER1_INIT?TIMER1
            CODE    1F69H     001AH     UNIT         ?PR?ADC_GET_VAL_ONCE?ADC
            CODE    1F83H     001AH     UNIT         ?PR?BLUETOOTH_IC_HANDLE_INIT?BLUETOOTH_IC_HANDLE
            CODE    1F9DH     0019H     UNIT         ?PR?CHARGE_DET_INIT?CHARGE_DET
            CODE    1FB6H     0018H     UNIT         ?PR?_DELAY_MS?SYSTEM
            CODE    1FCEH     0018H     UNIT         ?PR?IS_LOW_POWER_CONDITION_ESTABLISH?LOW_POWER
            CODE    1FE6H     0018H     UNIT         ?PR?WUT_IRQHANDLER?LOW_POWER
            CODE    1FFEH     0017H     UNIT         ?PR?UART_DATA_HANDLE
            CODE    2015H     0016H     UNIT         ?PR?PWM
            CODE    202BH     0016H     UNIT         ?PR?_BAT_VOL_HISTORY_BUFF_INIT?BATTERY_MONITOR
            CODE    2041H     0015H     UNIT         ?PR?_ADC_CLEAR_UPDATE_FLAG?ADC
            CODE    2056H     0015H     UNIT         ?PR?BLE_IC_ENABLE?BLUETOOTH_IC_HANDLE
            CODE    206BH     0013H     UNIT         ?PR?UART_RECEIVER_TIMEOUT_HANDLER?UART_DATA_HANDLE
            CODE    207EH     0012H     UNIT         ?PR?ADC_INIT_WHEN_LOW_PWR_OUT?ADC
            CODE    2090H     0012H     UNIT         ?PR?UART_RECEIVER_RESET?UART_DATA_HANDLE
            CODE    20A2H     0011H     UNIT         ?PR?ADC_PIN_INIT?ADC
            CODE    20B3H     000FH     UNIT         ?PR?AD_KEY
            CODE    20C2H     000FH     UNIT         ?PR?LED_CTL_INIT?LED
BL51 BANKED LINKER/LOCATER V6.22.4.0                                                  04/11/2026  15:47:50  PAGE 4


            CODE    20D1H     000EH     UNIT         ?PR?LED_YELLOW_ON?LED
            CODE    20DFH     000EH     UNIT         ?PR?LED_WHITE_ON?LED
            CODE    20EDH     000BH     UNIT         ?PR?_DELAY?SYSTEM
            CODE    20F8H     0009H     UNIT         ?PR?_PWM_SET_CHANNEL_0_DUTY?PWM
            CODE    2101H     0009H     UNIT         ?PR?_PWM_SET_CHANNEL_1_DUTY?PWM
            CODE    210AH     0009H     UNIT         ?PR?UART0_RXBUFFER_GET_COUNT?UART0
            CODE    2113H     0008H     UNIT         ?PR?_UART0_SENDBYTE?UART0
            CODE    211BH     0008H     UNIT         ?CO?UART_DATA_HANDLE
            CODE    2123H     0008H     UNIT         ?PR?LED_YELLOW_OFF?LED
            CODE    212BH     0008H     UNIT         ?PR?LED_WHITE_OFF?LED
            CODE    2133H     0008H     UNIT         ?PR?BLE_IC_DISABLE_POST?BLUETOOTH_IC_HANDLE
            CODE    213BH     0007H     UNIT         ?PR?UART0



OVERLAY MAP OF MODULE:   .\Release\Objects\Demo (?C_STARTUP)


SEGMENT                                            XDATA_GROUP
  +--> CALLED SEGMENT                            START    LENGTH
----------------------------------------------------------------
?C_C51STARTUP                                    -----    -----
  +--> ?PR?MAIN?MAIN
  +--> ?C_INITSEG

?PR?MAIN?MAIN                                    -----    -----
  +--> ?PR?SYSTEM_INIT?SYSTEM
  +--> ?PR?USER_INIT?MAIN
  +--> ?PR?_DELAY_MS?SYSTEM
  +--> ?PR?_KEY_DRIVER_SCAN?KEY_DRIVER
  +--> ?PR?AD_KEY_HANDLE?AD_KEY
  +--> ?PR?UART_DATA_HANDLE?UART_DATA_HANDLE
  +--> ?PR?BATTERY_MONITOR_HANDLE?BATTERY_MO...
  +--> ?PR?CHARGE_DET?CHARGE_DET
  +--> ?PR?LOW_POWER_HANDLE?LOW_POWER

?PR?SYSTEM_INIT?SYSTEM                           -----    -----
  +--> ?PR?_DELAY?SYSTEM
  +--> ?PR?_DELAY_MS?SYSTEM

?PR?_DELAY_MS?SYSTEM                             -----    -----
  +--> ?PR?_DELAY?SYSTEM

?PR?USER_INIT?MAIN                               -----    -----
  +--> ?PR?ADC_PIN_INIT?ADC
  +--> ?PR?ADC_INIT?ADC
  +--> ?PR?LED_INIT?LED
  +--> ?PR?UART0_INIT?UART0
  +--> ?PR?PWM_INIT?PWM
  +--> ?PR?BLUETOOTH_IC_HANDLE_INIT?BLUETOOT...
  +--> ?PR?UART_RECEIVER_RESET?UART_DATA_HANDLE
  +--> ?PR?LED_CTL_INIT?LED
  +--> ?PR?CHARGE_DET_INIT?CHARGE_DET
  +--> ?PR?TIMER0_INIT?TIMER0
  +--> ?PR?TIMER1_INIT?TIMER1

?PR?ADC_INIT?ADC                                 -----    -----
BL51 BANKED LINKER/LOCATER V6.22.4.0                                                  04/11/2026  15:47:50  PAGE 5


  +--> ?PR?_DELAY_MS?SYSTEM

?PR?LED_INIT?LED                                 -----    -----
  +--> ?PR?LED

?PR?PWM_INIT?PWM                                 -----    -----
  +--> ?PR?PWM

?PR?_KEY_DRIVER_SCAN?KEY_DRIVER                  6289H    0002H
  +--> ?PR?KEY_DRIVER

?PR?AD_KEY_HANDLE?AD_KEY                         6289H    0001H
  +--> ?PR?_AD_KEY_GET_EVENT?AD_KEY
  +--> ?PR?LED_STATUS_SWITCH?LED
  +--> ?PR?_UART_DATA_SEND_CMD?UART_DATA_HANDLE
  +--> ?PR?BLE_IC_DISABLE_PRE?BLUETOOTH_IC_H...
  +--> ?PR?BLE_IC_ENABLE?BLUETOOTH_IC_HANDLE

?PR?_AD_KEY_GET_EVENT?AD_KEY                     -----    -----
  +--> ?PR?AD_KEY

?PR?LED_STATUS_SWITCH?LED                        -----    -----
  +--> ?PR?_LED_STATUS_SET?LED

?PR?_LED_STATUS_SET?LED                          628DH    0001H
  +--> ?PR?LED_YELLOW_OFF?LED
  +--> ?PR?LED_WHITE_OFF?LED
  +--> ?PR?LED_WHITE_ON?LED
  +--> ?PR?LED_YELLOW_ON?LED

?PR?LED_WHITE_ON?LED                             -----    -----
  +--> ?PR?_PWM_SET_CHANNEL_1_DUTY?PWM

?PR?_PWM_SET_CHANNEL_1_DUTY?PWM                  -----    -----
  +--> ?PR?PWM

?PR?LED_YELLOW_ON?LED                            -----    -----
  +--> ?PR?_PWM_SET_CHANNEL_0_DUTY?PWM

?PR?_PWM_SET_CHANNEL_0_DUTY?PWM                  -----    -----
  +--> ?PR?PWM

?PR?_UART_DATA_SEND_CMD?UART_DATA_HANDLE         628DH    0009H
  +--> ?CO?UART_DATA_HANDLE
  +--> ?PR?_UART0_SENDBUF?UART0

?PR?_UART0_SENDBUF?UART0                         6296H    0003H
  +--> ?PR?_UART0_SENDBYTE?UART0

?PR?BLE_IC_DISABLE_PRE?BLUETOOTH_IC_H...         -----    -----
  +--> ?PR?_UART_DATA_SEND_CMD?UART_DATA_HANDLE

?PR?BLE_IC_ENABLE?BLUETOOTH_IC_HANDLE            -----    -----
  +--> ?PR?_DELAY_MS?SYSTEM
  +--> ?PR?_UART_DATA_SEND_CMD?UART_DATA_HANDLE

?PR?UART_DATA_HANDLE?UART_DATA_HANDLE            -----    -----
BL51 BANKED LINKER/LOCATER V6.22.4.0                                                  04/11/2026  15:47:50  PAGE 6


  +--> ?PR?UART_RECEIVER_RESET?UART_DATA_HANDLE
  +--> ?PR?UART_RECEIVER_TIMEOUT_HANDLER?UAR...
  +--> ?PR?UART0_RXBUFFER_GET_COUNT?UART0
  +--> ?PR?UART0_RXBUFFER_GET_BYTE?UART0
  +--> ?PR?_UART_RECEIVER_PROCESS_BYTE?UART_...
  +--> ?PR?BLE_IC_DISABLE_POST?BLUETOOTH_IC_...

?PR?UART_RECEIVER_TIMEOUT_HANDLER?UAR...         -----    -----
  +--> ?PR?UART_RECEIVER_RESET?UART_DATA_HANDLE

?PR?UART0_RXBUFFER_GET_BYTE?UART0                -----    -----
  +--> ?PR?UART0

?PR?_UART_RECEIVER_PROCESS_BYTE?UART_...         -----    -----
  +--> ?PR?UART_DATA_HANDLE
  +--> ?PR?UART_RECEIVER_PROCESS_CHECKSUM?UA...

?PR?BATTERY_MONITOR_HANDLE?BATTERY_MO...         6289H    0004H
  +--> ?PR?_ADC_GET_UPDATE_FLAG?ADC
  +--> ?PR?_ADC_CLEAR_UPDATE_FLAG?ADC
  +--> ?PR?_ADC_GET_VAL?ADC
  +--> ?PR?_GET_BATTERY_VOLTAGE_BY_ADC?BATTE...
  +--> ?PR?BATTERY_MONITOR
  +--> ?PR?_BAT_VOL_HISTORY_BUFF_INIT?BATTER...
  +--> ?PR?_GET_BATTERY_PERCENTAGE_BY_VOLTAG...
  +--> ?PR?_BAT_VOL_HISTORY_BUFF_ADD?BATTERY...
  +--> ?PR?_LED_STATUS_SET?LED
  +--> ?PR?_UART_DATA_SEND_CMD?UART_DATA_HANDLE
  +--> ?PR?_DELAY_MS?SYSTEM
  +--> ?PR?BLE_IC_DISABLE_PRE?BLUETOOTH_IC_H...
  +--> ?PR?BLE_IC_ENABLE?BLUETOOTH_IC_HANDLE
  +--> ?PR?BAT_VOL_HISTORY_BUFF_GET_AVG?BATT...

?PR?_BAT_VOL_HISTORY_BUFF_INIT?BATTER...         -----    -----
  +--> ?PR?BATTERY_MONITOR

?PR?_GET_BATTERY_PERCENTAGE_BY_VOLTAG...         628DH    0004H

?PR?_BAT_VOL_HISTORY_BUFF_ADD?BATTERY...         -----    -----
  +--> ?PR?BATTERY_MONITOR

?PR?BAT_VOL_HISTORY_BUFF_GET_AVG?BATT...         628DH    0005H
  +--> ?PR?BATTERY_MONITOR

?PR?CHARGE_DET?CHARGE_DET                        6289H    0002H
  +--> ?PR?_ADC_GET_UPDATE_FLAG?ADC
  +--> ?PR?_ADC_CLEAR_UPDATE_FLAG?ADC
  +--> ?PR?_ADC_GET_VAL?ADC
  +--> ?PR?_LED_STATUS_SET?LED
  +--> ?PR?BLE_IC_DISABLE_PRE?BLUETOOTH_IC_H...

?PR?LOW_POWER_HANDLE?LOW_POWER                   6289H    0003H
  +--> ?PR?LOW_POWER_IN?LOW_POWER
  +--> ?PR?LOW_POWER_OUT?LOW_POWER
  +--> ?PR?ADC_PIN_INIT?ADC
  +--> ?PR?ADC_INIT_WHEN_LOW_PWR_OUT?ADC
  +--> ?PR?_ADC_CHANNEL_SEL?ADC
BL51 BANKED LINKER/LOCATER V6.22.4.0                                                  04/11/2026  15:47:50  PAGE 7


  +--> ?PR?_DELAY_MS?SYSTEM
  +--> ?PR?ADC_GET_VAL_ONCE?ADC
  +--> ?PR?_BATTERY_MONITOR_REFRESH_BY_ADC_V...
  +--> ?PR?USER_INIT?MAIN

?PR?LOW_POWER_IN?LOW_POWER                       -----    -----
  +--> ?PR?_DELAY_MS?SYSTEM

?PR?ADC_GET_VAL_ONCE?ADC                         -----    -----
  +--> ?PR?ADC

?PR?ADC                                          -----    -----
  +--> ?PR?_ADC_CHANNEL_SEL?ADC

?PR?_BATTERY_MONITOR_REFRESH_BY_ADC_V...         -----    -----
  +--> ?PR?_GET_BATTERY_VOLTAGE_BY_ADC?BATTE...
  +--> ?PR?BATTERY_MONITOR
  +--> ?PR?_BAT_VOL_HISTORY_BUFF_INIT?BATTER...
  +--> ?PR?_GET_BATTERY_PERCENTAGE_BY_VOLTAG...

?C_INITSEG                                       -----    -----
  +--> ?PR?AD_KEY_GET_KEY_VAL?AD_KEY

?PR?AD_KEY_GET_KEY_VAL?AD_KEY                    6289H    0001H
  +--> ?PR?_ADC_GET_UPDATE_FLAG?ADC
  +--> ?PR?_ADC_CLEAR_UPDATE_FLAG?ADC
  +--> ?PR?_ADC_GET_VAL?ADC
  +--> ?PR?_AD_KEY_VAL_TO_AD_KEY_INDEX?AD_KEY

?PR?_AD_KEY_VAL_TO_AD_KEY_INDEX?AD_KEY           628AH    0002H

*** NEW ROOT ***************************************************

?PR?ADC_IRQHANDLER?ADC                           6299H    0002H
  +--> ?PR?ADC
  +--> ?PR?_ADC_UPDATE_VAL?ADC

*** NEW ROOT ***************************************************

?PR?TIMR0_IRQHANDLER?TIMER0                      -----    -----
  +--> ?PR?ADC_SCAN?ADC
  +--> ?PR?UART_RECEIVER_TIMEOUT_ADD?UART_DA...
  +--> ?PR?BAT_VOL_UPDATE_TIMER_CALLBACK?BAT...
  +--> ?PR?BAT_VOL_BUFF_ADD_TIMER_CALLBACK?B...
  +--> ?PR?BAT_VOL_BUFF_GET_AVG_TIMER_CALLBA...
  +--> ?PR?LED_SLOW_ADJUST_ISR?LED
  +--> ?PR?LED_RED_BLUE_FLASH_1MS_ISR?LED
  +--> ?PR?LED_BAT_INSTRUCTION_TIMER_CALLBAC...
  +--> ?PR?LOW_POWER_ENTER_TIMER_CALLBACK?LO...
  +--> ?PR?SEND_LOW_BAT_TIMER_CALLBACK?BATTE...

?PR?ADC_SCAN?ADC                                 -----    -----
  +--> ?PR?ADC

?PR?BAT_VOL_BUFF_ADD_TIMER_CALLBACK?B...         -----    -----
  +--> ?PR?BATTERY_MONITOR

BL51 BANKED LINKER/LOCATER V6.22.4.0                                                  04/11/2026  15:47:50  PAGE 8


?PR?BAT_VOL_BUFF_GET_AVG_TIMER_CALLBA...         -----    -----
  +--> ?PR?BATTERY_MONITOR

?PR?LED_SLOW_ADJUST_ISR?LED                      -----    -----
  +--> ?PR?LED
  +--> ?PR?_PWM_SET_CHANNEL_0_DUTY?PWM
  +--> ?PR?_PWM_SET_CHANNEL_1_DUTY?PWM

?PR?LED_RED_BLUE_FLASH_1MS_ISR?LED               629BH    0002H
  +--> ?PR?LED

?PR?LED_BAT_INSTRUCTION_TIMER_CALLBAC...         -----    -----
  +--> ?PR?LED

?PR?LOW_POWER_ENTER_TIMER_CALLBACK?LO...         -----    -----
  +--> ?PR?IS_LOW_POWER_CONDITION_ESTABLISH?...

*** NEW ROOT ***************************************************

?PR?TIMR1_IRQHANDLER?TIMER1                      -----    -----
  +--> ?PR?DETECT_1KHZ_SIGNAL_100US?CHARGE_DET

?PR?DETECT_1KHZ_SIGNAL_100US?CHARGE_DET          629DH    0002H
  +--> ?PR?CHARGE_DET

*** NEW ROOT ***************************************************

?PR?UART0_IRQHANDLER?UART0                       629FH    0001H
  +--> ?PR?_UART0_RXBUFFER_PUT_BYTE?UART0

?PR?_UART0_RXBUFFER_PUT_BYTE?UART0               -----    -----
  +--> ?PR?UART0



SYMBOL TABLE OF MODULE:  .\Release\Objects\Demo (?C_STARTUP)

  VALUE           TYPE          NAME
  ----------------------------------

  -------         MODULE        ?C_STARTUP
  C:13B4H         SEGMENT       ?C_C51STARTUP
  I:0021H         SEGMENT       ?STACK
  C:0000H         PUBLIC        ?C_STARTUP
  D:00E0H         SYMBOL        ACC
  D:00F0H         SYMBOL        B
  D:0083H         SYMBOL        DPH
  D:0082H         SYMBOL        DPL
  N:0000H         SYMBOL        IBPSTACK
  N:0100H         SYMBOL        IBPSTACKTOP
  N:0080H         SYMBOL        IDATALEN
  C:13B7H         SYMBOL        IDATALOOP
  N:0000H         SYMBOL        PBPSTACK
  N:0100H         SYMBOL        PBPSTACKTOP
  N:0000H         SYMBOL        PDATALEN
  N:0000H         SYMBOL        PDATASTART
  N:0000H         SYMBOL        PPAGE
BL51 BANKED LINKER/LOCATER V6.22.4.0                                                  04/11/2026  15:47:50  PAGE 9


  N:0000H         SYMBOL        PPAGEENABLE
  D:00A0H         SYMBOL        PPAGE_SFR
  D:0081H         SYMBOL        SP
  C:13B4H         SYMBOL        STARTUP1
  N:0000H         SYMBOL        XBPSTACK
  N:0000H         SYMBOL        XBPSTACKTOP
  N:0000H         SYMBOL        XDATALEN
  N:0000H         SYMBOL        XDATASTART
  C:0000H         LINE#         126
  C:13B4H         LINE#         133
  C:13B6H         LINE#         134
  C:13B7H         LINE#         135
  C:13B8H         LINE#         136
  C:13BAH         LINE#         185
  C:13BDH         LINE#         196
  -------         ENDMOD        ?C_STARTUP

  -------         MODULE        SYSTEM
  C:0000H         SYMBOL        _ICE_DUMMY_
  D:00A7H         PUBLIC        FLASH_TIMEREG0
  D:00ACH         PUBLIC        FLASH_TIMEREG1
  C:20EDH         PUBLIC        _delay
  C:1FB6H         PUBLIC        _delay_ms
  C:1044H         PUBLIC        system_init
  -------         PROC          _DELAY
  D:0006H         SYMBOL        cnt
  C:20EDH         LINE#         37
  C:20EDH         LINE#         38
  C:20EDH         LINE#         39
  C:20F7H         LINE#         40
  C:20F7H         LINE#         41
  C:20F7H         LINE#         42
  -------         ENDPROC       _DELAY
  -------         PROC          _DELAY_MS
  D:0002H         SYMBOL        ms
  C:1FB6H         LINE#         49
  C:1FBAH         LINE#         50
  C:1FBAH         LINE#         51
  C:1FC4H         LINE#         52
  C:1FC4H         LINE#         53
  C:1FCBH         LINE#         54
  C:1FCDH         LINE#         55
  -------         ENDPROC       _DELAY_MS
  -------         PROC          SYSTEM_INIT
  -------         DO            
  D:0007H         SYMBOL        i
  -------         ENDDO         
  C:1044H         LINE#         62
  C:1044H         LINE#         63
  C:1044H         LINE#         66
  C:104BH         LINE#         67
  C:1058H         LINE#         68
  C:105BH         LINE#         69
  C:105EH         LINE#         70
  C:1064H         LINE#         71
  C:106AH         LINE#         72
  C:1070H         LINE#         76
BL51 BANKED LINKER/LOCATER V6.22.4.0                                                  04/11/2026  15:47:50  PAGE 10


  C:1072H         LINE#         77
  C:1072H         LINE#         78
  C:107FH         LINE#         79
  C:1084H         LINE#         81
  C:1112H         LINE#         82
  -------         ENDPROC       SYSTEM_INIT
  -------         ENDMOD        SYSTEM

  -------         MODULE        ADC
  C:0000H         SYMBOL        _ICE_DUMMY_
  D:00A8H         PUBLIC        IE0
  D:00A9H         PUBLIC        IE1
  D:00AAH         PUBLIC        IE2
  D:00ABH         PUBLIC        IE3
  B:00A8H.7       PUBLIC        IE_EA
  D:00B8H         PUBLIC        IP0
  D:00B1H         PUBLIC        IP1
  D:00B2H         PUBLIC        IP2
  D:00B3H         PUBLIC        IP3
  D:00B4H         PUBLIC        IP4
  D:00B5H         PUBLIC        IP5
  D:00B6H         PUBLIC        IP6
  D:00B7H         PUBLIC        IP7
  D:0093H         PUBLIC        ADC_DATAH0
  D:0094H         PUBLIC        ADC_DATAL0
  D:0099H         PUBLIC        ADC_CHS0
  X:62C6H         PUBLIC        cur_adc_status
  C:20A2H         PUBLIC        adc_pin_init
  C:1E45H         PUBLIC        adc_init
  C:1795H         PUBLIC        adc_scan
  C:207EH         PUBLIC        adc_init_when_low_pwr_out
  C:1D74H         PUBLIC        _adc_update_val
  C:1DFCH         PUBLIC        _adc_get_val
  C:1F30H         PUBLIC        _adc_get_update_flag
  C:2041H         PUBLIC        _adc_clear_update_flag
  C:1B5BH         PUBLIC        _adc_channel_sel
  C:1F69H         PUBLIC        adc_get_val_once
  X:62C7H         SYMBOL        adc_adkey_val
  B:0020H.0       SYMBOL        flag_is_adkey_val_update
  X:62C9H         SYMBOL        adc_bat_det_val
  B:0020H.1       SYMBOL        flag_is_adc_bat_det_val_update
  X:62CBH         SYMBOL        adc_solar_det_val
  B:0020H.2       SYMBOL        flag_is_adc_solar_det_val_update
  C:164CH         PUBLIC        ADC_IRQHandler
  C:1ECDH         SYMBOL        Com0060
  C:1ECDH         SYMBOL        L?0097
  C:1ECDH         SYMBOL        L?0098
  C:1ED6H         SYMBOL        L?0099
  C:1ED6H         SYMBOL        L?0100
  C:1EDDH         SYMBOL        L?0101
  C:1EE7H         SYMBOL        L?0102
  C:1EE7H         SYMBOL        L?0103
  -------         PROC          COM0060
  -------         ENDPROC       COM0060
  -------         PROC          ADC_PIN_INIT
  C:20A2H         LINE#         17
  C:20A2H         LINE#         18
BL51 BANKED LINKER/LOCATER V6.22.4.0                                                  04/11/2026  15:47:50  PAGE 11


  C:20A2H         LINE#         20
  C:20A8H         LINE#         23
  C:20AEH         LINE#         28
  C:20B2H         LINE#         29
  -------         ENDPROC       ADC_PIN_INIT
  -------         PROC          ADC_INIT
  C:1E45H         LINE#         31
  C:1E45H         LINE#         32
  C:1E45H         LINE#         33
  C:1E4AH         LINE#         35
  C:1E50H         LINE#         39
  C:1E53H         LINE#         40
  C:1E55H         LINE#         42
  C:1E5BH         LINE#         44
  C:1E60H         LINE#         47
  -------         ENDPROC       ADC_INIT
  -------         PROC          _ADC_UPDATE_VAL
  D:0007H         SYMBOL        adc_channel
  D:0004H         SYMBOL        adc_val
  C:1D74H         LINE#         56
  C:1D74H         LINE#         57
  C:1D74H         LINE#         58
  C:1D80H         LINE#         59
  C:1D80H         LINE#         60
  C:1D80H         LINE#         61
  C:1D88H         LINE#         62
  C:1D8AH         LINE#         63
  C:1D8BH         LINE#         64
  C:1D8BH         LINE#         65
  C:1D93H         LINE#         66
  C:1D95H         LINE#         67
  C:1D96H         LINE#         68
  C:1D96H         LINE#         69
  C:1DA0H         LINE#         70
  C:1DA2H         LINE#         71
  C:1DA2H         LINE#         72
  C:1DA2H         LINE#         73
  -------         ENDPROC       _ADC_UPDATE_VAL
  -------         PROC          _ADC_GET_VAL
  D:0007H         SYMBOL        adc_channel
  -------         DO            
  D:0004H         SYMBOL        ret
  -------         ENDDO         
  C:1DFCH         LINE#         75
  C:1DFCH         LINE#         76
  C:1DFCH         LINE#         77
  C:1DFFH         LINE#         78
  C:1E0BH         LINE#         79
  C:1E0BH         LINE#         80
  C:1E0BH         LINE#         81
  C:1E0EH         LINE#         82
  C:1E10H         LINE#         83
  C:1E10H         LINE#         84
  C:1E13H         LINE#         85
  C:1E15H         LINE#         86
  C:1E15H         LINE#         87
  C:1E1DH         LINE#         88
BL51 BANKED LINKER/LOCATER V6.22.4.0                                                  04/11/2026  15:47:50  PAGE 12


  C:1E1DH         LINE#         90
  C:1E1DH         LINE#         91
  C:1E1DH         LINE#         92
  C:1E1DH         LINE#         94
  C:1E21H         LINE#         95
  -------         ENDPROC       _ADC_GET_VAL
  -------         PROC          _ADC_GET_UPDATE_FLAG
  D:0007H         SYMBOL        adc_channel
  -------         DO            
  D:0006H         SYMBOL        ret
  -------         ENDDO         
  C:1F30H         LINE#         98
  C:1F30H         LINE#         99
  C:1F30H         LINE#         100
  C:1F32H         LINE#         101
  C:1F3EH         LINE#         102
  C:1F3EH         LINE#         103
  C:1F3EH         LINE#         104
  C:1F40H         LINE#         105
  C:1F42H         LINE#         106
  C:1F42H         LINE#         107
  C:1F44H         LINE#         108
  C:1F46H         LINE#         109
  C:1F46H         LINE#         110
  C:1F4BH         LINE#         111
  C:1F4BH         LINE#         113
  C:1F4BH         LINE#         114
  C:1F4BH         LINE#         115
  C:1F4BH         LINE#         117
  C:1F4DH         LINE#         118
  -------         ENDPROC       _ADC_GET_UPDATE_FLAG
  -------         PROC          _ADC_CLEAR_UPDATE_FLAG
  D:0007H         SYMBOL        adc_channel
  C:2041H         LINE#         121
  C:2041H         LINE#         122
  C:2041H         LINE#         123
  C:204DH         LINE#         124
  C:204DH         LINE#         125
  C:204DH         LINE#         126
  C:204FH         LINE#         127
  C:2050H         LINE#         128
  C:2050H         LINE#         129
  C:2052H         LINE#         130
  C:2053H         LINE#         131
  C:2053H         LINE#         132
  C:2055H         LINE#         133
  C:2055H         LINE#         135
  C:2055H         LINE#         136
  C:2055H         LINE#         137
  C:2055H         LINE#         138
  -------         ENDPROC       _ADC_CLEAR_UPDATE_FLAG
  -------         PROC          _ADC_CHANNEL_SEL
  D:0007H         SYMBOL        adc_channel
  C:1B5BH         LINE#         140
  C:1B5BH         LINE#         141
  C:1B5BH         LINE#         142
  C:1B62H         LINE#         146
BL51 BANKED LINKER/LOCATER V6.22.4.0                                                  04/11/2026  15:47:50  PAGE 13


  C:1B6EH         LINE#         147
  C:1B6EH         LINE#         148
  C:1B6EH         LINE#         150
  C:1B75H         LINE#         152
  C:1B78H         LINE#         153
  C:1B7AH         LINE#         154
  C:1B7AH         LINE#         155
  C:1B81H         LINE#         158
  C:1B84H         LINE#         160
  C:1B86H         LINE#         161
  C:1B86H         LINE#         165
  C:1B8DH         LINE#         168
  C:1B90H         LINE#         169
  C:1B90H         LINE#         171
  C:1B90H         LINE#         172
  C:1B90H         LINE#         173
  C:1B90H         LINE#         175
  C:1B96H         LINE#         177
  -------         ENDPROC       _ADC_CHANNEL_SEL
  -------         PROC          ADC_INIT_WHEN_LOW_PWR_OUT
  C:207EH         LINE#         180
  C:207EH         LINE#         181
  C:207EH         LINE#         182
  C:2084H         LINE#         185
  C:208AH         LINE#         186
  C:208FH         LINE#         188
  -------         ENDPROC       ADC_INIT_WHEN_LOW_PWR_OUT
  -------         PROC          ADC_GET_VAL_ONCE
  C:1F69H         LINE#         190
  C:1F69H         LINE#         191
  C:1F69H         LINE#         192
  C:1F6CH         LINE#         193
  C:1F72H         LINE#         195
  C:1F75H         LINE#         196
  C:1F82H         LINE#         197
  -------         ENDPROC       ADC_GET_VAL_ONCE
  -------         PROC          ADC_SCAN
  C:1795H         LINE#         200
  C:1795H         LINE#         201
  C:1795H         LINE#         202
  C:179FH         LINE#         204
  C:179FH         LINE#         205
  C:17A1H         LINE#         206
  C:17A7H         LINE#         207
  C:17A8H         LINE#         208
  C:17AFH         LINE#         209
  C:17AFH         LINE#         211
  C:17B2H         LINE#         212
  C:17B5H         LINE#         213
  C:17B6H         LINE#         214
  C:17BDH         LINE#         215
  C:17BDH         LINE#         216
  C:17BFH         LINE#         217
  C:17C5H         LINE#         218
  C:17C6H         LINE#         219
  C:17CDH         LINE#         220
  C:17CDH         LINE#         222
BL51 BANKED LINKER/LOCATER V6.22.4.0                                                  04/11/2026  15:47:50  PAGE 14


  C:17D0H         LINE#         223
  C:17D3H         LINE#         224
  C:17D4H         LINE#         225
  C:17DBH         LINE#         226
  C:17DBH         LINE#         227
  C:17DDH         LINE#         228
  C:17E3H         LINE#         229
  C:17E4H         LINE#         230
  C:17EBH         LINE#         231
  C:17EBH         LINE#         233
  C:17EEH         LINE#         234
  C:17F1H         LINE#         235
  C:17F1H         LINE#         236
  -------         ENDPROC       ADC_SCAN
  -------         PROC          ADC_IRQHANDLER
  -------         DO            
  X:6299H         SYMBOL        adc_val
  -------         ENDDO         
  C:164CH         LINE#         238
  C:1661H         LINE#         243
  C:1661H         LINE#         247
  C:1667H         LINE#         248
  C:1667H         LINE#         249
  C:167BH         LINE#         250
  C:1682H         LINE#         251
  C:1682H         LINE#         252
  C:1687H         LINE#         253
  C:1689H         LINE#         254
  C:1690H         LINE#         255
  C:1690H         LINE#         256
  C:1695H         LINE#         257
  C:1697H         LINE#         258
  C:169EH         LINE#         259
  C:169EH         LINE#         260
  C:16A6H         LINE#         261
  C:16A6H         LINE#         263
  C:16ACH         LINE#         264
  C:16ACH         LINE#         267
  C:16ACH         LINE#         268
  -------         ENDPROC       ADC_IRQHANDLER
  -------         ENDMOD        ADC

  -------         MODULE        PWM
  C:0000H         SYMBOL        _ICE_DUMMY_
  B:00A0H.7       PUBLIC        P27
  B:00B0H.0       PUBLIC        P30
  C:14CCH         PUBLIC        pwm_init
  C:20F8H         PUBLIC        _pwm_set_channel_0_duty
  C:2101H         PUBLIC        _pwm_set_channel_1_duty
  C:2015H         SYMBOL        Com0004
  C:2015H         SYMBOL        L?0005
  C:2020H         SYMBOL        L?0006
  -------         PROC          COM0004
  -------         ENDPROC       COM0004
  -------         PROC          PWM_INIT
  C:14CCH         LINE#         3
  C:14CCH         LINE#         4
BL51 BANKED LINKER/LOCATER V6.22.4.0                                                  04/11/2026  15:47:50  PAGE 15


  C:14CCH         LINE#         6
  C:14D2H         LINE#         7
  C:14D6H         LINE#         9
  C:14D8H         LINE#         10
  C:14DDH         LINE#         13
  C:14E3H         LINE#         14
  C:14E7H         LINE#         16
  C:14E9H         LINE#         17
  C:14EEH         LINE#         21
  C:14F4H         LINE#         22
  C:14F9H         LINE#         23
  C:14FEH         LINE#         24
  C:1502H         LINE#         25
  C:1504H         LINE#         26
  C:1504H         LINE#         27
  C:1504H         LINE#         29
  C:150AH         LINE#         30
  C:1510H         LINE#         31
  C:1516H         LINE#         32
  C:151CH         LINE#         33
  C:1522H         LINE#         37
  C:1528H         LINE#         38
  C:152DH         LINE#         39
  C:1532H         LINE#         40
  C:1536H         LINE#         41
  C:1538H         LINE#         42
  C:1538H         LINE#         43
  C:1538H         LINE#         45
  C:153EH         LINE#         46
  C:1544H         LINE#         47
  C:154AH         LINE#         48
  C:1550H         LINE#         49
  C:1556H         LINE#         50
  -------         ENDPROC       PWM_INIT
  -------         PROC          _PWM_SET_CHANNEL_0_DUTY
  D:0004H         SYMBOL        channel_duty
  C:20F8H         LINE#         53
  C:20F8H         LINE#         54
  C:20F8H         LINE#         55
  C:20FAH         LINE#         56
  C:20FAH         LINE#         57
  C:2100H         LINE#         58
  -------         ENDPROC       _PWM_SET_CHANNEL_0_DUTY
  -------         PROC          _PWM_SET_CHANNEL_1_DUTY
  D:0004H         SYMBOL        channel_duty
  C:2101H         LINE#         61
  C:2101H         LINE#         62
  C:2101H         LINE#         63
  C:2103H         LINE#         64
  C:2103H         LINE#         65
  C:2109H         LINE#         66
  -------         ENDPROC       _PWM_SET_CHANNEL_1_DUTY
  -------         ENDMOD        PWM

  -------         MODULE        TIMER0
  C:0000H         SYMBOL        _ICE_DUMMY_
  D:00A8H         PUBLIC        IE0
BL51 BANKED LINKER/LOCATER V6.22.4.0                                                  04/11/2026  15:47:50  PAGE 16


  D:00A9H         PUBLIC        IE1
  D:00AAH         PUBLIC        IE2
  D:00ABH         PUBLIC        IE3
  B:00A8H.7       PUBLIC        IE_EA
  D:00B8H         PUBLIC        IP0
  D:00B1H         PUBLIC        IP1
  D:00B2H         PUBLIC        IP2
  D:00B3H         PUBLIC        IP3
  D:00B4H         PUBLIC        IP4
  D:00B5H         PUBLIC        IP5
  D:00B6H         PUBLIC        IP6
  D:00B7H         PUBLIC        IP7
  D:00D1H         PUBLIC        TMR_ALLCON
  C:0024H         PUBLIC        timer0_init
  C:172FH         PUBLIC        TIMR0_IRQHandler
  -------         PROC          TIMER0_INIT
  C:0024H         LINE#         10
  C:0024H         LINE#         11
  C:0024H         LINE#         12
  C:0027H         LINE#         13
  C:0029H         LINE#         15
  C:002CH         LINE#         16
  C:0031H         LINE#         17
  C:0035H         LINE#         18
  C:003AH         LINE#         19
  C:003EH         LINE#         20
  -------         ENDPROC       TIMER0_INIT
  -------         PROC          TIMR0_IRQHANDLER
  C:172FH         LINE#         24
  C:174CH         LINE#         27
  C:174CH         LINE#         32
  C:1752H         LINE#         33
  C:1752H         LINE#         34
  C:1756H         LINE#         40
  C:175CH         LINE#         41
  C:175FH         LINE#         43
  C:1762H         LINE#         45
  C:1765H         LINE#         46
  C:1768H         LINE#         47
  C:176BH         LINE#         49
  C:176EH         LINE#         50
  C:1771H         LINE#         51
  C:1774H         LINE#         53
  C:1777H         LINE#         54
  C:177AH         LINE#         60
  C:177AH         LINE#         63
  C:177AH         LINE#         64
  -------         ENDPROC       TIMR0_IRQHANDLER
  -------         ENDMOD        TIMER0

  -------         MODULE        TIMER1
  C:0000H         SYMBOL        _ICE_DUMMY_
  D:00A8H         PUBLIC        IE0
  D:00A9H         PUBLIC        IE1
  D:00AAH         PUBLIC        IE2
  D:00ABH         PUBLIC        IE3
  B:00A8H.7       PUBLIC        IE_EA
BL51 BANKED LINKER/LOCATER V6.22.4.0                                                  04/11/2026  15:47:50  PAGE 17


  D:00B8H         PUBLIC        IP0
  D:00B1H         PUBLIC        IP1
  D:00B2H         PUBLIC        IP2
  D:00B3H         PUBLIC        IP3
  D:00B4H         PUBLIC        IP4
  D:00B5H         PUBLIC        IP5
  D:00B6H         PUBLIC        IP6
  D:00B7H         PUBLIC        IP7
  D:00D1H         PUBLIC        TMR_ALLCON
  C:1F4EH         PUBLIC        timer1_init
  C:1A4FH         PUBLIC        TIMR1_IRQHandler
  -------         PROC          TIMER1_INIT
  C:1F4EH         LINE#         9
  C:1F4EH         LINE#         10
  C:1F4EH         LINE#         12
  C:1F51H         LINE#         13
  C:1F53H         LINE#         15
  C:1F56H         LINE#         16
  C:1F5BH         LINE#         17
  C:1F5FH         LINE#         18
  C:1F64H         LINE#         19
  C:1F68H         LINE#         23
  -------         ENDPROC       TIMER1_INIT
  -------         PROC          TIMR1_IRQHANDLER
  C:1A4FH         LINE#         27
  C:1A6CH         LINE#         30
  C:1A6CH         LINE#         34
  C:1A72H         LINE#         35
  C:1A72H         LINE#         36
  C:1A76H         LINE#         39
  C:1A79H         LINE#         40
  C:1A79H         LINE#         43
  C:1A79H         LINE#         44
  -------         ENDPROC       TIMR1_IRQHANDLER
  -------         ENDMOD        TIMER1

  -------         MODULE        UART0
  C:0000H         SYMBOL        _ICE_DUMMY_
  D:00A8H         PUBLIC        IE0
  D:00A9H         PUBLIC        IE1
  D:00AAH         PUBLIC        IE2
  D:00ABH         PUBLIC        IE3
  B:00A8H.7       PUBLIC        IE_EA
  D:00B8H         PUBLIC        IP0
  D:00B1H         PUBLIC        IP1
  D:00B2H         PUBLIC        IP2
  D:00B3H         PUBLIC        IP3
  D:00B4H         PUBLIC        IP4
  D:00B5H         PUBLIC        IP5
  D:00B6H         PUBLIC        IP6
  D:00B7H         PUBLIC        IP7
  D:00D2H         PUBLIC        UART0_CON0
  D:00D4H         PUBLIC        UART0_STA
  D:00D5H         PUBLIC        UART0_BAUD0
  D:00D6H         PUBLIC        UART0_BAUD1
  D:00D7H         PUBLIC        UART0_DATA
  C:1BD3H         PUBLIC        uart0_init
BL51 BANKED LINKER/LOCATER V6.22.4.0                                                  04/11/2026  15:47:50  PAGE 18


  C:2113H         PUBLIC        _uart0_sendbyte
  C:1E22H         PUBLIC        _uart0_sendbuf
  C:210AH         PUBLIC        uart0_rxbuffer_get_count
  C:1B97H         PUBLIC        uart0_rxbuffer_get_byte
  X:6000H         PUBLIC        uart0_rx_buffer
  C:1AD9H         SYMBOL        _uart0_rxbuffer_put_byte
  C:1C7BH         PUBLIC        UART0_IRQHandler
  C:213BH         SYMBOL        Com0047
  C:213BH         SYMBOL        L?0072
  C:213BH         SYMBOL        L?0073
  -------         PROC          COM0047
  -------         ENDPROC       COM0047
  -------         PROC          UART0_INIT
  C:1BD3H         LINE#         17
  C:1BD3H         LINE#         18
  C:1BD3H         LINE#         19
  C:1BD9H         LINE#         20
  C:1BDDH         LINE#         21
  C:1BE4H         LINE#         23
  C:1BEAH         LINE#         24
  C:1BF0H         LINE#         25
  C:1BF6H         LINE#         27
  C:1BF9H         LINE#         28
  C:1BFCH         LINE#         29
  C:1BFFH         LINE#         33
  C:1C07H         LINE#         34
  C:1C0AH         LINE#         35
  C:1C0CH         LINE#         36
  -------         ENDPROC       UART0_INIT
  -------         PROC          _UART0_SENDBYTE
  D:0007H         SYMBOL        byte
  C:2113H         LINE#         39
  C:2113H         LINE#         40
  C:2113H         LINE#         41
  C:2118H         LINE#         44
  C:211AH         LINE#         48
  -------         ENDPROC       _UART0_SENDBYTE
  -------         PROC          _UART0_SENDBUF
  X:6296H         SYMBOL        buf
  D:0005H         SYMBOL        len
  -------         DO            
  D:0006H         SYMBOL        i
  -------         ENDDO         
  C:1E22H         LINE#         50
  C:1E28H         LINE#         51
  C:1E28H         LINE#         52
  C:1E2AH         LINE#         53
  C:1E2FH         LINE#         54
  C:1E2FH         LINE#         55
  C:1E41H         LINE#         56
  C:1E44H         LINE#         57
  -------         ENDPROC       _UART0_SENDBUF
  -------         PROC          UART0_RXBUFFER_GET_COUNT
  C:210AH         LINE#         60
  C:210AH         LINE#         61
  C:210AH         LINE#         62
  C:2112H         LINE#         63
BL51 BANKED LINKER/LOCATER V6.22.4.0                                                  04/11/2026  15:47:50  PAGE 19


  -------         ENDPROC       UART0_RXBUFFER_GET_COUNT
  -------         PROC          UART0_RXBUFFER_GET_BYTE
  -------         DO            
  D:0007H         SYMBOL        rxbyte
  -------         ENDDO         
  C:1B97H         LINE#         66
  C:1B97H         LINE#         67
  C:1B97H         LINE#         70
  C:1BA1H         LINE#         71
  C:1BA1H         LINE#         73
  C:1BA3H         LINE#         74
  C:1BA3H         LINE#         80
  C:1BA9H         LINE#         81
  C:1BB2H         LINE#         82
  C:1BB2H         LINE#         83
  C:1BB6H         LINE#         84
  C:1BB6H         LINE#         85
  C:1BC8H         LINE#         87
  C:1BD2H         LINE#         89
  C:1BD2H         LINE#         90
  -------         ENDPROC       UART0_RXBUFFER_GET_BYTE
  -------         PROC          _UART0_RXBUFFER_PUT_BYTE
  D:0007H         SYMBOL        byte
  C:1AD9H         LINE#         92
  C:1AD9H         LINE#         93
  C:1AD9H         LINE#         100
  C:1ADFH         LINE#         101
  C:1AE8H         LINE#         102
  C:1AE8H         LINE#         103
  C:1AECH         LINE#         104
  C:1AECH         LINE#         105
  C:1AFEH         LINE#         107
  C:1B04H         LINE#         108
  C:1B13H         LINE#         109
  C:1B13H         LINE#         110
  C:1B19H         LINE#         111
  C:1B19H         LINE#         112
  -------         ENDPROC       _UART0_RXBUFFER_PUT_BYTE
  -------         PROC          UART0_IRQHANDLER
  -------         DO            
  X:629FH         SYMBOL        recv_byte
  -------         ENDDO         
  C:1C7BH         LINE#         115
  C:1C8EH         LINE#         118
  C:1C8EH         LINE#         121
  C:1C93H         LINE#         122
  C:1C93H         LINE#         123
  C:1C99H         LINE#         124
  C:1C9EH         LINE#         127
  C:1C9EH         LINE#         129
  C:1C9EH         LINE#         130
  -------         ENDPROC       UART0_IRQHANDLER
  -------         ENDMOD        UART0

  -------         MODULE        MAIN
  C:0000H         SYMBOL        _ICE_DUMMY_
  D:00D9H         PUBLIC        WDT_KEY
BL51 BANKED LINKER/LOCATER V6.22.4.0                                                  04/11/2026  15:47:50  PAGE 20


  C:1EEEH         PUBLIC        user_init
  C:1894H         PUBLIC        main
  -------         PROC          USER_INIT
  C:1EEEH         LINE#         103
  C:1EEEH         LINE#         104
  C:1EEEH         LINE#         105
  C:1EF1H         LINE#         106
  C:1EF4H         LINE#         107
  C:1EF7H         LINE#         108
  C:1EFAH         LINE#         109
  C:1EFDH         LINE#         110
  C:1F00H         LINE#         112
  C:1F03H         LINE#         113
  C:1F06H         LINE#         114
  C:1F09H         LINE#         117
  C:1F0CH         LINE#         118
  -------         ENDPROC       USER_INIT
  -------         PROC          MAIN
  C:1894H         LINE#         127
  C:1894H         LINE#         128
  C:1894H         LINE#         130
  C:1897H         LINE#         131
  C:189AH         LINE#         134
  C:189DH         LINE#         135
  C:18A4H         LINE#         136
  C:18A7H         LINE#         139
  C:18ACH         LINE#         140
  C:18AEH         LINE#         141
  C:18B1H         LINE#         142
  C:18B3H         LINE#         143
  C:18B6H         LINE#         144
  C:18B8H         LINE#         145
  C:18BBH         LINE#         146
  C:18BDH         LINE#         148
  C:18C0H         LINE#         149
  C:18C7H         LINE#         151
  C:18C7H         LINE#         152
  C:18C7H         LINE#         153
  C:18D0H         LINE#         154
  C:18D3H         LINE#         156
  C:18D6H         LINE#         158
  C:18D9H         LINE#         160
  C:18DCH         LINE#         162
  C:18DFH         LINE#         167
  -------         ENDPROC       MAIN
  -------         ENDMOD        MAIN

  -------         MODULE        UART_DATA_HANDLE
  C:0000H         SYMBOL        _ICE_DUMMY_
  C:2090H         PUBLIC        uart_receiver_reset
  C:000FH         PUBLIC        uart_receiver_timeout_add
  C:1E67H         PUBLIC        uart_receiver_process_checksum
  C:11D6H         PUBLIC        _uart_receiver_process_byte
  C:206BH         PUBLIC        uart_receiver_timeout_handler
  C:15D3H         PUBLIC        uart_data_handle
  C:1A94H         PUBLIC        _uart_data_send_cmd
  X:6270H         SYMBOL        uart_receiver
BL51 BANKED LINKER/LOCATER V6.22.4.0                                                  04/11/2026  15:47:50  PAGE 21


  C:211BH         SYMBOL        _?ix1000
  C:1FFEH         SYMBOL        Com0038
  C:1FFEH         SYMBOL        L?0057
  C:1FFEH         SYMBOL        L?0058
  -------         PROC          COM0038
  -------         ENDPROC       COM0038
  -------         PROC          UART_RECEIVER_RESET
  C:2090H         LINE#         13
  C:2090H         LINE#         14
  C:2090H         LINE#         16
  C:2095H         LINE#         17
  C:2099H         LINE#         18
  C:209DH         LINE#         19
  C:20A1H         LINE#         20
  -------         ENDPROC       UART_RECEIVER_RESET
  -------         PROC          UART_RECEIVER_TIMEOUT_ADD
  C:000FH         LINE#         26
  C:000FH         LINE#         27
  C:000FH         LINE#         28
  C:0015H         LINE#         29
  C:0015H         LINE#         30
  C:001DH         LINE#         31
  C:001DH         LINE#         32
  -------         ENDPROC       UART_RECEIVER_TIMEOUT_ADD
  -------         PROC          UART_RECEIVER_PROCESS_CHECKSUM
  -------         DO            
  D:0006H         SYMBOL        i
  D:0007H         SYMBOL        check_sum
  -------         ENDDO         
  C:1E67H         LINE#         39
  C:1E67H         LINE#         40
  C:1E67H         LINE#         42
  C:1E69H         LINE#         43
  C:1E6AH         LINE#         44
  C:1E6AH         LINE#         45
  C:1E77H         LINE#         46
  C:1E7CH         LINE#         48
  C:1E83H         LINE#         49
  C:1E83H         LINE#         50
  C:1E86H         LINE#         51
  C:1E86H         LINE#         53
  C:1E86H         LINE#         60
  C:1E88H         LINE#         61
  C:1E88H         LINE#         62
  -------         ENDPROC       UART_RECEIVER_PROCESS_CHECKSUM
  -------         PROC          _UART_RECEIVER_PROCESS_BYTE
  D:0005H         SYMBOL        byte
  C:11D6H         LINE#         71
  C:11D8H         LINE#         72
  C:11D8H         LINE#         74
  C:11FBH         LINE#         75
  C:11FBH         LINE#         76
  C:11FBH         LINE#         77
  C:11FFH         LINE#         78
  C:11FFH         LINE#         79
  C:11FFH         LINE#         80
  C:1204H         LINE#         81
BL51 BANKED LINKER/LOCATER V6.22.4.0                                                  04/11/2026  15:47:50  PAGE 22


  C:1207H         LINE#         82
  C:1207H         LINE#         84
  C:1207H         LINE#         85
  C:120AH         LINE#         86
  C:120AH         LINE#         87
  C:120AH         LINE#         89
  C:120AH         LINE#         90
  C:120EH         LINE#         91
  C:120EH         LINE#         92
  C:120EH         LINE#         93
  C:1213H         LINE#         94
  C:1216H         LINE#         95
  C:1216H         LINE#         97
  C:1216H         LINE#         99
  C:1219H         LINE#         100
  C:1219H         LINE#         101
  C:1219H         LINE#         103
  C:1219H         LINE#         104
  C:121CH         LINE#         105
  C:121CH         LINE#         106
  C:121CH         LINE#         107
  C:1221H         LINE#         108
  C:1224H         LINE#         109
  C:1224H         LINE#         111
  C:1224H         LINE#         112
  C:1227H         LINE#         113
  C:1227H         LINE#         114
  C:1227H         LINE#         116
  C:1227H         LINE#         118
  C:1227H         LINE#         119
  C:122CH         LINE#         120
  C:122EH         LINE#         121
  C:122EH         LINE#         123
  C:122EH         LINE#         125
  C:122EH         LINE#         126
  C:1233H         LINE#         127
  C:1235H         LINE#         128
  C:1235H         LINE#         130
  C:1235H         LINE#         131
  C:1238H         LINE#         132
  C:1238H         LINE#         133
  C:1238H         LINE#         134
  C:123DH         LINE#         135
  C:123FH         LINE#         136
  C:123FH         LINE#         138
  C:123FH         LINE#         139
  C:1242H         LINE#         140
  C:1242H         LINE#         141
  C:1242H         LINE#         143
  C:1242H         LINE#         145
  C:1242H         LINE#         146
  C:1248H         LINE#         147
  C:124EH         LINE#         148
  C:124EH         LINE#         150
  C:1251H         LINE#         151
  C:1251H         LINE#         153
  C:1251H         LINE#         154
BL51 BANKED LINKER/LOCATER V6.22.4.0                                                  04/11/2026  15:47:50  PAGE 23


  C:1254H         LINE#         155
  C:1254H         LINE#         156
  C:1254H         LINE#         158
  C:1254H         LINE#         159
  C:1258H         LINE#         160
  C:1258H         LINE#         161
  C:126CH         LINE#         162
  C:1272H         LINE#         163
  C:1275H         LINE#         164
  C:1275H         LINE#         166
  C:1275H         LINE#         167
  C:1278H         LINE#         168
  C:1278H         LINE#         169
  C:1278H         LINE#         171
  C:1278H         LINE#         172
  C:1278H         LINE#         173
  C:1278H         LINE#         175
  C:127AH         LINE#         176
  -------         ENDPROC       _UART_RECEIVER_PROCESS_BYTE
  -------         PROC          UART_RECEIVER_TIMEOUT_HANDLER
  C:206BH         LINE#         179
  C:206BH         LINE#         180
  C:206BH         LINE#         185
  C:207AH         LINE#         186
  C:207AH         LINE#         200
  C:207DH         LINE#         201
  C:207DH         LINE#         202
  -------         ENDPROC       UART_RECEIVER_TIMEOUT_HANDLER
  -------         PROC          UART_DATA_HANDLE
  -------         DO            
  D:0004H         SYMBOL        recv_byte
  X:626FH         SYMBOL        initialized
  -------         ENDDO         
  C:15D3H         LINE#         203
  C:15D3H         LINE#         204
  C:15D3H         LINE#         212
  C:15D9H         LINE#         213
  C:15D9H         LINE#         214
  C:15DCH         LINE#         215
  C:15E2H         LINE#         216
  C:15E2H         LINE#         221
  C:15E8H         LINE#         222
  C:15E8H         LINE#         223
  C:15EBH         LINE#         224
  C:15EBH         LINE#         233
  C:15EBH         LINE#         234
  C:15EBH         LINE#         235
  C:15FFH         LINE#         238
  C:15FFH         LINE#         252
  C:15FFH         LINE#         253
  C:15FFH         LINE#         255
  C:1604H         LINE#         258
  C:160AH         LINE#         259
  C:160FH         LINE#         262
  C:1615H         LINE#         263
  C:1615H         LINE#         276
  C:1618H         LINE#         277
BL51 BANKED LINKER/LOCATER V6.22.4.0                                                  04/11/2026  15:47:50  PAGE 24


  C:1618H         LINE#         278
  C:161AH         LINE#         308
  C:1626H         LINE#         310
  C:1626H         LINE#         312
  C:1626H         LINE#         332
  C:1636H         LINE#         333
  C:1636H         LINE#         334
  C:1636H         LINE#         336
  C:163BH         LINE#         337
  C:163DH         LINE#         338
  C:163DH         LINE#         340
  C:1643H         LINE#         341
  C:1645H         LINE#         342
  C:1645H         LINE#         350
  C:1648H         LINE#         351
  C:1648H         LINE#         353
  C:1648H         LINE#         357
  C:1648H         LINE#         358
  C:1648H         LINE#         361
  C:164BH         LINE#         362
  -------         ENDPROC       UART_DATA_HANDLE
  -------         PROC          _UART_DATA_SEND_CMD
  X:628DH         SYMBOL        cmd
  -------         DO            
  X:628EH         SYMBOL        buf
  -------         ENDDO         
  C:1A94H         LINE#         366
  C:1A99H         LINE#         367
  C:1A99H         LINE#         368
  C:1AACH         LINE#         379
  C:1AB5H         LINE#         380
  C:1ACEH         LINE#         382
  -------         ENDPROC       _UART_DATA_SEND_CMD
  -------         ENDMOD        UART_DATA_HANDLE

  -------         MODULE        KEY_DRIVER
  C:0000H         SYMBOL        _ICE_DUMMY_
  C:0B33H         PUBLIC        _key_driver_scan
  X:62CDH         SYMBOL        is_key_active
  X:62CEH         PUBLIC        scan_para
  C:1F0FH         SYMBOL        Com0021
  C:1F0FH         SYMBOL        L?0034
  C:1F12H         SYMBOL        L?0035
  C:1F13H         SYMBOL        L?0036
  C:1F19H         SYMBOL        L?0037
  C:1F1CH         SYMBOL        L?0038
  C:1F20H         SYMBOL        L?0039
  C:1F26H         SYMBOL        L?0040
  C:1F29H         SYMBOL        L?0041
  -------         PROC          COM0021
  -------         ENDPROC       COM0021
  -------         PROC          _KEY_DRIVER_SCAN
  D:0001H         SYMBOL        _scan_para
  -------         DO            
  X:6289H         SYMBOL        key_event
  D:0007H         SYMBOL        cur_key_value
  X:628AH         SYMBOL        key_value
BL51 BANKED LINKER/LOCATER V6.22.4.0                                                  04/11/2026  15:47:50  PAGE 25


  C:0C9BH         SYMBOL        _notify
  C:0CBBH         SYMBOL        _scan_end
  -------         ENDDO         
  C:0B33H         LINE#         17
  C:0B33H         LINE#         19
  C:0B33H         LINE#         24
  C:0B38H         LINE#         25
  C:0B3AH         LINE#         26
  C:0B3EH         LINE#         30
  C:0B44H         LINE#         33
  C:0B57H         LINE#         34
  C:0B57H         LINE#         36
  C:0B57H         LINE#         38
  C:0B61H         LINE#         40
  C:0B6AH         LINE#         46
  C:0B6EH         LINE#         47
  C:0B6EH         LINE#         48
  C:0B74H         LINE#         49
  C:0B76H         LINE#         50
  C:0B7CH         LINE#         51
  C:0B7CH         LINE#         52
  C:0B7FH         LINE#         53
  C:0B7FH         LINE#         56
  C:0B93H         LINE#         57
  C:0B93H         LINE#         59
  C:0B9AH         LINE#         60
  C:0BA0H         LINE#         62
  C:0BA0H         LINE#         65
  C:0BB1H         LINE#         66
  C:0BB1H         LINE#         67
  C:0BBCH         LINE#         69
  C:0BBCH         LINE#         72
  C:0BC8H         LINE#         73
  C:0BC8H         LINE#         80
  C:0BCCH         LINE#         81
  C:0BCCH         LINE#         82
  C:0BD3H         LINE#         83
  C:0BD3H         LINE#         84
  C:0BD5H         LINE#         85
  C:0BDBH         LINE#         86
  C:0BDDH         LINE#         88
  C:0BDDH         LINE#         91
  C:0BDDH         LINE#         92
  C:0BE5H         LINE#         93
  C:0BE5H         LINE#         94
  C:0BE8H         LINE#         96
  C:0BE8H         LINE#         101
  C:0BF0H         LINE#         102
  C:0BFCH         LINE#         103
  C:0BFCH         LINE#         104
  C:0C01H         LINE#         105
  C:0C05H         LINE#         106
  C:0C08H         LINE#         108
  C:0C08H         LINE#         109
  C:0C0EH         LINE#         110
  C:0C0EH         LINE#         111
  C:0C0EH         LINE#         113
BL51 BANKED LINKER/LOCATER V6.22.4.0                                                  04/11/2026  15:47:50  PAGE 26


  C:0C10H         LINE#         118
  C:0C10H         LINE#         120
  C:0C10H         LINE#         125
  C:0C14H         LINE#         126
  C:0C14H         LINE#         128
  C:0C25H         LINE#         129
  C:0C25H         LINE#         133
  C:0C36H         LINE#         134
  C:0C36H         LINE#         154
  C:0C36H         LINE#         155
  C:0C38H         LINE#         157
  C:0C38H         LINE#         158
  C:0C45H         LINE#         160
  C:0C47H         LINE#         162
  C:0C47H         LINE#         164
  C:0C47H         LINE#         165
  C:0C52H         LINE#         166
  C:0C55H         LINE#         168
  C:0C55H         LINE#         169
  C:0C55H         LINE#         171
  C:0C55H         LINE#         172
  C:0C55H         LINE#         174
  C:0C55H         LINE#         175
  C:0C55H         LINE#         177
  C:0C55H         LINE#         179
  C:0C60H         LINE#         180
  C:0C60H         LINE#         181
  C:0C68H         LINE#         182
  C:0C68H         LINE#         186
  C:0C6EH         LINE#         187
  C:0C6EH         LINE#         188
  C:0C74H         LINE#         193
  C:0C76H         LINE#         194
  C:0C82H         LINE#         195
  C:0C82H         LINE#         196
  C:0C87H         LINE#         197
  C:0C96H         LINE#         199
  C:0C96H         LINE#         201
  C:0C96H         LINE#         202
  C:0C96H         LINE#         204
  C:0C96H         LINE#         207
  C:0C9BH         LINE#         208
  C:0C9BH         LINE#         210
  C:0C9BH         LINE#         211
  C:0C9BH         LINE#         213
  C:0C9BH         LINE#         216
  C:0C9BH         LINE#         218
  C:0C9BH         LINE#         219
  C:0C9FH         LINE#         220
  C:0CA7H         LINE#         222
  C:0CB1H         LINE#         223
  C:0CBBH         LINE#         226
  C:0CBBH         LINE#         235
  C:0CBBH         LINE#         237
  C:0CBBH         LINE#         238
  C:0CC5H         LINE#         241
  -------         ENDPROC       _KEY_DRIVER_SCAN
BL51 BANKED LINKER/LOCATER V6.22.4.0                                                  04/11/2026  15:47:50  PAGE 27


  -------         ENDMOD        KEY_DRIVER

  -------         MODULE        AD_KEY
  C:0000H         SYMBOL        _ICE_DUMMY_
  X:6208H         PUBLIC        ad_key_para
  C:1319H         PUBLIC        ad_key_handle
  X:621BH         SYMBOL        ad_key_scan_table
  X:622BH         SYMBOL        ad_key_event_table
  C:1CAFH         PUBLIC        ad_key_get_key_val
  C:18E1H         SYMBOL        _ad_key_val_to_ad_key_index
  C:192DH         SYMBOL        _ad_key_get_event
  C:20B3H         SYMBOL        Com0037
  C:20B3H         SYMBOL        L?0056
  -------         PROC          COM0037
  -------         ENDPROC       COM0037
  -------         PROC          _AD_KEY_VAL_TO_AD_KEY_INDEX
  D:0006H         SYMBOL        ad_key_val
  -------         DO            
  D:0005H         SYMBOL        i
  X:628AH         SYMBOL        ad_key_index
  -------         ENDDO         
  C:18E1H         LINE#         53
  C:18E1H         LINE#         54
  C:18E1H         LINE#         55
  C:18E3H         LINE#         56
  C:18EBH         LINE#         59
  C:18EBH         LINE#         60
  C:18EBH         LINE#         61
  C:1903H         LINE#         62
  C:1903H         LINE#         63
  C:191DH         LINE#         64
  C:191FH         LINE#         65
  C:191FH         LINE#         66
  C:1924H         LINE#         68
  C:192CH         LINE#         69
  -------         ENDPROC       _AD_KEY_VAL_TO_AD_KEY_INDEX
  -------         PROC          _AD_KEY_GET_EVENT
  D:0007H         SYMBOL        key_val
  D:0005H         SYMBOL        key_event
  -------         DO            
  D:0006H         SYMBOL        ret_key_event
  D:0004H         SYMBOL        key_event_index
  D:0003H         SYMBOL        i
  -------         ENDDO         
  C:192DH         LINE#         79
  C:192DH         LINE#         80
  C:192DH         LINE#         81
  C:192FH         LINE#         82
  C:1930H         LINE#         83
  C:1931H         LINE#         86
  C:1935H         LINE#         87
  C:1935H         LINE#         88
  C:1936H         LINE#         89
  C:1938H         LINE#         90
  C:193CH         LINE#         91
  C:193CH         LINE#         92
  C:193EH         LINE#         93
BL51 BANKED LINKER/LOCATER V6.22.4.0                                                  04/11/2026  15:47:50  PAGE 28


  C:1940H         LINE#         94
  C:1944H         LINE#         95
  C:1944H         LINE#         96
  C:1946H         LINE#         97
  C:1948H         LINE#         98
  C:194CH         LINE#         99
  C:194CH         LINE#         100
  C:194EH         LINE#         101
  C:1950H         LINE#         103
  C:1950H         LINE#         104
  C:1953H         LINE#         105
  C:1953H         LINE#         107
  C:1959H         LINE#         108
  C:1959H         LINE#         109
  C:1960H         LINE#         110
  C:1960H         LINE#         111
  C:196FH         LINE#         112
  C:1971H         LINE#         113
  C:1971H         LINE#         114
  C:1974H         LINE#         116
  C:1976H         LINE#         117
  -------         ENDPROC       _AD_KEY_GET_EVENT
  -------         PROC          AD_KEY_GET_KEY_VAL
  -------         DO            
  X:6206H         SYMBOL        val
  X:6289H         SYMBOL        ret
  -------         ENDDO         
  C:1CAFH         LINE#         130
  C:1CAFH         LINE#         131
  C:1CAFH         LINE#         133
  C:1CB5H         LINE#         136
  C:1CBDH         LINE#         137
  C:1CBDH         LINE#         138
  C:1CC2H         LINE#         139
  C:1CCFH         LINE#         142
  C:1CCFH         LINE#         144
  C:1CDFH         LINE#         145
  C:1CE1H         LINE#         146
  -------         ENDPROC       AD_KEY_GET_KEY_VAL
  -------         PROC          AD_KEY_HANDLE
  -------         DO            
  X:6289H         SYMBOL        ad_key_event
  -------         ENDDO         
  C:1319H         LINE#         148
  C:1319H         LINE#         149
  C:1319H         LINE#         150
  C:131EH         LINE#         152
  C:1327H         LINE#         153
  C:1327H         LINE#         155
  C:1327H         LINE#         157
  C:1334H         LINE#         158
  C:1339H         LINE#         159
  C:133BH         LINE#         163
  C:134AH         LINE#         164
  C:134AH         LINE#         169
  C:1350H         LINE#         171
  C:1350H         LINE#         173
BL51 BANKED LINKER/LOCATER V6.22.4.0                                                  04/11/2026  15:47:50  PAGE 29


  C:1376H         LINE#         174
  C:1376H         LINE#         177
  C:1376H         LINE#         181
  C:1379H         LINE#         182
  C:1379H         LINE#         184
  C:1379H         LINE#         188
  C:1379H         LINE#         190
  C:1379H         LINE#         195
  C:1379H         LINE#         197
  C:1379H         LINE#         201
  C:1379H         LINE#         205
  C:1379H         LINE#         209
  C:137BH         LINE#         210
  C:137DH         LINE#         212
  C:137DH         LINE#         217
  C:137FH         LINE#         218
  C:1381H         LINE#         220
  C:1381H         LINE#         225
  C:1383H         LINE#         226
  C:1385H         LINE#         228
  C:1385H         LINE#         232
  C:1385H         LINE#         237
  C:1385H         LINE#         242
  C:1387H         LINE#         243
  C:1389H         LINE#         245
  C:1389H         LINE#         251
  C:138BH         LINE#         252
  C:138DH         LINE#         254
  C:138DH         LINE#         260
  C:138FH         LINE#         261
  C:1391H         LINE#         263
  C:1391H         LINE#         267
  C:1391H         LINE#         271
  C:1391H         LINE#         277
  C:1397H         LINE#         278
  C:1397H         LINE#         279
  C:1399H         LINE#         280
  C:139BH         LINE#         281
  C:13A2H         LINE#         282
  C:13A2H         LINE#         283
  C:13A7H         LINE#         284
  C:13A7H         LINE#         285
  C:13A7H         LINE#         287
  C:13A7H         LINE#         293
  C:13ADH         LINE#         294
  C:13ADH         LINE#         297
  C:13B0H         LINE#         298
  C:13B0H         LINE#         300
  C:13B0H         LINE#         305
  C:13B3H         LINE#         306
  C:13B3H         LINE#         307
  C:13B3H         LINE#         309
  C:13B3H         LINE#         313
  C:13B3H         LINE#         315
  C:13B3H         LINE#         319
  C:13B3H         LINE#         321
  C:13B3H         LINE#         322
BL51 BANKED LINKER/LOCATER V6.22.4.0                                                  04/11/2026  15:47:50  PAGE 30


  C:13B3H         LINE#         323
  C:13B3H         LINE#         324
  -------         ENDPROC       AD_KEY_HANDLE
  -------         ENDMOD        AD_KEY

  -------         MODULE        USER_TEST
  C:0000H         SYMBOL        _ICE_DUMMY_
  -------         ENDMOD        USER_TEST

  -------         MODULE        LED
  C:0000H         SYMBOL        _ICE_DUMMY_
  B:0080H.0       PUBLIC        P00
  B:0080H.1       PUBLIC        P01
  B:0080H.2       PUBLIC        P02
  B:0080H.5       PUBLIC        P05
  B:0080H.6       PUBLIC        P06
  B:0090H.3       PUBLIC        P13
  B:00A0H.7       PUBLIC        P27
  B:00B0H.0       PUBLIC        P30
  X:62B5H         PUBLIC        led_ctl
  X:62C2H         PUBLIC        led_bat_level_sta
  C:1846H         PUBLIC        led_init
  C:20C2H         PUBLIC        led_ctl_init
  C:1DD2H         PUBLIC        led_status_switch
  C:16BFH         PUBLIC        _led_status_set
  C:0F54H         PUBLIC        led_red_blue_flash_1ms_isr
  C:1557H         PUBLIC        led_slow_adjust_isr
  C:0CC6H         PUBLIC        led_bat_instruction_timer_callback
  C:20D1H         PUBLIC        led_yellow_on
  C:2123H         PUBLIC        led_yellow_off
  C:20DFH         PUBLIC        led_white_on
  C:212BH         PUBLIC        led_white_off
  X:62C3H         PUBLIC        led_charge_anim_phase
  X:62C4H         PUBLIC        led_charge_anim_cnt
  C:1440H         SYMBOL        Com0069
  C:1440H         SYMBOL        L?0106
  C:144CH         SYMBOL        L?0107
  C:145AH         SYMBOL        L?0108
  C:145BH         SYMBOL        L?0109
  C:1460H         SYMBOL        L?0110
  C:1467H         SYMBOL        L?0111
  C:1478H         SYMBOL        L?0112
  C:1487H         SYMBOL        L?0113
  C:1487H         SYMBOL        L?0114
  C:1490H         SYMBOL        L?0115
  C:149EH         SYMBOL        L?0116
  C:14ABH         SYMBOL        L?0117
  C:14ABH         SYMBOL        L?0118
  C:14B3H         SYMBOL        L?0119
  C:14B3H         SYMBOL        L?0120
  C:14BBH         SYMBOL        L?0121
  C:14C6H         SYMBOL        L?0122
  C:14C6H         SYMBOL        L?0123
  -------         PROC          COM0069
  -------         ENDPROC       COM0069
  -------         PROC          LED_INIT
  C:1846H         LINE#         9
BL51 BANKED LINKER/LOCATER V6.22.4.0                                                  04/11/2026  15:47:50  PAGE 31


  C:1846H         LINE#         10
  C:1846H         LINE#         12
  C:184CH         LINE#         13
  C:1850H         LINE#         14
  C:1852H         LINE#         15
  C:1857H         LINE#         18
  C:185DH         LINE#         19
  C:1861H         LINE#         20
  C:1863H         LINE#         21
  C:1866H         LINE#         24
  C:1866H         LINE#         25
  C:1869H         LINE#         26
  C:186BH         LINE#         27
  C:1870H         LINE#         30
  C:1875H         LINE#         31
  C:1879H         LINE#         32
  C:187BH         LINE#         33
  C:187EH         LINE#         36
  C:187EH         LINE#         37
  C:1881H         LINE#         38
  C:1883H         LINE#         39
  C:1886H         LINE#         42
  C:188AH         LINE#         43
  C:188EH         LINE#         44
  C:1890H         LINE#         45
  C:1893H         LINE#         46
  -------         ENDPROC       LED_INIT
  -------         PROC          LED_CTL_INIT
  C:20C2H         LINE#         48
  C:20C2H         LINE#         49
  C:20C2H         LINE#         58
  -------         ENDPROC       LED_CTL_INIT
  -------         PROC          LED_YELLOW_ON
  C:20D1H         LINE#         61
  C:20D1H         LINE#         62
  C:20D1H         LINE#         63
  C:20D8H         LINE#         64
  C:20DEH         LINE#         65
  -------         ENDPROC       LED_YELLOW_ON
  -------         PROC          LED_YELLOW_OFF
  C:2123H         LINE#         67
  C:2123H         LINE#         68
  C:2123H         LINE#         69
  C:2125H         LINE#         70
  C:212AH         LINE#         71
  -------         ENDPROC       LED_YELLOW_OFF
  -------         PROC          LED_WHITE_ON
  C:20DFH         LINE#         73
  C:20DFH         LINE#         74
  C:20DFH         LINE#         75
  C:20E6H         LINE#         76
  C:20ECH         LINE#         77
  -------         ENDPROC       LED_WHITE_ON
  -------         PROC          LED_WHITE_OFF
  C:212BH         LINE#         79
  C:212BH         LINE#         80
  C:212BH         LINE#         81
BL51 BANKED LINKER/LOCATER V6.22.4.0                                                  04/11/2026  15:47:50  PAGE 32


  C:212DH         LINE#         82
  C:2132H         LINE#         83
  -------         ENDPROC       LED_WHITE_OFF
  -------         PROC          LED_STATUS_SWITCH
  C:1DD2H         LINE#         85
  C:1DD2H         LINE#         86
  C:1DD2H         LINE#         88
  C:1DE6H         LINE#         89
  C:1DE6H         LINE#         90
  C:1DE6H         LINE#         94
  C:1DE8H         LINE#         95
  C:1DEAH         LINE#         96
  C:1DEAH         LINE#         101
  C:1DECH         LINE#         102
  C:1DEEH         LINE#         103
  C:1DEEH         LINE#         107
  C:1DF0H         LINE#         108
  C:1DF2H         LINE#         109
  C:1DF2H         LINE#         115
  C:1DF4H         LINE#         116
  C:1DF6H         LINE#         117
  C:1DF6H         LINE#         128
  C:1DFBH         LINE#         129
  C:1DFBH         LINE#         130
  C:1DFBH         LINE#         131
  -------         ENDPROC       LED_STATUS_SWITCH
  -------         PROC          _LED_STATUS_SET
  X:628DH         SYMBOL        status
  C:16BFH         LINE#         134
  C:16C4H         LINE#         135
  C:16C4H         LINE#         136
  C:16D4H         LINE#         137
  C:16D4H         LINE#         138
  C:16D4H         LINE#         139
  C:16D7H         LINE#         140
  C:16DAH         LINE#         141
  C:16DCH         LINE#         142
  C:16DEH         LINE#         144
  C:16E8H         LINE#         145
  C:16EFH         LINE#         146
  C:16F3H         LINE#         147
  C:16F5H         LINE#         148
  C:16F5H         LINE#         149
  C:16F8H         LINE#         150
  C:16FAH         LINE#         151
  C:16FCH         LINE#         153
  C:16FCH         LINE#         154
  C:16FEH         LINE#         155
  C:16FEH         LINE#         156
  C:1701H         LINE#         157
  C:1703H         LINE#         158
  C:1705H         LINE#         160
  C:1708H         LINE#         161
  C:170AH         LINE#         163
  C:170AH         LINE#         164
  C:170CH         LINE#         165
  C:170EH         LINE#         168
BL51 BANKED LINKER/LOCATER V6.22.4.0                                                  04/11/2026  15:47:50  PAGE 33


  C:1711H         LINE#         169
  C:1714H         LINE#         170
  C:1716H         LINE#         172
  C:1716H         LINE#         173
  C:1719H         LINE#         174
  C:171CH         LINE#         176
  C:1726H         LINE#         177
  C:1726H         LINE#         178
  C:1726H         LINE#         180
  C:172EH         LINE#         181
  -------         ENDPROC       _LED_STATUS_SET
  -------         PROC          LED_RED_BLUE_FLASH_1MS_ISR
  -------         DO            
  X:629BH         SYMBOL        time_in_cycle
  -------         ENDDO         
  C:0F54H         LINE#         189
  C:0F54H         LINE#         190
  C:0F54H         LINE#         193
  C:0F5FH         LINE#         194
  C:0F5FH         LINE#         196
  C:0F5FH         LINE#         198
  C:0F6BH         LINE#         201
  C:0F74H         LINE#         202
  C:0F74H         LINE#         203
  C:0F81H         LINE#         206
  C:0F8CH         LINE#         207
  C:0F8CH         LINE#         208
  C:0F8EH         LINE#         209
  C:0F90H         LINE#         210
  C:0F91H         LINE#         211
  C:0F9AH         LINE#         212
  C:0F9AH         LINE#         213
  C:0F9AH         LINE#         214
  C:0F9AH         LINE#         215
  C:0F9CH         LINE#         216
  C:0FA5H         LINE#         217
  C:0FA5H         LINE#         218
  C:0FA7H         LINE#         219
  C:0FA9H         LINE#         220
  C:0FAAH         LINE#         222
  C:0FAAH         LINE#         223
  C:0FACH         LINE#         224
  C:0FAEH         LINE#         225
  C:0FAEH         LINE#         226
  C:0FAFH         LINE#         228
  C:0FB8H         LINE#         229
  C:0FB8H         LINE#         230
  C:0FC9H         LINE#         232
  C:0FD5H         LINE#         233
  C:0FD5H         LINE#         234
  C:0FD7H         LINE#         235
  C:0FD9H         LINE#         236
  C:0FDAH         LINE#         245
  C:0FE4H         LINE#         246
  C:0FE4H         LINE#         248
  C:0FF7H         LINE#         249
  C:0FF7H         LINE#         250
BL51 BANKED LINKER/LOCATER V6.22.4.0                                                  04/11/2026  15:47:50  PAGE 34


  C:0FF9H         LINE#         251
  C:0FFCH         LINE#         253
  C:0FFCH         LINE#         256
  C:100DH         LINE#         258
  C:1018H         LINE#         259
  C:1018H         LINE#         260
  C:101AH         LINE#         261
  C:101FH         LINE#         262
  C:101FH         LINE#         263
  C:1021H         LINE#         264
  C:1022H         LINE#         266
  C:1022H         LINE#         267
  C:1024H         LINE#         268
  C:1024H         LINE#         269
  C:1025H         LINE#         272
  C:1025H         LINE#         273
  C:1027H         LINE#         274
  C:102FH         LINE#         275
  C:102FH         LINE#         276
  C:1031H         LINE#         277
  C:1032H         LINE#         279
  C:1032H         LINE#         280
  C:1034H         LINE#         281
  C:1034H         LINE#         282
  C:1034H         LINE#         283
  C:1035H         LINE#         285
  C:1035H         LINE#         286
  C:1037H         LINE#         287
  C:1039H         LINE#         288
  C:1043H         LINE#         289
  C:1043H         LINE#         290
  -------         ENDPROC       LED_RED_BLUE_FLASH_1MS_ISR
  -------         PROC          LED_SLOW_ADJUST_ISR
  C:1557H         LINE#         293
  C:1557H         LINE#         294
[...]
  C:206AH         LINE#         19
  -------         ENDPROC       BLE_IC_ENABLE
  -------         PROC          BLE_IC_DISABLE_PRE
  C:0045H         LINE#         22
  C:0045H         LINE#         23
  C:0045H         LINE#         24
  -------         ENDPROC       BLE_IC_DISABLE_PRE
  -------         PROC          BLE_IC_DISABLE_POST
  C:2133H         LINE#         33
  C:2133H         LINE#         34
  C:2133H         LINE#         36
  C:2135H         LINE#         37
  C:213AH         LINE#         42
  -------         ENDPROC       BLE_IC_DISABLE_POST
  -------         PROC          BLUETOOTH_IC_HANDLE_INIT
  C:1F83H         LINE#         44
  C:1F83H         LINE#         45
  C:1F83H         LINE#         47
  C:1F89H         LINE#         48
  C:1F8DH         LINE#         49
  C:1F92H         LINE#         50
  C:1F94H         LINE#         52
  C:1F99H         LINE#         55
  C:1F9CH         LINE#         56
  -------         ENDPROC       BLUETOOTH_IC_HANDLE_INIT
  -------         ENDMOD        BLUETOOTH_IC_HANDLE

  -------         MODULE        CHARGE_DET
  C:0000H         SYMBOL        _ICE_DUMMY_
  B:00A0H.1       PUBLIC        P21
  X:62B1H         PUBLIC        is_in_charging
  X:62B2H         PUBLIC        is_charging_ic_stop
  C:1F9DH         PUBLIC        charge_det_init
  C:127BH         PUBLIC        charge_det
  C:0992H         PUBLIC        detect_1khz_signal_100us
  X:62B3H         SYMBOL        is_in_charging_by_solar_panel
  X:62B4H         SYMBOL        is_in_charging_by_charger
  C:1EABH         SYMBOL        Com002C
  C:1EABH         SYMBOL        L?0045
  C:1EAEH         SYMBOL        L?0046
  C:1EAFH         SYMBOL        L?0047
  C:1EB5H         SYMBOL        L?0048
  C:1EC1H         SYMBOL        L?0049
  -------         PROC          COM002C
  -------         ENDPROC       COM002C
  -------         PROC          CHARGE_DET_INIT
  C:1F9DH         LINE#         11
  C:1F9DH         LINE#         12
  C:1F9DH         LINE#         15
  C:1FA3H         LINE#         16
  C:1FA9H         LINE#         18
  C:1FAFH         LINE#         19
  C:1FB5H         LINE#         20
BL51 BANKED LINKER/LOCATER V6.22.4.0                                                  04/11/2026  15:47:50  PAGE 44


  -------         ENDPROC       CHARGE_DET_INIT
  -------         PROC          DETECT_1KHZ_SIGNAL_100US
  -------         DO            
  X:62A0H         SYMBOL        signal_high_duration
  X:62A2H         SYMBOL        signal_low_duration
  X:62A4H         SYMBOL        detection_state
  X:62A5H         SYMBOL        toggle_count_in_period
  X:62A7H         SYMBOL        measurement_period_counter
  X:62A9H         SYMBOL        is_detected_signal
  X:62AAH         SYMBOL        last_pin_state
  X:629DH         SYMBOL        current_pin_state
  X:629EH         SYMBOL        pin_changed
  X:62ABH         SYMBOL        consecutive_detection_count
  X:62ADH         SYMBOL        undetected_charging_count
  -------         ENDDO         
  C:0992H         LINE#         24
  C:0992H         LINE#         25
  C:0992H         LINE#         37
  C:099AH         LINE#         38
  C:09B2H         LINE#         48
  C:09B8H         LINE#         51
  C:09C5H         LINE#         52
  C:09C5H         LINE#         53
  C:09CBH         LINE#         54
  C:09DAH         LINE#         55
  C:09DAH         LINE#         56
  C:09DEH         LINE#         57
  C:09E2H         LINE#         58
  C:09E6H         LINE#         59
  C:09E6H         LINE#         60
  C:09E8H         LINE#         62
  C:09E8H         LINE#         63
  C:09EFH         LINE#         64
  C:09EFH         LINE#         66
  C:0A03H         LINE#         67
  C:0A03H         LINE#         68
  C:0A03H         LINE#         69
  C:0A0DH         LINE#         70
  C:0A0DH         LINE#         71
  C:0A0DH         LINE#         72
  C:0A10H         LINE#         73
  C:0A12H         LINE#         74
  C:0A15H         LINE#         76
  C:0A15H         LINE#         77
  C:0A18H         LINE#         78
  C:0A1FH         LINE#         79
  C:0A24H         LINE#         80
  C:0A24H         LINE#         81
  C:0A27H         LINE#         83
  C:0A27H         LINE#         84
  C:0A2EH         LINE#         85
  C:0A2EH         LINE#         86
  C:0A45H         LINE#         87
  C:0A45H         LINE#         88
  C:0A4BH         LINE#         89
  C:0A4BH         LINE#         91
  C:0A4FH         LINE#         92
BL51 BANKED LINKER/LOCATER V6.22.4.0                                                  04/11/2026  15:47:50  PAGE 45


  C:0A52H         LINE#         94
  C:0A52H         LINE#         95
  C:0A58H         LINE#         96
  C:0A60H         LINE#         101
  C:0A71H         LINE#         102
  C:0A71H         LINE#         103
  C:0A74H         LINE#         104
  C:0A74H         LINE#         105
  C:0A78H         LINE#         106
  C:0A78H         LINE#         107
  C:0A7AH         LINE#         109
  C:0A7AH         LINE#         110
  C:0A80H         LINE#         111
  C:0A80H         LINE#         112
  C:0A86H         LINE#         113
  C:0A8AH         LINE#         114
  C:0A8CH         LINE#         116
  C:0A8CH         LINE#         117
  C:0A8FH         LINE#         118
  C:0A92H         LINE#         123
  C:0AA1H         LINE#         124
  C:0AA1H         LINE#         125
  C:0AA4H         LINE#         126
  C:0AA4H         LINE#         128
  C:0AABH         LINE#         129
  C:0AABH         LINE#         130
  C:0AABH         LINE#         131
  C:0AABH         LINE#         133
  C:0ABAH         LINE#         134
  C:0ABAH         LINE#         135
  C:0ABEH         LINE#         141
  C:0ACCH         LINE#         142
  C:0ACCH         LINE#         143
  C:0AD2H         LINE#         144
  C:0AD4H         LINE#         146
  C:0AD4H         LINE#         147
  C:0AD9H         LINE#         148
  C:0AD9H         LINE#         149
  C:0AE0H         LINE#         150
  C:0AE0H         LINE#         152
  C:0AE6H         LINE#         153
  C:0AE6H         LINE#         163
  C:0AECH         LINE#         164
  C:0AFCH         LINE#         165
  C:0AFCH         LINE#         166
  C:0B02H         LINE#         167
  C:0B02H         LINE#         170
  C:0B11H         LINE#         171
  C:0B11H         LINE#         172
  C:0B17H         LINE#         174
  C:0B21H         LINE#         175
  C:0B21H         LINE#         176
  C:0B23H         LINE#         178
  C:0B23H         LINE#         179
  C:0B2AH         LINE#         180
  C:0B2AH         LINE#         182
  C:0B32H         LINE#         183
BL51 BANKED LINKER/LOCATER V6.22.4.0                                                  04/11/2026  15:47:50  PAGE 46


  -------         ENDPROC       DETECT_1KHZ_SIGNAL_100US
  -------         PROC          CHARGE_DET
  -------         DO            
  X:62AFH         SYMBOL        adc_val
  X:6289H         SYMBOL        voltage_mv
  -------         ENDDO         
  C:127BH         LINE#         186
  C:127BH         LINE#         187
  C:127BH         LINE#         189
  C:1282H         LINE#         191
  C:128AH         LINE#         192
  C:128AH         LINE#         193
  C:128FH         LINE#         194
  C:129CH         LINE#         195
  C:129CH         LINE#         202
  C:12BCH         LINE#         204
  C:12C4H         LINE#         205
  C:12C4H         LINE#         206
  C:12CAH         LINE#         207
  C:12CCH         LINE#         209
  C:12CCH         LINE#         210
  C:12D1H         LINE#         211
  C:12D1H         LINE#         213
  C:12DDH         LINE#         214
  C:12DDH         LINE#         215
  C:12E3H         LINE#         218
  C:12E8H         LINE#         219
  C:12ECH         LINE#         220
  C:12EEH         LINE#         221
  C:12FAH         LINE#         222
  C:12FAH         LINE#         223
  C:12FEH         LINE#         224
  C:12FEH         LINE#         227
  C:1304H         LINE#         228
  C:1304H         LINE#         229
  C:130AH         LINE#         230
  C:130AH         LINE#         231
  C:130FH         LINE#         232
  C:130FH         LINE#         234
  C:1315H         LINE#         235
  C:1315H         LINE#         236
  C:1318H         LINE#         238
  C:1318H         LINE#         239
  C:1318H         LINE#         240
  -------         ENDPROC       CHARGE_DET
  -------         ENDMOD        CHARGE_DET

  -------         MODULE        LOW_POWER
  C:0000H         SYMBOL        _ICE_DUMMY_
  D:00BAH         PUBLIC        LP_CON
  D:008DH         PUBLIC        LP_WKCON
  D:008EH         PUBLIC        LP_WKPND
  D:00A8H         PUBLIC        IE0
  D:00A9H         PUBLIC        IE1
  D:00AAH         PUBLIC        IE2
  D:00ABH         PUBLIC        IE3
  B:00A8H.7       PUBLIC        IE_EA
BL51 BANKED LINKER/LOCATER V6.22.4.0                                                  04/11/2026  15:47:50  PAGE 47


  D:00B8H         PUBLIC        IP0
  D:00B1H         PUBLIC        IP1
  D:00B2H         PUBLIC        IP2
  D:00B3H         PUBLIC        IP3
  D:00B4H         PUBLIC        IP4
  D:00B5H         PUBLIC        IP5
  D:00B6H         PUBLIC        IP6
  D:00B7H         PUBLIC        IP7
  D:00D2H         PUBLIC        UART0_CON0
  D:00D1H         PUBLIC        TMR_ALLCON
  D:00ACH         PUBLIC        FLASH_TIMEREG1
  D:0099H         PUBLIC        ADC_CHS0
  C:1113H         PUBLIC        low_power_handle
  C:1C46H         PUBLIC        low_power_enter_timer_callback
  X:62D3H         SYMBOL        is_low_power_enter_enable
  C:1FCEH         PUBLIC        is_low_power_condition_establish
  C:0E53H         PUBLIC        low_power_in
  C:1977H         PUBLIC        low_power_out
  C:1FE6H         PUBLIC        WUT_IRQHandler
  -------         PROC          IS_LOW_POWER_CONDITION_ESTABLISH
  C:1FCEH         LINE#         8
  C:1FCEH         LINE#         9
  C:1FCEH         LINE#         11
  C:1FE5H         LINE#         12
  -------         ENDPROC       IS_LOW_POWER_CONDITION_ESTABLISH
  -------         PROC          LOW_POWER_ENTER_TIMER_CALLBACK
  -------         DO            
  X:62D1H         SYMBOL        cnt
  -------         ENDDO         
  C:1C46H         LINE#         15
  C:1C46H         LINE#         16
  C:1C46H         LINE#         18
  C:1C4CH         LINE#         19
  C:1C4CH         LINE#         20
  C:1C56H         LINE#         21
  C:1C65H         LINE#         22
  C:1C65H         LINE#         23
  C:1C69H         LINE#         24
  C:1C6EH         LINE#         25
  C:1C6EH         LINE#         26
  C:1C6FH         LINE#         28
  C:1C6FH         LINE#         29
  C:1C76H         LINE#         30
  C:1C7AH         LINE#         31
  C:1C7AH         LINE#         32
  -------         ENDPROC       LOW_POWER_ENTER_TIMER_CALLBACK
  -------         PROC          LOW_POWER_IN
  C:0E53H         LINE#         34
  C:0E53H         LINE#         35
  C:0E53H         LINE#         40
  C:0E56H         LINE#         41
  C:0E59H         LINE#         42
  C:0E5CH         LINE#         43
  C:0E5FH         LINE#         45
  C:0E65H         LINE#         46
  C:0E6BH         LINE#         48
  C:0E72H         LINE#         50
BL51 BANKED LINKER/LOCATER V6.22.4.0                                                  04/11/2026  15:47:50  PAGE 48


  C:0E75H         LINE#         51
  C:0E7BH         LINE#         53
  C:0E80H         LINE#         54
  C:0E83H         LINE#         63
  C:0E89H         LINE#         64
  C:0E8FH         LINE#         66
  C:0E95H         LINE#         67
  C:0E9BH         LINE#         70
  C:0EA1H         LINE#         71
  C:0EA5H         LINE#         72
  C:0EABH         LINE#         75
  C:0EAFH         LINE#         76
  C:0EB5H         LINE#         77
  C:0EB9H         LINE#         78
  C:0EBEH         LINE#         96
  C:0EC2H         LINE#         97
  C:0EC8H         LINE#         101
  C:0ECDH         LINE#         102
  C:0ED3H         LINE#         103
  C:0ED7H         LINE#         105
  C:0EDEH         LINE#         111
  C:0EE1H         LINE#         119
  C:0EE7H         LINE#         120
  C:0EEDH         LINE#         121
  C:0EF3H         LINE#         122
  C:0EF9H         LINE#         124
  C:0EFCH         LINE#         125
  C:0EFFH         LINE#         126
  C:0F02H         LINE#         129
  C:0F05H         LINE#         131
  C:0F08H         LINE#         133
  C:0F0BH         LINE#         134
  C:0F0EH         LINE#         137
  C:0F11H         LINE#         138
  C:0F13H         LINE#         141
  C:0F1AH         LINE#         142
  C:0F1EH         LINE#         146
  C:0F23H         LINE#         147
  C:0F2AH         LINE#         149
  C:0F31H         LINE#         151
  C:0F38H         LINE#         152
  C:0F3FH         LINE#         153
  C:0F42H         LINE#         155
  C:0F49H         LINE#         156
  C:0F50H         LINE#         161
  C:0F53H         LINE#         167
  -------         ENDPROC       LOW_POWER_IN
  -------         PROC          LOW_POWER_OUT
  C:1977H         LINE#         169
  C:1977H         LINE#         170
  C:1977H         LINE#         172
  C:197AH         LINE#         173
  C:1981H         LINE#         174
  C:1988H         LINE#         177
  C:198BH         LINE#         181
  C:1990H         LINE#         182
  C:1992H         LINE#         188
BL51 BANKED LINKER/LOCATER V6.22.4.0                                                  04/11/2026  15:47:50  PAGE 49


  C:1999H         LINE#         189
  C:199EH         LINE#         190
  C:19A5H         LINE#         192
  C:19ACH         LINE#         193
  C:19B3H         LINE#         195
  C:19B6H         LINE#         196
  C:19B9H         LINE#         197
  C:19C0H         LINE#         203
  -------         ENDPROC       LOW_POWER_OUT
  C:11C0H         SYMBOL        L?0105
  -------         PROC          LOW_POWER_HANDLE
  -------         DO            
  X:6289H         SYMBOL        is_back_to_low_power
  X:628AH         SYMBOL        adc_val
  C:112DH         SYMBOL        label_low_power_in
  -------         ENDDO         
  C:1113H         LINE#         205
  C:1113H         LINE#         206
  C:1113H         LINE#         207
  C:1119H         LINE#         210
  C:1126H         LINE#         211
  C:1126H         LINE#         212
  C:112DH         LINE#         213
  C:112DH         LINE#         215
  C:112DH         LINE#         217
  C:112DH         LINE#         218
  C:112DH         LINE#         220
  C:1130H         LINE#         221
  C:1133H         LINE#         224
  C:1136H         LINE#         225
  C:1139H         LINE#         227
  C:113BH         LINE#         228
  C:113BH         LINE#         229
  C:113EH         LINE#         231
  C:1146H         LINE#         232
  C:1146H         LINE#         234
  C:114BH         LINE#         238
  C:114BH         LINE#         240
  C:114DH         LINE#         241
  C:114DH         LINE#         242
  C:1150H         LINE#         244
  C:117FH         LINE#         245
  C:117FH         LINE#         246
  C:1184H         LINE#         250
  C:1184H         LINE#         252
  C:1189H         LINE#         253
  C:1190H         LINE#         254
  C:119BH         LINE#         256
  C:119EH         LINE#         267
  C:11A3H         LINE#         268
  C:11A3H         LINE#         269
  C:11A8H         LINE#         273
  C:11ABH         LINE#         274
  C:11ABH         LINE#         276
  C:11B4H         LINE#         277
  C:11B4H         LINE#         281
  C:11B4H         LINE#         282
BL51 BANKED LINKER/LOCATER V6.22.4.0                                                  04/11/2026  15:47:50  PAGE 50


  C:11B4H         LINE#         285
  C:11B8H         LINE#         286
  C:11BCH         LINE#         287
  C:11BFH         LINE#         288
  -------         ENDPROC       LOW_POWER_HANDLE
  -------         PROC          WUT_IRQHANDLER
  C:1FE6H         LINE#         291
  C:1FECH         LINE#         294
  C:1FECH         LINE#         299
  C:1FF3H         LINE#         300
  C:1FF3H         LINE#         301
  C:1FF7H         LINE#         302
  C:1FF7H         LINE#         305
  C:1FF7H         LINE#         306
  -------         ENDPROC       WUT_IRQHANDLER
  -------         ENDMOD        LOW_POWER

  -------         MODULE        ?C?COPY
  C:011EH         PUBLIC        ?C?COPY
  -------         ENDMOD        ?C?COPY

  -------         MODULE        ?C?CLDPTR
  C:0144H         PUBLIC        ?C?CLDPTR
  -------         ENDMOD        ?C?CLDPTR

  -------         MODULE        ?C?CLDOPTR
  C:015DH         PUBLIC        ?C?CLDOPTR
  -------         ENDMOD        ?C?CLDOPTR

  -------         MODULE        ?C?CILDOPTR
  C:018AH         PUBLIC        ?C?CILDOPTR
  -------         ENDMOD        ?C?CILDOPTR

  -------         MODULE        ?C?CSTOPTR
  C:01BDH         PUBLIC        ?C?CSTOPTR
  -------         ENDMOD        ?C?CSTOPTR

  -------         MODULE        ?C?UIDIV
  C:01DFH         PUBLIC        ?C?UIDIV
  -------         ENDMOD        ?C?UIDIV

  -------         MODULE        ?C?IILDX
  C:0234H         PUBLIC        ?C?IILDX
  -------         ENDMOD        ?C?IILDX

  -------         MODULE        ?C?LADD
  C:024AH         PUBLIC        ?C?LADD
  -------         ENDMOD        ?C?LADD

  -------         MODULE        ?C?ULDIV
  C:0293H         PUBLIC        ?C?ULDIV
  -------         ENDMOD        ?C?ULDIV

  -------         MODULE        ?C?SLCMP
  C:0325H         PUBLIC        ?C?SLCMP
  -------         ENDMOD        ?C?SLCMP

BL51 BANKED LINKER/LOCATER V6.22.4.0                                                  04/11/2026  15:47:50  PAGE 51


  -------         MODULE        ?C?ULCMP
  C:033BH         PUBLIC        ?C?ULCMP
  -------         ENDMOD        ?C?ULCMP

  -------         MODULE        ?C?LLDXDATA
  C:034CH         PUBLIC        ?C?LLDXDATA
  -------         ENDMOD        ?C?LLDXDATA

  -------         MODULE        ?C?LLDXDATA0
  C:0358H         PUBLIC        ?C?LLDXDATA0
  -------         ENDMOD        ?C?LLDXDATA0

  -------         MODULE        ?C?LSTXDATA
  C:0364H         PUBLIC        ?C?LSTXDATA
  -------         ENDMOD        ?C?LSTXDATA

  -------         MODULE        ?C?LSTKXDATA
  C:0370H         PUBLIC        ?C?LSTKXDATA
  -------         ENDMOD        ?C?LSTKXDATA

  -------         MODULE        ?C?PLDXDATA
  C:03A1H         PUBLIC        ?C?PLDXDATA
  -------         ENDMOD        ?C?PLDXDATA

  -------         MODULE        ?C?PSTXDATA
  C:03AAH         PUBLIC        ?C?PSTXDATA
  -------         ENDMOD        ?C?PSTXDATA

  -------         MODULE        ?C?PLDOPTR
  C:03B3H         PUBLIC        ?C?PLDOPTR
  -------         ENDMOD        ?C?PLDOPTR

  -------         MODULE        ?C?CCASE
  C:03E3H         PUBLIC        ?C?CCASE
  -------         ENDMOD        ?C?CCASE

  -------         MODULE        ?C?ICALL
  C:0409H         PUBLIC        ?C?ICALL
  C:040DH         PUBLIC        ?C?ICALL2
  -------         ENDMOD        ?C?ICALL

  -------         MODULE        ?C?LIMUL
  C:040FH         PUBLIC        ?C?LIMUL
  -------         ENDMOD        ?C?LIMUL

  -------         MODULE        ?C?MEMSET
  C:043CH         PUBLIC        ?C?MEMSET
  -------         ENDMOD        ?C?MEMSET

  -------         MODULE        ?C?PLDIDATA
  C:0468H         PUBLIC        ?C?PLDIDATA
  -------         ENDMOD        ?C?PLDIDATA

  -------         MODULE        ?C?PLDPDATA
  C:0471H         PUBLIC        ?C?PLDPDATA
  -------         ENDMOD        ?C?PLDPDATA

BL51 BANKED LINKER/LOCATER V6.22.4.0                                                  04/11/2026  15:47:50  PAGE 52


  -------         MODULE        ?C?PLDCODE
  C:047AH         PUBLIC        ?C?PLDCODE
  -------         ENDMOD        ?C?PLDCODE

Program Size: data=9.3 xdata=727 code=8513
LINK/LOCATE RUN COMPLETE.  0 WARNING(S),  0 ERROR(S)
