BL51 BANKED LINKER/LOCATER V6.22.4.0                                                    07/17/2026  18:53:14  PAGE 1


BL51 BANKED LINKER/LOCATER V6.22.4.0, INVOKED BY:
C:\KEIL_V5\C51\BIN\BL51.EXE .\Release\Objects\STARTUP.obj, .\Release\Objects\system.obj, .\Release\Objects\adc.obj, .\Re
>> lease\Objects\pwm.obj, .\Release\Objects\timer0.obj, .\Release\Objects\timer1.obj, .\Release\Objects\uart0.obj, .\Rel
>> ease\Objects\main.obj, .\Release\Objects\uart_data_handle.obj, .\Release\Objects\key_driver.obj, .\Release\Objects\ad
>> _key.obj, .\Release\Objects\user_test.obj, .\Release\Objects\led.obj, .\Release\Objects\battery_monitor.obj, .\Releas
>> e\Objects\bluetooth_ic_handle.obj, .\Release\Objects\charge_det.obj, .\Release\Objects\low_power.obj, .\Release\Objec
>> ts\bat_scan.obj, .\Release\Objects\led_bat_lev.obj TO .\Release\Objects\Demo PRINT (.\Release\Listings\Demo.m51) RAMS
>> IZE (256) CODE (0X0000-0X3EEF) XDATA (0X6000-0X66FF)


MEMORY MODEL: LARGE


INPUT MODULES INCLUDED:
  .\Release\Objects\STARTUP.obj (?C_STARTUP)
  .\Release\Objects\system.obj (SYSTEM)
  .\Release\Objects\adc.obj (ADC)
  .\Release\Objects\pwm.obj (PWM)
  .\Release\Objects\timer0.obj (TIMER0)
  .\Release\Objects\timer1.obj (TIMER1)
  .\Release\Objects\uart0.obj (UART0)
  .\Release\Objects\main.obj (MAIN)
  .\Release\Objects\uart_data_handle.obj (UART_DATA_HANDLE)
  .\Release\Objects\key_driver.obj (KEY_DRIVER)
  .\Release\Objects\ad_key.obj (AD_KEY)
  .\Release\Objects\user_test.obj (USER_TEST)
  .\Release\Objects\led.obj (LED)
  .\Release\Objects\battery_monitor.obj (BATTERY_MONITOR)
  .\Release\Objects\bluetooth_ic_handle.obj (BLUETOOTH_IC_HANDLE)
  .\Release\Objects\charge_det.obj (CHARGE_DET)
  .\Release\Objects\low_power.obj (LOW_POWER)
  .\Release\Objects\bat_scan.obj (BAT_SCAN)
  .\Release\Objects\led_bat_lev.obj (LED_BAT_LEV)
  C:\KEIL_V5\C51\LIB\C51L.LIB (?C_INIT)
  C:\KEIL_V5\C51\LIB\C51L.LIB (?C?COPY)
  C:\KEIL_V5\C51\LIB\C51L.LIB (?C?CLDPTR)
  C:\KEIL_V5\C51\LIB\C51L.LIB (?C?CLDOPTR)
  C:\KEIL_V5\C51\LIB\C51L.LIB (?C?CILDOPTR)
  C:\KEIL_V5\C51\LIB\C51L.LIB (?C?CSTOPTR)
  C:\KEIL_V5\C51\LIB\C51L.LIB (?C?UIDIV)
  C:\KEIL_V5\C51\LIB\C51L.LIB (?C?IILDX)
  C:\KEIL_V5\C51\LIB\C51L.LIB (?C?LADD)
  C:\KEIL_V5\C51\LIB\C51L.LIB (?C?ULDIV)
  C:\KEIL_V5\C51\LIB\C51L.LIB (?C?SLCMP)
  C:\KEIL_V5\C51\LIB\C51L.LIB (?C?ULCMP)
  C:\KEIL_V5\C51\LIB\C51L.LIB (?C?LLDXDATA)
  C:\KEIL_V5\C51\LIB\C51L.LIB (?C?LLDXDATA0)
  C:\KEIL_V5\C51\LIB\C51L.LIB (?C?LSTXDATA)
  C:\KEIL_V5\C51\LIB\C51L.LIB (?C?LSTKXDATA)
  C:\KEIL_V5\C51\LIB\C51L.LIB (?C?PLDXDATA)
  C:\KEIL_V5\C51\LIB\C51L.LIB (?C?PSTXDATA)
  C:\KEIL_V5\C51\LIB\C51L.LIB (?C?PLDOPTR)
  C:\KEIL_V5\C51\LIB\C51L.LIB (?C?CCASE)
  C:\KEIL_V5\C51\LIB\C51L.LIB (?C?ICALL)
  C:\KEIL_V5\C51\LIB\C51L.LIB (?C?LIMUL)
  C:\KEIL_V5\C51\LIB\C51L.LIB (?C?MEMSET)
  C:\KEIL_V5\C51\LIB\C51L.LIB (?C?PLDIDATA)
  C:\KEIL_V5\C51\LIB\C51L.LIB (?C?PLDPDATA)
BL51 BANKED LINKER/LOCATER V6.22.4.0                                                  07/17/2026  18:53:14  PAGE 2


  C:\KEIL_V5\C51\LIB\C51L.LIB (?C?PLDCODE)


LINK MAP OF MODULE:  .\Release\Objects\Demo (?C_STARTUP)


            TYPE    BASE      LENGTH    RELOCATION   SEGMENT NAME
            -----------------------------------------------------

            * * * * * * *   D A T A   M E M O R Y   * * * * * * *
            REG     0000H     0008H     ABSOLUTE     "REG BANK 0"
                    0008H     0018H                  *** GAP ***
            BIT     0020H.0   0000H.4   UNIT         ?BI?ADC
            BIT     0020H.4   0000H.1   UNIT         ?BI?CHARGE_DET
                    0020H.5   0000H.3                *** GAP ***
            IDATA   0021H     0001H     UNIT         ?STACK

            * * * * * * *  X D A T A   M E M O R Y  * * * * * * *
                    0000H     6000H                  *** GAP ***
            XDATA   6000H     0086H     UNIT         ?XD?UART0
            XDATA   6086H     0039H     UNIT         ?XD?AD_KEY
            XDATA   60BFH     0027H     UNIT         ?XD?CHARGE_DET
            XDATA   60E6H     0027H     UNIT         ?XD?BAT_SCAN
            XDATA   610DH     001CH     UNIT         _XDATA_GROUP_
            XDATA   6129H     001AH     UNIT         ?XD?UART_DATA_HANDLE
            XDATA   6143H     0014H     UNIT         ?XD?BATTERY_MONITOR
            XDATA   6157H     000FH     UNIT         ?XD?LED_BAT_LEV
            XDATA   6166H     000EH     UNIT         ?XD?LED
            XDATA   6174H     0009H     UNIT         ?XD?ADC
            XDATA   617DH     0006H     UNIT         ?XD?LOW_POWER
            XDATA   6183H     0004H     UNIT         ?XD?KEY_DRIVER
            XDATA   6187H     0002H     UNIT         ?XD?BLUETOOTH_IC_HANDLE

            * * * * * * *   C O D E   M E M O R Y   * * * * * * *
            CODE    0000H     0003H     ABSOLUTE     
            CODE    0003H     000CH     ABSOLUTE     
            CODE    000FH     000FH     UNIT         ?PR?UART_RECEIVER_TIMEOUT_ADD?UART_DATA_HANDLE
            CODE    001EH     0003H     ABSOLUTE     
            CODE    0021H     0003H     ABSOLUTE     
            CODE    0024H     001BH     UNIT         ?PR?_ADC_CLEAR_UPDATE_FLAG?ADC
            CODE    003FH     0003H     ABSOLUTE     
            CODE    0042H     0003H     ABSOLUTE     
            CODE    0045H     0006H     UNIT         ?PR?LED_BAT_LEV_STA_IDLE_HANDLE?LED_BAT_LEV
            CODE    004BH     0003H     ABSOLUTE     
            CODE    004EH     0438H     UNIT         ?C?LIB_CODE
            CODE    0486H     028DH     UNIT         ?PR?LED_BAT_LEV_STA_DISCHARGE_HANDLE?LED_BAT_LEV
            CODE    0713H     0212H     UNIT         ?C_INITSEG
            CODE    0925H     01AAH     UNIT         ?PR?DETECT_1KHZ_SIGNAL_100US?CHARGE_DET
            CODE    0ACFH     0193H     UNIT         ?PR?_KEY_DRIVER_SCAN?KEY_DRIVER
            CODE    0C62H     0157H     UNIT         ?PR?DETECT_DISCHARGE_1KHZ_SIGNAL_100US?CHARGE_DET
            CODE    0DB9H     0129H     UNIT         ?PR?LOW_POWER_HANDLE?LOW_POWER
            CODE    0EE2H     0127H     UNIT         ?PR?CHARGE_DET?CHARGE_DET
            CODE    1009H     0114H     UNIT         ?PR?LED_BAT_LEV_STA_CHARGING_HANDLE?LED_BAT_LEV
            CODE    111DH     0111H     UNIT         ?PR?LED_SLOW_ADJUST_ISR?LED
            CODE    122EH     010BH     UNIT         ?PR?LOW_POWER_IN?LOW_POWER
            CODE    1339H     00EAH     UNIT         ?PR?LED_RED_BLUE_FLASH_1MS_ISR?LED
            CODE    1423H     00CFH     UNIT         ?PR?SYSTEM_INIT?SYSTEM
BL51 BANKED LINKER/LOCATER V6.22.4.0                                                  07/17/2026  18:53:14  PAGE 3


            CODE    14F2H     00C0H     UNIT         ?PR?BATTTERY_MONITOR_1MS_ISR?BATTERY_MONITOR
            CODE    15B2H     00B7H     UNIT         ?PR?BATTERY_VOLTAGE_UPDATE_BY_ISR?BAT_SCAN
            CODE    1669H     00ADH     UNIT         ?PR?_BAT_DISCHARGE_TIME_CNT_UPDATE?BATTERY_MONITOR
            CODE    1716H     00A5H     UNIT         ?PR?_UART_RECEIVER_PROCESS_BYTE?UART_DATA_HANDLE
            CODE    17BBH     009BH     UNIT         ?PR?AD_KEY_HANDLE?AD_KEY
            CODE    1856H     0096H     UNIT         ?PR?LED_BAT_LEV
            CODE    18ECH     0093H     UNIT         ?PR?LED
            CODE    197FH     008CH     UNIT         ?C_C51STARTUP
            CODE    1A0BH     008BH     UNIT         ?PR?PWM_INIT?PWM
            CODE    1A96H     0087H     UNIT         ?PR?ADC_IRQHANDLER?ADC
            CODE    1B1DH     0087H     UNIT         ?PR?_BAT_CHARGE_TIME_CNT_UPDATE?BATTERY_MONITOR
            CODE    1BA4H     0083H     UNIT         ?PR?BATTERY_MONITOR_HANDLE?BATTERY_MONITOR
            CODE    1C27H     0079H     UNIT         ?PR?UART_DATA_HANDLE?UART_DATA_HANDLE
            CODE    1CA0H     0074H     UNIT         ?PR?_LED_STATUS_SET?LED
            CODE    1D14H     006CH     UNIT         ?PR?TIMR0_IRQHANDLER?TIMER0
            CODE    1D80H     0067H     UNIT         ?PR?LED_BAT_LEV_HANDLE?LED_BAT_LEV
            CODE    1DE7H     0066H     UNIT         ?PR?ADC_SCAN?ADC
            CODE    1E4DH     0065H     UNIT         ?PR?LED_BAT_LEV_STA_CHARGE_BEGIN_ANIM_HANDLE?LED_BAT_LEV
            CODE    1EB2H     005FH     UNIT         ?PR?SEND_LOW_BAT_TIMER_CALLBACK?BATTERY_MONITOR
            CODE    1F11H     0057H     UNIT         ?PR?LOW_POWER_ENTER_TIMER_CALLBACK?LOW_POWER
            CODE    1F68H     0053H     UNIT         ?PR?MAIN?MAIN
            CODE    1FBBH     0053H     UNIT         ?PR?_LED_BAT_LEV_INIT_BY_VOL?LED_BAT_LEV
            CODE    200EH     004EH     UNIT         ?PR?LED_INIT?LED
            CODE    205CH     004CH     UNIT         ?PR?_AD_KEY_VAL_TO_AD_KEY_INDEX?AD_KEY
            CODE    20A8H     004BH     UNIT         ?PR?_ADC_CHANNEL_SEL?ADC
            CODE    20F3H     004AH     UNIT         ?PR?_AD_KEY_GET_EVENT?AD_KEY
            CODE    213DH     004AH     UNIT         ?PR?LOW_POWER_OUT?LOW_POWER
            CODE    2187H     0048H     UNIT         ?PR?TIMR1_IRQHANDLER?TIMER1
            CODE    21CFH     0047H     UNIT         ?PR?_UART0_RXBUFFER_PUT_BYTE?UART0
            CODE    2216H     0046H     UNIT         ?PR?BAT_VOL_HISTORY_BUFF_GET_AVG?BAT_SCAN
            CODE    225CH     0045H     UNIT         ?PR?_UART_DATA_SEND_CMD?UART_DATA_HANDLE
            CODE    22A1H     0042H     UNIT         ?PR?UART0_RXBUFFER_GET_BYTE?UART0
            CODE    22E3H     003DH     UNIT         ?PR?_ADC_UPDATE_VAL?ADC
            CODE    2320H     003CH     UNIT         ?PR?BATTERY_MONITOR
            CODE    235CH     003BH     UNIT         ?PR?BAT_VOL_HISTORY_BUFF_ADD_TIMER_CALLBACK?BAT_SCAN
            CODE    2397H     003AH     UNIT         ?PR?UART0_INIT?UART0
            CODE    23D1H     0039H     UNIT         ?PR?BAT_VOL_UPDATE_TIMER_CALLBACK?BAT_SCAN
            CODE    240AH     0036H     UNIT         ?PR?LED_BAT_LEV_DISLPLAY_1MS_ISR?LED_BAT_LEV
            CODE    2440H     0034H     UNIT         ?PR?UART0_IRQHANDLER?UART0
            CODE    2474H     0033H     UNIT         ?PR?AD_KEY_GET_KEY_VAL?AD_KEY
            CODE    24A7H     002FH     UNIT         ?PR?BAT_SCAN?BAT_SCAN
            CODE    24D6H     002EH     UNIT         ?PR?_ADC_GET_VAL?ADC
            CODE    2504H     002EH     UNIT         ?PR?ADC
            CODE    2532H     002EH     UNIT         ?PR?BAT_SCAN
            CODE    2560H     002BH     UNIT         ?PR?CHARGE_DET
            CODE    258BH     002AH     UNIT         ?PR?LED_STATUS_SWITCH?LED
            CODE    25B5H     0026H     UNIT         ?PR?LED_BAT_LEV_STA_ALERT_HANDLE?LED_BAT_LEV
            CODE    25DBH     0025H     UNIT         ?PR?_ADC_GET_UPDATE_FLAG?ADC
            CODE    2600H     0024H     UNIT         ?PR?IS_LOW_POWER_CONDITION_ESTABLISH?LOW_POWER
            CODE    2624H     0023H     UNIT         ?PR?_UART0_SENDBUF?UART0
            CODE    2647H     0023H     UNIT         ?PR?BAT_GET_AVG_VOL_PERIOD_ADD?BAT_SCAN
            CODE    266AH     0022H     UNIT         ?PR?ADC_INIT?ADC
            CODE    268CH     0022H     UNIT         ?PR?UART_RECEIVER_PROCESS_CHECKSUM?UART_DATA_HANDLE
            CODE    26AEH     0022H     UNIT         ?PR?_GET_BATTERY_VOLTAGE_BY_ADC?BAT_SCAN
            CODE    26D0H     0022H     UNIT         ?PR?_BAT_VOL_HISTORY_BUFF_ADD?BAT_SCAN
            CODE    26F2H     0021H     UNIT         ?PR?USER_INIT?MAIN
            CODE    2713H     0021H     UNIT         ?PR?KEY_DRIVER
BL51 BANKED LINKER/LOCATER V6.22.4.0                                                  07/17/2026  18:53:14  PAGE 4


            CODE    2734H     001BH     UNIT         ?PR?TIMER0_INIT?TIMER0
            CODE    274FH     001BH     UNIT         ?PR?TIMER1_INIT?TIMER1
            CODE    276AH     001AH     UNIT         ?PR?BLUETOOTH_IC_HANDLE_INIT?BLUETOOTH_IC_HANDLE
            CODE    2784H     0019H     UNIT         ?PR?CHARGE_DET_INIT?CHARGE_DET
            CODE    279DH     0018H     UNIT         ?PR?_DELAY_MS?SYSTEM
            CODE    27B5H     0018H     UNIT         ?PR?WUT_IRQHANDLER?LOW_POWER
            CODE    27CDH     0017H     UNIT         ?PR?ADC_GET_VAL_ONCE?ADC
            CODE    27E4H     0017H     UNIT         ?PR?UART_DATA_HANDLE
            CODE    27FBH     0016H     UNIT         ?PR?PWM
            CODE    2811H     0016H     UNIT         ?PR?_BAT_VOL_HISTORY_BUFF_INIT?BAT_SCAN
            CODE    2827H     0015H     UNIT         ?PR?BLE_IC_ENABLE?BLUETOOTH_IC_HANDLE
            CODE    283CH     0015H     UNIT         ?PR?LED_BAT_LEV_STA_CHARGE_BEGIN_HANDLE?LED_BAT_LEV
            CODE    2851H     0013H     UNIT         ?PR?UART_RECEIVER_TIMEOUT_HANDLER?UART_DATA_HANDLE
            CODE    2864H     0012H     UNIT         ?PR?ADC_INIT_WHEN_LOW_PWR_OUT?ADC
            CODE    2876H     0012H     UNIT         ?PR?UART_RECEIVER_RESET?UART_DATA_HANDLE
            CODE    2888H     0011H     UNIT         ?PR?ADC_PIN_INIT?ADC
            CODE    2899H     000FH     UNIT         ?PR?AD_KEY
            CODE    28A8H     000FH     UNIT         ?PR?LED_CTL_INIT?LED
            CODE    28B7H     000DH     UNIT         ?PR?LED_YELLOW_ON?LED
            CODE    28C4H     000DH     UNIT         ?PR?LED_WHITE_ON?LED
            CODE    28D1H     000BH     UNIT         ?PR?_DELAY?SYSTEM
            CODE    28DCH     0009H     UNIT         ?PR?_PWM_SET_CHANNEL_0_DUTY?PWM
            CODE    28E5H     0009H     UNIT         ?PR?_PWM_SET_CHANNEL_1_DUTY?PWM
            CODE    28EEH     0009H     UNIT         ?PR?UART0_RXBUFFER_GET_COUNT?UART0
            CODE    28F7H     0009H     UNIT         ?PR?LED_BAT_LEV_STA_CHARGE_END_HANDLE?LED_BAT_LEV
            CODE    2900H     0008H     UNIT         ?PR?_UART0_SENDBYTE?UART0
            CODE    2908H     0008H     UNIT         ?CO?UART_DATA_HANDLE
            CODE    2910H     0008H     UNIT         ?PR?LED_YELLOW_OFF?LED
            CODE    2918H     0008H     UNIT         ?PR?LED_WHITE_OFF?LED
            CODE    2920H     0008H     UNIT         ?PR?BLE_IC_DISABLE_POST?BLUETOOTH_IC_HANDLE
            CODE    2928H     0007H     UNIT         ?PR?UART0
            CODE    292FH     0005H     UNIT         ?PR?BLE_IC_DISABLE_PRE?BLUETOOTH_IC_HANDLE
            CODE    2934H     0003H     UNIT         ?PR?CHARGE_DET_TIME_ADD?CHARGE_DET



OVERLAY MAP OF MODULE:   .\Release\Objects\Demo (?C_STARTUP)


SEGMENT                                            XDATA_GROUP
  +--> CALLED SEGMENT                            START    LENGTH
----------------------------------------------------------------
?C_C51STARTUP                                    -----    -----
  +--> ?PR?MAIN?MAIN
  +--> ?C_INITSEG

?PR?MAIN?MAIN                                    -----    -----
  +--> ?PR?SYSTEM_INIT?SYSTEM
  +--> ?PR?USER_INIT?MAIN
  +--> ?PR?_DELAY_MS?SYSTEM
  +--> ?PR?_KEY_DRIVER_SCAN?KEY_DRIVER
  +--> ?PR?AD_KEY_HANDLE?AD_KEY
  +--> ?PR?UART_DATA_HANDLE?UART_DATA_HANDLE
  +--> ?PR?CHARGE_DET?CHARGE_DET
  +--> ?PR?BAT_SCAN?BAT_SCAN
  +--> ?PR?LED_BAT_LEV_HANDLE?LED_BAT_LEV
  +--> ?PR?BATTERY_MONITOR_HANDLE?BATTERY_MO...
BL51 BANKED LINKER/LOCATER V6.22.4.0                                                  07/17/2026  18:53:14  PAGE 5


  +--> ?PR?LOW_POWER_HANDLE?LOW_POWER

?PR?SYSTEM_INIT?SYSTEM                           -----    -----
  +--> ?PR?_DELAY?SYSTEM
  +--> ?PR?_DELAY_MS?SYSTEM

?PR?_DELAY_MS?SYSTEM                             -----    -----
  +--> ?PR?_DELAY?SYSTEM

?PR?USER_INIT?MAIN                               -----    -----
  +--> ?PR?ADC_PIN_INIT?ADC
  +--> ?PR?ADC_INIT?ADC
  +--> ?PR?LED_INIT?LED
  +--> ?PR?UART0_INIT?UART0
  +--> ?PR?PWM_INIT?PWM
  +--> ?PR?BLUETOOTH_IC_HANDLE_INIT?BLUETOOT...
  +--> ?PR?UART_RECEIVER_RESET?UART_DATA_HANDLE
  +--> ?PR?LED_CTL_INIT?LED
  +--> ?PR?CHARGE_DET_INIT?CHARGE_DET
  +--> ?PR?TIMER0_INIT?TIMER0
  +--> ?PR?TIMER1_INIT?TIMER1

?PR?ADC_INIT?ADC                                 -----    -----
  +--> ?PR?_DELAY_MS?SYSTEM

?PR?LED_INIT?LED                                 -----    -----
  +--> ?PR?LED

?PR?PWM_INIT?PWM                                 -----    -----
  +--> ?PR?PWM

?PR?_KEY_DRIVER_SCAN?KEY_DRIVER                  610DH    0002H
  +--> ?PR?KEY_DRIVER

?PR?AD_KEY_HANDLE?AD_KEY                         610DH    0001H
  +--> ?PR?_AD_KEY_GET_EVENT?AD_KEY
  +--> ?PR?LED_STATUS_SWITCH?LED
  +--> ?PR?_UART_DATA_SEND_CMD?UART_DATA_HANDLE
  +--> ?PR?BLE_IC_DISABLE_PRE?BLUETOOTH_IC_H...
  +--> ?PR?BLE_IC_ENABLE?BLUETOOTH_IC_HANDLE

?PR?_AD_KEY_GET_EVENT?AD_KEY                     -----    -----
  +--> ?PR?AD_KEY

?PR?LED_STATUS_SWITCH?LED                        -----    -----
  +--> ?PR?_LED_STATUS_SET?LED

?PR?_LED_STATUS_SET?LED                          610EH    0001H
  +--> ?PR?LED_YELLOW_OFF?LED
  +--> ?PR?LED_WHITE_OFF?LED
  +--> ?PR?LED_WHITE_ON?LED
  +--> ?PR?LED_YELLOW_ON?LED

?PR?LED_WHITE_ON?LED                             -----    -----
  +--> ?PR?_PWM_SET_CHANNEL_1_DUTY?PWM

?PR?_PWM_SET_CHANNEL_1_DUTY?PWM                  -----    -----
BL51 BANKED LINKER/LOCATER V6.22.4.0                                                  07/17/2026  18:53:14  PAGE 6


  +--> ?PR?PWM

?PR?LED_YELLOW_ON?LED                            -----    -----
  +--> ?PR?_PWM_SET_CHANNEL_0_DUTY?PWM

?PR?_PWM_SET_CHANNEL_0_DUTY?PWM                  -----    -----
  +--> ?PR?PWM

?PR?_UART_DATA_SEND_CMD?UART_DATA_HANDLE         610EH    0009H
  +--> ?CO?UART_DATA_HANDLE
  +--> ?PR?_UART0_SENDBUF?UART0

?PR?_UART0_SENDBUF?UART0                         6117H    0003H
  +--> ?PR?_UART0_SENDBYTE?UART0

?PR?BLE_IC_DISABLE_PRE?BLUETOOTH_IC_H...         -----    -----
  +--> ?PR?_UART_DATA_SEND_CMD?UART_DATA_HANDLE

?PR?BLE_IC_ENABLE?BLUETOOTH_IC_HANDLE            -----    -----
  +--> ?PR?_DELAY_MS?SYSTEM
  +--> ?PR?_UART_DATA_SEND_CMD?UART_DATA_HANDLE

?PR?UART_DATA_HANDLE?UART_DATA_HANDLE            -----    -----
  +--> ?PR?UART_RECEIVER_RESET?UART_DATA_HANDLE
  +--> ?PR?UART_RECEIVER_TIMEOUT_HANDLER?UAR...
  +--> ?PR?UART0_RXBUFFER_GET_COUNT?UART0
  +--> ?PR?UART0_RXBUFFER_GET_BYTE?UART0
  +--> ?PR?_UART_RECEIVER_PROCESS_BYTE?UART_...
  +--> ?PR?BLE_IC_DISABLE_POST?BLUETOOTH_IC_...

?PR?UART_RECEIVER_TIMEOUT_HANDLER?UAR...         -----    -----
  +--> ?PR?UART_RECEIVER_RESET?UART_DATA_HANDLE

?PR?UART0_RXBUFFER_GET_BYTE?UART0                -----    -----
  +--> ?PR?UART0

?PR?_UART_RECEIVER_PROCESS_BYTE?UART_...         -----    -----
  +--> ?PR?UART_DATA_HANDLE
  +--> ?PR?UART_RECEIVER_PROCESS_CHECKSUM?UA...

?PR?CHARGE_DET?CHARGE_DET                        610DH    0002H
  +--> ?PR?_ADC_GET_UPDATE_FLAG?ADC
  +--> ?PR?_ADC_CLEAR_UPDATE_FLAG?ADC
  +--> ?PR?_ADC_GET_VAL?ADC
  +--> ?PR?CHARGE_DET

?PR?BAT_SCAN?BAT_SCAN                            -----    -----
  +--> ?PR?BAT_SCAN
  +--> ?PR?BAT_VOL_HISTORY_BUFF_GET_AVG?BAT_...

?PR?BAT_VOL_HISTORY_BUFF_GET_AVG?BAT_...         6122H    0005H
  +--> ?PR?BAT_SCAN

?PR?BATTERY_MONITOR_HANDLE?BATTERY_MO...         -----    -----
  +--> ?PR?_LED_STATUS_SET?LED
  +--> ?PR?_UART_DATA_SEND_CMD?UART_DATA_HANDLE
  +--> ?PR?_DELAY_MS?SYSTEM
BL51 BANKED LINKER/LOCATER V6.22.4.0                                                  07/17/2026  18:53:14  PAGE 7


  +--> ?PR?BLE_IC_DISABLE_PRE?BLUETOOTH_IC_H...
  +--> ?PR?BLE_IC_ENABLE?BLUETOOTH_IC_HANDLE

?PR?LOW_POWER_HANDLE?LOW_POWER                   610DH    0005H
  +--> ?PR?LOW_POWER_IN?LOW_POWER
  +--> ?PR?LOW_POWER_OUT?LOW_POWER
  +--> ?PR?ADC_PIN_INIT?ADC
  +--> ?PR?ADC_INIT_WHEN_LOW_PWR_OUT?ADC
  +--> ?PR?_ADC_CHANNEL_SEL?ADC
  +--> ?PR?_DELAY_MS?SYSTEM
  +--> ?PR?ADC_GET_VAL_ONCE?ADC
  +--> ?PR?_GET_BATTERY_VOLTAGE_BY_ADC?BAT_SCAN
  +--> ?PR?USER_INIT?MAIN

?PR?LOW_POWER_IN?LOW_POWER                       -----    -----
  +--> ?PR?_DELAY_MS?SYSTEM

?PR?ADC_GET_VAL_ONCE?ADC                         -----    -----
  +--> ?PR?ADC

?PR?ADC                                          -----    -----
  +--> ?PR?_ADC_CHANNEL_SEL?ADC

?C_INITSEG                                       -----    -----
  +--> ?PR?AD_KEY_GET_KEY_VAL?AD_KEY

?PR?AD_KEY_GET_KEY_VAL?AD_KEY                    610DH    0001H
  +--> ?PR?_ADC_GET_UPDATE_FLAG?ADC
  +--> ?PR?_ADC_CLEAR_UPDATE_FLAG?ADC
  +--> ?PR?_ADC_GET_VAL?ADC
  +--> ?PR?_AD_KEY_VAL_TO_AD_KEY_INDEX?AD_KEY

?PR?_AD_KEY_VAL_TO_AD_KEY_INDEX?AD_KEY           610EH    0002H

*** NEW ROOT ***************************************************

?PR?ADC_IRQHANDLER?ADC                           611AH    0002H
  +--> ?PR?ADC
  +--> ?PR?_ADC_UPDATE_VAL?ADC
  +--> ?PR?BATTERY_VOLTAGE_UPDATE_BY_ISR?BAT...

?PR?BATTERY_VOLTAGE_UPDATE_BY_ISR?BAT...         611CH    0004H
  +--> ?PR?_ADC_GET_UPDATE_FLAG?ADC
  +--> ?PR?_ADC_CLEAR_UPDATE_FLAG?ADC
  +--> ?PR?_ADC_GET_VAL?ADC
  +--> ?PR?_GET_BATTERY_VOLTAGE_BY_ADC?BAT_SCAN
  +--> ?PR?BAT_SCAN
  +--> ?PR?_BAT_VOL_HISTORY_BUFF_INIT?BAT_SCAN
  +--> ?PR?_LED_BAT_LEV_INIT_BY_VOL?LED_BAT_LEV
  +--> ?PR?_BAT_CHARGE_TIME_CNT_UPDATE?BATTE...
  +--> ?PR?_BAT_DISCHARGE_TIME_CNT_UPDATE?BA...

?PR?_BAT_VOL_HISTORY_BUFF_INIT?BAT_SCAN          -----    -----
  +--> ?PR?BAT_SCAN

?PR?_BAT_DISCHARGE_TIME_CNT_UPDATE?BA...         6122H    0002H
  +--> ?PR?BATTERY_MONITOR
BL51 BANKED LINKER/LOCATER V6.22.4.0                                                  07/17/2026  18:53:14  PAGE 8



*** NEW ROOT ***************************************************

?PR?TIMR0_IRQHANDLER?TIMER0                      -----    -----
  +--> ?PR?ADC_SCAN?ADC
  +--> ?PR?CHARGE_DET_TIME_ADD?CHARGE_DET
  +--> ?PR?UART_RECEIVER_TIMEOUT_ADD?UART_DA...
  +--> ?PR?BAT_VOL_UPDATE_TIMER_CALLBACK?BAT...
  +--> ?PR?BAT_VOL_HISTORY_BUFF_ADD_TIMER_CA...
  +--> ?PR?BAT_GET_AVG_VOL_PERIOD_ADD?BAT_SCAN
  +--> ?PR?LED_SLOW_ADJUST_ISR?LED
  +--> ?PR?LED_RED_BLUE_FLASH_1MS_ISR?LED
  +--> ?PR?LOW_POWER_ENTER_TIMER_CALLBACK?LO...
  +--> ?PR?SEND_LOW_BAT_TIMER_CALLBACK?BATTE...
  +--> ?PR?LED_BAT_LEV_DISLPLAY_1MS_ISR?LED_...
  +--> ?PR?BATTTERY_MONITOR_1MS_ISR?BATTERY_...

?PR?ADC_SCAN?ADC                                 -----    -----
  +--> ?PR?ADC

?PR?BAT_VOL_HISTORY_BUFF_ADD_TIMER_CA...         -----    -----
  +--> ?PR?BAT_SCAN
  +--> ?PR?_BAT_VOL_HISTORY_BUFF_ADD?BAT_SCAN

?PR?_BAT_VOL_HISTORY_BUFF_ADD?BAT_SCAN           -----    -----
  +--> ?PR?BAT_SCAN

?PR?BAT_GET_AVG_VOL_PERIOD_ADD?BAT_SCAN          -----    -----
  +--> ?PR?BAT_SCAN

?PR?LED_SLOW_ADJUST_ISR?LED                      -----    -----
  +--> ?PR?LED
  +--> ?PR?_PWM_SET_CHANNEL_0_DUTY?PWM
  +--> ?PR?_PWM_SET_CHANNEL_1_DUTY?PWM

?PR?LED_RED_BLUE_FLASH_1MS_ISR?LED               6122H    0002H
  +--> ?PR?LED

?PR?LOW_POWER_ENTER_TIMER_CALLBACK?LO...         -----    -----
  +--> ?PR?IS_LOW_POWER_CONDITION_ESTABLISH?...

?PR?SEND_LOW_BAT_TIMER_CALLBACK?BATTE...         -----    -----
  +--> ?PR?BATTERY_MONITOR

?PR?LED_BAT_LEV_DISLPLAY_1MS_ISR?LED_...         -----    -----
  +--> ?PR?LED_BAT_LEV_STA_IDLE_HANDLE?LED_B...
  +--> ?PR?LED_BAT_LEV_STA_CHARGE_BEGIN_HAND...
  +--> ?PR?LED_BAT_LEV_STA_CHARGE_BEGIN_ANIM...
  +--> ?PR?LED_BAT_LEV_STA_CHARGING_HANDLE?L...
  +--> ?PR?LED_BAT_LEV_STA_CHARGE_END_HANDLE...
  +--> ?PR?LED_BAT_LEV_STA_ALERT_HANDLE?LED_...
  +--> ?PR?LED_BAT_LEV_STA_DISCHARGE_HANDLE?...

?PR?LED_BAT_LEV_STA_IDLE_HANDLE?LED_B...         -----    -----
  +--> ?PR?LED_BAT_LEV

?PR?LED_BAT_LEV_STA_CHARGE_BEGIN_HAND...         -----    -----
BL51 BANKED LINKER/LOCATER V6.22.4.0                                                  07/17/2026  18:53:14  PAGE 9


  +--> ?PR?LED_BAT_LEV

?PR?LED_BAT_LEV_STA_CHARGE_BEGIN_ANIM...         -----    -----
  +--> ?PR?LED_BAT_LEV

?PR?LED_BAT_LEV_STA_CHARGING_HANDLE?L...         -----    -----
  +--> ?PR?LED_BAT_LEV

?PR?LED_BAT_LEV_STA_ALERT_HANDLE?LED_...         -----    -----
  +--> ?PR?LED_BAT_LEV

?PR?LED_BAT_LEV_STA_DISCHARGE_HANDLE?...         6122H    0001H
  +--> ?PR?LED_BAT_LEV

?PR?BATTTERY_MONITOR_1MS_ISR?BATTERY_...         -----    -----
  +--> ?PR?BATTERY_MONITOR
  +--> ?PR?BAT_VOL_HISTORY_BUFF_GET_AVG?BAT_...
  +--> ?PR?_BAT_VOL_HISTORY_BUFF_INIT?BAT_SCAN
  +--> ?PR?_BAT_DISCHARGE_TIME_CNT_UPDATE?BA...
  +--> ?PR?_BAT_CHARGE_TIME_CNT_UPDATE?BATTE...

*** NEW ROOT ***************************************************

?PR?TIMR1_IRQHANDLER?TIMER1                      -----    -----
  +--> ?PR?DETECT_1KHZ_SIGNAL_100US?CHARGE_DET
  +--> ?PR?DETECT_DISCHARGE_1KHZ_SIGNAL_100U...

?PR?DETECT_1KHZ_SIGNAL_100US?CHARGE_DET          6127H    0001H
  +--> ?PR?CHARGE_DET

?PR?DETECT_DISCHARGE_1KHZ_SIGNAL_100U...         6127H    0001H
  +--> ?PR?CHARGE_DET

*** NEW ROOT ***************************************************

?PR?UART0_IRQHANDLER?UART0                       6128H    0001H
  +--> ?PR?_UART0_RXBUFFER_PUT_BYTE?UART0

?PR?_UART0_RXBUFFER_PUT_BYTE?UART0               -----    -----
  +--> ?PR?UART0



SYMBOL TABLE OF MODULE:  .\Release\Objects\Demo (?C_STARTUP)

  VALUE           TYPE          NAME
  ----------------------------------

  -------         MODULE        ?C_STARTUP
  C:197FH         SEGMENT       ?C_C51STARTUP
  I:0021H         SEGMENT       ?STACK
  C:0000H         PUBLIC        ?C_STARTUP
  D:00E0H         SYMBOL        ACC
  D:00F0H         SYMBOL        B
  D:0083H         SYMBOL        DPH
  D:0082H         SYMBOL        DPL
  N:0000H         SYMBOL        IBPSTACK
BL51 BANKED LINKER/LOCATER V6.22.4.0                                                  07/17/2026  18:53:14  PAGE 10


  N:0100H         SYMBOL        IBPSTACKTOP
  N:0080H         SYMBOL        IDATALEN
  C:1982H         SYMBOL        IDATALOOP
  N:0000H         SYMBOL        PBPSTACK
  N:0100H         SYMBOL        PBPSTACKTOP
  N:0000H         SYMBOL        PDATALEN
  N:0000H         SYMBOL        PDATASTART
  N:0000H         SYMBOL        PPAGE
  N:0000H         SYMBOL        PPAGEENABLE
  D:00A0H         SYMBOL        PPAGE_SFR
  D:0081H         SYMBOL        SP
  C:197FH         SYMBOL        STARTUP1
  N:0000H         SYMBOL        XBPSTACK
  N:0000H         SYMBOL        XBPSTACKTOP
  N:0000H         SYMBOL        XDATALEN
  N:0000H         SYMBOL        XDATASTART
  C:0000H         LINE#         126
  C:197FH         LINE#         133
  C:1981H         LINE#         134
  C:1982H         LINE#         135
  C:1983H         LINE#         136
  C:1985H         LINE#         185
  C:1988H         LINE#         196
  -------         ENDMOD        ?C_STARTUP

  -------         MODULE        SYSTEM
  C:0000H         SYMBOL        _ICE_DUMMY_
  D:00A7H         PUBLIC        FLASH_TIMEREG0
  D:00ACH         PUBLIC        FLASH_TIMEREG1
  C:28D1H         PUBLIC        _delay
  C:279DH         PUBLIC        _delay_ms
  C:1423H         PUBLIC        system_init
  -------         PROC          _DELAY
  D:0006H         SYMBOL        cnt
  C:28D1H         LINE#         37
  C:28D1H         LINE#         38
  C:28D1H         LINE#         39
  C:28DBH         LINE#         40
  C:28DBH         LINE#         41
  C:28DBH         LINE#         42
  -------         ENDPROC       _DELAY
  -------         PROC          _DELAY_MS
  D:0002H         SYMBOL        ms
  C:279DH         LINE#         49
  C:27A1H         LINE#         50
  C:27A1H         LINE#         51
  C:27ABH         LINE#         52
  C:27ABH         LINE#         53
  C:27B2H         LINE#         54
  C:27B4H         LINE#         55
  -------         ENDPROC       _DELAY_MS
  -------         PROC          SYSTEM_INIT
  -------         DO            
  D:0007H         SYMBOL        i
  -------         ENDDO         
  C:1423H         LINE#         62
  C:1423H         LINE#         63
BL51 BANKED LINKER/LOCATER V6.22.4.0                                                  07/17/2026  18:53:14  PAGE 11


  C:1423H         LINE#         66
  C:142AH         LINE#         67
  C:1437H         LINE#         68
  C:143AH         LINE#         69
  C:143DH         LINE#         70
  C:1443H         LINE#         71
  C:1449H         LINE#         72
  C:144FH         LINE#         76
  C:1451H         LINE#         77
  C:1451H         LINE#         78
  C:145EH         LINE#         79
  C:1463H         LINE#         81
  C:14F1H         LINE#         82
  -------         ENDPROC       SYSTEM_INIT
  -------         ENDMOD        SYSTEM

  -------         MODULE        ADC
  C:0000H         SYMBOL        _ICE_DUMMY_
  D:00A8H         PUBLIC        IE0
  D:00A9H         PUBLIC        IE1
  D:00AAH         PUBLIC        IE2
  D:00ABH         PUBLIC        IE3
  B:00A8H.7       PUBLIC        IE_EA
  D:00B8H         PUBLIC        IP0
  D:00B1H         PUBLIC        IP1
  D:00B2H         PUBLIC        IP2
  D:00B3H         PUBLIC        IP3
  D:00B4H         PUBLIC        IP4
  D:00B5H         PUBLIC        IP5
  D:00B6H         PUBLIC        IP6
  D:00B7H         PUBLIC        IP7
  D:0093H         PUBLIC        ADC_DATAH0
  D:0094H         PUBLIC        ADC_DATAL0
  D:0099H         PUBLIC        ADC_CHS0
  X:6174H         PUBLIC        cur_adc_status
  C:2888H         PUBLIC        adc_pin_init
  C:266AH         PUBLIC        adc_init
  C:1DE7H         PUBLIC        adc_scan
  C:2864H         PUBLIC        adc_init_when_low_pwr_out
  C:22E3H         PUBLIC        _adc_update_val
  C:24D6H         PUBLIC        _adc_get_val
  C:25DBH         PUBLIC        _adc_get_update_flag
  C:0024H         PUBLIC        _adc_clear_update_flag
  C:20A8H         PUBLIC        _adc_channel_sel
  C:27CDH         PUBLIC        adc_get_val_once
  X:6175H         SYMBOL        adc_adkey_val
  B:0020H.0       SYMBOL        flag_is_adkey_val_update
  X:6177H         SYMBOL        adc_bat_det_val
  B:0020H.1       SYMBOL        flag_is_adc_bat_det_val_update
  X:6179H         SYMBOL        adc_solar_det_val
  B:0020H.2       SYMBOL        flag_is_adc_solar_det_val_update
  X:617BH         SYMBOL        adc_type_c_det_val
  B:0020H.3       SYMBOL        flag_is_adc_type_c_det_val_update
  C:1A96H         PUBLIC        ADC_IRQHandler
  C:2504H         SYMBOL        Com0067
  C:2504H         SYMBOL        L?0104
  C:2504H         SYMBOL        L?0105
BL51 BANKED LINKER/LOCATER V6.22.4.0                                                  07/17/2026  18:53:14  PAGE 12


  C:250EH         SYMBOL        L?0106
  C:250EH         SYMBOL        L?0107
  C:2517H         SYMBOL        L?0108
  C:2517H         SYMBOL        L?0109
  C:251EH         SYMBOL        L?0110
  C:2528H         SYMBOL        L?0111
  -------         PROC          COM0067
  -------         ENDPROC       COM0067
  -------         PROC          ADC_PIN_INIT
  C:2888H         LINE#         26
  C:2888H         LINE#         27
  C:2888H         LINE#         29
  C:288EH         LINE#         32
  C:2894H         LINE#         35
  C:2898H         LINE#         36
  -------         ENDPROC       ADC_PIN_INIT
  -------         PROC          ADC_INIT
  C:266AH         LINE#         38
  C:266AH         LINE#         39
  C:266AH         LINE#         40
  C:266FH         LINE#         42
  C:2675H         LINE#         46
  C:2678H         LINE#         47
  C:267AH         LINE#         49
  C:2680H         LINE#         51
  C:2685H         LINE#         54
  -------         ENDPROC       ADC_INIT
  -------         PROC          _ADC_UPDATE_VAL
  D:0007H         SYMBOL        adc_channel
  D:0004H         SYMBOL        adc_val
  C:22E3H         LINE#         63
  C:22E3H         LINE#         64
  C:22E3H         LINE#         65
  C:22F2H         LINE#         66
  C:22F2H         LINE#         67
  C:22F2H         LINE#         68
  C:22FAH         LINE#         69
  C:22FCH         LINE#         70
  C:22FDH         LINE#         71
  C:22FDH         LINE#         72
  C:2305H         LINE#         73
  C:2307H         LINE#         74
  C:2308H         LINE#         75
  C:2308H         LINE#         76
  C:2310H         LINE#         77
  C:2312H         LINE#         78
  C:2313H         LINE#         79
  C:2313H         LINE#         80
  C:231DH         LINE#         81
  C:231FH         LINE#         82
  C:231FH         LINE#         83
  C:231FH         LINE#         84
  -------         ENDPROC       _ADC_UPDATE_VAL
  -------         PROC          _ADC_GET_VAL
  D:0007H         SYMBOL        adc_channel
  -------         DO            
  D:0004H         SYMBOL        ret
BL51 BANKED LINKER/LOCATER V6.22.4.0                                                  07/17/2026  18:53:14  PAGE 13


  -------         ENDDO         
  C:24D6H         LINE#         86
  C:24D6H         LINE#         87
  C:24D6H         LINE#         88
  C:24D9H         LINE#         89
  C:24E8H         LINE#         90
  C:24E8H         LINE#         91
  C:24E8H         LINE#         92
  C:24EBH         LINE#         93
  C:24EDH         LINE#         94
  C:24EDH         LINE#         95
  C:24F0H         LINE#         96
  C:24F2H         LINE#         97
  C:24F2H         LINE#         98
  C:24F5H         LINE#         99
  C:24F7H         LINE#         100
  C:24F7H         LINE#         101
  C:24FFH         LINE#         102
  C:24FFH         LINE#         104
  C:24FFH         LINE#         105
  C:24FFH         LINE#         106
  C:24FFH         LINE#         108
  C:2503H         LINE#         109
  -------         ENDPROC       _ADC_GET_VAL
  -------         PROC          _ADC_GET_UPDATE_FLAG
  D:0007H         SYMBOL        adc_channel
  -------         DO            
  D:0006H         SYMBOL        ret
  -------         ENDDO         
  C:25DBH         LINE#         112
  C:25DBH         LINE#         113
  C:25DBH         LINE#         114
  C:25DDH         LINE#         115
  C:25ECH         LINE#         116
  C:25ECH         LINE#         117
  C:25ECH         LINE#         118
  C:25EEH         LINE#         119
  C:25F0H         LINE#         120
  C:25F0H         LINE#         121
  C:25F2H         LINE#         122
  C:25F4H         LINE#         123
  C:25F4H         LINE#         124
  C:25F6H         LINE#         125
  C:25F8H         LINE#         126
  C:25F8H         LINE#         127
  C:25FDH         LINE#         128
  C:25FDH         LINE#         130
  C:25FDH         LINE#         131
  C:25FDH         LINE#         132
  C:25FDH         LINE#         134
  C:25FFH         LINE#         135
  -------         ENDPROC       _ADC_GET_UPDATE_FLAG
  -------         PROC          _ADC_CLEAR_UPDATE_FLAG
  D:0007H         SYMBOL        adc_channel
  C:0024H         LINE#         138
  C:0024H         LINE#         139
  C:0024H         LINE#         140
BL51 BANKED LINKER/LOCATER V6.22.4.0                                                  07/17/2026  18:53:14  PAGE 14


  C:0033H         LINE#         141
  C:0033H         LINE#         142
  C:0033H         LINE#         143
  C:0035H         LINE#         144
  C:0036H         LINE#         145
  C:0036H         LINE#         146
  C:0038H         LINE#         147
  C:0039H         LINE#         148
  C:0039H         LINE#         149
  C:003BH         LINE#         150
  C:003CH         LINE#         151
  C:003CH         LINE#         152
  C:003EH         LINE#         153
  C:003EH         LINE#         155
  C:003EH         LINE#         156
  C:003EH         LINE#         157
  C:003EH         LINE#         158
  -------         ENDPROC       _ADC_CLEAR_UPDATE_FLAG
  -------         PROC          _ADC_CHANNEL_SEL
  D:0007H         SYMBOL        adc_channel
  C:20A8H         LINE#         160
  C:20A8H         LINE#         161
  C:20A8H         LINE#         162
  C:20AFH         LINE#         166
  C:20BEH         LINE#         167
  C:20BEH         LINE#         168
  C:20BEH         LINE#         170
  C:20C5H         LINE#         172
  C:20C8H         LINE#         173
  C:20CAH         LINE#         174
  C:20CAH         LINE#         175
  C:20D1H         LINE#         178
  C:20D4H         LINE#         180
  C:20D6H         LINE#         181
  C:20D6H         LINE#         185
  C:20DDH         LINE#         188
  C:20E0H         LINE#         189
  C:20E2H         LINE#         191
  C:20E2H         LINE#         192
  C:20E9H         LINE#         195
  C:20ECH         LINE#         196
  C:20ECH         LINE#         198
  C:20ECH         LINE#         199
  C:20ECH         LINE#         200
  C:20ECH         LINE#         202
  C:20F2H         LINE#         204
  -------         ENDPROC       _ADC_CHANNEL_SEL
  -------         PROC          ADC_INIT_WHEN_LOW_PWR_OUT
  C:2864H         LINE#         207
  C:2864H         LINE#         208
  C:2864H         LINE#         209
  C:286AH         LINE#         212
  C:2870H         LINE#         213
  C:2875H         LINE#         215
  -------         ENDPROC       ADC_INIT_WHEN_LOW_PWR_OUT
  -------         PROC          ADC_GET_VAL_ONCE
  C:27CDH         LINE#         218
BL51 BANKED LINKER/LOCATER V6.22.4.0                                                  07/17/2026  18:53:14  PAGE 15


  C:27CDH         LINE#         219
  C:27CDH         LINE#         220
  C:27D3H         LINE#         221
  C:27D9H         LINE#         223
  C:27DBH         LINE#         224
  C:27E3H         LINE#         225
  -------         ENDPROC       ADC_GET_VAL_ONCE
  -------         PROC          ADC_SCAN
  C:1DE7H         LINE#         228
  C:1DE7H         LINE#         229
  C:1DE7H         LINE#         231
  C:1E0DH         LINE#         232
  C:1E0DH         LINE#         233
  C:1E0DH         LINE#         235
  C:1E0DH         LINE#         236
  C:1E0FH         LINE#         237
  C:1E15H         LINE#         238
  C:1E16H         LINE#         239
  C:1E16H         LINE#         241
  C:1E16H         LINE#         242
  C:1E1CH         LINE#         243
  C:1E1DH         LINE#         244
  C:1E1DH         LINE#         245
  C:1E1FH         LINE#         246
  C:1E25H         LINE#         247
  C:1E26H         LINE#         248
  C:1E26H         LINE#         253
  C:1E26H         LINE#         254
  C:1E2CH         LINE#         255
  C:1E2DH         LINE#         256
  C:1E2DH         LINE#         257
  C:1E2FH         LINE#         258
  C:1E35H         LINE#         259
  C:1E36H         LINE#         260
  C:1E36H         LINE#         261
  C:1E36H         LINE#         262
  C:1E3CH         LINE#         263
  C:1E3DH         LINE#         264
  C:1E3DH         LINE#         265
  C:1E3FH         LINE#         266
  C:1E45H         LINE#         267
  C:1E46H         LINE#         268
  C:1E46H         LINE#         269
  C:1E46H         LINE#         270
  C:1E4CH         LINE#         271
  C:1E4CH         LINE#         273
  C:1E4CH         LINE#         274
  C:1E4CH         LINE#         275
  C:1E4CH         LINE#         276
  -------         ENDPROC       ADC_SCAN
  -------         PROC          ADC_IRQHANDLER
  -------         DO            
  X:611AH         SYMBOL        adc_val
  -------         ENDDO         
  C:1A96H         LINE#         278
  C:1AB3H         LINE#         283
  C:1AB3H         LINE#         287
BL51 BANKED LINKER/LOCATER V6.22.4.0                                                  07/17/2026  18:53:14  PAGE 16


  C:1AB9H         LINE#         288
  C:1AB9H         LINE#         289
  C:1ABCH         LINE#         290
  C:1ACBH         LINE#         292
  C:1ADFH         LINE#         293
  C:1ADFH         LINE#         294
  C:1ADFH         LINE#         295
  C:1AE4H         LINE#         296
  C:1AE6H         LINE#         297
  C:1AE6H         LINE#         298
  C:1AEEH         LINE#         299
  C:1AF1H         LINE#         300
  C:1AF3H         LINE#         301
  C:1AF3H         LINE#         302
  C:1AF8H         LINE#         303
  C:1AFAH         LINE#         304
  C:1AFAH         LINE#         305
  C:1B02H         LINE#         306
  C:1B02H         LINE#         308
  C:1B02H         LINE#         309
  C:1B02H         LINE#         310
  C:1B02H         LINE#         311
  C:1B02H         LINE#         314
  C:1B02H         LINE#         315
  -------         ENDPROC       ADC_IRQHANDLER
  -------         ENDMOD        ADC

  -------         MODULE        PWM
  C:0000H         SYMBOL        _ICE_DUMMY_
  B:00A0H.7       PUBLIC        P27
  B:00B0H.0       PUBLIC        P30
  C:1A0BH         PUBLIC        pwm_init
  C:28DCH         PUBLIC        _pwm_set_channel_0_duty
  C:28E5H         PUBLIC        _pwm_set_channel_1_duty
  C:27FBH         SYMBOL        Com0004
  C:27FBH         SYMBOL        L?0005
  C:2806H         SYMBOL        L?0006
  -------         PROC          COM0004
  -------         ENDPROC       COM0004
  -------         PROC          PWM_INIT
  C:1A0BH         LINE#         3
  C:1A0BH         LINE#         4
  C:1A0BH         LINE#         6
  C:1A11H         LINE#         7
  C:1A15H         LINE#         9
  C:1A17H         LINE#         10
  C:1A1CH         LINE#         13
  C:1A22H         LINE#         14
  C:1A26H         LINE#         16
  C:1A28H         LINE#         17
  C:1A2DH         LINE#         21
  C:1A33H         LINE#         22
  C:1A38H         LINE#         23
  C:1A3DH         LINE#         24
  C:1A41H         LINE#         25
  C:1A43H         LINE#         26
  C:1A43H         LINE#         27
BL51 BANKED LINKER/LOCATER V6.22.4.0                                                  07/17/2026  18:53:14  PAGE 17


  C:1A43H         LINE#         29
  C:1A49H         LINE#         30
  C:1A4FH         LINE#         31
  C:1A55H         LINE#         32
  C:1A5BH         LINE#         33
  C:1A61H         LINE#         37
  C:1A67H         LINE#         38
  C:1A6CH         LINE#         39
  C:1A71H         LINE#         40
  C:1A75H         LINE#         41
  C:1A77H         LINE#         42
  C:1A77H         LINE#         43
  C:1A77H         LINE#         45
  C:1A7DH         LINE#         46
  C:1A83H         LINE#         47
  C:1A89H         LINE#         48
  C:1A8FH         LINE#         49
  C:1A95H         LINE#         50
  -------         ENDPROC       PWM_INIT
  -------         PROC          _PWM_SET_CHANNEL_0_DUTY
  D:0004H         SYMBOL        channel_duty
  C:28DCH         LINE#         53
  C:28DCH         LINE#         54
  C:28DCH         LINE#         55
  C:28DEH         LINE#         56
  C:28DEH         LINE#         57
  C:28E4H         LINE#         58
  -------         ENDPROC       _PWM_SET_CHANNEL_0_DUTY
  -------         PROC          _PWM_SET_CHANNEL_1_DUTY
  D:0004H         SYMBOL        channel_duty
  C:28E5H         LINE#         61
  C:28E5H         LINE#         62
  C:28E5H         LINE#         63
  C:28E7H         LINE#         64
  C:28E7H         LINE#         65
  C:28EDH         LINE#         66
  -------         ENDPROC       _PWM_SET_CHANNEL_1_DUTY
  -------         ENDMOD        PWM

  -------         MODULE        TIMER0
  C:0000H         SYMBOL        _ICE_DUMMY_
  D:00A8H         PUBLIC        IE0
  D:00A9H         PUBLIC        IE1
  D:00AAH         PUBLIC        IE2
  D:00ABH         PUBLIC        IE3
  B:00A8H.7       PUBLIC        IE_EA
  D:00B8H         PUBLIC        IP0
  D:00B1H         PUBLIC        IP1
  D:00B2H         PUBLIC        IP2
  D:00B3H         PUBLIC        IP3
  D:00B4H         PUBLIC        IP4
  D:00B5H         PUBLIC        IP5
  D:00B6H         PUBLIC        IP6
  D:00B7H         PUBLIC        IP7
  D:00D1H         PUBLIC        TMR_ALLCON
  C:2734H         PUBLIC        timer0_init
  C:1D14H         PUBLIC        TIMR0_IRQHandler
BL51 BANKED LINKER/LOCATER V6.22.4.0                                                  07/17/2026  18:53:14  PAGE 18


  -------         PROC          TIMER0_INIT
  C:2734H         LINE#         12
  C:2734H         LINE#         13
  C:2734H         LINE#         14
  C:2737H         LINE#         15
  C:2739H         LINE#         17
  C:273CH         LINE#         18
  C:2741H         LINE#         19
  C:2745H         LINE#         20
  C:274AH         LINE#         21
  C:274EH         LINE#         22
  -------         ENDPROC       TIMER0_INIT
  -------         PROC          TIMR0_IRQHANDLER
  C:1D14H         LINE#         26
  C:1D31H         LINE#         29
  C:1D31H         LINE#         34
  C:1D37H         LINE#         35
  C:1D37H         LINE#         36
  C:1D3BH         LINE#         42
  C:1D41H         LINE#         43
  C:1D44H         LINE#         45
  C:1D47H         LINE#         46
  C:1D4AH         LINE#         49
  C:1D4DH         LINE#         50
  C:1D50H         LINE#         51
  C:1D53H         LINE#         53
  C:1D56H         LINE#         54
  C:1D59H         LINE#         57
  C:1D5CH         LINE#         58
  C:1D5FH         LINE#         60
  C:1D62H         LINE#         62
  C:1D65H         LINE#         68
  C:1D65H         LINE#         71
  C:1D65H         LINE#         72
  -------         ENDPROC       TIMR0_IRQHANDLER
  -------         ENDMOD        TIMER0

  -------         MODULE        TIMER1
  C:0000H         SYMBOL        _ICE_DUMMY_
  D:00A8H         PUBLIC        IE0
  D:00A9H         PUBLIC        IE1
  D:00AAH         PUBLIC        IE2
  D:00ABH         PUBLIC        IE3
  B:00A8H.7       PUBLIC        IE_EA
  D:00B8H         PUBLIC        IP0
  D:00B1H         PUBLIC        IP1
  D:00B2H         PUBLIC        IP2
  D:00B3H         PUBLIC        IP3
  D:00B4H         PUBLIC        IP4
  D:00B5H         PUBLIC        IP5
  D:00B6H         PUBLIC        IP6
  D:00B7H         PUBLIC        IP7
  D:00D1H         PUBLIC        TMR_ALLCON
  C:274FH         PUBLIC        timer1_init
  C:2187H         PUBLIC        TIMR1_IRQHandler
  -------         PROC          TIMER1_INIT
  C:274FH         LINE#         9
BL51 BANKED LINKER/LOCATER V6.22.4.0                                                  07/17/2026  18:53:14  PAGE 19


  C:274FH         LINE#         10
  C:274FH         LINE#         12
  C:2752H         LINE#         13
  C:2754H         LINE#         15
  C:2757H         LINE#         16
  C:275CH         LINE#         17
  C:2760H         LINE#         18
  C:2765H         LINE#         19
  C:2769H         LINE#         23
  -------         ENDPROC       TIMER1_INIT
  -------         PROC          TIMR1_IRQHANDLER
  C:2187H         LINE#         27
  C:21A4H         LINE#         30
  C:21A4H         LINE#         34
  C:21AAH         LINE#         35
  C:21AAH         LINE#         36
  C:21AEH         LINE#         39
  C:21B1H         LINE#         40
  C:21B4H         LINE#         41
  C:21B4H         LINE#         44
  C:21B4H         LINE#         45
  -------         ENDPROC       TIMR1_IRQHANDLER
  -------         ENDMOD        TIMER1

  -------         MODULE        UART0
  C:0000H         SYMBOL        _ICE_DUMMY_
  D:00A8H         PUBLIC        IE0
  D:00A9H         PUBLIC        IE1
  D:00AAH         PUBLIC        IE2
  D:00ABH         PUBLIC        IE3
  B:00A8H.7       PUBLIC        IE_EA
  D:00B8H         PUBLIC        IP0
  D:00B1H         PUBLIC        IP1
  D:00B2H         PUBLIC        IP2
  D:00B3H         PUBLIC        IP3
  D:00B4H         PUBLIC        IP4
  D:00B5H         PUBLIC        IP5
  D:00B6H         PUBLIC        IP6
  D:00B7H         PUBLIC        IP7
  D:00D2H         PUBLIC        UART0_CON0
  D:00D4H         PUBLIC        UART0_STA
  D:00D5H         PUBLIC        UART0_BAUD0
  D:00D6H         PUBLIC        UART0_BAUD1
  D:00D7H         PUBLIC        UART0_DATA
  C:2397H         PUBLIC        uart0_init
  C:2900H         PUBLIC        _uart0_sendbyte
  C:2624H         PUBLIC        _uart0_sendbuf
  C:28EEH         PUBLIC        uart0_rxbuffer_get_count
  C:22A1H         PUBLIC        uart0_rxbuffer_get_byte
  X:6000H         PUBLIC        uart0_rx_buffer
  C:21CFH         SYMBOL        _uart0_rxbuffer_put_byte
  C:2440H         PUBLIC        UART0_IRQHandler
  C:2928H         SYMBOL        Com0047
  C:2928H         SYMBOL        L?0072
  C:2928H         SYMBOL        L?0073
  -------         PROC          COM0047
  -------         ENDPROC       COM0047
BL51 BANKED LINKER/LOCATER V6.22.4.0                                                  07/17/2026  18:53:14  PAGE 20


  -------         PROC          UART0_INIT
  C:2397H         LINE#         17
  C:2397H         LINE#         18
  C:2397H         LINE#         19
  C:239DH         LINE#         20
  C:23A1H         LINE#         21
  C:23A8H         LINE#         23
  C:23AEH         LINE#         24
  C:23B4H         LINE#         25
  C:23BAH         LINE#         27
  C:23BDH         LINE#         28
  C:23C0H         LINE#         29
  C:23C3H         LINE#         33
  C:23CBH         LINE#         34
  C:23CEH         LINE#         35
  C:23D0H         LINE#         36
  -------         ENDPROC       UART0_INIT
  -------         PROC          _UART0_SENDBYTE
  D:0007H         SYMBOL        byte
  C:2900H         LINE#         39
  C:2900H         LINE#         40
  C:2900H         LINE#         41
  C:2905H         LINE#         44
  C:2907H         LINE#         48
  -------         ENDPROC       _UART0_SENDBYTE
  -------         PROC          _UART0_SENDBUF
  X:6117H         SYMBOL        buf
  D:0005H         SYMBOL        len
  -------         DO            
  D:0006H         SYMBOL        i
  -------         ENDDO         
  C:2624H         LINE#         50
  C:262AH         LINE#         51
  C:262AH         LINE#         52
  C:262CH         LINE#         53
  C:2631H         LINE#         54
  C:2631H         LINE#         55
  C:2643H         LINE#         56
  C:2646H         LINE#         57
  -------         ENDPROC       _UART0_SENDBUF
  -------         PROC          UART0_RXBUFFER_GET_COUNT
  C:28EEH         LINE#         60
  C:28EEH         LINE#         61
  C:28EEH         LINE#         62
  C:28F6H         LINE#         63
  -------         ENDPROC       UART0_RXBUFFER_GET_COUNT
  -------         PROC          UART0_RXBUFFER_GET_BYTE
  -------         DO            
  D:0007H         SYMBOL        rxbyte
  -------         ENDDO         
  C:22A1H         LINE#         66
  C:22A1H         LINE#         67
  C:22A1H         LINE#         70
  C:22ABH         LINE#         71
  C:22ABH         LINE#         73
  C:22ADH         LINE#         74
  C:22ADH         LINE#         80
BL51 BANKED LINKER/LOCATER V6.22.4.0                                                  07/17/2026  18:53:14  PAGE 21


  C:22B3H         LINE#         81
  C:22C2H         LINE#         82
  C:22C2H         LINE#         83
  C:22C6H         LINE#         84
  C:22C6H         LINE#         85
  C:22D8H         LINE#         87
  C:22E2H         LINE#         89
  C:22E2H         LINE#         90
  -------         ENDPROC       UART0_RXBUFFER_GET_BYTE
  -------         PROC          _UART0_RXBUFFER_PUT_BYTE
  D:0007H         SYMBOL        byte
  C:21CFH         LINE#         92
  C:21CFH         LINE#         93
  C:21CFH         LINE#         100
  C:21D5H         LINE#         101
  C:21E4H         LINE#         102
  C:21E4H         LINE#         103
  C:21E8H         LINE#         104
  C:21E8H         LINE#         105
  C:21FAH         LINE#         107
  C:2200H         LINE#         108
  C:220FH         LINE#         109
  C:220FH         LINE#         110
  C:2215H         LINE#         111
  C:2215H         LINE#         112
  -------         ENDPROC       _UART0_RXBUFFER_PUT_BYTE
  -------         PROC          UART0_IRQHANDLER
  -------         DO            
  X:6128H         SYMBOL        recv_byte
  -------         ENDDO         
  C:2440H         LINE#         115
  C:2453H         LINE#         118
  C:2453H         LINE#         121
  C:2458H         LINE#         122
  C:2458H         LINE#         123
  C:245EH         LINE#         124
  C:2463H         LINE#         127
  C:2463H         LINE#         129
  C:2463H         LINE#         130
  -------         ENDPROC       UART0_IRQHANDLER
  -------         ENDMOD        UART0

  -------         MODULE        MAIN
  C:0000H         SYMBOL        _ICE_DUMMY_
  D:00D9H         PUBLIC        WDT_KEY
  C:26F2H         PUBLIC        user_init
  C:1F68H         PUBLIC        main
  -------         PROC          USER_INIT
  C:26F2H         LINE#         37
  C:26F2H         LINE#         38
  C:26F2H         LINE#         39
  C:26F5H         LINE#         40
  C:26F8H         LINE#         41
  C:26FBH         LINE#         42
  C:26FEH         LINE#         43
  C:2701H         LINE#         44
  C:2704H         LINE#         46
BL51 BANKED LINKER/LOCATER V6.22.4.0                                                  07/17/2026  18:53:14  PAGE 22


  C:2707H         LINE#         47
  C:270AH         LINE#         48
  C:270DH         LINE#         51
  C:2710H         LINE#         52
  -------         ENDPROC       USER_INIT
  -------         PROC          MAIN
  C:1F68H         LINE#         60
  C:1F68H         LINE#         61
  C:1F68H         LINE#         63
  C:1F6BH         LINE#         64
  C:1F6EH         LINE#         67
  C:1F71H         LINE#         68
  C:1F78H         LINE#         69
  C:1F7BH         LINE#         72
  C:1F80H         LINE#         73
  C:1F82H         LINE#         74
  C:1F85H         LINE#         75
  C:1F87H         LINE#         76
  C:1F8AH         LINE#         77
  C:1F8CH         LINE#         78
  C:1F8FH         LINE#         79
  C:1F91H         LINE#         81
  C:1F94H         LINE#         82
  C:1F9BH         LINE#         84
  C:1F9BH         LINE#         85
  C:1F9BH         LINE#         86
  C:1FA4H         LINE#         87
  C:1FA7H         LINE#         88
  C:1FAAH         LINE#         90
  C:1FADH         LINE#         92
  C:1FB0H         LINE#         93
  C:1FB3H         LINE#         94
  C:1FB6H         LINE#         96
  C:1FB9H         LINE#         101
  -------         ENDPROC       MAIN
  -------         ENDMOD        MAIN

  -------         MODULE        UART_DATA_HANDLE
  C:0000H         SYMBOL        _ICE_DUMMY_
  C:2876H         PUBLIC        uart_receiver_reset
  C:000FH         PUBLIC        uart_receiver_timeout_add
  C:268CH         PUBLIC        uart_receiver_process_checksum
  C:1716H         PUBLIC        _uart_receiver_process_byte
  C:2851H         PUBLIC        uart_receiver_timeout_handler
  C:1C27H         PUBLIC        uart_data_handle
  C:225CH         PUBLIC        _uart_data_send_cmd
  X:612AH         SYMBOL        uart_receiver
  C:2908H         SYMBOL        _?ix1000
  C:27E4H         SYMBOL        Com0038
  C:27E4H         SYMBOL        L?0057
  C:27E4H         SYMBOL        L?0058
  -------         PROC          COM0038
  -------         ENDPROC       COM0038
  -------         PROC          UART_RECEIVER_RESET
  C:2876H         LINE#         13
  C:2876H         LINE#         14
  C:2876H         LINE#         16
BL51 BANKED LINKER/LOCATER V6.22.4.0                                                  07/17/2026  18:53:14  PAGE 23


  C:287BH         LINE#         17
  C:287FH         LINE#         18
  C:2883H         LINE#         19
  C:2887H         LINE#         20
  -------         ENDPROC       UART_RECEIVER_RESET
  -------         PROC          UART_RECEIVER_TIMEOUT_ADD
  C:000FH         LINE#         26
  C:000FH         LINE#         27
  C:000FH         LINE#         28
  C:0015H         LINE#         29
  C:0015H         LINE#         30
  C:001DH         LINE#         31
  C:001DH         LINE#         32
  -------         ENDPROC       UART_RECEIVER_TIMEOUT_ADD
  -------         PROC          UART_RECEIVER_PROCESS_CHECKSUM
  -------         DO            
  D:0006H         SYMBOL        i
  D:0007H         SYMBOL        check_sum
  -------         ENDDO         
  C:268CH         LINE#         39
  C:268CH         LINE#         40
  C:268CH         LINE#         42
  C:268EH         LINE#         43
  C:268FH         LINE#         44
  C:268FH         LINE#         45
  C:269CH         LINE#         46
  C:26A1H         LINE#         48
  C:26A8H         LINE#         49
  C:26A8H         LINE#         50
  C:26ABH         LINE#         51
  C:26ABH         LINE#         53
  C:26ABH         LINE#         60
  C:26ADH         LINE#         61
  C:26ADH         LINE#         62
  -------         ENDPROC       UART_RECEIVER_PROCESS_CHECKSUM
  -------         PROC          _UART_RECEIVER_PROCESS_BYTE
  D:0005H         SYMBOL        byte
  C:1716H         LINE#         71
  C:1718H         LINE#         72
  C:1718H         LINE#         74
  C:173BH         LINE#         75
  C:173BH         LINE#         76
  C:173BH         LINE#         77
  C:173FH         LINE#         78
  C:173FH         LINE#         79
  C:173FH         LINE#         80
  C:1744H         LINE#         81
  C:1747H         LINE#         82
  C:1747H         LINE#         84
  C:1747H         LINE#         85
  C:174AH         LINE#         86
  C:174AH         LINE#         87
  C:174AH         LINE#         89
  C:174AH         LINE#         90
  C:174EH         LINE#         91
  C:174EH         LINE#         92
  C:174EH         LINE#         93
BL51 BANKED LINKER/LOCATER V6.22.4.0                                                  07/17/2026  18:53:14  PAGE 24


  C:1753H         LINE#         94
  C:1756H         LINE#         95
  C:1756H         LINE#         97
  C:1756H         LINE#         99
  C:1759H         LINE#         100
  C:1759H         LINE#         101
  C:1759H         LINE#         103
  C:1759H         LINE#         104
  C:175CH         LINE#         105
  C:175CH         LINE#         106
  C:175CH         LINE#         107
  C:1761H         LINE#         108
  C:1764H         LINE#         109
  C:1764H         LINE#         111
  C:1764H         LINE#         112
  C:1767H         LINE#         113
  C:1767H         LINE#         114
  C:1767H         LINE#         116
  C:1767H         LINE#         118
  C:1767H         LINE#         119
  C:176CH         LINE#         120
  C:176EH         LINE#         121
  C:176EH         LINE#         123
  C:176EH         LINE#         125
  C:176EH         LINE#         126
  C:1773H         LINE#         127
  C:1775H         LINE#         128
  C:1775H         LINE#         130
  C:1775H         LINE#         131
  C:1778H         LINE#         132
  C:1778H         LINE#         133
  C:1778H         LINE#         134
  C:177DH         LINE#         135
  C:177FH         LINE#         136
  C:177FH         LINE#         138
  C:177FH         LINE#         139
  C:1782H         LINE#         140
  C:1782H         LINE#         141
  C:1782H         LINE#         143
  C:1782H         LINE#         145
  C:1782H         LINE#         146
  C:1788H         LINE#         147
  C:178EH         LINE#         148
  C:178EH         LINE#         150
  C:1791H         LINE#         151
  C:1791H         LINE#         153
  C:1791H         LINE#         154
  C:1794H         LINE#         155
  C:1794H         LINE#         156
  C:1794H         LINE#         158
  C:1794H         LINE#         159
  C:1798H         LINE#         160
  C:1798H         LINE#         161
  C:17ACH         LINE#         162
  C:17B2H         LINE#         163
  C:17B5H         LINE#         164
  C:17B5H         LINE#         166
BL51 BANKED LINKER/LOCATER V6.22.4.0                                                  07/17/2026  18:53:14  PAGE 25


  C:17B5H         LINE#         167
  C:17B8H         LINE#         168
  C:17B8H         LINE#         169
  C:17B8H         LINE#         171
  C:17B8H         LINE#         172
  C:17B8H         LINE#         173
  C:17B8H         LINE#         175
  C:17BAH         LINE#         176
  -------         ENDPROC       _UART_RECEIVER_PROCESS_BYTE
  -------         PROC          UART_RECEIVER_TIMEOUT_HANDLER
  C:2851H         LINE#         179
  C:2851H         LINE#         180
  C:2851H         LINE#         185
  C:2860H         LINE#         186
  C:2860H         LINE#         200
  C:2863H         LINE#         201
  C:2863H         LINE#         202
  -------         ENDPROC       UART_RECEIVER_TIMEOUT_HANDLER
  -------         PROC          UART_DATA_HANDLE
  -------         DO            
  D:0004H         SYMBOL        recv_byte
  X:6129H         SYMBOL        initialized
  -------         ENDDO         
  C:1C27H         LINE#         203
  C:1C27H         LINE#         204
  C:1C27H         LINE#         212
  C:1C2DH         LINE#         213
  C:1C2DH         LINE#         214
  C:1C30H         LINE#         215
  C:1C36H         LINE#         216
  C:1C36H         LINE#         221
  C:1C3CH         LINE#         222
  C:1C3CH         LINE#         223
  C:1C3FH         LINE#         224
  C:1C3FH         LINE#         233
  C:1C3FH         LINE#         234
  C:1C3FH         LINE#         235
  C:1C53H         LINE#         238
  C:1C53H         LINE#         252
  C:1C53H         LINE#         253
  C:1C53H         LINE#         255
  C:1C58H         LINE#         258
  C:1C5EH         LINE#         259
  C:1C63H         LINE#         262
  C:1C69H         LINE#         263
  C:1C69H         LINE#         276
  C:1C6CH         LINE#         277
  C:1C6CH         LINE#         278
  C:1C6EH         LINE#         308
  C:1C7AH         LINE#         310
  C:1C7AH         LINE#         312
  C:1C7AH         LINE#         332
  C:1C8AH         LINE#         333
  C:1C8AH         LINE#         334
  C:1C8AH         LINE#         336
  C:1C8FH         LINE#         337
  C:1C91H         LINE#         338
BL51 BANKED LINKER/LOCATER V6.22.4.0                                                  07/17/2026  18:53:14  PAGE 26


  C:1C91H         LINE#         340
  C:1C97H         LINE#         341
  C:1C99H         LINE#         342
  C:1C99H         LINE#         350
  C:1C9CH         LINE#         351
  C:1C9CH         LINE#         353
  C:1C9CH         LINE#         357
  C:1C9CH         LINE#         358
  C:1C9CH         LINE#         361
  C:1C9FH         LINE#         362
  -------         ENDPROC       UART_DATA_HANDLE
  -------         PROC          _UART_DATA_SEND_CMD
  X:610EH         SYMBOL        cmd
  -------         DO            
  X:610FH         SYMBOL        buf
  -------         ENDDO         
  C:225CH         LINE#         366
  C:2261H         LINE#         367
  C:2261H         LINE#         368
  C:2274H         LINE#         379
  C:227DH         LINE#         380
  C:2296H         LINE#         382
  -------         ENDPROC       _UART_DATA_SEND_CMD
  -------         ENDMOD        UART_DATA_HANDLE

  -------         MODULE        KEY_DRIVER
  C:0000H         SYMBOL        _ICE_DUMMY_
  C:0ACFH         PUBLIC        _key_driver_scan
  X:6183H         SYMBOL        is_key_active
  X:6184H         PUBLIC        scan_para
  C:2713H         SYMBOL        Com0021
  C:2713H         SYMBOL        L?0034
  C:2716H         SYMBOL        L?0035
  C:2717H         SYMBOL        L?0036
  C:271DH         SYMBOL        L?0037
  C:2720H         SYMBOL        L?0038
  C:2724H         SYMBOL        L?0039
  C:272AH         SYMBOL        L?0040
  C:272DH         SYMBOL        L?0041
  -------         PROC          COM0021
  -------         ENDPROC       COM0021
  -------         PROC          _KEY_DRIVER_SCAN
  D:0001H         SYMBOL        _scan_para
  -------         DO            
  X:610DH         SYMBOL        key_event
  D:0007H         SYMBOL        cur_key_value
  X:610EH         SYMBOL        key_value
  C:0C37H         SYMBOL        _notify
  C:0C57H         SYMBOL        _scan_end
  -------         ENDDO         
  C:0ACFH         LINE#         17
  C:0ACFH         LINE#         19
  C:0ACFH         LINE#         24
  C:0AD4H         LINE#         25
  C:0AD6H         LINE#         26
  C:0ADAH         LINE#         30
  C:0AE0H         LINE#         33
BL51 BANKED LINKER/LOCATER V6.22.4.0                                                  07/17/2026  18:53:14  PAGE 27


  C:0AF3H         LINE#         34
  C:0AF3H         LINE#         36
  C:0AF3H         LINE#         38
  C:0AFDH         LINE#         40
  C:0B06H         LINE#         46
  C:0B0AH         LINE#         47
  C:0B0AH         LINE#         48
  C:0B10H         LINE#         49
  C:0B12H         LINE#         50
  C:0B18H         LINE#         51
  C:0B18H         LINE#         52
  C:0B1BH         LINE#         53
  C:0B1BH         LINE#         56
  C:0B2FH         LINE#         57
  C:0B2FH         LINE#         59
  C:0B36H         LINE#         60
  C:0B3CH         LINE#         62
  C:0B3CH         LINE#         65
  C:0B4DH         LINE#         66
  C:0B4DH         LINE#         67
  C:0B58H         LINE#         69
  C:0B58H         LINE#         72
  C:0B64H         LINE#         73
  C:0B64H         LINE#         80
  C:0B68H         LINE#         81
  C:0B68H         LINE#         82
  C:0B6FH         LINE#         83
  C:0B6FH         LINE#         84
  C:0B71H         LINE#         85
  C:0B77H         LINE#         86
  C:0B79H         LINE#         88
  C:0B79H         LINE#         91
  C:0B79H         LINE#         92
  C:0B81H         LINE#         93
  C:0B81H         LINE#         94
  C:0B84H         LINE#         96
  C:0B84H         LINE#         101
  C:0B8CH         LINE#         102
  C:0B98H         LINE#         103
  C:0B98H         LINE#         104
  C:0B9DH         LINE#         105
  C:0BA1H         LINE#         106
  C:0BA4H         LINE#         108
  C:0BA4H         LINE#         109
  C:0BAAH         LINE#         110
  C:0BAAH         LINE#         111
  C:0BAAH         LINE#         113
  C:0BACH         LINE#         118
  C:0BACH         LINE#         120
  C:0BACH         LINE#         125
  C:0BB0H         LINE#         126
  C:0BB0H         LINE#         128
  C:0BC1H         LINE#         129
  C:0BC1H         LINE#         133
  C:0BD2H         LINE#         134
  C:0BD2H         LINE#         154
  C:0BD2H         LINE#         155
BL51 BANKED LINKER/LOCATER V6.22.4.0                                                  07/17/2026  18:53:14  PAGE 28


  C:0BD4H         LINE#         157
  C:0BD4H         LINE#         158
  C:0BE1H         LINE#         160
  C:0BE3H         LINE#         162
  C:0BE3H         LINE#         164
  C:0BE3H         LINE#         165
  C:0BEEH         LINE#         166
  C:0BF1H         LINE#         168
  C:0BF1H         LINE#         169
  C:0BF1H         LINE#         171
  C:0BF1H         LINE#         172
  C:0BF1H         LINE#         174
  C:0BF1H         LINE#         175
  C:0BF1H         LINE#         177
  C:0BF1H         LINE#         179
  C:0BFCH         LINE#         180
  C:0BFCH         LINE#         181
  C:0C04H         LINE#         182
  C:0C04H         LINE#         186
  C:0C0AH         LINE#         187
  C:0C0AH         LINE#         188
  C:0C10H         LINE#         193
  C:0C12H         LINE#         194
  C:0C1EH         LINE#         195
  C:0C1EH         LINE#         196
  C:0C23H         LINE#         197
  C:0C32H         LINE#         199
  C:0C32H         LINE#         201
  C:0C32H         LINE#         202
  C:0C32H         LINE#         204
  C:0C32H         LINE#         207
  C:0C37H         LINE#         208
  C:0C37H         LINE#         210
  C:0C37H         LINE#         211
  C:0C37H         LINE#         213
  C:0C37H         LINE#         216
  C:0C37H         LINE#         218
  C:0C37H         LINE#         219
  C:0C3BH         LINE#         220
  C:0C43H         LINE#         222
  C:0C4DH         LINE#         223
  C:0C57H         LINE#         226
  C:0C57H         LINE#         235
  C:0C57H         LINE#         237
  C:0C57H         LINE#         238
  C:0C61H         LINE#         241
  -------         ENDPROC       _KEY_DRIVER_SCAN
  -------         ENDMOD        KEY_DRIVER

  -------         MODULE        AD_KEY
  C:0000H         SYMBOL        _ICE_DUMMY_
  X:6088H         PUBLIC        ad_key_para
  C:17BBH         PUBLIC        ad_key_handle
  X:609BH         SYMBOL        ad_key_scan_table
  X:60ABH         SYMBOL        ad_key_event_table
  C:2474H         PUBLIC        ad_key_get_key_val
  C:205CH         SYMBOL        _ad_key_val_to_ad_key_index
BL51 BANKED LINKER/LOCATER V6.22.4.0                                                  07/17/2026  18:53:14  PAGE 29


  C:20F3H         SYMBOL        _ad_key_get_event
  C:2899H         SYMBOL        Com0036
  C:2899H         SYMBOL        L?0055
  -------         PROC          COM0036
  -------         ENDPROC       COM0036
  -------         PROC          _AD_KEY_VAL_TO_AD_KEY_INDEX
  D:0006H         SYMBOL        ad_key_val
  -------         DO            
  D:0005H         SYMBOL        i
  X:610EH         SYMBOL        ad_key_index
  -------         ENDDO         
  C:205CH         LINE#         55
  C:205CH         LINE#         56
  C:205CH         LINE#         57
  C:205EH         LINE#         58
  C:2066H         LINE#         61
  C:2066H         LINE#         62
  C:2066H         LINE#         63
  C:207EH         LINE#         64
  C:207EH         LINE#         65
  C:2098H         LINE#         66
  C:209AH         LINE#         67
  C:209AH         LINE#         68
  C:209FH         LINE#         70
  C:20A7H         LINE#         71
  -------         ENDPROC       _AD_KEY_VAL_TO_AD_KEY_INDEX
  -------         PROC          _AD_KEY_GET_EVENT
  D:0007H         SYMBOL        key_val
  D:0005H         SYMBOL        key_event
  -------         DO            
  D:0006H         SYMBOL        ret_key_event
  D:0004H         SYMBOL        key_event_index
  D:0003H         SYMBOL        i
  -------         ENDDO         
  C:20F3H         LINE#         81
  C:20F3H         LINE#         82
  C:20F3H         LINE#         83
  C:20F5H         LINE#         84
  C:20F6H         LINE#         85
  C:20F7H         LINE#         88
  C:20FBH         LINE#         89
  C:20FBH         LINE#         90
  C:20FCH         LINE#         91
  C:20FEH         LINE#         92
  C:2102H         LINE#         93
  C:2102H         LINE#         94
  C:2104H         LINE#         95
  C:2106H         LINE#         96
  C:210AH         LINE#         97
  C:210AH         LINE#         98
  C:210CH         LINE#         99
  C:210EH         LINE#         100
  C:2112H         LINE#         101
  C:2112H         LINE#         102
  C:2114H         LINE#         103
  C:2116H         LINE#         105
  C:2116H         LINE#         106
BL51 BANKED LINKER/LOCATER V6.22.4.0                                                  07/17/2026  18:53:14  PAGE 30


  C:2119H         LINE#         107
  C:2119H         LINE#         109
  C:211FH         LINE#         110
  C:211FH         LINE#         111
  C:2126H         LINE#         112
  C:2126H         LINE#         113
  C:2135H         LINE#         114
  C:2137H         LINE#         115
  C:2137H         LINE#         116
  C:213AH         LINE#         118
  C:213CH         LINE#         119
  -------         ENDPROC       _AD_KEY_GET_EVENT
  -------         PROC          AD_KEY_GET_KEY_VAL
  -------         DO            
  X:6086H         SYMBOL        val
  X:610DH         SYMBOL        ret
  -------         ENDDO         
  C:2474H         LINE#         132
  C:2474H         LINE#         133
  C:2474H         LINE#         135
  C:247AH         LINE#         138
  C:2482H         LINE#         139
  C:2482H         LINE#         140
  C:2487H         LINE#         141
  C:2494H         LINE#         144
  C:2494H         LINE#         146
  C:24A4H         LINE#         147
  C:24A6H         LINE#         148
  -------         ENDPROC       AD_KEY_GET_KEY_VAL
  -------         PROC          AD_KEY_HANDLE
  -------         DO            
  X:610DH         SYMBOL        ad_key_event
  -------         ENDDO         
  C:17BBH         LINE#         150
  C:17BBH         LINE#         151
  C:17BBH         LINE#         152
  C:17C0H         LINE#         154
  C:17C9H         LINE#         155
  C:17C9H         LINE#         157
  C:17C9H         LINE#         159
  C:17D6H         LINE#         160
  C:17DBH         LINE#         161
  C:17DDH         LINE#         164
  C:17ECH         LINE#         165
  C:17ECH         LINE#         175
  C:17F2H         LINE#         177
  C:17F2H         LINE#         179
  C:1818H         LINE#         180
  C:1818H         LINE#         183
  C:1818H         LINE#         187
  C:181BH         LINE#         188
  C:181BH         LINE#         190
  C:181BH         LINE#         194
  C:181BH         LINE#         196
  C:181BH         LINE#         201
  C:181BH         LINE#         203
  C:181BH         LINE#         207
BL51 BANKED LINKER/LOCATER V6.22.4.0                                                  07/17/2026  18:53:14  PAGE 31


  C:181BH         LINE#         211
  C:181BH         LINE#         215
  C:181DH         LINE#         216
  C:181FH         LINE#         218
  C:181FH         LINE#         223
  C:1821H         LINE#         224
  C:1823H         LINE#         226
  C:1823H         LINE#         231
  C:1825H         LINE#         232
  C:1827H         LINE#         234
  C:1827H         LINE#         238
  C:1827H         LINE#         243
  C:1827H         LINE#         248
  C:1829H         LINE#         249
  C:182BH         LINE#         251
  C:182BH         LINE#         257
  C:182DH         LINE#         258
  C:182FH         LINE#         260
  C:182FH         LINE#         266
  C:1831H         LINE#         267
  C:1833H         LINE#         269
  C:1833H         LINE#         273
  C:1833H         LINE#         277
  C:1833H         LINE#         283
  C:1839H         LINE#         284
  C:1839H         LINE#         285
  C:183BH         LINE#         286
  C:183DH         LINE#         287
  C:1844H         LINE#         288
  C:1844H         LINE#         289
  C:1849H         LINE#         290
  C:1849H         LINE#         291
  C:1849H         LINE#         293
  C:1849H         LINE#         299
  C:184FH         LINE#         300
  C:184FH         LINE#         303
  C:1852H         LINE#         304
  C:1852H         LINE#         306
  C:1852H         LINE#         311
  C:1855H         LINE#         312
  C:1855H         LINE#         313
  C:1855H         LINE#         315
  C:1855H         LINE#         319
  C:1855H         LINE#         321
  C:1855H         LINE#         325
  C:1855H         LINE#         327
  C:1855H         LINE#         328
  C:1855H         LINE#         329
  C:1855H         LINE#         330
  -------         ENDPROC       AD_KEY_HANDLE
  -------         ENDMOD        AD_KEY

  -------         MODULE        USER_TEST
  C:0000H         SYMBOL        _ICE_DUMMY_
  -------         ENDMOD        USER_TEST

  -------         MODULE        LED
BL51 BANKED LINKER/LOCATER V6.22.4.0                                                  07/17/2026  18:53:14  PAGE 32


  C:0000H         SYMBOL        _ICE_DUMMY_
  B:0080H.0       PUBLIC        P00
  B:0080H.1       PUBLIC        P01
  B:0080H.2       PUBLIC        P02
  B:0080H.5       PUBLIC        P05
  B:0080H.6       PUBLIC        P06
  B:0090H.3       PUBLIC        P13
  B:00A0H.7       PUBLIC        P27
  B:00B0H.0       PUBLIC        P30
  X:6166H         PUBLIC        led_ctl
  C:200EH         PUBLIC        led_init
  C:28B7H         PUBLIC        led_yellow_on
  C:2910H         PUBLIC        led_yellow_off
  C:28C4H         PUBLIC        led_white_on
  C:2918H         PUBLIC        led_white_off
  C:28A8H         PUBLIC        led_ctl_init
  C:258BH         PUBLIC        led_status_switch
  C:1CA0H         PUBLIC        _led_status_set
  C:1339H         PUBLIC        led_red_blue_flash_1ms_isr
  C:111DH         PUBLIC        led_slow_adjust_isr
  C:18ECH         SYMBOL        Com0050
  C:18ECH         SYMBOL        L?0081
  C:18F8H         SYMBOL        L?0082
  C:1906H         SYMBOL        L?0083
  C:1907H         SYMBOL        L?0084
  C:190CH         SYMBOL        L?0085
  C:1913H         SYMBOL        L?0086
  C:1916H         SYMBOL        L?0087
  C:1919H         SYMBOL        L?0088
  C:1920H         SYMBOL        L?0089
  C:1920H         SYMBOL        L?0090
  C:192DH         SYMBOL        L?0092
  C:193EH         SYMBOL        L?0093
  C:194DH         SYMBOL        L?0094
  C:194DH         SYMBOL        L?0095
  C:1956H         SYMBOL        L?0096
  C:1961H         SYMBOL        L?0097
  C:1962H         SYMBOL        L?0098
  C:1969H         SYMBOL        L?0099
  C:1969H         SYMBOL        L?0100
  C:196FH         SYMBOL        L?0101
  C:1978H         SYMBOL        L?0102
  C:1978H         SYMBOL        L?0103
  -------         PROC          COM0050
  -------         ENDPROC       COM0050
  -------         PROC          LED_INIT
  C:200EH         LINE#         18
  C:200EH         LINE#         19
  C:200EH         LINE#         21
  C:2014H         LINE#         22
  C:2018H         LINE#         23
  C:201AH         LINE#         24
  C:201FH         LINE#         27
  C:2025H         LINE#         28
  C:2029H         LINE#         29
  C:202BH         LINE#         30
  C:202EH         LINE#         33
BL51 BANKED LINKER/LOCATER V6.22.4.0                                                  07/17/2026  18:53:14  PAGE 33


  C:202EH         LINE#         34
  C:2031H         LINE#         35
  C:2033H         LINE#         36
  C:2038H         LINE#         39
  C:203DH         LINE#         40
  C:2041H         LINE#         41
  C:2043H         LINE#         42
  C:2046H         LINE#         45
  C:2046H         LINE#         46
  C:2049H         LINE#         47
  C:204BH         LINE#         48
  C:204EH         LINE#         51
  C:2052H         LINE#         52
  C:2056H         LINE#         53
  C:2058H         LINE#         54
  C:205BH         LINE#         55
  -------         ENDPROC       LED_INIT
  -------         PROC          LED_CTL_INIT
  C:28A8H         LINE#         57
  C:28A8H         LINE#         58
  C:28A8H         LINE#         67
  -------         ENDPROC       LED_CTL_INIT
  -------         PROC          LED_YELLOW_ON
  C:28B7H         LINE#         109
  C:28B7H         LINE#         110
  C:28B7H         LINE#         112
  C:28BDH         LINE#         114
  C:28C3H         LINE#         115
  -------         ENDPROC       LED_YELLOW_ON
  -------         PROC          LED_YELLOW_OFF
  C:2910H         LINE#         126
  C:2910H         LINE#         127
  C:2910H         LINE#         128
  C:2912H         LINE#         129
  C:2917H         LINE#         130
  -------         ENDPROC       LED_YELLOW_OFF
  -------         PROC          LED_WHITE_ON
  C:28C4H         LINE#         132
  C:28C4H         LINE#         133
  C:28C4H         LINE#         135
  C:28CAH         LINE#         137
  C:28D0H         LINE#         138
  -------         ENDPROC       LED_WHITE_ON
  -------         PROC          LED_WHITE_OFF
  C:2918H         LINE#         149
  C:2918H         LINE#         150
  C:2918H         LINE#         151
  C:291AH         LINE#         152
  C:291FH         LINE#         153
  -------         ENDPROC       LED_WHITE_OFF
  -------         PROC          LED_STATUS_SWITCH
  C:258BH         LINE#         155
  C:258BH         LINE#         156
  C:258BH         LINE#         158
  C:259FH         LINE#         159
  C:259FH         LINE#         160
  C:259FH         LINE#         164
BL51 BANKED LINKER/LOCATER V6.22.4.0                                                  07/17/2026  18:53:14  PAGE 34


  C:25A1H         LINE#         165
  C:25A3H         LINE#         166
  C:25A3H         LINE#         171
  C:25A5H         LINE#         172
  C:25A7H         LINE#         173
  C:25A7H         LINE#         177
  C:25A9H         LINE#         178
  C:25ABH         LINE#         179
  C:25ABH         LINE#         185
  C:25ADH         LINE#         186
  C:25AFH         LINE#         187
  C:25AFH         LINE#         198
  C:25B4H         LINE#         199
  C:25B4H         LINE#         200
[...]


  C:1DE6H         LINE#         90
  -------         ENDPROC       LED_BAT_LEV_HANDLE
  -------         PROC          LED_BAT_LEV_STA_DISCHARGE_HANDLE
  -------         DO            
  X:6157H         SYMBOL        jump_down_cnt_ms
  X:6122H         SYMBOL        target_bat_lev
  -------         ENDDO         
  C:0486H         LINE#         93
  C:0486H         LINE#         94
  C:0486H         LINE#         97
  C:048CH         LINE#         99
  C:049BH         LINE#         102
  C:049BH         LINE#         104
  C:04A0H         LINE#         105
  C:04A0H         LINE#         106
  C:04A0H         LINE#         107
  C:04A2H         LINE#         108
  C:04A7H         LINE#         109
  C:04A7H         LINE#         110
  C:04A7H         LINE#         111
  C:04A9H         LINE#         112
  C:04B5H         LINE#         113
  C:04B5H         LINE#         114
  C:04B5H         LINE#         115
  C:04B7H         LINE#         116
  C:04C3H         LINE#         117
  C:04C3H         LINE#         118
  C:04C6H         LINE#         119
  C:04C8H         LINE#         120
  C:04D4H         LINE#         121
  C:04D4H         LINE#         122
  C:04D7H         LINE#         123
  C:04D9H         LINE#         125
  C:04D9H         LINE#         128
  C:04D9H         LINE#         129
  C:04D9H         LINE#         130
  C:04DEH         LINE#         131
  C:04DEH         LINE#         133
  C:04E3H         LINE#         134
  C:04E3H         LINE#         135
  C:04E9H         LINE#         136
  C:04EBH         LINE#         137
  C:04FAH         LINE#         138
  C:04FAH         LINE#         139
  C:0500H         LINE#         140
  C:0502H         LINE#         141
  C:0507H         LINE#         142
  C:0507H         LINE#         143
  C:050DH         LINE#         144
  C:050FH         LINE#         145
  C:051EH         LINE#         146
  C:051EH         LINE#         147
  C:0521H         LINE#         148
  C:0523H         LINE#         150
  C:0523H         LINE#         151
  C:0526H         LINE#         152
  C:0526H         LINE#         153
BL51 BANKED LINKER/LOCATER V6.22.4.0                                                  07/17/2026  18:53:14  PAGE 58


  C:0526H         LINE#         175
  C:0530H         LINE#         176
  C:0530H         LINE#         177
  C:053CH         LINE#         178
  C:053CH         LINE#         183
  C:0546H         LINE#         185
  C:0555H         LINE#         188
  C:0555H         LINE#         190
  C:0568H         LINE#         191
  C:0568H         LINE#         192
  C:0568H         LINE#         193
  C:0570H         LINE#         194
  C:0570H         LINE#         195
  C:0570H         LINE#         196
  C:0570H         LINE#         197
  C:0573H         LINE#         199
  C:0573H         LINE#         200
  C:057EH         LINE#         201
  C:057EH         LINE#         202
  C:057EH         LINE#         203
  C:057EH         LINE#         204
  C:0580H         LINE#         206
  C:0580H         LINE#         207
  C:058FH         LINE#         208
  C:058FH         LINE#         209
  C:058FH         LINE#         210
  C:058FH         LINE#         211
  C:0591H         LINE#         213
  C:0591H         LINE#         214
  C:0591H         LINE#         215
  C:0591H         LINE#         216
  C:0591H         LINE#         217
  C:0591H         LINE#         218
  C:0591H         LINE#         219
  C:0593H         LINE#         221
  C:0593H         LINE#         223
  C:0593H         LINE#         224
  C:0593H         LINE#         225
  C:0593H         LINE#         226
  C:0593H         LINE#         227
  C:059BH         LINE#         228
  C:059BH         LINE#         230
  C:05AEH         LINE#         231
  C:05AEH         LINE#         232
  C:05AEH         LINE#         233
  C:05B9H         LINE#         234
  C:05B9H         LINE#         235
  C:05B9H         LINE#         236
  C:05B9H         LINE#         237
  C:05BBH         LINE#         239
  C:05BBH         LINE#         240
  C:05CAH         LINE#         241
  C:05CAH         LINE#         242
  C:05CAH         LINE#         243
  C:05CAH         LINE#         244
  C:05CCH         LINE#         246
  C:05CCH         LINE#         247
BL51 BANKED LINKER/LOCATER V6.22.4.0                                                  07/17/2026  18:53:14  PAGE 59


  C:05D7H         LINE#         248
  C:05D7H         LINE#         249
  C:05DFH         LINE#         250
  C:05DFH         LINE#         251
  C:05E2H         LINE#         253
  C:05E2H         LINE#         254
  C:05EAH         LINE#         255
  C:05EBH         LINE#         256
  C:05EBH         LINE#         257
  C:05EBH         LINE#         258
  C:05EBH         LINE#         259
  C:05EEH         LINE#         261
  C:05EEH         LINE#         263
  C:05EEH         LINE#         264
  C:05EEH         LINE#         265
  C:05EEH         LINE#         266
  C:05EEH         LINE#         267
  C:05EEH         LINE#         269
  C:05EEH         LINE#         277
  C:05FAH         LINE#         278
  C:060CH         LINE#         279
  C:060CH         LINE#         280
  C:0616H         LINE#         286
  C:061FH         LINE#         287
  C:061FH         LINE#         288
  C:0622H         LINE#         289
  C:0622H         LINE#         291
  C:0631H         LINE#         294
  C:0631H         LINE#         296
  C:0642H         LINE#         297
  C:0642H         LINE#         298
  C:0642H         LINE#         299
  C:064AH         LINE#         300
  C:064AH         LINE#         304
  C:0654H         LINE#         306
  C:0654H         LINE#         307
  C:0657H         LINE#         309
  C:0657H         LINE#         310
  C:065FH         LINE#         311
  C:065FH         LINE#         315
  C:0669H         LINE#         317
  C:0669H         LINE#         318
  C:066CH         LINE#         320
  C:066CH         LINE#         321
  C:0678H         LINE#         322
  C:0678H         LINE#         326
  C:0682H         LINE#         328
  C:0682H         LINE#         329
  C:0684H         LINE#         331
  C:0684H         LINE#         332
  C:0684H         LINE#         333
  C:0684H         LINE#         334
  C:0684H         LINE#         335
  C:0689H         LINE#         336
  C:0689H         LINE#         338
  C:0697H         LINE#         339
  C:0697H         LINE#         340
BL51 BANKED LINKER/LOCATER V6.22.4.0                                                  07/17/2026  18:53:14  PAGE 60


  C:0697H         LINE#         341
  C:069FH         LINE#         342
  C:069FH         LINE#         346
  C:06A9H         LINE#         348
  C:06A9H         LINE#         349
  C:06ABH         LINE#         351
  C:06ABH         LINE#         352
  C:06BAH         LINE#         353
  C:06BAH         LINE#         357
  C:06C4H         LINE#         359
  C:06C4H         LINE#         360
  C:06C6H         LINE#         362
  C:06C6H         LINE#         363
  C:06CEH         LINE#         364
  C:06CEH         LINE#         368
  C:06D8H         LINE#         370
  C:06D8H         LINE#         371
  C:06D8H         LINE#         373
  C:06D8H         LINE#         374
  C:06D8H         LINE#         375
  C:06D8H         LINE#         376
  C:06D8H         LINE#         377
  C:06D8H         LINE#         378
  C:06D8H         LINE#         379
  C:06D8H         LINE#         395
  C:06ECH         LINE#         396
  C:06ECH         LINE#         397
  C:06ECH         LINE#         398
  C:06ECH         LINE#         400
  C:06F2H         LINE#         401
  C:06F2H         LINE#         402
  C:06F2H         LINE#         403
  C:06F5H         LINE#         404
  C:06F7H         LINE#         405
  C:06F8H         LINE#         406
  C:06F8H         LINE#         407
  C:06F8H         LINE#         408
  C:06F8H         LINE#         409
  C:06FBH         LINE#         410
  C:06FDH         LINE#         411
  C:06FEH         LINE#         412
  C:06FEH         LINE#         413
  C:0700H         LINE#         414
  C:0702H         LINE#         415
  C:0702H         LINE#         416
  C:0702H         LINE#         417
  C:0704H         LINE#         418
  C:0704H         LINE#         419
  C:0706H         LINE#         420
  C:0708H         LINE#         421
  C:0708H         LINE#         422
  C:0708H         LINE#         423
  C:070AH         LINE#         424
  C:070AH         LINE#         425
  C:070CH         LINE#         426
  C:070EH         LINE#         427
  C:0710H         LINE#         428
BL51 BANKED LINKER/LOCATER V6.22.4.0                                                  07/17/2026  18:53:14  PAGE 61


  C:0712H         LINE#         429
  C:0712H         LINE#         430
  C:0712H         LINE#         431
  -------         ENDPROC       LED_BAT_LEV_STA_DISCHARGE_HANDLE
  -------         PROC          LED_BAT_LEV_STA_ALERT_HANDLE
  -------         DO            
  X:615BH         SYMBOL        cnt
  -------         ENDDO         
  C:25B5H         LINE#         433
  C:25B5H         LINE#         434
  C:25B5H         LINE#         437
  C:25B5H         LINE#         438
  C:25B5H         LINE#         439
  C:25B8H         LINE#         441
  C:25C2H         LINE#         442
  C:25D1H         LINE#         443
  C:25D1H         LINE#         444
  C:25D5H         LINE#         445
  C:25DAH         LINE#         446
  C:25DAH         LINE#         447
  -------         ENDPROC       LED_BAT_LEV_STA_ALERT_HANDLE
  -------         PROC          LED_BAT_LEV_STA_IDLE_HANDLE
  C:0045H         LINE#         449
  C:0045H         LINE#         450
  C:0045H         LINE#         451
  C:0045H         LINE#         452
  C:0045H         LINE#         453
  C:0048H         LINE#         454
  C:004AH         LINE#         455
  -------         ENDPROC       LED_BAT_LEV_STA_IDLE_HANDLE
  -------         PROC          LED_BAT_LEV_STA_CHARGE_BEGIN_HANDLE
  C:283CH         LINE#         457
  C:283CH         LINE#         458
  C:283CH         LINE#         459
  C:283CH         LINE#         460
  C:283CH         LINE#         461
  C:283FH         LINE#         462
  C:2841H         LINE#         463
  C:2846H         LINE#         464
  C:284AH         LINE#         465
  C:2850H         LINE#         466
  -------         ENDPROC       LED_BAT_LEV_STA_CHARGE_BEGIN_HANDLE
  -------         PROC          LED_BAT_LEV_STA_CHARGE_BEGIN_ANIM_HANDLE
  C:1E4DH         LINE#         468
  C:1E4DH         LINE#         469
  C:1E4DH         LINE#         470
  C:1E4DH         LINE#         471
  C:1E52H         LINE#         472
  C:1E52H         LINE#         473
  C:1E56H         LINE#         474
  C:1E67H         LINE#         476
  C:1E67H         LINE#         477
  C:1E69H         LINE#         478
  C:1E6FH         LINE#         479
  C:1E70H         LINE#         480
  C:1E82H         LINE#         482
  C:1E82H         LINE#         483
BL51 BANKED LINKER/LOCATER V6.22.4.0                                                  07/17/2026  18:53:14  PAGE 62


  C:1E84H         LINE#         484
  C:1E8AH         LINE#         485
  C:1E8BH         LINE#         486
  C:1E9DH         LINE#         488
  C:1E9DH         LINE#         489
  C:1E9FH         LINE#         490
  C:1EA2H         LINE#         491
  C:1EA4H         LINE#         493
  C:1EA4H         LINE#         494
  C:1EABH         LINE#         497
  C:1EB1H         LINE#         498
  C:1EB1H         LINE#         499
  C:1EB1H         LINE#         500
  -------         ENDPROC       LED_BAT_LEV_STA_CHARGE_BEGIN_ANIM_HANDLE
  -------         PROC          LED_BAT_LEV_STA_CHARGING_HANDLE
  -------         DO            
  X:615DH         SYMBOL        led_quick_fill_cnt
  -------         ENDDO         
  C:1009H         LINE#         502
  C:1009H         LINE#         503
  C:1009H         LINE#         506
  C:1009H         LINE#         509
  C:1015H         LINE#         510
  C:1015H         LINE#         511
  C:101CH         LINE#         514
  C:102DH         LINE#         515
  C:102DH         LINE#         516
  C:102DH         LINE#         517
  C:1032H         LINE#         518
  C:1034H         LINE#         519
  C:1034H         LINE#         520
  C:1039H         LINE#         521
  C:103BH         LINE#         522
  C:103BH         LINE#         523
  C:1040H         LINE#         524
  C:1042H         LINE#         525
  C:1042H         LINE#         526
  C:1047H         LINE#         527
  C:1047H         LINE#         528
  C:1047H         LINE#         529
  C:1047H         LINE#         531
  C:1059H         LINE#         534
  C:1059H         LINE#         536
  C:1062H         LINE#         537
  C:1062H         LINE#         538
  C:1066H         LINE#         539
  C:1068H         LINE#         541
  C:1068H         LINE#         544
  C:1076H         LINE#         545
  C:1076H         LINE#         546
  C:1082H         LINE#         547
  C:1082H         LINE#         549
  C:1091H         LINE#         550
  C:1091H         LINE#         551
  C:109BH         LINE#         557
  C:10A1H         LINE#         558
  C:10A7H         LINE#         559
BL51 BANKED LINKER/LOCATER V6.22.4.0                                                  07/17/2026  18:53:14  PAGE 63


  C:10A7H         LINE#         560
  C:10A7H         LINE#         561
  C:10A9H         LINE#         563
  C:10A9H         LINE#         564
  C:10B3H         LINE#         565
  C:10B3H         LINE#         567
  C:10CEH         LINE#         570
  C:10CEH         LINE#         571
  C:10D4H         LINE#         572
  C:10D6H         LINE#         574
  C:10D6H         LINE#         575
  C:10D8H         LINE#         576
  C:10F3H         LINE#         579
  C:10F3H         LINE#         580
  C:10F9H         LINE#         581
  C:10FBH         LINE#         583
  C:10FBH         LINE#         584
  C:10FDH         LINE#         585
  C:110FH         LINE#         588
  C:110FH         LINE#         589
  C:1115H         LINE#         590
  C:1117H         LINE#         592
  C:111CH         LINE#         593
  C:111CH         LINE#         594
  -------         ENDPROC       LED_BAT_LEV_STA_CHARGING_HANDLE
  -------         PROC          LED_BAT_LEV_STA_CHARGE_END_HANDLE
  C:28F7H         LINE#         596
  C:28F7H         LINE#         597
  C:28F7H         LINE#         599
  C:28F9H         LINE#         600
  C:28FBH         LINE#         601
  C:28FDH         LINE#         602
  C:28FFH         LINE#         603
  -------         ENDPROC       LED_BAT_LEV_STA_CHARGE_END_HANDLE
  -------         PROC          LED_BAT_LEV_DISLPLAY_1MS_ISR
  C:240AH         LINE#         605
  C:240AH         LINE#         606
  C:240AH         LINE#         607
  C:242AH         LINE#         608
  C:242AH         LINE#         609
  C:242AH         LINE#         610
  C:242DH         LINE#         611
  C:242DH         LINE#         612
  C:242DH         LINE#         613
  C:2430H         LINE#         614
  C:2430H         LINE#         616
  C:2430H         LINE#         617
  C:2433H         LINE#         618
  C:2433H         LINE#         620
  C:2433H         LINE#         621
  C:2436H         LINE#         622
  C:2436H         LINE#         624
  C:2436H         LINE#         625
  C:2439H         LINE#         626
  C:2439H         LINE#         628
  C:2439H         LINE#         629
  C:243CH         LINE#         630
BL51 BANKED LINKER/LOCATER V6.22.4.0                                                  07/17/2026  18:53:14  PAGE 64


  C:243CH         LINE#         632
  C:243CH         LINE#         633
  C:243FH         LINE#         634
  C:243FH         LINE#         635
  C:243FH         LINE#         636
  -------         ENDPROC       LED_BAT_LEV_DISLPLAY_1MS_ISR
  -------         ENDMOD        LED_BAT_LEV

  -------         MODULE        ?C?COPY
  C:011EH         PUBLIC        ?C?COPY
  -------         ENDMOD        ?C?COPY

  -------         MODULE        ?C?CLDPTR
  C:0144H         PUBLIC        ?C?CLDPTR
  -------         ENDMOD        ?C?CLDPTR

  -------         MODULE        ?C?CLDOPTR
  C:015DH         PUBLIC        ?C?CLDOPTR
  -------         ENDMOD        ?C?CLDOPTR

  -------         MODULE        ?C?CILDOPTR
  C:018AH         PUBLIC        ?C?CILDOPTR
  -------         ENDMOD        ?C?CILDOPTR

  -------         MODULE        ?C?CSTOPTR
  C:01BDH         PUBLIC        ?C?CSTOPTR
  -------         ENDMOD        ?C?CSTOPTR

  -------         MODULE        ?C?UIDIV
  C:01DFH         PUBLIC        ?C?UIDIV
  -------         ENDMOD        ?C?UIDIV

  -------         MODULE        ?C?IILDX
  C:0234H         PUBLIC        ?C?IILDX
  -------         ENDMOD        ?C?IILDX

  -------         MODULE        ?C?LADD
  C:024AH         PUBLIC        ?C?LADD
  -------         ENDMOD        ?C?LADD

  -------         MODULE        ?C?ULDIV
  C:0293H         PUBLIC        ?C?ULDIV
  -------         ENDMOD        ?C?ULDIV

  -------         MODULE        ?C?SLCMP
  C:0325H         PUBLIC        ?C?SLCMP
  -------         ENDMOD        ?C?SLCMP

  -------         MODULE        ?C?ULCMP
  C:033BH         PUBLIC        ?C?ULCMP
  -------         ENDMOD        ?C?ULCMP

  -------         MODULE        ?C?LLDXDATA
  C:034CH         PUBLIC        ?C?LLDXDATA
  -------         ENDMOD        ?C?LLDXDATA

  -------         MODULE        ?C?LLDXDATA0
BL51 BANKED LINKER/LOCATER V6.22.4.0                                                  07/17/2026  18:53:14  PAGE 65


  C:0358H         PUBLIC        ?C?LLDXDATA0
  -------         ENDMOD        ?C?LLDXDATA0

  -------         MODULE        ?C?LSTXDATA
  C:0364H         PUBLIC        ?C?LSTXDATA
  -------         ENDMOD        ?C?LSTXDATA

  -------         MODULE        ?C?LSTKXDATA
  C:0370H         PUBLIC        ?C?LSTKXDATA
  -------         ENDMOD        ?C?LSTKXDATA

  -------         MODULE        ?C?PLDXDATA
  C:03A1H         PUBLIC        ?C?PLDXDATA
  -------         ENDMOD        ?C?PLDXDATA

  -------         MODULE        ?C?PSTXDATA
  C:03AAH         PUBLIC        ?C?PSTXDATA
  -------         ENDMOD        ?C?PSTXDATA

  -------         MODULE        ?C?PLDOPTR
  C:03B3H         PUBLIC        ?C?PLDOPTR
  -------         ENDMOD        ?C?PLDOPTR

  -------         MODULE        ?C?CCASE
  C:03E3H         PUBLIC        ?C?CCASE
  -------         ENDMOD        ?C?CCASE

  -------         MODULE        ?C?ICALL
  C:0409H         PUBLIC        ?C?ICALL
  C:040DH         PUBLIC        ?C?ICALL2
  -------         ENDMOD        ?C?ICALL

  -------         MODULE        ?C?LIMUL
  C:040FH         PUBLIC        ?C?LIMUL
  -------         ENDMOD        ?C?LIMUL

  -------         MODULE        ?C?MEMSET
  C:043CH         PUBLIC        ?C?MEMSET
  -------         ENDMOD        ?C?MEMSET

  -------         MODULE        ?C?PLDIDATA
  C:0468H         PUBLIC        ?C?PLDIDATA
  -------         ENDMOD        ?C?PLDIDATA

  -------         MODULE        ?C?PLDPDATA
  C:0471H         PUBLIC        ?C?PLDPDATA
  -------         ENDMOD        ?C?PLDPDATA

  -------         MODULE        ?C?PLDCODE
  C:047AH         PUBLIC        ?C?PLDCODE
  -------         ENDMOD        ?C?PLDCODE

*** WARNING L15: MULTIPLE CALL TO SEGMENT
    SEGMENT: ?PR?BAT_VOL_HISTORY_BUFF_GET_AVG?BAT_SCAN
    CALLER1: ?C_C51STARTUP
    CALLER2: ?PR?TIMR0_IRQHANDLER?TIMER0

BL51 BANKED LINKER/LOCATER V6.22.4.0                                                  07/17/2026  18:53:14  PAGE 66


*** WARNING L15: MULTIPLE CALL TO SEGMENT
    SEGMENT: ?PR?_BAT_DISCHARGE_TIME_CNT_UPDATE?BATTERY_MONITOR
    CALLER1: ?PR?ADC_IRQHANDLER?ADC
    CALLER2: ?PR?TIMR0_IRQHANDLER?TIMER0

Program Size: data=9.5 xdata=393 code=10551
LINK/LOCATE RUN COMPLETE.  2 WARNING(S),  0 ERROR(S)
