BL51 BANKED LINKER/LOCATER V6.22.4.0                                                    06/06/2026  14:59:51  PAGE 1


BL51 BANKED LINKER/LOCATER V6.22.4.0, INVOKED BY:
C:\KEIL_V5\C51\BIN\BL51.EXE .\Release\Objects\STARTUP.obj, .\Release\Objects\system.obj, .\Release\Objects\adc.obj, .\Re
>> lease\Objects\pwm.obj, .\Release\Objects\timer0.obj, .\Release\Objects\timer1.obj, .\Release\Objects\uart0.obj, .\Rel
>> ease\Objects\main.obj, .\Release\Objects\uart_data_handle.obj, .\Release\Objects\key_driver.obj, .\Release\Objects\ad
>> _key.obj, .\Release\Objects\user_test.obj, .\Release\Objects\led.obj, .\Release\Objects\battery_monitor.obj, .\Releas
>> e\Objects\bluetooth_ic_handle.obj, .\Release\Objects\charge_det.obj, .\Release\Objects\low_power.obj TO .\Release\Obj
>> ects\Demo PRINT (.\Release\Listings\Demo.m51) RAMSIZE (256) CODE (0X0000-0X3EEF) XDATA (0X6000-0X66FF)


MEMORY MODEL: LARGE


INPUT MODULES INCLUDED:
  .\Release\Objects\STARTUP.obj (?C_STARTUP)
  .\Release\Objects\system.obj (SYSTEM)
  .\Release\Objects\adc.obj (ADC)
  .\Release\Objects\pwm.obj (PWM)
  .\Release\Objects\timer0.obj (TIMER0)
  .\Release\Objects\timer1.obj (TIMER1)
  .\Release\Objects\uart0.obj (UART0)
  .\Release\Objects\main.obj (MAIN)
  .\Release\Objects\uart_data_handle.obj (UART_DATA_HANDLE)
  .\Release\Objects\key_driver.obj (KEY_DRIVER)
  .\Release\Objects\ad_key.obj (AD_KEY)
  .\Release\Objects\user_test.obj (USER_TEST)
  .\Release\Objects\led.obj (LED)
  .\Release\Objects\battery_monitor.obj (BATTERY_MONITOR)
  .\Release\Objects\bluetooth_ic_handle.obj (BLUETOOTH_IC_HANDLE)
  .\Release\Objects\charge_det.obj (CHARGE_DET)
  .\Release\Objects\low_power.obj (LOW_POWER)
  C:\KEIL_V5\C51\LIB\C51L.LIB (?C_INIT)
  C:\KEIL_V5\C51\LIB\C51L.LIB (?C?COPY)
  C:\KEIL_V5\C51\LIB\C51L.LIB (?C?CLDPTR)
  C:\KEIL_V5\C51\LIB\C51L.LIB (?C?CLDOPTR)
  C:\KEIL_V5\C51\LIB\C51L.LIB (?C?CILDOPTR)
  C:\KEIL_V5\C51\LIB\C51L.LIB (?C?CSTOPTR)
  C:\KEIL_V5\C51\LIB\C51L.LIB (?C?UIDIV)
  C:\KEIL_V5\C51\LIB\C51L.LIB (?C?IILDX)
  C:\KEIL_V5\C51\LIB\C51L.LIB (?C?LADD)
  C:\KEIL_V5\C51\LIB\C51L.LIB (?C?ULDIV)
  C:\KEIL_V5\C51\LIB\C51L.LIB (?C?SLCMP)
  C:\KEIL_V5\C51\LIB\C51L.LIB (?C?ULCMP)
  C:\KEIL_V5\C51\LIB\C51L.LIB (?C?LLDXDATA)
  C:\KEIL_V5\C51\LIB\C51L.LIB (?C?LLDXDATA0)
  C:\KEIL_V5\C51\LIB\C51L.LIB (?C?LSTXDATA)
  C:\KEIL_V5\C51\LIB\C51L.LIB (?C?LSTKXDATA)
  C:\KEIL_V5\C51\LIB\C51L.LIB (?C?PLDXDATA)
  C:\KEIL_V5\C51\LIB\C51L.LIB (?C?PSTXDATA)
  C:\KEIL_V5\C51\LIB\C51L.LIB (?C?PLDOPTR)
  C:\KEIL_V5\C51\LIB\C51L.LIB (?C?CCASE)
  C:\KEIL_V5\C51\LIB\C51L.LIB (?C?ICALL)
  C:\KEIL_V5\C51\LIB\C51L.LIB (?C?LIMUL)
  C:\KEIL_V5\C51\LIB\C51L.LIB (?C?MEMSET)
  C:\KEIL_V5\C51\LIB\C51L.LIB (?C?PLDIDATA)
  C:\KEIL_V5\C51\LIB\C51L.LIB (?C?PLDPDATA)
  C:\KEIL_V5\C51\LIB\C51L.LIB (?C?PLDCODE)


BL51 BANKED LINKER/LOCATER V6.22.4.0                                                  06/06/2026  14:59:51  PAGE 2


LINK MAP OF MODULE:  .\Release\Objects\Demo (?C_STARTUP)


            TYPE    BASE      LENGTH    RELOCATION   SEGMENT NAME
            -----------------------------------------------------

            * * * * * * *   D A T A   M E M O R Y   * * * * * * *
            REG     0000H     0008H     ABSOLUTE     "REG BANK 0"
                    0008H     0018H                  *** GAP ***
            BIT     0020H.0   0000H.4   UNIT         ?BI?ADC
            BIT     0020H.4   0000H.1   UNIT         ?BI?CHARGE_DET
                    0020H.5   0000H.3                *** GAP ***
            IDATA   0021H     0001H     UNIT         ?STACK

            * * * * * * *  X D A T A   M E M O R Y  * * * * * * *
                    0000H     6000H                  *** GAP ***
            XDATA   6000H     0206H     UNIT         ?XD?UART0
            XDATA   6206H     0039H     UNIT         ?XD?AD_KEY
            XDATA   623FH     0033H     UNIT         ?XD?BATTERY_MONITOR
            XDATA   6272H     0025H     UNIT         ?XD?CHARGE_DET
            XDATA   6297H     001BH     UNIT         _XDATA_GROUP_
            XDATA   62B2H     001AH     UNIT         ?XD?UART_DATA_HANDLE
            XDATA   62CCH     0012H     UNIT         ?XD?LED
            XDATA   62DEH     0009H     UNIT         ?XD?ADC
            XDATA   62E7H     0004H     UNIT         ?XD?KEY_DRIVER
            XDATA   62EBH     0004H     UNIT         ?XD?LOW_POWER
            XDATA   62EFH     0002H     UNIT         ?XD?BLUETOOTH_IC_HANDLE

            * * * * * * *   C O D E   M E M O R Y   * * * * * * *
            CODE    0000H     0003H     ABSOLUTE     
            CODE    0003H     000CH     ABSOLUTE     
            CODE    000FH     000FH     UNIT         ?PR?UART_RECEIVER_TIMEOUT_ADD?UART_DATA_HANDLE
            CODE    001EH     0003H     ABSOLUTE     
            CODE    0021H     0003H     ABSOLUTE     
            CODE    0024H     001BH     UNIT         ?PR?_ADC_CLEAR_UPDATE_FLAG?ADC
            CODE    003FH     0003H     ABSOLUTE     
            CODE    0042H     0003H     ABSOLUTE     
            CODE    0045H     0005H     UNIT         ?PR?BLE_IC_DISABLE_PRE?BLUETOOTH_IC_HANDLE
                    004AH     0001H                  *** GAP ***
            CODE    004BH     0003H     ABSOLUTE     
            CODE    004EH     0438H     UNIT         ?C?LIB_CODE
            CODE    0486H     0366H     UNIT         ?C_INITSEG
            CODE    07ECH     01BDH     UNIT         ?PR?LED_BAT_INSTRUCTION_TIMER_CALLBACK?LED
            CODE    09A9H     01AAH     UNIT         ?PR?DETECT_1KHZ_SIGNAL_100US?CHARGE_DET
            CODE    0B53H     0193H     UNIT         ?PR?_KEY_DRIVER_SCAN?KEY_DRIVER
            CODE    0CE6H     015BH     UNIT         ?PR?BATTERY_MONITOR_HANDLE?BATTERY_MONITOR
            CODE    0E41H     0157H     UNIT         ?PR?DETECT_DISCHARGE_1KHZ_SIGNAL_100US?CHARGE_DET
            CODE    0F98H     010BH     UNIT         ?PR?LOW_POWER_IN?LOW_POWER
            CODE    10A3H     0101H     UNIT         ?PR?LED_SLOW_ADJUST_ISR?LED
            CODE    11A4H     00EAH     UNIT         ?PR?LED_RED_BLUE_FLASH_1MS_ISR?LED
            CODE    128EH     00CFH     UNIT         ?PR?SYSTEM_INIT?SYSTEM
            CODE    135DH     00C6H     UNIT         ?PR?CHARGE_DET?CHARGE_DET
            CODE    1423H     00C5H     UNIT         ?PR?LED
            CODE    14E8H     00BAH     UNIT         ?PR?BATTERY_VOLTAGE_UPDATE_BY_ISR?BATTERY_MONITOR
            CODE    15A2H     00A5H     UNIT         ?PR?_UART_RECEIVER_PROCESS_BYTE?UART_DATA_HANDLE
            CODE    1647H     0097H     UNIT         ?PR?LOW_POWER_HANDLE?LOW_POWER
            CODE    16DEH     0095H     UNIT         ?PR?AD_KEY_HANDLE?AD_KEY
BL51 BANKED LINKER/LOCATER V6.22.4.0                                                  06/06/2026  14:59:51  PAGE 3


            CODE    1773H     008CH     UNIT         ?C_C51STARTUP
            CODE    17FFH     008BH     UNIT         ?PR?PWM_INIT?PWM
            CODE    188AH     008AH     UNIT         ?PR?ADC_IRQHANDLER?ADC
            CODE    1914H     0079H     UNIT         ?PR?UART_DATA_HANDLE?UART_DATA_HANDLE
            CODE    198DH     006CH     UNIT         ?PR?TIMR0_IRQHANDLER?TIMER0
            CODE    19F9H     0069H     UNIT         ?PR?ADC_SCAN?ADC
            CODE    1A62H     0069H     UNIT         ?PR?_LED_STATUS_SET?LED
            CODE    1ACBH     004EH     UNIT         ?PR?LED_INIT?LED
            CODE    1B19H     004DH     UNIT         ?PR?MAIN?MAIN
            CODE    1B66H     004CH     UNIT         ?PR?_AD_KEY_VAL_TO_AD_KEY_INDEX?AD_KEY
            CODE    1BB2H     004BH     UNIT         ?PR?_ADC_CHANNEL_SEL?ADC
            CODE    1BFDH     004BH     UNIT         ?PR?SEND_LOW_BAT_TIMER_CALLBACK?BATTERY_MONITOR
            CODE    1C48H     004AH     UNIT         ?PR?_AD_KEY_GET_EVENT?AD_KEY
            CODE    1C92H     004AH     UNIT         ?PR?BATTERY_MONITOR
            CODE    1CDCH     004AH     UNIT         ?PR?LOW_POWER_OUT?LOW_POWER
            CODE    1D26H     0048H     UNIT         ?PR?TIMR1_IRQHANDLER?TIMER1
            CODE    1D6EH     0048H     UNIT         ?PR?_GET_BATTERY_PERCENTAGE_BY_VOLTAGE?BATTERY_MONITOR
            CODE    1DB6H     0046H     UNIT         ?PR?BAT_VOL_HISTORY_BUFF_GET_AVG?BATTERY_MONITOR
            CODE    1DFCH     0045H     UNIT         ?PR?_UART_DATA_SEND_CMD?UART_DATA_HANDLE
            CODE    1E41H     0041H     UNIT         ?PR?_UART0_RXBUFFER_PUT_BYTE?UART0
            CODE    1E82H     0041H     UNIT         ?PR?_GET_BATTERY_VOLTAGE_BY_ADC?BATTERY_MONITOR
            CODE    1EC3H     003DH     UNIT         ?PR?_ADC_UPDATE_VAL?ADC
            CODE    1F00H     003CH     UNIT         ?PR?UART0_RXBUFFER_GET_BYTE?UART0
            CODE    1F3CH     003AH     UNIT         ?PR?UART0_INIT?UART0
            CODE    1F76H     0039H     UNIT         ?PR?BAT_VOL_UPDATE_TIMER_CALLBACK?BATTERY_MONITOR
            CODE    1FAFH     0038H     UNIT         ?PR?LED_RESUME?LED
            CODE    1FE7H     0035H     UNIT         ?PR?LOW_POWER_ENTER_TIMER_CALLBACK?LOW_POWER
            CODE    201CH     0034H     UNIT         ?PR?UART0_IRQHANDLER?UART0
            CODE    2050H     0033H     UNIT         ?PR?AD_KEY_GET_KEY_VAL?AD_KEY
            CODE    2083H     002EH     UNIT         ?PR?_ADC_GET_VAL?ADC
            CODE    20B1H     002EH     UNIT         ?PR?ADC
            CODE    20DFH     002AH     UNIT         ?PR?LED_STATUS_SWITCH?LED
            CODE    2109H     0029H     UNIT         ?PR?BAT_VOL_BUFF_GET_AVG_TIMER_CALLBACK?BATTERY_MONITOR
            CODE    2132H     0028H     UNIT         ?PR?BAT_VOL_BUFF_ADD_TIMER_CALLBACK?BATTERY_MONITOR
            CODE    215AH     0025H     UNIT         ?PR?_ADC_GET_UPDATE_FLAG?ADC
            CODE    217FH     0023H     UNIT         ?PR?_UART0_SENDBUF?UART0
            CODE    21A2H     0022H     UNIT         ?PR?ADC_INIT?ADC
            CODE    21C4H     0022H     UNIT         ?PR?UART_RECEIVER_PROCESS_CHECKSUM?UART_DATA_HANDLE
            CODE    21E6H     0022H     UNIT         ?PR?_BAT_VOL_HISTORY_BUFF_ADD?BATTERY_MONITOR
            CODE    2208H     0021H     UNIT         ?PR?USER_INIT?MAIN
            CODE    2229H     0021H     UNIT         ?PR?KEY_DRIVER
            CODE    224AH     0021H     UNIT         ?PR?CHARGE_DET
            CODE    226BH     001EH     UNIT         ?PR?IS_LOW_POWER_CONDITION_ESTABLISH?LOW_POWER
            CODE    2289H     001BH     UNIT         ?PR?TIMER0_INIT?TIMER0
            CODE    22A4H     001BH     UNIT         ?PR?TIMER1_INIT?TIMER1
            CODE    22BFH     001AH     UNIT         ?PR?BLUETOOTH_IC_HANDLE_INIT?BLUETOOTH_IC_HANDLE
            CODE    22D9H     0019H     UNIT         ?PR?CHARGE_DET_INIT?CHARGE_DET
            CODE    22F2H     0018H     UNIT         ?PR?_DELAY_MS?SYSTEM
            CODE    230AH     0018H     UNIT         ?PR?WUT_IRQHANDLER?LOW_POWER
            CODE    2322H     0017H     UNIT         ?PR?ADC_GET_VAL_ONCE?ADC
            CODE    2339H     0017H     UNIT         ?PR?UART_DATA_HANDLE
            CODE    2350H     0017H     UNIT         ?PR?BAT_PERCENT_UPDATE_TIME_ADD?BATTERY_MONITOR
            CODE    2367H     0016H     UNIT         ?PR?PWM
            CODE    237DH     0016H     UNIT         ?PR?_BAT_VOL_HISTORY_BUFF_INIT?BATTERY_MONITOR
            CODE    2393H     0015H     UNIT         ?PR?BAT_PERCENT_UPDATE_TIME_IS_COMES?BATTERY_MONITOR
            CODE    23A8H     0015H     UNIT         ?PR?BLE_IC_ENABLE?BLUETOOTH_IC_HANDLE
            CODE    23BDH     0013H     UNIT         ?PR?UART_RECEIVER_TIMEOUT_HANDLER?UART_DATA_HANDLE
BL51 BANKED LINKER/LOCATER V6.22.4.0                                                  06/06/2026  14:59:51  PAGE 4


            CODE    23D0H     0012H     UNIT         ?PR?ADC_INIT_WHEN_LOW_PWR_OUT?ADC
            CODE    23E2H     0012H     UNIT         ?PR?UART_RECEIVER_RESET?UART_DATA_HANDLE
            CODE    23F4H     0011H     UNIT         ?PR?ADC_PIN_INIT?ADC
            CODE    2405H     000FH     UNIT         ?PR?AD_KEY
            CODE    2414H     000FH     UNIT         ?PR?LED_CTL_INIT?LED
            CODE    2423H     000DH     UNIT         ?PR?LED_YELLOW_ON?LED
            CODE    2430H     000DH     UNIT         ?PR?__LED_YELLOW_RESUME__?LED
            CODE    243DH     000DH     UNIT         ?PR?LED_WHITE_ON?LED
            CODE    244AH     000DH     UNIT         ?PR?__LED_WHITE_RESUME__?LED
            CODE    2457H     000BH     UNIT         ?PR?_DELAY?SYSTEM
            CODE    2462H     0009H     UNIT         ?PR?_PWM_SET_CHANNEL_0_DUTY?PWM
            CODE    246BH     0009H     UNIT         ?PR?_PWM_SET_CHANNEL_1_DUTY?PWM
            CODE    2474H     0009H     UNIT         ?PR?UART0_RXBUFFER_GET_COUNT?UART0
            CODE    247DH     0008H     UNIT         ?PR?_UART0_SENDBYTE?UART0
            CODE    2485H     0008H     UNIT         ?CO?UART_DATA_HANDLE
            CODE    248DH     0008H     UNIT         ?PR?LED_YELLOW_OFF?LED
            CODE    2495H     0008H     UNIT         ?PR?LED_WHITE_OFF?LED
            CODE    249DH     0008H     UNIT         ?PR?BAT_PERCENT_UPDATE_TIME_RESET?BATTERY_MONITOR
            CODE    24A5H     0008H     UNIT         ?PR?BLE_IC_DISABLE_POST?BLUETOOTH_IC_HANDLE
            CODE    24ADH     0007H     UNIT         ?PR?UART0
            CODE    24B4H     0004H     UNIT         ?PR?LED_SUSPEND?LED
            CODE    24B8H     0003H     UNIT         ?PR?CHARGE_DET_TIME_ADD?CHARGE_DET



OVERLAY MAP OF MODULE:   .\Release\Objects\Demo (?C_STARTUP)


SEGMENT                                            XDATA_GROUP
  +--> CALLED SEGMENT                            START    LENGTH
----------------------------------------------------------------
?C_C51STARTUP                                    -----    -----
  +--> ?PR?MAIN?MAIN
  +--> ?C_INITSEG

?PR?MAIN?MAIN                                    -----    -----
  +--> ?PR?SYSTEM_INIT?SYSTEM
  +--> ?PR?USER_INIT?MAIN
  +--> ?PR?_DELAY_MS?SYSTEM
  +--> ?PR?_KEY_DRIVER_SCAN?KEY_DRIVER
  +--> ?PR?AD_KEY_HANDLE?AD_KEY
  +--> ?PR?UART_DATA_HANDLE?UART_DATA_HANDLE
  +--> ?PR?BATTERY_MONITOR_HANDLE?BATTERY_MO...
  +--> ?PR?CHARGE_DET?CHARGE_DET
  +--> ?PR?LOW_POWER_HANDLE?LOW_POWER

?PR?SYSTEM_INIT?SYSTEM                           -----    -----
  +--> ?PR?_DELAY?SYSTEM
  +--> ?PR?_DELAY_MS?SYSTEM

?PR?_DELAY_MS?SYSTEM                             -----    -----
  +--> ?PR?_DELAY?SYSTEM

?PR?USER_INIT?MAIN                               -----    -----
  +--> ?PR?ADC_PIN_INIT?ADC
  +--> ?PR?ADC_INIT?ADC
  +--> ?PR?LED_INIT?LED
BL51 BANKED LINKER/LOCATER V6.22.4.0                                                  06/06/2026  14:59:51  PAGE 5


  +--> ?PR?UART0_INIT?UART0
  +--> ?PR?PWM_INIT?PWM
  +--> ?PR?BLUETOOTH_IC_HANDLE_INIT?BLUETOOT...
  +--> ?PR?UART_RECEIVER_RESET?UART_DATA_HANDLE
  +--> ?PR?LED_CTL_INIT?LED
  +--> ?PR?CHARGE_DET_INIT?CHARGE_DET
  +--> ?PR?TIMER0_INIT?TIMER0
  +--> ?PR?TIMER1_INIT?TIMER1

?PR?ADC_INIT?ADC                                 -----    -----
  +--> ?PR?_DELAY_MS?SYSTEM

?PR?LED_INIT?LED                                 -----    -----
  +--> ?PR?LED

?PR?LED                                          -----    -----
  +--> ?PR?LED_YELLOW_OFF?LED
  +--> ?PR?LED_WHITE_OFF?LED

?PR?PWM_INIT?PWM                                 -----    -----
  +--> ?PR?PWM

?PR?_KEY_DRIVER_SCAN?KEY_DRIVER                  6297H    0002H
  +--> ?PR?KEY_DRIVER

?PR?AD_KEY_HANDLE?AD_KEY                         6297H    0001H
  +--> ?PR?_AD_KEY_GET_EVENT?AD_KEY
  +--> ?PR?LED_STATUS_SWITCH?LED
  +--> ?PR?_UART_DATA_SEND_CMD?UART_DATA_HANDLE
  +--> ?PR?BLE_IC_DISABLE_PRE?BLUETOOTH_IC_H...
  +--> ?PR?BLE_IC_ENABLE?BLUETOOTH_IC_HANDLE

?PR?_AD_KEY_GET_EVENT?AD_KEY                     -----    -----
  +--> ?PR?AD_KEY

?PR?LED_STATUS_SWITCH?LED                        -----    -----
  +--> ?PR?_LED_STATUS_SET?LED

?PR?_LED_STATUS_SET?LED                          6298H    0001H
  +--> ?PR?LED
  +--> ?PR?LED_YELLOW_OFF?LED
  +--> ?PR?LED_WHITE_ON?LED
  +--> ?PR?LED_YELLOW_ON?LED
  +--> ?PR?LED_WHITE_OFF?LED

?PR?LED_WHITE_ON?LED                             -----    -----
  +--> ?PR?_PWM_SET_CHANNEL_1_DUTY?PWM

?PR?_PWM_SET_CHANNEL_1_DUTY?PWM                  -----    -----
  +--> ?PR?PWM

?PR?LED_YELLOW_ON?LED                            -----    -----
  +--> ?PR?_PWM_SET_CHANNEL_0_DUTY?PWM

?PR?_PWM_SET_CHANNEL_0_DUTY?PWM                  -----    -----
  +--> ?PR?PWM

BL51 BANKED LINKER/LOCATER V6.22.4.0                                                  06/06/2026  14:59:51  PAGE 6


?PR?_UART_DATA_SEND_CMD?UART_DATA_HANDLE         6298H    0009H
  +--> ?CO?UART_DATA_HANDLE
  +--> ?PR?_UART0_SENDBUF?UART0

?PR?_UART0_SENDBUF?UART0                         62A1H    0003H
  +--> ?PR?_UART0_SENDBYTE?UART0

?PR?BLE_IC_DISABLE_PRE?BLUETOOTH_IC_H...         -----    -----
  +--> ?PR?_UART_DATA_SEND_CMD?UART_DATA_HANDLE

?PR?BLE_IC_ENABLE?BLUETOOTH_IC_HANDLE            -----    -----
  +--> ?PR?_DELAY_MS?SYSTEM
  +--> ?PR?_UART_DATA_SEND_CMD?UART_DATA_HANDLE

?PR?UART_DATA_HANDLE?UART_DATA_HANDLE            -----    -----
  +--> ?PR?UART_RECEIVER_RESET?UART_DATA_HANDLE
  +--> ?PR?UART_RECEIVER_TIMEOUT_HANDLER?UAR...
  +--> ?PR?UART0_RXBUFFER_GET_COUNT?UART0
  +--> ?PR?UART0_RXBUFFER_GET_BYTE?UART0
  +--> ?PR?_UART_RECEIVER_PROCESS_BYTE?UART_...
  +--> ?PR?BLE_IC_DISABLE_POST?BLUETOOTH_IC_...

?PR?UART_RECEIVER_TIMEOUT_HANDLER?UAR...         -----    -----
  +--> ?PR?UART_RECEIVER_RESET?UART_DATA_HANDLE

?PR?UART0_RXBUFFER_GET_BYTE?UART0                -----    -----
  +--> ?PR?UART0

?PR?_UART_RECEIVER_PROCESS_BYTE?UART_...         -----    -----
  +--> ?PR?UART_DATA_HANDLE
  +--> ?PR?UART_RECEIVER_PROCESS_CHECKSUM?UA...

?PR?BATTERY_MONITOR_HANDLE?BATTERY_MO...         -----    -----
  +--> ?PR?_BAT_VOL_HISTORY_BUFF_ADD?BATTERY...
  +--> ?PR?BAT_VOL_HISTORY_BUFF_GET_AVG?BATT...
  +--> ?PR?BATTERY_MONITOR
  +--> ?PR?_GET_BATTERY_PERCENTAGE_BY_VOLTAG...
  +--> ?PR?BAT_PERCENT_UPDATE_TIME_IS_COMES?...
  +--> ?PR?BAT_PERCENT_UPDATE_TIME_RESET?BAT...
  +--> ?PR?_LED_STATUS_SET?LED
  +--> ?PR?_UART_DATA_SEND_CMD?UART_DATA_HANDLE
  +--> ?PR?_DELAY_MS?SYSTEM
  +--> ?PR?BLE_IC_DISABLE_PRE?BLUETOOTH_IC_H...
  +--> ?PR?BLE_IC_ENABLE?BLUETOOTH_IC_HANDLE

?PR?_BAT_VOL_HISTORY_BUFF_ADD?BATTERY...         -----    -----
  +--> ?PR?BATTERY_MONITOR

?PR?BAT_VOL_HISTORY_BUFF_GET_AVG?BATT...         6297H    0005H
  +--> ?PR?BATTERY_MONITOR

?PR?_GET_BATTERY_PERCENTAGE_BY_VOLTAG...         62AAH    0004H

?PR?CHARGE_DET?CHARGE_DET                        6297H    0002H
  +--> ?PR?_ADC_GET_UPDATE_FLAG?ADC
  +--> ?PR?_ADC_CLEAR_UPDATE_FLAG?ADC
  +--> ?PR?_ADC_GET_VAL?ADC
BL51 BANKED LINKER/LOCATER V6.22.4.0                                                  06/06/2026  14:59:51  PAGE 7



?PR?LOW_POWER_HANDLE?LOW_POWER                   6297H    0001H
  +--> ?PR?LOW_POWER_IN?LOW_POWER
  +--> ?PR?LOW_POWER_OUT?LOW_POWER
  +--> ?PR?ADC_PIN_INIT?ADC
  +--> ?PR?ADC_INIT_WHEN_LOW_PWR_OUT?ADC
  +--> ?PR?USER_INIT?MAIN
  +--> ?PR?_ADC_CHANNEL_SEL?ADC
  +--> ?PR?_DELAY_MS?SYSTEM
  +--> ?PR?ADC_GET_VAL_ONCE?ADC

?PR?LOW_POWER_IN?LOW_POWER                       -----    -----
  +--> ?PR?_DELAY_MS?SYSTEM

?PR?ADC_GET_VAL_ONCE?ADC                         -----    -----
  +--> ?PR?ADC

?PR?ADC                                          -----    -----
  +--> ?PR?_ADC_CHANNEL_SEL?ADC

?C_INITSEG                                       -----    -----
  +--> ?PR?AD_KEY_GET_KEY_VAL?AD_KEY

?PR?AD_KEY_GET_KEY_VAL?AD_KEY                    6297H    0001H
  +--> ?PR?_ADC_GET_UPDATE_FLAG?ADC
  +--> ?PR?_ADC_CLEAR_UPDATE_FLAG?ADC
  +--> ?PR?_ADC_GET_VAL?ADC
  +--> ?PR?_AD_KEY_VAL_TO_AD_KEY_INDEX?AD_KEY

?PR?_AD_KEY_VAL_TO_AD_KEY_INDEX?AD_KEY           6298H    0002H

*** NEW ROOT ***************************************************

?PR?ADC_IRQHANDLER?ADC                           62A4H    0002H
  +--> ?PR?ADC
  +--> ?PR?_ADC_UPDATE_VAL?ADC
  +--> ?PR?LED_RESUME?LED
  +--> ?PR?BATTERY_VOLTAGE_UPDATE_BY_ISR?BAT...

?PR?LED_RESUME?LED                               -----    -----
  +--> ?PR?LED
  +--> ?PR?__LED_YELLOW_RESUME__?LED
  +--> ?PR?LED_YELLOW_OFF?LED
  +--> ?PR?__LED_WHITE_RESUME__?LED
  +--> ?PR?LED_WHITE_OFF?LED

?PR?__LED_YELLOW_RESUME__?LED                    -----    -----
  +--> ?PR?LED
  +--> ?PR?_PWM_SET_CHANNEL_0_DUTY?PWM

?PR?__LED_WHITE_RESUME__?LED                     -----    -----
  +--> ?PR?LED
  +--> ?PR?_PWM_SET_CHANNEL_1_DUTY?PWM

?PR?BATTERY_VOLTAGE_UPDATE_BY_ISR?BAT...         62A6H    0004H
  +--> ?PR?_ADC_GET_UPDATE_FLAG?ADC
  +--> ?PR?_ADC_CLEAR_UPDATE_FLAG?ADC
BL51 BANKED LINKER/LOCATER V6.22.4.0                                                  06/06/2026  14:59:51  PAGE 8


  +--> ?PR?_ADC_GET_VAL?ADC
  +--> ?PR?_GET_BATTERY_VOLTAGE_BY_ADC?BATTE...
  +--> ?PR?BATTERY_MONITOR
  +--> ?PR?_BAT_VOL_HISTORY_BUFF_INIT?BATTER...
  +--> ?PR?_GET_BATTERY_PERCENTAGE_BY_VOLTAG...

?PR?_BAT_VOL_HISTORY_BUFF_INIT?BATTER...         -----    -----
  +--> ?PR?BATTERY_MONITOR

*** NEW ROOT ***************************************************

?PR?TIMR0_IRQHANDLER?TIMER0                      -----    -----
  +--> ?PR?ADC_SCAN?ADC
  +--> ?PR?CHARGE_DET_TIME_ADD?CHARGE_DET
  +--> ?PR?UART_RECEIVER_TIMEOUT_ADD?UART_DA...
  +--> ?PR?BAT_VOL_UPDATE_TIMER_CALLBACK?BAT...
  +--> ?PR?BAT_VOL_BUFF_ADD_TIMER_CALLBACK?B...
  +--> ?PR?BAT_VOL_BUFF_GET_AVG_TIMER_CALLBA...
  +--> ?PR?LED_SLOW_ADJUST_ISR?LED
  +--> ?PR?LED_RED_BLUE_FLASH_1MS_ISR?LED
  +--> ?PR?LED_BAT_INSTRUCTION_TIMER_CALLBAC...
  +--> ?PR?LOW_POWER_ENTER_TIMER_CALLBACK?LO...
  +--> ?PR?SEND_LOW_BAT_TIMER_CALLBACK?BATTE...
  +--> ?PR?BAT_PERCENT_UPDATE_TIME_ADD?BATTE...

?PR?ADC_SCAN?ADC                                 -----    -----
  +--> ?PR?ADC
  +--> ?PR?LED_SUSPEND?LED

?PR?LED_SUSPEND?LED                              -----    -----
  +--> ?PR?LED

?PR?BAT_VOL_BUFF_ADD_TIMER_CALLBACK?B...         -----    -----
  +--> ?PR?BATTERY_MONITOR

?PR?BAT_VOL_BUFF_GET_AVG_TIMER_CALLBA...         -----    -----
  +--> ?PR?BATTERY_MONITOR

?PR?LED_SLOW_ADJUST_ISR?LED                      -----    -----
  +--> ?PR?LED
  +--> ?PR?_PWM_SET_CHANNEL_0_DUTY?PWM
  +--> ?PR?_PWM_SET_CHANNEL_1_DUTY?PWM

?PR?LED_RED_BLUE_FLASH_1MS_ISR?LED               62AEH    0002H
  +--> ?PR?LED

?PR?LED_BAT_INSTRUCTION_TIMER_CALLBAC...         -----    -----
  +--> ?PR?LED

?PR?LOW_POWER_ENTER_TIMER_CALLBACK?LO...         -----    -----
  +--> ?PR?IS_LOW_POWER_CONDITION_ESTABLISH?...

?PR?SEND_LOW_BAT_TIMER_CALLBACK?BATTE...         -----    -----
  +--> ?PR?BATTERY_MONITOR

*** NEW ROOT ***************************************************

BL51 BANKED LINKER/LOCATER V6.22.4.0                                                  06/06/2026  14:59:51  PAGE 9


?PR?TIMR1_IRQHANDLER?TIMER1                      -----    -----
  +--> ?PR?DETECT_1KHZ_SIGNAL_100US?CHARGE_DET
  +--> ?PR?DETECT_DISCHARGE_1KHZ_SIGNAL_100U...

?PR?DETECT_1KHZ_SIGNAL_100US?CHARGE_DET          62B0H    0001H
  +--> ?PR?CHARGE_DET

?PR?DETECT_DISCHARGE_1KHZ_SIGNAL_100U...         62B0H    0001H
  +--> ?PR?CHARGE_DET

*** NEW ROOT ***************************************************

?PR?UART0_IRQHANDLER?UART0                       62B1H    0001H
  +--> ?PR?_UART0_RXBUFFER_PUT_BYTE?UART0

?PR?_UART0_RXBUFFER_PUT_BYTE?UART0               -----    -----
  +--> ?PR?UART0



SYMBOL TABLE OF MODULE:  .\Release\Objects\Demo (?C_STARTUP)

  VALUE           TYPE          NAME
  ----------------------------------

  -------         MODULE        ?C_STARTUP
  C:1773H         SEGMENT       ?C_C51STARTUP
  I:0021H         SEGMENT       ?STACK
  C:0000H         PUBLIC        ?C_STARTUP
  D:00E0H         SYMBOL        ACC
  D:00F0H         SYMBOL        B
  D:0083H         SYMBOL        DPH
  D:0082H         SYMBOL        DPL
  N:0000H         SYMBOL        IBPSTACK
  N:0100H         SYMBOL        IBPSTACKTOP
  N:0080H         SYMBOL        IDATALEN
  C:1776H         SYMBOL        IDATALOOP
  N:0000H         SYMBOL        PBPSTACK
  N:0100H         SYMBOL        PBPSTACKTOP
  N:0000H         SYMBOL        PDATALEN
  N:0000H         SYMBOL        PDATASTART
  N:0000H         SYMBOL        PPAGE
  N:0000H         SYMBOL        PPAGEENABLE
  D:00A0H         SYMBOL        PPAGE_SFR
  D:0081H         SYMBOL        SP
  C:1773H         SYMBOL        STARTUP1
  N:0000H         SYMBOL        XBPSTACK
  N:0000H         SYMBOL        XBPSTACKTOP
  N:0000H         SYMBOL        XDATALEN
  N:0000H         SYMBOL        XDATASTART
  C:0000H         LINE#         126
  C:1773H         LINE#         133
  C:1775H         LINE#         134
  C:1776H         LINE#         135
  C:1777H         LINE#         136
  C:1779H         LINE#         185
  C:177CH         LINE#         196
BL51 BANKED LINKER/LOCATER V6.22.4.0                                                  06/06/2026  14:59:51  PAGE 10


  -------         ENDMOD        ?C_STARTUP

  -------         MODULE        SYSTEM
  C:0000H         SYMBOL        _ICE_DUMMY_
  D:00A7H         PUBLIC        FLASH_TIMEREG0
  D:00ACH         PUBLIC        FLASH_TIMEREG1
  C:2457H         PUBLIC        _delay
  C:22F2H         PUBLIC        _delay_ms
  C:128EH         PUBLIC        system_init
  -------         PROC          _DELAY
  D:0006H         SYMBOL        cnt
  C:2457H         LINE#         37
  C:2457H         LINE#         38
  C:2457H         LINE#         39
  C:2461H         LINE#         40
  C:2461H         LINE#         41
  C:2461H         LINE#         42
  -------         ENDPROC       _DELAY
  -------         PROC          _DELAY_MS
  D:0002H         SYMBOL        ms
  C:22F2H         LINE#         49
  C:22F6H         LINE#         50
  C:22F6H         LINE#         51
  C:2300H         LINE#         52
  C:2300H         LINE#         53
  C:2307H         LINE#         54
  C:2309H         LINE#         55
  -------         ENDPROC       _DELAY_MS
  -------         PROC          SYSTEM_INIT
  -------         DO            
  D:0007H         SYMBOL        i
  -------         ENDDO         
  C:128EH         LINE#         62
  C:128EH         LINE#         63
  C:128EH         LINE#         66
  C:1295H         LINE#         67
  C:12A2H         LINE#         68
  C:12A5H         LINE#         69
  C:12A8H         LINE#         70
  C:12AEH         LINE#         71
  C:12B4H         LINE#         72
  C:12BAH         LINE#         76
  C:12BCH         LINE#         77
  C:12BCH         LINE#         78
  C:12C9H         LINE#         79
  C:12CEH         LINE#         81
  C:135CH         LINE#         82
  -------         ENDPROC       SYSTEM_INIT
  -------         ENDMOD        SYSTEM

  -------         MODULE        ADC
  C:0000H         SYMBOL        _ICE_DUMMY_
  D:00A8H         PUBLIC        IE0
  D:00A9H         PUBLIC        IE1
  D:00AAH         PUBLIC        IE2
  D:00ABH         PUBLIC        IE3
  B:00A8H.7       PUBLIC        IE_EA
BL51 BANKED LINKER/LOCATER V6.22.4.0                                                  06/06/2026  14:59:51  PAGE 11


  D:00B8H         PUBLIC        IP0
  D:00B1H         PUBLIC        IP1
  D:00B2H         PUBLIC        IP2
  D:00B3H         PUBLIC        IP3
  D:00B4H         PUBLIC        IP4
  D:00B5H         PUBLIC        IP5
  D:00B6H         PUBLIC        IP6
  D:00B7H         PUBLIC        IP7
  D:0093H         PUBLIC        ADC_DATAH0
  D:0094H         PUBLIC        ADC_DATAL0
  D:0099H         PUBLIC        ADC_CHS0
  X:62DEH         PUBLIC        cur_adc_status
  C:23F4H         PUBLIC        adc_pin_init
  C:21A2H         PUBLIC        adc_init
  C:19F9H         PUBLIC        adc_scan
  C:23D0H         PUBLIC        adc_init_when_low_pwr_out
  C:1EC3H         PUBLIC        _adc_update_val
  C:2083H         PUBLIC        _adc_get_val
  C:215AH         PUBLIC        _adc_get_update_flag
  C:0024H         PUBLIC        _adc_clear_update_flag
  C:1BB2H         PUBLIC        _adc_channel_sel
  C:2322H         PUBLIC        adc_get_val_once
  X:62DFH         SYMBOL        adc_adkey_val
  B:0020H.0       SYMBOL        flag_is_adkey_val_update
  X:62E1H         SYMBOL        adc_bat_det_val
  B:0020H.1       SYMBOL        flag_is_adc_bat_det_val_update
  X:62E3H         SYMBOL        adc_solar_det_val
  B:0020H.2       SYMBOL        flag_is_adc_solar_det_val_update
  X:62E5H         SYMBOL        adc_type_c_det_val
  B:0020H.3       SYMBOL        flag_is_adc_type_c_det_val_update
  C:188AH         PUBLIC        ADC_IRQHandler
  C:20B1H         SYMBOL        Com0067
  C:20B1H         SYMBOL        L?0104
  C:20B1H         SYMBOL        L?0105
  C:20BBH         SYMBOL        L?0106
  C:20BBH         SYMBOL        L?0107
  C:20C4H         SYMBOL        L?0108
  C:20C4H         SYMBOL        L?0109
  C:20CBH         SYMBOL        L?0110
  C:20D5H         SYMBOL        L?0111
  -------         PROC          COM0067
  -------         ENDPROC       COM0067
  -------         PROC          ADC_PIN_INIT
  C:23F4H         LINE#         22
  C:23F4H         LINE#         23
  C:23F4H         LINE#         25
  C:23FAH         LINE#         28
  C:2400H         LINE#         31
  C:2404H         LINE#         32
  -------         ENDPROC       ADC_PIN_INIT
  -------         PROC          ADC_INIT
  C:21A2H         LINE#         34
  C:21A2H         LINE#         35
  C:21A2H         LINE#         36
  C:21A7H         LINE#         38
  C:21ADH         LINE#         42
  C:21B0H         LINE#         43
BL51 BANKED LINKER/LOCATER V6.22.4.0                                                  06/06/2026  14:59:51  PAGE 12


  C:21B2H         LINE#         45
  C:21B8H         LINE#         47
  C:21BDH         LINE#         50
  -------         ENDPROC       ADC_INIT
  -------         PROC          _ADC_UPDATE_VAL
  D:0007H         SYMBOL        adc_channel
  D:0004H         SYMBOL        adc_val
  C:1EC3H         LINE#         59
  C:1EC3H         LINE#         60
  C:1EC3H         LINE#         61
  C:1ED2H         LINE#         62
  C:1ED2H         LINE#         63
  C:1ED2H         LINE#         64
  C:1EDAH         LINE#         65
  C:1EDCH         LINE#         66
  C:1EDDH         LINE#         67
  C:1EDDH         LINE#         68
  C:1EE5H         LINE#         69
  C:1EE7H         LINE#         70
  C:1EE8H         LINE#         71
  C:1EE8H         LINE#         72
  C:1EF0H         LINE#         73
  C:1EF2H         LINE#         74
  C:1EF3H         LINE#         75
  C:1EF3H         LINE#         76
  C:1EFDH         LINE#         77
  C:1EFFH         LINE#         78
  C:1EFFH         LINE#         79
  C:1EFFH         LINE#         80
  -------         ENDPROC       _ADC_UPDATE_VAL
  -------         PROC          _ADC_GET_VAL
  D:0007H         SYMBOL        adc_channel
  -------         DO            
  D:0004H         SYMBOL        ret
  -------         ENDDO         
  C:2083H         LINE#         82
  C:2083H         LINE#         83
  C:2083H         LINE#         84
  C:2086H         LINE#         85
  C:2095H         LINE#         86
  C:2095H         LINE#         87
  C:2095H         LINE#         88
  C:2098H         LINE#         89
  C:209AH         LINE#         90
  C:209AH         LINE#         91
  C:209DH         LINE#         92
  C:209FH         LINE#         93
  C:209FH         LINE#         94
  C:20A2H         LINE#         95
  C:20A4H         LINE#         96
  C:20A4H         LINE#         97
  C:20ACH         LINE#         98
  C:20ACH         LINE#         100
  C:20ACH         LINE#         101
  C:20ACH         LINE#         102
  C:20ACH         LINE#         104
  C:20B0H         LINE#         105
BL51 BANKED LINKER/LOCATER V6.22.4.0                                                  06/06/2026  14:59:51  PAGE 13


  -------         ENDPROC       _ADC_GET_VAL
  -------         PROC          _ADC_GET_UPDATE_FLAG
  D:0007H         SYMBOL        adc_channel
  -------         DO            
  D:0006H         SYMBOL        ret
  -------         ENDDO         
  C:215AH         LINE#         108
  C:215AH         LINE#         109
  C:215AH         LINE#         110
  C:215CH         LINE#         111
  C:216BH         LINE#         112
  C:216BH         LINE#         113
  C:216BH         LINE#         114
  C:216DH         LINE#         115
  C:216FH         LINE#         116
  C:216FH         LINE#         117
  C:2171H         LINE#         118
  C:2173H         LINE#         119
  C:2173H         LINE#         120
  C:2175H         LINE#         121
  C:2177H         LINE#         122
  C:2177H         LINE#         123
  C:217CH         LINE#         124
  C:217CH         LINE#         126
  C:217CH         LINE#         127
  C:217CH         LINE#         128
  C:217CH         LINE#         130
  C:217EH         LINE#         131
  -------         ENDPROC       _ADC_GET_UPDATE_FLAG
  -------         PROC          _ADC_CLEAR_UPDATE_FLAG
  D:0007H         SYMBOL        adc_channel
  C:0024H         LINE#         134
  C:0024H         LINE#         135
  C:0024H         LINE#         136
  C:0033H         LINE#         137
  C:0033H         LINE#         138
  C:0033H         LINE#         139
  C:0035H         LINE#         140
  C:0036H         LINE#         141
  C:0036H         LINE#         142
  C:0038H         LINE#         143
  C:0039H         LINE#         144
  C:0039H         LINE#         145
  C:003BH         LINE#         146
  C:003CH         LINE#         147
  C:003CH         LINE#         148
  C:003EH         LINE#         149
  C:003EH         LINE#         151
  C:003EH         LINE#         152
  C:003EH         LINE#         153
  C:003EH         LINE#         154
  -------         ENDPROC       _ADC_CLEAR_UPDATE_FLAG
  -------         PROC          _ADC_CHANNEL_SEL
  D:0007H         SYMBOL        adc_channel
  C:1BB2H         LINE#         156
  C:1BB2H         LINE#         157
  C:1BB2H         LINE#         158
BL51 BANKED LINKER/LOCATER V6.22.4.0                                                  06/06/2026  14:59:51  PAGE 14


  C:1BB9H         LINE#         162
  C:1BC8H         LINE#         163
  C:1BC8H         LINE#         164
  C:1BC8H         LINE#         166
  C:1BCFH         LINE#         168
  C:1BD2H         LINE#         169
  C:1BD4H         LINE#         170
  C:1BD4H         LINE#         171
  C:1BDBH         LINE#         174
  C:1BDEH         LINE#         176
  C:1BE0H         LINE#         177
  C:1BE0H         LINE#         181
  C:1BE7H         LINE#         184
  C:1BEAH         LINE#         185
  C:1BECH         LINE#         187
  C:1BECH         LINE#         188
  C:1BF3H         LINE#         191
  C:1BF6H         LINE#         192
  C:1BF6H         LINE#         194
  C:1BF6H         LINE#         195
  C:1BF6H         LINE#         196
  C:1BF6H         LINE#         198
  C:1BFCH         LINE#         200
  -------         ENDPROC       _ADC_CHANNEL_SEL
  -------         PROC          ADC_INIT_WHEN_LOW_PWR_OUT
  C:23D0H         LINE#         203
  C:23D0H         LINE#         204
  C:23D0H         LINE#         205
  C:23D6H         LINE#         208
  C:23DCH         LINE#         209
  C:23E1H         LINE#         211
  -------         ENDPROC       ADC_INIT_WHEN_LOW_PWR_OUT
  -------         PROC          ADC_GET_VAL_ONCE
  C:2322H         LINE#         214
  C:2322H         LINE#         215
  C:2322H         LINE#         216
  C:2328H         LINE#         217
  C:232EH         LINE#         219
  C:2330H         LINE#         220
  C:2338H         LINE#         221
  -------         ENDPROC       ADC_GET_VAL_ONCE
  -------         PROC          ADC_SCAN
  C:19F9H         LINE#         224
  C:19F9H         LINE#         225
  C:19F9H         LINE#         227
  C:1A1FH         LINE#         228
  C:1A1FH         LINE#         229
  C:1A1FH         LINE#         231
  C:1A1FH         LINE#         232
  C:1A21H         LINE#         233
  C:1A27H         LINE#         234
  C:1A28H         LINE#         235
  C:1A28H         LINE#         237
  C:1A28H         LINE#         238
  C:1A2EH         LINE#         239
  C:1A2FH         LINE#         240
  C:1A2FH         LINE#         241
BL51 BANKED LINKER/LOCATER V6.22.4.0                                                  06/06/2026  14:59:51  PAGE 15


  C:1A31H         LINE#         242
  C:1A37H         LINE#         243
  C:1A38H         LINE#         244
  C:1A38H         LINE#         246
  C:1A3BH         LINE#         249
  C:1A3BH         LINE#         250
  C:1A41H         LINE#         251
  C:1A42H         LINE#         252
  C:1A42H         LINE#         253
  C:1A44H         LINE#         254
  C:1A4AH         LINE#         255
  C:1A4BH         LINE#         256
  C:1A4BH         LINE#         257
  C:1A4BH         LINE#         258
  C:1A51H         LINE#         259
  C:1A52H         LINE#         260
  C:1A52H         LINE#         261
  C:1A54H         LINE#         262
  C:1A5AH         LINE#         263
  C:1A5BH         LINE#         264
  C:1A5BH         LINE#         265
  C:1A5BH         LINE#         266
  C:1A61H         LINE#         267
  C:1A61H         LINE#         269
  C:1A61H         LINE#         270
  C:1A61H         LINE#         271
  C:1A61H         LINE#         272
  -------         ENDPROC       ADC_SCAN
  -------         PROC          ADC_IRQHANDLER
  -------         DO            
  X:62A4H         SYMBOL        adc_val
  -------         ENDDO         
  C:188AH         LINE#         274
  C:18A7H         LINE#         279
  C:18A7H         LINE#         283
  C:18ADH         LINE#         284
  C:18ADH         LINE#         285
  C:18B0H         LINE#         286
  C:18BFH         LINE#         288
  C:18D3H         LINE#         289
  C:18D3H         LINE#         290
  C:18D3H         LINE#         291
  C:18D8H         LINE#         292
  C:18DAH         LINE#         293
  C:18DAH         LINE#         294
  C:18E2H         LINE#         297
  C:18E5H         LINE#         299
  C:18E8H         LINE#         300
  C:18EAH         LINE#         301
  C:18EAH         LINE#         302
  C:18EFH         LINE#         303
  C:18F1H         LINE#         304
  C:18F1H         LINE#         305
  C:18F9H         LINE#         306
  C:18F9H         LINE#         308
  C:18F9H         LINE#         309
  C:18F9H         LINE#         310
BL51 BANKED LINKER/LOCATER V6.22.4.0                                                  06/06/2026  14:59:51  PAGE 16


  C:18F9H         LINE#         311
  C:18F9H         LINE#         314
  C:18F9H         LINE#         315
  -------         ENDPROC       ADC_IRQHANDLER
  -------         ENDMOD        ADC

  -------         MODULE        PWM
  C:0000H         SYMBOL        _ICE_DUMMY_
  B:00A0H.7       PUBLIC        P27
  B:00B0H.0       PUBLIC        P30
  C:17FFH         PUBLIC        pwm_init
  C:2462H         PUBLIC        _pwm_set_channel_0_duty
  C:246BH         PUBLIC        _pwm_set_channel_1_duty
  C:2367H         SYMBOL        Com0004
  C:2367H         SYMBOL        L?0005
  C:2372H         SYMBOL        L?0006
  -------         PROC          COM0004
  -------         ENDPROC       COM0004
  -------         PROC          PWM_INIT
  C:17FFH         LINE#         3
  C:17FFH         LINE#         4
  C:17FFH         LINE#         6
  C:1805H         LINE#         7
  C:1809H         LINE#         9
  C:180BH         LINE#         10
  C:1810H         LINE#         13
  C:1816H         LINE#         14
  C:181AH         LINE#         16
  C:181CH         LINE#         17
  C:1821H         LINE#         21
  C:1827H         LINE#         22
  C:182CH         LINE#         23
  C:1831H         LINE#         24
  C:1835H         LINE#         25
  C:1837H         LINE#         26
  C:1837H         LINE#         27
  C:1837H         LINE#         29
  C:183DH         LINE#         30
  C:1843H         LINE#         31
  C:1849H         LINE#         32
  C:184FH         LINE#         33
  C:1855H         LINE#         37
  C:185BH         LINE#         38
  C:1860H         LINE#         39
  C:1865H         LINE#         40
  C:1869H         LINE#         41
  C:186BH         LINE#         42
  C:186BH         LINE#         43
  C:186BH         LINE#         45
  C:1871H         LINE#         46
  C:1877H         LINE#         47
  C:187DH         LINE#         48
  C:1883H         LINE#         49
  C:1889H         LINE#         50
  -------         ENDPROC       PWM_INIT
  -------         PROC          _PWM_SET_CHANNEL_0_DUTY
  D:0004H         SYMBOL        channel_duty
BL51 BANKED LINKER/LOCATER V6.22.4.0                                                  06/06/2026  14:59:51  PAGE 17


  C:2462H         LINE#         53
  C:2462H         LINE#         54
  C:2462H         LINE#         55
  C:2464H         LINE#         56
  C:2464H         LINE#         57
  C:246AH         LINE#         58
  -------         ENDPROC       _PWM_SET_CHANNEL_0_DUTY
  -------         PROC          _PWM_SET_CHANNEL_1_DUTY
  D:0004H         SYMBOL        channel_duty
  C:246BH         LINE#         61
  C:246BH         LINE#         62
  C:246BH         LINE#         63
  C:246DH         LINE#         64
  C:246DH         LINE#         65
  C:2473H         LINE#         66
  -------         ENDPROC       _PWM_SET_CHANNEL_1_DUTY
  -------         ENDMOD        PWM

  -------         MODULE        TIMER0
  C:0000H         SYMBOL        _ICE_DUMMY_
  D:00A8H         PUBLIC        IE0
  D:00A9H         PUBLIC        IE1
  D:00AAH         PUBLIC        IE2
  D:00ABH         PUBLIC        IE3
  B:00A8H.7       PUBLIC        IE_EA
  D:00B8H         PUBLIC        IP0
  D:00B1H         PUBLIC        IP1
  D:00B2H         PUBLIC        IP2
  D:00B3H         PUBLIC        IP3
  D:00B4H         PUBLIC        IP4
  D:00B5H         PUBLIC        IP5
  D:00B6H         PUBLIC        IP6
  D:00B7H         PUBLIC        IP7
  D:00D1H         PUBLIC        TMR_ALLCON
  C:2289H         PUBLIC        timer0_init
  C:198DH         PUBLIC        TIMR0_IRQHandler
  -------         PROC          TIMER0_INIT
  C:2289H         LINE#         10
  C:2289H         LINE#         11
  C:2289H         LINE#         12
  C:228CH         LINE#         13
  C:228EH         LINE#         15
  C:2291H         LINE#         16
  C:2296H         LINE#         17
  C:229AH         LINE#         18
  C:229FH         LINE#         19
  C:22A3H         LINE#         20
  -------         ENDPROC       TIMER0_INIT
  -------         PROC          TIMR0_IRQHANDLER
  C:198DH         LINE#         24
  C:19AAH         LINE#         27
  C:19AAH         LINE#         32
  C:19B0H         LINE#         33
  C:19B0H         LINE#         34
  C:19B4H         LINE#         40
  C:19BAH         LINE#         41
  C:19BDH         LINE#         43
BL51 BANKED LINKER/LOCATER V6.22.4.0                                                  06/06/2026  14:59:51  PAGE 18


  C:19C0H         LINE#         44
  C:19C3H         LINE#         46
  C:19C6H         LINE#         47
  C:19C9H         LINE#         48
  C:19CCH         LINE#         50
  C:19CFH         LINE#         51
  C:19D2H         LINE#         52
  C:19D5H         LINE#         54
  C:19D8H         LINE#         55
  C:19DBH         LINE#         57
  C:19DEH         LINE#         63
  C:19DEH         LINE#         66
  C:19DEH         LINE#         67
  -------         ENDPROC       TIMR0_IRQHANDLER
  -------         ENDMOD        TIMER0

  -------         MODULE        TIMER1
  C:0000H         SYMBOL        _ICE_DUMMY_
  D:00A8H         PUBLIC        IE0
  D:00A9H         PUBLIC        IE1
  D:00AAH         PUBLIC        IE2
  D:00ABH         PUBLIC        IE3
  B:00A8H.7       PUBLIC        IE_EA
  D:00B8H         PUBLIC        IP0
  D:00B1H         PUBLIC        IP1
  D:00B2H         PUBLIC        IP2
  D:00B3H         PUBLIC        IP3
  D:00B4H         PUBLIC        IP4
  D:00B5H         PUBLIC        IP5
  D:00B6H         PUBLIC        IP6
  D:00B7H         PUBLIC        IP7
  D:00D1H         PUBLIC        TMR_ALLCON
  C:22A4H         PUBLIC        timer1_init
  C:1D26H         PUBLIC        TIMR1_IRQHandler
  -------         PROC          TIMER1_INIT
  C:22A4H         LINE#         9
  C:22A4H         LINE#         10
  C:22A4H         LINE#         12
  C:22A7H         LINE#         13
  C:22A9H         LINE#         15
  C:22ACH         LINE#         16
  C:22B1H         LINE#         17
  C:22B5H         LINE#         18
  C:22BAH         LINE#         19
  C:22BEH         LINE#         23
  -------         ENDPROC       TIMER1_INIT
  -------         PROC          TIMR1_IRQHANDLER
  C:1D26H         LINE#         27
  C:1D43H         LINE#         30
  C:1D43H         LINE#         34
  C:1D49H         LINE#         35
  C:1D49H         LINE#         36
  C:1D4DH         LINE#         39
  C:1D50H         LINE#         40
  C:1D53H         LINE#         41
  C:1D53H         LINE#         44
  C:1D53H         LINE#         45
BL51 BANKED LINKER/LOCATER V6.22.4.0                                                  06/06/2026  14:59:51  PAGE 19


  -------         ENDPROC       TIMR1_IRQHANDLER
  -------         ENDMOD        TIMER1

  -------         MODULE        UART0
  C:0000H         SYMBOL        _ICE_DUMMY_
  D:00A8H         PUBLIC        IE0
  D:00A9H         PUBLIC        IE1
  D:00AAH         PUBLIC        IE2
  D:00ABH         PUBLIC        IE3
  B:00A8H.7       PUBLIC        IE_EA
  D:00B8H         PUBLIC        IP0
  D:00B1H         PUBLIC        IP1
  D:00B2H         PUBLIC        IP2
  D:00B3H         PUBLIC        IP3
  D:00B4H         PUBLIC        IP4
  D:00B5H         PUBLIC        IP5
  D:00B6H         PUBLIC        IP6
  D:00B7H         PUBLIC        IP7
  D:00D2H         PUBLIC        UART0_CON0
  D:00D4H         PUBLIC        UART0_STA
  D:00D5H         PUBLIC        UART0_BAUD0
  D:00D6H         PUBLIC        UART0_BAUD1
  D:00D7H         PUBLIC        UART0_DATA
  C:1F3CH         PUBLIC        uart0_init
  C:247DH         PUBLIC        _uart0_sendbyte
  C:217FH         PUBLIC        _uart0_sendbuf
  C:2474H         PUBLIC        uart0_rxbuffer_get_count
  C:1F00H         PUBLIC        uart0_rxbuffer_get_byte
  X:6000H         PUBLIC        uart0_rx_buffer
  C:1E41H         SYMBOL        _uart0_rxbuffer_put_byte
  C:201CH         PUBLIC        UART0_IRQHandler
  C:24ADH         SYMBOL        Com0047
  C:24ADH         SYMBOL        L?0072
  C:24ADH         SYMBOL        L?0073
  -------         PROC          COM0047
  -------         ENDPROC       COM0047
  -------         PROC          UART0_INIT
  C:1F3CH         LINE#         17
  C:1F3CH         LINE#         18
  C:1F3CH         LINE#         19
  C:1F42H         LINE#         20
  C:1F46H         LINE#         21
  C:1F4DH         LINE#         23
  C:1F53H         LINE#         24
  C:1F59H         LINE#         25
  C:1F5FH         LINE#         27
  C:1F62H         LINE#         28
  C:1F65H         LINE#         29
  C:1F68H         LINE#         33
  C:1F70H         LINE#         34
  C:1F73H         LINE#         35
  C:1F75H         LINE#         36
  -------         ENDPROC       UART0_INIT
  -------         PROC          _UART0_SENDBYTE
  D:0007H         SYMBOL        byte
  C:247DH         LINE#         39
  C:247DH         LINE#         40
BL51 BANKED LINKER/LOCATER V6.22.4.0                                                  06/06/2026  14:59:51  PAGE 20


  C:247DH         LINE#         41
  C:2482H         LINE#         44
  C:2484H         LINE#         48
  -------         ENDPROC       _UART0_SENDBYTE
  -------         PROC          _UART0_SENDBUF
  X:62A1H         SYMBOL        buf
  D:0005H         SYMBOL        len
  -------         DO            
  D:0006H         SYMBOL        i
  -------         ENDDO         
  C:217FH         LINE#         50
  C:2185H         LINE#         51
  C:2185H         LINE#         52
  C:2187H         LINE#         53
  C:218CH         LINE#         54
  C:218CH         LINE#         55
  C:219EH         LINE#         56
  C:21A1H         LINE#         57
  -------         ENDPROC       _UART0_SENDBUF
  -------         PROC          UART0_RXBUFFER_GET_COUNT
  C:2474H         LINE#         60
  C:2474H         LINE#         61
  C:2474H         LINE#         62
  C:247CH         LINE#         63
  -------         ENDPROC       UART0_RXBUFFER_GET_COUNT
  -------         PROC          UART0_RXBUFFER_GET_BYTE
  -------         DO            
  D:0007H         SYMBOL        rxbyte
  -------         ENDDO         
  C:1F00H         LINE#         66
  C:1F00H         LINE#         67
  C:1F00H         LINE#         70
  C:1F0AH         LINE#         71
  C:1F0AH         LINE#         73
  C:1F0CH         LINE#         74
  C:1F0CH         LINE#         80
  C:1F12H         LINE#         81
  C:1F1BH         LINE#         82
  C:1F1BH         LINE#         83
  C:1F1FH         LINE#         84
  C:1F1FH         LINE#         85
  C:1F31H         LINE#         87
  C:1F3BH         LINE#         89
  C:1F3BH         LINE#         90
  -------         ENDPROC       UART0_RXBUFFER_GET_BYTE
  -------         PROC          _UART0_RXBUFFER_PUT_BYTE
  D:0007H         SYMBOL        byte
  C:1E41H         LINE#         92
  C:1E41H         LINE#         93
  C:1E41H         LINE#         100
  C:1E47H         LINE#         101
  C:1E50H         LINE#         102
  C:1E50H         LINE#         103
  C:1E54H         LINE#         104
  C:1E54H         LINE#         105
  C:1E66H         LINE#         107
  C:1E6CH         LINE#         108
BL51 BANKED LINKER/LOCATER V6.22.4.0                                                  06/06/2026  14:59:51  PAGE 21


  C:1E7BH         LINE#         109
  C:1E7BH         LINE#         110
  C:1E81H         LINE#         111
  C:1E81H         LINE#         112
  -------         ENDPROC       _UART0_RXBUFFER_PUT_BYTE
  -------         PROC          UART0_IRQHANDLER
  -------         DO            
  X:62B1H         SYMBOL        recv_byte
  -------         ENDDO         
  C:201CH         LINE#         115
  C:202FH         LINE#         118
  C:202FH         LINE#         121
  C:2034H         LINE#         122
  C:2034H         LINE#         123
  C:203AH         LINE#         124
  C:203FH         LINE#         127
  C:203FH         LINE#         129
  C:203FH         LINE#         130
  -------         ENDPROC       UART0_IRQHANDLER
  -------         ENDMOD        UART0

  -------         MODULE        MAIN
  C:0000H         SYMBOL        _ICE_DUMMY_
  D:00D9H         PUBLIC        WDT_KEY
  C:2208H         PUBLIC        user_init
  C:1B19H         PUBLIC        main
  -------         PROC          USER_INIT
  C:2208H         LINE#         103
  C:2208H         LINE#         104
  C:2208H         LINE#         105
  C:220BH         LINE#         106
  C:220EH         LINE#         107
  C:2211H         LINE#         108
  C:2214H         LINE#         109
  C:2217H         LINE#         110
  C:221AH         LINE#         112
  C:221DH         LINE#         113
  C:2220H         LINE#         114
  C:2223H         LINE#         117
  C:2226H         LINE#         118
  -------         ENDPROC       USER_INIT
  -------         PROC          MAIN
  C:1B19H         LINE#         126
  C:1B19H         LINE#         127
  C:1B19H         LINE#         129
  C:1B1CH         LINE#         130
  C:1B1FH         LINE#         133
  C:1B22H         LINE#         134
  C:1B29H         LINE#         135
  C:1B2CH         LINE#         138
  C:1B31H         LINE#         139
  C:1B33H         LINE#         140
  C:1B36H         LINE#         141
  C:1B38H         LINE#         142
  C:1B3BH         LINE#         143
  C:1B3DH         LINE#         144
  C:1B40H         LINE#         145
BL51 BANKED LINKER/LOCATER V6.22.4.0                                                  06/06/2026  14:59:51  PAGE 22


  C:1B42H         LINE#         147
  C:1B45H         LINE#         148
  C:1B4CH         LINE#         150
  C:1B4CH         LINE#         151
  C:1B4CH         LINE#         152
  C:1B55H         LINE#         153
  C:1B58H         LINE#         155
  C:1B5BH         LINE#         157
  C:1B5EH         LINE#         159
  C:1B61H         LINE#         166
  C:1B64H         LINE#         171
  -------         ENDPROC       MAIN
  -------         ENDMOD        MAIN

  -------         MODULE        UART_DATA_HANDLE
  C:0000H         SYMBOL        _ICE_DUMMY_
  C:23E2H         PUBLIC        uart_receiver_reset
  C:000FH         PUBLIC        uart_receiver_timeout_add
  C:21C4H         PUBLIC        uart_receiver_process_checksum
  C:15A2H         PUBLIC        _uart_receiver_process_byte
  C:23BDH         PUBLIC        uart_receiver_timeout_handler
  C:1914H         PUBLIC        uart_data_handle
  C:1DFCH         PUBLIC        _uart_data_send_cmd
  X:62B3H         SYMBOL        uart_receiver
  C:2485H         SYMBOL        _?ix1000
  C:2339H         SYMBOL        Com0038
  C:2339H         SYMBOL        L?0057
  C:2339H         SYMBOL        L?0058
  -------         PROC          COM0038
  -------         ENDPROC       COM0038
  -------         PROC          UART_RECEIVER_RESET
  C:23E2H         LINE#         13
  C:23E2H         LINE#         14
  C:23E2H         LINE#         16
  C:23E7H         LINE#         17
  C:23EBH         LINE#         18
  C:23EFH         LINE#         19
  C:23F3H         LINE#         20
  -------         ENDPROC       UART_RECEIVER_RESET
  -------         PROC          UART_RECEIVER_TIMEOUT_ADD
  C:000FH         LINE#         26
  C:000FH         LINE#         27
  C:000FH         LINE#         28
  C:0015H         LINE#         29
  C:0015H         LINE#         30
  C:001DH         LINE#         31
  C:001DH         LINE#         32
  -------         ENDPROC       UART_RECEIVER_TIMEOUT_ADD
  -------         PROC          UART_RECEIVER_PROCESS_CHECKSUM
  -------         DO            
  D:0006H         SYMBOL        i
  D:0007H         SYMBOL        check_sum
  -------         ENDDO         
  C:21C4H         LINE#         39
  C:21C4H         LINE#         40
  C:21C4H         LINE#         42
  C:21C6H         LINE#         43
BL51 BANKED LINKER/LOCATER V6.22.4.0                                                  06/06/2026  14:59:51  PAGE 23


  C:21C7H         LINE#         44
  C:21C7H         LINE#         45
  C:21D4H         LINE#         46
  C:21D9H         LINE#         48
  C:21E0H         LINE#         49
  C:21E0H         LINE#         50
  C:21E3H         LINE#         51
  C:21E3H         LINE#         53
  C:21E3H         LINE#         60
  C:21E5H         LINE#         61
  C:21E5H         LINE#         62
  -------         ENDPROC       UART_RECEIVER_PROCESS_CHECKSUM
  -------         PROC          _UART_RECEIVER_PROCESS_BYTE
  D:0005H         SYMBOL        byte
  C:15A2H         LINE#         71
  C:15A4H         LINE#         72
  C:15A4H         LINE#         74
  C:15C7H         LINE#         75
  C:15C7H         LINE#         76
  C:15C7H         LINE#         77
  C:15CBH         LINE#         78
  C:15CBH         LINE#         79
  C:15CBH         LINE#         80
  C:15D0H         LINE#         81
  C:15D3H         LINE#         82
  C:15D3H         LINE#         84
  C:15D3H         LINE#         85
  C:15D6H         LINE#         86
  C:15D6H         LINE#         87
  C:15D6H         LINE#         89
  C:15D6H         LINE#         90
  C:15DAH         LINE#         91
  C:15DAH         LINE#         92
  C:15DAH         LINE#         93
  C:15DFH         LINE#         94
  C:15E2H         LINE#         95
  C:15E2H         LINE#         97
  C:15E2H         LINE#         99
  C:15E5H         LINE#         100
  C:15E5H         LINE#         101
  C:15E5H         LINE#         103
  C:15E5H         LINE#         104
  C:15E8H         LINE#         105
  C:15E8H         LINE#         106
  C:15E8H         LINE#         107
  C:15EDH         LINE#         108
  C:15F0H         LINE#         109
  C:15F0H         LINE#         111
  C:15F0H         LINE#         112
  C:15F3H         LINE#         113
  C:15F3H         LINE#         114
  C:15F3H         LINE#         116
  C:15F3H         LINE#         118
  C:15F3H         LINE#         119
  C:15F8H         LINE#         120
  C:15FAH         LINE#         121
  C:15FAH         LINE#         123
BL51 BANKED LINKER/LOCATER V6.22.4.0                                                  06/06/2026  14:59:51  PAGE 24


  C:15FAH         LINE#         125
  C:15FAH         LINE#         126
  C:15FFH         LINE#         127
  C:1601H         LINE#         128
  C:1601H         LINE#         130
  C:1601H         LINE#         131
  C:1604H         LINE#         132
  C:1604H         LINE#         133
  C:1604H         LINE#         134
  C:1609H         LINE#         135
  C:160BH         LINE#         136
  C:160BH         LINE#         138
  C:160BH         LINE#         139
  C:160EH         LINE#         140
  C:160EH         LINE#         141
  C:160EH         LINE#         143
  C:160EH         LINE#         145
  C:160EH         LINE#         146
  C:1614H         LINE#         147
  C:161AH         LINE#         148
  C:161AH         LINE#         150
  C:161DH         LINE#         151
  C:161DH         LINE#         153
  C:161DH         LINE#         154
  C:1620H         LINE#         155
  C:1620H         LINE#         156
  C:1620H         LINE#         158
  C:1620H         LINE#         159
  C:1624H         LINE#         160
  C:1624H         LINE#         161
  C:1638H         LINE#         162
  C:163EH         LINE#         163
  C:1641H         LINE#         164
  C:1641H         LINE#         166
  C:1641H         LINE#         167
  C:1644H         LINE#         168
  C:1644H         LINE#         169
  C:1644H         LINE#         171
  C:1644H         LINE#         172
  C:1644H         LINE#         173
  C:1644H         LINE#         175
  C:1646H         LINE#         176
  -------         ENDPROC       _UART_RECEIVER_PROCESS_BYTE
  -------         PROC          UART_RECEIVER_TIMEOUT_HANDLER
  C:23BDH         LINE#         179
  C:23BDH         LINE#         180
  C:23BDH         LINE#         185
  C:23CCH         LINE#         186
  C:23CCH         LINE#         200
  C:23CFH         LINE#         201
  C:23CFH         LINE#         202
  -------         ENDPROC       UART_RECEIVER_TIMEOUT_HANDLER
  -------         PROC          UART_DATA_HANDLE
  -------         DO            
  D:0004H         SYMBOL        recv_byte
  X:62B2H         SYMBOL        initialized
  -------         ENDDO         
BL51 BANKED LINKER/LOCATER V6.22.4.0                                                  06/06/2026  14:59:51  PAGE 25


  C:1914H         LINE#         203
  C:1914H         LINE#         204
  C:1914H         LINE#         212
  C:191AH         LINE#         213
  C:191AH         LINE#         214
  C:191DH         LINE#         215
  C:1923H         LINE#         216
  C:1923H         LINE#         221
  C:1929H         LINE#         222
  C:1929H         LINE#         223
  C:192CH         LINE#         224
  C:192CH         LINE#         233
  C:192CH         LINE#         234
  C:192CH         LINE#         235
  C:1940H         LINE#         238
  C:1940H         LINE#         252
  C:1940H         LINE#         253
  C:1940H         LINE#         255
  C:1945H         LINE#         258
  C:194BH         LINE#         259
  C:1950H         LINE#         262
  C:1956H         LINE#         263
  C:1956H         LINE#         276
  C:1959H         LINE#         277
  C:1959H         LINE#         278
  C:195BH         LINE#         308
  C:1967H         LINE#         310
  C:1967H         LINE#         312
  C:1967H         LINE#         332
  C:1977H         LINE#         333
  C:1977H         LINE#         334
  C:1977H         LINE#         336
  C:197CH         LINE#         337
  C:197EH         LINE#         338
  C:197EH         LINE#         340
  C:1984H         LINE#         341
  C:1986H         LINE#         342
  C:1986H         LINE#         350
  C:1989H         LINE#         351
  C:1989H         LINE#         353
  C:1989H         LINE#         357
  C:1989H         LINE#         358
  C:1989H         LINE#         361
  C:198CH         LINE#         362
  -------         ENDPROC       UART_DATA_HANDLE
  -------         PROC          _UART_DATA_SEND_CMD
  X:6298H         SYMBOL        cmd
  -------         DO            
  X:6299H         SYMBOL        buf
  -------         ENDDO         
  C:1DFCH         LINE#         366
  C:1E01H         LINE#         367
  C:1E01H         LINE#         368
  C:1E14H         LINE#         379
  C:1E1DH         LINE#         380
  C:1E36H         LINE#         382
  -------         ENDPROC       _UART_DATA_SEND_CMD
BL51 BANKED LINKER/LOCATER V6.22.4.0                                                  06/06/2026  14:59:51  PAGE 26


  -------         ENDMOD        UART_DATA_HANDLE

  -------         MODULE        KEY_DRIVER
  C:0000H         SYMBOL        _ICE_DUMMY_
  C:0B53H         PUBLIC        _key_driver_scan
  X:62E7H         SYMBOL        is_key_active
  X:62E8H         PUBLIC        scan_para
  C:2229H         SYMBOL        Com0021
  C:2229H         SYMBOL        L?0034
  C:222CH         SYMBOL        L?0035
  C:222DH         SYMBOL        L?0036
  C:2233H         SYMBOL        L?0037
  C:2236H         SYMBOL        L?0038
  C:223AH         SYMBOL        L?0039
  C:2240H         SYMBOL        L?0040
  C:2243H         SYMBOL        L?0041
  -------         PROC          COM0021
  -------         ENDPROC       COM0021
  -------         PROC          _KEY_DRIVER_SCAN
  D:0001H         SYMBOL        _scan_para
  -------         DO            
  X:6297H         SYMBOL        key_event
  D:0007H         SYMBOL        cur_key_value
  X:6298H         SYMBOL        key_value
  C:0CBBH         SYMBOL        _notify
  C:0CDBH         SYMBOL        _scan_end
  -------         ENDDO         
  C:0B53H         LINE#         17
  C:0B53H         LINE#         19
  C:0B53H         LINE#         24
  C:0B58H         LINE#         25
  C:0B5AH         LINE#         26
  C:0B5EH         LINE#         30
  C:0B64H         LINE#         33
  C:0B77H         LINE#         34
  C:0B77H         LINE#         36
  C:0B77H         LINE#         38
  C:0B81H         LINE#         40
  C:0B8AH         LINE#         46
  C:0B8EH         LINE#         47
  C:0B8EH         LINE#         48
  C:0B94H         LINE#         49
  C:0B96H         LINE#         50
  C:0B9CH         LINE#         51
  C:0B9CH         LINE#         52
  C:0B9FH         LINE#         53
  C:0B9FH         LINE#         56
  C:0BB3H         LINE#         57
  C:0BB3H         LINE#         59
  C:0BBAH         LINE#         60
  C:0BC0H         LINE#         62
  C:0BC0H         LINE#         65
  C:0BD1H         LINE#         66
  C:0BD1H         LINE#         67
  C:0BDCH         LINE#         69
  C:0BDCH         LINE#         72
  C:0BE8H         LINE#         73
BL51 BANKED LINKER/LOCATER V6.22.4.0                                                  06/06/2026  14:59:51  PAGE 27


  C:0BE8H         LINE#         80
  C:0BECH         LINE#         81
  C:0BECH         LINE#         82
  C:0BF3H         LINE#         83
  C:0BF3H         LINE#         84
  C:0BF5H         LINE#         85
  C:0BFBH         LINE#         86
  C:0BFDH         LINE#         88
  C:0BFDH         LINE#         91
  C:0BFDH         LINE#         92
  C:0C05H         LINE#         93
  C:0C05H         LINE#         94
  C:0C08H         LINE#         96
  C:0C08H         LINE#         101
  C:0C10H         LINE#         102
  C:0C1CH         LINE#         103
  C:0C1CH         LINE#         104
  C:0C21H         LINE#         105
  C:0C25H         LINE#         106
  C:0C28H         LINE#         108
  C:0C28H         LINE#         109
  C:0C2EH         LINE#         110
  C:0C2EH         LINE#         111
  C:0C2EH         LINE#         113
  C:0C30H         LINE#         118
  C:0C30H         LINE#         120
  C:0C30H         LINE#         125
  C:0C34H         LINE#         126
  C:0C34H         LINE#         128
  C:0C45H         LINE#         129
  C:0C45H         LINE#         133
  C:0C56H         LINE#         134
  C:0C56H         LINE#         154
  C:0C56H         LINE#         155
  C:0C58H         LINE#         157
  C:0C58H         LINE#         158
  C:0C65H         LINE#         160
  C:0C67H         LINE#         162
  C:0C67H         LINE#         164
  C:0C67H         LINE#         165
  C:0C72H         LINE#         166
  C:0C75H         LINE#         168
  C:0C75H         LINE#         169
  C:0C75H         LINE#         171
  C:0C75H         LINE#         172
  C:0C75H         LINE#         174
  C:0C75H         LINE#         175
  C:0C75H         LINE#         177
  C:0C75H         LINE#         179
  C:0C80H         LINE#         180
  C:0C80H         LINE#         181
  C:0C88H         LINE#         182
  C:0C88H         LINE#         186
  C:0C8EH         LINE#         187
  C:0C8EH         LINE#         188
  C:0C94H         LINE#         193
  C:0C96H         LINE#         194
BL51 BANKED LINKER/LOCATER V6.22.4.0                                                  06/06/2026  14:59:51  PAGE 28


  C:0CA2H         LINE#         195
  C:0CA2H         LINE#         196
  C:0CA7H         LINE#         197
  C:0CB6H         LINE#         199
  C:0CB6H         LINE#         201
  C:0CB6H         LINE#         202
  C:0CB6H         LINE#         204
  C:0CB6H         LINE#         207
  C:0CBBH         LINE#         208
  C:0CBBH         LINE#         210
  C:0CBBH         LINE#         211
  C:0CBBH         LINE#         213
  C:0CBBH         LINE#         216
  C:0CBBH         LINE#         218
  C:0CBBH         LINE#         219
  C:0CBFH         LINE#         220
  C:0CC7H         LINE#         222
  C:0CD1H         LINE#         223
  C:0CDBH         LINE#         226
  C:0CDBH         LINE#         235
  C:0CDBH         LINE#         237
  C:0CDBH         LINE#         238
  C:0CE5H         LINE#         241
  -------         ENDPROC       _KEY_DRIVER_SCAN
  -------         ENDMOD        KEY_DRIVER

  -------         MODULE        AD_KEY
  C:0000H         SYMBOL        _ICE_DUMMY_
  X:6208H         PUBLIC        ad_key_para
  C:16DEH         PUBLIC        ad_key_handle
  X:621BH         SYMBOL        ad_key_scan_table
  X:622BH         SYMBOL        ad_key_event_table
  C:2050H         PUBLIC        ad_key_get_key_val
  C:1B66H         SYMBOL        _ad_key_val_to_ad_key_index
  C:1C48H         SYMBOL        _ad_key_get_event
  C:2405H         SYMBOL        Com0036
  C:2405H         SYMBOL        L?0055
  -------         PROC          COM0036
  -------         ENDPROC       COM0036
  -------         PROC          _AD_KEY_VAL_TO_AD_KEY_INDEX
  D:0006H         SYMBOL        ad_key_val
  -------         DO            
  D:0005H         SYMBOL        i
  X:6298H         SYMBOL        ad_key_index
  -------         ENDDO         
  C:1B66H         LINE#         53
  C:1B66H         LINE#         54
  C:1B66H         LINE#         55
  C:1B68H         LINE#         56
  C:1B70H         LINE#         59
  C:1B70H         LINE#         60
  C:1B70H         LINE#         61
  C:1B88H         LINE#         62
  C:1B88H         LINE#         63
  C:1BA2H         LINE#         64
  C:1BA4H         LINE#         65
  C:1BA4H         LINE#         66
BL51 BANKED LINKER/LOCATER V6.22.4.0                                                  06/06/2026  14:59:51  PAGE 29


  C:1BA9H         LINE#         68
  C:1BB1H         LINE#         69
  -------         ENDPROC       _AD_KEY_VAL_TO_AD_KEY_INDEX
  -------         PROC          _AD_KEY_GET_EVENT
  D:0007H         SYMBOL        key_val
  D:0005H         SYMBOL        key_event
  -------         DO            
  D:0006H         SYMBOL        ret_key_event
  D:0004H         SYMBOL        key_event_index
  D:0003H         SYMBOL        i
  -------         ENDDO         
  C:1C48H         LINE#         79
  C:1C48H         LINE#         80
  C:1C48H         LINE#         81
  C:1C4AH         LINE#         82
  C:1C4BH         LINE#         83
  C:1C4CH         LINE#         86
  C:1C50H         LINE#         87
  C:1C50H         LINE#         88
  C:1C51H         LINE#         89
  C:1C53H         LINE#         90
  C:1C57H         LINE#         91
  C:1C57H         LINE#         92
  C:1C59H         LINE#         93
  C:1C5BH         LINE#         94
  C:1C5FH         LINE#         95
  C:1C5FH         LINE#         96
  C:1C61H         LINE#         97
  C:1C63H         LINE#         98
  C:1C67H         LINE#         99
  C:1C67H         LINE#         100
  C:1C69H         LINE#         101
  C:1C6BH         LINE#         103
  C:1C6BH         LINE#         104
  C:1C6EH         LINE#         105
  C:1C6EH         LINE#         107
  C:1C74H         LINE#         108
  C:1C74H         LINE#         109
  C:1C7BH         LINE#         110
  C:1C7BH         LINE#         111
  C:1C8AH         LINE#         112
  C:1C8CH         LINE#         113
  C:1C8CH         LINE#         114
  C:1C8FH         LINE#         116
  C:1C91H         LINE#         117
  -------         ENDPROC       _AD_KEY_GET_EVENT
  -------         PROC          AD_KEY_GET_KEY_VAL
  -------         DO            
  X:6206H         SYMBOL        val
  X:6297H         SYMBOL        ret
  -------         ENDDO         
  C:2050H         LINE#         130
  C:2050H         LINE#         131
  C:2050H         LINE#         133
  C:2056H         LINE#         136
  C:205EH         LINE#         137
  C:205EH         LINE#         138
BL51 BANKED LINKER/LOCATER V6.22.4.0                                                  06/06/2026  14:59:51  PAGE 30


  C:2063H         LINE#         139
  C:2070H         LINE#         142
  C:2070H         LINE#         144
  C:2080H         LINE#         145
  C:2082H         LINE#         146
  -------         ENDPROC       AD_KEY_GET_KEY_VAL
  -------         PROC          AD_KEY_HANDLE
  -------         DO            
  X:6297H         SYMBOL        ad_key_event
  -------         ENDDO         
  C:16DEH         LINE#         148
  C:16DEH         LINE#         149
  C:16DEH         LINE#         150
  C:16E3H         LINE#         152
  C:16ECH         LINE#         153
  C:16ECH         LINE#         155
  C:16ECH         LINE#         157
  C:16F9H         LINE#         158
  C:16FEH         LINE#         159
  C:1700H         LINE#         164
  C:1709H         LINE#         165
  C:1709H         LINE#         170
  C:170FH         LINE#         172
  C:170FH         LINE#         174
  C:1735H         LINE#         175
  C:1735H         LINE#         178
  C:1735H         LINE#         182
  C:1738H         LINE#         183
  C:1738H         LINE#         185
  C:1738H         LINE#         189
  C:1738H         LINE#         191
  C:1738H         LINE#         196
  C:1738H         LINE#         198
  C:1738H         LINE#         202
  C:1738H         LINE#         206
  C:1738H         LINE#         210
  C:173AH         LINE#         211
  C:173CH         LINE#         213
  C:173CH         LINE#         218
  C:173EH         LINE#         219
  C:1740H         LINE#         221
  C:1740H         LINE#         226
  C:1742H         LINE#         227
  C:1744H         LINE#         229
  C:1744H         LINE#         233
  C:1744H         LINE#         238
  C:1744H         LINE#         243
  C:1746H         LINE#         244
  C:1748H         LINE#         246
  C:1748H         LINE#         252
  C:174AH         LINE#         253
  C:174CH         LINE#         255
  C:174CH         LINE#         261
  C:174EH         LINE#         262
  C:1750H         LINE#         264
  C:1750H         LINE#         268
  C:1750H         LINE#         272
BL51 BANKED LINKER/LOCATER V6.22.4.0                                                  06/06/2026  14:59:51  PAGE 31


  C:1750H         LINE#         278
  C:1756H         LINE#         279
  C:1756H         LINE#         280
  C:1758H         LINE#         281
  C:175AH         LINE#         282
  C:1761H         LINE#         283
  C:1761H         LINE#         284
  C:1766H         LINE#         285
  C:1766H         LINE#         286
  C:1766H         LINE#         288
  C:1766H         LINE#         294
  C:176CH         LINE#         295
  C:176CH         LINE#         298
  C:176FH         LINE#         299
  C:176FH         LINE#         301
  C:176FH         LINE#         306
  C:1772H         LINE#         307
  C:1772H         LINE#         308
  C:1772H         LINE#         310
  C:1772H         LINE#         314
  C:1772H         LINE#         316
  C:1772H         LINE#         320
  C:1772H         LINE#         322
  C:1772H         LINE#         323
  C:1772H         LINE#         324
  C:1772H         LINE#         325
  -------         ENDPROC       AD_KEY_HANDLE
  -------         ENDMOD        AD_KEY

  -------         MODULE        USER_TEST
  C:0000H         SYMBOL        _ICE_DUMMY_
  -------         ENDMOD        USER_TEST

  -------         MODULE        LED
  C:0000H         SYMBOL        _ICE_DUMMY_
  B:0080H.0       PUBLIC        P00
  B:0080H.1       PUBLIC        P01
  B:0080H.2       PUBLIC        P02
  B:0080H.5       PUBLIC        P05
  B:0080H.6       PUBLIC        P06
  B:0090H.3       PUBLIC        P13
  B:00A0H.7       PUBLIC        P27
  B:00B0H.0       PUBLIC        P30
  X:62CCH         PUBLIC        led_ctl
  X:62DAH         PUBLIC        led_bat_level_sta
  C:1ACBH         PUBLIC        led_init
  C:2423H         PUBLIC        led_yellow_on
  C:248DH         PUBLIC        led_yellow_off
  C:243DH         PUBLIC        led_white_on
  C:2495H         PUBLIC        led_white_off
  C:24B4H         PUBLIC        led_suspend
  C:1FAFH         PUBLIC        led_resume
  C:2414H         PUBLIC        led_ctl_init
  C:20DFH         PUBLIC        led_status_switch
  C:1A62H         PUBLIC        _led_status_set
  C:11A4H         PUBLIC        led_red_blue_flash_1ms_isr
  C:10A3H         PUBLIC        led_slow_adjust_isr
BL51 BANKED LINKER/LOCATER V6.22.4.0                                                  06/06/2026  14:59:51  PAGE 32


  C:07ECH         PUBLIC        led_bat_instruction_timer_callback
  X:62DBH         PUBLIC        led_charge_anim_phase
  X:62DCH         PUBLIC        led_charge_anim_cnt
  C:2430H         PUBLIC        __led_yellow_resume__
  C:244AH         PUBLIC        __led_white_resume__
  C:1423H         SYMBOL        Com008B
  C:1423H         SYMBOL        L?0140
  C:142FH         SYMBOL        L?0141
  C:143DH         SYMBOL        L?0142
  C:143DH         SYMBOL        L?0143
  C:1446H         SYMBOL        L?0144
  C:1447H         SYMBOL        L?0145
  C:144CH         SYMBOL        L?0146
  C:1453H         SYMBOL        L?0147
  C:1453H         SYMBOL        L?0148
  C:1456H         SYMBOL        L?0149
  C:145EH         SYMBOL        L?0150
  C:1461H         SYMBOL        L?0151
  C:1464H         SYMBOL        L?0152
  C:146BH         SYMBOL        L?0153
  C:146BH         SYMBOL        L?0154
  C:1478H         SYMBOL        L?0155
  C:1489H         SYMBOL        L?0156
  C:1498H         SYMBOL        L?0157
  C:1498H         SYMBOL        L?0158
  C:14A1H         SYMBOL        L?0159
  C:14AFH         SYMBOL        L?0160
  C:14AFH         SYMBOL        L?0161
  C:14B7H         SYMBOL        L?0162
  C:14B7H         SYMBOL        L?0163
  C:14BFH         SYMBOL        L?0164
  C:14CAH         SYMBOL        L?0165
  C:14CBH         SYMBOL        L?0166
  C:14D2H         SYMBOL        L?0167
  C:14D2H         SYMBOL        L?0168
  C:14D8H         SYMBOL        L?0169
  C:14E1H         SYMBOL        L?0170
  C:14E1H         SYMBOL        L?0171
  -------         PROC          COM008B
  -------         ENDPROC       COM008B
  -------         PROC          LED_INIT
  C:1ACBH         LINE#         14
  C:1ACBH         LINE#         15
  C:1ACBH         LINE#         17
  C:1AD1H         LINE#         18
  C:1AD5H         LINE#         19
  C:1AD7H         LINE#         20
  C:1ADCH         LINE#         23
  C:1AE2H         LINE#         24
  C:1AE6H         LINE#         25
  C:1AE8H         LINE#         26
  C:1AEBH         LINE#         29
  C:1AEBH         LINE#         30
  C:1AEEH         LINE#         31
  C:1AF0H         LINE#         32
  C:1AF5H         LINE#         35
  C:1AFAH         LINE#         36
BL51 BANKED LINKER/LOCATER V6.22.4.0                                                  06/06/2026  14:59:51  PAGE 33


  C:1AFEH         LINE#         37
  C:1B00H         LINE#         38
  C:1B03H         LINE#         41
  C:1B03H         LINE#         42
  C:1B06H         LINE#         43
  C:1B08H         LINE#         44
  C:1B0BH         LINE#         47
  C:1B0FH         LINE#         48
  C:1B13H         LINE#         49
  C:1B15H         LINE#         50
  C:1B18H         LINE#         51
  -------         ENDPROC       LED_INIT
  -------         PROC          LED_CTL_INIT
  C:2414H         LINE#         53
  C:2414H         LINE#         54
  C:2414H         LINE#         63
  -------         ENDPROC       LED_CTL_INIT
  -------         PROC          LED_YELLOW_ON
  C:2423H         LINE#         66
  C:2423H         LINE#         67
  C:2423H         LINE#         69
  C:2429H         LINE#         71
  C:242FH         LINE#         72
  -------         ENDPROC       LED_YELLOW_ON
  -------         PROC          __LED_YELLOW_RESUME__
  C:2430H         LINE#         75
  C:2430H         LINE#         76
  C:2430H         LINE#         77
  C:2436H         LINE#         78
  C:243CH         LINE#         79
  -------         ENDPROC       __LED_YELLOW_RESUME__
  -------         PROC          LED_YELLOW_OFF
  C:248DH         LINE#         81
  C:248DH         LINE#         82
  C:248DH         LINE#         83
  C:248FH         LINE#         84
  C:2494H         LINE#         85
  -------         ENDPROC       LED_YELLOW_OFF
  -------         PROC          LED_WHITE_ON
  C:243DH         LINE#         87
  C:243DH         LINE#         88
  C:243DH         LINE#         90
  C:2443H         LINE#         92
  C:2449H         LINE#         93
  -------         ENDPROC       LED_WHITE_ON
  -------         PROC          __LED_WHITE_RESUME__
  C:244AH         LINE#         96
  C:244AH         LINE#         97
  C:244AH         LINE#         98
  C:2450H         LINE#         99
  C:2456H         LINE#         100
  -------         ENDPROC       __LED_WHITE_RESUME__
  -------         PROC          LED_WHITE_OFF
  C:2495H         LINE#         102
  C:2495H         LINE#         103
  C:2495H         LINE#         104
  C:2497H         LINE#         105
BL51 BANKED LINKER/LOCATER V6.22.4.0                                                  06/06/2026  14:59:51  PAGE 34


  C:249CH         LINE#         106
  -------         ENDPROC       LED_WHITE_OFF
  -------         PROC          LED_STATUS_SWITCH
  C:20DFH         LINE#         108
  C:20DFH         LINE#         109
  C:20DFH         LINE#         111
  C:20F3H         LINE#         112
  C:20F3H         LINE#         113
  C:20F3H         LINE#         117
  C:20F5H         LINE#         118
  C:20F7H         LINE#         119
  C:20F7H         LINE#         124
  C:20F9H         LINE#         125
  C:20FBH         LINE#         126
  C:20FBH         LINE#         130
  C:20FDH         LINE#         131
  C:20FFH         LINE#         132
  C:20FFH         LINE#         138
  C:2101H         LINE#         139
  C:2103H         LINE#         140
  C:2103H         LINE#         151
  C:2108H         LINE#         152
  C:2108H         LINE#         153
  C:2108H         LINE#         154
[...]
  C:0A91H         LINE#         136
  C:0AAFH         LINE#         137
  C:0AAFH         LINE#         138
  C:0AB2H         LINE#         139
  C:0AB2H         LINE#         141
  C:0AB9H         LINE#         142
  C:0AB9H         LINE#         143
  C:0AB9H         LINE#         144
  C:0AB9H         LINE#         146
  C:0AC8H         LINE#         147
  C:0AC8H         LINE#         148
  C:0ACCH         LINE#         154
  C:0ADAH         LINE#         155
  C:0ADAH         LINE#         156
  C:0AE0H         LINE#         157
  C:0AE2H         LINE#         158
  C:0AF1H         LINE#         159
  C:0AF1H         LINE#         161
  C:0AF6H         LINE#         162
  C:0AF6H         LINE#         163
  C:0AFDH         LINE#         164
  C:0AFDH         LINE#         166
  C:0B03H         LINE#         167
  C:0B03H         LINE#         168
  C:0B07H         LINE#         169
  C:0B16H         LINE#         170
  C:0B16H         LINE#         171
  C:0B1CH         LINE#         172
  C:0B1CH         LINE#         175
  C:0B2BH         LINE#         176
  C:0B2BH         LINE#         177
  C:0B31H         LINE#         179
  C:0B3BH         LINE#         180
BL51 BANKED LINKER/LOCATER V6.22.4.0                                                  06/06/2026  14:59:51  PAGE 50


  C:0B3BH         LINE#         181
  C:0B3CH         LINE#         183
  C:0B3CH         LINE#         184
  C:0B4BH         LINE#         185
  C:0B4BH         LINE#         186
  C:0B52H         LINE#         187
  C:0B52H         LINE#         188
  C:0B52H         LINE#         191
  -------         ENDPROC       DETECT_1KHZ_SIGNAL_100US
  -------         PROC          DETECT_DISCHARGE_1KHZ_SIGNAL_100US
  -------         DO            
  X:6280H         SYMBOL        signal_high_duration
  X:6282H         SYMBOL        signal_low_duration
  X:6284H         SYMBOL        detection_state
  X:6285H         SYMBOL        toggle_count_in_period
  X:6287H         SYMBOL        measurement_period_counter
  X:62B0H         SYMBOL        current_pin_state
  X:6289H         SYMBOL        is_detected_signal
  X:628AH         SYMBOL        detect_discharge_signal_cnt
  X:628BH         SYMBOL        undetect_discharge_signal_cnt
  -------         ENDDO         
  C:0E41H         LINE#         194
  C:0E41H         LINE#         195
  C:0E41H         LINE#         211
  C:0E49H         LINE#         223
  C:0E4FH         LINE#         228
  C:0E63H         LINE#         229
  C:0E63H         LINE#         230
  C:0E63H         LINE#         231
  C:0E6DH         LINE#         232
  C:0E6DH         LINE#         237
  C:0E70H         LINE#         238
  C:0E78H         LINE#         239
  C:0E78H         LINE#         240
  C:0E7BH         LINE#         242
  C:0E7BH         LINE#         243
  C:0E7EH         LINE#         244
  C:0E85H         LINE#         245
  C:0E8CH         LINE#         246
  C:0E8CH         LINE#         247
  C:0E8FH         LINE#         249
  C:0E8FH         LINE#         250
  C:0E96H         LINE#         251
  C:0E96H         LINE#         252
  C:0EA1H         LINE#         253
  C:0EA1H         LINE#         254
  C:0EA7H         LINE#         255
  C:0EA7H         LINE#         257
  C:0EA7H         LINE#         258
  C:0EAAH         LINE#         260
  C:0EAAH         LINE#         261
  C:0EB0H         LINE#         262
  C:0EB3H         LINE#         267
  C:0ED1H         LINE#         268
  C:0ED1H         LINE#         269
  C:0ED7H         LINE#         270
  C:0ED7H         LINE#         271
BL51 BANKED LINKER/LOCATER V6.22.4.0                                                  06/06/2026  14:59:51  PAGE 51


  C:0ED7H         LINE#         272
  C:0ED7H         LINE#         273
  C:0ED9H         LINE#         275
  C:0ED9H         LINE#         276
  C:0EDFH         LINE#         277
  C:0EDFH         LINE#         278
  C:0EE5H         LINE#         279
  C:0EE9H         LINE#         280
  C:0EEBH         LINE#         282
  C:0EEBH         LINE#         283
  C:0EF1H         LINE#         284
  C:0EF4H         LINE#         289
  C:0F12H         LINE#         290
  C:0F12H         LINE#         291
  C:0F18H         LINE#         292
  C:0F18H         LINE#         294
  C:0F1FH         LINE#         295
  C:0F1FH         LINE#         296
  C:0F1FH         LINE#         297
  C:0F1FH         LINE#         299
  C:0F2EH         LINE#         300
  C:0F2EH         LINE#         301
  C:0F32H         LINE#         307
  C:0F40H         LINE#         308
  C:0F40H         LINE#         309
  C:0F46H         LINE#         310
  C:0F48H         LINE#         311
  C:0F57H         LINE#         312
  C:0F57H         LINE#         313
  C:0F5CH         LINE#         314
  C:0F5CH         LINE#         317
  C:0F63H         LINE#         319
  C:0F69H         LINE#         320
  C:0F69H         LINE#         321
  C:0F6EH         LINE#         322
  C:0F74H         LINE#         323
  C:0F7AH         LINE#         324
  C:0F7AH         LINE#         325
  C:0F7CH         LINE#         326
  C:0F81H         LINE#         328
  C:0F81H         LINE#         329
  C:0F82H         LINE#         331
  C:0F82H         LINE#         332
  C:0F87H         LINE#         333
  C:0F8BH         LINE#         334
  C:0F91H         LINE#         335
  C:0F91H         LINE#         336
  C:0F93H         LINE#         337
  C:0F97H         LINE#         339
  C:0F97H         LINE#         340
  C:0F97H         LINE#         341
  C:0F97H         LINE#         342
  -------         ENDPROC       DETECT_DISCHARGE_1KHZ_SIGNAL_100US
  -------         PROC          CHARGE_DET_TIME_ADD
  C:24B8H         LINE#         344
  C:24B8H         LINE#         345
  C:24B8H         LINE#         346
BL51 BANKED LINKER/LOCATER V6.22.4.0                                                  06/06/2026  14:59:51  PAGE 52


  C:24BAH         LINE#         347
  -------         ENDPROC       CHARGE_DET_TIME_ADD
  -------         PROC          CHARGE_DET
  -------         DO            
  X:628CH         SYMBOL        adc_val_of_solar_panel
  X:628EH         SYMBOL        adc_val_of_type_c
  X:6297H         SYMBOL        voltage_mv
  -------         ENDDO         
  C:135DH         LINE#         351
  C:135DH         LINE#         352
  C:135DH         LINE#         355
  C:1364H         LINE#         357
  C:136CH         LINE#         358
  C:136CH         LINE#         359
  C:1371H         LINE#         360
  C:137EH         LINE#         361
  C:137EH         LINE#         363
  C:1386H         LINE#         364
  C:1386H         LINE#         365
  C:138BH         LINE#         366
  C:1398H         LINE#         367
  C:1398H         LINE#         369
  C:139EH         LINE#         370
  C:139EH         LINE#         371
  C:13A0H         LINE#         372
  C:13A0H         LINE#         374
  C:13A0H         LINE#         377
  C:13A0H         LINE#         423
  C:13C0H         LINE#         425
  C:13C8H         LINE#         426
  C:13C8H         LINE#         427
  C:13CDH         LINE#         428
  C:13D3H         LINE#         429
  C:13D8H         LINE#         430
  C:13D8H         LINE#         431
  C:13DAH         LINE#         433
  C:13DFH         LINE#         438
  C:13DFH         LINE#         439
  C:13E1H         LINE#         441
  C:13E1H         LINE#         442
  C:13E6H         LINE#         443
  C:13EAH         LINE#         444
  C:13F0H         LINE#         445
  C:13F0H         LINE#         446
  C:13F2H         LINE#         448
  C:13F6H         LINE#         453
  C:13F6H         LINE#         454
  C:13F6H         LINE#         485
  C:1402H         LINE#         486
  C:1402H         LINE#         487
  C:1408H         LINE#         490
  C:140DH         LINE#         491
  C:1411H         LINE#         492
  C:1412H         LINE#         493
  C:141EH         LINE#         494
  C:141EH         LINE#         495
  C:1422H         LINE#         496
BL51 BANKED LINKER/LOCATER V6.22.4.0                                                  06/06/2026  14:59:51  PAGE 53


  C:1422H         LINE#         513
  -------         ENDPROC       CHARGE_DET
  -------         ENDMOD        CHARGE_DET

  -------         MODULE        LOW_POWER
  C:0000H         SYMBOL        _ICE_DUMMY_
  D:00BAH         PUBLIC        LP_CON
  D:008DH         PUBLIC        LP_WKCON
  D:008EH         PUBLIC        LP_WKPND
  D:00A8H         PUBLIC        IE0
  D:00A9H         PUBLIC        IE1
  D:00AAH         PUBLIC        IE2
  D:00ABH         PUBLIC        IE3
  B:00A8H.7       PUBLIC        IE_EA
  D:00B8H         PUBLIC        IP0
  D:00B1H         PUBLIC        IP1
  D:00B2H         PUBLIC        IP2
  D:00B3H         PUBLIC        IP3
  D:00B4H         PUBLIC        IP4
  D:00B5H         PUBLIC        IP5
  D:00B6H         PUBLIC        IP6
  D:00B7H         PUBLIC        IP7
  D:00D2H         PUBLIC        UART0_CON0
  D:00D1H         PUBLIC        TMR_ALLCON
  D:00ACH         PUBLIC        FLASH_TIMEREG1
  D:0099H         PUBLIC        ADC_CHS0
  C:1647H         PUBLIC        low_power_handle
  C:1FE7H         PUBLIC        low_power_enter_timer_callback
  X:62EDH         SYMBOL        is_low_power_enter_enable
  C:226BH         PUBLIC        is_low_power_condition_establish
  C:0F98H         PUBLIC        low_power_in
  C:1CDCH         PUBLIC        low_power_out
  C:230AH         PUBLIC        WUT_IRQHandler
  -------         PROC          IS_LOW_POWER_CONDITION_ESTABLISH
  C:226BH         LINE#         8
  C:226BH         LINE#         9
  C:226BH         LINE#         15
  C:2288H         LINE#         19
  -------         ENDPROC       IS_LOW_POWER_CONDITION_ESTABLISH
  -------         PROC          LOW_POWER_ENTER_TIMER_CALLBACK
  -------         DO            
  X:62EBH         SYMBOL        cnt
  -------         ENDDO         
  C:1FE7H         LINE#         22
  C:1FE7H         LINE#         23
  C:1FE7H         LINE#         25
  C:1FEDH         LINE#         26
  C:1FEDH         LINE#         27
  C:1FF7H         LINE#         28
  C:2006H         LINE#         29
  C:2006H         LINE#         30
  C:200AH         LINE#         31
  C:200FH         LINE#         32
  C:200FH         LINE#         33
  C:2010H         LINE#         35
  C:2010H         LINE#         36
  C:2017H         LINE#         37
BL51 BANKED LINKER/LOCATER V6.22.4.0                                                  06/06/2026  14:59:51  PAGE 54


  C:201BH         LINE#         38
  C:201BH         LINE#         39
  -------         ENDPROC       LOW_POWER_ENTER_TIMER_CALLBACK
  -------         PROC          LOW_POWER_IN
  C:0F98H         LINE#         41
  C:0F98H         LINE#         42
  C:0F98H         LINE#         47
  C:0F9BH         LINE#         48
  C:0F9EH         LINE#         49
  C:0FA1H         LINE#         50
  C:0FA4H         LINE#         52
  C:0FAAH         LINE#         53
  C:0FB0H         LINE#         55
  C:0FB7H         LINE#         57
  C:0FBAH         LINE#         58
  C:0FC0H         LINE#         60
  C:0FC5H         LINE#         61
  C:0FC8H         LINE#         70
  C:0FCEH         LINE#         71
  C:0FD4H         LINE#         73
  C:0FDAH         LINE#         74
  C:0FE0H         LINE#         77
  C:0FE6H         LINE#         78
  C:0FEAH         LINE#         79
  C:0FF0H         LINE#         82
  C:0FF4H         LINE#         83
  C:0FFAH         LINE#         84
  C:0FFEH         LINE#         85
  C:1003H         LINE#         103
  C:1007H         LINE#         104
  C:100DH         LINE#         107
  C:1012H         LINE#         109
  C:1016H         LINE#         112
  C:101AH         LINE#         113
  C:1020H         LINE#         115
  C:1027H         LINE#         121
  C:102AH         LINE#         130
  C:1030H         LINE#         131
  C:1036H         LINE#         132
  C:103CH         LINE#         133
  C:1042H         LINE#         137
  C:1045H         LINE#         138
  C:1048H         LINE#         139
  C:104BH         LINE#         142
  C:104EH         LINE#         143
  C:1051H         LINE#         145
  C:1054H         LINE#         146
  C:1057H         LINE#         149
  C:105AH         LINE#         150
  C:105DH         LINE#         153
  C:1060H         LINE#         154
  C:1062H         LINE#         157
  C:1069H         LINE#         158
  C:106DH         LINE#         162
  C:1072H         LINE#         163
  C:1079H         LINE#         165
  C:1080H         LINE#         167
BL51 BANKED LINKER/LOCATER V6.22.4.0                                                  06/06/2026  14:59:51  PAGE 55


  C:1087H         LINE#         168
  C:108EH         LINE#         169
  C:1091H         LINE#         171
  C:1098H         LINE#         172
  C:109FH         LINE#         177
  C:10A2H         LINE#         183
  -------         ENDPROC       LOW_POWER_IN
  -------         PROC          LOW_POWER_OUT
  C:1CDCH         LINE#         185
  C:1CDCH         LINE#         186
  C:1CDCH         LINE#         188
  C:1CDFH         LINE#         189
  C:1CE6H         LINE#         190
  C:1CEDH         LINE#         193
  C:1CF0H         LINE#         197
  C:1CF5H         LINE#         198
  C:1CF7H         LINE#         204
  C:1CFEH         LINE#         205
  C:1D03H         LINE#         206
  C:1D0AH         LINE#         208
  C:1D11H         LINE#         209
  C:1D18H         LINE#         211
  C:1D1BH         LINE#         212
  C:1D1EH         LINE#         213
  C:1D25H         LINE#         219
  -------         ENDPROC       LOW_POWER_OUT
  C:16D0H         SYMBOL        L?0106
  -------         PROC          LOW_POWER_HANDLE
  -------         DO            
  X:6297H         SYMBOL        is_back_to_low_power
  D:0006H         SYMBOL        adc_val
  C:165EH         SYMBOL        label_low_power_in
  -------         ENDDO         
  C:1647H         LINE#         221
  C:1647H         LINE#         222
  C:1647H         LINE#         223
  C:164DH         LINE#         226
  C:1657H         LINE#         227
  C:1657H         LINE#         228
  C:165EH         LINE#         229
  C:165EH         LINE#         231
  C:165EH         LINE#         233
  C:165EH         LINE#         238
  C:165EH         LINE#         240
  C:1661H         LINE#         241
  C:1664H         LINE#         249
  C:1667H         LINE#         250
  C:166AH         LINE#         252
  C:166CH         LINE#         253
  C:166CH         LINE#         254
  C:166FH         LINE#         256
  C:1678H         LINE#         257
  C:1678H         LINE#         259
  C:167DH         LINE#         263
  C:167DH         LINE#         265
  C:167FH         LINE#         266
  C:167FH         LINE#         267
BL51 BANKED LINKER/LOCATER V6.22.4.0                                                  06/06/2026  14:59:51  PAGE 56


  C:1682H         LINE#         269
  C:169FH         LINE#         270
  C:169FH         LINE#         271
  C:16A4H         LINE#         275
  C:16A4H         LINE#         298
  C:16A9H         LINE#         299
  C:16A9H         LINE#         300
  C:16AEH         LINE#         304
  C:16B1H         LINE#         305
  C:16B1H         LINE#         307
  C:16B6H         LINE#         308
  C:16B6H         LINE#         309
  C:16B9H         LINE#         311
  C:16BEH         LINE#         316
  C:16BEH         LINE#         318
  C:16C4H         LINE#         319
  C:16C4H         LINE#         323
  C:16C4H         LINE#         324
  C:16C4H         LINE#         327
  C:16C8H         LINE#         328
  C:16CCH         LINE#         329
  C:16CFH         LINE#         330
  -------         ENDPROC       LOW_POWER_HANDLE
  -------         PROC          WUT_IRQHANDLER
  C:230AH         LINE#         333
  C:2310H         LINE#         336
  C:2310H         LINE#         341
  C:2317H         LINE#         342
  C:2317H         LINE#         343
  C:231BH         LINE#         344
  C:231BH         LINE#         347
  C:231BH         LINE#         348
  -------         ENDPROC       WUT_IRQHANDLER
  -------         ENDMOD        LOW_POWER

  -------         MODULE        ?C?COPY
  C:011EH         PUBLIC        ?C?COPY
  -------         ENDMOD        ?C?COPY

  -------         MODULE        ?C?CLDPTR
  C:0144H         PUBLIC        ?C?CLDPTR
  -------         ENDMOD        ?C?CLDPTR

  -------         MODULE        ?C?CLDOPTR
  C:015DH         PUBLIC        ?C?CLDOPTR
  -------         ENDMOD        ?C?CLDOPTR

  -------         MODULE        ?C?CILDOPTR
  C:018AH         PUBLIC        ?C?CILDOPTR
  -------         ENDMOD        ?C?CILDOPTR

  -------         MODULE        ?C?CSTOPTR
  C:01BDH         PUBLIC        ?C?CSTOPTR
  -------         ENDMOD        ?C?CSTOPTR

  -------         MODULE        ?C?UIDIV
  C:01DFH         PUBLIC        ?C?UIDIV
BL51 BANKED LINKER/LOCATER V6.22.4.0                                                  06/06/2026  14:59:51  PAGE 57


  -------         ENDMOD        ?C?UIDIV

  -------         MODULE        ?C?IILDX
  C:0234H         PUBLIC        ?C?IILDX
  -------         ENDMOD        ?C?IILDX

  -------         MODULE        ?C?LADD
  C:024AH         PUBLIC        ?C?LADD
  -------         ENDMOD        ?C?LADD

  -------         MODULE        ?C?ULDIV
  C:0293H         PUBLIC        ?C?ULDIV
  -------         ENDMOD        ?C?ULDIV

  -------         MODULE        ?C?SLCMP
  C:0325H         PUBLIC        ?C?SLCMP
  -------         ENDMOD        ?C?SLCMP

  -------         MODULE        ?C?ULCMP
  C:033BH         PUBLIC        ?C?ULCMP
  -------         ENDMOD        ?C?ULCMP

  -------         MODULE        ?C?LLDXDATA
  C:034CH         PUBLIC        ?C?LLDXDATA
  -------         ENDMOD        ?C?LLDXDATA

  -------         MODULE        ?C?LLDXDATA0
  C:0358H         PUBLIC        ?C?LLDXDATA0
  -------         ENDMOD        ?C?LLDXDATA0

  -------         MODULE        ?C?LSTXDATA
  C:0364H         PUBLIC        ?C?LSTXDATA
  -------         ENDMOD        ?C?LSTXDATA

  -------         MODULE        ?C?LSTKXDATA
  C:0370H         PUBLIC        ?C?LSTKXDATA
  -------         ENDMOD        ?C?LSTKXDATA

  -------         MODULE        ?C?PLDXDATA
  C:03A1H         PUBLIC        ?C?PLDXDATA
  -------         ENDMOD        ?C?PLDXDATA

  -------         MODULE        ?C?PSTXDATA
  C:03AAH         PUBLIC        ?C?PSTXDATA
  -------         ENDMOD        ?C?PSTXDATA

  -------         MODULE        ?C?PLDOPTR
  C:03B3H         PUBLIC        ?C?PLDOPTR
  -------         ENDMOD        ?C?PLDOPTR

  -------         MODULE        ?C?CCASE
  C:03E3H         PUBLIC        ?C?CCASE
  -------         ENDMOD        ?C?CCASE

  -------         MODULE        ?C?ICALL
  C:0409H         PUBLIC        ?C?ICALL
  C:040DH         PUBLIC        ?C?ICALL2
BL51 BANKED LINKER/LOCATER V6.22.4.0                                                  06/06/2026  14:59:51  PAGE 58


  -------         ENDMOD        ?C?ICALL

  -------         MODULE        ?C?LIMUL
  C:040FH         PUBLIC        ?C?LIMUL
  -------         ENDMOD        ?C?LIMUL

  -------         MODULE        ?C?MEMSET
  C:043CH         PUBLIC        ?C?MEMSET
  -------         ENDMOD        ?C?MEMSET

  -------         MODULE        ?C?PLDIDATA
  C:0468H         PUBLIC        ?C?PLDIDATA
  -------         ENDMOD        ?C?PLDIDATA

  -------         MODULE        ?C?PLDPDATA
  C:0471H         PUBLIC        ?C?PLDPDATA
  -------         ENDMOD        ?C?PLDPDATA

  -------         MODULE        ?C?PLDCODE
  C:047AH         PUBLIC        ?C?PLDCODE
  -------         ENDMOD        ?C?PLDCODE

*** WARNING L15: MULTIPLE CALL TO SEGMENT
    SEGMENT: ?PR?_GET_BATTERY_PERCENTAGE_BY_VOLTAGE?BATTERY_MONITOR
    CALLER1: ?C_C51STARTUP
    CALLER2: ?PR?ADC_IRQHANDLER?ADC

Program Size: data=9.5 xdata=753 code=9402
LINK/LOCATE RUN COMPLETE.  1 WARNING(S),  0 ERROR(S)
