C51 COMPILER V9.60.7.0   LOW_POWER                                                         04/02/2026 15:54:21 PAGE 1   


C51 COMPILER V9.60.7.0, COMPILATION OF MODULE LOW_POWER
OBJECT MODULE PLACED IN .\Release\Objects\low_power.obj
COMPILER INVOKED BY: C:\Keil_v5\C51\BIN\C51.EXE ..\..\User\low_power.c LARGE OPTIMIZE(9,SIZE) BROWSE ORDER INTVECTOR(0X0
                    -00C) INCDIR(..\..\Libraries\Include;..\..\User;..\..\driver_on_chip) INTERVAL(3) DEBUG OBJECTEXTEND PRINT(.\Release\List
                    -ings\low_power.lst) OBJECT(.\Release\Objects\low_power.obj)

line level    source

   1          #include "low_power.h"
   2          
   3          #define LOW_POWER_ENTER_TIME_WHEN_POWER_OFF ((u16)2000) // 关机后，多久进入低功耗，单位：ms
   4          
   5          static volatile is_low_power_enter_enable = 0;
   6          
   7          // 判断进入低功耗的条件是否成立
   8          u8 is_low_power_condition_establish(void)
   9          {
  10   1          // 蓝牙ic正在工作、灯光打开、正在充电，返回0，表示不进入低功耗
  11   1          return !(ble_ic.is_working || led_ctl.status != LED_STATUS_OFF || is_in_charging);
  12   1      }
  13          
  14          // 进入低功耗的条件成立，则累加时间，满足时间后进入低功耗
  15          void low_power_enter_timer_callback(void)
  16          {
  17   1          static u16 cnt = 0;
  18   1          if (is_low_power_condition_establish())
  19   1          {
  20   2              cnt++;
  21   2              if (cnt >= LOW_POWER_ENTER_TIME_WHEN_POWER_OFF)
  22   2              {
  23   3                  cnt = 0;
  24   3                  is_low_power_enter_enable = 1;
  25   3              }
  26   2          }
  27   1          else
  28   1          {
  29   2              cnt = 0;
  30   2              is_low_power_enter_enable = 0;
  31   2          }
  32   1      }
  33          
  34          void low_power_in(void)
  35          {
  36   1          __DisableIRQ(TMR1_IRQn);  // 禁止 定时器 1 中断
  37   1          __DisableIRQ(TMR0_IRQn);  // 禁止 定时器 0 中断
  38   1          __DisableIRQ(ADC_IRQn);   // 禁止 ADC 中断
  39   1          __DisableIRQ(UART0_IRQn); // 禁止 串口 0 中断
  40   1      
  41   1          TMR1_CONL &= ~(TMR_MODE_SEL(0x1)); // 不使能计数
  42   1          TMR0_CONL &= ~(TMR_MODE_SEL(0x1)); // 不使能计数
  43   1      
  44   1          // 关闭PWM
  45   1          P30 = 1; // 不点亮 黄灯
  46   1          FOUT_S30 = GPIO_FOUT_AF_FUNC;
  47   1          P27 = 1; // 不点亮 白灯
  48   1          FOUT_S27 = GPIO_FOUT_AF_FUNC;
  49   1          STMR_CNTEN &= ~STMR_0_CNT_EN(0x1); // 不使能 STMR 0
  50   1          STMR_PWMEN &= ~STMR_0_PWM_EN(0x1); // 不使能 PWM输出
  51   1          STMR_CNTEN &= ~STMR_1_CNT_EN(0x1); // 不使能 STMR 1
  52   1          STMR_PWMEN &= ~STMR_1_PWM_EN(0x1); // 不使能 PWM输出
  53   1      
C51 COMPILER V9.60.7.0   LOW_POWER                                                         04/02/2026 15:54:21 PAGE 2   

  54   1          ADC_CFG0 &= ~(ADC_EN(0x01)); // 关闭ADC
  55   1      
  56   1          // 电池电量指示灯、红灯和蓝灯配置：
  57   1      
  58   1          // 关闭串口
  59   1          P2_MD1 |= GPIO_P25_MODE_SEL(0x03); // TX脚配置为 模拟输入
  60   1          P2_MD1 |= GPIO_P26_MODE_SEL(0x03); // RX脚配置为 模拟输入
  61   1          FOUT_S25 = GPIO_FOUT_AF_FUNC;
  62   1          FOUT_S26 = GPIO_FOUT_AF_FUNC;
  63   1          UART0_CON0 &= ~UART_EN(0x01);
  64   1      
  65   1          // ==========================================================
  66   1          // 配置 wake up timer
  67   1          __EnableIRQ(WUT_IRQn);         // 使能WUT中断
  68   1          IE_EA = 1;                     // 使能总中断
  69   1          TMR_ALLCON = WUT_CNT_CLR(0x1); // 清除计数值
  70   1          /*
  71   1              使用64K时钟，64分频，那么1ms计数一次，如果周期值是(1000 - 1)，那么1s产生
             -一次中断
  72   1          */
  73   1          WUT_PRH = TMR_PERIOD_VAL_H(((((u32)64000 / 64 / 100 - 1)) >> 8) & 0xFF); // 周期值
  74   1          WUT_PRL = TMR_PERIOD_VAL_L(((((u32)64000 / 64 / 100 - 1)) >> 0) & 0xFF);
  75   1          WUT_CONH = TMR_PRD_PND(0x1) | TMR_PRD_IRQ_EN(0x1);                           // 使能唤醒定时器
  76   1          WUT_CONL = TMR_SOURCE_SEL(0x7) | TMR_PRESCALE_SEL(0x06) | TMR_MODE_SEL(0x1); // 选择系统时钟，6
             -4分频，计数模式
  77   1      
  78   1          LP_WKPND = LP_WKUP_0_PCLR(0x1);  // 清除唤醒标志位
  79   1          LP_WKCON = (LP_WKUP_0_EDG(0x0) | // 通道0高电平触发唤醒
  80   1                      LP_WKUP_0_EN(0x1));  // 唤醒通道0使能
  81   1      
  82   1          CLK_CON0 &= ~CLK_SYSCLK_SEL(0x3);  // 系统时钟选择rc64k
  83   1          CLK_ACON0 &= ~CLK_AIP_HRC_EN(0x1); // 关闭HRC时钟
  84   1      
  85   1          // P17 = 1; // 用该引脚测试低功耗的时间
  86   1          // =============================================================
  87   1          // 进入Stop低功耗模式
  88   1          LP_CON |= LP_STOP_EN(0x1);
  89   1          // 退出
  90   1          // =============================================================
  91   1          // P17 = 0; // 用该引脚测试低功耗的时间
  92   1      }
  93          
  94          void low_power_out(void)
  95          {
  96   1          // 关闭 wake up timer
  97   1          __DisableIRQ(WUT_IRQn);           // 禁止WUT中断
  98   1          WUT_CONH &= ~TMR_PRD_IRQ_EN(0x1); // 不使能计数中断
  99   1          WUT_CONL &= ~TMR_MODE_SEL(0x1);   // 不使能计数
 100   1      
 101   1          CLK_ACON0 |= CLK_AIP_HRC_EN(0x1); // 使能HRC时钟
 102   1          LP_WKPND |= LP_WKUP_0_PCLR(0x1);  // 清除通道0唤醒标志位
 103   1          CLK_CON0 |= CLK_SYSCLK_SEL(0x3);  // 系统时钟选择hirc_clk
 104   1      
 105   1      #if USER_DEBUG_ENABLE
 106   1          printf("stop out\n");
 107   1      #endif
 108   1      }
 109          
 110          void low_power_handle(void)
 111          {
 112   1          u16 adc_val;
 113   1      
C51 COMPILER V9.60.7.0   LOW_POWER                                                         04/02/2026 15:54:21 PAGE 3   

 114   1          if (is_low_power_enter_enable)
 115   1          {
 116   2              is_low_power_enter_enable = 0;
 117   2          }
 118   1          else
 119   1          {
 120   2              return;
 121   2          }
 122   1      label_low_power_in:
 123   1      
 124   1      #if USER_DEBUG_ENABLE
 125   1          printf("stop in\n");
 126   1      #endif
 127   1      
 128   1          low_power_in();
 129   1          low_power_out();
 130   1          is_sent_low_bat_alert = 0;
 131   1      
 132   1          // USER_TO_DO
 133   1          // 唤醒后，检测有没有按键操作、有没有充电，有则恢复工作，没有则回到低
             -功耗
 134   1          //
 135   1          if (0)
 136   1          {
 137   2              u8 is_back_to_low_power = 1; // 默认从低功耗唤醒后，又返回低功耗
 138   2      
 139   2              // USER_TO_DO 需要使能adc
 140   2      
 141   2              adc_channel_sel(ADC_CHANNEL_SEL_AD_KEY);
 142   2              delay_ms(1);
 143   2              adc_val = adc_get_val_once();
 144   2              // 如果ad值小于ad按键的阈值，说明有按键按下
 145   2              if (adc_val < AD_KEY_INDEX_MAX_VAL)
 146   2              {
 147   3                  // 有按键按下
 148   3                  is_back_to_low_power = 0;
 149   3              }
 150   2      
 151   2              adc_channel_sel(ADC_CHANNEL_SEL_SOLAR_DET);
 152   2              delay_ms(1);
 153   2              adc_val = adc_get_val_once();
 154   2              if (((u32)adc_val * 4096 / 2400 / 2) >= 4500)
 155   2              {
 156   3                  // 如果检测到大于4.5V，认为有太阳能充电
 157   3                  is_back_to_low_power = 0;
 158   3              }
 159   2      
 160   2              // USER_TO_DO 需要检查type-c充电口一侧的电压
 161   2              
 162   2      
 163   2      
 164   2              if (is_back_to_low_power)
 165   2              {
 166   3                  goto label_low_power_in;
 167   3              }
 168   2          }
 169   1      
 170   1          user_init();
 171   1      }
 172          
 173          // wake up timer 中断服务函数
 174          void WUT_IRQHandler(void) interrupt WUT_IRQn
C51 COMPILER V9.60.7.0   LOW_POWER                                                         04/02/2026 15:54:21 PAGE 4   

 175          {
 176   1          // 进入中断设置IP，不可删除
 177   1          __IRQnIPnPush(WUT_IRQn);
 178   1      
 179   1          // ---------------- 用户函数处理 -------------------
 180   1      
 181   1          // 周期中断
 182   1          if (WUT_CONH & TMR_PRD_PND(0x1))
 183   1          {
 184   2              WUT_CONH |= TMR_PRD_PND(0x1); // 清除pending
 185   2          }
 186   1      
 187   1          // 退出中断设置IP，不可删除
 188   1          __IRQnIPnPop(WUT_IRQn);
 189   1      }
*** WARNING C294 IN LINE 137 OF ..\..\User\low_power.c: unreachable code


MODULE INFORMATION:   STATIC OVERLAYABLE
   CODE SIZE        =    326    ----
   CONSTANT SIZE    =     19    ----
   XDATA SIZE       =      4       1
   PDATA SIZE       =   ----    ----
   DATA SIZE        =   ----    ----
   IDATA SIZE       =   ----    ----
   BIT SIZE         =   ----    ----
END OF MODULE INFORMATION.


C51 COMPILATION COMPLETE.  1 WARNING(S),  0 ERROR(S)
