C51 COMPILER V9.60.7.0   TIMER1                                                            03/11/2026 18:17:13 PAGE 1   


C51 COMPILER V9.60.7.0, COMPILATION OF MODULE TIMER1
OBJECT MODULE PLACED IN .\Release\Objects\timer1.obj
COMPILER INVOKED BY: C:\Keil_v5\C51\BIN\C51.EXE ..\..\User\timer1.c LARGE OPTIMIZE(9,SIZE) BROWSE INTVECTOR(0X000C) INCD
                    -IR(..\..\Libraries\Include;..\..\User) INTERVAL(3) DEBUG OBJECTEXTEND PRINT(.\Release\Listings\timer1.lst) OBJECT(.\Rele
                    -ase\Objects\timer1.obj)

line level    source

   1          #include "timer1.h"
   2          #include "user_include.h"
   3          
   4          #define PEROID_VAL (SYSCLK / 1 / 10000 - 1) // 周期值=系统时钟/分频/频率 - 1
   5          
   6          /**
   7           * @brief 配置定时器 TMR 1
   8           */
   9          void timer1_init(void)
  10          {
  11   1          __EnableIRQ(TMR1_IRQn); // 使能 中断
  12   1          IE_EA = 1;              // 使能总中断
  13   1      
  14   1          TMR_ALLCON = TMR1_CNT_CLR(0x1);                        // 清除计数值
  15   1          TMR1_PRH = TMR_PERIOD_VAL_H((PEROID_VAL >> 8) & 0xFF); // 周期值
  16   1          TMR1_PRL = TMR_PERIOD_VAL_L((PEROID_VAL >> 0) & 0xFF);
  17   1          TMR1_CONH = TMR_PRD_PND(0x1) | TMR_PRD_IRQ_EN(0x1); // 计数等于周期时允许发生中断
  18   1          TMR1_CONL = TMR_SOURCE_SEL(0x7) |                   // 选择系统时钟
  19   1                      TMR_PRESCALE_SEL(0x00) |                // 预分频为1
  20   1                      TMR_MODE_SEL(0x1);                      // 计数模式
  21   1      }
  22          
  23          // extern void fun(void);
  24          // 定时器TMR0中断服务函数
  25          void TIMR1_IRQHandler(void) interrupt TMR1_IRQn
  26          {
  27   1          // 进入中断设置IP，不可删除
  28   1          __IRQnIPnPush(TMR1_IRQn);
  29   1      
  30   1          // ---------------- 用户函数处理 -------------------
  31   1          // 周期中断
  32   1          if (TMR1_CONH & TMR_PRD_PND(0x1))
  33   1          {
  34   2              TMR1_CONH |= TMR_PRD_PND(0x1); // 清除pending
  35   2              // USER_DEBUG_PIN_TOGGLE();
  36   2              detect_1khz_signal_100us(); // 新增：每100us调用一次1KHz信号检测函数
  37   2          }
  38   1      
  39   1          // 退出中断设置IP，不可删除
  40   1          __IRQnIPnPop(TMR1_IRQn);
  41   1      }


MODULE INFORMATION:   STATIC OVERLAYABLE
   CODE SIZE        =     96    ----
   CONSTANT SIZE    =   ----    ----
   XDATA SIZE       =   ----    ----
   PDATA SIZE       =   ----    ----
   DATA SIZE        =   ----    ----
   IDATA SIZE       =   ----    ----
   BIT SIZE         =   ----    ----
END OF MODULE INFORMATION.


C51 COMPILATION COMPLETE.  0 WARNING(S),  0 ERROR(S)
